MPLINK 5.08, LINKER
Linker Map File - Created Wed Apr  5 16:06:40 2017

                                 Section Info
                  Section       Type    Address   Location Size(Bytes)
                ---------  ---------  ---------  ---------  ---------
                   .org_0       code   0x000000    program   0x000004
                   .cinit    romdata   0x000004    program   0x000002
                   .org_1       code   0x000008    program   0x000004
                   .org_2       code   0x000018    program   0x00107a
                    .code       code   0x001092    program   0x00053e
.config_300001_BUILD/DEFAULT/PRODUCTION/MAIN.O    romdata   0x300001    program   0x000001
.config_300002_BUILD/DEFAULT/PRODUCTION/MAIN.O    romdata   0x300002    program   0x000001
.config_300003_BUILD/DEFAULT/PRODUCTION/MAIN.O    romdata   0x300003    program   0x000001
.config_300005_BUILD/DEFAULT/PRODUCTION/MAIN.O    romdata   0x300005    program   0x000001
.config_300006_BUILD/DEFAULT/PRODUCTION/MAIN.O    romdata   0x300006    program   0x000001
.config_300008_BUILD/DEFAULT/PRODUCTION/MAIN.O    romdata   0x300008    program   0x000001
.config_300009_BUILD/DEFAULT/PRODUCTION/MAIN.O    romdata   0x300009    program   0x000001
.config_30000A_BUILD/DEFAULT/PRODUCTION/MAIN.O    romdata   0x30000a    program   0x000001
.config_30000B_BUILD/DEFAULT/PRODUCTION/MAIN.O    romdata   0x30000b    program   0x000001
.config_30000C_BUILD/DEFAULT/PRODUCTION/MAIN.O    romdata   0x30000c    program   0x000001
.config_30000D_BUILD/DEFAULT/PRODUCTION/MAIN.O    romdata   0x30000d    program   0x000001
               .udata_acs      udata   0x000060       data   0x000006



                              Program Memory Usage 
                               Start         End      
                           ---------   ---------      
                            0x000000    0x000005      
                            0x000008    0x00000b      
                            0x000018    0x0015cf      
                            0x300001    0x300003      
                            0x300005    0x300006      
                            0x300008    0x30000d      
            5581 out of 66584 program addresses used, program memory utilization is 8%



                              Symbols - Sorted by Name
                     Name    Address   Location    Storage File                     
                ---------  ---------  ---------  --------- ---------                
                CHECK_ACK   0x001560    program     extern /Users/mreiter/Desktop/AER201/botL.X/i2c.asm
               CHECK_DONE   0x0004c0    program     static /Users/mreiter/Desktop/AER201/botL.X/main.asm
               CHECK_NACK   0x001564    program     extern /Users/mreiter/Desktop/AER201/botL.X/i2c.asm
            CHECK_TIMEOUT   0x00044e    program     static /Users/mreiter/Desktop/AER201/botL.X/main.asm
              COLOUR_TEST   0x0003be    program     static /Users/mreiter/Desktop/AER201/botL.X/main.asm
           ClearEEPROM_21   0x000dde    program     static /Users/mreiter/Desktop/AER201/botL.X/main.asm
                ClearNext   0x000de6    program     static /Users/mreiter/Desktop/AER201/botL.X/main.asm
                   ClkLCD   0x00128c    program     extern /Users/mreiter/Desktop/AER201/botL.X/lcd.asm
                   ClrLCD   0x00127e    program     extern /Users/mreiter/Desktop/AER201/botL.X/lcd.asm
                   Cycles   0x000d76    program     static /Users/mreiter/Desktop/AER201/botL.X/main.asm
               DETECTIONS   0x00045e    program     static /Users/mreiter/Desktop/AER201/botL.X/main.asm
              DISPLAY_RTC   0x000b6e    program     static /Users/mreiter/Desktop/AER201/botL.X/main.asm
                DataUSART   0x000cc4    program     static /Users/mreiter/Desktop/AER201/botL.X/main.asm
               Delay200us   0x000d5e    program     static /Users/mreiter/Desktop/AER201/botL.X/main.asm
            Delay44usLoop   0x0012de    program     static /Users/mreiter/Desktop/AER201/botL.X/lcd.asm
                Delay50ms   0x000d6c    program     static /Users/mreiter/Desktop/AER201/botL.X/main.asm
             Delay5msLoop   0x0012ee    program     static /Users/mreiter/Desktop/AER201/botL.X/lcd.asm
                 Delay5us   0x000d50    program     static /Users/mreiter/Desktop/AER201/botL.X/main.asm
                DispOpRTC   0x000fba    program     static /Users/mreiter/Desktop/AER201/botL.X/main.asm
         DispOpRTC_Helper   0x001058    program     static /Users/mreiter/Desktop/AER201/botL.X/main.asm
               DispOpSort   0x000ee2    program     static /Users/mreiter/Desktop/AER201/botL.X/main.asm
           DisplayExeTime   0x000e50    program     static /Users/mreiter/Desktop/AER201/botL.X/main.asm
           EMERGENCY_STOP   0x00001c    program     static /Users/mreiter/Desktop/AER201/botL.X/main.asm
             END_ISR_HIGH   0x0000ea    program     static /Users/mreiter/Desktop/AER201/botL.X/main.asm
              END_ISR_LOW   0x000140    program     static /Users/mreiter/Desktop/AER201/botL.X/main.asm
                EXECUTION   0x0003f2    program     static /Users/mreiter/Desktop/AER201/botL.X/main.asm
                 EXIT_EXE   0x0004fa    program     static /Users/mreiter/Desktop/AER201/botL.X/main.asm
                     Exe1   0x001150    program     static /Users/mreiter/Desktop/AER201/botL.X/main.asm
                     Exe2   0x00115c    program     static /Users/mreiter/Desktop/AER201/botL.X/main.asm
                 HOLD_LOG   0x000566    program     static /Users/mreiter/Desktop/AER201/botL.X/main.asm
            HOLD_LOG_INFO   0x0005c4    program     static /Users/mreiter/Desktop/AER201/botL.X/main.asm
                  HOLD_PC   0x000858    program     static /Users/mreiter/Desktop/AER201/botL.X/main.asm
            HOLD_PERM_LOG   0x00061e    program     static /Users/mreiter/Desktop/AER201/botL.X/main.asm
                HOLD_PLOG   0x000796    program     static /Users/mreiter/Desktop/AER201/botL.X/main.asm
        HOLD_PLOG_DETAILS   0x0007f2    program     static /Users/mreiter/Desktop/AER201/botL.X/main.asm
             HOLD_STANDBY   0x000288    program     static /Users/mreiter/Desktop/AER201/botL.X/main.asm
                  HOLD_UP   0x0015b0    program     static /Users/mreiter/Desktop/AER201/botL.X/i2c.asm
                I2C_ACKDT   0x001560    program     extern /Users/mreiter/Desktop/AER201/botL.X/i2c.asm
           I2C_Master_ACK   0x0015c6    program     extern /Users/mreiter/Desktop/AER201/botL.X/i2c.asm
          I2C_Master_INIT   0x001570    program     extern /Users/mreiter/Desktop/AER201/botL.X/i2c.asm
          I2C_Master_READ   0x0015b8    program     extern /Users/mreiter/Desktop/AER201/botL.X/i2c.asm
        I2C_Master_RSTART   0x00159a    program     extern /Users/mreiter/Desktop/AER201/botL.X/i2c.asm
         I2C_Master_START   0x001592    program     extern /Users/mreiter/Desktop/AER201/botL.X/i2c.asm
          I2C_Master_STOP   0x0015a2    program     extern /Users/mreiter/Desktop/AER201/botL.X/i2c.asm
          I2C_Master_WAIT   0x001582    program     extern /Users/mreiter/Desktop/AER201/botL.X/i2c.asm
         I2C_Master_WRITE   0x0015aa    program     extern /Users/mreiter/Desktop/AER201/botL.X/i2c.asm
                 I2C_temp   0x001560    program     static /Users/mreiter/Desktop/AER201/botL.X/i2c.asm
              INC_ESKACAP   0x0004bc    program     static /Users/mreiter/Desktop/AER201/botL.X/main.asm
            INC_ESKANOCAP   0x0004b8    program     static /Users/mreiter/Desktop/AER201/botL.X/main.asm
               INC_YOPCAP   0x0004b4    program     static /Users/mreiter/Desktop/AER201/botL.X/main.asm
             INC_YOPNOCAP   0x0004b0    program     static /Users/mreiter/Desktop/AER201/botL.X/main.asm
                     INIT   0x00014a    program     static /Users/mreiter/Desktop/AER201/botL.X/main.asm
             INIT_ARDUINO   0x0014c6    program     extern /Users/mreiter/Desktop/AER201/botL.X/i2c_common.asm
                 INIT_RTC   0x0013da    program     extern /Users/mreiter/Desktop/AER201/botL.X/i2c_common.asm
               INIT_USART   0x000cb0    program     static /Users/mreiter/Desktop/AER201/botL.X/main.asm
                 ISR_HIGH   0x000064    program     static /Users/mreiter/Desktop/AER201/botL.X/main.asm
                  ISR_LOW   0x0000f4    program     static /Users/mreiter/Desktop/AER201/botL.X/main.asm
                  InitLCD   0x0011d0    program     extern /Users/mreiter/Desktop/AER201/botL.X/lcd.asm
                   LCD_L1   0x0012aa    program     extern /Users/mreiter/Desktop/AER201/botL.X/lcd.asm
                   LCD_L2   0x0012b2    program     extern /Users/mreiter/Desktop/AER201/botL.X/lcd.asm
                 LLD_LOOP   0x0012c8    program     static /Users/mreiter/Desktop/AER201/botL.X/lcd.asm
            LOAD_EXE_TIME   0x00005a    program     static /Users/mreiter/Desktop/AER201/botL.X/main.asm
        LOAD_STANDBY_TIME   0x000050    program     static /Users/mreiter/Desktop/AER201/botL.X/main.asm
                      LOG   0x000532    program     static /Users/mreiter/Desktop/AER201/botL.X/main.asm
                 LOG_INFO   0x000598    program     static /Users/mreiter/Desktop/AER201/botL.X/main.asm
                     LOOP   0x0015be    program     static /Users/mreiter/Desktop/AER201/botL.X/i2c.asm
                  LOOPING   0x0003c8    program     static /Users/mreiter/Desktop/AER201/botL.X/main.asm
                     Log1   0x0010f2    program     static /Users/mreiter/Desktop/AER201/botL.X/main.asm
                     Log2   0x0010f8    program     static /Users/mreiter/Desktop/AER201/botL.X/main.asm
                 LogInfo1   0x001106    program     static /Users/mreiter/Desktop/AER201/botL.X/main.asm
                 LogInfo2   0x00110e    program     static /Users/mreiter/Desktop/AER201/botL.X/main.asm
                   MovMSB   0x0012ba    program     static /Users/mreiter/Desktop/AER201/botL.X/lcd.asm
                   NoData   0x0011cc    program     static /Users/mreiter/Desktop/AER201/botL.X/main.asm
        NoSkipDispExeTime   0x000e8e    program     static /Users/mreiter/Desktop/AER201/botL.X/main.asm
          NoSkipDispOpRTC   0x000ff6    program     static /Users/mreiter/Desktop/AER201/botL.X/main.asm
         NoSkipDispOpSort   0x000f1e    program     static /Users/mreiter/Desktop/AER201/botL.X/main.asm
                      PC1   0x001164    program     static /Users/mreiter/Desktop/AER201/botL.X/main.asm
                      PC2   0x001188    program     static /Users/mreiter/Desktop/AER201/botL.X/main.asm
               PCComplete   0x0011b8    program     static /Users/mreiter/Desktop/AER201/botL.X/main.asm
               PCTransfer   0x0011a8    program     static /Users/mreiter/Desktop/AER201/botL.X/main.asm
                  PC_MODE   0x00080e    program     static /Users/mreiter/Desktop/AER201/botL.X/main.asm
              PC_TRANSFER   0x00088a    program     static /Users/mreiter/Desktop/AER201/botL.X/main.asm
                 PERM_LOG   0x0005e0    program     static /Users/mreiter/Desktop/AER201/botL.X/main.asm
                     PLOG   0x000700    program     static /Users/mreiter/Desktop/AER201/botL.X/main.asm
             PLOG_DETAILS   0x0007c8    program     static /Users/mreiter/Desktop/AER201/botL.X/main.asm
                 PermLog1   0x001118    program     static /Users/mreiter/Desktop/AER201/botL.X/main.asm
                 PermLog2   0x001128    program     static /Users/mreiter/Desktop/AER201/botL.X/main.asm
             READ_ARDUINO   0x00151e    program     extern /Users/mreiter/Desktop/AER201/botL.X/i2c_common.asm
          READ_COLOUR_I2C   0x00141a    program     extern /Users/mreiter/Desktop/AER201/botL.X/i2c_common.asm
                 READ_KEY   0x000e24    program     static /Users/mreiter/Desktop/AER201/botL.X/main.asm
            READ_KEY_TIME   0x000e38    program     static /Users/mreiter/Desktop/AER201/botL.X/main.asm
           ROTATE_90_TEST   0x000324    program     static /Users/mreiter/Desktop/AER201/botL.X/main.asm
                 RTC_INIT   0x000a34    program     static /Users/mreiter/Desktop/AER201/botL.X/main.asm
                     SAVE   0x0011c2    program     static /Users/mreiter/Desktop/AER201/botL.X/main.asm
            SAVE_EXE_TIME   0x000ab8    program     static /Users/mreiter/Desktop/AER201/botL.X/main.asm
                SAVE_TIME   0x000a42    program     static /Users/mreiter/Desktop/AER201/botL.X/main.asm
                 SET_TIME   0x000c48    program     static /Users/mreiter/Desktop/AER201/botL.X/main.asm
                  STANDBY   0x000238    program     static /Users/mreiter/Desktop/AER201/botL.X/main.asm
                STEP_TEST   0x000312    program     static /Users/mreiter/Desktop/AER201/botL.X/main.asm
                 SaveData   0x0008b6    program     static /Users/mreiter/Desktop/AER201/botL.X/main.asm
                    Shift   0x00129e    program     extern /Users/mreiter/Desktop/AER201/botL.X/lcd.asm
                ShiftLoop   0x0009ce    program     static /Users/mreiter/Desktop/AER201/botL.X/main.asm
          SkipDispExeTime   0x000ee0    program     static /Users/mreiter/Desktop/AER201/botL.X/main.asm
            SkipDispOpRTC   0x001056    program     static /Users/mreiter/Desktop/AER201/botL.X/main.asm
           SkipDispOpSort   0x000fb8    program     static /Users/mreiter/Desktop/AER201/botL.X/main.asm
                  StandBy   0x0010a2    program     static /Users/mreiter/Desktop/AER201/botL.X/main.asm
              StandbyInfo   0x0010ca    program     static /Users/mreiter/Desktop/AER201/botL.X/main.asm
                 TEST_ACK   0x0015ca    program     static /Users/mreiter/Desktop/AER201/botL.X/i2c.asm
                TEST_NACK   0x001568    program     static /Users/mreiter/Desktop/AER201/botL.X/i2c.asm
            TRANSFER_DATA   0x000cde    program     static /Users/mreiter/Desktop/AER201/botL.X/main.asm
            TRANSFER_LOGS   0x000cd4    program     static /Users/mreiter/Desktop/AER201/botL.X/main.asm
                     Team   0x001098    program     static /Users/mreiter/Desktop/AER201/botL.X/main.asm
               USART_LINE   0x000d42    program     static /Users/mreiter/Desktop/AER201/botL.X/main.asm
               USART_WAIT   0x000d38    program     static /Users/mreiter/Desktop/AER201/botL.X/main.asm
                     WAIT   0x001582    program     static /Users/mreiter/Desktop/AER201/botL.X/i2c.asm
            WRITE_ARDUINO   0x0014ea    program     extern /Users/mreiter/Desktop/AER201/botL.X/i2c_common.asm
         WRITE_COLOUR_I2C   0x00147e    program     extern /Users/mreiter/Desktop/AER201/botL.X/i2c_common.asm
                  WR_DATA   0x001244    program     extern /Users/mreiter/Desktop/AER201/botL.X/lcd.asm
                   WR_INS   0x001228    program     extern /Users/mreiter/Desktop/AER201/botL.X/lcd.asm
                  Welcome   0x001092    program     static /Users/mreiter/Desktop/AER201/botL.X/main.asm
              WriteEE_RTC   0x000d80    program     static /Users/mreiter/Desktop/AER201/botL.X/main.asm
                   WrtLCD   0x001268    program     extern /Users/mreiter/Desktop/AER201/botL.X/lcd.asm
              _.code_001C   0x001318    program     static /Users/mreiter/Desktop/AER201/botL.X/i2c_common.asm
              _.code_002A   0x001326    program     static /Users/mreiter/Desktop/AER201/botL.X/i2c_common.asm
              _.code_0032   0x00132e    program     static /Users/mreiter/Desktop/AER201/botL.X/i2c_common.asm
              _.code_0038   0x001334    program     static /Users/mreiter/Desktop/AER201/botL.X/i2c_common.asm
              _.code_0042   0x00133e    program     static /Users/mreiter/Desktop/AER201/botL.X/i2c_common.asm
              _.code_0048   0x001344    program     static /Users/mreiter/Desktop/AER201/botL.X/i2c_common.asm
              _.code_0052   0x00134e    program     static /Users/mreiter/Desktop/AER201/botL.X/i2c_common.asm
              _.code_0058   0x001354    program     static /Users/mreiter/Desktop/AER201/botL.X/i2c_common.asm
              _.code_0060   0x00135c    program     static /Users/mreiter/Desktop/AER201/botL.X/i2c_common.asm
              _.code_006E   0x00136a    program     static /Users/mreiter/Desktop/AER201/botL.X/i2c_common.asm
              _.code_0076   0x001372    program     static /Users/mreiter/Desktop/AER201/botL.X/i2c_common.asm
              _.code_007C   0x001378    program     static /Users/mreiter/Desktop/AER201/botL.X/i2c_common.asm
              _.code_0086   0x001382    program     static /Users/mreiter/Desktop/AER201/botL.X/i2c_common.asm
              _.code_008C   0x001388    program     static /Users/mreiter/Desktop/AER201/botL.X/i2c_common.asm
              _.code_0094   0x001390    program     static /Users/mreiter/Desktop/AER201/botL.X/i2c_common.asm
              _.code_009C   0x001398    program     static /Users/mreiter/Desktop/AER201/botL.X/i2c_common.asm
              _.code_00A2   0x00139e    program     static /Users/mreiter/Desktop/AER201/botL.X/i2c_common.asm
              _.code_00AA   0x0013a6    program     static /Users/mreiter/Desktop/AER201/botL.X/i2c_common.asm
              _.code_00C2   0x0013be    program     static /Users/mreiter/Desktop/AER201/botL.X/i2c_common.asm
              _.code_00C8   0x001298    program     static /Users/mreiter/Desktop/AER201/botL.X/lcd.asm
              _.code_00E6   0x0013e2    program     static /Users/mreiter/Desktop/AER201/botL.X/i2c_common.asm
              _.code_00EE   0x0013ea    program     static /Users/mreiter/Desktop/AER201/botL.X/i2c_common.asm
              _.code_00F4   0x0013f0    program     static /Users/mreiter/Desktop/AER201/botL.X/i2c_common.asm
              _.code_00FC   0x0013f8    program     static /Users/mreiter/Desktop/AER201/botL.X/i2c_common.asm
              _.code_00FE   0x0012ce    program     static /Users/mreiter/Desktop/AER201/botL.X/lcd.asm
              _.code_0102   0x0013fe    program     static /Users/mreiter/Desktop/AER201/botL.X/i2c_common.asm
              _.code_010A   0x001406    program     static /Users/mreiter/Desktop/AER201/botL.X/i2c_common.asm
              _.code_0110   0x00140c    program     static /Users/mreiter/Desktop/AER201/botL.X/i2c_common.asm
              _.code_0118   0x001414    program     static /Users/mreiter/Desktop/AER201/botL.X/i2c_common.asm
              _.code_0126   0x001422    program     static /Users/mreiter/Desktop/AER201/botL.X/i2c_common.asm
              _.code_012E   0x00142a    program     static /Users/mreiter/Desktop/AER201/botL.X/i2c_common.asm
              _.code_0134   0x001430    program     static /Users/mreiter/Desktop/AER201/botL.X/i2c_common.asm
              _.code_0140   0x00143c    program     static /Users/mreiter/Desktop/AER201/botL.X/i2c_common.asm
              _.code_0146   0x001442    program     static /Users/mreiter/Desktop/AER201/botL.X/i2c_common.asm
              _.code_014E   0x00144a    program     static /Users/mreiter/Desktop/AER201/botL.X/i2c_common.asm
              _.code_0156   0x001452    program     static /Users/mreiter/Desktop/AER201/botL.X/i2c_common.asm
              _.code_015C   0x001458    program     static /Users/mreiter/Desktop/AER201/botL.X/i2c_common.asm
              _.code_0164   0x001460    program     static /Users/mreiter/Desktop/AER201/botL.X/i2c_common.asm
              _.code_017C   0x001478    program     static /Users/mreiter/Desktop/AER201/botL.X/i2c_common.asm
              _.code_018A   0x001486    program     static /Users/mreiter/Desktop/AER201/botL.X/i2c_common.asm
              _.code_0192   0x00148e    program     static /Users/mreiter/Desktop/AER201/botL.X/i2c_common.asm
              _.code_0198   0x001494    program     static /Users/mreiter/Desktop/AER201/botL.X/i2c_common.asm
              _.code_01A4   0x0014a0    program     static /Users/mreiter/Desktop/AER201/botL.X/i2c_common.asm
              _.code_01AA   0x0014a6    program     static /Users/mreiter/Desktop/AER201/botL.X/i2c_common.asm
              _.code_01B6   0x0014b2    program     static /Users/mreiter/Desktop/AER201/botL.X/i2c_common.asm
              _.code_01BC   0x0014b8    program     static /Users/mreiter/Desktop/AER201/botL.X/i2c_common.asm
              _.code_01C4   0x0014c0    program     static /Users/mreiter/Desktop/AER201/botL.X/i2c_common.asm
              _.code_01D2   0x0014ce    program     static /Users/mreiter/Desktop/AER201/botL.X/i2c_common.asm
              _.code_01DA   0x0014d6    program     static /Users/mreiter/Desktop/AER201/botL.X/i2c_common.asm
              _.code_01E0   0x0014dc    program     static /Users/mreiter/Desktop/AER201/botL.X/i2c_common.asm
              _.code_01E8   0x0014e4    program     static /Users/mreiter/Desktop/AER201/botL.X/i2c_common.asm
              _.code_01F6   0x0014f2    program     static /Users/mreiter/Desktop/AER201/botL.X/i2c_common.asm
              _.code_01FE   0x0014fa    program     static /Users/mreiter/Desktop/AER201/botL.X/i2c_common.asm
              _.code_0204   0x001500    program     static /Users/mreiter/Desktop/AER201/botL.X/i2c_common.asm
              _.code_020E   0x00150a    program     static /Users/mreiter/Desktop/AER201/botL.X/i2c_common.asm
              _.code_0214   0x001510    program     static /Users/mreiter/Desktop/AER201/botL.X/i2c_common.asm
              _.code_021C   0x001518    program     static /Users/mreiter/Desktop/AER201/botL.X/i2c_common.asm
              _.code_022A   0x001526    program     static /Users/mreiter/Desktop/AER201/botL.X/i2c_common.asm
              _.code_0232   0x00152e    program     static /Users/mreiter/Desktop/AER201/botL.X/i2c_common.asm
              _.code_023A   0x001536    program     static /Users/mreiter/Desktop/AER201/botL.X/i2c_common.asm
              _.code_0240   0x00153c    program     static /Users/mreiter/Desktop/AER201/botL.X/i2c_common.asm
              _.code_0248   0x001544    program     static /Users/mreiter/Desktop/AER201/botL.X/i2c_common.asm
              _.code_025E   0x00155a    program     static /Users/mreiter/Desktop/AER201/botL.X/i2c_common.asm
             _.org_2_08CA   0x0008ca    program     static /Users/mreiter/Desktop/AER201/botL.X/main.asm
             _.org_2_08E2   0x0008e2    program     static /Users/mreiter/Desktop/AER201/botL.X/main.asm
             _.org_2_08FE   0x0008fe    program     static /Users/mreiter/Desktop/AER201/botL.X/main.asm
             _.org_2_0916   0x000916    program     static /Users/mreiter/Desktop/AER201/botL.X/main.asm
             _.org_2_0932   0x000932    program     static /Users/mreiter/Desktop/AER201/botL.X/main.asm
             _.org_2_094A   0x00094a    program     static /Users/mreiter/Desktop/AER201/botL.X/main.asm
             _.org_2_0966   0x000966    program     static /Users/mreiter/Desktop/AER201/botL.X/main.asm
             _.org_2_097E   0x00097e    program     static /Users/mreiter/Desktop/AER201/botL.X/main.asm
             _.org_2_099A   0x00099a    program     static /Users/mreiter/Desktop/AER201/botL.X/main.asm
             _.org_2_09B2   0x0009b2    program     static /Users/mreiter/Desktop/AER201/botL.X/main.asm
             _.org_2_09F4   0x0009f4    program     static /Users/mreiter/Desktop/AER201/botL.X/main.asm
             _.org_2_0A0C   0x000a0c    program     static /Users/mreiter/Desktop/AER201/botL.X/main.asm
             _.org_2_0AD4   0x000ad4    program     static /Users/mreiter/Desktop/AER201/botL.X/main.asm
             _.org_2_0AEC   0x000aec    program     static /Users/mreiter/Desktop/AER201/botL.X/main.asm
             _.org_2_0B10   0x000b10    program     static /Users/mreiter/Desktop/AER201/botL.X/main.asm
             _.org_2_0B28   0x000b28    program     static /Users/mreiter/Desktop/AER201/botL.X/main.asm
             _.org_2_0B4C   0x000b4c    program     static /Users/mreiter/Desktop/AER201/botL.X/main.asm
             _.org_2_0B64   0x000b64    program     static /Users/mreiter/Desktop/AER201/botL.X/main.asm
             _.org_2_0D3C   0x000d3c    program     static /Users/mreiter/Desktop/AER201/botL.X/main.asm
             _.org_2_0D8E   0x000d8e    program     static /Users/mreiter/Desktop/AER201/botL.X/main.asm
             _.org_2_0DA6   0x000da6    program     static /Users/mreiter/Desktop/AER201/botL.X/main.asm
             _.org_2_0DBC   0x000dbc    program     static /Users/mreiter/Desktop/AER201/botL.X/main.asm
             _.org_2_0DD4   0x000dd4    program     static /Users/mreiter/Desktop/AER201/botL.X/main.asm
             _.org_2_0DF4   0x000df4    program     static /Users/mreiter/Desktop/AER201/botL.X/main.asm
             _.org_2_0E0C   0x000e0c    program     static /Users/mreiter/Desktop/AER201/botL.X/main.asm
             _.org_2_0E32   0x000e32    program     static /Users/mreiter/Desktop/AER201/botL.X/main.asm
             _.org_2_0E4A   0x000e4a    program     static /Users/mreiter/Desktop/AER201/botL.X/main.asm
                 _104loop   0x000fe4    program     static /Users/mreiter/Desktop/AER201/botL.X/main.asm
                  _10loop   0x000202    program     static /Users/mreiter/Desktop/AER201/botL.X/main.asm
                  _11loop   0x000220    program     static /Users/mreiter/Desktop/AER201/botL.X/main.asm
                  _12loop   0x00022e    program     static /Users/mreiter/Desktop/AER201/botL.X/main.asm
                  _13loop   0x000256    program     static /Users/mreiter/Desktop/AER201/botL.X/main.asm
                  _14loop   0x000274    program     static /Users/mreiter/Desktop/AER201/botL.X/main.asm
                  _15Exit   0x0002a0    program     static /Users/mreiter/Desktop/AER201/botL.X/main.asm
                  _15Next   0x000294    program     static /Users/mreiter/Desktop/AER201/botL.X/main.asm
                  _16Exit   0x0002b6    program     static /Users/mreiter/Desktop/AER201/botL.X/main.asm
                  _16Next   0x0002aa    program     static /Users/mreiter/Desktop/AER201/botL.X/main.asm
                  _17Exit   0x0002cc    program     static /Users/mreiter/Desktop/AER201/botL.X/main.asm
                  _17Next   0x0002c0    program     static /Users/mreiter/Desktop/AER201/botL.X/main.asm
                  _18Exit   0x0002e2    program     static /Users/mreiter/Desktop/AER201/botL.X/main.asm
                  _18Next   0x0002d6    program     static /Users/mreiter/Desktop/AER201/botL.X/main.asm
                  _19Exit   0x0002f8    program     static /Users/mreiter/Desktop/AER201/botL.X/main.asm
                  _19Next   0x0002ec    program     static /Users/mreiter/Desktop/AER201/botL.X/main.asm
                  _20Exit   0x00030e    program     static /Users/mreiter/Desktop/AER201/botL.X/main.asm
                  _20Next   0x000302    program     static /Users/mreiter/Desktop/AER201/botL.X/main.asm
                  _21loop   0x00031a    program     static /Users/mreiter/Desktop/AER201/botL.X/main.asm
                  _22loop   0x0003cc    program     static /Users/mreiter/Desktop/AER201/botL.X/main.asm
                  _23loop   0x0003e6    program     static /Users/mreiter/Desktop/AER201/botL.X/main.asm
                  _24loop   0x000414    program     static /Users/mreiter/Desktop/AER201/botL.X/main.asm
                  _25loop   0x00047e    program     static /Users/mreiter/Desktop/AER201/botL.X/main.asm
                  _26loop   0x000520    program     static /Users/mreiter/Desktop/AER201/botL.X/main.asm
                  _27loop   0x000548    program     static /Users/mreiter/Desktop/AER201/botL.X/main.asm
                  _28Exit   0x00057e    program     static /Users/mreiter/Desktop/AER201/botL.X/main.asm
                  _28Next   0x000572    program     static /Users/mreiter/Desktop/AER201/botL.X/main.asm
                  _29Exit   0x000594    program     static /Users/mreiter/Desktop/AER201/botL.X/main.asm
                  _29Next   0x000588    program     static /Users/mreiter/Desktop/AER201/botL.X/main.asm
                  _30loop   0x0005b6    program     static /Users/mreiter/Desktop/AER201/botL.X/main.asm
                  _31Exit   0x0005dc    program     static /Users/mreiter/Desktop/AER201/botL.X/main.asm
                  _31Next   0x0005d0    program     static /Users/mreiter/Desktop/AER201/botL.X/main.asm
                  _32loop   0x0005f6    program     static /Users/mreiter/Desktop/AER201/botL.X/main.asm
                  _33loop   0x000614    program     static /Users/mreiter/Desktop/AER201/botL.X/main.asm
                  _34Exit   0x000636    program     static /Users/mreiter/Desktop/AER201/botL.X/main.asm
                  _34Next   0x00062a    program     static /Users/mreiter/Desktop/AER201/botL.X/main.asm
                  _35Exit   0x00064c    program     static /Users/mreiter/Desktop/AER201/botL.X/main.asm
                  _35Next   0x000640    program     static /Users/mreiter/Desktop/AER201/botL.X/main.asm
                  _36Exit   0x000662    program     static /Users/mreiter/Desktop/AER201/botL.X/main.asm
                  _36Next   0x000656    program     static /Users/mreiter/Desktop/AER201/botL.X/main.asm
                  _37Exit   0x000678    program     static /Users/mreiter/Desktop/AER201/botL.X/main.asm
                  _37Next   0x00066c    program     static /Users/mreiter/Desktop/AER201/botL.X/main.asm
                  _38Exit   0x00068e    program     static /Users/mreiter/Desktop/AER201/botL.X/main.asm
                  _38Next   0x000682    program     static /Users/mreiter/Desktop/AER201/botL.X/main.asm
                  _39Exit   0x0006a4    program     static /Users/mreiter/Desktop/AER201/botL.X/main.asm
                  _39Next   0x000698    program     static /Users/mreiter/Desktop/AER201/botL.X/main.asm
                 _3endBCD   0x0000b6    program     static /Users/mreiter/Desktop/AER201/botL.X/main.asm
                   _3ones   0x0000b0    program     static /Users/mreiter/Desktop/AER201/botL.X/main.asm
                  _40Exit   0x0006ba    program     static /Users/mreiter/Desktop/AER201/botL.X/main.asm
                  _40Next   0x0006ae    program     static /Users/mreiter/Desktop/AER201/botL.X/main.asm
                  _41Exit   0x0006d0    program     static /Users/mreiter/Desktop/AER201/botL.X/main.asm
                  _41Next   0x0006c4    program     static /Users/mreiter/Desktop/AER201/botL.X/main.asm
                  _42Exit   0x0006e6    program     static /Users/mreiter/Desktop/AER201/botL.X/main.asm
                  _42Next   0x0006da    program     static /Users/mreiter/Desktop/AER201/botL.X/main.asm
                  _43Exit   0x0006fc    program     static /Users/mreiter/Desktop/AER201/botL.X/main.asm
                  _43Next   0x0006f0    program     static /Users/mreiter/Desktop/AER201/botL.X/main.asm
                  _44loop   0x000716    program     static /Users/mreiter/Desktop/AER201/botL.X/main.asm
                  _47Exit   0x0007ae    program     static /Users/mreiter/Desktop/AER201/botL.X/main.asm
                  _47Next   0x0007a2    program     static /Users/mreiter/Desktop/AER201/botL.X/main.asm
                  _48Exit   0x0007c4    program     static /Users/mreiter/Desktop/AER201/botL.X/main.asm
                  _48Next   0x0007b8    program     static /Users/mreiter/Desktop/AER201/botL.X/main.asm
                  _49loop   0x0007dc    program     static /Users/mreiter/Desktop/AER201/botL.X/main.asm
                 _4endBCD   0x0000e8    program     static /Users/mreiter/Desktop/AER201/botL.X/main.asm
                   _4ones   0x0000e2    program     static /Users/mreiter/Desktop/AER201/botL.X/main.asm
                  _50Exit   0x00080a    program     static /Users/mreiter/Desktop/AER201/botL.X/main.asm
                  _50Next   0x0007fe    program     static /Users/mreiter/Desktop/AER201/botL.X/main.asm
                  _51loop   0x000824    program     static /Users/mreiter/Desktop/AER201/botL.X/main.asm
                  _52loop   0x000842    program     static /Users/mreiter/Desktop/AER201/botL.X/main.asm
                  _53Exit   0x000870    program     static /Users/mreiter/Desktop/AER201/botL.X/main.asm
                  _53Next   0x000864    program     static /Users/mreiter/Desktop/AER201/botL.X/main.asm
                  _54Exit   0x000886    program     static /Users/mreiter/Desktop/AER201/botL.X/main.asm
                  _54Next   0x00087a    program     static /Users/mreiter/Desktop/AER201/botL.X/main.asm
                  _55loop   0x0008a2    program     static /Users/mreiter/Desktop/AER201/botL.X/main.asm
                  _87loop   0x000d1e    program     static /Users/mreiter/Desktop/AER201/botL.X/main.asm
                  _88loop   0x000d2c    program     static /Users/mreiter/Desktop/AER201/botL.X/main.asm
                  _93loop   0x000e7a    program     static /Users/mreiter/Desktop/AER201/botL.X/main.asm
                  _98loop   0x000f0c    program     static /Users/mreiter/Desktop/AER201/botL.X/main.asm
                  _waitl0   0x0013b4    program     static /Users/mreiter/Desktop/AER201/botL.X/i2c_common.asm
                  _waitl1   0x00146e    program     static /Users/mreiter/Desktop/AER201/botL.X/i2c_common.asm
                  _waitl2   0x001550    program     static /Users/mreiter/Desktop/AER201/botL.X/i2c_common.asm
                       d2   0x0012f6    program     static /Users/mreiter/Desktop/AER201/botL.X/lcd.asm
                del_loop0   0x000c4e    program     static /Users/mreiter/Desktop/AER201/botL.X/main.asm
                delay44us   0x0012da    program     extern /Users/mreiter/Desktop/AER201/botL.X/lcd.asm
                 delay5ms   0x0012e6    program     extern /Users/mreiter/Desktop/AER201/botL.X/lcd.asm
               displayNum   0x00073c    program     static /Users/mreiter/Desktop/AER201/botL.X/main.asm
         i2c_common_setup   0x0012fc    program     extern /Users/mreiter/Desktop/AER201/botL.X/i2c_common.asm
             lcdLongDelay   0x0012c4    program     static /Users/mreiter/Desktop/AER201/botL.X/lcd.asm
                loop200us   0x000d62    program     static /Users/mreiter/Desktop/AER201/botL.X/main.asm
                 loop50ms   0x000d70    program     static /Users/mreiter/Desktop/AER201/botL.X/main.asm
                  loop5us   0x000d54    program     static /Users/mreiter/Desktop/AER201/botL.X/main.asm
                 read_rtc   0x001362    program     extern /Users/mreiter/Desktop/AER201/botL.X/i2c_common.asm
              rtc_convert   0x0013c4    program     extern /Users/mreiter/Desktop/AER201/botL.X/i2c_common.asm
                write_rtc   0x00131e    program     extern /Users/mreiter/Desktop/AER201/botL.X/i2c_common.asm
           convert_buffer   0x000065       data     extern /Users/mreiter/Desktop/AER201/botL.X/i2c_common.asm
                 databyte   0x000061       data     extern /Users/mreiter/Desktop/AER201/botL.X/i2c_common.asm
                 datachar   0x000062       data     extern /Users/mreiter/Desktop/AER201/botL.X/i2c_common.asm
               ones_digit   0x000064       data     extern /Users/mreiter/Desktop/AER201/botL.X/i2c_common.asm
               regaddress   0x000060       data     extern /Users/mreiter/Desktop/AER201/botL.X/i2c_common.asm
               tens_digit   0x000063       data     extern /Users/mreiter/Desktop/AER201/botL.X/i2c_common.asm



                              Symbols - Sorted by Address
                     Name    Address   Location    Storage File                     
                ---------  ---------  ---------  --------- ---------                
           EMERGENCY_STOP   0x00001c    program     static /Users/mreiter/Desktop/AER201/botL.X/main.asm
        LOAD_STANDBY_TIME   0x000050    program     static /Users/mreiter/Desktop/AER201/botL.X/main.asm
            LOAD_EXE_TIME   0x00005a    program     static /Users/mreiter/Desktop/AER201/botL.X/main.asm
                 ISR_HIGH   0x000064    program     static /Users/mreiter/Desktop/AER201/botL.X/main.asm
                   _3ones   0x0000b0    program     static /Users/mreiter/Desktop/AER201/botL.X/main.asm
                 _3endBCD   0x0000b6    program     static /Users/mreiter/Desktop/AER201/botL.X/main.asm
                   _4ones   0x0000e2    program     static /Users/mreiter/Desktop/AER201/botL.X/main.asm
                 _4endBCD   0x0000e8    program     static /Users/mreiter/Desktop/AER201/botL.X/main.asm
             END_ISR_HIGH   0x0000ea    program     static /Users/mreiter/Desktop/AER201/botL.X/main.asm
                  ISR_LOW   0x0000f4    program     static /Users/mreiter/Desktop/AER201/botL.X/main.asm
              END_ISR_LOW   0x000140    program     static /Users/mreiter/Desktop/AER201/botL.X/main.asm
                     INIT   0x00014a    program     static /Users/mreiter/Desktop/AER201/botL.X/main.asm
                  _10loop   0x000202    program     static /Users/mreiter/Desktop/AER201/botL.X/main.asm
                  _11loop   0x000220    program     static /Users/mreiter/Desktop/AER201/botL.X/main.asm
                  _12loop   0x00022e    program     static /Users/mreiter/Desktop/AER201/botL.X/main.asm
                  STANDBY   0x000238    program     static /Users/mreiter/Desktop/AER201/botL.X/main.asm
                  _13loop   0x000256    program     static /Users/mreiter/Desktop/AER201/botL.X/main.asm
                  _14loop   0x000274    program     static /Users/mreiter/Desktop/AER201/botL.X/main.asm
             HOLD_STANDBY   0x000288    program     static /Users/mreiter/Desktop/AER201/botL.X/main.asm
                  _15Next   0x000294    program     static /Users/mreiter/Desktop/AER201/botL.X/main.asm
                  _15Exit   0x0002a0    program     static /Users/mreiter/Desktop/AER201/botL.X/main.asm
                  _16Next   0x0002aa    program     static /Users/mreiter/Desktop/AER201/botL.X/main.asm
                  _16Exit   0x0002b6    program     static /Users/mreiter/Desktop/AER201/botL.X/main.asm
                  _17Next   0x0002c0    program     static /Users/mreiter/Desktop/AER201/botL.X/main.asm
                  _17Exit   0x0002cc    program     static /Users/mreiter/Desktop/AER201/botL.X/main.asm
                  _18Next   0x0002d6    program     static /Users/mreiter/Desktop/AER201/botL.X/main.asm
                  _18Exit   0x0002e2    program     static /Users/mreiter/Desktop/AER201/botL.X/main.asm
                  _19Next   0x0002ec    program     static /Users/mreiter/Desktop/AER201/botL.X/main.asm
                  _19Exit   0x0002f8    program     static /Users/mreiter/Desktop/AER201/botL.X/main.asm
                  _20Next   0x000302    program     static /Users/mreiter/Desktop/AER201/botL.X/main.asm
                  _20Exit   0x00030e    program     static /Users/mreiter/Desktop/AER201/botL.X/main.asm
                STEP_TEST   0x000312    program     static /Users/mreiter/Desktop/AER201/botL.X/main.asm
                  _21loop   0x00031a    program     static /Users/mreiter/Desktop/AER201/botL.X/main.asm
           ROTATE_90_TEST   0x000324    program     static /Users/mreiter/Desktop/AER201/botL.X/main.asm
              COLOUR_TEST   0x0003be    program     static /Users/mreiter/Desktop/AER201/botL.X/main.asm
                  LOOPING   0x0003c8    program     static /Users/mreiter/Desktop/AER201/botL.X/main.asm
                  _22loop   0x0003cc    program     static /Users/mreiter/Desktop/AER201/botL.X/main.asm
                  _23loop   0x0003e6    program     static /Users/mreiter/Desktop/AER201/botL.X/main.asm
                EXECUTION   0x0003f2    program     static /Users/mreiter/Desktop/AER201/botL.X/main.asm
                  _24loop   0x000414    program     static /Users/mreiter/Desktop/AER201/botL.X/main.asm
            CHECK_TIMEOUT   0x00044e    program     static /Users/mreiter/Desktop/AER201/botL.X/main.asm
               DETECTIONS   0x00045e    program     static /Users/mreiter/Desktop/AER201/botL.X/main.asm
                  _25loop   0x00047e    program     static /Users/mreiter/Desktop/AER201/botL.X/main.asm
             INC_YOPNOCAP   0x0004b0    program     static /Users/mreiter/Desktop/AER201/botL.X/main.asm
               INC_YOPCAP   0x0004b4    program     static /Users/mreiter/Desktop/AER201/botL.X/main.asm
            INC_ESKANOCAP   0x0004b8    program     static /Users/mreiter/Desktop/AER201/botL.X/main.asm
              INC_ESKACAP   0x0004bc    program     static /Users/mreiter/Desktop/AER201/botL.X/main.asm
               CHECK_DONE   0x0004c0    program     static /Users/mreiter/Desktop/AER201/botL.X/main.asm
                 EXIT_EXE   0x0004fa    program     static /Users/mreiter/Desktop/AER201/botL.X/main.asm
                  _26loop   0x000520    program     static /Users/mreiter/Desktop/AER201/botL.X/main.asm
                      LOG   0x000532    program     static /Users/mreiter/Desktop/AER201/botL.X/main.asm
                  _27loop   0x000548    program     static /Users/mreiter/Desktop/AER201/botL.X/main.asm
                 HOLD_LOG   0x000566    program     static /Users/mreiter/Desktop/AER201/botL.X/main.asm
                  _28Next   0x000572    program     static /Users/mreiter/Desktop/AER201/botL.X/main.asm
                  _28Exit   0x00057e    program     static /Users/mreiter/Desktop/AER201/botL.X/main.asm
                  _29Next   0x000588    program     static /Users/mreiter/Desktop/AER201/botL.X/main.asm
                  _29Exit   0x000594    program     static /Users/mreiter/Desktop/AER201/botL.X/main.asm
                 LOG_INFO   0x000598    program     static /Users/mreiter/Desktop/AER201/botL.X/main.asm
                  _30loop   0x0005b6    program     static /Users/mreiter/Desktop/AER201/botL.X/main.asm
            HOLD_LOG_INFO   0x0005c4    program     static /Users/mreiter/Desktop/AER201/botL.X/main.asm
                  _31Next   0x0005d0    program     static /Users/mreiter/Desktop/AER201/botL.X/main.asm
                  _31Exit   0x0005dc    program     static /Users/mreiter/Desktop/AER201/botL.X/main.asm
                 PERM_LOG   0x0005e0    program     static /Users/mreiter/Desktop/AER201/botL.X/main.asm
                  _32loop   0x0005f6    program     static /Users/mreiter/Desktop/AER201/botL.X/main.asm
                  _33loop   0x000614    program     static /Users/mreiter/Desktop/AER201/botL.X/main.asm
            HOLD_PERM_LOG   0x00061e    program     static /Users/mreiter/Desktop/AER201/botL.X/main.asm
                  _34Next   0x00062a    program     static /Users/mreiter/Desktop/AER201/botL.X/main.asm
                  _34Exit   0x000636    program     static /Users/mreiter/Desktop/AER201/botL.X/main.asm
                  _35Next   0x000640    program     static /Users/mreiter/Desktop/AER201/botL.X/main.asm
                  _35Exit   0x00064c    program     static /Users/mreiter/Desktop/AER201/botL.X/main.asm
                  _36Next   0x000656    program     static /Users/mreiter/Desktop/AER201/botL.X/main.asm
                  _36Exit   0x000662    program     static /Users/mreiter/Desktop/AER201/botL.X/main.asm
                  _37Next   0x00066c    program     static /Users/mreiter/Desktop/AER201/botL.X/main.asm
                  _37Exit   0x000678    program     static /Users/mreiter/Desktop/AER201/botL.X/main.asm
                  _38Next   0x000682    program     static /Users/mreiter/Desktop/AER201/botL.X/main.asm
                  _38Exit   0x00068e    program     static /Users/mreiter/Desktop/AER201/botL.X/main.asm
                  _39Next   0x000698    program     static /Users/mreiter/Desktop/AER201/botL.X/main.asm
                  _39Exit   0x0006a4    program     static /Users/mreiter/Desktop/AER201/botL.X/main.asm
                  _40Next   0x0006ae    program     static /Users/mreiter/Desktop/AER201/botL.X/main.asm
                  _40Exit   0x0006ba    program     static /Users/mreiter/Desktop/AER201/botL.X/main.asm
                  _41Next   0x0006c4    program     static /Users/mreiter/Desktop/AER201/botL.X/main.asm
                  _41Exit   0x0006d0    program     static /Users/mreiter/Desktop/AER201/botL.X/main.asm
                  _42Next   0x0006da    program     static /Users/mreiter/Desktop/AER201/botL.X/main.asm
                  _42Exit   0x0006e6    program     static /Users/mreiter/Desktop/AER201/botL.X/main.asm
                  _43Next   0x0006f0    program     static /Users/mreiter/Desktop/AER201/botL.X/main.asm
                  _43Exit   0x0006fc    program     static /Users/mreiter/Desktop/AER201/botL.X/main.asm
                     PLOG   0x000700    program     static /Users/mreiter/Desktop/AER201/botL.X/main.asm
                  _44loop   0x000716    program     static /Users/mreiter/Desktop/AER201/botL.X/main.asm
               displayNum   0x00073c    program     static /Users/mreiter/Desktop/AER201/botL.X/main.asm
                HOLD_PLOG   0x000796    program     static /Users/mreiter/Desktop/AER201/botL.X/main.asm
                  _47Next   0x0007a2    program     static /Users/mreiter/Desktop/AER201/botL.X/main.asm
                  _47Exit   0x0007ae    program     static /Users/mreiter/Desktop/AER201/botL.X/main.asm
                  _48Next   0x0007b8    program     static /Users/mreiter/Desktop/AER201/botL.X/main.asm
                  _48Exit   0x0007c4    program     static /Users/mreiter/Desktop/AER201/botL.X/main.asm
             PLOG_DETAILS   0x0007c8    program     static /Users/mreiter/Desktop/AER201/botL.X/main.asm
                  _49loop   0x0007dc    program     static /Users/mreiter/Desktop/AER201/botL.X/main.asm
        HOLD_PLOG_DETAILS   0x0007f2    program     static /Users/mreiter/Desktop/AER201/botL.X/main.asm
                  _50Next   0x0007fe    program     static /Users/mreiter/Desktop/AER201/botL.X/main.asm
                  _50Exit   0x00080a    program     static /Users/mreiter/Desktop/AER201/botL.X/main.asm
                  PC_MODE   0x00080e    program     static /Users/mreiter/Desktop/AER201/botL.X/main.asm
                  _51loop   0x000824    program     static /Users/mreiter/Desktop/AER201/botL.X/main.asm
                  _52loop   0x000842    program     static /Users/mreiter/Desktop/AER201/botL.X/main.asm
                  HOLD_PC   0x000858    program     static /Users/mreiter/Desktop/AER201/botL.X/main.asm
                  _53Next   0x000864    program     static /Users/mreiter/Desktop/AER201/botL.X/main.asm
                  _53Exit   0x000870    program     static /Users/mreiter/Desktop/AER201/botL.X/main.asm
                  _54Next   0x00087a    program     static /Users/mreiter/Desktop/AER201/botL.X/main.asm
                  _54Exit   0x000886    program     static /Users/mreiter/Desktop/AER201/botL.X/main.asm
              PC_TRANSFER   0x00088a    program     static /Users/mreiter/Desktop/AER201/botL.X/main.asm
                  _55loop   0x0008a2    program     static /Users/mreiter/Desktop/AER201/botL.X/main.asm
                 SaveData   0x0008b6    program     static /Users/mreiter/Desktop/AER201/botL.X/main.asm
             _.org_2_08CA   0x0008ca    program     static /Users/mreiter/Desktop/AER201/botL.X/main.asm
             _.org_2_08E2   0x0008e2    program     static /Users/mreiter/Desktop/AER201/botL.X/main.asm
             _.org_2_08FE   0x0008fe    program     static /Users/mreiter/Desktop/AER201/botL.X/main.asm
             _.org_2_0916   0x000916    program     static /Users/mreiter/Desktop/AER201/botL.X/main.asm
             _.org_2_0932   0x000932    program     static /Users/mreiter/Desktop/AER201/botL.X/main.asm
             _.org_2_094A   0x00094a    program     static /Users/mreiter/Desktop/AER201/botL.X/main.asm
             _.org_2_0966   0x000966    program     static /Users/mreiter/Desktop/AER201/botL.X/main.asm
             _.org_2_097E   0x00097e    program     static /Users/mreiter/Desktop/AER201/botL.X/main.asm
             _.org_2_099A   0x00099a    program     static /Users/mreiter/Desktop/AER201/botL.X/main.asm
             _.org_2_09B2   0x0009b2    program     static /Users/mreiter/Desktop/AER201/botL.X/main.asm
                ShiftLoop   0x0009ce    program     static /Users/mreiter/Desktop/AER201/botL.X/main.asm
             _.org_2_09F4   0x0009f4    program     static /Users/mreiter/Desktop/AER201/botL.X/main.asm
             _.org_2_0A0C   0x000a0c    program     static /Users/mreiter/Desktop/AER201/botL.X/main.asm
                 RTC_INIT   0x000a34    program     static /Users/mreiter/Desktop/AER201/botL.X/main.asm
                SAVE_TIME   0x000a42    program     static /Users/mreiter/Desktop/AER201/botL.X/main.asm
            SAVE_EXE_TIME   0x000ab8    program     static /Users/mreiter/Desktop/AER201/botL.X/main.asm
             _.org_2_0AD4   0x000ad4    program     static /Users/mreiter/Desktop/AER201/botL.X/main.asm
             _.org_2_0AEC   0x000aec    program     static /Users/mreiter/Desktop/AER201/botL.X/main.asm
             _.org_2_0B10   0x000b10    program     static /Users/mreiter/Desktop/AER201/botL.X/main.asm
             _.org_2_0B28   0x000b28    program     static /Users/mreiter/Desktop/AER201/botL.X/main.asm
             _.org_2_0B4C   0x000b4c    program     static /Users/mreiter/Desktop/AER201/botL.X/main.asm
             _.org_2_0B64   0x000b64    program     static /Users/mreiter/Desktop/AER201/botL.X/main.asm
              DISPLAY_RTC   0x000b6e    program     static /Users/mreiter/Desktop/AER201/botL.X/main.asm
                 SET_TIME   0x000c48    program     static /Users/mreiter/Desktop/AER201/botL.X/main.asm
                del_loop0   0x000c4e    program     static /Users/mreiter/Desktop/AER201/botL.X/main.asm
               INIT_USART   0x000cb0    program     static /Users/mreiter/Desktop/AER201/botL.X/main.asm
                DataUSART   0x000cc4    program     static /Users/mreiter/Desktop/AER201/botL.X/main.asm
            TRANSFER_LOGS   0x000cd4    program     static /Users/mreiter/Desktop/AER201/botL.X/main.asm
            TRANSFER_DATA   0x000cde    program     static /Users/mreiter/Desktop/AER201/botL.X/main.asm
                  _87loop   0x000d1e    program     static /Users/mreiter/Desktop/AER201/botL.X/main.asm
                  _88loop   0x000d2c    program     static /Users/mreiter/Desktop/AER201/botL.X/main.asm
               USART_WAIT   0x000d38    program     static /Users/mreiter/Desktop/AER201/botL.X/main.asm
             _.org_2_0D3C   0x000d3c    program     static /Users/mreiter/Desktop/AER201/botL.X/main.asm
               USART_LINE   0x000d42    program     static /Users/mreiter/Desktop/AER201/botL.X/main.asm
                 Delay5us   0x000d50    program     static /Users/mreiter/Desktop/AER201/botL.X/main.asm
                  loop5us   0x000d54    program     static /Users/mreiter/Desktop/AER201/botL.X/main.asm
               Delay200us   0x000d5e    program     static /Users/mreiter/Desktop/AER201/botL.X/main.asm
                loop200us   0x000d62    program     static /Users/mreiter/Desktop/AER201/botL.X/main.asm
                Delay50ms   0x000d6c    program     static /Users/mreiter/Desktop/AER201/botL.X/main.asm
                 loop50ms   0x000d70    program     static /Users/mreiter/Desktop/AER201/botL.X/main.asm
                   Cycles   0x000d76    program     static /Users/mreiter/Desktop/AER201/botL.X/main.asm
              WriteEE_RTC   0x000d80    program     static /Users/mreiter/Desktop/AER201/botL.X/main.asm
             _.org_2_0D8E   0x000d8e    program     static /Users/mreiter/Desktop/AER201/botL.X/main.asm
             _.org_2_0DA6   0x000da6    program     static /Users/mreiter/Desktop/AER201/botL.X/main.asm
             _.org_2_0DBC   0x000dbc    program     static /Users/mreiter/Desktop/AER201/botL.X/main.asm
             _.org_2_0DD4   0x000dd4    program     static /Users/mreiter/Desktop/AER201/botL.X/main.asm
           ClearEEPROM_21   0x000dde    program     static /Users/mreiter/Desktop/AER201/botL.X/main.asm
                ClearNext   0x000de6    program     static /Users/mreiter/Desktop/AER201/botL.X/main.asm
             _.org_2_0DF4   0x000df4    program     static /Users/mreiter/Desktop/AER201/botL.X/main.asm
             _.org_2_0E0C   0x000e0c    program     static /Users/mreiter/Desktop/AER201/botL.X/main.asm
                 READ_KEY   0x000e24    program     static /Users/mreiter/Desktop/AER201/botL.X/main.asm
             _.org_2_0E32   0x000e32    program     static /Users/mreiter/Desktop/AER201/botL.X/main.asm
            READ_KEY_TIME   0x000e38    program     static /Users/mreiter/Desktop/AER201/botL.X/main.asm
             _.org_2_0E4A   0x000e4a    program     static /Users/mreiter/Desktop/AER201/botL.X/main.asm
           DisplayExeTime   0x000e50    program     static /Users/mreiter/Desktop/AER201/botL.X/main.asm
                  _93loop   0x000e7a    program     static /Users/mreiter/Desktop/AER201/botL.X/main.asm
        NoSkipDispExeTime   0x000e8e    program     static /Users/mreiter/Desktop/AER201/botL.X/main.asm
          SkipDispExeTime   0x000ee0    program     static /Users/mreiter/Desktop/AER201/botL.X/main.asm
               DispOpSort   0x000ee2    program     static /Users/mreiter/Desktop/AER201/botL.X/main.asm
                  _98loop   0x000f0c    program     static /Users/mreiter/Desktop/AER201/botL.X/main.asm
         NoSkipDispOpSort   0x000f1e    program     static /Users/mreiter/Desktop/AER201/botL.X/main.asm
           SkipDispOpSort   0x000fb8    program     static /Users/mreiter/Desktop/AER201/botL.X/main.asm
                DispOpRTC   0x000fba    program     static /Users/mreiter/Desktop/AER201/botL.X/main.asm
                 _104loop   0x000fe4    program     static /Users/mreiter/Desktop/AER201/botL.X/main.asm
          NoSkipDispOpRTC   0x000ff6    program     static /Users/mreiter/Desktop/AER201/botL.X/main.asm
            SkipDispOpRTC   0x001056    program     static /Users/mreiter/Desktop/AER201/botL.X/main.asm
         DispOpRTC_Helper   0x001058    program     static /Users/mreiter/Desktop/AER201/botL.X/main.asm
                  Welcome   0x001092    program     static /Users/mreiter/Desktop/AER201/botL.X/main.asm
                     Team   0x001098    program     static /Users/mreiter/Desktop/AER201/botL.X/main.asm
                  StandBy   0x0010a2    program     static /Users/mreiter/Desktop/AER201/botL.X/main.asm
              StandbyInfo   0x0010ca    program     static /Users/mreiter/Desktop/AER201/botL.X/main.asm
                     Log1   0x0010f2    program     static /Users/mreiter/Desktop/AER201/botL.X/main.asm
                     Log2   0x0010f8    program     static /Users/mreiter/Desktop/AER201/botL.X/main.asm
                 LogInfo1   0x001106    program     static /Users/mreiter/Desktop/AER201/botL.X/main.asm
                 LogInfo2   0x00110e    program     static /Users/mreiter/Desktop/AER201/botL.X/main.asm
                 PermLog1   0x001118    program     static /Users/mreiter/Desktop/AER201/botL.X/main.asm
                 PermLog2   0x001128    program     static /Users/mreiter/Desktop/AER201/botL.X/main.asm
                     Exe1   0x001150    program     static /Users/mreiter/Desktop/AER201/botL.X/main.asm
                     Exe2   0x00115c    program     static /Users/mreiter/Desktop/AER201/botL.X/main.asm
                      PC1   0x001164    program     static /Users/mreiter/Desktop/AER201/botL.X/main.asm
                      PC2   0x001188    program     static /Users/mreiter/Desktop/AER201/botL.X/main.asm
               PCTransfer   0x0011a8    program     static /Users/mreiter/Desktop/AER201/botL.X/main.asm
               PCComplete   0x0011b8    program     static /Users/mreiter/Desktop/AER201/botL.X/main.asm
                     SAVE   0x0011c2    program     static /Users/mreiter/Desktop/AER201/botL.X/main.asm
                   NoData   0x0011cc    program     static /Users/mreiter/Desktop/AER201/botL.X/main.asm
                  InitLCD   0x0011d0    program     extern /Users/mreiter/Desktop/AER201/botL.X/lcd.asm
                   WR_INS   0x001228    program     extern /Users/mreiter/Desktop/AER201/botL.X/lcd.asm
                  WR_DATA   0x001244    program     extern /Users/mreiter/Desktop/AER201/botL.X/lcd.asm
                   WrtLCD   0x001268    program     extern /Users/mreiter/Desktop/AER201/botL.X/lcd.asm
                   ClrLCD   0x00127e    program     extern /Users/mreiter/Desktop/AER201/botL.X/lcd.asm
                   ClkLCD   0x00128c    program     extern /Users/mreiter/Desktop/AER201/botL.X/lcd.asm
              _.code_00C8   0x001298    program     static /Users/mreiter/Desktop/AER201/botL.X/lcd.asm
                    Shift   0x00129e    program     extern /Users/mreiter/Desktop/AER201/botL.X/lcd.asm
                   LCD_L1   0x0012aa    program     extern /Users/mreiter/Desktop/AER201/botL.X/lcd.asm
                   LCD_L2   0x0012b2    program     extern /Users/mreiter/Desktop/AER201/botL.X/lcd.asm
                   MovMSB   0x0012ba    program     static /Users/mreiter/Desktop/AER201/botL.X/lcd.asm
             lcdLongDelay   0x0012c4    program     static /Users/mreiter/Desktop/AER201/botL.X/lcd.asm
                 LLD_LOOP   0x0012c8    program     static /Users/mreiter/Desktop/AER201/botL.X/lcd.asm
              _.code_00FE   0x0012ce    program     static /Users/mreiter/Desktop/AER201/botL.X/lcd.asm
                delay44us   0x0012da    program     extern /Users/mreiter/Desktop/AER201/botL.X/lcd.asm
            Delay44usLoop   0x0012de    program     static /Users/mreiter/Desktop/AER201/botL.X/lcd.asm
                 delay5ms   0x0012e6    program     extern /Users/mreiter/Desktop/AER201/botL.X/lcd.asm
             Delay5msLoop   0x0012ee    program     static /Users/mreiter/Desktop/AER201/botL.X/lcd.asm
                       d2   0x0012f6    program     static /Users/mreiter/Desktop/AER201/botL.X/lcd.asm
         i2c_common_setup   0x0012fc    program     extern /Users/mreiter/Desktop/AER201/botL.X/i2c_common.asm
              _.code_001C   0x001318    program     static /Users/mreiter/Desktop/AER201/botL.X/i2c_common.asm
                write_rtc   0x00131e    program     extern /Users/mreiter/Desktop/AER201/botL.X/i2c_common.asm
              _.code_002A   0x001326    program     static /Users/mreiter/Desktop/AER201/botL.X/i2c_common.asm
              _.code_0032   0x00132e    program     static /Users/mreiter/Desktop/AER201/botL.X/i2c_common.asm
              _.code_0038   0x001334    program     static /Users/mreiter/Desktop/AER201/botL.X/i2c_common.asm
              _.code_0042   0x00133e    program     static /Users/mreiter/Desktop/AER201/botL.X/i2c_common.asm
              _.code_0048   0x001344    program     static /Users/mreiter/Desktop/AER201/botL.X/i2c_common.asm
              _.code_0052   0x00134e    program     static /Users/mreiter/Desktop/AER201/botL.X/i2c_common.asm
              _.code_0058   0x001354    program     static /Users/mreiter/Desktop/AER201/botL.X/i2c_common.asm
              _.code_0060   0x00135c    program     static /Users/mreiter/Desktop/AER201/botL.X/i2c_common.asm
                 read_rtc   0x001362    program     extern /Users/mreiter/Desktop/AER201/botL.X/i2c_common.asm
              _.code_006E   0x00136a    program     static /Users/mreiter/Desktop/AER201/botL.X/i2c_common.asm
              _.code_0076   0x001372    program     static /Users/mreiter/Desktop/AER201/botL.X/i2c_common.asm
              _.code_007C   0x001378    program     static /Users/mreiter/Desktop/AER201/botL.X/i2c_common.asm
              _.code_0086   0x001382    program     static /Users/mreiter/Desktop/AER201/botL.X/i2c_common.asm
              _.code_008C   0x001388    program     static /Users/mreiter/Desktop/AER201/botL.X/i2c_common.asm
              _.code_0094   0x001390    program     static /Users/mreiter/Desktop/AER201/botL.X/i2c_common.asm
              _.code_009C   0x001398    program     static /Users/mreiter/Desktop/AER201/botL.X/i2c_common.asm
              _.code_00A2   0x00139e    program     static /Users/mreiter/Desktop/AER201/botL.X/i2c_common.asm
              _.code_00AA   0x0013a6    program     static /Users/mreiter/Desktop/AER201/botL.X/i2c_common.asm
                  _waitl0   0x0013b4    program     static /Users/mreiter/Desktop/AER201/botL.X/i2c_common.asm
              _.code_00C2   0x0013be    program     static /Users/mreiter/Desktop/AER201/botL.X/i2c_common.asm
              rtc_convert   0x0013c4    program     extern /Users/mreiter/Desktop/AER201/botL.X/i2c_common.asm
                 INIT_RTC   0x0013da    program     extern /Users/mreiter/Desktop/AER201/botL.X/i2c_common.asm
              _.code_00E6   0x0013e2    program     static /Users/mreiter/Desktop/AER201/botL.X/i2c_common.asm
              _.code_00EE   0x0013ea    program     static /Users/mreiter/Desktop/AER201/botL.X/i2c_common.asm
              _.code_00F4   0x0013f0    program     static /Users/mreiter/Desktop/AER201/botL.X/i2c_common.asm
              _.code_00FC   0x0013f8    program     static /Users/mreiter/Desktop/AER201/botL.X/i2c_common.asm
              _.code_0102   0x0013fe    program     static /Users/mreiter/Desktop/AER201/botL.X/i2c_common.asm
              _.code_010A   0x001406    program     static /Users/mreiter/Desktop/AER201/botL.X/i2c_common.asm
              _.code_0110   0x00140c    program     static /Users/mreiter/Desktop/AER201/botL.X/i2c_common.asm
              _.code_0118   0x001414    program     static /Users/mreiter/Desktop/AER201/botL.X/i2c_common.asm
          READ_COLOUR_I2C   0x00141a    program     extern /Users/mreiter/Desktop/AER201/botL.X/i2c_common.asm
              _.code_0126   0x001422    program     static /Users/mreiter/Desktop/AER201/botL.X/i2c_common.asm
              _.code_012E   0x00142a    program     static /Users/mreiter/Desktop/AER201/botL.X/i2c_common.asm
              _.code_0134   0x001430    program     static /Users/mreiter/Desktop/AER201/botL.X/i2c_common.asm
              _.code_0140   0x00143c    program     static /Users/mreiter/Desktop/AER201/botL.X/i2c_common.asm
              _.code_0146   0x001442    program     static /Users/mreiter/Desktop/AER201/botL.X/i2c_common.asm
              _.code_014E   0x00144a    program     static /Users/mreiter/Desktop/AER201/botL.X/i2c_common.asm
              _.code_0156   0x001452    program     static /Users/mreiter/Desktop/AER201/botL.X/i2c_common.asm
              _.code_015C   0x001458    program     static /Users/mreiter/Desktop/AER201/botL.X/i2c_common.asm
              _.code_0164   0x001460    program     static /Users/mreiter/Desktop/AER201/botL.X/i2c_common.asm
                  _waitl1   0x00146e    program     static /Users/mreiter/Desktop/AER201/botL.X/i2c_common.asm
              _.code_017C   0x001478    program     static /Users/mreiter/Desktop/AER201/botL.X/i2c_common.asm
         WRITE_COLOUR_I2C   0x00147e    program     extern /Users/mreiter/Desktop/AER201/botL.X/i2c_common.asm
              _.code_018A   0x001486    program     static /Users/mreiter/Desktop/AER201/botL.X/i2c_common.asm
              _.code_0192   0x00148e    program     static /Users/mreiter/Desktop/AER201/botL.X/i2c_common.asm
              _.code_0198   0x001494    program     static /Users/mreiter/Desktop/AER201/botL.X/i2c_common.asm
              _.code_01A4   0x0014a0    program     static /Users/mreiter/Desktop/AER201/botL.X/i2c_common.asm
              _.code_01AA   0x0014a6    program     static /Users/mreiter/Desktop/AER201/botL.X/i2c_common.asm
              _.code_01B6   0x0014b2    program     static /Users/mreiter/Desktop/AER201/botL.X/i2c_common.asm
              _.code_01BC   0x0014b8    program     static /Users/mreiter/Desktop/AER201/botL.X/i2c_common.asm
              _.code_01C4   0x0014c0    program     static /Users/mreiter/Desktop/AER201/botL.X/i2c_common.asm
             INIT_ARDUINO   0x0014c6    program     extern /Users/mreiter/Desktop/AER201/botL.X/i2c_common.asm
              _.code_01D2   0x0014ce    program     static /Users/mreiter/Desktop/AER201/botL.X/i2c_common.asm
              _.code_01DA   0x0014d6    program     static /Users/mreiter/Desktop/AER201/botL.X/i2c_common.asm
              _.code_01E0   0x0014dc    program     static /Users/mreiter/Desktop/AER201/botL.X/i2c_common.asm
              _.code_01E8   0x0014e4    program     static /Users/mreiter/Desktop/AER201/botL.X/i2c_common.asm
            WRITE_ARDUINO   0x0014ea    program     extern /Users/mreiter/Desktop/AER201/botL.X/i2c_common.asm
              _.code_01F6   0x0014f2    program     static /Users/mreiter/Desktop/AER201/botL.X/i2c_common.asm
              _.code_01FE   0x0014fa    program     static /Users/mreiter/Desktop/AER201/botL.X/i2c_common.asm
              _.code_0204   0x001500    program     static /Users/mreiter/Desktop/AER201/botL.X/i2c_common.asm
              _.code_020E   0x00150a    program     static /Users/mreiter/Desktop/AER201/botL.X/i2c_common.asm
              _.code_0214   0x001510    program     static /Users/mreiter/Desktop/AER201/botL.X/i2c_common.asm
              _.code_021C   0x001518    program     static /Users/mreiter/Desktop/AER201/botL.X/i2c_common.asm
             READ_ARDUINO   0x00151e    program     extern /Users/mreiter/Desktop/AER201/botL.X/i2c_common.asm
              _.code_022A   0x001526    program     static /Users/mreiter/Desktop/AER201/botL.X/i2c_common.asm
              _.code_0232   0x00152e    program     static /Users/mreiter/Desktop/AER201/botL.X/i2c_common.asm
              _.code_023A   0x001536    program     static /Users/mreiter/Desktop/AER201/botL.X/i2c_common.asm
              _.code_0240   0x00153c    program     static /Users/mreiter/Desktop/AER201/botL.X/i2c_common.asm
              _.code_0248   0x001544    program     static /Users/mreiter/Desktop/AER201/botL.X/i2c_common.asm
                  _waitl2   0x001550    program     static /Users/mreiter/Desktop/AER201/botL.X/i2c_common.asm
              _.code_025E   0x00155a    program     static /Users/mreiter/Desktop/AER201/botL.X/i2c_common.asm
                CHECK_ACK   0x001560    program     extern /Users/mreiter/Desktop/AER201/botL.X/i2c.asm
                 I2C_temp   0x001560    program     static /Users/mreiter/Desktop/AER201/botL.X/i2c.asm
                I2C_ACKDT   0x001560    program     extern /Users/mreiter/Desktop/AER201/botL.X/i2c.asm
               CHECK_NACK   0x001564    program     extern /Users/mreiter/Desktop/AER201/botL.X/i2c.asm
                TEST_NACK   0x001568    program     static /Users/mreiter/Desktop/AER201/botL.X/i2c.asm
          I2C_Master_INIT   0x001570    program     extern /Users/mreiter/Desktop/AER201/botL.X/i2c.asm
                     WAIT   0x001582    program     static /Users/mreiter/Desktop/AER201/botL.X/i2c.asm
          I2C_Master_WAIT   0x001582    program     extern /Users/mreiter/Desktop/AER201/botL.X/i2c.asm
         I2C_Master_START   0x001592    program     extern /Users/mreiter/Desktop/AER201/botL.X/i2c.asm
        I2C_Master_RSTART   0x00159a    program     extern /Users/mreiter/Desktop/AER201/botL.X/i2c.asm
          I2C_Master_STOP   0x0015a2    program     extern /Users/mreiter/Desktop/AER201/botL.X/i2c.asm
         I2C_Master_WRITE   0x0015aa    program     extern /Users/mreiter/Desktop/AER201/botL.X/i2c.asm
                  HOLD_UP   0x0015b0    program     static /Users/mreiter/Desktop/AER201/botL.X/i2c.asm
          I2C_Master_READ   0x0015b8    program     extern /Users/mreiter/Desktop/AER201/botL.X/i2c.asm
                     LOOP   0x0015be    program     static /Users/mreiter/Desktop/AER201/botL.X/i2c.asm
           I2C_Master_ACK   0x0015c6    program     extern /Users/mreiter/Desktop/AER201/botL.X/i2c.asm
                 TEST_ACK   0x0015ca    program     static /Users/mreiter/Desktop/AER201/botL.X/i2c.asm
               regaddress   0x000060       data     extern /Users/mreiter/Desktop/AER201/botL.X/i2c_common.asm
                 databyte   0x000061       data     extern /Users/mreiter/Desktop/AER201/botL.X/i2c_common.asm
                 datachar   0x000062       data     extern /Users/mreiter/Desktop/AER201/botL.X/i2c_common.asm
               tens_digit   0x000063       data     extern /Users/mreiter/Desktop/AER201/botL.X/i2c_common.asm
               ones_digit   0x000064       data     extern /Users/mreiter/Desktop/AER201/botL.X/i2c_common.asm
           convert_buffer   0x000065       data     extern /Users/mreiter/Desktop/AER201/botL.X/i2c_common.asm


