MPLINK 5.08, LINKER
Linker Map File - Created Mon Feb 20 15:28:15 2017

                                 Section Info
                  Section       Type    Address   Location Size(Bytes)
                ---------  ---------  ---------  ---------  ---------
                   .org_0       code   0x000000    program   0x000004
                   .cinit    romdata   0x000004    program   0x000002
                   .org_1       code   0x000008    program   0x000004
                   .org_2       code   0x000018    program   0x000d3e
                    .code       code   0x000d56    program   0x0004b0
.config_300001_BUILD/DEFAULT/PRODUCTION/MAIN.O    romdata   0x300001    program   0x000001
.config_300002_BUILD/DEFAULT/PRODUCTION/MAIN.O    romdata   0x300002    program   0x000001
.config_300003_BUILD/DEFAULT/PRODUCTION/MAIN.O    romdata   0x300003    program   0x000001
.config_300005_BUILD/DEFAULT/PRODUCTION/MAIN.O    romdata   0x300005    program   0x000001
.config_300006_BUILD/DEFAULT/PRODUCTION/MAIN.O    romdata   0x300006    program   0x000001
.config_300008_BUILD/DEFAULT/PRODUCTION/MAIN.O    romdata   0x300008    program   0x000001
.config_300009_BUILD/DEFAULT/PRODUCTION/MAIN.O    romdata   0x300009    program   0x000001
.config_30000A_BUILD/DEFAULT/PRODUCTION/MAIN.O    romdata   0x30000a    program   0x000001
.config_30000B_BUILD/DEFAULT/PRODUCTION/MAIN.O    romdata   0x30000b    program   0x000001
.config_30000C_BUILD/DEFAULT/PRODUCTION/MAIN.O    romdata   0x30000c    program   0x000001
.config_30000D_BUILD/DEFAULT/PRODUCTION/MAIN.O    romdata   0x30000d    program   0x000001
                   .udata      udata   0x000080       data   0x00000a



                              Program Memory Usage 
                               Start         End      
                           ---------   ---------      
                            0x000000    0x000005      
                            0x000008    0x00000b      
                            0x000018    0x001205      
                            0x300001    0x300003      
                            0x300005    0x300006      
                            0x300008    0x30000d      
            4611 out of 66584 program addresses used, program memory utilization is 6%



                              Symbols - Sorted by Name
                     Name    Address   Location    Storage File                     
                ---------  ---------  ---------  --------- ---------                
                CHECK_ACK   0x001196    program     extern /Users/mreiter/Desktop/AER201/botL.X/i2c.asm
               CHECK_BLUE   0x000322    program     static /Users/mreiter/Desktop/AER201/botL.X/main.asm
              CHECK_CLEAR   0x000268    program     static /Users/mreiter/Desktop/AER201/botL.X/main.asm
              CHECK_GREEN   0x0002e4    program     static /Users/mreiter/Desktop/AER201/botL.X/main.asm
               CHECK_NACK   0x00119a    program     extern /Users/mreiter/Desktop/AER201/botL.X/i2c.asm
                CHECK_RED   0x0002a6    program     static /Users/mreiter/Desktop/AER201/botL.X/main.asm
              COLOUR_TEST   0x000360    program     static /Users/mreiter/Desktop/AER201/botL.X/main.asm
           ClearEEPROM_21   0x000b90    program     static /Users/mreiter/Desktop/AER201/botL.X/main.asm
                ClearNext   0x000b98    program     static /Users/mreiter/Desktop/AER201/botL.X/main.asm
                   ClkLCD   0x000ee4    program     extern /Users/mreiter/Desktop/AER201/botL.X/lcd.asm
                   ClrLCD   0x000ed6    program     extern /Users/mreiter/Desktop/AER201/botL.X/lcd.asm
                   Cycles   0x000b28    program     static /Users/mreiter/Desktop/AER201/botL.X/main.asm
              DISPLAY_RTC   0x0009d4    program     static /Users/mreiter/Desktop/AER201/botL.X/main.asm
               Delay200us   0x000b10    program     static /Users/mreiter/Desktop/AER201/botL.X/main.asm
            Delay44usLoop   0x000f2a    program     static /Users/mreiter/Desktop/AER201/botL.X/lcd.asm
                Delay50ms   0x000b1e    program     static /Users/mreiter/Desktop/AER201/botL.X/main.asm
             Delay5msLoop   0x000f3a    program     static /Users/mreiter/Desktop/AER201/botL.X/lcd.asm
                 Delay5us   0x000b02    program     static /Users/mreiter/Desktop/AER201/botL.X/main.asm
                DispOpRTC   0x000c78    program     static /Users/mreiter/Desktop/AER201/botL.X/main.asm
         DispOpRTC_Helper   0x000d1c    program     static /Users/mreiter/Desktop/AER201/botL.X/main.asm
              DisplayTime   0x000c06    program     static /Users/mreiter/Desktop/AER201/botL.X/main.asm
             END_ISR_HIGH   0x00008c    program     static /Users/mreiter/Desktop/AER201/botL.X/main.asm
              END_ISR_LOW   0x0000b2    program     static /Users/mreiter/Desktop/AER201/botL.X/main.asm
                EXECUTION   0x0003e8    program     static /Users/mreiter/Desktop/AER201/botL.X/main.asm
                 EXIT_EXE   0x000458    program     static /Users/mreiter/Desktop/AER201/botL.X/main.asm
                     Exe1   0x000db0    program     static /Users/mreiter/Desktop/AER201/botL.X/main.asm
                     Exe2   0x000dbc    program     static /Users/mreiter/Desktop/AER201/botL.X/main.asm
                 HOLD_EXE   0x00043c    program     static /Users/mreiter/Desktop/AER201/botL.X/main.asm
                 HOLD_LOG   0x000612    program     static /Users/mreiter/Desktop/AER201/botL.X/main.asm
            HOLD_LOG_INFO   0x0006e2    program     static /Users/mreiter/Desktop/AER201/botL.X/main.asm
                  HOLD_PC   0x000914    program     static /Users/mreiter/Desktop/AER201/botL.X/main.asm
            HOLD_PERM_LOG   0x00073a    program     static /Users/mreiter/Desktop/AER201/botL.X/main.asm
                HOLD_PLOG   0x0008b0    program     static /Users/mreiter/Desktop/AER201/botL.X/main.asm
             HOLD_STANDBY   0x0001f4    program     static /Users/mreiter/Desktop/AER201/botL.X/main.asm
                  HOLD_UP   0x0011e6    program     static /Users/mreiter/Desktop/AER201/botL.X/i2c.asm
                I2C_ACKDT   0x001196    program     extern /Users/mreiter/Desktop/AER201/botL.X/i2c.asm
           I2C_Master_ACK   0x0011fc    program     extern /Users/mreiter/Desktop/AER201/botL.X/i2c.asm
          I2C_Master_INIT   0x0011a6    program     extern /Users/mreiter/Desktop/AER201/botL.X/i2c.asm
          I2C_Master_READ   0x0011ee    program     extern /Users/mreiter/Desktop/AER201/botL.X/i2c.asm
        I2C_Master_RSTART   0x0011d0    program     extern /Users/mreiter/Desktop/AER201/botL.X/i2c.asm
         I2C_Master_START   0x0011c8    program     extern /Users/mreiter/Desktop/AER201/botL.X/i2c.asm
          I2C_Master_STOP   0x0011d8    program     extern /Users/mreiter/Desktop/AER201/botL.X/i2c.asm
          I2C_Master_WAIT   0x0011b8    program     extern /Users/mreiter/Desktop/AER201/botL.X/i2c.asm
         I2C_Master_WRITE   0x0011e0    program     extern /Users/mreiter/Desktop/AER201/botL.X/i2c.asm
                 I2C_temp   0x001196    program     static /Users/mreiter/Desktop/AER201/botL.X/i2c.asm
                     INIT   0x0000ca    program     static /Users/mreiter/Desktop/AER201/botL.X/main.asm
               INIT_USART   0x000af2    program     static /Users/mreiter/Desktop/AER201/botL.X/main.asm
                 ISR_HIGH   0x00001c    program     static /Users/mreiter/Desktop/AER201/botL.X/main.asm
                  ISR_LOW   0x000096    program     static /Users/mreiter/Desktop/AER201/botL.X/main.asm
                  InitLCD   0x000e2a    program     extern /Users/mreiter/Desktop/AER201/botL.X/lcd.asm
                   LCD_L1   0x000ef6    program     extern /Users/mreiter/Desktop/AER201/botL.X/lcd.asm
                   LCD_L2   0x000efe    program     extern /Users/mreiter/Desktop/AER201/botL.X/lcd.asm
                 LLD_LOOP   0x000f14    program     static /Users/mreiter/Desktop/AER201/botL.X/lcd.asm
                      LOG   0x0005ba    program     static /Users/mreiter/Desktop/AER201/botL.X/main.asm
                 LOG_INFO   0x000644    program     static /Users/mreiter/Desktop/AER201/botL.X/main.asm
                     LOOP   0x0011f4    program     static /Users/mreiter/Desktop/AER201/botL.X/i2c.asm
                  LOOPING   0x000360    program     static /Users/mreiter/Desktop/AER201/botL.X/main.asm
                     Log1   0x000d6e    program     static /Users/mreiter/Desktop/AER201/botL.X/main.asm
                     Log2   0x000d74    program     static /Users/mreiter/Desktop/AER201/botL.X/main.asm
                 LogInfo1   0x000d82    program     static /Users/mreiter/Desktop/AER201/botL.X/main.asm
                 LogInfo2   0x000d8a    program     static /Users/mreiter/Desktop/AER201/botL.X/main.asm
                   MovMSB   0x000f06    program     static /Users/mreiter/Desktop/AER201/botL.X/lcd.asm
                   NoData   0x000e16    program     static /Users/mreiter/Desktop/AER201/botL.X/main.asm
          NoSkipDispOpRTC   0x000cb8    program     static /Users/mreiter/Desktop/AER201/botL.X/main.asm
         NoSkipDispOpTime   0x000c44    program     static /Users/mreiter/Desktop/AER201/botL.X/main.asm
                  Op_Time   0x000df4    program     static /Users/mreiter/Desktop/AER201/botL.X/main.asm
                      PC1   0x000dc4    program     static /Users/mreiter/Desktop/AER201/botL.X/main.asm
                      PC2   0x000dd2    program     static /Users/mreiter/Desktop/AER201/botL.X/main.asm
                   PCLog1   0x000e1a    program     static /Users/mreiter/Desktop/AER201/botL.X/main.asm
               PCTransfer   0x000ddc    program     static /Users/mreiter/Desktop/AER201/botL.X/main.asm
                  PC_MODE   0x0008cc    program     static /Users/mreiter/Desktop/AER201/botL.X/main.asm
              PC_TRANSFER   0x000946    program     static /Users/mreiter/Desktop/AER201/botL.X/main.asm
                 PERM_LOG   0x0006fe    program     static /Users/mreiter/Desktop/AER201/botL.X/main.asm
                     PLOG   0x00081c    program     static /Users/mreiter/Desktop/AER201/botL.X/main.asm
                 PermLog1   0x000d94    program     static /Users/mreiter/Desktop/AER201/botL.X/main.asm
                 PermLog2   0x000da4    program     static /Users/mreiter/Desktop/AER201/botL.X/main.asm
                   RD_END   0x001110    program     static /Users/mreiter/Desktop/AER201/botL.X/i2c_common.asm
               RD_END_RTC   0x001066    program     static /Users/mreiter/Desktop/AER201/botL.X/i2c_common.asm
                  RD_ERR1   0x0010f2    program     static /Users/mreiter/Desktop/AER201/botL.X/i2c_common.asm
              RD_ERR1_RTC   0x001048    program     static /Users/mreiter/Desktop/AER201/botL.X/i2c_common.asm
                  RD_ERR2   0x0010fc    program     static /Users/mreiter/Desktop/AER201/botL.X/i2c_common.asm
              RD_ERR2_RTC   0x001052    program     static /Users/mreiter/Desktop/AER201/botL.X/i2c_common.asm
                  RD_ERR3   0x001106    program     static /Users/mreiter/Desktop/AER201/botL.X/i2c_common.asm
              RD_ERR3_RTC   0x00105c    program     static /Users/mreiter/Desktop/AER201/botL.X/i2c_common.asm
          READ_COLOUR_I2C   0x001084    program     extern /Users/mreiter/Desktop/AER201/botL.X/i2c_common.asm
                 READ_KEY   0x000bd6    program     static /Users/mreiter/Desktop/AER201/botL.X/main.asm
            READ_KEY_TIME   0x000bea    program     static /Users/mreiter/Desktop/AER201/botL.X/main.asm
                 RTC_INIT   0x00096a    program     static /Users/mreiter/Desktop/AER201/botL.X/main.asm
                     SAVE   0x000dfc    program     static /Users/mreiter/Desktop/AER201/botL.X/main.asm
                SAVE_TIME   0x000978    program     static /Users/mreiter/Desktop/AER201/botL.X/main.asm
                 SET_TIME   0x000a8a    program     static /Users/mreiter/Desktop/AER201/botL.X/main.asm
                  STANDBY   0x0001d6    program     static /Users/mreiter/Desktop/AER201/botL.X/main.asm
                   Safety   0x000e06    program     static /Users/mreiter/Desktop/AER201/botL.X/main.asm
                 SaveData   0x0004be    program     static /Users/mreiter/Desktop/AER201/botL.X/main.asm
                ShiftLoop   0x0004f0    program     static /Users/mreiter/Desktop/AER201/botL.X/main.asm
            SkipDispOpRTC   0x000d1a    program     static /Users/mreiter/Desktop/AER201/botL.X/main.asm
           SkipDispOpTime   0x000c76    program     static /Users/mreiter/Desktop/AER201/botL.X/main.asm
                  StandBy   0x000d66    program     static /Users/mreiter/Desktop/AER201/botL.X/main.asm
                  Stopped   0x000dec    program     static /Users/mreiter/Desktop/AER201/botL.X/main.asm
                 TEST_ACK   0x001200    program     static /Users/mreiter/Desktop/AER201/botL.X/i2c.asm
                TEST_NACK   0x00119e    program     static /Users/mreiter/Desktop/AER201/botL.X/i2c.asm
                     Team   0x000d5c    program     static /Users/mreiter/Desktop/AER201/botL.X/main.asm
                     WAIT   0x0011b8    program     static /Users/mreiter/Desktop/AER201/botL.X/i2c.asm
         WRITE_COLOUR_I2C   0x00111a    program     extern /Users/mreiter/Desktop/AER201/botL.X/i2c_common.asm
                  WR_DATA   0x000e9e    program     extern /Users/mreiter/Desktop/AER201/botL.X/lcd.asm
                   WR_END   0x00118c    program     static /Users/mreiter/Desktop/AER201/botL.X/i2c_common.asm
               WR_END_RTC   0x000fd4    program     static /Users/mreiter/Desktop/AER201/botL.X/i2c_common.asm
                  WR_ERR1   0x00116c    program     static /Users/mreiter/Desktop/AER201/botL.X/i2c_common.asm
              WR_ERR1_RTC   0x000fb4    program     static /Users/mreiter/Desktop/AER201/botL.X/i2c_common.asm
                  WR_ERR2   0x001176    program     static /Users/mreiter/Desktop/AER201/botL.X/i2c_common.asm
              WR_ERR2_RTC   0x000fbe    program     static /Users/mreiter/Desktop/AER201/botL.X/i2c_common.asm
                  WR_ERR3   0x001182    program     static /Users/mreiter/Desktop/AER201/botL.X/i2c_common.asm
              WR_ERR3_RTC   0x000fca    program     static /Users/mreiter/Desktop/AER201/botL.X/i2c_common.asm
                   WR_INS   0x000e82    program     extern /Users/mreiter/Desktop/AER201/botL.X/lcd.asm
                  Welcome   0x000d56    program     static /Users/mreiter/Desktop/AER201/botL.X/main.asm
              WriteEE_RTC   0x000b32    program     static /Users/mreiter/Desktop/AER201/botL.X/main.asm
                   WrtLCD   0x000ec0    program     extern /Users/mreiter/Desktop/AER201/botL.X/lcd.asm
              _.code_001A   0x000f62    program     static /Users/mreiter/Desktop/AER201/botL.X/i2c_common.asm
              _.code_0028   0x000f70    program     static /Users/mreiter/Desktop/AER201/botL.X/i2c_common.asm
              _.code_0030   0x000f78    program     static /Users/mreiter/Desktop/AER201/botL.X/i2c_common.asm
              _.code_0036   0x000f7e    program     static /Users/mreiter/Desktop/AER201/botL.X/i2c_common.asm
              _.code_0044   0x000f8c    program     static /Users/mreiter/Desktop/AER201/botL.X/i2c_common.asm
              _.code_004A   0x000f92    program     static /Users/mreiter/Desktop/AER201/botL.X/i2c_common.asm
              _.code_0058   0x000fa0    program     static /Users/mreiter/Desktop/AER201/botL.X/i2c_common.asm
              _.code_005E   0x000fa6    program     static /Users/mreiter/Desktop/AER201/botL.X/i2c_common.asm
              _.code_0090   0x000fd8    program     static /Users/mreiter/Desktop/AER201/botL.X/i2c_common.asm
              _.code_009E   0x000fe6    program     static /Users/mreiter/Desktop/AER201/botL.X/i2c_common.asm
              _.code_00A6   0x000fee    program     static /Users/mreiter/Desktop/AER201/botL.X/i2c_common.asm
              _.code_00AC   0x000ff4    program     static /Users/mreiter/Desktop/AER201/botL.X/i2c_common.asm
              _.code_00BA   0x001002    program     static /Users/mreiter/Desktop/AER201/botL.X/i2c_common.asm
              _.code_00C0   0x001008    program     static /Users/mreiter/Desktop/AER201/botL.X/i2c_common.asm
              _.code_00C6   0x000ef0    program     static /Users/mreiter/Desktop/AER201/botL.X/lcd.asm
              _.code_00CE   0x001016    program     static /Users/mreiter/Desktop/AER201/botL.X/i2c_common.asm
              _.code_00D6   0x00101e    program     static /Users/mreiter/Desktop/AER201/botL.X/i2c_common.asm
              _.code_00DC   0x001024    program     static /Users/mreiter/Desktop/AER201/botL.X/i2c_common.asm
              _.code_00EA   0x001032    program     static /Users/mreiter/Desktop/AER201/botL.X/i2c_common.asm
              _.code_00F0   0x000f1a    program     static /Users/mreiter/Desktop/AER201/botL.X/lcd.asm
              _.code_0122   0x00106a    program     static /Users/mreiter/Desktop/AER201/botL.X/i2c_common.asm
              _.code_0144   0x00108c    program     static /Users/mreiter/Desktop/AER201/botL.X/i2c_common.asm
              _.code_014C   0x001094    program     static /Users/mreiter/Desktop/AER201/botL.X/i2c_common.asm
              _.code_0152   0x00109a    program     static /Users/mreiter/Desktop/AER201/botL.X/i2c_common.asm
              _.code_0164   0x0010ac    program     static /Users/mreiter/Desktop/AER201/botL.X/i2c_common.asm
              _.code_016A   0x0010b2    program     static /Users/mreiter/Desktop/AER201/botL.X/i2c_common.asm
              _.code_0178   0x0010c0    program     static /Users/mreiter/Desktop/AER201/botL.X/i2c_common.asm
              _.code_0180   0x0010c8    program     static /Users/mreiter/Desktop/AER201/botL.X/i2c_common.asm
              _.code_0186   0x0010ce    program     static /Users/mreiter/Desktop/AER201/botL.X/i2c_common.asm
              _.code_0194   0x0010dc    program     static /Users/mreiter/Desktop/AER201/botL.X/i2c_common.asm
              _.code_01CC   0x001114    program     static /Users/mreiter/Desktop/AER201/botL.X/i2c_common.asm
              _.code_01DA   0x001122    program     static /Users/mreiter/Desktop/AER201/botL.X/i2c_common.asm
              _.code_01E2   0x00112a    program     static /Users/mreiter/Desktop/AER201/botL.X/i2c_common.asm
              _.code_01E8   0x001130    program     static /Users/mreiter/Desktop/AER201/botL.X/i2c_common.asm
              _.code_01FA   0x001142    program     static /Users/mreiter/Desktop/AER201/botL.X/i2c_common.asm
              _.code_0200   0x001148    program     static /Users/mreiter/Desktop/AER201/botL.X/i2c_common.asm
              _.code_0210   0x001158    program     static /Users/mreiter/Desktop/AER201/botL.X/i2c_common.asm
              _.code_0216   0x00115e    program     static /Users/mreiter/Desktop/AER201/botL.X/i2c_common.asm
              _.code_0248   0x001190    program     static /Users/mreiter/Desktop/AER201/botL.X/i2c_common.asm
             _.org_2_0466   0x000466    program     static /Users/mreiter/Desktop/AER201/botL.X/main.asm
             _.org_2_047E   0x00047e    program     static /Users/mreiter/Desktop/AER201/botL.X/main.asm
             _.org_2_0494   0x000494    program     static /Users/mreiter/Desktop/AER201/botL.X/main.asm
             _.org_2_04AC   0x0004ac    program     static /Users/mreiter/Desktop/AER201/botL.X/main.asm
             _.org_2_0516   0x000516    program     static /Users/mreiter/Desktop/AER201/botL.X/main.asm
             _.org_2_052E   0x00052e    program     static /Users/mreiter/Desktop/AER201/botL.X/main.asm
             _.org_2_0568   0x000568    program     static /Users/mreiter/Desktop/AER201/botL.X/main.asm
             _.org_2_0580   0x000580    program     static /Users/mreiter/Desktop/AER201/botL.X/main.asm
             _.org_2_0596   0x000596    program     static /Users/mreiter/Desktop/AER201/botL.X/main.asm
             _.org_2_05AE   0x0005ae    program     static /Users/mreiter/Desktop/AER201/botL.X/main.asm
             _.org_2_0B40   0x000b40    program     static /Users/mreiter/Desktop/AER201/botL.X/main.asm
             _.org_2_0B58   0x000b58    program     static /Users/mreiter/Desktop/AER201/botL.X/main.asm
             _.org_2_0B6E   0x000b6e    program     static /Users/mreiter/Desktop/AER201/botL.X/main.asm
             _.org_2_0B86   0x000b86    program     static /Users/mreiter/Desktop/AER201/botL.X/main.asm
             _.org_2_0BA6   0x000ba6    program     static /Users/mreiter/Desktop/AER201/botL.X/main.asm
             _.org_2_0BBE   0x000bbe    program     static /Users/mreiter/Desktop/AER201/botL.X/main.asm
             _.org_2_0BE4   0x000be4    program     static /Users/mreiter/Desktop/AER201/botL.X/main.asm
             _.org_2_0C00   0x000c00    program     static /Users/mreiter/Desktop/AER201/botL.X/main.asm
                 _110loop   0x000c30    program     static /Users/mreiter/Desktop/AER201/botL.X/main.asm
                 _112loop   0x000ca6    program     static /Users/mreiter/Desktop/AER201/botL.X/main.asm
                  _13loop   0x0001a0    program     static /Users/mreiter/Desktop/AER201/botL.X/main.asm
                  _14loop   0x0001be    program     static /Users/mreiter/Desktop/AER201/botL.X/main.asm
                  _15loop   0x0001cc    program     static /Users/mreiter/Desktop/AER201/botL.X/main.asm
                  _16loop   0x0001ea    program     static /Users/mreiter/Desktop/AER201/botL.X/main.asm
                  _17Exit   0x00020c    program     static /Users/mreiter/Desktop/AER201/botL.X/main.asm
                  _17Next   0x000200    program     static /Users/mreiter/Desktop/AER201/botL.X/main.asm
                  _18Exit   0x000222    program     static /Users/mreiter/Desktop/AER201/botL.X/main.asm
                  _18Next   0x000216    program     static /Users/mreiter/Desktop/AER201/botL.X/main.asm
                  _19Exit   0x000238    program     static /Users/mreiter/Desktop/AER201/botL.X/main.asm
                  _19Next   0x00022c    program     static /Users/mreiter/Desktop/AER201/botL.X/main.asm
                  _20Exit   0x00024e    program     static /Users/mreiter/Desktop/AER201/botL.X/main.asm
                  _20Next   0x000242    program     static /Users/mreiter/Desktop/AER201/botL.X/main.asm
                  _21Exit   0x000264    program     static /Users/mreiter/Desktop/AER201/botL.X/main.asm
                  _21Next   0x000258    program     static /Users/mreiter/Desktop/AER201/botL.X/main.asm
               _22RESULTS   0x000276    program     static /Users/mreiter/Desktop/AER201/botL.X/main.asm
               _23RESULTS   0x000288    program     static /Users/mreiter/Desktop/AER201/botL.X/main.asm
               _24RESULTS   0x00029a    program     static /Users/mreiter/Desktop/AER201/botL.X/main.asm
               _25RESULTS   0x0002b4    program     static /Users/mreiter/Desktop/AER201/botL.X/main.asm
               _26RESULTS   0x0002c6    program     static /Users/mreiter/Desktop/AER201/botL.X/main.asm
               _27RESULTS   0x0002d8    program     static /Users/mreiter/Desktop/AER201/botL.X/main.asm
               _28RESULTS   0x0002f2    program     static /Users/mreiter/Desktop/AER201/botL.X/main.asm
               _29RESULTS   0x000304    program     static /Users/mreiter/Desktop/AER201/botL.X/main.asm
                 _2endBCD   0x000058    program     static /Users/mreiter/Desktop/AER201/botL.X/main.asm
                   _2ones   0x000052    program     static /Users/mreiter/Desktop/AER201/botL.X/main.asm
               _30RESULTS   0x000316    program     static /Users/mreiter/Desktop/AER201/botL.X/main.asm
               _31RESULTS   0x000330    program     static /Users/mreiter/Desktop/AER201/botL.X/main.asm
               _32RESULTS   0x000342    program     static /Users/mreiter/Desktop/AER201/botL.X/main.asm
               _33RESULTS   0x000354    program     static /Users/mreiter/Desktop/AER201/botL.X/main.asm
                  _34loop   0x000364    program     static /Users/mreiter/Desktop/AER201/botL.X/main.asm
                 _3endBCD   0x00008a    program     static /Users/mreiter/Desktop/AER201/botL.X/main.asm
                   _3ones   0x000084    program     static /Users/mreiter/Desktop/AER201/botL.X/main.asm
                  _44loop   0x000402    program     static /Users/mreiter/Desktop/AER201/botL.X/main.asm
                  _45loop   0x000420    program     static /Users/mreiter/Desktop/AER201/botL.X/main.asm
                  _46Exit   0x000454    program     static /Users/mreiter/Desktop/AER201/botL.X/main.asm
                  _46Next   0x000448    program     static /Users/mreiter/Desktop/AER201/botL.X/main.asm
                  _49loop   0x0004d2    program     static /Users/mreiter/Desktop/AER201/botL.X/main.asm
                  _54loop   0x0005ce    program     static /Users/mreiter/Desktop/AER201/botL.X/main.asm
                  _57Exit   0x00062a    program     static /Users/mreiter/Desktop/AER201/botL.X/main.asm
                  _57Next   0x00061e    program     static /Users/mreiter/Desktop/AER201/botL.X/main.asm
                  _58Exit   0x000640    program     static /Users/mreiter/Desktop/AER201/botL.X/main.asm
                  _58Next   0x000634    program     static /Users/mreiter/Desktop/AER201/botL.X/main.asm
                  _59loop   0x000658    program     static /Users/mreiter/Desktop/AER201/botL.X/main.asm
                  _60loop   0x000676    program     static /Users/mreiter/Desktop/AER201/botL.X/main.asm
                 _61Again   0x0006c0    program     static /Users/mreiter/Desktop/AER201/botL.X/main.asm
                _61Finish   0x0006e2    program     static /Users/mreiter/Desktop/AER201/botL.X/main.asm
                  _63loop   0x0006b2    program     static /Users/mreiter/Desktop/AER201/botL.X/main.asm
                  _65Exit   0x0006fa    program     static /Users/mreiter/Desktop/AER201/botL.X/main.asm
                  _65Next   0x0006ee    program     static /Users/mreiter/Desktop/AER201/botL.X/main.asm
                  _66loop   0x000712    program     static /Users/mreiter/Desktop/AER201/botL.X/main.asm
                  _67loop   0x000730    program     static /Users/mreiter/Desktop/AER201/botL.X/main.asm
                  _68Exit   0x000752    program     static /Users/mreiter/Desktop/AER201/botL.X/main.asm
                  _68Next   0x000746    program     static /Users/mreiter/Desktop/AER201/botL.X/main.asm
                  _69Exit   0x000768    program     static /Users/mreiter/Desktop/AER201/botL.X/main.asm
                  _69Next   0x00075c    program     static /Users/mreiter/Desktop/AER201/botL.X/main.asm
                  _70Exit   0x00077e    program     static /Users/mreiter/Desktop/AER201/botL.X/main.asm
                  _70Next   0x000772    program     static /Users/mreiter/Desktop/AER201/botL.X/main.asm
                  _71Exit   0x000794    program     static /Users/mreiter/Desktop/AER201/botL.X/main.asm
                  _71Next   0x000788    program     static /Users/mreiter/Desktop/AER201/botL.X/main.asm
                  _72Exit   0x0007aa    program     static /Users/mreiter/Desktop/AER201/botL.X/main.asm
                  _72Next   0x00079e    program     static /Users/mreiter/Desktop/AER201/botL.X/main.asm
                  _73Exit   0x0007c0    program     static /Users/mreiter/Desktop/AER201/botL.X/main.asm
                  _73Next   0x0007b4    program     static /Users/mreiter/Desktop/AER201/botL.X/main.asm
                  _74Exit   0x0007d6    program     static /Users/mreiter/Desktop/AER201/botL.X/main.asm
                  _74Next   0x0007ca    program     static /Users/mreiter/Desktop/AER201/botL.X/main.asm
                  _75Exit   0x0007ec    program     static /Users/mreiter/Desktop/AER201/botL.X/main.asm
                  _75Next   0x0007e0    program     static /Users/mreiter/Desktop/AER201/botL.X/main.asm
                  _76Exit   0x000802    program     static /Users/mreiter/Desktop/AER201/botL.X/main.asm
                  _76Next   0x0007f6    program     static /Users/mreiter/Desktop/AER201/botL.X/main.asm
                  _77Exit   0x000818    program     static /Users/mreiter/Desktop/AER201/botL.X/main.asm
                  _77Next   0x00080c    program     static /Users/mreiter/Desktop/AER201/botL.X/main.asm
                  _78loop   0x000830    program     static /Users/mreiter/Desktop/AER201/botL.X/main.asm
                  _81Exit   0x0008c8    program     static /Users/mreiter/Desktop/AER201/botL.X/main.asm
                  _81Next   0x0008bc    program     static /Users/mreiter/Desktop/AER201/botL.X/main.asm
                  _82loop   0x0008e0    program     static /Users/mreiter/Desktop/AER201/botL.X/main.asm
                  _83loop   0x0008fe    program     static /Users/mreiter/Desktop/AER201/botL.X/main.asm
                  _84Exit   0x00092c    program     static /Users/mreiter/Desktop/AER201/botL.X/main.asm
                  _84Next   0x000920    program     static /Users/mreiter/Desktop/AER201/botL.X/main.asm
                  _85Exit   0x000942    program     static /Users/mreiter/Desktop/AER201/botL.X/main.asm
                  _85Next   0x000936    program     static /Users/mreiter/Desktop/AER201/botL.X/main.asm
                  _86loop   0x00095c    program     static /Users/mreiter/Desktop/AER201/botL.X/main.asm
                  _waitl0   0x00103e    program     static /Users/mreiter/Desktop/AER201/botL.X/i2c_common.asm
                  _waitl1   0x0010e8    program     static /Users/mreiter/Desktop/AER201/botL.X/i2c_common.asm
                       d2   0x000f42    program     static /Users/mreiter/Desktop/AER201/botL.X/lcd.asm
                del_loop0   0x000a90    program     static /Users/mreiter/Desktop/AER201/botL.X/main.asm
                delay44us   0x000f26    program     static /Users/mreiter/Desktop/AER201/botL.X/lcd.asm
                 delay5ms   0x000f32    program     extern /Users/mreiter/Desktop/AER201/botL.X/lcd.asm
               displayNum   0x000856    program     static /Users/mreiter/Desktop/AER201/botL.X/main.asm
         i2c_common_setup   0x000f48    program     extern /Users/mreiter/Desktop/AER201/botL.X/i2c_common.asm
             lcdLongDelay   0x000f10    program     static /Users/mreiter/Desktop/AER201/botL.X/lcd.asm
                loop200us   0x000b14    program     static /Users/mreiter/Desktop/AER201/botL.X/main.asm
                 loop50ms   0x000b22    program     static /Users/mreiter/Desktop/AER201/botL.X/main.asm
                  loop5us   0x000b06    program     static /Users/mreiter/Desktop/AER201/botL.X/main.asm
                 read_rtc   0x000fde    program     extern /Users/mreiter/Desktop/AER201/botL.X/i2c_common.asm
              rtc_convert   0x001070    program     extern /Users/mreiter/Desktop/AER201/botL.X/i2c_common.asm
                write_rtc   0x000f68    program     extern /Users/mreiter/Desktop/AER201/botL.X/i2c_common.asm
           convert_buffer   0x000087       data     extern /Users/mreiter/Desktop/AER201/botL.X/i2c_common.asm
                 d200us_C   0x000089       data     extern /Users/mreiter/Desktop/AER201/botL.X/i2c_common.asm
                  d50ms_C   0x000088       data     extern /Users/mreiter/Desktop/AER201/botL.X/i2c_common.asm
             data_colourH   0x000084       data     extern /Users/mreiter/Desktop/AER201/botL.X/i2c_common.asm
             data_colourL   0x000083       data     extern /Users/mreiter/Desktop/AER201/botL.X/i2c_common.asm
                 databyte   0x000081       data     extern /Users/mreiter/Desktop/AER201/botL.X/i2c_common.asm
                 datachar   0x000082       data     extern /Users/mreiter/Desktop/AER201/botL.X/i2c_common.asm
               ones_digit   0x000086       data     extern /Users/mreiter/Desktop/AER201/botL.X/i2c_common.asm
               regaddress   0x000080       data     extern /Users/mreiter/Desktop/AER201/botL.X/i2c_common.asm
               tens_digit   0x000085       data     extern /Users/mreiter/Desktop/AER201/botL.X/i2c_common.asm



                              Symbols - Sorted by Address
                     Name    Address   Location    Storage File                     
                ---------  ---------  ---------  --------- ---------                
                 ISR_HIGH   0x00001c    program     static /Users/mreiter/Desktop/AER201/botL.X/main.asm
                   _2ones   0x000052    program     static /Users/mreiter/Desktop/AER201/botL.X/main.asm
                 _2endBCD   0x000058    program     static /Users/mreiter/Desktop/AER201/botL.X/main.asm
                   _3ones   0x000084    program     static /Users/mreiter/Desktop/AER201/botL.X/main.asm
                 _3endBCD   0x00008a    program     static /Users/mreiter/Desktop/AER201/botL.X/main.asm
             END_ISR_HIGH   0x00008c    program     static /Users/mreiter/Desktop/AER201/botL.X/main.asm
                  ISR_LOW   0x000096    program     static /Users/mreiter/Desktop/AER201/botL.X/main.asm
              END_ISR_LOW   0x0000b2    program     static /Users/mreiter/Desktop/AER201/botL.X/main.asm
                     INIT   0x0000ca    program     static /Users/mreiter/Desktop/AER201/botL.X/main.asm
                  _13loop   0x0001a0    program     static /Users/mreiter/Desktop/AER201/botL.X/main.asm
                  _14loop   0x0001be    program     static /Users/mreiter/Desktop/AER201/botL.X/main.asm
                  _15loop   0x0001cc    program     static /Users/mreiter/Desktop/AER201/botL.X/main.asm
                  STANDBY   0x0001d6    program     static /Users/mreiter/Desktop/AER201/botL.X/main.asm
                  _16loop   0x0001ea    program     static /Users/mreiter/Desktop/AER201/botL.X/main.asm
             HOLD_STANDBY   0x0001f4    program     static /Users/mreiter/Desktop/AER201/botL.X/main.asm
                  _17Next   0x000200    program     static /Users/mreiter/Desktop/AER201/botL.X/main.asm
                  _17Exit   0x00020c    program     static /Users/mreiter/Desktop/AER201/botL.X/main.asm
                  _18Next   0x000216    program     static /Users/mreiter/Desktop/AER201/botL.X/main.asm
                  _18Exit   0x000222    program     static /Users/mreiter/Desktop/AER201/botL.X/main.asm
                  _19Next   0x00022c    program     static /Users/mreiter/Desktop/AER201/botL.X/main.asm
                  _19Exit   0x000238    program     static /Users/mreiter/Desktop/AER201/botL.X/main.asm
                  _20Next   0x000242    program     static /Users/mreiter/Desktop/AER201/botL.X/main.asm
                  _20Exit   0x00024e    program     static /Users/mreiter/Desktop/AER201/botL.X/main.asm
                  _21Next   0x000258    program     static /Users/mreiter/Desktop/AER201/botL.X/main.asm
                  _21Exit   0x000264    program     static /Users/mreiter/Desktop/AER201/botL.X/main.asm
              CHECK_CLEAR   0x000268    program     static /Users/mreiter/Desktop/AER201/botL.X/main.asm
               _22RESULTS   0x000276    program     static /Users/mreiter/Desktop/AER201/botL.X/main.asm
               _23RESULTS   0x000288    program     static /Users/mreiter/Desktop/AER201/botL.X/main.asm
               _24RESULTS   0x00029a    program     static /Users/mreiter/Desktop/AER201/botL.X/main.asm
                CHECK_RED   0x0002a6    program     static /Users/mreiter/Desktop/AER201/botL.X/main.asm
               _25RESULTS   0x0002b4    program     static /Users/mreiter/Desktop/AER201/botL.X/main.asm
               _26RESULTS   0x0002c6    program     static /Users/mreiter/Desktop/AER201/botL.X/main.asm
               _27RESULTS   0x0002d8    program     static /Users/mreiter/Desktop/AER201/botL.X/main.asm
              CHECK_GREEN   0x0002e4    program     static /Users/mreiter/Desktop/AER201/botL.X/main.asm
               _28RESULTS   0x0002f2    program     static /Users/mreiter/Desktop/AER201/botL.X/main.asm
               _29RESULTS   0x000304    program     static /Users/mreiter/Desktop/AER201/botL.X/main.asm
               _30RESULTS   0x000316    program     static /Users/mreiter/Desktop/AER201/botL.X/main.asm
               CHECK_BLUE   0x000322    program     static /Users/mreiter/Desktop/AER201/botL.X/main.asm
               _31RESULTS   0x000330    program     static /Users/mreiter/Desktop/AER201/botL.X/main.asm
               _32RESULTS   0x000342    program     static /Users/mreiter/Desktop/AER201/botL.X/main.asm
               _33RESULTS   0x000354    program     static /Users/mreiter/Desktop/AER201/botL.X/main.asm
                  LOOPING   0x000360    program     static /Users/mreiter/Desktop/AER201/botL.X/main.asm
              COLOUR_TEST   0x000360    program     static /Users/mreiter/Desktop/AER201/botL.X/main.asm
                  _34loop   0x000364    program     static /Users/mreiter/Desktop/AER201/botL.X/main.asm
                EXECUTION   0x0003e8    program     static /Users/mreiter/Desktop/AER201/botL.X/main.asm
                  _44loop   0x000402    program     static /Users/mreiter/Desktop/AER201/botL.X/main.asm
                  _45loop   0x000420    program     static /Users/mreiter/Desktop/AER201/botL.X/main.asm
                 HOLD_EXE   0x00043c    program     static /Users/mreiter/Desktop/AER201/botL.X/main.asm
                  _46Next   0x000448    program     static /Users/mreiter/Desktop/AER201/botL.X/main.asm
                  _46Exit   0x000454    program     static /Users/mreiter/Desktop/AER201/botL.X/main.asm
                 EXIT_EXE   0x000458    program     static /Users/mreiter/Desktop/AER201/botL.X/main.asm
             _.org_2_0466   0x000466    program     static /Users/mreiter/Desktop/AER201/botL.X/main.asm
             _.org_2_047E   0x00047e    program     static /Users/mreiter/Desktop/AER201/botL.X/main.asm
             _.org_2_0494   0x000494    program     static /Users/mreiter/Desktop/AER201/botL.X/main.asm
             _.org_2_04AC   0x0004ac    program     static /Users/mreiter/Desktop/AER201/botL.X/main.asm
                 SaveData   0x0004be    program     static /Users/mreiter/Desktop/AER201/botL.X/main.asm
                  _49loop   0x0004d2    program     static /Users/mreiter/Desktop/AER201/botL.X/main.asm
                ShiftLoop   0x0004f0    program     static /Users/mreiter/Desktop/AER201/botL.X/main.asm
             _.org_2_0516   0x000516    program     static /Users/mreiter/Desktop/AER201/botL.X/main.asm
             _.org_2_052E   0x00052e    program     static /Users/mreiter/Desktop/AER201/botL.X/main.asm
             _.org_2_0568   0x000568    program     static /Users/mreiter/Desktop/AER201/botL.X/main.asm
             _.org_2_0580   0x000580    program     static /Users/mreiter/Desktop/AER201/botL.X/main.asm
             _.org_2_0596   0x000596    program     static /Users/mreiter/Desktop/AER201/botL.X/main.asm
             _.org_2_05AE   0x0005ae    program     static /Users/mreiter/Desktop/AER201/botL.X/main.asm
                      LOG   0x0005ba    program     static /Users/mreiter/Desktop/AER201/botL.X/main.asm
                  _54loop   0x0005ce    program     static /Users/mreiter/Desktop/AER201/botL.X/main.asm
                 HOLD_LOG   0x000612    program     static /Users/mreiter/Desktop/AER201/botL.X/main.asm
                  _57Next   0x00061e    program     static /Users/mreiter/Desktop/AER201/botL.X/main.asm
                  _57Exit   0x00062a    program     static /Users/mreiter/Desktop/AER201/botL.X/main.asm
                  _58Next   0x000634    program     static /Users/mreiter/Desktop/AER201/botL.X/main.asm
                  _58Exit   0x000640    program     static /Users/mreiter/Desktop/AER201/botL.X/main.asm
                 LOG_INFO   0x000644    program     static /Users/mreiter/Desktop/AER201/botL.X/main.asm
                  _59loop   0x000658    program     static /Users/mreiter/Desktop/AER201/botL.X/main.asm
                  _60loop   0x000676    program     static /Users/mreiter/Desktop/AER201/botL.X/main.asm
                  _63loop   0x0006b2    program     static /Users/mreiter/Desktop/AER201/botL.X/main.asm
                 _61Again   0x0006c0    program     static /Users/mreiter/Desktop/AER201/botL.X/main.asm
                _61Finish   0x0006e2    program     static /Users/mreiter/Desktop/AER201/botL.X/main.asm
            HOLD_LOG_INFO   0x0006e2    program     static /Users/mreiter/Desktop/AER201/botL.X/main.asm
                  _65Next   0x0006ee    program     static /Users/mreiter/Desktop/AER201/botL.X/main.asm
                  _65Exit   0x0006fa    program     static /Users/mreiter/Desktop/AER201/botL.X/main.asm
                 PERM_LOG   0x0006fe    program     static /Users/mreiter/Desktop/AER201/botL.X/main.asm
                  _66loop   0x000712    program     static /Users/mreiter/Desktop/AER201/botL.X/main.asm
                  _67loop   0x000730    program     static /Users/mreiter/Desktop/AER201/botL.X/main.asm
            HOLD_PERM_LOG   0x00073a    program     static /Users/mreiter/Desktop/AER201/botL.X/main.asm
                  _68Next   0x000746    program     static /Users/mreiter/Desktop/AER201/botL.X/main.asm
                  _68Exit   0x000752    program     static /Users/mreiter/Desktop/AER201/botL.X/main.asm
                  _69Next   0x00075c    program     static /Users/mreiter/Desktop/AER201/botL.X/main.asm
                  _69Exit   0x000768    program     static /Users/mreiter/Desktop/AER201/botL.X/main.asm
                  _70Next   0x000772    program     static /Users/mreiter/Desktop/AER201/botL.X/main.asm
                  _70Exit   0x00077e    program     static /Users/mreiter/Desktop/AER201/botL.X/main.asm
                  _71Next   0x000788    program     static /Users/mreiter/Desktop/AER201/botL.X/main.asm
                  _71Exit   0x000794    program     static /Users/mreiter/Desktop/AER201/botL.X/main.asm
                  _72Next   0x00079e    program     static /Users/mreiter/Desktop/AER201/botL.X/main.asm
                  _72Exit   0x0007aa    program     static /Users/mreiter/Desktop/AER201/botL.X/main.asm
                  _73Next   0x0007b4    program     static /Users/mreiter/Desktop/AER201/botL.X/main.asm
                  _73Exit   0x0007c0    program     static /Users/mreiter/Desktop/AER201/botL.X/main.asm
                  _74Next   0x0007ca    program     static /Users/mreiter/Desktop/AER201/botL.X/main.asm
                  _74Exit   0x0007d6    program     static /Users/mreiter/Desktop/AER201/botL.X/main.asm
                  _75Next   0x0007e0    program     static /Users/mreiter/Desktop/AER201/botL.X/main.asm
                  _75Exit   0x0007ec    program     static /Users/mreiter/Desktop/AER201/botL.X/main.asm
                  _76Next   0x0007f6    program     static /Users/mreiter/Desktop/AER201/botL.X/main.asm
                  _76Exit   0x000802    program     static /Users/mreiter/Desktop/AER201/botL.X/main.asm
                  _77Next   0x00080c    program     static /Users/mreiter/Desktop/AER201/botL.X/main.asm
                  _77Exit   0x000818    program     static /Users/mreiter/Desktop/AER201/botL.X/main.asm
                     PLOG   0x00081c    program     static /Users/mreiter/Desktop/AER201/botL.X/main.asm
                  _78loop   0x000830    program     static /Users/mreiter/Desktop/AER201/botL.X/main.asm
               displayNum   0x000856    program     static /Users/mreiter/Desktop/AER201/botL.X/main.asm
                HOLD_PLOG   0x0008b0    program     static /Users/mreiter/Desktop/AER201/botL.X/main.asm
                  _81Next   0x0008bc    program     static /Users/mreiter/Desktop/AER201/botL.X/main.asm
                  _81Exit   0x0008c8    program     static /Users/mreiter/Desktop/AER201/botL.X/main.asm
                  PC_MODE   0x0008cc    program     static /Users/mreiter/Desktop/AER201/botL.X/main.asm
                  _82loop   0x0008e0    program     static /Users/mreiter/Desktop/AER201/botL.X/main.asm
                  _83loop   0x0008fe    program     static /Users/mreiter/Desktop/AER201/botL.X/main.asm
                  HOLD_PC   0x000914    program     static /Users/mreiter/Desktop/AER201/botL.X/main.asm
                  _84Next   0x000920    program     static /Users/mreiter/Desktop/AER201/botL.X/main.asm
                  _84Exit   0x00092c    program     static /Users/mreiter/Desktop/AER201/botL.X/main.asm
                  _85Next   0x000936    program     static /Users/mreiter/Desktop/AER201/botL.X/main.asm
                  _85Exit   0x000942    program     static /Users/mreiter/Desktop/AER201/botL.X/main.asm
              PC_TRANSFER   0x000946    program     static /Users/mreiter/Desktop/AER201/botL.X/main.asm
                  _86loop   0x00095c    program     static /Users/mreiter/Desktop/AER201/botL.X/main.asm
                 RTC_INIT   0x00096a    program     static /Users/mreiter/Desktop/AER201/botL.X/main.asm
                SAVE_TIME   0x000978    program     static /Users/mreiter/Desktop/AER201/botL.X/main.asm
              DISPLAY_RTC   0x0009d4    program     static /Users/mreiter/Desktop/AER201/botL.X/main.asm
                 SET_TIME   0x000a8a    program     static /Users/mreiter/Desktop/AER201/botL.X/main.asm
                del_loop0   0x000a90    program     static /Users/mreiter/Desktop/AER201/botL.X/main.asm
               INIT_USART   0x000af2    program     static /Users/mreiter/Desktop/AER201/botL.X/main.asm
                 Delay5us   0x000b02    program     static /Users/mreiter/Desktop/AER201/botL.X/main.asm
                  loop5us   0x000b06    program     static /Users/mreiter/Desktop/AER201/botL.X/main.asm
               Delay200us   0x000b10    program     static /Users/mreiter/Desktop/AER201/botL.X/main.asm
                loop200us   0x000b14    program     static /Users/mreiter/Desktop/AER201/botL.X/main.asm
                Delay50ms   0x000b1e    program     static /Users/mreiter/Desktop/AER201/botL.X/main.asm
                 loop50ms   0x000b22    program     static /Users/mreiter/Desktop/AER201/botL.X/main.asm
                   Cycles   0x000b28    program     static /Users/mreiter/Desktop/AER201/botL.X/main.asm
              WriteEE_RTC   0x000b32    program     static /Users/mreiter/Desktop/AER201/botL.X/main.asm
             _.org_2_0B40   0x000b40    program     static /Users/mreiter/Desktop/AER201/botL.X/main.asm
             _.org_2_0B58   0x000b58    program     static /Users/mreiter/Desktop/AER201/botL.X/main.asm
             _.org_2_0B6E   0x000b6e    program     static /Users/mreiter/Desktop/AER201/botL.X/main.asm
             _.org_2_0B86   0x000b86    program     static /Users/mreiter/Desktop/AER201/botL.X/main.asm
           ClearEEPROM_21   0x000b90    program     static /Users/mreiter/Desktop/AER201/botL.X/main.asm
                ClearNext   0x000b98    program     static /Users/mreiter/Desktop/AER201/botL.X/main.asm
             _.org_2_0BA6   0x000ba6    program     static /Users/mreiter/Desktop/AER201/botL.X/main.asm
             _.org_2_0BBE   0x000bbe    program     static /Users/mreiter/Desktop/AER201/botL.X/main.asm
                 READ_KEY   0x000bd6    program     static /Users/mreiter/Desktop/AER201/botL.X/main.asm
             _.org_2_0BE4   0x000be4    program     static /Users/mreiter/Desktop/AER201/botL.X/main.asm
            READ_KEY_TIME   0x000bea    program     static /Users/mreiter/Desktop/AER201/botL.X/main.asm
             _.org_2_0C00   0x000c00    program     static /Users/mreiter/Desktop/AER201/botL.X/main.asm
              DisplayTime   0x000c06    program     static /Users/mreiter/Desktop/AER201/botL.X/main.asm
                 _110loop   0x000c30    program     static /Users/mreiter/Desktop/AER201/botL.X/main.asm
         NoSkipDispOpTime   0x000c44    program     static /Users/mreiter/Desktop/AER201/botL.X/main.asm
           SkipDispOpTime   0x000c76    program     static /Users/mreiter/Desktop/AER201/botL.X/main.asm
                DispOpRTC   0x000c78    program     static /Users/mreiter/Desktop/AER201/botL.X/main.asm
                 _112loop   0x000ca6    program     static /Users/mreiter/Desktop/AER201/botL.X/main.asm
          NoSkipDispOpRTC   0x000cb8    program     static /Users/mreiter/Desktop/AER201/botL.X/main.asm
            SkipDispOpRTC   0x000d1a    program     static /Users/mreiter/Desktop/AER201/botL.X/main.asm
         DispOpRTC_Helper   0x000d1c    program     static /Users/mreiter/Desktop/AER201/botL.X/main.asm
                  Welcome   0x000d56    program     static /Users/mreiter/Desktop/AER201/botL.X/main.asm
                     Team   0x000d5c    program     static /Users/mreiter/Desktop/AER201/botL.X/main.asm
                  StandBy   0x000d66    program     static /Users/mreiter/Desktop/AER201/botL.X/main.asm
                     Log1   0x000d6e    program     static /Users/mreiter/Desktop/AER201/botL.X/main.asm
                     Log2   0x000d74    program     static /Users/mreiter/Desktop/AER201/botL.X/main.asm
                 LogInfo1   0x000d82    program     static /Users/mreiter/Desktop/AER201/botL.X/main.asm
                 LogInfo2   0x000d8a    program     static /Users/mreiter/Desktop/AER201/botL.X/main.asm
                 PermLog1   0x000d94    program     static /Users/mreiter/Desktop/AER201/botL.X/main.asm
                 PermLog2   0x000da4    program     static /Users/mreiter/Desktop/AER201/botL.X/main.asm
                     Exe1   0x000db0    program     static /Users/mreiter/Desktop/AER201/botL.X/main.asm
                     Exe2   0x000dbc    program     static /Users/mreiter/Desktop/AER201/botL.X/main.asm
                      PC1   0x000dc4    program     static /Users/mreiter/Desktop/AER201/botL.X/main.asm
                      PC2   0x000dd2    program     static /Users/mreiter/Desktop/AER201/botL.X/main.asm
               PCTransfer   0x000ddc    program     static /Users/mreiter/Desktop/AER201/botL.X/main.asm
                  Stopped   0x000dec    program     static /Users/mreiter/Desktop/AER201/botL.X/main.asm
                  Op_Time   0x000df4    program     static /Users/mreiter/Desktop/AER201/botL.X/main.asm
                     SAVE   0x000dfc    program     static /Users/mreiter/Desktop/AER201/botL.X/main.asm
                   Safety   0x000e06    program     static /Users/mreiter/Desktop/AER201/botL.X/main.asm
                   NoData   0x000e16    program     static /Users/mreiter/Desktop/AER201/botL.X/main.asm
                   PCLog1   0x000e1a    program     static /Users/mreiter/Desktop/AER201/botL.X/main.asm
                  InitLCD   0x000e2a    program     extern /Users/mreiter/Desktop/AER201/botL.X/lcd.asm
                   WR_INS   0x000e82    program     extern /Users/mreiter/Desktop/AER201/botL.X/lcd.asm
                  WR_DATA   0x000e9e    program     extern /Users/mreiter/Desktop/AER201/botL.X/lcd.asm
                   WrtLCD   0x000ec0    program     extern /Users/mreiter/Desktop/AER201/botL.X/lcd.asm
                   ClrLCD   0x000ed6    program     extern /Users/mreiter/Desktop/AER201/botL.X/lcd.asm
                   ClkLCD   0x000ee4    program     extern /Users/mreiter/Desktop/AER201/botL.X/lcd.asm
              _.code_00C6   0x000ef0    program     static /Users/mreiter/Desktop/AER201/botL.X/lcd.asm
                   LCD_L1   0x000ef6    program     extern /Users/mreiter/Desktop/AER201/botL.X/lcd.asm
                   LCD_L2   0x000efe    program     extern /Users/mreiter/Desktop/AER201/botL.X/lcd.asm
                   MovMSB   0x000f06    program     static /Users/mreiter/Desktop/AER201/botL.X/lcd.asm
             lcdLongDelay   0x000f10    program     static /Users/mreiter/Desktop/AER201/botL.X/lcd.asm
                 LLD_LOOP   0x000f14    program     static /Users/mreiter/Desktop/AER201/botL.X/lcd.asm
              _.code_00F0   0x000f1a    program     static /Users/mreiter/Desktop/AER201/botL.X/lcd.asm
                delay44us   0x000f26    program     static /Users/mreiter/Desktop/AER201/botL.X/lcd.asm
            Delay44usLoop   0x000f2a    program     static /Users/mreiter/Desktop/AER201/botL.X/lcd.asm
                 delay5ms   0x000f32    program     extern /Users/mreiter/Desktop/AER201/botL.X/lcd.asm
             Delay5msLoop   0x000f3a    program     static /Users/mreiter/Desktop/AER201/botL.X/lcd.asm
                       d2   0x000f42    program     static /Users/mreiter/Desktop/AER201/botL.X/lcd.asm
         i2c_common_setup   0x000f48    program     extern /Users/mreiter/Desktop/AER201/botL.X/i2c_common.asm
              _.code_001A   0x000f62    program     static /Users/mreiter/Desktop/AER201/botL.X/i2c_common.asm
                write_rtc   0x000f68    program     extern /Users/mreiter/Desktop/AER201/botL.X/i2c_common.asm
              _.code_0028   0x000f70    program     static /Users/mreiter/Desktop/AER201/botL.X/i2c_common.asm
              _.code_0030   0x000f78    program     static /Users/mreiter/Desktop/AER201/botL.X/i2c_common.asm
              _.code_0036   0x000f7e    program     static /Users/mreiter/Desktop/AER201/botL.X/i2c_common.asm
              _.code_0044   0x000f8c    program     static /Users/mreiter/Desktop/AER201/botL.X/i2c_common.asm
              _.code_004A   0x000f92    program     static /Users/mreiter/Desktop/AER201/botL.X/i2c_common.asm
              _.code_0058   0x000fa0    program     static /Users/mreiter/Desktop/AER201/botL.X/i2c_common.asm
              _.code_005E   0x000fa6    program     static /Users/mreiter/Desktop/AER201/botL.X/i2c_common.asm
              WR_ERR1_RTC   0x000fb4    program     static /Users/mreiter/Desktop/AER201/botL.X/i2c_common.asm
              WR_ERR2_RTC   0x000fbe    program     static /Users/mreiter/Desktop/AER201/botL.X/i2c_common.asm
              WR_ERR3_RTC   0x000fca    program     static /Users/mreiter/Desktop/AER201/botL.X/i2c_common.asm
               WR_END_RTC   0x000fd4    program     static /Users/mreiter/Desktop/AER201/botL.X/i2c_common.asm
              _.code_0090   0x000fd8    program     static /Users/mreiter/Desktop/AER201/botL.X/i2c_common.asm
                 read_rtc   0x000fde    program     extern /Users/mreiter/Desktop/AER201/botL.X/i2c_common.asm
              _.code_009E   0x000fe6    program     static /Users/mreiter/Desktop/AER201/botL.X/i2c_common.asm
              _.code_00A6   0x000fee    program     static /Users/mreiter/Desktop/AER201/botL.X/i2c_common.asm
              _.code_00AC   0x000ff4    program     static /Users/mreiter/Desktop/AER201/botL.X/i2c_common.asm
              _.code_00BA   0x001002    program     static /Users/mreiter/Desktop/AER201/botL.X/i2c_common.asm
              _.code_00C0   0x001008    program     static /Users/mreiter/Desktop/AER201/botL.X/i2c_common.asm
              _.code_00CE   0x001016    program     static /Users/mreiter/Desktop/AER201/botL.X/i2c_common.asm
              _.code_00D6   0x00101e    program     static /Users/mreiter/Desktop/AER201/botL.X/i2c_common.asm
              _.code_00DC   0x001024    program     static /Users/mreiter/Desktop/AER201/botL.X/i2c_common.asm
              _.code_00EA   0x001032    program     static /Users/mreiter/Desktop/AER201/botL.X/i2c_common.asm
                  _waitl0   0x00103e    program     static /Users/mreiter/Desktop/AER201/botL.X/i2c_common.asm
              RD_ERR1_RTC   0x001048    program     static /Users/mreiter/Desktop/AER201/botL.X/i2c_common.asm
              RD_ERR2_RTC   0x001052    program     static /Users/mreiter/Desktop/AER201/botL.X/i2c_common.asm
              RD_ERR3_RTC   0x00105c    program     static /Users/mreiter/Desktop/AER201/botL.X/i2c_common.asm
               RD_END_RTC   0x001066    program     static /Users/mreiter/Desktop/AER201/botL.X/i2c_common.asm
              _.code_0122   0x00106a    program     static /Users/mreiter/Desktop/AER201/botL.X/i2c_common.asm
              rtc_convert   0x001070    program     extern /Users/mreiter/Desktop/AER201/botL.X/i2c_common.asm
          READ_COLOUR_I2C   0x001084    program     extern /Users/mreiter/Desktop/AER201/botL.X/i2c_common.asm
              _.code_0144   0x00108c    program     static /Users/mreiter/Desktop/AER201/botL.X/i2c_common.asm
              _.code_014C   0x001094    program     static /Users/mreiter/Desktop/AER201/botL.X/i2c_common.asm
              _.code_0152   0x00109a    program     static /Users/mreiter/Desktop/AER201/botL.X/i2c_common.asm
              _.code_0164   0x0010ac    program     static /Users/mreiter/Desktop/AER201/botL.X/i2c_common.asm
              _.code_016A   0x0010b2    program     static /Users/mreiter/Desktop/AER201/botL.X/i2c_common.asm
              _.code_0178   0x0010c0    program     static /Users/mreiter/Desktop/AER201/botL.X/i2c_common.asm
              _.code_0180   0x0010c8    program     static /Users/mreiter/Desktop/AER201/botL.X/i2c_common.asm
              _.code_0186   0x0010ce    program     static /Users/mreiter/Desktop/AER201/botL.X/i2c_common.asm
              _.code_0194   0x0010dc    program     static /Users/mreiter/Desktop/AER201/botL.X/i2c_common.asm
                  _waitl1   0x0010e8    program     static /Users/mreiter/Desktop/AER201/botL.X/i2c_common.asm
                  RD_ERR1   0x0010f2    program     static /Users/mreiter/Desktop/AER201/botL.X/i2c_common.asm
                  RD_ERR2   0x0010fc    program     static /Users/mreiter/Desktop/AER201/botL.X/i2c_common.asm
                  RD_ERR3   0x001106    program     static /Users/mreiter/Desktop/AER201/botL.X/i2c_common.asm
                   RD_END   0x001110    program     static /Users/mreiter/Desktop/AER201/botL.X/i2c_common.asm
              _.code_01CC   0x001114    program     static /Users/mreiter/Desktop/AER201/botL.X/i2c_common.asm
         WRITE_COLOUR_I2C   0x00111a    program     extern /Users/mreiter/Desktop/AER201/botL.X/i2c_common.asm
              _.code_01DA   0x001122    program     static /Users/mreiter/Desktop/AER201/botL.X/i2c_common.asm
              _.code_01E2   0x00112a    program     static /Users/mreiter/Desktop/AER201/botL.X/i2c_common.asm
              _.code_01E8   0x001130    program     static /Users/mreiter/Desktop/AER201/botL.X/i2c_common.asm
              _.code_01FA   0x001142    program     static /Users/mreiter/Desktop/AER201/botL.X/i2c_common.asm
              _.code_0200   0x001148    program     static /Users/mreiter/Desktop/AER201/botL.X/i2c_common.asm
              _.code_0210   0x001158    program     static /Users/mreiter/Desktop/AER201/botL.X/i2c_common.asm
              _.code_0216   0x00115e    program     static /Users/mreiter/Desktop/AER201/botL.X/i2c_common.asm
                  WR_ERR1   0x00116c    program     static /Users/mreiter/Desktop/AER201/botL.X/i2c_common.asm
                  WR_ERR2   0x001176    program     static /Users/mreiter/Desktop/AER201/botL.X/i2c_common.asm
                  WR_ERR3   0x001182    program     static /Users/mreiter/Desktop/AER201/botL.X/i2c_common.asm
                   WR_END   0x00118c    program     static /Users/mreiter/Desktop/AER201/botL.X/i2c_common.asm
              _.code_0248   0x001190    program     static /Users/mreiter/Desktop/AER201/botL.X/i2c_common.asm
                I2C_ACKDT   0x001196    program     extern /Users/mreiter/Desktop/AER201/botL.X/i2c.asm
                CHECK_ACK   0x001196    program     extern /Users/mreiter/Desktop/AER201/botL.X/i2c.asm
                 I2C_temp   0x001196    program     static /Users/mreiter/Desktop/AER201/botL.X/i2c.asm
               CHECK_NACK   0x00119a    program     extern /Users/mreiter/Desktop/AER201/botL.X/i2c.asm
                TEST_NACK   0x00119e    program     static /Users/mreiter/Desktop/AER201/botL.X/i2c.asm
          I2C_Master_INIT   0x0011a6    program     extern /Users/mreiter/Desktop/AER201/botL.X/i2c.asm
          I2C_Master_WAIT   0x0011b8    program     extern /Users/mreiter/Desktop/AER201/botL.X/i2c.asm
                     WAIT   0x0011b8    program     static /Users/mreiter/Desktop/AER201/botL.X/i2c.asm
         I2C_Master_START   0x0011c8    program     extern /Users/mreiter/Desktop/AER201/botL.X/i2c.asm
        I2C_Master_RSTART   0x0011d0    program     extern /Users/mreiter/Desktop/AER201/botL.X/i2c.asm
          I2C_Master_STOP   0x0011d8    program     extern /Users/mreiter/Desktop/AER201/botL.X/i2c.asm
         I2C_Master_WRITE   0x0011e0    program     extern /Users/mreiter/Desktop/AER201/botL.X/i2c.asm
                  HOLD_UP   0x0011e6    program     static /Users/mreiter/Desktop/AER201/botL.X/i2c.asm
          I2C_Master_READ   0x0011ee    program     extern /Users/mreiter/Desktop/AER201/botL.X/i2c.asm
                     LOOP   0x0011f4    program     static /Users/mreiter/Desktop/AER201/botL.X/i2c.asm
           I2C_Master_ACK   0x0011fc    program     extern /Users/mreiter/Desktop/AER201/botL.X/i2c.asm
                 TEST_ACK   0x001200    program     static /Users/mreiter/Desktop/AER201/botL.X/i2c.asm
               regaddress   0x000080       data     extern /Users/mreiter/Desktop/AER201/botL.X/i2c_common.asm
                 databyte   0x000081       data     extern /Users/mreiter/Desktop/AER201/botL.X/i2c_common.asm
                 datachar   0x000082       data     extern /Users/mreiter/Desktop/AER201/botL.X/i2c_common.asm
             data_colourL   0x000083       data     extern /Users/mreiter/Desktop/AER201/botL.X/i2c_common.asm
             data_colourH   0x000084       data     extern /Users/mreiter/Desktop/AER201/botL.X/i2c_common.asm
               tens_digit   0x000085       data     extern /Users/mreiter/Desktop/AER201/botL.X/i2c_common.asm
               ones_digit   0x000086       data     extern /Users/mreiter/Desktop/AER201/botL.X/i2c_common.asm
           convert_buffer   0x000087       data     extern /Users/mreiter/Desktop/AER201/botL.X/i2c_common.asm
                  d50ms_C   0x000088       data     extern /Users/mreiter/Desktop/AER201/botL.X/i2c_common.asm
                 d200us_C   0x000089       data     extern /Users/mreiter/Desktop/AER201/botL.X/i2c_common.asm


