MPLINK 5.08, LINKER
Linker Map File - Created Sat Feb 25 13:31:51 2017

                                 Section Info
                  Section       Type    Address   Location Size(Bytes)
                ---------  ---------  ---------  ---------  ---------
                   .org_0       code   0x000000    program   0x000004
                   .cinit    romdata   0x000004    program   0x000002
                   .org_1       code   0x000008    program   0x000004
                   .org_2       code   0x000018    program   0x000ef6
                    .code       code   0x000f0e    program   0x0005b2
.config_300001_BUILD/DEFAULT/PRODUCTION/MAIN.O    romdata   0x300001    program   0x000001
.config_300002_BUILD/DEFAULT/PRODUCTION/MAIN.O    romdata   0x300002    program   0x000001
.config_300003_BUILD/DEFAULT/PRODUCTION/MAIN.O    romdata   0x300003    program   0x000001
.config_300005_BUILD/DEFAULT/PRODUCTION/MAIN.O    romdata   0x300005    program   0x000001
.config_300006_BUILD/DEFAULT/PRODUCTION/MAIN.O    romdata   0x300006    program   0x000001
.config_300008_BUILD/DEFAULT/PRODUCTION/MAIN.O    romdata   0x300008    program   0x000001
.config_300009_BUILD/DEFAULT/PRODUCTION/MAIN.O    romdata   0x300009    program   0x000001
.config_30000A_BUILD/DEFAULT/PRODUCTION/MAIN.O    romdata   0x30000a    program   0x000001
.config_30000B_BUILD/DEFAULT/PRODUCTION/MAIN.O    romdata   0x30000b    program   0x000001
.config_30000C_BUILD/DEFAULT/PRODUCTION/MAIN.O    romdata   0x30000c    program   0x000001
.config_30000D_BUILD/DEFAULT/PRODUCTION/MAIN.O    romdata   0x30000d    program   0x000001
                   .udata      udata   0x000080       data   0x000008



                              Program Memory Usage 
                               Start         End      
                           ---------   ---------      
                            0x000000    0x000005      
                            0x000008    0x00000b      
                            0x000018    0x0014bf      
                            0x300001    0x300003      
                            0x300005    0x300006      
                            0x300008    0x30000d      
            5309 out of 66584 program addresses used, program memory utilization is 7%



                              Symbols - Sorted by Name
                     Name    Address   Location    Storage File                     
                ---------  ---------  ---------  --------- ---------                
                CHECK_ACK   0x001450    program     extern /Users/mreiter/Desktop/AER201/botL.X/i2c.asm
               CHECK_BLUE   0x000404    program     static /Users/mreiter/Desktop/AER201/botL.X/main.asm
              CHECK_CLEAR   0x000326    program     static /Users/mreiter/Desktop/AER201/botL.X/main.asm
              CHECK_GREEN   0x0003ba    program     static /Users/mreiter/Desktop/AER201/botL.X/main.asm
               CHECK_NACK   0x001454    program     extern /Users/mreiter/Desktop/AER201/botL.X/i2c.asm
                CHECK_RED   0x000370    program     static /Users/mreiter/Desktop/AER201/botL.X/main.asm
              COLOUR_TEST   0x00044e    program     static /Users/mreiter/Desktop/AER201/botL.X/main.asm
           ClearEEPROM_21   0x000d2e    program     static /Users/mreiter/Desktop/AER201/botL.X/main.asm
                ClearNext   0x000d36    program     static /Users/mreiter/Desktop/AER201/botL.X/main.asm
                   ClkLCD   0x0010a6    program     extern /Users/mreiter/Desktop/AER201/botL.X/lcd.asm
                   ClrLCD   0x001098    program     extern /Users/mreiter/Desktop/AER201/botL.X/lcd.asm
                   Cycles   0x000cc6    program     static /Users/mreiter/Desktop/AER201/botL.X/main.asm
              DISPLAY_RTC   0x000abe    program     static /Users/mreiter/Desktop/AER201/botL.X/main.asm
                DataUSART   0x000c14    program     static /Users/mreiter/Desktop/AER201/botL.X/main.asm
               Delay200us   0x000cae    program     static /Users/mreiter/Desktop/AER201/botL.X/main.asm
            Delay44usLoop   0x0010ec    program     static /Users/mreiter/Desktop/AER201/botL.X/lcd.asm
                Delay50ms   0x000cbc    program     static /Users/mreiter/Desktop/AER201/botL.X/main.asm
             Delay5msLoop   0x0010fc    program     static /Users/mreiter/Desktop/AER201/botL.X/lcd.asm
                 Delay5us   0x000ca0    program     static /Users/mreiter/Desktop/AER201/botL.X/main.asm
                DispOpRTC   0x000e36    program     static /Users/mreiter/Desktop/AER201/botL.X/main.asm
         DispOpRTC_Helper   0x000ed4    program     static /Users/mreiter/Desktop/AER201/botL.X/main.asm
           DisplayExeTime   0x000da4    program     static /Users/mreiter/Desktop/AER201/botL.X/main.asm
             END_ISR_HIGH   0x0000cc    program     static /Users/mreiter/Desktop/AER201/botL.X/main.asm
              END_ISR_LOW   0x0000f2    program     static /Users/mreiter/Desktop/AER201/botL.X/main.asm
                EXECUTION   0x000482    program     static /Users/mreiter/Desktop/AER201/botL.X/main.asm
                 EXIT_EXE   0x0004f0    program     static /Users/mreiter/Desktop/AER201/botL.X/main.asm
                     Exe1   0x000f68    program     static /Users/mreiter/Desktop/AER201/botL.X/main.asm
                     Exe2   0x000f74    program     static /Users/mreiter/Desktop/AER201/botL.X/main.asm
                 Exe_Time   0x000fb6    program     static /Users/mreiter/Desktop/AER201/botL.X/main.asm
                 HOLD_EXE   0x0004d4    program     static /Users/mreiter/Desktop/AER201/botL.X/main.asm
                 HOLD_LOG   0x000696    program     static /Users/mreiter/Desktop/AER201/botL.X/main.asm
            HOLD_LOG_INFO   0x000708    program     static /Users/mreiter/Desktop/AER201/botL.X/main.asm
                  HOLD_PC   0x00093a    program     static /Users/mreiter/Desktop/AER201/botL.X/main.asm
            HOLD_PERM_LOG   0x000760    program     static /Users/mreiter/Desktop/AER201/botL.X/main.asm
                HOLD_PLOG   0x0008d6    program     static /Users/mreiter/Desktop/AER201/botL.X/main.asm
             HOLD_STANDBY   0x000238    program     static /Users/mreiter/Desktop/AER201/botL.X/main.asm
                  HOLD_UP   0x00132a    program     static /Users/mreiter/Desktop/AER201/botL.X/i2c_common.asm
                  HOLD_UP   0x0014a0    program     static /Users/mreiter/Desktop/AER201/botL.X/i2c.asm
                I2C_ACKDT   0x001450    program     extern /Users/mreiter/Desktop/AER201/botL.X/i2c.asm
           I2C_Master_ACK   0x0014b6    program     extern /Users/mreiter/Desktop/AER201/botL.X/i2c.asm
           I2C_Master_ACK   0x001342    program     static /Users/mreiter/Desktop/AER201/botL.X/i2c_common.asm
          I2C_Master_INIT   0x001460    program     extern /Users/mreiter/Desktop/AER201/botL.X/i2c.asm
          I2C_Master_INIT   0x0012ea    program     static /Users/mreiter/Desktop/AER201/botL.X/i2c_common.asm
          I2C_Master_READ   0x0014a8    program     extern /Users/mreiter/Desktop/AER201/botL.X/i2c.asm
          I2C_Master_READ   0x001332    program     static /Users/mreiter/Desktop/AER201/botL.X/i2c_common.asm
        I2C_Master_RSTART   0x001314    program     static /Users/mreiter/Desktop/AER201/botL.X/i2c_common.asm
        I2C_Master_RSTART   0x00148a    program     extern /Users/mreiter/Desktop/AER201/botL.X/i2c.asm
         I2C_Master_START   0x00130c    program     static /Users/mreiter/Desktop/AER201/botL.X/i2c_common.asm
         I2C_Master_START   0x001482    program     extern /Users/mreiter/Desktop/AER201/botL.X/i2c.asm
          I2C_Master_STOP   0x00131c    program     static /Users/mreiter/Desktop/AER201/botL.X/i2c_common.asm
          I2C_Master_STOP   0x001492    program     extern /Users/mreiter/Desktop/AER201/botL.X/i2c.asm
          I2C_Master_WAIT   0x0012fc    program     static /Users/mreiter/Desktop/AER201/botL.X/i2c_common.asm
          I2C_Master_WAIT   0x001472    program     extern /Users/mreiter/Desktop/AER201/botL.X/i2c.asm
         I2C_Master_WRITE   0x00149a    program     extern /Users/mreiter/Desktop/AER201/botL.X/i2c.asm
         I2C_Master_WRITE   0x001324    program     static /Users/mreiter/Desktop/AER201/botL.X/i2c_common.asm
                 I2C_temp   0x001450    program     static /Users/mreiter/Desktop/AER201/botL.X/i2c.asm
                     INIT   0x0000fc    program     static /Users/mreiter/Desktop/AER201/botL.X/main.asm
             INIT_ARDUINO   0x0013ca    program     extern /Users/mreiter/Desktop/AER201/botL.X/i2c_common.asm
               INIT_USART   0x000c00    program     static /Users/mreiter/Desktop/AER201/botL.X/main.asm
                  IR_TEST   0x0002d8    program     static /Users/mreiter/Desktop/AER201/botL.X/main.asm
                 ISR_HIGH   0x00001c    program     static /Users/mreiter/Desktop/AER201/botL.X/main.asm
                  ISR_LOW   0x0000d6    program     static /Users/mreiter/Desktop/AER201/botL.X/main.asm
                  InitLCD   0x000fec    program     extern /Users/mreiter/Desktop/AER201/botL.X/lcd.asm
                   LCD_L1   0x0010b8    program     extern /Users/mreiter/Desktop/AER201/botL.X/lcd.asm
                   LCD_L2   0x0010c0    program     extern /Users/mreiter/Desktop/AER201/botL.X/lcd.asm
                 LLD_LOOP   0x0010d6    program     static /Users/mreiter/Desktop/AER201/botL.X/lcd.asm
                      LOG   0x000666    program     static /Users/mreiter/Desktop/AER201/botL.X/main.asm
                 LOG_INFO   0x0006c8    program     static /Users/mreiter/Desktop/AER201/botL.X/main.asm
                     LOOP   0x001338    program     static /Users/mreiter/Desktop/AER201/botL.X/i2c_common.asm
                     LOOP   0x0014ae    program     static /Users/mreiter/Desktop/AER201/botL.X/i2c.asm
                  LOOPING   0x00044e    program     static /Users/mreiter/Desktop/AER201/botL.X/main.asm
                     Log1   0x000f26    program     static /Users/mreiter/Desktop/AER201/botL.X/main.asm
                     Log2   0x000f2c    program     static /Users/mreiter/Desktop/AER201/botL.X/main.asm
                 LogInfo1   0x000f3a    program     static /Users/mreiter/Desktop/AER201/botL.X/main.asm
                 LogInfo2   0x000f42    program     static /Users/mreiter/Desktop/AER201/botL.X/main.asm
                   MovMSB   0x0010c8    program     static /Users/mreiter/Desktop/AER201/botL.X/lcd.asm
                   NoData   0x000fd8    program     static /Users/mreiter/Desktop/AER201/botL.X/main.asm
        NoSkipDispExeTime   0x000de2    program     static /Users/mreiter/Desktop/AER201/botL.X/main.asm
          NoSkipDispOpRTC   0x000e72    program     static /Users/mreiter/Desktop/AER201/botL.X/main.asm
                      PC1   0x000f7c    program     static /Users/mreiter/Desktop/AER201/botL.X/main.asm
                      PC2   0x000f8a    program     static /Users/mreiter/Desktop/AER201/botL.X/main.asm
               PCComplete   0x000fa4    program     static /Users/mreiter/Desktop/AER201/botL.X/main.asm
                   PCLog1   0x000fdc    program     static /Users/mreiter/Desktop/AER201/botL.X/main.asm
               PCTransfer   0x000f94    program     static /Users/mreiter/Desktop/AER201/botL.X/main.asm
                  PC_MODE   0x0008f2    program     static /Users/mreiter/Desktop/AER201/botL.X/main.asm
              PC_TRANSFER   0x00096c    program     static /Users/mreiter/Desktop/AER201/botL.X/main.asm
                 PERM_LOG   0x000724    program     static /Users/mreiter/Desktop/AER201/botL.X/main.asm
                     PLOG   0x000842    program     static /Users/mreiter/Desktop/AER201/botL.X/main.asm
                 PermLog1   0x000f4c    program     static /Users/mreiter/Desktop/AER201/botL.X/main.asm
                 PermLog2   0x000f5c    program     static /Users/mreiter/Desktop/AER201/botL.X/main.asm
                   RD_END   0x0012e0    program     static /Users/mreiter/Desktop/AER201/botL.X/i2c_common.asm
               RD_END_RTC   0x001232    program     static /Users/mreiter/Desktop/AER201/botL.X/i2c_common.asm
                  RD_ERR1   0x0012c2    program     static /Users/mreiter/Desktop/AER201/botL.X/i2c_common.asm
              RD_ERR1_RTC   0x001214    program     static /Users/mreiter/Desktop/AER201/botL.X/i2c_common.asm
                  RD_ERR2   0x0012cc    program     static /Users/mreiter/Desktop/AER201/botL.X/i2c_common.asm
              RD_ERR2_RTC   0x00121e    program     static /Users/mreiter/Desktop/AER201/botL.X/i2c_common.asm
                  RD_ERR3   0x0012d6    program     static /Users/mreiter/Desktop/AER201/botL.X/i2c_common.asm
              RD_ERR3_RTC   0x001228    program     static /Users/mreiter/Desktop/AER201/botL.X/i2c_common.asm
             READ_ARDUINO   0x0013f4    program     extern /Users/mreiter/Desktop/AER201/botL.X/i2c_common.asm
          READ_COLOUR_I2C   0x001252    program     extern /Users/mreiter/Desktop/AER201/botL.X/i2c_common.asm
                 READ_KEY   0x000d74    program     static /Users/mreiter/Desktop/AER201/botL.X/main.asm
            READ_KEY_TIME   0x000d88    program     static /Users/mreiter/Desktop/AER201/botL.X/main.asm
                 RTC_INIT   0x000994    program     static /Users/mreiter/Desktop/AER201/botL.X/main.asm
                     SAVE   0x000fbe    program     static /Users/mreiter/Desktop/AER201/botL.X/main.asm
            SAVE_EXE_TIME   0x000a08    program     static /Users/mreiter/Desktop/AER201/botL.X/main.asm
                SAVE_TIME   0x0009a2    program     static /Users/mreiter/Desktop/AER201/botL.X/main.asm
                 SET_TIME   0x000b98    program     static /Users/mreiter/Desktop/AER201/botL.X/main.asm
                  STANDBY   0x00021a    program     static /Users/mreiter/Desktop/AER201/botL.X/main.asm
                STEP_TEST   0x000304    program     static /Users/mreiter/Desktop/AER201/botL.X/main.asm
                   Safety   0x000fc8    program     static /Users/mreiter/Desktop/AER201/botL.X/main.asm
                 SaveData   0x0005cc    program     static /Users/mreiter/Desktop/AER201/botL.X/main.asm
                ShiftLoop   0x0005fe    program     static /Users/mreiter/Desktop/AER201/botL.X/main.asm
          SkipDispExeTime   0x000e34    program     static /Users/mreiter/Desktop/AER201/botL.X/main.asm
            SkipDispOpRTC   0x000ed2    program     static /Users/mreiter/Desktop/AER201/botL.X/main.asm
                  StandBy   0x000f1e    program     static /Users/mreiter/Desktop/AER201/botL.X/main.asm
                  Stopped   0x000fae    program     static /Users/mreiter/Desktop/AER201/botL.X/main.asm
                 TEST_ACK   0x001346    program     static /Users/mreiter/Desktop/AER201/botL.X/i2c_common.asm
                 TEST_ACK   0x0014ba    program     static /Users/mreiter/Desktop/AER201/botL.X/i2c.asm
                TEST_NACK   0x001458    program     static /Users/mreiter/Desktop/AER201/botL.X/i2c.asm
            TRANSFER_DATA   0x000c2e    program     static /Users/mreiter/Desktop/AER201/botL.X/main.asm
            TRANSFER_LOGS   0x000c24    program     static /Users/mreiter/Desktop/AER201/botL.X/main.asm
                     Team   0x000f14    program     static /Users/mreiter/Desktop/AER201/botL.X/main.asm
               USART_LINE   0x000c92    program     static /Users/mreiter/Desktop/AER201/botL.X/main.asm
               USART_WAIT   0x000c88    program     static /Users/mreiter/Desktop/AER201/botL.X/main.asm
                     WAIT   0x001472    program     static /Users/mreiter/Desktop/AER201/botL.X/i2c.asm
                     WAIT   0x0012fc    program     static /Users/mreiter/Desktop/AER201/botL.X/i2c_common.asm
         WRITE_COLOUR_I2C   0x00134c    program     extern /Users/mreiter/Desktop/AER201/botL.X/i2c_common.asm
                  WR_DATA   0x001060    program     extern /Users/mreiter/Desktop/AER201/botL.X/lcd.asm
                   WR_END   0x0013c0    program     static /Users/mreiter/Desktop/AER201/botL.X/i2c_common.asm
               WR_END_RTC   0x00119c    program     static /Users/mreiter/Desktop/AER201/botL.X/i2c_common.asm
                  WR_ERR1   0x0013a0    program     static /Users/mreiter/Desktop/AER201/botL.X/i2c_common.asm
              WR_ERR1_RTC   0x00117c    program     static /Users/mreiter/Desktop/AER201/botL.X/i2c_common.asm
                  WR_ERR2   0x0013aa    program     static /Users/mreiter/Desktop/AER201/botL.X/i2c_common.asm
              WR_ERR2_RTC   0x001186    program     static /Users/mreiter/Desktop/AER201/botL.X/i2c_common.asm
                  WR_ERR3   0x0013b6    program     static /Users/mreiter/Desktop/AER201/botL.X/i2c_common.asm
              WR_ERR3_RTC   0x001192    program     static /Users/mreiter/Desktop/AER201/botL.X/i2c_common.asm
                   WR_INS   0x001044    program     extern /Users/mreiter/Desktop/AER201/botL.X/lcd.asm
                  Welcome   0x000f0e    program     static /Users/mreiter/Desktop/AER201/botL.X/main.asm
              WriteEE_RTC   0x000cd0    program     static /Users/mreiter/Desktop/AER201/botL.X/main.asm
                   WrtLCD   0x001082    program     extern /Users/mreiter/Desktop/AER201/botL.X/lcd.asm
              _.code_001C   0x001126    program     static /Users/mreiter/Desktop/AER201/botL.X/i2c_common.asm
              _.code_002A   0x001134    program     static /Users/mreiter/Desktop/AER201/botL.X/i2c_common.asm
              _.code_0032   0x00113c    program     static /Users/mreiter/Desktop/AER201/botL.X/i2c_common.asm
              _.code_0038   0x001142    program     static /Users/mreiter/Desktop/AER201/botL.X/i2c_common.asm
              _.code_0048   0x001152    program     static /Users/mreiter/Desktop/AER201/botL.X/i2c_common.asm
              _.code_004E   0x001158    program     static /Users/mreiter/Desktop/AER201/botL.X/i2c_common.asm
              _.code_005E   0x001168    program     static /Users/mreiter/Desktop/AER201/botL.X/i2c_common.asm
              _.code_0064   0x00116e    program     static /Users/mreiter/Desktop/AER201/botL.X/i2c_common.asm
              _.code_0096   0x0011a0    program     static /Users/mreiter/Desktop/AER201/botL.X/i2c_common.asm
              _.code_00A4   0x0011ae    program     static /Users/mreiter/Desktop/AER201/botL.X/i2c_common.asm
              _.code_00AC   0x0011b6    program     static /Users/mreiter/Desktop/AER201/botL.X/i2c_common.asm
              _.code_00B2   0x0011bc    program     static /Users/mreiter/Desktop/AER201/botL.X/i2c_common.asm
              _.code_00C2   0x0011cc    program     static /Users/mreiter/Desktop/AER201/botL.X/i2c_common.asm
              _.code_00C6   0x0010b2    program     static /Users/mreiter/Desktop/AER201/botL.X/lcd.asm
              _.code_00C8   0x0011d2    program     static /Users/mreiter/Desktop/AER201/botL.X/i2c_common.asm
              _.code_00D6   0x0011e0    program     static /Users/mreiter/Desktop/AER201/botL.X/i2c_common.asm
              _.code_00DE   0x0011e8    program     static /Users/mreiter/Desktop/AER201/botL.X/i2c_common.asm
              _.code_00E4   0x0011ee    program     static /Users/mreiter/Desktop/AER201/botL.X/i2c_common.asm
              _.code_00F0   0x0010dc    program     static /Users/mreiter/Desktop/AER201/botL.X/lcd.asm
              _.code_00F2   0x0011fc    program     static /Users/mreiter/Desktop/AER201/botL.X/i2c_common.asm
              _.code_012C   0x001236    program     static /Users/mreiter/Desktop/AER201/botL.X/i2c_common.asm
              _.code_0150   0x00125a    program     static /Users/mreiter/Desktop/AER201/botL.X/i2c_common.asm
              _.code_0158   0x001262    program     static /Users/mreiter/Desktop/AER201/botL.X/i2c_common.asm
              _.code_015E   0x001268    program     static /Users/mreiter/Desktop/AER201/botL.X/i2c_common.asm
              _.code_0170   0x00127a    program     static /Users/mreiter/Desktop/AER201/botL.X/i2c_common.asm
              _.code_0176   0x001280    program     static /Users/mreiter/Desktop/AER201/botL.X/i2c_common.asm
              _.code_0184   0x00128e    program     static /Users/mreiter/Desktop/AER201/botL.X/i2c_common.asm
              _.code_018C   0x001296    program     static /Users/mreiter/Desktop/AER201/botL.X/i2c_common.asm
              _.code_0192   0x00129c    program     static /Users/mreiter/Desktop/AER201/botL.X/i2c_common.asm
              _.code_01A0   0x0012aa    program     static /Users/mreiter/Desktop/AER201/botL.X/i2c_common.asm
              _.code_01DA   0x0012e4    program     static /Users/mreiter/Desktop/AER201/botL.X/i2c_common.asm
              _.code_024A   0x001354    program     static /Users/mreiter/Desktop/AER201/botL.X/i2c_common.asm
              _.code_0252   0x00135c    program     static /Users/mreiter/Desktop/AER201/botL.X/i2c_common.asm
              _.code_0258   0x001362    program     static /Users/mreiter/Desktop/AER201/botL.X/i2c_common.asm
              _.code_026A   0x001374    program     static /Users/mreiter/Desktop/AER201/botL.X/i2c_common.asm
              _.code_0270   0x00137a    program     static /Users/mreiter/Desktop/AER201/botL.X/i2c_common.asm
              _.code_0282   0x00138c    program     static /Users/mreiter/Desktop/AER201/botL.X/i2c_common.asm
              _.code_0288   0x001392    program     static /Users/mreiter/Desktop/AER201/botL.X/i2c_common.asm
              _.code_02BA   0x0013c4    program     static /Users/mreiter/Desktop/AER201/botL.X/i2c_common.asm
              _.code_02C8   0x0013d2    program     static /Users/mreiter/Desktop/AER201/botL.X/i2c_common.asm
              _.code_02D0   0x0013da    program     static /Users/mreiter/Desktop/AER201/botL.X/i2c_common.asm
              _.code_02D6   0x0013e0    program     static /Users/mreiter/Desktop/AER201/botL.X/i2c_common.asm
              _.code_02E4   0x0013ee    program     static /Users/mreiter/Desktop/AER201/botL.X/i2c_common.asm
              _.code_02F2   0x0013fc    program     static /Users/mreiter/Desktop/AER201/botL.X/i2c_common.asm
              _.code_02FA   0x001404    program     static /Users/mreiter/Desktop/AER201/botL.X/i2c_common.asm
              _.code_0300   0x00140a    program     static /Users/mreiter/Desktop/AER201/botL.X/i2c_common.asm
              _.code_030E   0x001418    program     static /Users/mreiter/Desktop/AER201/botL.X/i2c_common.asm
              _.code_0316   0x001420    program     static /Users/mreiter/Desktop/AER201/botL.X/i2c_common.asm
              _.code_031C   0x001426    program     static /Users/mreiter/Desktop/AER201/botL.X/i2c_common.asm
              _.code_032A   0x001434    program     static /Users/mreiter/Desktop/AER201/botL.X/i2c_common.asm
              _.code_0340   0x00144a    program     static /Users/mreiter/Desktop/AER201/botL.X/i2c_common.asm
             _.org_2_050C   0x00050c    program     static /Users/mreiter/Desktop/AER201/botL.X/main.asm
             _.org_2_0524   0x000524    program     static /Users/mreiter/Desktop/AER201/botL.X/main.asm
             _.org_2_0540   0x000540    program     static /Users/mreiter/Desktop/AER201/botL.X/main.asm
             _.org_2_0558   0x000558    program     static /Users/mreiter/Desktop/AER201/botL.X/main.asm
             _.org_2_0574   0x000574    program     static /Users/mreiter/Desktop/AER201/botL.X/main.asm
             _.org_2_058C   0x00058c    program     static /Users/mreiter/Desktop/AER201/botL.X/main.asm
             _.org_2_05A8   0x0005a8    program     static /Users/mreiter/Desktop/AER201/botL.X/main.asm
             _.org_2_05C0   0x0005c0    program     static /Users/mreiter/Desktop/AER201/botL.X/main.asm
             _.org_2_0624   0x000624    program     static /Users/mreiter/Desktop/AER201/botL.X/main.asm
             _.org_2_063C   0x00063c    program     static /Users/mreiter/Desktop/AER201/botL.X/main.asm
             _.org_2_0A24   0x000a24    program     static /Users/mreiter/Desktop/AER201/botL.X/main.asm
             _.org_2_0A3C   0x000a3c    program     static /Users/mreiter/Desktop/AER201/botL.X/main.asm
             _.org_2_0A60   0x000a60    program     static /Users/mreiter/Desktop/AER201/botL.X/main.asm
             _.org_2_0A78   0x000a78    program     static /Users/mreiter/Desktop/AER201/botL.X/main.asm
             _.org_2_0A9C   0x000a9c    program     static /Users/mreiter/Desktop/AER201/botL.X/main.asm
             _.org_2_0AB4   0x000ab4    program     static /Users/mreiter/Desktop/AER201/botL.X/main.asm
             _.org_2_0C8C   0x000c8c    program     static /Users/mreiter/Desktop/AER201/botL.X/main.asm
             _.org_2_0CDE   0x000cde    program     static /Users/mreiter/Desktop/AER201/botL.X/main.asm
             _.org_2_0CF6   0x000cf6    program     static /Users/mreiter/Desktop/AER201/botL.X/main.asm
             _.org_2_0D0C   0x000d0c    program     static /Users/mreiter/Desktop/AER201/botL.X/main.asm
             _.org_2_0D24   0x000d24    program     static /Users/mreiter/Desktop/AER201/botL.X/main.asm
             _.org_2_0D44   0x000d44    program     static /Users/mreiter/Desktop/AER201/botL.X/main.asm
             _.org_2_0D5C   0x000d5c    program     static /Users/mreiter/Desktop/AER201/botL.X/main.asm
             _.org_2_0D82   0x000d82    program     static /Users/mreiter/Desktop/AER201/botL.X/main.asm
             _.org_2_0D9E   0x000d9e    program     static /Users/mreiter/Desktop/AER201/botL.X/main.asm
                 _100loop   0x000c7c    program     static /Users/mreiter/Desktop/AER201/botL.X/main.asm
                 _105loop   0x000dce    program     static /Users/mreiter/Desktop/AER201/botL.X/main.asm
                 _110loop   0x000e60    program     static /Users/mreiter/Desktop/AER201/botL.X/main.asm
                  _13loop   0x0001e4    program     static /Users/mreiter/Desktop/AER201/botL.X/main.asm
                  _14loop   0x000202    program     static /Users/mreiter/Desktop/AER201/botL.X/main.asm
                  _15loop   0x000210    program     static /Users/mreiter/Desktop/AER201/botL.X/main.asm
                  _16loop   0x00022e    program     static /Users/mreiter/Desktop/AER201/botL.X/main.asm
                  _17Exit   0x000250    program     static /Users/mreiter/Desktop/AER201/botL.X/main.asm
                  _17Next   0x000244    program     static /Users/mreiter/Desktop/AER201/botL.X/main.asm
                  _18Exit   0x000266    program     static /Users/mreiter/Desktop/AER201/botL.X/main.asm
                  _18Next   0x00025a    program     static /Users/mreiter/Desktop/AER201/botL.X/main.asm
                  _19Exit   0x00027c    program     static /Users/mreiter/Desktop/AER201/botL.X/main.asm
                  _19Next   0x000270    program     static /Users/mreiter/Desktop/AER201/botL.X/main.asm
                  _20Exit   0x000292    program     static /Users/mreiter/Desktop/AER201/botL.X/main.asm
                  _20Next   0x000286    program     static /Users/mreiter/Desktop/AER201/botL.X/main.asm
                  _21Exit   0x0002a8    program     static /Users/mreiter/Desktop/AER201/botL.X/main.asm
                  _21Next   0x00029c    program     static /Users/mreiter/Desktop/AER201/botL.X/main.asm
                  _22Exit   0x0002be    program     static /Users/mreiter/Desktop/AER201/botL.X/main.asm
                  _22Next   0x0002b2    program     static /Users/mreiter/Desktop/AER201/botL.X/main.asm
                  _23Exit   0x0002d4    program     static /Users/mreiter/Desktop/AER201/botL.X/main.asm
                  _23Next   0x0002c8    program     static /Users/mreiter/Desktop/AER201/botL.X/main.asm
                  _24loop   0x0002e6    program     static /Users/mreiter/Desktop/AER201/botL.X/main.asm
                  _25loop   0x0002f8    program     static /Users/mreiter/Desktop/AER201/botL.X/main.asm
               _26RESULTS   0x000338    program     static /Users/mreiter/Desktop/AER201/botL.X/main.asm
               _27RESULTS   0x00034e    program     static /Users/mreiter/Desktop/AER201/botL.X/main.asm
               _28RESULTS   0x000364    program     static /Users/mreiter/Desktop/AER201/botL.X/main.asm
               _29RESULTS   0x000382    program     static /Users/mreiter/Desktop/AER201/botL.X/main.asm
                 _2endBCD   0x000098    program     static /Users/mreiter/Desktop/AER201/botL.X/main.asm
                   _2ones   0x000092    program     static /Users/mreiter/Desktop/AER201/botL.X/main.asm
               _30RESULTS   0x000398    program     static /Users/mreiter/Desktop/AER201/botL.X/main.asm
               _31RESULTS   0x0003ae    program     static /Users/mreiter/Desktop/AER201/botL.X/main.asm
               _32RESULTS   0x0003cc    program     static /Users/mreiter/Desktop/AER201/botL.X/main.asm
               _33RESULTS   0x0003e2    program     static /Users/mreiter/Desktop/AER201/botL.X/main.asm
               _34RESULTS   0x0003f8    program     static /Users/mreiter/Desktop/AER201/botL.X/main.asm
               _35RESULTS   0x000416    program     static /Users/mreiter/Desktop/AER201/botL.X/main.asm
               _36RESULTS   0x00042c    program     static /Users/mreiter/Desktop/AER201/botL.X/main.asm
               _37RESULTS   0x000442    program     static /Users/mreiter/Desktop/AER201/botL.X/main.asm
                  _38loop   0x000452    program     static /Users/mreiter/Desktop/AER201/botL.X/main.asm
                  _39loop   0x00046a    program     static /Users/mreiter/Desktop/AER201/botL.X/main.asm
                 _3endBCD   0x0000ca    program     static /Users/mreiter/Desktop/AER201/botL.X/main.asm
                   _3ones   0x0000c4    program     static /Users/mreiter/Desktop/AER201/botL.X/main.asm
                  _40loop   0x0004a0    program     static /Users/mreiter/Desktop/AER201/botL.X/main.asm
                  _41Exit   0x0004ec    program     static /Users/mreiter/Desktop/AER201/botL.X/main.asm
                  _41Next   0x0004e0    program     static /Users/mreiter/Desktop/AER201/botL.X/main.asm
                  _46loop   0x0005e0    program     static /Users/mreiter/Desktop/AER201/botL.X/main.asm
                  _49loop   0x00067a    program     static /Users/mreiter/Desktop/AER201/botL.X/main.asm
                  _50Exit   0x0006ae    program     static /Users/mreiter/Desktop/AER201/botL.X/main.asm
                  _50Next   0x0006a2    program     static /Users/mreiter/Desktop/AER201/botL.X/main.asm
                  _51Exit   0x0006c4    program     static /Users/mreiter/Desktop/AER201/botL.X/main.asm
                  _51Next   0x0006b8    program     static /Users/mreiter/Desktop/AER201/botL.X/main.asm
                  _52loop   0x0006dc    program     static /Users/mreiter/Desktop/AER201/botL.X/main.asm
                  _53loop   0x0006fa    program     static /Users/mreiter/Desktop/AER201/botL.X/main.asm
                  _54Exit   0x000720    program     static /Users/mreiter/Desktop/AER201/botL.X/main.asm
                  _54Next   0x000714    program     static /Users/mreiter/Desktop/AER201/botL.X/main.asm
                  _55loop   0x000738    program     static /Users/mreiter/Desktop/AER201/botL.X/main.asm
                  _56loop   0x000756    program     static /Users/mreiter/Desktop/AER201/botL.X/main.asm
                  _57Exit   0x000778    program     static /Users/mreiter/Desktop/AER201/botL.X/main.asm
                  _57Next   0x00076c    program     static /Users/mreiter/Desktop/AER201/botL.X/main.asm
                  _58Exit   0x00078e    program     static /Users/mreiter/Desktop/AER201/botL.X/main.asm
                  _58Next   0x000782    program     static /Users/mreiter/Desktop/AER201/botL.X/main.asm
                  _59Exit   0x0007a4    program     static /Users/mreiter/Desktop/AER201/botL.X/main.asm
                  _59Next   0x000798    program     static /Users/mreiter/Desktop/AER201/botL.X/main.asm
                  _60Exit   0x0007ba    program     static /Users/mreiter/Desktop/AER201/botL.X/main.asm
                  _60Next   0x0007ae    program     static /Users/mreiter/Desktop/AER201/botL.X/main.asm
                  _61Exit   0x0007d0    program     static /Users/mreiter/Desktop/AER201/botL.X/main.asm
                  _61Next   0x0007c4    program     static /Users/mreiter/Desktop/AER201/botL.X/main.asm
                  _62Exit   0x0007e6    program     static /Users/mreiter/Desktop/AER201/botL.X/main.asm
                  _62Next   0x0007da    program     static /Users/mreiter/Desktop/AER201/botL.X/main.asm
                  _63Exit   0x0007fc    program     static /Users/mreiter/Desktop/AER201/botL.X/main.asm
                  _63Next   0x0007f0    program     static /Users/mreiter/Desktop/AER201/botL.X/main.asm
                  _64Exit   0x000812    program     static /Users/mreiter/Desktop/AER201/botL.X/main.asm
                  _64Next   0x000806    program     static /Users/mreiter/Desktop/AER201/botL.X/main.asm
                  _65Exit   0x000828    program     static /Users/mreiter/Desktop/AER201/botL.X/main.asm
                  _65Next   0x00081c    program     static /Users/mreiter/Desktop/AER201/botL.X/main.asm
                  _66Exit   0x00083e    program     static /Users/mreiter/Desktop/AER201/botL.X/main.asm
                  _66Next   0x000832    program     static /Users/mreiter/Desktop/AER201/botL.X/main.asm
                  _67loop   0x000856    program     static /Users/mreiter/Desktop/AER201/botL.X/main.asm
                  _70Exit   0x0008ee    program     static /Users/mreiter/Desktop/AER201/botL.X/main.asm
                  _70Next   0x0008e2    program     static /Users/mreiter/Desktop/AER201/botL.X/main.asm
                  _71loop   0x000906    program     static /Users/mreiter/Desktop/AER201/botL.X/main.asm
                  _72loop   0x000924    program     static /Users/mreiter/Desktop/AER201/botL.X/main.asm
                  _73Exit   0x000952    program     static /Users/mreiter/Desktop/AER201/botL.X/main.asm
                  _73Next   0x000946    program     static /Users/mreiter/Desktop/AER201/botL.X/main.asm
                  _74Exit   0x000968    program     static /Users/mreiter/Desktop/AER201/botL.X/main.asm
                  _74Next   0x00095c    program     static /Users/mreiter/Desktop/AER201/botL.X/main.asm
                  _75loop   0x000982    program     static /Users/mreiter/Desktop/AER201/botL.X/main.asm
                  _99loop   0x000c6e    program     static /Users/mreiter/Desktop/AER201/botL.X/main.asm
                  _waitl0   0x00120a    program     static /Users/mreiter/Desktop/AER201/botL.X/i2c_common.asm
                  _waitl1   0x0012b8    program     static /Users/mreiter/Desktop/AER201/botL.X/i2c_common.asm
                  _waitl2   0x001440    program     static /Users/mreiter/Desktop/AER201/botL.X/i2c_common.asm
                       d2   0x001104    program     static /Users/mreiter/Desktop/AER201/botL.X/lcd.asm
                del_loop0   0x000b9e    program     static /Users/mreiter/Desktop/AER201/botL.X/main.asm
                delay44us   0x0010e8    program     static /Users/mreiter/Desktop/AER201/botL.X/lcd.asm
                 delay5ms   0x0010f4    program     extern /Users/mreiter/Desktop/AER201/botL.X/lcd.asm
               displayNum   0x00087c    program     static /Users/mreiter/Desktop/AER201/botL.X/main.asm
         i2c_common_setup   0x00110a    program     extern /Users/mreiter/Desktop/AER201/botL.X/i2c_common.asm
             lcdLongDelay   0x0010d2    program     static /Users/mreiter/Desktop/AER201/botL.X/lcd.asm
                loop200us   0x000cb2    program     static /Users/mreiter/Desktop/AER201/botL.X/main.asm
                 loop50ms   0x000cc0    program     static /Users/mreiter/Desktop/AER201/botL.X/main.asm
                  loop5us   0x000ca4    program     static /Users/mreiter/Desktop/AER201/botL.X/main.asm
                 read_rtc   0x0011a6    program     extern /Users/mreiter/Desktop/AER201/botL.X/i2c_common.asm
              rtc_convert   0x00123c    program     extern /Users/mreiter/Desktop/AER201/botL.X/i2c_common.asm
                write_rtc   0x00112c    program     extern /Users/mreiter/Desktop/AER201/botL.X/i2c_common.asm
           convert_buffer   0x000087       data     extern /Users/mreiter/Desktop/AER201/botL.X/i2c_common.asm
             data_colourH   0x000084       data     extern /Users/mreiter/Desktop/AER201/botL.X/i2c_common.asm
             data_colourL   0x000083       data     extern /Users/mreiter/Desktop/AER201/botL.X/i2c_common.asm
                 databyte   0x000081       data     extern /Users/mreiter/Desktop/AER201/botL.X/i2c_common.asm
                 datachar   0x000082       data     extern /Users/mreiter/Desktop/AER201/botL.X/i2c_common.asm
               ones_digit   0x000086       data     extern /Users/mreiter/Desktop/AER201/botL.X/i2c_common.asm
               regaddress   0x000080       data     extern /Users/mreiter/Desktop/AER201/botL.X/i2c_common.asm
               tens_digit   0x000085       data     extern /Users/mreiter/Desktop/AER201/botL.X/i2c_common.asm



                              Symbols - Sorted by Address
                     Name    Address   Location    Storage File                     
                ---------  ---------  ---------  --------- ---------                
                 ISR_HIGH   0x00001c    program     static /Users/mreiter/Desktop/AER201/botL.X/main.asm
                   _2ones   0x000092    program     static /Users/mreiter/Desktop/AER201/botL.X/main.asm
                 _2endBCD   0x000098    program     static /Users/mreiter/Desktop/AER201/botL.X/main.asm
                   _3ones   0x0000c4    program     static /Users/mreiter/Desktop/AER201/botL.X/main.asm
                 _3endBCD   0x0000ca    program     static /Users/mreiter/Desktop/AER201/botL.X/main.asm
             END_ISR_HIGH   0x0000cc    program     static /Users/mreiter/Desktop/AER201/botL.X/main.asm
                  ISR_LOW   0x0000d6    program     static /Users/mreiter/Desktop/AER201/botL.X/main.asm
              END_ISR_LOW   0x0000f2    program     static /Users/mreiter/Desktop/AER201/botL.X/main.asm
                     INIT   0x0000fc    program     static /Users/mreiter/Desktop/AER201/botL.X/main.asm
                  _13loop   0x0001e4    program     static /Users/mreiter/Desktop/AER201/botL.X/main.asm
                  _14loop   0x000202    program     static /Users/mreiter/Desktop/AER201/botL.X/main.asm
                  _15loop   0x000210    program     static /Users/mreiter/Desktop/AER201/botL.X/main.asm
                  STANDBY   0x00021a    program     static /Users/mreiter/Desktop/AER201/botL.X/main.asm
                  _16loop   0x00022e    program     static /Users/mreiter/Desktop/AER201/botL.X/main.asm
             HOLD_STANDBY   0x000238    program     static /Users/mreiter/Desktop/AER201/botL.X/main.asm
                  _17Next   0x000244    program     static /Users/mreiter/Desktop/AER201/botL.X/main.asm
                  _17Exit   0x000250    program     static /Users/mreiter/Desktop/AER201/botL.X/main.asm
                  _18Next   0x00025a    program     static /Users/mreiter/Desktop/AER201/botL.X/main.asm
                  _18Exit   0x000266    program     static /Users/mreiter/Desktop/AER201/botL.X/main.asm
                  _19Next   0x000270    program     static /Users/mreiter/Desktop/AER201/botL.X/main.asm
                  _19Exit   0x00027c    program     static /Users/mreiter/Desktop/AER201/botL.X/main.asm
                  _20Next   0x000286    program     static /Users/mreiter/Desktop/AER201/botL.X/main.asm
                  _20Exit   0x000292    program     static /Users/mreiter/Desktop/AER201/botL.X/main.asm
                  _21Next   0x00029c    program     static /Users/mreiter/Desktop/AER201/botL.X/main.asm
                  _21Exit   0x0002a8    program     static /Users/mreiter/Desktop/AER201/botL.X/main.asm
                  _22Next   0x0002b2    program     static /Users/mreiter/Desktop/AER201/botL.X/main.asm
                  _22Exit   0x0002be    program     static /Users/mreiter/Desktop/AER201/botL.X/main.asm
                  _23Next   0x0002c8    program     static /Users/mreiter/Desktop/AER201/botL.X/main.asm
                  _23Exit   0x0002d4    program     static /Users/mreiter/Desktop/AER201/botL.X/main.asm
                  IR_TEST   0x0002d8    program     static /Users/mreiter/Desktop/AER201/botL.X/main.asm
                  _24loop   0x0002e6    program     static /Users/mreiter/Desktop/AER201/botL.X/main.asm
                  _25loop   0x0002f8    program     static /Users/mreiter/Desktop/AER201/botL.X/main.asm
                STEP_TEST   0x000304    program     static /Users/mreiter/Desktop/AER201/botL.X/main.asm
              CHECK_CLEAR   0x000326    program     static /Users/mreiter/Desktop/AER201/botL.X/main.asm
               _26RESULTS   0x000338    program     static /Users/mreiter/Desktop/AER201/botL.X/main.asm
               _27RESULTS   0x00034e    program     static /Users/mreiter/Desktop/AER201/botL.X/main.asm
               _28RESULTS   0x000364    program     static /Users/mreiter/Desktop/AER201/botL.X/main.asm
                CHECK_RED   0x000370    program     static /Users/mreiter/Desktop/AER201/botL.X/main.asm
               _29RESULTS   0x000382    program     static /Users/mreiter/Desktop/AER201/botL.X/main.asm
               _30RESULTS   0x000398    program     static /Users/mreiter/Desktop/AER201/botL.X/main.asm
               _31RESULTS   0x0003ae    program     static /Users/mreiter/Desktop/AER201/botL.X/main.asm
              CHECK_GREEN   0x0003ba    program     static /Users/mreiter/Desktop/AER201/botL.X/main.asm
               _32RESULTS   0x0003cc    program     static /Users/mreiter/Desktop/AER201/botL.X/main.asm
               _33RESULTS   0x0003e2    program     static /Users/mreiter/Desktop/AER201/botL.X/main.asm
               _34RESULTS   0x0003f8    program     static /Users/mreiter/Desktop/AER201/botL.X/main.asm
               CHECK_BLUE   0x000404    program     static /Users/mreiter/Desktop/AER201/botL.X/main.asm
               _35RESULTS   0x000416    program     static /Users/mreiter/Desktop/AER201/botL.X/main.asm
               _36RESULTS   0x00042c    program     static /Users/mreiter/Desktop/AER201/botL.X/main.asm
               _37RESULTS   0x000442    program     static /Users/mreiter/Desktop/AER201/botL.X/main.asm
                  LOOPING   0x00044e    program     static /Users/mreiter/Desktop/AER201/botL.X/main.asm
              COLOUR_TEST   0x00044e    program     static /Users/mreiter/Desktop/AER201/botL.X/main.asm
                  _38loop   0x000452    program     static /Users/mreiter/Desktop/AER201/botL.X/main.asm
                  _39loop   0x00046a    program     static /Users/mreiter/Desktop/AER201/botL.X/main.asm
                EXECUTION   0x000482    program     static /Users/mreiter/Desktop/AER201/botL.X/main.asm
                  _40loop   0x0004a0    program     static /Users/mreiter/Desktop/AER201/botL.X/main.asm
                 HOLD_EXE   0x0004d4    program     static /Users/mreiter/Desktop/AER201/botL.X/main.asm
                  _41Next   0x0004e0    program     static /Users/mreiter/Desktop/AER201/botL.X/main.asm
                  _41Exit   0x0004ec    program     static /Users/mreiter/Desktop/AER201/botL.X/main.asm
                 EXIT_EXE   0x0004f0    program     static /Users/mreiter/Desktop/AER201/botL.X/main.asm
             _.org_2_050C   0x00050c    program     static /Users/mreiter/Desktop/AER201/botL.X/main.asm
             _.org_2_0524   0x000524    program     static /Users/mreiter/Desktop/AER201/botL.X/main.asm
             _.org_2_0540   0x000540    program     static /Users/mreiter/Desktop/AER201/botL.X/main.asm
             _.org_2_0558   0x000558    program     static /Users/mreiter/Desktop/AER201/botL.X/main.asm
             _.org_2_0574   0x000574    program     static /Users/mreiter/Desktop/AER201/botL.X/main.asm
             _.org_2_058C   0x00058c    program     static /Users/mreiter/Desktop/AER201/botL.X/main.asm
             _.org_2_05A8   0x0005a8    program     static /Users/mreiter/Desktop/AER201/botL.X/main.asm
             _.org_2_05C0   0x0005c0    program     static /Users/mreiter/Desktop/AER201/botL.X/main.asm
                 SaveData   0x0005cc    program     static /Users/mreiter/Desktop/AER201/botL.X/main.asm
                  _46loop   0x0005e0    program     static /Users/mreiter/Desktop/AER201/botL.X/main.asm
                ShiftLoop   0x0005fe    program     static /Users/mreiter/Desktop/AER201/botL.X/main.asm
             _.org_2_0624   0x000624    program     static /Users/mreiter/Desktop/AER201/botL.X/main.asm
             _.org_2_063C   0x00063c    program     static /Users/mreiter/Desktop/AER201/botL.X/main.asm
                      LOG   0x000666    program     static /Users/mreiter/Desktop/AER201/botL.X/main.asm
                  _49loop   0x00067a    program     static /Users/mreiter/Desktop/AER201/botL.X/main.asm
                 HOLD_LOG   0x000696    program     static /Users/mreiter/Desktop/AER201/botL.X/main.asm
                  _50Next   0x0006a2    program     static /Users/mreiter/Desktop/AER201/botL.X/main.asm
                  _50Exit   0x0006ae    program     static /Users/mreiter/Desktop/AER201/botL.X/main.asm
                  _51Next   0x0006b8    program     static /Users/mreiter/Desktop/AER201/botL.X/main.asm
                  _51Exit   0x0006c4    program     static /Users/mreiter/Desktop/AER201/botL.X/main.asm
                 LOG_INFO   0x0006c8    program     static /Users/mreiter/Desktop/AER201/botL.X/main.asm
                  _52loop   0x0006dc    program     static /Users/mreiter/Desktop/AER201/botL.X/main.asm
                  _53loop   0x0006fa    program     static /Users/mreiter/Desktop/AER201/botL.X/main.asm
            HOLD_LOG_INFO   0x000708    program     static /Users/mreiter/Desktop/AER201/botL.X/main.asm
                  _54Next   0x000714    program     static /Users/mreiter/Desktop/AER201/botL.X/main.asm
                  _54Exit   0x000720    program     static /Users/mreiter/Desktop/AER201/botL.X/main.asm
                 PERM_LOG   0x000724    program     static /Users/mreiter/Desktop/AER201/botL.X/main.asm
                  _55loop   0x000738    program     static /Users/mreiter/Desktop/AER201/botL.X/main.asm
                  _56loop   0x000756    program     static /Users/mreiter/Desktop/AER201/botL.X/main.asm
            HOLD_PERM_LOG   0x000760    program     static /Users/mreiter/Desktop/AER201/botL.X/main.asm
                  _57Next   0x00076c    program     static /Users/mreiter/Desktop/AER201/botL.X/main.asm
                  _57Exit   0x000778    program     static /Users/mreiter/Desktop/AER201/botL.X/main.asm
                  _58Next   0x000782    program     static /Users/mreiter/Desktop/AER201/botL.X/main.asm
                  _58Exit   0x00078e    program     static /Users/mreiter/Desktop/AER201/botL.X/main.asm
                  _59Next   0x000798    program     static /Users/mreiter/Desktop/AER201/botL.X/main.asm
                  _59Exit   0x0007a4    program     static /Users/mreiter/Desktop/AER201/botL.X/main.asm
                  _60Next   0x0007ae    program     static /Users/mreiter/Desktop/AER201/botL.X/main.asm
                  _60Exit   0x0007ba    program     static /Users/mreiter/Desktop/AER201/botL.X/main.asm
                  _61Next   0x0007c4    program     static /Users/mreiter/Desktop/AER201/botL.X/main.asm
                  _61Exit   0x0007d0    program     static /Users/mreiter/Desktop/AER201/botL.X/main.asm
                  _62Next   0x0007da    program     static /Users/mreiter/Desktop/AER201/botL.X/main.asm
                  _62Exit   0x0007e6    program     static /Users/mreiter/Desktop/AER201/botL.X/main.asm
                  _63Next   0x0007f0    program     static /Users/mreiter/Desktop/AER201/botL.X/main.asm
                  _63Exit   0x0007fc    program     static /Users/mreiter/Desktop/AER201/botL.X/main.asm
                  _64Next   0x000806    program     static /Users/mreiter/Desktop/AER201/botL.X/main.asm
                  _64Exit   0x000812    program     static /Users/mreiter/Desktop/AER201/botL.X/main.asm
                  _65Next   0x00081c    program     static /Users/mreiter/Desktop/AER201/botL.X/main.asm
                  _65Exit   0x000828    program     static /Users/mreiter/Desktop/AER201/botL.X/main.asm
                  _66Next   0x000832    program     static /Users/mreiter/Desktop/AER201/botL.X/main.asm
                  _66Exit   0x00083e    program     static /Users/mreiter/Desktop/AER201/botL.X/main.asm
                     PLOG   0x000842    program     static /Users/mreiter/Desktop/AER201/botL.X/main.asm
                  _67loop   0x000856    program     static /Users/mreiter/Desktop/AER201/botL.X/main.asm
               displayNum   0x00087c    program     static /Users/mreiter/Desktop/AER201/botL.X/main.asm
                HOLD_PLOG   0x0008d6    program     static /Users/mreiter/Desktop/AER201/botL.X/main.asm
                  _70Next   0x0008e2    program     static /Users/mreiter/Desktop/AER201/botL.X/main.asm
                  _70Exit   0x0008ee    program     static /Users/mreiter/Desktop/AER201/botL.X/main.asm
                  PC_MODE   0x0008f2    program     static /Users/mreiter/Desktop/AER201/botL.X/main.asm
                  _71loop   0x000906    program     static /Users/mreiter/Desktop/AER201/botL.X/main.asm
                  _72loop   0x000924    program     static /Users/mreiter/Desktop/AER201/botL.X/main.asm
                  HOLD_PC   0x00093a    program     static /Users/mreiter/Desktop/AER201/botL.X/main.asm
                  _73Next   0x000946    program     static /Users/mreiter/Desktop/AER201/botL.X/main.asm
                  _73Exit   0x000952    program     static /Users/mreiter/Desktop/AER201/botL.X/main.asm
                  _74Next   0x00095c    program     static /Users/mreiter/Desktop/AER201/botL.X/main.asm
                  _74Exit   0x000968    program     static /Users/mreiter/Desktop/AER201/botL.X/main.asm
              PC_TRANSFER   0x00096c    program     static /Users/mreiter/Desktop/AER201/botL.X/main.asm
                  _75loop   0x000982    program     static /Users/mreiter/Desktop/AER201/botL.X/main.asm
                 RTC_INIT   0x000994    program     static /Users/mreiter/Desktop/AER201/botL.X/main.asm
                SAVE_TIME   0x0009a2    program     static /Users/mreiter/Desktop/AER201/botL.X/main.asm
            SAVE_EXE_TIME   0x000a08    program     static /Users/mreiter/Desktop/AER201/botL.X/main.asm
             _.org_2_0A24   0x000a24    program     static /Users/mreiter/Desktop/AER201/botL.X/main.asm
             _.org_2_0A3C   0x000a3c    program     static /Users/mreiter/Desktop/AER201/botL.X/main.asm
             _.org_2_0A60   0x000a60    program     static /Users/mreiter/Desktop/AER201/botL.X/main.asm
             _.org_2_0A78   0x000a78    program     static /Users/mreiter/Desktop/AER201/botL.X/main.asm
             _.org_2_0A9C   0x000a9c    program     static /Users/mreiter/Desktop/AER201/botL.X/main.asm
             _.org_2_0AB4   0x000ab4    program     static /Users/mreiter/Desktop/AER201/botL.X/main.asm
              DISPLAY_RTC   0x000abe    program     static /Users/mreiter/Desktop/AER201/botL.X/main.asm
                 SET_TIME   0x000b98    program     static /Users/mreiter/Desktop/AER201/botL.X/main.asm
                del_loop0   0x000b9e    program     static /Users/mreiter/Desktop/AER201/botL.X/main.asm
               INIT_USART   0x000c00    program     static /Users/mreiter/Desktop/AER201/botL.X/main.asm
                DataUSART   0x000c14    program     static /Users/mreiter/Desktop/AER201/botL.X/main.asm
            TRANSFER_LOGS   0x000c24    program     static /Users/mreiter/Desktop/AER201/botL.X/main.asm
            TRANSFER_DATA   0x000c2e    program     static /Users/mreiter/Desktop/AER201/botL.X/main.asm
                  _99loop   0x000c6e    program     static /Users/mreiter/Desktop/AER201/botL.X/main.asm
                 _100loop   0x000c7c    program     static /Users/mreiter/Desktop/AER201/botL.X/main.asm
               USART_WAIT   0x000c88    program     static /Users/mreiter/Desktop/AER201/botL.X/main.asm
             _.org_2_0C8C   0x000c8c    program     static /Users/mreiter/Desktop/AER201/botL.X/main.asm
               USART_LINE   0x000c92    program     static /Users/mreiter/Desktop/AER201/botL.X/main.asm
                 Delay5us   0x000ca0    program     static /Users/mreiter/Desktop/AER201/botL.X/main.asm
                  loop5us   0x000ca4    program     static /Users/mreiter/Desktop/AER201/botL.X/main.asm
               Delay200us   0x000cae    program     static /Users/mreiter/Desktop/AER201/botL.X/main.asm
                loop200us   0x000cb2    program     static /Users/mreiter/Desktop/AER201/botL.X/main.asm
                Delay50ms   0x000cbc    program     static /Users/mreiter/Desktop/AER201/botL.X/main.asm
                 loop50ms   0x000cc0    program     static /Users/mreiter/Desktop/AER201/botL.X/main.asm
                   Cycles   0x000cc6    program     static /Users/mreiter/Desktop/AER201/botL.X/main.asm
              WriteEE_RTC   0x000cd0    program     static /Users/mreiter/Desktop/AER201/botL.X/main.asm
             _.org_2_0CDE   0x000cde    program     static /Users/mreiter/Desktop/AER201/botL.X/main.asm
             _.org_2_0CF6   0x000cf6    program     static /Users/mreiter/Desktop/AER201/botL.X/main.asm
             _.org_2_0D0C   0x000d0c    program     static /Users/mreiter/Desktop/AER201/botL.X/main.asm
             _.org_2_0D24   0x000d24    program     static /Users/mreiter/Desktop/AER201/botL.X/main.asm
           ClearEEPROM_21   0x000d2e    program     static /Users/mreiter/Desktop/AER201/botL.X/main.asm
                ClearNext   0x000d36    program     static /Users/mreiter/Desktop/AER201/botL.X/main.asm
             _.org_2_0D44   0x000d44    program     static /Users/mreiter/Desktop/AER201/botL.X/main.asm
             _.org_2_0D5C   0x000d5c    program     static /Users/mreiter/Desktop/AER201/botL.X/main.asm
                 READ_KEY   0x000d74    program     static /Users/mreiter/Desktop/AER201/botL.X/main.asm
             _.org_2_0D82   0x000d82    program     static /Users/mreiter/Desktop/AER201/botL.X/main.asm
            READ_KEY_TIME   0x000d88    program     static /Users/mreiter/Desktop/AER201/botL.X/main.asm
             _.org_2_0D9E   0x000d9e    program     static /Users/mreiter/Desktop/AER201/botL.X/main.asm
           DisplayExeTime   0x000da4    program     static /Users/mreiter/Desktop/AER201/botL.X/main.asm
                 _105loop   0x000dce    program     static /Users/mreiter/Desktop/AER201/botL.X/main.asm
        NoSkipDispExeTime   0x000de2    program     static /Users/mreiter/Desktop/AER201/botL.X/main.asm
          SkipDispExeTime   0x000e34    program     static /Users/mreiter/Desktop/AER201/botL.X/main.asm
                DispOpRTC   0x000e36    program     static /Users/mreiter/Desktop/AER201/botL.X/main.asm
                 _110loop   0x000e60    program     static /Users/mreiter/Desktop/AER201/botL.X/main.asm
          NoSkipDispOpRTC   0x000e72    program     static /Users/mreiter/Desktop/AER201/botL.X/main.asm
            SkipDispOpRTC   0x000ed2    program     static /Users/mreiter/Desktop/AER201/botL.X/main.asm
         DispOpRTC_Helper   0x000ed4    program     static /Users/mreiter/Desktop/AER201/botL.X/main.asm
                  Welcome   0x000f0e    program     static /Users/mreiter/Desktop/AER201/botL.X/main.asm
                     Team   0x000f14    program     static /Users/mreiter/Desktop/AER201/botL.X/main.asm
                  StandBy   0x000f1e    program     static /Users/mreiter/Desktop/AER201/botL.X/main.asm
                     Log1   0x000f26    program     static /Users/mreiter/Desktop/AER201/botL.X/main.asm
                     Log2   0x000f2c    program     static /Users/mreiter/Desktop/AER201/botL.X/main.asm
                 LogInfo1   0x000f3a    program     static /Users/mreiter/Desktop/AER201/botL.X/main.asm
                 LogInfo2   0x000f42    program     static /Users/mreiter/Desktop/AER201/botL.X/main.asm
                 PermLog1   0x000f4c    program     static /Users/mreiter/Desktop/AER201/botL.X/main.asm
                 PermLog2   0x000f5c    program     static /Users/mreiter/Desktop/AER201/botL.X/main.asm
                     Exe1   0x000f68    program     static /Users/mreiter/Desktop/AER201/botL.X/main.asm
                     Exe2   0x000f74    program     static /Users/mreiter/Desktop/AER201/botL.X/main.asm
                      PC1   0x000f7c    program     static /Users/mreiter/Desktop/AER201/botL.X/main.asm
                      PC2   0x000f8a    program     static /Users/mreiter/Desktop/AER201/botL.X/main.asm
               PCTransfer   0x000f94    program     static /Users/mreiter/Desktop/AER201/botL.X/main.asm
               PCComplete   0x000fa4    program     static /Users/mreiter/Desktop/AER201/botL.X/main.asm
                  Stopped   0x000fae    program     static /Users/mreiter/Desktop/AER201/botL.X/main.asm
                 Exe_Time   0x000fb6    program     static /Users/mreiter/Desktop/AER201/botL.X/main.asm
                     SAVE   0x000fbe    program     static /Users/mreiter/Desktop/AER201/botL.X/main.asm
                   Safety   0x000fc8    program     static /Users/mreiter/Desktop/AER201/botL.X/main.asm
                   NoData   0x000fd8    program     static /Users/mreiter/Desktop/AER201/botL.X/main.asm
                   PCLog1   0x000fdc    program     static /Users/mreiter/Desktop/AER201/botL.X/main.asm
                  InitLCD   0x000fec    program     extern /Users/mreiter/Desktop/AER201/botL.X/lcd.asm
                   WR_INS   0x001044    program     extern /Users/mreiter/Desktop/AER201/botL.X/lcd.asm
                  WR_DATA   0x001060    program     extern /Users/mreiter/Desktop/AER201/botL.X/lcd.asm
                   WrtLCD   0x001082    program     extern /Users/mreiter/Desktop/AER201/botL.X/lcd.asm
                   ClrLCD   0x001098    program     extern /Users/mreiter/Desktop/AER201/botL.X/lcd.asm
                   ClkLCD   0x0010a6    program     extern /Users/mreiter/Desktop/AER201/botL.X/lcd.asm
              _.code_00C6   0x0010b2    program     static /Users/mreiter/Desktop/AER201/botL.X/lcd.asm
                   LCD_L1   0x0010b8    program     extern /Users/mreiter/Desktop/AER201/botL.X/lcd.asm
                   LCD_L2   0x0010c0    program     extern /Users/mreiter/Desktop/AER201/botL.X/lcd.asm
                   MovMSB   0x0010c8    program     static /Users/mreiter/Desktop/AER201/botL.X/lcd.asm
             lcdLongDelay   0x0010d2    program     static /Users/mreiter/Desktop/AER201/botL.X/lcd.asm
                 LLD_LOOP   0x0010d6    program     static /Users/mreiter/Desktop/AER201/botL.X/lcd.asm
              _.code_00F0   0x0010dc    program     static /Users/mreiter/Desktop/AER201/botL.X/lcd.asm
                delay44us   0x0010e8    program     static /Users/mreiter/Desktop/AER201/botL.X/lcd.asm
            Delay44usLoop   0x0010ec    program     static /Users/mreiter/Desktop/AER201/botL.X/lcd.asm
                 delay5ms   0x0010f4    program     extern /Users/mreiter/Desktop/AER201/botL.X/lcd.asm
             Delay5msLoop   0x0010fc    program     static /Users/mreiter/Desktop/AER201/botL.X/lcd.asm
                       d2   0x001104    program     static /Users/mreiter/Desktop/AER201/botL.X/lcd.asm
         i2c_common_setup   0x00110a    program     extern /Users/mreiter/Desktop/AER201/botL.X/i2c_common.asm
              _.code_001C   0x001126    program     static /Users/mreiter/Desktop/AER201/botL.X/i2c_common.asm
                write_rtc   0x00112c    program     extern /Users/mreiter/Desktop/AER201/botL.X/i2c_common.asm
              _.code_002A   0x001134    program     static /Users/mreiter/Desktop/AER201/botL.X/i2c_common.asm
              _.code_0032   0x00113c    program     static /Users/mreiter/Desktop/AER201/botL.X/i2c_common.asm
              _.code_0038   0x001142    program     static /Users/mreiter/Desktop/AER201/botL.X/i2c_common.asm
              _.code_0048   0x001152    program     static /Users/mreiter/Desktop/AER201/botL.X/i2c_common.asm
              _.code_004E   0x001158    program     static /Users/mreiter/Desktop/AER201/botL.X/i2c_common.asm
              _.code_005E   0x001168    program     static /Users/mreiter/Desktop/AER201/botL.X/i2c_common.asm
              _.code_0064   0x00116e    program     static /Users/mreiter/Desktop/AER201/botL.X/i2c_common.asm
              WR_ERR1_RTC   0x00117c    program     static /Users/mreiter/Desktop/AER201/botL.X/i2c_common.asm
              WR_ERR2_RTC   0x001186    program     static /Users/mreiter/Desktop/AER201/botL.X/i2c_common.asm
              WR_ERR3_RTC   0x001192    program     static /Users/mreiter/Desktop/AER201/botL.X/i2c_common.asm
               WR_END_RTC   0x00119c    program     static /Users/mreiter/Desktop/AER201/botL.X/i2c_common.asm
              _.code_0096   0x0011a0    program     static /Users/mreiter/Desktop/AER201/botL.X/i2c_common.asm
                 read_rtc   0x0011a6    program     extern /Users/mreiter/Desktop/AER201/botL.X/i2c_common.asm
              _.code_00A4   0x0011ae    program     static /Users/mreiter/Desktop/AER201/botL.X/i2c_common.asm
              _.code_00AC   0x0011b6    program     static /Users/mreiter/Desktop/AER201/botL.X/i2c_common.asm
              _.code_00B2   0x0011bc    program     static /Users/mreiter/Desktop/AER201/botL.X/i2c_common.asm
              _.code_00C2   0x0011cc    program     static /Users/mreiter/Desktop/AER201/botL.X/i2c_common.asm
              _.code_00C8   0x0011d2    program     static /Users/mreiter/Desktop/AER201/botL.X/i2c_common.asm
              _.code_00D6   0x0011e0    program     static /Users/mreiter/Desktop/AER201/botL.X/i2c_common.asm
              _.code_00DE   0x0011e8    program     static /Users/mreiter/Desktop/AER201/botL.X/i2c_common.asm
              _.code_00E4   0x0011ee    program     static /Users/mreiter/Desktop/AER201/botL.X/i2c_common.asm
              _.code_00F2   0x0011fc    program     static /Users/mreiter/Desktop/AER201/botL.X/i2c_common.asm
                  _waitl0   0x00120a    program     static /Users/mreiter/Desktop/AER201/botL.X/i2c_common.asm
              RD_ERR1_RTC   0x001214    program     static /Users/mreiter/Desktop/AER201/botL.X/i2c_common.asm
              RD_ERR2_RTC   0x00121e    program     static /Users/mreiter/Desktop/AER201/botL.X/i2c_common.asm
              RD_ERR3_RTC   0x001228    program     static /Users/mreiter/Desktop/AER201/botL.X/i2c_common.asm
               RD_END_RTC   0x001232    program     static /Users/mreiter/Desktop/AER201/botL.X/i2c_common.asm
              _.code_012C   0x001236    program     static /Users/mreiter/Desktop/AER201/botL.X/i2c_common.asm
              rtc_convert   0x00123c    program     extern /Users/mreiter/Desktop/AER201/botL.X/i2c_common.asm
          READ_COLOUR_I2C   0x001252    program     extern /Users/mreiter/Desktop/AER201/botL.X/i2c_common.asm
              _.code_0150   0x00125a    program     static /Users/mreiter/Desktop/AER201/botL.X/i2c_common.asm
              _.code_0158   0x001262    program     static /Users/mreiter/Desktop/AER201/botL.X/i2c_common.asm
              _.code_015E   0x001268    program     static /Users/mreiter/Desktop/AER201/botL.X/i2c_common.asm
              _.code_0170   0x00127a    program     static /Users/mreiter/Desktop/AER201/botL.X/i2c_common.asm
              _.code_0176   0x001280    program     static /Users/mreiter/Desktop/AER201/botL.X/i2c_common.asm
              _.code_0184   0x00128e    program     static /Users/mreiter/Desktop/AER201/botL.X/i2c_common.asm
              _.code_018C   0x001296    program     static /Users/mreiter/Desktop/AER201/botL.X/i2c_common.asm
              _.code_0192   0x00129c    program     static /Users/mreiter/Desktop/AER201/botL.X/i2c_common.asm
              _.code_01A0   0x0012aa    program     static /Users/mreiter/Desktop/AER201/botL.X/i2c_common.asm
                  _waitl1   0x0012b8    program     static /Users/mreiter/Desktop/AER201/botL.X/i2c_common.asm
                  RD_ERR1   0x0012c2    program     static /Users/mreiter/Desktop/AER201/botL.X/i2c_common.asm
                  RD_ERR2   0x0012cc    program     static /Users/mreiter/Desktop/AER201/botL.X/i2c_common.asm
                  RD_ERR3   0x0012d6    program     static /Users/mreiter/Desktop/AER201/botL.X/i2c_common.asm
                   RD_END   0x0012e0    program     static /Users/mreiter/Desktop/AER201/botL.X/i2c_common.asm
              _.code_01DA   0x0012e4    program     static /Users/mreiter/Desktop/AER201/botL.X/i2c_common.asm
          I2C_Master_INIT   0x0012ea    program     static /Users/mreiter/Desktop/AER201/botL.X/i2c_common.asm
          I2C_Master_WAIT   0x0012fc    program     static /Users/mreiter/Desktop/AER201/botL.X/i2c_common.asm
                     WAIT   0x0012fc    program     static /Users/mreiter/Desktop/AER201/botL.X/i2c_common.asm
         I2C_Master_START   0x00130c    program     static /Users/mreiter/Desktop/AER201/botL.X/i2c_common.asm
        I2C_Master_RSTART   0x001314    program     static /Users/mreiter/Desktop/AER201/botL.X/i2c_common.asm
          I2C_Master_STOP   0x00131c    program     static /Users/mreiter/Desktop/AER201/botL.X/i2c_common.asm
         I2C_Master_WRITE   0x001324    program     static /Users/mreiter/Desktop/AER201/botL.X/i2c_common.asm
                  HOLD_UP   0x00132a    program     static /Users/mreiter/Desktop/AER201/botL.X/i2c_common.asm
          I2C_Master_READ   0x001332    program     static /Users/mreiter/Desktop/AER201/botL.X/i2c_common.asm
                     LOOP   0x001338    program     static /Users/mreiter/Desktop/AER201/botL.X/i2c_common.asm
           I2C_Master_ACK   0x001342    program     static /Users/mreiter/Desktop/AER201/botL.X/i2c_common.asm
                 TEST_ACK   0x001346    program     static /Users/mreiter/Desktop/AER201/botL.X/i2c_common.asm
         WRITE_COLOUR_I2C   0x00134c    program     extern /Users/mreiter/Desktop/AER201/botL.X/i2c_common.asm
              _.code_024A   0x001354    program     static /Users/mreiter/Desktop/AER201/botL.X/i2c_common.asm
              _.code_0252   0x00135c    program     static /Users/mreiter/Desktop/AER201/botL.X/i2c_common.asm
              _.code_0258   0x001362    program     static /Users/mreiter/Desktop/AER201/botL.X/i2c_common.asm
              _.code_026A   0x001374    program     static /Users/mreiter/Desktop/AER201/botL.X/i2c_common.asm
              _.code_0270   0x00137a    program     static /Users/mreiter/Desktop/AER201/botL.X/i2c_common.asm
              _.code_0282   0x00138c    program     static /Users/mreiter/Desktop/AER201/botL.X/i2c_common.asm
              _.code_0288   0x001392    program     static /Users/mreiter/Desktop/AER201/botL.X/i2c_common.asm
                  WR_ERR1   0x0013a0    program     static /Users/mreiter/Desktop/AER201/botL.X/i2c_common.asm
                  WR_ERR2   0x0013aa    program     static /Users/mreiter/Desktop/AER201/botL.X/i2c_common.asm
                  WR_ERR3   0x0013b6    program     static /Users/mreiter/Desktop/AER201/botL.X/i2c_common.asm
                   WR_END   0x0013c0    program     static /Users/mreiter/Desktop/AER201/botL.X/i2c_common.asm
              _.code_02BA   0x0013c4    program     static /Users/mreiter/Desktop/AER201/botL.X/i2c_common.asm
             INIT_ARDUINO   0x0013ca    program     extern /Users/mreiter/Desktop/AER201/botL.X/i2c_common.asm
              _.code_02C8   0x0013d2    program     static /Users/mreiter/Desktop/AER201/botL.X/i2c_common.asm
              _.code_02D0   0x0013da    program     static /Users/mreiter/Desktop/AER201/botL.X/i2c_common.asm
              _.code_02D6   0x0013e0    program     static /Users/mreiter/Desktop/AER201/botL.X/i2c_common.asm
              _.code_02E4   0x0013ee    program     static /Users/mreiter/Desktop/AER201/botL.X/i2c_common.asm
             READ_ARDUINO   0x0013f4    program     extern /Users/mreiter/Desktop/AER201/botL.X/i2c_common.asm
              _.code_02F2   0x0013fc    program     static /Users/mreiter/Desktop/AER201/botL.X/i2c_common.asm
              _.code_02FA   0x001404    program     static /Users/mreiter/Desktop/AER201/botL.X/i2c_common.asm
              _.code_0300   0x00140a    program     static /Users/mreiter/Desktop/AER201/botL.X/i2c_common.asm
              _.code_030E   0x001418    program     static /Users/mreiter/Desktop/AER201/botL.X/i2c_common.asm
              _.code_0316   0x001420    program     static /Users/mreiter/Desktop/AER201/botL.X/i2c_common.asm
              _.code_031C   0x001426    program     static /Users/mreiter/Desktop/AER201/botL.X/i2c_common.asm
              _.code_032A   0x001434    program     static /Users/mreiter/Desktop/AER201/botL.X/i2c_common.asm
                  _waitl2   0x001440    program     static /Users/mreiter/Desktop/AER201/botL.X/i2c_common.asm
              _.code_0340   0x00144a    program     static /Users/mreiter/Desktop/AER201/botL.X/i2c_common.asm
                I2C_ACKDT   0x001450    program     extern /Users/mreiter/Desktop/AER201/botL.X/i2c.asm
                CHECK_ACK   0x001450    program     extern /Users/mreiter/Desktop/AER201/botL.X/i2c.asm
                 I2C_temp   0x001450    program     static /Users/mreiter/Desktop/AER201/botL.X/i2c.asm
               CHECK_NACK   0x001454    program     extern /Users/mreiter/Desktop/AER201/botL.X/i2c.asm
                TEST_NACK   0x001458    program     static /Users/mreiter/Desktop/AER201/botL.X/i2c.asm
          I2C_Master_INIT   0x001460    program     extern /Users/mreiter/Desktop/AER201/botL.X/i2c.asm
          I2C_Master_WAIT   0x001472    program     extern /Users/mreiter/Desktop/AER201/botL.X/i2c.asm
                     WAIT   0x001472    program     static /Users/mreiter/Desktop/AER201/botL.X/i2c.asm
         I2C_Master_START   0x001482    program     extern /Users/mreiter/Desktop/AER201/botL.X/i2c.asm
        I2C_Master_RSTART   0x00148a    program     extern /Users/mreiter/Desktop/AER201/botL.X/i2c.asm
          I2C_Master_STOP   0x001492    program     extern /Users/mreiter/Desktop/AER201/botL.X/i2c.asm
         I2C_Master_WRITE   0x00149a    program     extern /Users/mreiter/Desktop/AER201/botL.X/i2c.asm
                  HOLD_UP   0x0014a0    program     static /Users/mreiter/Desktop/AER201/botL.X/i2c.asm
          I2C_Master_READ   0x0014a8    program     extern /Users/mreiter/Desktop/AER201/botL.X/i2c.asm
                     LOOP   0x0014ae    program     static /Users/mreiter/Desktop/AER201/botL.X/i2c.asm
           I2C_Master_ACK   0x0014b6    program     extern /Users/mreiter/Desktop/AER201/botL.X/i2c.asm
                 TEST_ACK   0x0014ba    program     static /Users/mreiter/Desktop/AER201/botL.X/i2c.asm
               regaddress   0x000080       data     extern /Users/mreiter/Desktop/AER201/botL.X/i2c_common.asm
                 databyte   0x000081       data     extern /Users/mreiter/Desktop/AER201/botL.X/i2c_common.asm
                 datachar   0x000082       data     extern /Users/mreiter/Desktop/AER201/botL.X/i2c_common.asm
             data_colourL   0x000083       data     extern /Users/mreiter/Desktop/AER201/botL.X/i2c_common.asm
             data_colourH   0x000084       data     extern /Users/mreiter/Desktop/AER201/botL.X/i2c_common.asm
               tens_digit   0x000085       data     extern /Users/mreiter/Desktop/AER201/botL.X/i2c_common.asm
               ones_digit   0x000086       data     extern /Users/mreiter/Desktop/AER201/botL.X/i2c_common.asm
           convert_buffer   0x000087       data     extern /Users/mreiter/Desktop/AER201/botL.X/i2c_common.asm


