MPLINK 5.08, LINKER
Linker Map File - Created Mon Feb  6 22:07:02 2017

                                 Section Info
                  Section       Type    Address   Location Size(Bytes)
                ---------  ---------  ---------  ---------  ---------
                   .org_0       code   0x000000    program   0x000004
                   .cinit    romdata   0x000004    program   0x000002
                   .org_1       code   0x000008    program   0x000004
                   .org_2       code   0x000018    program   0x000a40
                    .code       code   0x000a58    program   0x00037c
.config_300001_BUILD/DEFAULT/PRODUCTION/MAIN.O    romdata   0x300001    program   0x000001
.config_300002_BUILD/DEFAULT/PRODUCTION/MAIN.O    romdata   0x300002    program   0x000001
.config_300003_BUILD/DEFAULT/PRODUCTION/MAIN.O    romdata   0x300003    program   0x000001
.config_300005_BUILD/DEFAULT/PRODUCTION/MAIN.O    romdata   0x300005    program   0x000001
.config_300006_BUILD/DEFAULT/PRODUCTION/MAIN.O    romdata   0x300006    program   0x000001
.config_300008_BUILD/DEFAULT/PRODUCTION/MAIN.O    romdata   0x300008    program   0x000001
.config_300009_BUILD/DEFAULT/PRODUCTION/MAIN.O    romdata   0x300009    program   0x000001
.config_30000A_BUILD/DEFAULT/PRODUCTION/MAIN.O    romdata   0x30000a    program   0x000001
.config_30000B_BUILD/DEFAULT/PRODUCTION/MAIN.O    romdata   0x30000b    program   0x000001
.config_30000C_BUILD/DEFAULT/PRODUCTION/MAIN.O    romdata   0x30000c    program   0x000001
.config_30000D_BUILD/DEFAULT/PRODUCTION/MAIN.O    romdata   0x30000d    program   0x000001
                   .udata      udata   0x0000b0       data   0x000006



                              Program Memory Usage 
                               Start         End      
                           ---------   ---------      
                            0x000000    0x000005      
                            0x000008    0x00000b      
                            0x000018    0x000dd3      
                            0x300001    0x300003      
                            0x300005    0x300006      
                            0x300008    0x30000d      
            3537 out of 66584 program addresses used, program memory utilization is 5%



                              Symbols - Sorted by Name
                     Name    Address   Location    Storage File                     
                ---------  ---------  ---------  --------- ---------                
           ClearEEPROM_21   0x000784    program     static /Users/mreiter/Desktop/AER201/botL.X/main.asm
                ClearNext   0x00078c    program     static /Users/mreiter/Desktop/AER201/botL.X/main.asm
                   ClkLCD   0x000bd6    program     extern /Users/mreiter/Desktop/AER201/botL.X/lcd.asm
                   ClrLCD   0x000bc8    program     extern /Users/mreiter/Desktop/AER201/botL.X/lcd.asm
              Convert_RTC   0x0006e2    program     static /Users/mreiter/Desktop/AER201/botL.X/main.asm
                   Cycles   0x00071c    program     static /Users/mreiter/Desktop/AER201/botL.X/main.asm
               Delay200us   0x000704    program     static /Users/mreiter/Desktop/AER201/botL.X/main.asm
            Delay44usLoop   0x000c1c    program     static /Users/mreiter/Desktop/AER201/botL.X/lcd.asm
                Delay50ms   0x000712    program     static /Users/mreiter/Desktop/AER201/botL.X/main.asm
             Delay5msLoop   0x000c2c    program     static /Users/mreiter/Desktop/AER201/botL.X/lcd.asm
                 Delay5us   0x0006f6    program     static /Users/mreiter/Desktop/AER201/botL.X/main.asm
                DispOpRTC   0x00097a    program     static /Users/mreiter/Desktop/AER201/botL.X/main.asm
         DispOpRTC_Helper   0x000a1e    program     static /Users/mreiter/Desktop/AER201/botL.X/main.asm
              DisplayTime   0x000908    program     static /Users/mreiter/Desktop/AER201/botL.X/main.asm
             END_ISR_HIGH   0x00008c    program     static /Users/mreiter/Desktop/AER201/botL.X/main.asm
              END_ISR_LOW   0x0000b2    program     static /Users/mreiter/Desktop/AER201/botL.X/main.asm
                EXECUTION   0x000268    program     static /Users/mreiter/Desktop/AER201/botL.X/main.asm
                 EXIT_EXE   0x0002d4    program     static /Users/mreiter/Desktop/AER201/botL.X/main.asm
                     Exe1   0x000ab2    program     static /Users/mreiter/Desktop/AER201/botL.X/main.asm
                     Exe2   0x000abe    program     static /Users/mreiter/Desktop/AER201/botL.X/main.asm
                 HOLD_EXE   0x0002b8    program     static /Users/mreiter/Desktop/AER201/botL.X/main.asm
                 HOLD_KEY   0x0007ca    program     static /Users/mreiter/Desktop/AER201/botL.X/main.asm
             HOLD_KEY_RTC   0x0007de    program     static /Users/mreiter/Desktop/AER201/botL.X/main.asm
                 HOLD_LOG   0x00048a    program     static /Users/mreiter/Desktop/AER201/botL.X/main.asm
            HOLD_LOG_INFO   0x0004f8    program     static /Users/mreiter/Desktop/AER201/botL.X/main.asm
            HOLD_PERM_LOG   0x000550    program     static /Users/mreiter/Desktop/AER201/botL.X/main.asm
                HOLD_PLOG   0x0006c6    program     static /Users/mreiter/Desktop/AER201/botL.X/main.asm
             HOLD_STANDBY   0x000220    program     static /Users/mreiter/Desktop/AER201/botL.X/main.asm
                I2C_ACKDT   0x000d6c    program     extern /Users/mreiter/Desktop/AER201/botL.X/i2c.asm
           I2C_Master_ACK   0x000dc8    program     extern /Users/mreiter/Desktop/AER201/botL.X/i2c.asm
          I2C_Master_INIT   0x000d6c    program     extern /Users/mreiter/Desktop/AER201/botL.X/i2c.asm
          I2C_Master_NACK   0x000dce    program     extern /Users/mreiter/Desktop/AER201/botL.X/i2c.asm
          I2C_Master_READ   0x000daa    program     extern /Users/mreiter/Desktop/AER201/botL.X/i2c.asm
        I2C_Master_RSTART   0x000d96    program     extern /Users/mreiter/Desktop/AER201/botL.X/i2c.asm
         I2C_Master_START   0x000d8e    program     extern /Users/mreiter/Desktop/AER201/botL.X/i2c.asm
          I2C_Master_STOP   0x000d9e    program     extern /Users/mreiter/Desktop/AER201/botL.X/i2c.asm
          I2C_Master_WAIT   0x000d7e    program     extern /Users/mreiter/Desktop/AER201/botL.X/i2c.asm
         I2C_Master_WRITE   0x000da2    program     extern /Users/mreiter/Desktop/AER201/botL.X/i2c.asm
                 I2C_temp   0x000d6c    program     static /Users/mreiter/Desktop/AER201/botL.X/i2c.asm
                     INIT   0x0000ca    program     static /Users/mreiter/Desktop/AER201/botL.X/main.asm
                 ISR_HIGH   0x00001c    program     static /Users/mreiter/Desktop/AER201/botL.X/main.asm
                  ISR_LOW   0x000096    program     static /Users/mreiter/Desktop/AER201/botL.X/main.asm
                  InitLCD   0x000b1c    program     extern /Users/mreiter/Desktop/AER201/botL.X/lcd.asm
                   LCD_L1   0x000be8    program     extern /Users/mreiter/Desktop/AER201/botL.X/lcd.asm
                   LCD_L2   0x000bf0    program     extern /Users/mreiter/Desktop/AER201/botL.X/lcd.asm
                 LLD_LOOP   0x000c06    program     static /Users/mreiter/Desktop/AER201/botL.X/lcd.asm
                      LOG   0x000432    program     static /Users/mreiter/Desktop/AER201/botL.X/main.asm
                 LOG_INFO   0x0004bc    program     static /Users/mreiter/Desktop/AER201/botL.X/main.asm
                     Log1   0x000a70    program     static /Users/mreiter/Desktop/AER201/botL.X/main.asm
                     Log2   0x000a76    program     static /Users/mreiter/Desktop/AER201/botL.X/main.asm
                 LogInfo1   0x000a84    program     static /Users/mreiter/Desktop/AER201/botL.X/main.asm
                 LogInfo2   0x000a8c    program     static /Users/mreiter/Desktop/AER201/botL.X/main.asm
                   MovMSB   0x000bf8    program     static /Users/mreiter/Desktop/AER201/botL.X/lcd.asm
                   NoData   0x000b18    program     static /Users/mreiter/Desktop/AER201/botL.X/main.asm
          NoSkipDispOpRTC   0x0009ba    program     static /Users/mreiter/Desktop/AER201/botL.X/main.asm
         NoSkipDispOpTime   0x000944    program     static /Users/mreiter/Desktop/AER201/botL.X/main.asm
                  Op_Time   0x000af6    program     static /Users/mreiter/Desktop/AER201/botL.X/main.asm
                      PC1   0x000ac6    program     static /Users/mreiter/Desktop/AER201/botL.X/main.asm
                      PC2   0x000ad4    program     static /Users/mreiter/Desktop/AER201/botL.X/main.asm
               PCTransfer   0x000ade    program     static /Users/mreiter/Desktop/AER201/botL.X/main.asm
                 PERM_LOG   0x000514    program     static /Users/mreiter/Desktop/AER201/botL.X/main.asm
                     PLOG   0x000632    program     static /Users/mreiter/Desktop/AER201/botL.X/main.asm
                 PermLog1   0x000a96    program     static /Users/mreiter/Desktop/AER201/botL.X/main.asm
                 PermLog2   0x000aa6    program     static /Users/mreiter/Desktop/AER201/botL.X/main.asm
                   RD_END   0x000d4e    program     static /Users/mreiter/Desktop/AER201/botL.X/i2c_common.asm
                  RD_ERR1   0x000d30    program     static /Users/mreiter/Desktop/AER201/botL.X/i2c_common.asm
                  RD_ERR2   0x000d3a    program     static /Users/mreiter/Desktop/AER201/botL.X/i2c_common.asm
                  RD_ERR3   0x000d44    program     static /Users/mreiter/Desktop/AER201/botL.X/i2c_common.asm
                 READ_KEY   0x0007ca    program     static /Users/mreiter/Desktop/AER201/botL.X/main.asm
             READ_KEY_RTC   0x0007de    program     static /Users/mreiter/Desktop/AER201/botL.X/main.asm
                     SAVE   0x000afe    program     static /Users/mreiter/Desktop/AER201/botL.X/main.asm
                  STANDBY   0x000202    program     static /Users/mreiter/Desktop/AER201/botL.X/main.asm
                   Safety   0x000b08    program     static /Users/mreiter/Desktop/AER201/botL.X/main.asm
                 SaveData   0x000336    program     static /Users/mreiter/Desktop/AER201/botL.X/main.asm
                ShiftLoop   0x000368    program     static /Users/mreiter/Desktop/AER201/botL.X/main.asm
            SkipDispOpRTC   0x000a1c    program     static /Users/mreiter/Desktop/AER201/botL.X/main.asm
           SkipDispOpTime   0x000978    program     static /Users/mreiter/Desktop/AER201/botL.X/main.asm
                  StandBy   0x000a68    program     static /Users/mreiter/Desktop/AER201/botL.X/main.asm
                  Stopped   0x000aee    program     static /Users/mreiter/Desktop/AER201/botL.X/main.asm
                     Team   0x000a5e    program     static /Users/mreiter/Desktop/AER201/botL.X/main.asm
                     WAIT   0x000d7e    program     static /Users/mreiter/Desktop/AER201/botL.X/i2c.asm
                  WR_DATA   0x000b90    program     extern /Users/mreiter/Desktop/AER201/botL.X/lcd.asm
                   WR_END   0x000cc0    program     static /Users/mreiter/Desktop/AER201/botL.X/i2c_common.asm
                  WR_ERR1   0x000ca0    program     static /Users/mreiter/Desktop/AER201/botL.X/i2c_common.asm
                  WR_ERR2   0x000caa    program     static /Users/mreiter/Desktop/AER201/botL.X/i2c_common.asm
                  WR_ERR3   0x000cb6    program     static /Users/mreiter/Desktop/AER201/botL.X/i2c_common.asm
                   WR_INS   0x000b74    program     extern /Users/mreiter/Desktop/AER201/botL.X/lcd.asm
                  Welcome   0x000a58    program     static /Users/mreiter/Desktop/AER201/botL.X/main.asm
              WriteEE_RTC   0x000726    program     static /Users/mreiter/Desktop/AER201/botL.X/main.asm
                   WrtLCD   0x000bb2    program     extern /Users/mreiter/Desktop/AER201/botL.X/lcd.asm
              _.code_0018   0x000c52    program     static /Users/mreiter/Desktop/AER201/botL.X/i2c_common.asm
              _.code_0022   0x000c5c    program     static /Users/mreiter/Desktop/AER201/botL.X/i2c_common.asm
              _.code_002A   0x000c64    program     static /Users/mreiter/Desktop/AER201/botL.X/i2c_common.asm
              _.code_0030   0x000c6a    program     static /Users/mreiter/Desktop/AER201/botL.X/i2c_common.asm
              _.code_003E   0x000c78    program     static /Users/mreiter/Desktop/AER201/botL.X/i2c_common.asm
              _.code_0044   0x000c7e    program     static /Users/mreiter/Desktop/AER201/botL.X/i2c_common.asm
              _.code_0052   0x000c8c    program     static /Users/mreiter/Desktop/AER201/botL.X/i2c_common.asm
              _.code_0058   0x000c92    program     static /Users/mreiter/Desktop/AER201/botL.X/i2c_common.asm
              _.code_008A   0x000cc4    program     static /Users/mreiter/Desktop/AER201/botL.X/i2c_common.asm
              _.code_0094   0x000cce    program     static /Users/mreiter/Desktop/AER201/botL.X/i2c_common.asm
              _.code_009C   0x000cd6    program     static /Users/mreiter/Desktop/AER201/botL.X/i2c_common.asm
              _.code_00A2   0x000cdc    program     static /Users/mreiter/Desktop/AER201/botL.X/i2c_common.asm
              _.code_00B0   0x000cea    program     static /Users/mreiter/Desktop/AER201/botL.X/i2c_common.asm
              _.code_00B6   0x000cf0    program     static /Users/mreiter/Desktop/AER201/botL.X/i2c_common.asm
              _.code_00C4   0x000cfe    program     static /Users/mreiter/Desktop/AER201/botL.X/i2c_common.asm
              _.code_00C6   0x000be2    program     static /Users/mreiter/Desktop/AER201/botL.X/lcd.asm
              _.code_00CC   0x000d06    program     static /Users/mreiter/Desktop/AER201/botL.X/i2c_common.asm
              _.code_00D2   0x000d0c    program     static /Users/mreiter/Desktop/AER201/botL.X/i2c_common.asm
              _.code_00E0   0x000d1a    program     static /Users/mreiter/Desktop/AER201/botL.X/i2c_common.asm
              _.code_00F0   0x000c0c    program     static /Users/mreiter/Desktop/AER201/botL.X/lcd.asm
              _.code_0118   0x000d52    program     static /Users/mreiter/Desktop/AER201/botL.X/i2c_common.asm
             _.org_2_02E2   0x0002e2    program     static /Users/mreiter/Desktop/AER201/botL.X/main.asm
             _.org_2_02FA   0x0002fa    program     static /Users/mreiter/Desktop/AER201/botL.X/main.asm
             _.org_2_0310   0x000310    program     static /Users/mreiter/Desktop/AER201/botL.X/main.asm
             _.org_2_0328   0x000328    program     static /Users/mreiter/Desktop/AER201/botL.X/main.asm
             _.org_2_038E   0x00038e    program     static /Users/mreiter/Desktop/AER201/botL.X/main.asm
             _.org_2_03A6   0x0003a6    program     static /Users/mreiter/Desktop/AER201/botL.X/main.asm
             _.org_2_03E0   0x0003e0    program     static /Users/mreiter/Desktop/AER201/botL.X/main.asm
             _.org_2_03F8   0x0003f8    program     static /Users/mreiter/Desktop/AER201/botL.X/main.asm
             _.org_2_040E   0x00040e    program     static /Users/mreiter/Desktop/AER201/botL.X/main.asm
             _.org_2_0426   0x000426    program     static /Users/mreiter/Desktop/AER201/botL.X/main.asm
             _.org_2_0734   0x000734    program     static /Users/mreiter/Desktop/AER201/botL.X/main.asm
             _.org_2_074C   0x00074c    program     static /Users/mreiter/Desktop/AER201/botL.X/main.asm
             _.org_2_0762   0x000762    program     static /Users/mreiter/Desktop/AER201/botL.X/main.asm
             _.org_2_077A   0x00077a    program     static /Users/mreiter/Desktop/AER201/botL.X/main.asm
             _.org_2_079A   0x00079a    program     static /Users/mreiter/Desktop/AER201/botL.X/main.asm
             _.org_2_07B2   0x0007b2    program     static /Users/mreiter/Desktop/AER201/botL.X/main.asm
             _.org_2_07D8   0x0007d8    program     static /Users/mreiter/Desktop/AER201/botL.X/main.asm
             _.org_2_0902   0x000902    program     static /Users/mreiter/Desktop/AER201/botL.X/main.asm
                  _10loop   0x000216    program     static /Users/mreiter/Desktop/AER201/botL.X/main.asm
                  _11Exit   0x000238    program     static /Users/mreiter/Desktop/AER201/botL.X/main.asm
                  _11Next   0x00022c    program     static /Users/mreiter/Desktop/AER201/botL.X/main.asm
                  _12Exit   0x00024e    program     static /Users/mreiter/Desktop/AER201/botL.X/main.asm
                  _12Next   0x000242    program     static /Users/mreiter/Desktop/AER201/botL.X/main.asm
                  _13Exit   0x000264    program     static /Users/mreiter/Desktop/AER201/botL.X/main.asm
                  _13Next   0x000258    program     static /Users/mreiter/Desktop/AER201/botL.X/main.asm
                  _14loop   0x00027e    program     static /Users/mreiter/Desktop/AER201/botL.X/main.asm
                  _15loop   0x00029c    program     static /Users/mreiter/Desktop/AER201/botL.X/main.asm
                  _16Exit   0x0002d0    program     static /Users/mreiter/Desktop/AER201/botL.X/main.asm
                  _16Next   0x0002c4    program     static /Users/mreiter/Desktop/AER201/botL.X/main.asm
                 _19Again   0x000d26    program     static /Users/mreiter/Desktop/AER201/botL.X/i2c_common.asm
                  _19loop   0x00034a    program     static /Users/mreiter/Desktop/AER201/botL.X/main.asm
                  _24loop   0x000446    program     static /Users/mreiter/Desktop/AER201/botL.X/main.asm
                  _27Exit   0x0004a2    program     static /Users/mreiter/Desktop/AER201/botL.X/main.asm
                  _27Next   0x000496    program     static /Users/mreiter/Desktop/AER201/botL.X/main.asm
                  _28Exit   0x0004b8    program     static /Users/mreiter/Desktop/AER201/botL.X/main.asm
                  _28Next   0x0004ac    program     static /Users/mreiter/Desktop/AER201/botL.X/main.asm
                  _29loop   0x0004d0    program     static /Users/mreiter/Desktop/AER201/botL.X/main.asm
                 _2endBCD   0x000058    program     static /Users/mreiter/Desktop/AER201/botL.X/main.asm
                   _2ones   0x000052    program     static /Users/mreiter/Desktop/AER201/botL.X/main.asm
                  _30loop   0x0004ee    program     static /Users/mreiter/Desktop/AER201/botL.X/main.asm
                  _31Exit   0x000510    program     static /Users/mreiter/Desktop/AER201/botL.X/main.asm
                  _31Next   0x000504    program     static /Users/mreiter/Desktop/AER201/botL.X/main.asm
                  _32loop   0x000528    program     static /Users/mreiter/Desktop/AER201/botL.X/main.asm
                  _33loop   0x000546    program     static /Users/mreiter/Desktop/AER201/botL.X/main.asm
                  _34Exit   0x000568    program     static /Users/mreiter/Desktop/AER201/botL.X/main.asm
                  _34Next   0x00055c    program     static /Users/mreiter/Desktop/AER201/botL.X/main.asm
                  _35Exit   0x00057e    program     static /Users/mreiter/Desktop/AER201/botL.X/main.asm
                  _35Next   0x000572    program     static /Users/mreiter/Desktop/AER201/botL.X/main.asm
                  _36Exit   0x000594    program     static /Users/mreiter/Desktop/AER201/botL.X/main.asm
                  _36Next   0x000588    program     static /Users/mreiter/Desktop/AER201/botL.X/main.asm
                  _37Exit   0x0005aa    program     static /Users/mreiter/Desktop/AER201/botL.X/main.asm
                  _37Next   0x00059e    program     static /Users/mreiter/Desktop/AER201/botL.X/main.asm
                  _38Exit   0x0005c0    program     static /Users/mreiter/Desktop/AER201/botL.X/main.asm
                  _38Next   0x0005b4    program     static /Users/mreiter/Desktop/AER201/botL.X/main.asm
                  _39Exit   0x0005d6    program     static /Users/mreiter/Desktop/AER201/botL.X/main.asm
                  _39Next   0x0005ca    program     static /Users/mreiter/Desktop/AER201/botL.X/main.asm
                 _3endBCD   0x00008a    program     static /Users/mreiter/Desktop/AER201/botL.X/main.asm
                   _3ones   0x000084    program     static /Users/mreiter/Desktop/AER201/botL.X/main.asm
                  _40Exit   0x0005ec    program     static /Users/mreiter/Desktop/AER201/botL.X/main.asm
                  _40Next   0x0005e0    program     static /Users/mreiter/Desktop/AER201/botL.X/main.asm
                  _41Exit   0x000602    program     static /Users/mreiter/Desktop/AER201/botL.X/main.asm
                  _41Next   0x0005f6    program     static /Users/mreiter/Desktop/AER201/botL.X/main.asm
                  _42Exit   0x000618    program     static /Users/mreiter/Desktop/AER201/botL.X/main.asm
                  _42Next   0x00060c    program     static /Users/mreiter/Desktop/AER201/botL.X/main.asm
                  _43Exit   0x00062e    program     static /Users/mreiter/Desktop/AER201/botL.X/main.asm
                  _43Next   0x000622    program     static /Users/mreiter/Desktop/AER201/botL.X/main.asm
                  _44loop   0x000646    program     static /Users/mreiter/Desktop/AER201/botL.X/main.asm
                  _47Exit   0x0006de    program     static /Users/mreiter/Desktop/AER201/botL.X/main.asm
                  _47Next   0x0006d2    program     static /Users/mreiter/Desktop/AER201/botL.X/main.asm
                  _56loop   0x000932    program     static /Users/mreiter/Desktop/AER201/botL.X/main.asm
                  _58loop   0x0009a8    program     static /Users/mreiter/Desktop/AER201/botL.X/main.asm
                   _7loop   0x0001cc    program     static /Users/mreiter/Desktop/AER201/botL.X/main.asm
                   _8loop   0x0001ea    program     static /Users/mreiter/Desktop/AER201/botL.X/main.asm
                   _9loop   0x0001f8    program     static /Users/mreiter/Desktop/AER201/botL.X/main.asm
                       d2   0x000c34    program     static /Users/mreiter/Desktop/AER201/botL.X/lcd.asm
                delay44us   0x000c18    program     static /Users/mreiter/Desktop/AER201/botL.X/lcd.asm
                 delay5ms   0x000c24    program     static /Users/mreiter/Desktop/AER201/botL.X/lcd.asm
               displayNum   0x00066c    program     static /Users/mreiter/Desktop/AER201/botL.X/main.asm
         i2c_common_setup   0x000c3a    program     extern /Users/mreiter/Desktop/AER201/botL.X/i2c_common.asm
             lcdLongDelay   0x000c02    program     static /Users/mreiter/Desktop/AER201/botL.X/lcd.asm
                loop200us   0x000708    program     static /Users/mreiter/Desktop/AER201/botL.X/main.asm
                 loop50ms   0x000716    program     static /Users/mreiter/Desktop/AER201/botL.X/main.asm
                  loop5us   0x0006fa    program     static /Users/mreiter/Desktop/AER201/botL.X/main.asm
                 read_rtc   0x000cca    program     extern /Users/mreiter/Desktop/AER201/botL.X/i2c_common.asm
              rtc_convert   0x000d58    program     extern /Users/mreiter/Desktop/AER201/botL.X/i2c_common.asm
                write_rtc   0x000c58    program     extern /Users/mreiter/Desktop/AER201/botL.X/i2c_common.asm
           convert_buffer   0x0000b5       data     extern /Users/mreiter/Desktop/AER201/botL.X/i2c_common.asm
                 databyte   0x0000b1       data     extern /Users/mreiter/Desktop/AER201/botL.X/i2c_common.asm
                 datachar   0x0000b2       data     extern /Users/mreiter/Desktop/AER201/botL.X/i2c_common.asm
               ones_digit   0x0000b4       data     extern /Users/mreiter/Desktop/AER201/botL.X/i2c_common.asm
               regaddress   0x0000b0       data     extern /Users/mreiter/Desktop/AER201/botL.X/i2c_common.asm
               tens_digit   0x0000b3       data     extern /Users/mreiter/Desktop/AER201/botL.X/i2c_common.asm



                              Symbols - Sorted by Address
                     Name    Address   Location    Storage File                     
                ---------  ---------  ---------  --------- ---------                
                 ISR_HIGH   0x00001c    program     static /Users/mreiter/Desktop/AER201/botL.X/main.asm
                   _2ones   0x000052    program     static /Users/mreiter/Desktop/AER201/botL.X/main.asm
                 _2endBCD   0x000058    program     static /Users/mreiter/Desktop/AER201/botL.X/main.asm
                   _3ones   0x000084    program     static /Users/mreiter/Desktop/AER201/botL.X/main.asm
                 _3endBCD   0x00008a    program     static /Users/mreiter/Desktop/AER201/botL.X/main.asm
             END_ISR_HIGH   0x00008c    program     static /Users/mreiter/Desktop/AER201/botL.X/main.asm
                  ISR_LOW   0x000096    program     static /Users/mreiter/Desktop/AER201/botL.X/main.asm
              END_ISR_LOW   0x0000b2    program     static /Users/mreiter/Desktop/AER201/botL.X/main.asm
                     INIT   0x0000ca    program     static /Users/mreiter/Desktop/AER201/botL.X/main.asm
                   _7loop   0x0001cc    program     static /Users/mreiter/Desktop/AER201/botL.X/main.asm
                   _8loop   0x0001ea    program     static /Users/mreiter/Desktop/AER201/botL.X/main.asm
                   _9loop   0x0001f8    program     static /Users/mreiter/Desktop/AER201/botL.X/main.asm
                  STANDBY   0x000202    program     static /Users/mreiter/Desktop/AER201/botL.X/main.asm
                  _10loop   0x000216    program     static /Users/mreiter/Desktop/AER201/botL.X/main.asm
             HOLD_STANDBY   0x000220    program     static /Users/mreiter/Desktop/AER201/botL.X/main.asm
                  _11Next   0x00022c    program     static /Users/mreiter/Desktop/AER201/botL.X/main.asm
                  _11Exit   0x000238    program     static /Users/mreiter/Desktop/AER201/botL.X/main.asm
                  _12Next   0x000242    program     static /Users/mreiter/Desktop/AER201/botL.X/main.asm
                  _12Exit   0x00024e    program     static /Users/mreiter/Desktop/AER201/botL.X/main.asm
                  _13Next   0x000258    program     static /Users/mreiter/Desktop/AER201/botL.X/main.asm
                  _13Exit   0x000264    program     static /Users/mreiter/Desktop/AER201/botL.X/main.asm
                EXECUTION   0x000268    program     static /Users/mreiter/Desktop/AER201/botL.X/main.asm
                  _14loop   0x00027e    program     static /Users/mreiter/Desktop/AER201/botL.X/main.asm
                  _15loop   0x00029c    program     static /Users/mreiter/Desktop/AER201/botL.X/main.asm
                 HOLD_EXE   0x0002b8    program     static /Users/mreiter/Desktop/AER201/botL.X/main.asm
                  _16Next   0x0002c4    program     static /Users/mreiter/Desktop/AER201/botL.X/main.asm
                  _16Exit   0x0002d0    program     static /Users/mreiter/Desktop/AER201/botL.X/main.asm
                 EXIT_EXE   0x0002d4    program     static /Users/mreiter/Desktop/AER201/botL.X/main.asm
             _.org_2_02E2   0x0002e2    program     static /Users/mreiter/Desktop/AER201/botL.X/main.asm
             _.org_2_02FA   0x0002fa    program     static /Users/mreiter/Desktop/AER201/botL.X/main.asm
             _.org_2_0310   0x000310    program     static /Users/mreiter/Desktop/AER201/botL.X/main.asm
             _.org_2_0328   0x000328    program     static /Users/mreiter/Desktop/AER201/botL.X/main.asm
                 SaveData   0x000336    program     static /Users/mreiter/Desktop/AER201/botL.X/main.asm
                  _19loop   0x00034a    program     static /Users/mreiter/Desktop/AER201/botL.X/main.asm
                ShiftLoop   0x000368    program     static /Users/mreiter/Desktop/AER201/botL.X/main.asm
             _.org_2_038E   0x00038e    program     static /Users/mreiter/Desktop/AER201/botL.X/main.asm
             _.org_2_03A6   0x0003a6    program     static /Users/mreiter/Desktop/AER201/botL.X/main.asm
             _.org_2_03E0   0x0003e0    program     static /Users/mreiter/Desktop/AER201/botL.X/main.asm
             _.org_2_03F8   0x0003f8    program     static /Users/mreiter/Desktop/AER201/botL.X/main.asm
             _.org_2_040E   0x00040e    program     static /Users/mreiter/Desktop/AER201/botL.X/main.asm
             _.org_2_0426   0x000426    program     static /Users/mreiter/Desktop/AER201/botL.X/main.asm
                      LOG   0x000432    program     static /Users/mreiter/Desktop/AER201/botL.X/main.asm
                  _24loop   0x000446    program     static /Users/mreiter/Desktop/AER201/botL.X/main.asm
                 HOLD_LOG   0x00048a    program     static /Users/mreiter/Desktop/AER201/botL.X/main.asm
                  _27Next   0x000496    program     static /Users/mreiter/Desktop/AER201/botL.X/main.asm
                  _27Exit   0x0004a2    program     static /Users/mreiter/Desktop/AER201/botL.X/main.asm
                  _28Next   0x0004ac    program     static /Users/mreiter/Desktop/AER201/botL.X/main.asm
                  _28Exit   0x0004b8    program     static /Users/mreiter/Desktop/AER201/botL.X/main.asm
                 LOG_INFO   0x0004bc    program     static /Users/mreiter/Desktop/AER201/botL.X/main.asm
                  _29loop   0x0004d0    program     static /Users/mreiter/Desktop/AER201/botL.X/main.asm
                  _30loop   0x0004ee    program     static /Users/mreiter/Desktop/AER201/botL.X/main.asm
            HOLD_LOG_INFO   0x0004f8    program     static /Users/mreiter/Desktop/AER201/botL.X/main.asm
                  _31Next   0x000504    program     static /Users/mreiter/Desktop/AER201/botL.X/main.asm
                  _31Exit   0x000510    program     static /Users/mreiter/Desktop/AER201/botL.X/main.asm
                 PERM_LOG   0x000514    program     static /Users/mreiter/Desktop/AER201/botL.X/main.asm
                  _32loop   0x000528    program     static /Users/mreiter/Desktop/AER201/botL.X/main.asm
                  _33loop   0x000546    program     static /Users/mreiter/Desktop/AER201/botL.X/main.asm
            HOLD_PERM_LOG   0x000550    program     static /Users/mreiter/Desktop/AER201/botL.X/main.asm
                  _34Next   0x00055c    program     static /Users/mreiter/Desktop/AER201/botL.X/main.asm
                  _34Exit   0x000568    program     static /Users/mreiter/Desktop/AER201/botL.X/main.asm
                  _35Next   0x000572    program     static /Users/mreiter/Desktop/AER201/botL.X/main.asm
                  _35Exit   0x00057e    program     static /Users/mreiter/Desktop/AER201/botL.X/main.asm
                  _36Next   0x000588    program     static /Users/mreiter/Desktop/AER201/botL.X/main.asm
                  _36Exit   0x000594    program     static /Users/mreiter/Desktop/AER201/botL.X/main.asm
                  _37Next   0x00059e    program     static /Users/mreiter/Desktop/AER201/botL.X/main.asm
                  _37Exit   0x0005aa    program     static /Users/mreiter/Desktop/AER201/botL.X/main.asm
                  _38Next   0x0005b4    program     static /Users/mreiter/Desktop/AER201/botL.X/main.asm
                  _38Exit   0x0005c0    program     static /Users/mreiter/Desktop/AER201/botL.X/main.asm
                  _39Next   0x0005ca    program     static /Users/mreiter/Desktop/AER201/botL.X/main.asm
                  _39Exit   0x0005d6    program     static /Users/mreiter/Desktop/AER201/botL.X/main.asm
                  _40Next   0x0005e0    program     static /Users/mreiter/Desktop/AER201/botL.X/main.asm
                  _40Exit   0x0005ec    program     static /Users/mreiter/Desktop/AER201/botL.X/main.asm
                  _41Next   0x0005f6    program     static /Users/mreiter/Desktop/AER201/botL.X/main.asm
                  _41Exit   0x000602    program     static /Users/mreiter/Desktop/AER201/botL.X/main.asm
                  _42Next   0x00060c    program     static /Users/mreiter/Desktop/AER201/botL.X/main.asm
                  _42Exit   0x000618    program     static /Users/mreiter/Desktop/AER201/botL.X/main.asm
                  _43Next   0x000622    program     static /Users/mreiter/Desktop/AER201/botL.X/main.asm
                  _43Exit   0x00062e    program     static /Users/mreiter/Desktop/AER201/botL.X/main.asm
                     PLOG   0x000632    program     static /Users/mreiter/Desktop/AER201/botL.X/main.asm
                  _44loop   0x000646    program     static /Users/mreiter/Desktop/AER201/botL.X/main.asm
               displayNum   0x00066c    program     static /Users/mreiter/Desktop/AER201/botL.X/main.asm
                HOLD_PLOG   0x0006c6    program     static /Users/mreiter/Desktop/AER201/botL.X/main.asm
                  _47Next   0x0006d2    program     static /Users/mreiter/Desktop/AER201/botL.X/main.asm
                  _47Exit   0x0006de    program     static /Users/mreiter/Desktop/AER201/botL.X/main.asm
              Convert_RTC   0x0006e2    program     static /Users/mreiter/Desktop/AER201/botL.X/main.asm
                 Delay5us   0x0006f6    program     static /Users/mreiter/Desktop/AER201/botL.X/main.asm
                  loop5us   0x0006fa    program     static /Users/mreiter/Desktop/AER201/botL.X/main.asm
               Delay200us   0x000704    program     static /Users/mreiter/Desktop/AER201/botL.X/main.asm
                loop200us   0x000708    program     static /Users/mreiter/Desktop/AER201/botL.X/main.asm
                Delay50ms   0x000712    program     static /Users/mreiter/Desktop/AER201/botL.X/main.asm
                 loop50ms   0x000716    program     static /Users/mreiter/Desktop/AER201/botL.X/main.asm
                   Cycles   0x00071c    program     static /Users/mreiter/Desktop/AER201/botL.X/main.asm
              WriteEE_RTC   0x000726    program     static /Users/mreiter/Desktop/AER201/botL.X/main.asm
             _.org_2_0734   0x000734    program     static /Users/mreiter/Desktop/AER201/botL.X/main.asm
             _.org_2_074C   0x00074c    program     static /Users/mreiter/Desktop/AER201/botL.X/main.asm
             _.org_2_0762   0x000762    program     static /Users/mreiter/Desktop/AER201/botL.X/main.asm
             _.org_2_077A   0x00077a    program     static /Users/mreiter/Desktop/AER201/botL.X/main.asm
           ClearEEPROM_21   0x000784    program     static /Users/mreiter/Desktop/AER201/botL.X/main.asm
                ClearNext   0x00078c    program     static /Users/mreiter/Desktop/AER201/botL.X/main.asm
             _.org_2_079A   0x00079a    program     static /Users/mreiter/Desktop/AER201/botL.X/main.asm
             _.org_2_07B2   0x0007b2    program     static /Users/mreiter/Desktop/AER201/botL.X/main.asm
                 HOLD_KEY   0x0007ca    program     static /Users/mreiter/Desktop/AER201/botL.X/main.asm
                 READ_KEY   0x0007ca    program     static /Users/mreiter/Desktop/AER201/botL.X/main.asm
             _.org_2_07D8   0x0007d8    program     static /Users/mreiter/Desktop/AER201/botL.X/main.asm
             HOLD_KEY_RTC   0x0007de    program     static /Users/mreiter/Desktop/AER201/botL.X/main.asm
             READ_KEY_RTC   0x0007de    program     static /Users/mreiter/Desktop/AER201/botL.X/main.asm
             _.org_2_0902   0x000902    program     static /Users/mreiter/Desktop/AER201/botL.X/main.asm
              DisplayTime   0x000908    program     static /Users/mreiter/Desktop/AER201/botL.X/main.asm
                  _56loop   0x000932    program     static /Users/mreiter/Desktop/AER201/botL.X/main.asm
         NoSkipDispOpTime   0x000944    program     static /Users/mreiter/Desktop/AER201/botL.X/main.asm
           SkipDispOpTime   0x000978    program     static /Users/mreiter/Desktop/AER201/botL.X/main.asm
                DispOpRTC   0x00097a    program     static /Users/mreiter/Desktop/AER201/botL.X/main.asm
                  _58loop   0x0009a8    program     static /Users/mreiter/Desktop/AER201/botL.X/main.asm
          NoSkipDispOpRTC   0x0009ba    program     static /Users/mreiter/Desktop/AER201/botL.X/main.asm
            SkipDispOpRTC   0x000a1c    program     static /Users/mreiter/Desktop/AER201/botL.X/main.asm
         DispOpRTC_Helper   0x000a1e    program     static /Users/mreiter/Desktop/AER201/botL.X/main.asm
                  Welcome   0x000a58    program     static /Users/mreiter/Desktop/AER201/botL.X/main.asm
                     Team   0x000a5e    program     static /Users/mreiter/Desktop/AER201/botL.X/main.asm
                  StandBy   0x000a68    program     static /Users/mreiter/Desktop/AER201/botL.X/main.asm
                     Log1   0x000a70    program     static /Users/mreiter/Desktop/AER201/botL.X/main.asm
                     Log2   0x000a76    program     static /Users/mreiter/Desktop/AER201/botL.X/main.asm
                 LogInfo1   0x000a84    program     static /Users/mreiter/Desktop/AER201/botL.X/main.asm
                 LogInfo2   0x000a8c    program     static /Users/mreiter/Desktop/AER201/botL.X/main.asm
                 PermLog1   0x000a96    program     static /Users/mreiter/Desktop/AER201/botL.X/main.asm
                 PermLog2   0x000aa6    program     static /Users/mreiter/Desktop/AER201/botL.X/main.asm
                     Exe1   0x000ab2    program     static /Users/mreiter/Desktop/AER201/botL.X/main.asm
                     Exe2   0x000abe    program     static /Users/mreiter/Desktop/AER201/botL.X/main.asm
                      PC1   0x000ac6    program     static /Users/mreiter/Desktop/AER201/botL.X/main.asm
                      PC2   0x000ad4    program     static /Users/mreiter/Desktop/AER201/botL.X/main.asm
               PCTransfer   0x000ade    program     static /Users/mreiter/Desktop/AER201/botL.X/main.asm
                  Stopped   0x000aee    program     static /Users/mreiter/Desktop/AER201/botL.X/main.asm
                  Op_Time   0x000af6    program     static /Users/mreiter/Desktop/AER201/botL.X/main.asm
                     SAVE   0x000afe    program     static /Users/mreiter/Desktop/AER201/botL.X/main.asm
                   Safety   0x000b08    program     static /Users/mreiter/Desktop/AER201/botL.X/main.asm
                   NoData   0x000b18    program     static /Users/mreiter/Desktop/AER201/botL.X/main.asm
                  InitLCD   0x000b1c    program     extern /Users/mreiter/Desktop/AER201/botL.X/lcd.asm
                   WR_INS   0x000b74    program     extern /Users/mreiter/Desktop/AER201/botL.X/lcd.asm
                  WR_DATA   0x000b90    program     extern /Users/mreiter/Desktop/AER201/botL.X/lcd.asm
                   WrtLCD   0x000bb2    program     extern /Users/mreiter/Desktop/AER201/botL.X/lcd.asm
                   ClrLCD   0x000bc8    program     extern /Users/mreiter/Desktop/AER201/botL.X/lcd.asm
                   ClkLCD   0x000bd6    program     extern /Users/mreiter/Desktop/AER201/botL.X/lcd.asm
              _.code_00C6   0x000be2    program     static /Users/mreiter/Desktop/AER201/botL.X/lcd.asm
                   LCD_L1   0x000be8    program     extern /Users/mreiter/Desktop/AER201/botL.X/lcd.asm
                   LCD_L2   0x000bf0    program     extern /Users/mreiter/Desktop/AER201/botL.X/lcd.asm
                   MovMSB   0x000bf8    program     static /Users/mreiter/Desktop/AER201/botL.X/lcd.asm
             lcdLongDelay   0x000c02    program     static /Users/mreiter/Desktop/AER201/botL.X/lcd.asm
                 LLD_LOOP   0x000c06    program     static /Users/mreiter/Desktop/AER201/botL.X/lcd.asm
              _.code_00F0   0x000c0c    program     static /Users/mreiter/Desktop/AER201/botL.X/lcd.asm
                delay44us   0x000c18    program     static /Users/mreiter/Desktop/AER201/botL.X/lcd.asm
            Delay44usLoop   0x000c1c    program     static /Users/mreiter/Desktop/AER201/botL.X/lcd.asm
                 delay5ms   0x000c24    program     static /Users/mreiter/Desktop/AER201/botL.X/lcd.asm
             Delay5msLoop   0x000c2c    program     static /Users/mreiter/Desktop/AER201/botL.X/lcd.asm
                       d2   0x000c34    program     static /Users/mreiter/Desktop/AER201/botL.X/lcd.asm
         i2c_common_setup   0x000c3a    program     extern /Users/mreiter/Desktop/AER201/botL.X/i2c_common.asm
              _.code_0018   0x000c52    program     static /Users/mreiter/Desktop/AER201/botL.X/i2c_common.asm
                write_rtc   0x000c58    program     extern /Users/mreiter/Desktop/AER201/botL.X/i2c_common.asm
              _.code_0022   0x000c5c    program     static /Users/mreiter/Desktop/AER201/botL.X/i2c_common.asm
              _.code_002A   0x000c64    program     static /Users/mreiter/Desktop/AER201/botL.X/i2c_common.asm
              _.code_0030   0x000c6a    program     static /Users/mreiter/Desktop/AER201/botL.X/i2c_common.asm
              _.code_003E   0x000c78    program     static /Users/mreiter/Desktop/AER201/botL.X/i2c_common.asm
              _.code_0044   0x000c7e    program     static /Users/mreiter/Desktop/AER201/botL.X/i2c_common.asm
              _.code_0052   0x000c8c    program     static /Users/mreiter/Desktop/AER201/botL.X/i2c_common.asm
              _.code_0058   0x000c92    program     static /Users/mreiter/Desktop/AER201/botL.X/i2c_common.asm
                  WR_ERR1   0x000ca0    program     static /Users/mreiter/Desktop/AER201/botL.X/i2c_common.asm
                  WR_ERR2   0x000caa    program     static /Users/mreiter/Desktop/AER201/botL.X/i2c_common.asm
                  WR_ERR3   0x000cb6    program     static /Users/mreiter/Desktop/AER201/botL.X/i2c_common.asm
                   WR_END   0x000cc0    program     static /Users/mreiter/Desktop/AER201/botL.X/i2c_common.asm
              _.code_008A   0x000cc4    program     static /Users/mreiter/Desktop/AER201/botL.X/i2c_common.asm
                 read_rtc   0x000cca    program     extern /Users/mreiter/Desktop/AER201/botL.X/i2c_common.asm
              _.code_0094   0x000cce    program     static /Users/mreiter/Desktop/AER201/botL.X/i2c_common.asm
              _.code_009C   0x000cd6    program     static /Users/mreiter/Desktop/AER201/botL.X/i2c_common.asm
              _.code_00A2   0x000cdc    program     static /Users/mreiter/Desktop/AER201/botL.X/i2c_common.asm
              _.code_00B0   0x000cea    program     static /Users/mreiter/Desktop/AER201/botL.X/i2c_common.asm
              _.code_00B6   0x000cf0    program     static /Users/mreiter/Desktop/AER201/botL.X/i2c_common.asm
              _.code_00C4   0x000cfe    program     static /Users/mreiter/Desktop/AER201/botL.X/i2c_common.asm
              _.code_00CC   0x000d06    program     static /Users/mreiter/Desktop/AER201/botL.X/i2c_common.asm
              _.code_00D2   0x000d0c    program     static /Users/mreiter/Desktop/AER201/botL.X/i2c_common.asm
              _.code_00E0   0x000d1a    program     static /Users/mreiter/Desktop/AER201/botL.X/i2c_common.asm
                 _19Again   0x000d26    program     static /Users/mreiter/Desktop/AER201/botL.X/i2c_common.asm
                  RD_ERR1   0x000d30    program     static /Users/mreiter/Desktop/AER201/botL.X/i2c_common.asm
                  RD_ERR2   0x000d3a    program     static /Users/mreiter/Desktop/AER201/botL.X/i2c_common.asm
                  RD_ERR3   0x000d44    program     static /Users/mreiter/Desktop/AER201/botL.X/i2c_common.asm
                   RD_END   0x000d4e    program     static /Users/mreiter/Desktop/AER201/botL.X/i2c_common.asm
              _.code_0118   0x000d52    program     static /Users/mreiter/Desktop/AER201/botL.X/i2c_common.asm
              rtc_convert   0x000d58    program     extern /Users/mreiter/Desktop/AER201/botL.X/i2c_common.asm
                I2C_ACKDT   0x000d6c    program     extern /Users/mreiter/Desktop/AER201/botL.X/i2c.asm
          I2C_Master_INIT   0x000d6c    program     extern /Users/mreiter/Desktop/AER201/botL.X/i2c.asm
                 I2C_temp   0x000d6c    program     static /Users/mreiter/Desktop/AER201/botL.X/i2c.asm
          I2C_Master_WAIT   0x000d7e    program     extern /Users/mreiter/Desktop/AER201/botL.X/i2c.asm
                     WAIT   0x000d7e    program     static /Users/mreiter/Desktop/AER201/botL.X/i2c.asm
         I2C_Master_START   0x000d8e    program     extern /Users/mreiter/Desktop/AER201/botL.X/i2c.asm
        I2C_Master_RSTART   0x000d96    program     extern /Users/mreiter/Desktop/AER201/botL.X/i2c.asm
          I2C_Master_STOP   0x000d9e    program     extern /Users/mreiter/Desktop/AER201/botL.X/i2c.asm
         I2C_Master_WRITE   0x000da2    program     extern /Users/mreiter/Desktop/AER201/botL.X/i2c.asm
          I2C_Master_READ   0x000daa    program     extern /Users/mreiter/Desktop/AER201/botL.X/i2c.asm
           I2C_Master_ACK   0x000dc8    program     extern /Users/mreiter/Desktop/AER201/botL.X/i2c.asm
          I2C_Master_NACK   0x000dce    program     extern /Users/mreiter/Desktop/AER201/botL.X/i2c.asm
               regaddress   0x0000b0       data     extern /Users/mreiter/Desktop/AER201/botL.X/i2c_common.asm
                 databyte   0x0000b1       data     extern /Users/mreiter/Desktop/AER201/botL.X/i2c_common.asm
                 datachar   0x0000b2       data     extern /Users/mreiter/Desktop/AER201/botL.X/i2c_common.asm
               tens_digit   0x0000b3       data     extern /Users/mreiter/Desktop/AER201/botL.X/i2c_common.asm
               ones_digit   0x0000b4       data     extern /Users/mreiter/Desktop/AER201/botL.X/i2c_common.asm
           convert_buffer   0x0000b5       data     extern /Users/mreiter/Desktop/AER201/botL.X/i2c_common.asm


