MPLINK 5.08, LINKER
Linker Map File - Created Wed Feb 22 11:11:20 2017

                                 Section Info
                  Section       Type    Address   Location Size(Bytes)
                ---------  ---------  ---------  ---------  ---------
                   .org_0       code   0x000000    program   0x000004
                   .cinit    romdata   0x000004    program   0x000002
                   .org_1       code   0x000008    program   0x000004
                   .org_2       code   0x000018    program   0x000e50
                    .code       code   0x000e68    program   0x0004bc
.config_300001_BUILD/DEFAULT/PRODUCTION/MAIN.O    romdata   0x300001    program   0x000001
.config_300002_BUILD/DEFAULT/PRODUCTION/MAIN.O    romdata   0x300002    program   0x000001
.config_300003_BUILD/DEFAULT/PRODUCTION/MAIN.O    romdata   0x300003    program   0x000001
.config_300005_BUILD/DEFAULT/PRODUCTION/MAIN.O    romdata   0x300005    program   0x000001
.config_300006_BUILD/DEFAULT/PRODUCTION/MAIN.O    romdata   0x300006    program   0x000001
.config_300008_BUILD/DEFAULT/PRODUCTION/MAIN.O    romdata   0x300008    program   0x000001
.config_300009_BUILD/DEFAULT/PRODUCTION/MAIN.O    romdata   0x300009    program   0x000001
.config_30000A_BUILD/DEFAULT/PRODUCTION/MAIN.O    romdata   0x30000a    program   0x000001
.config_30000B_BUILD/DEFAULT/PRODUCTION/MAIN.O    romdata   0x30000b    program   0x000001
.config_30000C_BUILD/DEFAULT/PRODUCTION/MAIN.O    romdata   0x30000c    program   0x000001
.config_30000D_BUILD/DEFAULT/PRODUCTION/MAIN.O    romdata   0x30000d    program   0x000001
                   .udata      udata   0x000080       data   0x000008



                              Program Memory Usage 
                               Start         End      
                           ---------   ---------      
                            0x000000    0x000005      
                            0x000008    0x00000b      
                            0x000018    0x001323      
                            0x300001    0x300003      
                            0x300005    0x300006      
                            0x300008    0x30000d      
            4897 out of 66584 program addresses used, program memory utilization is 7%



                              Symbols - Sorted by Name
                     Name    Address   Location    Storage File                     
                ---------  ---------  ---------  --------- ---------                
                CHECK_ACK   0x0012b4    program     extern /Users/mreiter/Desktop/AER201/botL.X/i2c.asm
               CHECK_BLUE   0x000390    program     static /Users/mreiter/Desktop/AER201/botL.X/main.asm
              CHECK_CLEAR   0x0002b2    program     static /Users/mreiter/Desktop/AER201/botL.X/main.asm
              CHECK_GREEN   0x000346    program     static /Users/mreiter/Desktop/AER201/botL.X/main.asm
               CHECK_NACK   0x0012b8    program     extern /Users/mreiter/Desktop/AER201/botL.X/i2c.asm
                CHECK_RED   0x0002fc    program     static /Users/mreiter/Desktop/AER201/botL.X/main.asm
              COLOUR_TEST   0x0003da    program     static /Users/mreiter/Desktop/AER201/botL.X/main.asm
           ClearEEPROM_21   0x000c88    program     static /Users/mreiter/Desktop/AER201/botL.X/main.asm
                ClearNext   0x000c90    program     static /Users/mreiter/Desktop/AER201/botL.X/main.asm
                   ClkLCD   0x000ff6    program     extern /Users/mreiter/Desktop/AER201/botL.X/lcd.asm
                   ClrLCD   0x000fe8    program     extern /Users/mreiter/Desktop/AER201/botL.X/lcd.asm
                   Cycles   0x000c20    program     static /Users/mreiter/Desktop/AER201/botL.X/main.asm
              DISPLAY_RTC   0x000aa8    program     static /Users/mreiter/Desktop/AER201/botL.X/main.asm
               Delay200us   0x000c08    program     static /Users/mreiter/Desktop/AER201/botL.X/main.asm
            Delay44usLoop   0x00103c    program     static /Users/mreiter/Desktop/AER201/botL.X/lcd.asm
                Delay50ms   0x000c16    program     static /Users/mreiter/Desktop/AER201/botL.X/main.asm
             Delay5msLoop   0x00104c    program     static /Users/mreiter/Desktop/AER201/botL.X/lcd.asm
                 Delay5us   0x000bfa    program     static /Users/mreiter/Desktop/AER201/botL.X/main.asm
                DispOpRTC   0x000d90    program     static /Users/mreiter/Desktop/AER201/botL.X/main.asm
         DispOpRTC_Helper   0x000e2e    program     static /Users/mreiter/Desktop/AER201/botL.X/main.asm
           DisplayExeTime   0x000cfe    program     static /Users/mreiter/Desktop/AER201/botL.X/main.asm
             END_ISR_HIGH   0x0000cc    program     static /Users/mreiter/Desktop/AER201/botL.X/main.asm
              END_ISR_LOW   0x0000f2    program     static /Users/mreiter/Desktop/AER201/botL.X/main.asm
                EXECUTION   0x000470    program     static /Users/mreiter/Desktop/AER201/botL.X/main.asm
                 EXIT_EXE   0x0004de    program     static /Users/mreiter/Desktop/AER201/botL.X/main.asm
                     Exe1   0x000ec2    program     static /Users/mreiter/Desktop/AER201/botL.X/main.asm
                     Exe2   0x000ece    program     static /Users/mreiter/Desktop/AER201/botL.X/main.asm
                 Exe_Time   0x000f06    program     static /Users/mreiter/Desktop/AER201/botL.X/main.asm
                 HOLD_EXE   0x0004c2    program     static /Users/mreiter/Desktop/AER201/botL.X/main.asm
                 HOLD_LOG   0x000684    program     static /Users/mreiter/Desktop/AER201/botL.X/main.asm
            HOLD_LOG_INFO   0x0006f6    program     static /Users/mreiter/Desktop/AER201/botL.X/main.asm
                  HOLD_PC   0x000928    program     static /Users/mreiter/Desktop/AER201/botL.X/main.asm
            HOLD_PERM_LOG   0x00074e    program     static /Users/mreiter/Desktop/AER201/botL.X/main.asm
                HOLD_PLOG   0x0008c4    program     static /Users/mreiter/Desktop/AER201/botL.X/main.asm
             HOLD_STANDBY   0x00023e    program     static /Users/mreiter/Desktop/AER201/botL.X/main.asm
                  HOLD_UP   0x001304    program     static /Users/mreiter/Desktop/AER201/botL.X/i2c.asm
                I2C_ACKDT   0x0012b4    program     extern /Users/mreiter/Desktop/AER201/botL.X/i2c.asm
           I2C_Master_ACK   0x00131a    program     extern /Users/mreiter/Desktop/AER201/botL.X/i2c.asm
          I2C_Master_INIT   0x0012c4    program     extern /Users/mreiter/Desktop/AER201/botL.X/i2c.asm
          I2C_Master_READ   0x00130c    program     extern /Users/mreiter/Desktop/AER201/botL.X/i2c.asm
        I2C_Master_RSTART   0x0012ee    program     extern /Users/mreiter/Desktop/AER201/botL.X/i2c.asm
         I2C_Master_START   0x0012e6    program     extern /Users/mreiter/Desktop/AER201/botL.X/i2c.asm
          I2C_Master_STOP   0x0012f6    program     extern /Users/mreiter/Desktop/AER201/botL.X/i2c.asm
          I2C_Master_WAIT   0x0012d6    program     extern /Users/mreiter/Desktop/AER201/botL.X/i2c.asm
         I2C_Master_WRITE   0x0012fe    program     extern /Users/mreiter/Desktop/AER201/botL.X/i2c.asm
                 I2C_temp   0x0012b4    program     static /Users/mreiter/Desktop/AER201/botL.X/i2c.asm
                     INIT   0x0000fc    program     static /Users/mreiter/Desktop/AER201/botL.X/main.asm
               INIT_USART   0x000bea    program     static /Users/mreiter/Desktop/AER201/botL.X/main.asm
                 ISR_HIGH   0x00001c    program     static /Users/mreiter/Desktop/AER201/botL.X/main.asm
                  ISR_LOW   0x0000d6    program     static /Users/mreiter/Desktop/AER201/botL.X/main.asm
                  InitLCD   0x000f3c    program     extern /Users/mreiter/Desktop/AER201/botL.X/lcd.asm
                   LCD_L1   0x001008    program     extern /Users/mreiter/Desktop/AER201/botL.X/lcd.asm
                   LCD_L2   0x001010    program     extern /Users/mreiter/Desktop/AER201/botL.X/lcd.asm
                 LLD_LOOP   0x001026    program     static /Users/mreiter/Desktop/AER201/botL.X/lcd.asm
                      LOG   0x000654    program     static /Users/mreiter/Desktop/AER201/botL.X/main.asm
                 LOG_INFO   0x0006b6    program     static /Users/mreiter/Desktop/AER201/botL.X/main.asm
                     LOOP   0x001312    program     static /Users/mreiter/Desktop/AER201/botL.X/i2c.asm
                  LOOPING   0x0003da    program     static /Users/mreiter/Desktop/AER201/botL.X/main.asm
                     Log1   0x000e80    program     static /Users/mreiter/Desktop/AER201/botL.X/main.asm
                     Log2   0x000e86    program     static /Users/mreiter/Desktop/AER201/botL.X/main.asm
                 LogInfo1   0x000e94    program     static /Users/mreiter/Desktop/AER201/botL.X/main.asm
                 LogInfo2   0x000e9c    program     static /Users/mreiter/Desktop/AER201/botL.X/main.asm
                   MovMSB   0x001018    program     static /Users/mreiter/Desktop/AER201/botL.X/lcd.asm
                   NoData   0x000f28    program     static /Users/mreiter/Desktop/AER201/botL.X/main.asm
        NoSkipDispExeTime   0x000d3c    program     static /Users/mreiter/Desktop/AER201/botL.X/main.asm
          NoSkipDispOpRTC   0x000dcc    program     static /Users/mreiter/Desktop/AER201/botL.X/main.asm
                      PC1   0x000ed6    program     static /Users/mreiter/Desktop/AER201/botL.X/main.asm
                      PC2   0x000ee4    program     static /Users/mreiter/Desktop/AER201/botL.X/main.asm
                   PCLog1   0x000f2c    program     static /Users/mreiter/Desktop/AER201/botL.X/main.asm
               PCTransfer   0x000eee    program     static /Users/mreiter/Desktop/AER201/botL.X/main.asm
                  PC_MODE   0x0008e0    program     static /Users/mreiter/Desktop/AER201/botL.X/main.asm
              PC_TRANSFER   0x00095a    program     static /Users/mreiter/Desktop/AER201/botL.X/main.asm
                 PERM_LOG   0x000712    program     static /Users/mreiter/Desktop/AER201/botL.X/main.asm
                     PLOG   0x000830    program     static /Users/mreiter/Desktop/AER201/botL.X/main.asm
                 PermLog1   0x000ea6    program     static /Users/mreiter/Desktop/AER201/botL.X/main.asm
                 PermLog2   0x000eb6    program     static /Users/mreiter/Desktop/AER201/botL.X/main.asm
                   RD_END   0x00122e    program     static /Users/mreiter/Desktop/AER201/botL.X/i2c_common.asm
               RD_END_RTC   0x001180    program     static /Users/mreiter/Desktop/AER201/botL.X/i2c_common.asm
                  RD_ERR1   0x001210    program     static /Users/mreiter/Desktop/AER201/botL.X/i2c_common.asm
              RD_ERR1_RTC   0x001162    program     static /Users/mreiter/Desktop/AER201/botL.X/i2c_common.asm
                  RD_ERR2   0x00121a    program     static /Users/mreiter/Desktop/AER201/botL.X/i2c_common.asm
              RD_ERR2_RTC   0x00116c    program     static /Users/mreiter/Desktop/AER201/botL.X/i2c_common.asm
                  RD_ERR3   0x001224    program     static /Users/mreiter/Desktop/AER201/botL.X/i2c_common.asm
              RD_ERR3_RTC   0x001176    program     static /Users/mreiter/Desktop/AER201/botL.X/i2c_common.asm
          READ_COLOUR_I2C   0x0011a0    program     extern /Users/mreiter/Desktop/AER201/botL.X/i2c_common.asm
                 READ_KEY   0x000cce    program     static /Users/mreiter/Desktop/AER201/botL.X/main.asm
            READ_KEY_TIME   0x000ce2    program     static /Users/mreiter/Desktop/AER201/botL.X/main.asm
                 RTC_INIT   0x00097e    program     static /Users/mreiter/Desktop/AER201/botL.X/main.asm
                     SAVE   0x000f0e    program     static /Users/mreiter/Desktop/AER201/botL.X/main.asm
            SAVE_EXE_TIME   0x0009f2    program     static /Users/mreiter/Desktop/AER201/botL.X/main.asm
                SAVE_TIME   0x00098c    program     static /Users/mreiter/Desktop/AER201/botL.X/main.asm
                 SET_TIME   0x000b82    program     static /Users/mreiter/Desktop/AER201/botL.X/main.asm
                  STANDBY   0x000220    program     static /Users/mreiter/Desktop/AER201/botL.X/main.asm
                   Safety   0x000f18    program     static /Users/mreiter/Desktop/AER201/botL.X/main.asm
                 SaveData   0x0005ba    program     static /Users/mreiter/Desktop/AER201/botL.X/main.asm
                ShiftLoop   0x0005ec    program     static /Users/mreiter/Desktop/AER201/botL.X/main.asm
          SkipDispExeTime   0x000d8e    program     static /Users/mreiter/Desktop/AER201/botL.X/main.asm
            SkipDispOpRTC   0x000e2c    program     static /Users/mreiter/Desktop/AER201/botL.X/main.asm
                  StandBy   0x000e78    program     static /Users/mreiter/Desktop/AER201/botL.X/main.asm
                  Stopped   0x000efe    program     static /Users/mreiter/Desktop/AER201/botL.X/main.asm
                 TEST_ACK   0x00131e    program     static /Users/mreiter/Desktop/AER201/botL.X/i2c.asm
                TEST_NACK   0x0012bc    program     static /Users/mreiter/Desktop/AER201/botL.X/i2c.asm
                     Team   0x000e6e    program     static /Users/mreiter/Desktop/AER201/botL.X/main.asm
                     WAIT   0x0012d6    program     static /Users/mreiter/Desktop/AER201/botL.X/i2c.asm
         WRITE_COLOUR_I2C   0x001238    program     extern /Users/mreiter/Desktop/AER201/botL.X/i2c_common.asm
                  WR_DATA   0x000fb0    program     extern /Users/mreiter/Desktop/AER201/botL.X/lcd.asm
                   WR_END   0x0012aa    program     static /Users/mreiter/Desktop/AER201/botL.X/i2c_common.asm
               WR_END_RTC   0x0010ea    program     static /Users/mreiter/Desktop/AER201/botL.X/i2c_common.asm
                  WR_ERR1   0x00128a    program     static /Users/mreiter/Desktop/AER201/botL.X/i2c_common.asm
              WR_ERR1_RTC   0x0010ca    program     static /Users/mreiter/Desktop/AER201/botL.X/i2c_common.asm
                  WR_ERR2   0x001294    program     static /Users/mreiter/Desktop/AER201/botL.X/i2c_common.asm
              WR_ERR2_RTC   0x0010d4    program     static /Users/mreiter/Desktop/AER201/botL.X/i2c_common.asm
                  WR_ERR3   0x0012a0    program     static /Users/mreiter/Desktop/AER201/botL.X/i2c_common.asm
              WR_ERR3_RTC   0x0010e0    program     static /Users/mreiter/Desktop/AER201/botL.X/i2c_common.asm
                   WR_INS   0x000f94    program     extern /Users/mreiter/Desktop/AER201/botL.X/lcd.asm
                  Welcome   0x000e68    program     static /Users/mreiter/Desktop/AER201/botL.X/main.asm
              WriteEE_RTC   0x000c2a    program     static /Users/mreiter/Desktop/AER201/botL.X/main.asm
                   WrtLCD   0x000fd2    program     extern /Users/mreiter/Desktop/AER201/botL.X/lcd.asm
              _.code_001A   0x001074    program     static /Users/mreiter/Desktop/AER201/botL.X/i2c_common.asm
              _.code_0028   0x001082    program     static /Users/mreiter/Desktop/AER201/botL.X/i2c_common.asm
              _.code_0030   0x00108a    program     static /Users/mreiter/Desktop/AER201/botL.X/i2c_common.asm
              _.code_0036   0x001090    program     static /Users/mreiter/Desktop/AER201/botL.X/i2c_common.asm
              _.code_0046   0x0010a0    program     static /Users/mreiter/Desktop/AER201/botL.X/i2c_common.asm
              _.code_004C   0x0010a6    program     static /Users/mreiter/Desktop/AER201/botL.X/i2c_common.asm
              _.code_005C   0x0010b6    program     static /Users/mreiter/Desktop/AER201/botL.X/i2c_common.asm
              _.code_0062   0x0010bc    program     static /Users/mreiter/Desktop/AER201/botL.X/i2c_common.asm
              _.code_0094   0x0010ee    program     static /Users/mreiter/Desktop/AER201/botL.X/i2c_common.asm
              _.code_00A2   0x0010fc    program     static /Users/mreiter/Desktop/AER201/botL.X/i2c_common.asm
              _.code_00AA   0x001104    program     static /Users/mreiter/Desktop/AER201/botL.X/i2c_common.asm
              _.code_00B0   0x00110a    program     static /Users/mreiter/Desktop/AER201/botL.X/i2c_common.asm
              _.code_00C0   0x00111a    program     static /Users/mreiter/Desktop/AER201/botL.X/i2c_common.asm
              _.code_00C6   0x001120    program     static /Users/mreiter/Desktop/AER201/botL.X/i2c_common.asm
              _.code_00C6   0x001002    program     static /Users/mreiter/Desktop/AER201/botL.X/lcd.asm
              _.code_00D4   0x00112e    program     static /Users/mreiter/Desktop/AER201/botL.X/i2c_common.asm
              _.code_00DC   0x001136    program     static /Users/mreiter/Desktop/AER201/botL.X/i2c_common.asm
              _.code_00E2   0x00113c    program     static /Users/mreiter/Desktop/AER201/botL.X/i2c_common.asm
              _.code_00F0   0x00102c    program     static /Users/mreiter/Desktop/AER201/botL.X/lcd.asm
              _.code_00F0   0x00114a    program     static /Users/mreiter/Desktop/AER201/botL.X/i2c_common.asm
              _.code_012A   0x001184    program     static /Users/mreiter/Desktop/AER201/botL.X/i2c_common.asm
              _.code_014E   0x0011a8    program     static /Users/mreiter/Desktop/AER201/botL.X/i2c_common.asm
              _.code_0156   0x0011b0    program     static /Users/mreiter/Desktop/AER201/botL.X/i2c_common.asm
              _.code_015C   0x0011b6    program     static /Users/mreiter/Desktop/AER201/botL.X/i2c_common.asm
              _.code_016E   0x0011c8    program     static /Users/mreiter/Desktop/AER201/botL.X/i2c_common.asm
              _.code_0174   0x0011ce    program     static /Users/mreiter/Desktop/AER201/botL.X/i2c_common.asm
              _.code_0182   0x0011dc    program     static /Users/mreiter/Desktop/AER201/botL.X/i2c_common.asm
              _.code_018A   0x0011e4    program     static /Users/mreiter/Desktop/AER201/botL.X/i2c_common.asm
              _.code_0190   0x0011ea    program     static /Users/mreiter/Desktop/AER201/botL.X/i2c_common.asm
              _.code_019E   0x0011f8    program     static /Users/mreiter/Desktop/AER201/botL.X/i2c_common.asm
              _.code_01D8   0x001232    program     static /Users/mreiter/Desktop/AER201/botL.X/i2c_common.asm
              _.code_01E6   0x001240    program     static /Users/mreiter/Desktop/AER201/botL.X/i2c_common.asm
              _.code_01EE   0x001248    program     static /Users/mreiter/Desktop/AER201/botL.X/i2c_common.asm
              _.code_01F4   0x00124e    program     static /Users/mreiter/Desktop/AER201/botL.X/i2c_common.asm
              _.code_0206   0x001260    program     static /Users/mreiter/Desktop/AER201/botL.X/i2c_common.asm
              _.code_020C   0x001266    program     static /Users/mreiter/Desktop/AER201/botL.X/i2c_common.asm
              _.code_021C   0x001276    program     static /Users/mreiter/Desktop/AER201/botL.X/i2c_common.asm
              _.code_0222   0x00127c    program     static /Users/mreiter/Desktop/AER201/botL.X/i2c_common.asm
              _.code_0254   0x0012ae    program     static /Users/mreiter/Desktop/AER201/botL.X/i2c_common.asm
             _.org_2_04FA   0x0004fa    program     static /Users/mreiter/Desktop/AER201/botL.X/main.asm
             _.org_2_0512   0x000512    program     static /Users/mreiter/Desktop/AER201/botL.X/main.asm
             _.org_2_052E   0x00052e    program     static /Users/mreiter/Desktop/AER201/botL.X/main.asm
             _.org_2_0546   0x000546    program     static /Users/mreiter/Desktop/AER201/botL.X/main.asm
             _.org_2_0562   0x000562    program     static /Users/mreiter/Desktop/AER201/botL.X/main.asm
             _.org_2_057A   0x00057a    program     static /Users/mreiter/Desktop/AER201/botL.X/main.asm
             _.org_2_0596   0x000596    program     static /Users/mreiter/Desktop/AER201/botL.X/main.asm
             _.org_2_05AE   0x0005ae    program     static /Users/mreiter/Desktop/AER201/botL.X/main.asm
             _.org_2_0612   0x000612    program     static /Users/mreiter/Desktop/AER201/botL.X/main.asm
             _.org_2_062A   0x00062a    program     static /Users/mreiter/Desktop/AER201/botL.X/main.asm
             _.org_2_0A0E   0x000a0e    program     static /Users/mreiter/Desktop/AER201/botL.X/main.asm
             _.org_2_0A26   0x000a26    program     static /Users/mreiter/Desktop/AER201/botL.X/main.asm
             _.org_2_0A4A   0x000a4a    program     static /Users/mreiter/Desktop/AER201/botL.X/main.asm
             _.org_2_0A62   0x000a62    program     static /Users/mreiter/Desktop/AER201/botL.X/main.asm
             _.org_2_0A86   0x000a86    program     static /Users/mreiter/Desktop/AER201/botL.X/main.asm
             _.org_2_0A9E   0x000a9e    program     static /Users/mreiter/Desktop/AER201/botL.X/main.asm
             _.org_2_0C38   0x000c38    program     static /Users/mreiter/Desktop/AER201/botL.X/main.asm
             _.org_2_0C50   0x000c50    program     static /Users/mreiter/Desktop/AER201/botL.X/main.asm
             _.org_2_0C66   0x000c66    program     static /Users/mreiter/Desktop/AER201/botL.X/main.asm
             _.org_2_0C7E   0x000c7e    program     static /Users/mreiter/Desktop/AER201/botL.X/main.asm
             _.org_2_0C9E   0x000c9e    program     static /Users/mreiter/Desktop/AER201/botL.X/main.asm
             _.org_2_0CB6   0x000cb6    program     static /Users/mreiter/Desktop/AER201/botL.X/main.asm
             _.org_2_0CDC   0x000cdc    program     static /Users/mreiter/Desktop/AER201/botL.X/main.asm
             _.org_2_0CF8   0x000cf8    program     static /Users/mreiter/Desktop/AER201/botL.X/main.asm
                 _107loop   0x000d28    program     static /Users/mreiter/Desktop/AER201/botL.X/main.asm
                 _112loop   0x000dba    program     static /Users/mreiter/Desktop/AER201/botL.X/main.asm
                  _13loop   0x0001ea    program     static /Users/mreiter/Desktop/AER201/botL.X/main.asm
                  _14loop   0x000208    program     static /Users/mreiter/Desktop/AER201/botL.X/main.asm
                  _15loop   0x000216    program     static /Users/mreiter/Desktop/AER201/botL.X/main.asm
                  _16loop   0x000234    program     static /Users/mreiter/Desktop/AER201/botL.X/main.asm
                  _17Exit   0x000256    program     static /Users/mreiter/Desktop/AER201/botL.X/main.asm
                  _17Next   0x00024a    program     static /Users/mreiter/Desktop/AER201/botL.X/main.asm
                  _18Exit   0x00026c    program     static /Users/mreiter/Desktop/AER201/botL.X/main.asm
                  _18Next   0x000260    program     static /Users/mreiter/Desktop/AER201/botL.X/main.asm
                  _19Exit   0x000282    program     static /Users/mreiter/Desktop/AER201/botL.X/main.asm
                  _19Next   0x000276    program     static /Users/mreiter/Desktop/AER201/botL.X/main.asm
                  _20Exit   0x000298    program     static /Users/mreiter/Desktop/AER201/botL.X/main.asm
                  _20Next   0x00028c    program     static /Users/mreiter/Desktop/AER201/botL.X/main.asm
                  _21Exit   0x0002ae    program     static /Users/mreiter/Desktop/AER201/botL.X/main.asm
                  _21Next   0x0002a2    program     static /Users/mreiter/Desktop/AER201/botL.X/main.asm
               _22RESULTS   0x0002c4    program     static /Users/mreiter/Desktop/AER201/botL.X/main.asm
               _23RESULTS   0x0002da    program     static /Users/mreiter/Desktop/AER201/botL.X/main.asm
               _24RESULTS   0x0002f0    program     static /Users/mreiter/Desktop/AER201/botL.X/main.asm
               _25RESULTS   0x00030e    program     static /Users/mreiter/Desktop/AER201/botL.X/main.asm
               _26RESULTS   0x000324    program     static /Users/mreiter/Desktop/AER201/botL.X/main.asm
               _27RESULTS   0x00033a    program     static /Users/mreiter/Desktop/AER201/botL.X/main.asm
               _28RESULTS   0x000358    program     static /Users/mreiter/Desktop/AER201/botL.X/main.asm
               _29RESULTS   0x00036e    program     static /Users/mreiter/Desktop/AER201/botL.X/main.asm
                 _2endBCD   0x000098    program     static /Users/mreiter/Desktop/AER201/botL.X/main.asm
                   _2ones   0x000092    program     static /Users/mreiter/Desktop/AER201/botL.X/main.asm
               _30RESULTS   0x000384    program     static /Users/mreiter/Desktop/AER201/botL.X/main.asm
               _31RESULTS   0x0003a2    program     static /Users/mreiter/Desktop/AER201/botL.X/main.asm
               _32RESULTS   0x0003b8    program     static /Users/mreiter/Desktop/AER201/botL.X/main.asm
               _33RESULTS   0x0003ce    program     static /Users/mreiter/Desktop/AER201/botL.X/main.asm
                  _34loop   0x0003de    program     static /Users/mreiter/Desktop/AER201/botL.X/main.asm
                 _3endBCD   0x0000ca    program     static /Users/mreiter/Desktop/AER201/botL.X/main.asm
                   _3ones   0x0000c4    program     static /Users/mreiter/Desktop/AER201/botL.X/main.asm
                  _44loop   0x000454    program     static /Users/mreiter/Desktop/AER201/botL.X/main.asm
                  _45loop   0x00048e    program     static /Users/mreiter/Desktop/AER201/botL.X/main.asm
                  _46Exit   0x0004da    program     static /Users/mreiter/Desktop/AER201/botL.X/main.asm
                  _46Next   0x0004ce    program     static /Users/mreiter/Desktop/AER201/botL.X/main.asm
                  _51loop   0x0005ce    program     static /Users/mreiter/Desktop/AER201/botL.X/main.asm
                  _54loop   0x000668    program     static /Users/mreiter/Desktop/AER201/botL.X/main.asm
                  _55Exit   0x00069c    program     static /Users/mreiter/Desktop/AER201/botL.X/main.asm
                  _55Next   0x000690    program     static /Users/mreiter/Desktop/AER201/botL.X/main.asm
                  _56Exit   0x0006b2    program     static /Users/mreiter/Desktop/AER201/botL.X/main.asm
                  _56Next   0x0006a6    program     static /Users/mreiter/Desktop/AER201/botL.X/main.asm
                  _57loop   0x0006ca    program     static /Users/mreiter/Desktop/AER201/botL.X/main.asm
                  _58loop   0x0006e8    program     static /Users/mreiter/Desktop/AER201/botL.X/main.asm
                  _59Exit   0x00070e    program     static /Users/mreiter/Desktop/AER201/botL.X/main.asm
                  _59Next   0x000702    program     static /Users/mreiter/Desktop/AER201/botL.X/main.asm
                  _60loop   0x000726    program     static /Users/mreiter/Desktop/AER201/botL.X/main.asm
                  _61loop   0x000744    program     static /Users/mreiter/Desktop/AER201/botL.X/main.asm
                  _62Exit   0x000766    program     static /Users/mreiter/Desktop/AER201/botL.X/main.asm
                  _62Next   0x00075a    program     static /Users/mreiter/Desktop/AER201/botL.X/main.asm
                  _63Exit   0x00077c    program     static /Users/mreiter/Desktop/AER201/botL.X/main.asm
                  _63Next   0x000770    program     static /Users/mreiter/Desktop/AER201/botL.X/main.asm
                  _64Exit   0x000792    program     static /Users/mreiter/Desktop/AER201/botL.X/main.asm
                  _64Next   0x000786    program     static /Users/mreiter/Desktop/AER201/botL.X/main.asm
                  _65Exit   0x0007a8    program     static /Users/mreiter/Desktop/AER201/botL.X/main.asm
                  _65Next   0x00079c    program     static /Users/mreiter/Desktop/AER201/botL.X/main.asm
                  _66Exit   0x0007be    program     static /Users/mreiter/Desktop/AER201/botL.X/main.asm
                  _66Next   0x0007b2    program     static /Users/mreiter/Desktop/AER201/botL.X/main.asm
                  _67Exit   0x0007d4    program     static /Users/mreiter/Desktop/AER201/botL.X/main.asm
                  _67Next   0x0007c8    program     static /Users/mreiter/Desktop/AER201/botL.X/main.asm
                  _68Exit   0x0007ea    program     static /Users/mreiter/Desktop/AER201/botL.X/main.asm
                  _68Next   0x0007de    program     static /Users/mreiter/Desktop/AER201/botL.X/main.asm
                  _69Exit   0x000800    program     static /Users/mreiter/Desktop/AER201/botL.X/main.asm
                  _69Next   0x0007f4    program     static /Users/mreiter/Desktop/AER201/botL.X/main.asm
                  _70Exit   0x000816    program     static /Users/mreiter/Desktop/AER201/botL.X/main.asm
                  _70Next   0x00080a    program     static /Users/mreiter/Desktop/AER201/botL.X/main.asm
                  _71Exit   0x00082c    program     static /Users/mreiter/Desktop/AER201/botL.X/main.asm
                  _71Next   0x000820    program     static /Users/mreiter/Desktop/AER201/botL.X/main.asm
                  _72loop   0x000844    program     static /Users/mreiter/Desktop/AER201/botL.X/main.asm
                  _75Exit   0x0008dc    program     static /Users/mreiter/Desktop/AER201/botL.X/main.asm
                  _75Next   0x0008d0    program     static /Users/mreiter/Desktop/AER201/botL.X/main.asm
                  _76loop   0x0008f4    program     static /Users/mreiter/Desktop/AER201/botL.X/main.asm
                  _77loop   0x000912    program     static /Users/mreiter/Desktop/AER201/botL.X/main.asm
                  _78Exit   0x000940    program     static /Users/mreiter/Desktop/AER201/botL.X/main.asm
                  _78Next   0x000934    program     static /Users/mreiter/Desktop/AER201/botL.X/main.asm
                  _79Exit   0x000956    program     static /Users/mreiter/Desktop/AER201/botL.X/main.asm
                  _79Next   0x00094a    program     static /Users/mreiter/Desktop/AER201/botL.X/main.asm
                  _80loop   0x000970    program     static /Users/mreiter/Desktop/AER201/botL.X/main.asm
                  _waitl0   0x001158    program     static /Users/mreiter/Desktop/AER201/botL.X/i2c_common.asm
                  _waitl1   0x001206    program     static /Users/mreiter/Desktop/AER201/botL.X/i2c_common.asm
                       d2   0x001054    program     static /Users/mreiter/Desktop/AER201/botL.X/lcd.asm
                del_loop0   0x000b88    program     static /Users/mreiter/Desktop/AER201/botL.X/main.asm
                delay44us   0x001038    program     static /Users/mreiter/Desktop/AER201/botL.X/lcd.asm
                 delay5ms   0x001044    program     extern /Users/mreiter/Desktop/AER201/botL.X/lcd.asm
               displayNum   0x00086a    program     static /Users/mreiter/Desktop/AER201/botL.X/main.asm
         i2c_common_setup   0x00105a    program     extern /Users/mreiter/Desktop/AER201/botL.X/i2c_common.asm
             lcdLongDelay   0x001022    program     static /Users/mreiter/Desktop/AER201/botL.X/lcd.asm
                loop200us   0x000c0c    program     static /Users/mreiter/Desktop/AER201/botL.X/main.asm
                 loop50ms   0x000c1a    program     static /Users/mreiter/Desktop/AER201/botL.X/main.asm
                  loop5us   0x000bfe    program     static /Users/mreiter/Desktop/AER201/botL.X/main.asm
                 read_rtc   0x0010f4    program     extern /Users/mreiter/Desktop/AER201/botL.X/i2c_common.asm
              rtc_convert   0x00118a    program     extern /Users/mreiter/Desktop/AER201/botL.X/i2c_common.asm
                write_rtc   0x00107a    program     extern /Users/mreiter/Desktop/AER201/botL.X/i2c_common.asm
           convert_buffer   0x000087       data     extern /Users/mreiter/Desktop/AER201/botL.X/i2c_common.asm
             data_colourH   0x000084       data     extern /Users/mreiter/Desktop/AER201/botL.X/i2c_common.asm
             data_colourL   0x000083       data     extern /Users/mreiter/Desktop/AER201/botL.X/i2c_common.asm
                 databyte   0x000081       data     extern /Users/mreiter/Desktop/AER201/botL.X/i2c_common.asm
                 datachar   0x000082       data     extern /Users/mreiter/Desktop/AER201/botL.X/i2c_common.asm
               ones_digit   0x000086       data     extern /Users/mreiter/Desktop/AER201/botL.X/i2c_common.asm
               regaddress   0x000080       data     extern /Users/mreiter/Desktop/AER201/botL.X/i2c_common.asm
               tens_digit   0x000085       data     extern /Users/mreiter/Desktop/AER201/botL.X/i2c_common.asm



                              Symbols - Sorted by Address
                     Name    Address   Location    Storage File                     
                ---------  ---------  ---------  --------- ---------                
                 ISR_HIGH   0x00001c    program     static /Users/mreiter/Desktop/AER201/botL.X/main.asm
                   _2ones   0x000092    program     static /Users/mreiter/Desktop/AER201/botL.X/main.asm
                 _2endBCD   0x000098    program     static /Users/mreiter/Desktop/AER201/botL.X/main.asm
                   _3ones   0x0000c4    program     static /Users/mreiter/Desktop/AER201/botL.X/main.asm
                 _3endBCD   0x0000ca    program     static /Users/mreiter/Desktop/AER201/botL.X/main.asm
             END_ISR_HIGH   0x0000cc    program     static /Users/mreiter/Desktop/AER201/botL.X/main.asm
                  ISR_LOW   0x0000d6    program     static /Users/mreiter/Desktop/AER201/botL.X/main.asm
              END_ISR_LOW   0x0000f2    program     static /Users/mreiter/Desktop/AER201/botL.X/main.asm
                     INIT   0x0000fc    program     static /Users/mreiter/Desktop/AER201/botL.X/main.asm
                  _13loop   0x0001ea    program     static /Users/mreiter/Desktop/AER201/botL.X/main.asm
                  _14loop   0x000208    program     static /Users/mreiter/Desktop/AER201/botL.X/main.asm
                  _15loop   0x000216    program     static /Users/mreiter/Desktop/AER201/botL.X/main.asm
                  STANDBY   0x000220    program     static /Users/mreiter/Desktop/AER201/botL.X/main.asm
                  _16loop   0x000234    program     static /Users/mreiter/Desktop/AER201/botL.X/main.asm
             HOLD_STANDBY   0x00023e    program     static /Users/mreiter/Desktop/AER201/botL.X/main.asm
                  _17Next   0x00024a    program     static /Users/mreiter/Desktop/AER201/botL.X/main.asm
                  _17Exit   0x000256    program     static /Users/mreiter/Desktop/AER201/botL.X/main.asm
                  _18Next   0x000260    program     static /Users/mreiter/Desktop/AER201/botL.X/main.asm
                  _18Exit   0x00026c    program     static /Users/mreiter/Desktop/AER201/botL.X/main.asm
                  _19Next   0x000276    program     static /Users/mreiter/Desktop/AER201/botL.X/main.asm
                  _19Exit   0x000282    program     static /Users/mreiter/Desktop/AER201/botL.X/main.asm
                  _20Next   0x00028c    program     static /Users/mreiter/Desktop/AER201/botL.X/main.asm
                  _20Exit   0x000298    program     static /Users/mreiter/Desktop/AER201/botL.X/main.asm
                  _21Next   0x0002a2    program     static /Users/mreiter/Desktop/AER201/botL.X/main.asm
                  _21Exit   0x0002ae    program     static /Users/mreiter/Desktop/AER201/botL.X/main.asm
              CHECK_CLEAR   0x0002b2    program     static /Users/mreiter/Desktop/AER201/botL.X/main.asm
               _22RESULTS   0x0002c4    program     static /Users/mreiter/Desktop/AER201/botL.X/main.asm
               _23RESULTS   0x0002da    program     static /Users/mreiter/Desktop/AER201/botL.X/main.asm
               _24RESULTS   0x0002f0    program     static /Users/mreiter/Desktop/AER201/botL.X/main.asm
                CHECK_RED   0x0002fc    program     static /Users/mreiter/Desktop/AER201/botL.X/main.asm
               _25RESULTS   0x00030e    program     static /Users/mreiter/Desktop/AER201/botL.X/main.asm
               _26RESULTS   0x000324    program     static /Users/mreiter/Desktop/AER201/botL.X/main.asm
               _27RESULTS   0x00033a    program     static /Users/mreiter/Desktop/AER201/botL.X/main.asm
              CHECK_GREEN   0x000346    program     static /Users/mreiter/Desktop/AER201/botL.X/main.asm
               _28RESULTS   0x000358    program     static /Users/mreiter/Desktop/AER201/botL.X/main.asm
               _29RESULTS   0x00036e    program     static /Users/mreiter/Desktop/AER201/botL.X/main.asm
               _30RESULTS   0x000384    program     static /Users/mreiter/Desktop/AER201/botL.X/main.asm
               CHECK_BLUE   0x000390    program     static /Users/mreiter/Desktop/AER201/botL.X/main.asm
               _31RESULTS   0x0003a2    program     static /Users/mreiter/Desktop/AER201/botL.X/main.asm
               _32RESULTS   0x0003b8    program     static /Users/mreiter/Desktop/AER201/botL.X/main.asm
               _33RESULTS   0x0003ce    program     static /Users/mreiter/Desktop/AER201/botL.X/main.asm
                  LOOPING   0x0003da    program     static /Users/mreiter/Desktop/AER201/botL.X/main.asm
              COLOUR_TEST   0x0003da    program     static /Users/mreiter/Desktop/AER201/botL.X/main.asm
                  _34loop   0x0003de    program     static /Users/mreiter/Desktop/AER201/botL.X/main.asm
                  _44loop   0x000454    program     static /Users/mreiter/Desktop/AER201/botL.X/main.asm
                EXECUTION   0x000470    program     static /Users/mreiter/Desktop/AER201/botL.X/main.asm
                  _45loop   0x00048e    program     static /Users/mreiter/Desktop/AER201/botL.X/main.asm
                 HOLD_EXE   0x0004c2    program     static /Users/mreiter/Desktop/AER201/botL.X/main.asm
                  _46Next   0x0004ce    program     static /Users/mreiter/Desktop/AER201/botL.X/main.asm
                  _46Exit   0x0004da    program     static /Users/mreiter/Desktop/AER201/botL.X/main.asm
                 EXIT_EXE   0x0004de    program     static /Users/mreiter/Desktop/AER201/botL.X/main.asm
             _.org_2_04FA   0x0004fa    program     static /Users/mreiter/Desktop/AER201/botL.X/main.asm
             _.org_2_0512   0x000512    program     static /Users/mreiter/Desktop/AER201/botL.X/main.asm
             _.org_2_052E   0x00052e    program     static /Users/mreiter/Desktop/AER201/botL.X/main.asm
             _.org_2_0546   0x000546    program     static /Users/mreiter/Desktop/AER201/botL.X/main.asm
             _.org_2_0562   0x000562    program     static /Users/mreiter/Desktop/AER201/botL.X/main.asm
             _.org_2_057A   0x00057a    program     static /Users/mreiter/Desktop/AER201/botL.X/main.asm
             _.org_2_0596   0x000596    program     static /Users/mreiter/Desktop/AER201/botL.X/main.asm
             _.org_2_05AE   0x0005ae    program     static /Users/mreiter/Desktop/AER201/botL.X/main.asm
                 SaveData   0x0005ba    program     static /Users/mreiter/Desktop/AER201/botL.X/main.asm
                  _51loop   0x0005ce    program     static /Users/mreiter/Desktop/AER201/botL.X/main.asm
                ShiftLoop   0x0005ec    program     static /Users/mreiter/Desktop/AER201/botL.X/main.asm
             _.org_2_0612   0x000612    program     static /Users/mreiter/Desktop/AER201/botL.X/main.asm
             _.org_2_062A   0x00062a    program     static /Users/mreiter/Desktop/AER201/botL.X/main.asm
                      LOG   0x000654    program     static /Users/mreiter/Desktop/AER201/botL.X/main.asm
                  _54loop   0x000668    program     static /Users/mreiter/Desktop/AER201/botL.X/main.asm
                 HOLD_LOG   0x000684    program     static /Users/mreiter/Desktop/AER201/botL.X/main.asm
                  _55Next   0x000690    program     static /Users/mreiter/Desktop/AER201/botL.X/main.asm
                  _55Exit   0x00069c    program     static /Users/mreiter/Desktop/AER201/botL.X/main.asm
                  _56Next   0x0006a6    program     static /Users/mreiter/Desktop/AER201/botL.X/main.asm
                  _56Exit   0x0006b2    program     static /Users/mreiter/Desktop/AER201/botL.X/main.asm
                 LOG_INFO   0x0006b6    program     static /Users/mreiter/Desktop/AER201/botL.X/main.asm
                  _57loop   0x0006ca    program     static /Users/mreiter/Desktop/AER201/botL.X/main.asm
                  _58loop   0x0006e8    program     static /Users/mreiter/Desktop/AER201/botL.X/main.asm
            HOLD_LOG_INFO   0x0006f6    program     static /Users/mreiter/Desktop/AER201/botL.X/main.asm
                  _59Next   0x000702    program     static /Users/mreiter/Desktop/AER201/botL.X/main.asm
                  _59Exit   0x00070e    program     static /Users/mreiter/Desktop/AER201/botL.X/main.asm
                 PERM_LOG   0x000712    program     static /Users/mreiter/Desktop/AER201/botL.X/main.asm
                  _60loop   0x000726    program     static /Users/mreiter/Desktop/AER201/botL.X/main.asm
                  _61loop   0x000744    program     static /Users/mreiter/Desktop/AER201/botL.X/main.asm
            HOLD_PERM_LOG   0x00074e    program     static /Users/mreiter/Desktop/AER201/botL.X/main.asm
                  _62Next   0x00075a    program     static /Users/mreiter/Desktop/AER201/botL.X/main.asm
                  _62Exit   0x000766    program     static /Users/mreiter/Desktop/AER201/botL.X/main.asm
                  _63Next   0x000770    program     static /Users/mreiter/Desktop/AER201/botL.X/main.asm
                  _63Exit   0x00077c    program     static /Users/mreiter/Desktop/AER201/botL.X/main.asm
                  _64Next   0x000786    program     static /Users/mreiter/Desktop/AER201/botL.X/main.asm
                  _64Exit   0x000792    program     static /Users/mreiter/Desktop/AER201/botL.X/main.asm
                  _65Next   0x00079c    program     static /Users/mreiter/Desktop/AER201/botL.X/main.asm
                  _65Exit   0x0007a8    program     static /Users/mreiter/Desktop/AER201/botL.X/main.asm
                  _66Next   0x0007b2    program     static /Users/mreiter/Desktop/AER201/botL.X/main.asm
                  _66Exit   0x0007be    program     static /Users/mreiter/Desktop/AER201/botL.X/main.asm
                  _67Next   0x0007c8    program     static /Users/mreiter/Desktop/AER201/botL.X/main.asm
                  _67Exit   0x0007d4    program     static /Users/mreiter/Desktop/AER201/botL.X/main.asm
                  _68Next   0x0007de    program     static /Users/mreiter/Desktop/AER201/botL.X/main.asm
                  _68Exit   0x0007ea    program     static /Users/mreiter/Desktop/AER201/botL.X/main.asm
                  _69Next   0x0007f4    program     static /Users/mreiter/Desktop/AER201/botL.X/main.asm
                  _69Exit   0x000800    program     static /Users/mreiter/Desktop/AER201/botL.X/main.asm
                  _70Next   0x00080a    program     static /Users/mreiter/Desktop/AER201/botL.X/main.asm
                  _70Exit   0x000816    program     static /Users/mreiter/Desktop/AER201/botL.X/main.asm
                  _71Next   0x000820    program     static /Users/mreiter/Desktop/AER201/botL.X/main.asm
                  _71Exit   0x00082c    program     static /Users/mreiter/Desktop/AER201/botL.X/main.asm
                     PLOG   0x000830    program     static /Users/mreiter/Desktop/AER201/botL.X/main.asm
                  _72loop   0x000844    program     static /Users/mreiter/Desktop/AER201/botL.X/main.asm
               displayNum   0x00086a    program     static /Users/mreiter/Desktop/AER201/botL.X/main.asm
                HOLD_PLOG   0x0008c4    program     static /Users/mreiter/Desktop/AER201/botL.X/main.asm
                  _75Next   0x0008d0    program     static /Users/mreiter/Desktop/AER201/botL.X/main.asm
                  _75Exit   0x0008dc    program     static /Users/mreiter/Desktop/AER201/botL.X/main.asm
                  PC_MODE   0x0008e0    program     static /Users/mreiter/Desktop/AER201/botL.X/main.asm
                  _76loop   0x0008f4    program     static /Users/mreiter/Desktop/AER201/botL.X/main.asm
                  _77loop   0x000912    program     static /Users/mreiter/Desktop/AER201/botL.X/main.asm
                  HOLD_PC   0x000928    program     static /Users/mreiter/Desktop/AER201/botL.X/main.asm
                  _78Next   0x000934    program     static /Users/mreiter/Desktop/AER201/botL.X/main.asm
                  _78Exit   0x000940    program     static /Users/mreiter/Desktop/AER201/botL.X/main.asm
                  _79Next   0x00094a    program     static /Users/mreiter/Desktop/AER201/botL.X/main.asm
                  _79Exit   0x000956    program     static /Users/mreiter/Desktop/AER201/botL.X/main.asm
              PC_TRANSFER   0x00095a    program     static /Users/mreiter/Desktop/AER201/botL.X/main.asm
                  _80loop   0x000970    program     static /Users/mreiter/Desktop/AER201/botL.X/main.asm
                 RTC_INIT   0x00097e    program     static /Users/mreiter/Desktop/AER201/botL.X/main.asm
                SAVE_TIME   0x00098c    program     static /Users/mreiter/Desktop/AER201/botL.X/main.asm
            SAVE_EXE_TIME   0x0009f2    program     static /Users/mreiter/Desktop/AER201/botL.X/main.asm
             _.org_2_0A0E   0x000a0e    program     static /Users/mreiter/Desktop/AER201/botL.X/main.asm
             _.org_2_0A26   0x000a26    program     static /Users/mreiter/Desktop/AER201/botL.X/main.asm
             _.org_2_0A4A   0x000a4a    program     static /Users/mreiter/Desktop/AER201/botL.X/main.asm
             _.org_2_0A62   0x000a62    program     static /Users/mreiter/Desktop/AER201/botL.X/main.asm
             _.org_2_0A86   0x000a86    program     static /Users/mreiter/Desktop/AER201/botL.X/main.asm
             _.org_2_0A9E   0x000a9e    program     static /Users/mreiter/Desktop/AER201/botL.X/main.asm
              DISPLAY_RTC   0x000aa8    program     static /Users/mreiter/Desktop/AER201/botL.X/main.asm
                 SET_TIME   0x000b82    program     static /Users/mreiter/Desktop/AER201/botL.X/main.asm
                del_loop0   0x000b88    program     static /Users/mreiter/Desktop/AER201/botL.X/main.asm
               INIT_USART   0x000bea    program     static /Users/mreiter/Desktop/AER201/botL.X/main.asm
                 Delay5us   0x000bfa    program     static /Users/mreiter/Desktop/AER201/botL.X/main.asm
                  loop5us   0x000bfe    program     static /Users/mreiter/Desktop/AER201/botL.X/main.asm
               Delay200us   0x000c08    program     static /Users/mreiter/Desktop/AER201/botL.X/main.asm
                loop200us   0x000c0c    program     static /Users/mreiter/Desktop/AER201/botL.X/main.asm
                Delay50ms   0x000c16    program     static /Users/mreiter/Desktop/AER201/botL.X/main.asm
                 loop50ms   0x000c1a    program     static /Users/mreiter/Desktop/AER201/botL.X/main.asm
                   Cycles   0x000c20    program     static /Users/mreiter/Desktop/AER201/botL.X/main.asm
              WriteEE_RTC   0x000c2a    program     static /Users/mreiter/Desktop/AER201/botL.X/main.asm
             _.org_2_0C38   0x000c38    program     static /Users/mreiter/Desktop/AER201/botL.X/main.asm
             _.org_2_0C50   0x000c50    program     static /Users/mreiter/Desktop/AER201/botL.X/main.asm
             _.org_2_0C66   0x000c66    program     static /Users/mreiter/Desktop/AER201/botL.X/main.asm
             _.org_2_0C7E   0x000c7e    program     static /Users/mreiter/Desktop/AER201/botL.X/main.asm
           ClearEEPROM_21   0x000c88    program     static /Users/mreiter/Desktop/AER201/botL.X/main.asm
                ClearNext   0x000c90    program     static /Users/mreiter/Desktop/AER201/botL.X/main.asm
             _.org_2_0C9E   0x000c9e    program     static /Users/mreiter/Desktop/AER201/botL.X/main.asm
             _.org_2_0CB6   0x000cb6    program     static /Users/mreiter/Desktop/AER201/botL.X/main.asm
                 READ_KEY   0x000cce    program     static /Users/mreiter/Desktop/AER201/botL.X/main.asm
             _.org_2_0CDC   0x000cdc    program     static /Users/mreiter/Desktop/AER201/botL.X/main.asm
            READ_KEY_TIME   0x000ce2    program     static /Users/mreiter/Desktop/AER201/botL.X/main.asm
             _.org_2_0CF8   0x000cf8    program     static /Users/mreiter/Desktop/AER201/botL.X/main.asm
           DisplayExeTime   0x000cfe    program     static /Users/mreiter/Desktop/AER201/botL.X/main.asm
                 _107loop   0x000d28    program     static /Users/mreiter/Desktop/AER201/botL.X/main.asm
        NoSkipDispExeTime   0x000d3c    program     static /Users/mreiter/Desktop/AER201/botL.X/main.asm
          SkipDispExeTime   0x000d8e    program     static /Users/mreiter/Desktop/AER201/botL.X/main.asm
                DispOpRTC   0x000d90    program     static /Users/mreiter/Desktop/AER201/botL.X/main.asm
                 _112loop   0x000dba    program     static /Users/mreiter/Desktop/AER201/botL.X/main.asm
          NoSkipDispOpRTC   0x000dcc    program     static /Users/mreiter/Desktop/AER201/botL.X/main.asm
            SkipDispOpRTC   0x000e2c    program     static /Users/mreiter/Desktop/AER201/botL.X/main.asm
         DispOpRTC_Helper   0x000e2e    program     static /Users/mreiter/Desktop/AER201/botL.X/main.asm
                  Welcome   0x000e68    program     static /Users/mreiter/Desktop/AER201/botL.X/main.asm
                     Team   0x000e6e    program     static /Users/mreiter/Desktop/AER201/botL.X/main.asm
                  StandBy   0x000e78    program     static /Users/mreiter/Desktop/AER201/botL.X/main.asm
                     Log1   0x000e80    program     static /Users/mreiter/Desktop/AER201/botL.X/main.asm
                     Log2   0x000e86    program     static /Users/mreiter/Desktop/AER201/botL.X/main.asm
                 LogInfo1   0x000e94    program     static /Users/mreiter/Desktop/AER201/botL.X/main.asm
                 LogInfo2   0x000e9c    program     static /Users/mreiter/Desktop/AER201/botL.X/main.asm
                 PermLog1   0x000ea6    program     static /Users/mreiter/Desktop/AER201/botL.X/main.asm
                 PermLog2   0x000eb6    program     static /Users/mreiter/Desktop/AER201/botL.X/main.asm
                     Exe1   0x000ec2    program     static /Users/mreiter/Desktop/AER201/botL.X/main.asm
                     Exe2   0x000ece    program     static /Users/mreiter/Desktop/AER201/botL.X/main.asm
                      PC1   0x000ed6    program     static /Users/mreiter/Desktop/AER201/botL.X/main.asm
                      PC2   0x000ee4    program     static /Users/mreiter/Desktop/AER201/botL.X/main.asm
               PCTransfer   0x000eee    program     static /Users/mreiter/Desktop/AER201/botL.X/main.asm
                  Stopped   0x000efe    program     static /Users/mreiter/Desktop/AER201/botL.X/main.asm
                 Exe_Time   0x000f06    program     static /Users/mreiter/Desktop/AER201/botL.X/main.asm
                     SAVE   0x000f0e    program     static /Users/mreiter/Desktop/AER201/botL.X/main.asm
                   Safety   0x000f18    program     static /Users/mreiter/Desktop/AER201/botL.X/main.asm
                   NoData   0x000f28    program     static /Users/mreiter/Desktop/AER201/botL.X/main.asm
                   PCLog1   0x000f2c    program     static /Users/mreiter/Desktop/AER201/botL.X/main.asm
                  InitLCD   0x000f3c    program     extern /Users/mreiter/Desktop/AER201/botL.X/lcd.asm
                   WR_INS   0x000f94    program     extern /Users/mreiter/Desktop/AER201/botL.X/lcd.asm
                  WR_DATA   0x000fb0    program     extern /Users/mreiter/Desktop/AER201/botL.X/lcd.asm
                   WrtLCD   0x000fd2    program     extern /Users/mreiter/Desktop/AER201/botL.X/lcd.asm
                   ClrLCD   0x000fe8    program     extern /Users/mreiter/Desktop/AER201/botL.X/lcd.asm
                   ClkLCD   0x000ff6    program     extern /Users/mreiter/Desktop/AER201/botL.X/lcd.asm
              _.code_00C6   0x001002    program     static /Users/mreiter/Desktop/AER201/botL.X/lcd.asm
                   LCD_L1   0x001008    program     extern /Users/mreiter/Desktop/AER201/botL.X/lcd.asm
                   LCD_L2   0x001010    program     extern /Users/mreiter/Desktop/AER201/botL.X/lcd.asm
                   MovMSB   0x001018    program     static /Users/mreiter/Desktop/AER201/botL.X/lcd.asm
             lcdLongDelay   0x001022    program     static /Users/mreiter/Desktop/AER201/botL.X/lcd.asm
                 LLD_LOOP   0x001026    program     static /Users/mreiter/Desktop/AER201/botL.X/lcd.asm
              _.code_00F0   0x00102c    program     static /Users/mreiter/Desktop/AER201/botL.X/lcd.asm
                delay44us   0x001038    program     static /Users/mreiter/Desktop/AER201/botL.X/lcd.asm
            Delay44usLoop   0x00103c    program     static /Users/mreiter/Desktop/AER201/botL.X/lcd.asm
                 delay5ms   0x001044    program     extern /Users/mreiter/Desktop/AER201/botL.X/lcd.asm
             Delay5msLoop   0x00104c    program     static /Users/mreiter/Desktop/AER201/botL.X/lcd.asm
                       d2   0x001054    program     static /Users/mreiter/Desktop/AER201/botL.X/lcd.asm
         i2c_common_setup   0x00105a    program     extern /Users/mreiter/Desktop/AER201/botL.X/i2c_common.asm
              _.code_001A   0x001074    program     static /Users/mreiter/Desktop/AER201/botL.X/i2c_common.asm
                write_rtc   0x00107a    program     extern /Users/mreiter/Desktop/AER201/botL.X/i2c_common.asm
              _.code_0028   0x001082    program     static /Users/mreiter/Desktop/AER201/botL.X/i2c_common.asm
              _.code_0030   0x00108a    program     static /Users/mreiter/Desktop/AER201/botL.X/i2c_common.asm
              _.code_0036   0x001090    program     static /Users/mreiter/Desktop/AER201/botL.X/i2c_common.asm
              _.code_0046   0x0010a0    program     static /Users/mreiter/Desktop/AER201/botL.X/i2c_common.asm
              _.code_004C   0x0010a6    program     static /Users/mreiter/Desktop/AER201/botL.X/i2c_common.asm
              _.code_005C   0x0010b6    program     static /Users/mreiter/Desktop/AER201/botL.X/i2c_common.asm
              _.code_0062   0x0010bc    program     static /Users/mreiter/Desktop/AER201/botL.X/i2c_common.asm
              WR_ERR1_RTC   0x0010ca    program     static /Users/mreiter/Desktop/AER201/botL.X/i2c_common.asm
              WR_ERR2_RTC   0x0010d4    program     static /Users/mreiter/Desktop/AER201/botL.X/i2c_common.asm
              WR_ERR3_RTC   0x0010e0    program     static /Users/mreiter/Desktop/AER201/botL.X/i2c_common.asm
               WR_END_RTC   0x0010ea    program     static /Users/mreiter/Desktop/AER201/botL.X/i2c_common.asm
              _.code_0094   0x0010ee    program     static /Users/mreiter/Desktop/AER201/botL.X/i2c_common.asm
                 read_rtc   0x0010f4    program     extern /Users/mreiter/Desktop/AER201/botL.X/i2c_common.asm
              _.code_00A2   0x0010fc    program     static /Users/mreiter/Desktop/AER201/botL.X/i2c_common.asm
              _.code_00AA   0x001104    program     static /Users/mreiter/Desktop/AER201/botL.X/i2c_common.asm
              _.code_00B0   0x00110a    program     static /Users/mreiter/Desktop/AER201/botL.X/i2c_common.asm
              _.code_00C0   0x00111a    program     static /Users/mreiter/Desktop/AER201/botL.X/i2c_common.asm
              _.code_00C6   0x001120    program     static /Users/mreiter/Desktop/AER201/botL.X/i2c_common.asm
              _.code_00D4   0x00112e    program     static /Users/mreiter/Desktop/AER201/botL.X/i2c_common.asm
              _.code_00DC   0x001136    program     static /Users/mreiter/Desktop/AER201/botL.X/i2c_common.asm
              _.code_00E2   0x00113c    program     static /Users/mreiter/Desktop/AER201/botL.X/i2c_common.asm
              _.code_00F0   0x00114a    program     static /Users/mreiter/Desktop/AER201/botL.X/i2c_common.asm
                  _waitl0   0x001158    program     static /Users/mreiter/Desktop/AER201/botL.X/i2c_common.asm
              RD_ERR1_RTC   0x001162    program     static /Users/mreiter/Desktop/AER201/botL.X/i2c_common.asm
              RD_ERR2_RTC   0x00116c    program     static /Users/mreiter/Desktop/AER201/botL.X/i2c_common.asm
              RD_ERR3_RTC   0x001176    program     static /Users/mreiter/Desktop/AER201/botL.X/i2c_common.asm
               RD_END_RTC   0x001180    program     static /Users/mreiter/Desktop/AER201/botL.X/i2c_common.asm
              _.code_012A   0x001184    program     static /Users/mreiter/Desktop/AER201/botL.X/i2c_common.asm
              rtc_convert   0x00118a    program     extern /Users/mreiter/Desktop/AER201/botL.X/i2c_common.asm
          READ_COLOUR_I2C   0x0011a0    program     extern /Users/mreiter/Desktop/AER201/botL.X/i2c_common.asm
              _.code_014E   0x0011a8    program     static /Users/mreiter/Desktop/AER201/botL.X/i2c_common.asm
              _.code_0156   0x0011b0    program     static /Users/mreiter/Desktop/AER201/botL.X/i2c_common.asm
              _.code_015C   0x0011b6    program     static /Users/mreiter/Desktop/AER201/botL.X/i2c_common.asm
              _.code_016E   0x0011c8    program     static /Users/mreiter/Desktop/AER201/botL.X/i2c_common.asm
              _.code_0174   0x0011ce    program     static /Users/mreiter/Desktop/AER201/botL.X/i2c_common.asm
              _.code_0182   0x0011dc    program     static /Users/mreiter/Desktop/AER201/botL.X/i2c_common.asm
              _.code_018A   0x0011e4    program     static /Users/mreiter/Desktop/AER201/botL.X/i2c_common.asm
              _.code_0190   0x0011ea    program     static /Users/mreiter/Desktop/AER201/botL.X/i2c_common.asm
              _.code_019E   0x0011f8    program     static /Users/mreiter/Desktop/AER201/botL.X/i2c_common.asm
                  _waitl1   0x001206    program     static /Users/mreiter/Desktop/AER201/botL.X/i2c_common.asm
                  RD_ERR1   0x001210    program     static /Users/mreiter/Desktop/AER201/botL.X/i2c_common.asm
                  RD_ERR2   0x00121a    program     static /Users/mreiter/Desktop/AER201/botL.X/i2c_common.asm
                  RD_ERR3   0x001224    program     static /Users/mreiter/Desktop/AER201/botL.X/i2c_common.asm
                   RD_END   0x00122e    program     static /Users/mreiter/Desktop/AER201/botL.X/i2c_common.asm
              _.code_01D8   0x001232    program     static /Users/mreiter/Desktop/AER201/botL.X/i2c_common.asm
         WRITE_COLOUR_I2C   0x001238    program     extern /Users/mreiter/Desktop/AER201/botL.X/i2c_common.asm
              _.code_01E6   0x001240    program     static /Users/mreiter/Desktop/AER201/botL.X/i2c_common.asm
              _.code_01EE   0x001248    program     static /Users/mreiter/Desktop/AER201/botL.X/i2c_common.asm
              _.code_01F4   0x00124e    program     static /Users/mreiter/Desktop/AER201/botL.X/i2c_common.asm
              _.code_0206   0x001260    program     static /Users/mreiter/Desktop/AER201/botL.X/i2c_common.asm
              _.code_020C   0x001266    program     static /Users/mreiter/Desktop/AER201/botL.X/i2c_common.asm
              _.code_021C   0x001276    program     static /Users/mreiter/Desktop/AER201/botL.X/i2c_common.asm
              _.code_0222   0x00127c    program     static /Users/mreiter/Desktop/AER201/botL.X/i2c_common.asm
                  WR_ERR1   0x00128a    program     static /Users/mreiter/Desktop/AER201/botL.X/i2c_common.asm
                  WR_ERR2   0x001294    program     static /Users/mreiter/Desktop/AER201/botL.X/i2c_common.asm
                  WR_ERR3   0x0012a0    program     static /Users/mreiter/Desktop/AER201/botL.X/i2c_common.asm
                   WR_END   0x0012aa    program     static /Users/mreiter/Desktop/AER201/botL.X/i2c_common.asm
              _.code_0254   0x0012ae    program     static /Users/mreiter/Desktop/AER201/botL.X/i2c_common.asm
                I2C_ACKDT   0x0012b4    program     extern /Users/mreiter/Desktop/AER201/botL.X/i2c.asm
                CHECK_ACK   0x0012b4    program     extern /Users/mreiter/Desktop/AER201/botL.X/i2c.asm
                 I2C_temp   0x0012b4    program     static /Users/mreiter/Desktop/AER201/botL.X/i2c.asm
               CHECK_NACK   0x0012b8    program     extern /Users/mreiter/Desktop/AER201/botL.X/i2c.asm
                TEST_NACK   0x0012bc    program     static /Users/mreiter/Desktop/AER201/botL.X/i2c.asm
          I2C_Master_INIT   0x0012c4    program     extern /Users/mreiter/Desktop/AER201/botL.X/i2c.asm
          I2C_Master_WAIT   0x0012d6    program     extern /Users/mreiter/Desktop/AER201/botL.X/i2c.asm
                     WAIT   0x0012d6    program     static /Users/mreiter/Desktop/AER201/botL.X/i2c.asm
         I2C_Master_START   0x0012e6    program     extern /Users/mreiter/Desktop/AER201/botL.X/i2c.asm
        I2C_Master_RSTART   0x0012ee    program     extern /Users/mreiter/Desktop/AER201/botL.X/i2c.asm
          I2C_Master_STOP   0x0012f6    program     extern /Users/mreiter/Desktop/AER201/botL.X/i2c.asm
         I2C_Master_WRITE   0x0012fe    program     extern /Users/mreiter/Desktop/AER201/botL.X/i2c.asm
                  HOLD_UP   0x001304    program     static /Users/mreiter/Desktop/AER201/botL.X/i2c.asm
          I2C_Master_READ   0x00130c    program     extern /Users/mreiter/Desktop/AER201/botL.X/i2c.asm
                     LOOP   0x001312    program     static /Users/mreiter/Desktop/AER201/botL.X/i2c.asm
           I2C_Master_ACK   0x00131a    program     extern /Users/mreiter/Desktop/AER201/botL.X/i2c.asm
                 TEST_ACK   0x00131e    program     static /Users/mreiter/Desktop/AER201/botL.X/i2c.asm
               regaddress   0x000080       data     extern /Users/mreiter/Desktop/AER201/botL.X/i2c_common.asm
                 databyte   0x000081       data     extern /Users/mreiter/Desktop/AER201/botL.X/i2c_common.asm
                 datachar   0x000082       data     extern /Users/mreiter/Desktop/AER201/botL.X/i2c_common.asm
             data_colourL   0x000083       data     extern /Users/mreiter/Desktop/AER201/botL.X/i2c_common.asm
             data_colourH   0x000084       data     extern /Users/mreiter/Desktop/AER201/botL.X/i2c_common.asm
               tens_digit   0x000085       data     extern /Users/mreiter/Desktop/AER201/botL.X/i2c_common.asm
               ones_digit   0x000086       data     extern /Users/mreiter/Desktop/AER201/botL.X/i2c_common.asm
           convert_buffer   0x000087       data     extern /Users/mreiter/Desktop/AER201/botL.X/i2c_common.asm


