MPLINK 5.08, LINKER
Linker Map File - Created Thu Apr  6 22:26:54 2017

                                 Section Info
                  Section       Type    Address   Location Size(Bytes)
                ---------  ---------  ---------  ---------  ---------
                   .org_0       code   0x000000    program   0x000004
                   .cinit    romdata   0x000004    program   0x000002
                   .org_1       code   0x000008    program   0x000004
                   .org_2       code   0x000018    program   0x000fa6
                    .code       code   0x000fbe    program   0x00053e
.config_300001_BUILD/DEFAULT/PRODUCTION/MAIN.O    romdata   0x300001    program   0x000001
.config_300002_BUILD/DEFAULT/PRODUCTION/MAIN.O    romdata   0x300002    program   0x000001
.config_300003_BUILD/DEFAULT/PRODUCTION/MAIN.O    romdata   0x300003    program   0x000001
.config_300005_BUILD/DEFAULT/PRODUCTION/MAIN.O    romdata   0x300005    program   0x000001
.config_300006_BUILD/DEFAULT/PRODUCTION/MAIN.O    romdata   0x300006    program   0x000001
.config_300008_BUILD/DEFAULT/PRODUCTION/MAIN.O    romdata   0x300008    program   0x000001
.config_300009_BUILD/DEFAULT/PRODUCTION/MAIN.O    romdata   0x300009    program   0x000001
.config_30000A_BUILD/DEFAULT/PRODUCTION/MAIN.O    romdata   0x30000a    program   0x000001
.config_30000B_BUILD/DEFAULT/PRODUCTION/MAIN.O    romdata   0x30000b    program   0x000001
.config_30000C_BUILD/DEFAULT/PRODUCTION/MAIN.O    romdata   0x30000c    program   0x000001
.config_30000D_BUILD/DEFAULT/PRODUCTION/MAIN.O    romdata   0x30000d    program   0x000001
               .udata_acs      udata   0x000060       data   0x000006



                              Program Memory Usage 
                               Start         End      
                           ---------   ---------      
                            0x000000    0x000005      
                            0x000008    0x00000b      
                            0x000018    0x0014fb      
                            0x300001    0x300003      
                            0x300005    0x300006      
                            0x300008    0x30000d      
            5369 out of 66584 program addresses used, program memory utilization is 8%



                              Symbols - Sorted by Name
                     Name    Address   Location    Storage File                     
                ---------  ---------  ---------  --------- ---------                
                CHECK_ACK   0x00148c    program     extern /Users/mreiter/Desktop/AER201/botL.X/i2c.asm
               CHECK_DONE   0x0003ec    program     static /Users/mreiter/Desktop/AER201/botL.X/main.asm
               CHECK_NACK   0x001490    program     extern /Users/mreiter/Desktop/AER201/botL.X/i2c.asm
            CHECK_TIMEOUT   0x00035c    program     static /Users/mreiter/Desktop/AER201/botL.X/main.asm
              COLOUR_TEST   0x0002be    program     static /Users/mreiter/Desktop/AER201/botL.X/main.asm
           ClearEEPROM_21   0x000d0a    program     static /Users/mreiter/Desktop/AER201/botL.X/main.asm
                ClearNext   0x000d12    program     static /Users/mreiter/Desktop/AER201/botL.X/main.asm
                   ClkLCD   0x0011b8    program     extern /Users/mreiter/Desktop/AER201/botL.X/lcd.asm
                   ClrLCD   0x0011aa    program     extern /Users/mreiter/Desktop/AER201/botL.X/lcd.asm
                   Cycles   0x000ca2    program     static /Users/mreiter/Desktop/AER201/botL.X/main.asm
               DETECTIONS   0x00036c    program     static /Users/mreiter/Desktop/AER201/botL.X/main.asm
              DISPLAY_RTC   0x000a9a    program     static /Users/mreiter/Desktop/AER201/botL.X/main.asm
                DataUSART   0x000bf0    program     static /Users/mreiter/Desktop/AER201/botL.X/main.asm
               Delay200us   0x000c8a    program     static /Users/mreiter/Desktop/AER201/botL.X/main.asm
            Delay44usLoop   0x00120a    program     static /Users/mreiter/Desktop/AER201/botL.X/lcd.asm
                Delay50ms   0x000c98    program     static /Users/mreiter/Desktop/AER201/botL.X/main.asm
             Delay5msLoop   0x00121a    program     static /Users/mreiter/Desktop/AER201/botL.X/lcd.asm
                 Delay5us   0x000c7c    program     static /Users/mreiter/Desktop/AER201/botL.X/main.asm
                DispOpRTC   0x000ee6    program     static /Users/mreiter/Desktop/AER201/botL.X/main.asm
         DispOpRTC_Helper   0x000f84    program     static /Users/mreiter/Desktop/AER201/botL.X/main.asm
               DispOpSort   0x000e0e    program     static /Users/mreiter/Desktop/AER201/botL.X/main.asm
           DisplayExeTime   0x000d7c    program     static /Users/mreiter/Desktop/AER201/botL.X/main.asm
             END_ISR_HIGH   0x0000b0    program     static /Users/mreiter/Desktop/AER201/botL.X/main.asm
              END_ISR_LOW   0x000106    program     static /Users/mreiter/Desktop/AER201/botL.X/main.asm
                EXECUTION   0x0002f2    program     static /Users/mreiter/Desktop/AER201/botL.X/main.asm
                 EXIT_EXE   0x000426    program     static /Users/mreiter/Desktop/AER201/botL.X/main.asm
                     Exe1   0x00107c    program     static /Users/mreiter/Desktop/AER201/botL.X/main.asm
                     Exe2   0x001088    program     static /Users/mreiter/Desktop/AER201/botL.X/main.asm
                 HOLD_LOG   0x000492    program     static /Users/mreiter/Desktop/AER201/botL.X/main.asm
            HOLD_LOG_INFO   0x0004f0    program     static /Users/mreiter/Desktop/AER201/botL.X/main.asm
                  HOLD_PC   0x000784    program     static /Users/mreiter/Desktop/AER201/botL.X/main.asm
            HOLD_PERM_LOG   0x00054a    program     static /Users/mreiter/Desktop/AER201/botL.X/main.asm
                HOLD_PLOG   0x0006c2    program     static /Users/mreiter/Desktop/AER201/botL.X/main.asm
        HOLD_PLOG_DETAILS   0x00071e    program     static /Users/mreiter/Desktop/AER201/botL.X/main.asm
             HOLD_STANDBY   0x00024a    program     static /Users/mreiter/Desktop/AER201/botL.X/main.asm
                  HOLD_UP   0x0014dc    program     static /Users/mreiter/Desktop/AER201/botL.X/i2c.asm
                I2C_ACKDT   0x00148c    program     extern /Users/mreiter/Desktop/AER201/botL.X/i2c.asm
           I2C_Master_ACK   0x0014f2    program     extern /Users/mreiter/Desktop/AER201/botL.X/i2c.asm
          I2C_Master_INIT   0x00149c    program     extern /Users/mreiter/Desktop/AER201/botL.X/i2c.asm
          I2C_Master_READ   0x0014e4    program     extern /Users/mreiter/Desktop/AER201/botL.X/i2c.asm
        I2C_Master_RSTART   0x0014c6    program     extern /Users/mreiter/Desktop/AER201/botL.X/i2c.asm
         I2C_Master_START   0x0014be    program     extern /Users/mreiter/Desktop/AER201/botL.X/i2c.asm
          I2C_Master_STOP   0x0014ce    program     extern /Users/mreiter/Desktop/AER201/botL.X/i2c.asm
          I2C_Master_WAIT   0x0014ae    program     extern /Users/mreiter/Desktop/AER201/botL.X/i2c.asm
         I2C_Master_WRITE   0x0014d6    program     extern /Users/mreiter/Desktop/AER201/botL.X/i2c.asm
                 I2C_temp   0x00148c    program     static /Users/mreiter/Desktop/AER201/botL.X/i2c.asm
              INC_ESKACAP   0x0003e8    program     static /Users/mreiter/Desktop/AER201/botL.X/main.asm
            INC_ESKANOCAP   0x0003e4    program     static /Users/mreiter/Desktop/AER201/botL.X/main.asm
               INC_YOPCAP   0x0003e0    program     static /Users/mreiter/Desktop/AER201/botL.X/main.asm
             INC_YOPNOCAP   0x0003dc    program     static /Users/mreiter/Desktop/AER201/botL.X/main.asm
                     INIT   0x000110    program     static /Users/mreiter/Desktop/AER201/botL.X/main.asm
             INIT_ARDUINO   0x0013f2    program     extern /Users/mreiter/Desktop/AER201/botL.X/i2c_common.asm
                 INIT_RTC   0x001306    program     extern /Users/mreiter/Desktop/AER201/botL.X/i2c_common.asm
               INIT_USART   0x000bdc    program     static /Users/mreiter/Desktop/AER201/botL.X/main.asm
                 ISR_HIGH   0x000030    program     static /Users/mreiter/Desktop/AER201/botL.X/main.asm
                  ISR_LOW   0x0000ba    program     static /Users/mreiter/Desktop/AER201/botL.X/main.asm
                  InitLCD   0x0010fc    program     extern /Users/mreiter/Desktop/AER201/botL.X/lcd.asm
                   LCD_L1   0x0011d6    program     extern /Users/mreiter/Desktop/AER201/botL.X/lcd.asm
                   LCD_L2   0x0011de    program     extern /Users/mreiter/Desktop/AER201/botL.X/lcd.asm
                 LLD_LOOP   0x0011f4    program     static /Users/mreiter/Desktop/AER201/botL.X/lcd.asm
            LOAD_EXE_TIME   0x000026    program     static /Users/mreiter/Desktop/AER201/botL.X/main.asm
        LOAD_STANDBY_TIME   0x00001c    program     static /Users/mreiter/Desktop/AER201/botL.X/main.asm
                      LOG   0x00045e    program     static /Users/mreiter/Desktop/AER201/botL.X/main.asm
                 LOG_INFO   0x0004c4    program     static /Users/mreiter/Desktop/AER201/botL.X/main.asm
                     LOOP   0x0014ea    program     static /Users/mreiter/Desktop/AER201/botL.X/i2c.asm
                  LOOPING   0x0002c8    program     static /Users/mreiter/Desktop/AER201/botL.X/main.asm
                     Log1   0x00101e    program     static /Users/mreiter/Desktop/AER201/botL.X/main.asm
                     Log2   0x001024    program     static /Users/mreiter/Desktop/AER201/botL.X/main.asm
                 LogInfo1   0x001032    program     static /Users/mreiter/Desktop/AER201/botL.X/main.asm
                 LogInfo2   0x00103a    program     static /Users/mreiter/Desktop/AER201/botL.X/main.asm
                   MovMSB   0x0011e6    program     static /Users/mreiter/Desktop/AER201/botL.X/lcd.asm
                   NoData   0x0010f8    program     static /Users/mreiter/Desktop/AER201/botL.X/main.asm
        NoSkipDispExeTime   0x000dba    program     static /Users/mreiter/Desktop/AER201/botL.X/main.asm
          NoSkipDispOpRTC   0x000f22    program     static /Users/mreiter/Desktop/AER201/botL.X/main.asm
         NoSkipDispOpSort   0x000e4a    program     static /Users/mreiter/Desktop/AER201/botL.X/main.asm
                      PC1   0x001090    program     static /Users/mreiter/Desktop/AER201/botL.X/main.asm
                      PC2   0x0010b4    program     static /Users/mreiter/Desktop/AER201/botL.X/main.asm
               PCComplete   0x0010e4    program     static /Users/mreiter/Desktop/AER201/botL.X/main.asm
               PCTransfer   0x0010d4    program     static /Users/mreiter/Desktop/AER201/botL.X/main.asm
                  PC_MODE   0x00073a    program     static /Users/mreiter/Desktop/AER201/botL.X/main.asm
              PC_TRANSFER   0x0007b6    program     static /Users/mreiter/Desktop/AER201/botL.X/main.asm
                 PERM_LOG   0x00050c    program     static /Users/mreiter/Desktop/AER201/botL.X/main.asm
                     PLOG   0x00062c    program     static /Users/mreiter/Desktop/AER201/botL.X/main.asm
             PLOG_DETAILS   0x0006f4    program     static /Users/mreiter/Desktop/AER201/botL.X/main.asm
                 PermLog1   0x001044    program     static /Users/mreiter/Desktop/AER201/botL.X/main.asm
                 PermLog2   0x001054    program     static /Users/mreiter/Desktop/AER201/botL.X/main.asm
             READ_ARDUINO   0x00144a    program     extern /Users/mreiter/Desktop/AER201/botL.X/i2c_common.asm
          READ_COLOUR_I2C   0x001346    program     extern /Users/mreiter/Desktop/AER201/botL.X/i2c_common.asm
                 READ_KEY   0x000d50    program     static /Users/mreiter/Desktop/AER201/botL.X/main.asm
            READ_KEY_TIME   0x000d64    program     static /Users/mreiter/Desktop/AER201/botL.X/main.asm
                 RTC_INIT   0x000960    program     static /Users/mreiter/Desktop/AER201/botL.X/main.asm
                     SAVE   0x0010ee    program     static /Users/mreiter/Desktop/AER201/botL.X/main.asm
            SAVE_EXE_TIME   0x0009e4    program     static /Users/mreiter/Desktop/AER201/botL.X/main.asm
                SAVE_TIME   0x00096e    program     static /Users/mreiter/Desktop/AER201/botL.X/main.asm
                 SET_TIME   0x000b74    program     static /Users/mreiter/Desktop/AER201/botL.X/main.asm
                  STANDBY   0x0001fa    program     static /Users/mreiter/Desktop/AER201/botL.X/main.asm
                 SaveData   0x0007e2    program     static /Users/mreiter/Desktop/AER201/botL.X/main.asm
                    Shift   0x0011ca    program     extern /Users/mreiter/Desktop/AER201/botL.X/lcd.asm
                ShiftLoop   0x0008fa    program     static /Users/mreiter/Desktop/AER201/botL.X/main.asm
          SkipDispExeTime   0x000e0c    program     static /Users/mreiter/Desktop/AER201/botL.X/main.asm
            SkipDispOpRTC   0x000f82    program     static /Users/mreiter/Desktop/AER201/botL.X/main.asm
           SkipDispOpSort   0x000ee4    program     static /Users/mreiter/Desktop/AER201/botL.X/main.asm
                  StandBy   0x000fce    program     static /Users/mreiter/Desktop/AER201/botL.X/main.asm
              StandbyInfo   0x000ff6    program     static /Users/mreiter/Desktop/AER201/botL.X/main.asm
                 TEST_ACK   0x0014f6    program     static /Users/mreiter/Desktop/AER201/botL.X/i2c.asm
                TEST_NACK   0x001494    program     static /Users/mreiter/Desktop/AER201/botL.X/i2c.asm
            TRANSFER_DATA   0x000c0a    program     static /Users/mreiter/Desktop/AER201/botL.X/main.asm
            TRANSFER_LOGS   0x000c00    program     static /Users/mreiter/Desktop/AER201/botL.X/main.asm
                     Team   0x000fc4    program     static /Users/mreiter/Desktop/AER201/botL.X/main.asm
               USART_LINE   0x000c6e    program     static /Users/mreiter/Desktop/AER201/botL.X/main.asm
               USART_WAIT   0x000c64    program     static /Users/mreiter/Desktop/AER201/botL.X/main.asm
                     WAIT   0x0014ae    program     static /Users/mreiter/Desktop/AER201/botL.X/i2c.asm
            WRITE_ARDUINO   0x001416    program     extern /Users/mreiter/Desktop/AER201/botL.X/i2c_common.asm
         WRITE_COLOUR_I2C   0x0013aa    program     extern /Users/mreiter/Desktop/AER201/botL.X/i2c_common.asm
                  WR_DATA   0x001170    program     extern /Users/mreiter/Desktop/AER201/botL.X/lcd.asm
                   WR_INS   0x001154    program     extern /Users/mreiter/Desktop/AER201/botL.X/lcd.asm
                  Welcome   0x000fbe    program     static /Users/mreiter/Desktop/AER201/botL.X/main.asm
              WriteEE_RTC   0x000cac    program     static /Users/mreiter/Desktop/AER201/botL.X/main.asm
                   WrtLCD   0x001194    program     extern /Users/mreiter/Desktop/AER201/botL.X/lcd.asm
              _.code_001C   0x001244    program     static /Users/mreiter/Desktop/AER201/botL.X/i2c_common.asm
              _.code_002A   0x001252    program     static /Users/mreiter/Desktop/AER201/botL.X/i2c_common.asm
              _.code_0032   0x00125a    program     static /Users/mreiter/Desktop/AER201/botL.X/i2c_common.asm
              _.code_0038   0x001260    program     static /Users/mreiter/Desktop/AER201/botL.X/i2c_common.asm
              _.code_0042   0x00126a    program     static /Users/mreiter/Desktop/AER201/botL.X/i2c_common.asm
              _.code_0048   0x001270    program     static /Users/mreiter/Desktop/AER201/botL.X/i2c_common.asm
              _.code_0052   0x00127a    program     static /Users/mreiter/Desktop/AER201/botL.X/i2c_common.asm
              _.code_0058   0x001280    program     static /Users/mreiter/Desktop/AER201/botL.X/i2c_common.asm
              _.code_0060   0x001288    program     static /Users/mreiter/Desktop/AER201/botL.X/i2c_common.asm
              _.code_006E   0x001296    program     static /Users/mreiter/Desktop/AER201/botL.X/i2c_common.asm
              _.code_0076   0x00129e    program     static /Users/mreiter/Desktop/AER201/botL.X/i2c_common.asm
              _.code_007C   0x0012a4    program     static /Users/mreiter/Desktop/AER201/botL.X/i2c_common.asm
              _.code_0086   0x0012ae    program     static /Users/mreiter/Desktop/AER201/botL.X/i2c_common.asm
              _.code_008C   0x0012b4    program     static /Users/mreiter/Desktop/AER201/botL.X/i2c_common.asm
              _.code_0094   0x0012bc    program     static /Users/mreiter/Desktop/AER201/botL.X/i2c_common.asm
              _.code_009C   0x0012c4    program     static /Users/mreiter/Desktop/AER201/botL.X/i2c_common.asm
              _.code_00A2   0x0012ca    program     static /Users/mreiter/Desktop/AER201/botL.X/i2c_common.asm
              _.code_00AA   0x0012d2    program     static /Users/mreiter/Desktop/AER201/botL.X/i2c_common.asm
              _.code_00C2   0x0012ea    program     static /Users/mreiter/Desktop/AER201/botL.X/i2c_common.asm
              _.code_00C8   0x0011c4    program     static /Users/mreiter/Desktop/AER201/botL.X/lcd.asm
              _.code_00E6   0x00130e    program     static /Users/mreiter/Desktop/AER201/botL.X/i2c_common.asm
              _.code_00EE   0x001316    program     static /Users/mreiter/Desktop/AER201/botL.X/i2c_common.asm
              _.code_00F4   0x00131c    program     static /Users/mreiter/Desktop/AER201/botL.X/i2c_common.asm
              _.code_00FC   0x001324    program     static /Users/mreiter/Desktop/AER201/botL.X/i2c_common.asm
              _.code_00FE   0x0011fa    program     static /Users/mreiter/Desktop/AER201/botL.X/lcd.asm
              _.code_0102   0x00132a    program     static /Users/mreiter/Desktop/AER201/botL.X/i2c_common.asm
              _.code_010A   0x001332    program     static /Users/mreiter/Desktop/AER201/botL.X/i2c_common.asm
              _.code_0110   0x001338    program     static /Users/mreiter/Desktop/AER201/botL.X/i2c_common.asm
              _.code_0118   0x001340    program     static /Users/mreiter/Desktop/AER201/botL.X/i2c_common.asm
              _.code_0126   0x00134e    program     static /Users/mreiter/Desktop/AER201/botL.X/i2c_common.asm
              _.code_012E   0x001356    program     static /Users/mreiter/Desktop/AER201/botL.X/i2c_common.asm
              _.code_0134   0x00135c    program     static /Users/mreiter/Desktop/AER201/botL.X/i2c_common.asm
              _.code_0140   0x001368    program     static /Users/mreiter/Desktop/AER201/botL.X/i2c_common.asm
              _.code_0146   0x00136e    program     static /Users/mreiter/Desktop/AER201/botL.X/i2c_common.asm
              _.code_014E   0x001376    program     static /Users/mreiter/Desktop/AER201/botL.X/i2c_common.asm
              _.code_0156   0x00137e    program     static /Users/mreiter/Desktop/AER201/botL.X/i2c_common.asm
              _.code_015C   0x001384    program     static /Users/mreiter/Desktop/AER201/botL.X/i2c_common.asm
              _.code_0164   0x00138c    program     static /Users/mreiter/Desktop/AER201/botL.X/i2c_common.asm
              _.code_017C   0x0013a4    program     static /Users/mreiter/Desktop/AER201/botL.X/i2c_common.asm
              _.code_018A   0x0013b2    program     static /Users/mreiter/Desktop/AER201/botL.X/i2c_common.asm
              _.code_0192   0x0013ba    program     static /Users/mreiter/Desktop/AER201/botL.X/i2c_common.asm
              _.code_0198   0x0013c0    program     static /Users/mreiter/Desktop/AER201/botL.X/i2c_common.asm
              _.code_01A4   0x0013cc    program     static /Users/mreiter/Desktop/AER201/botL.X/i2c_common.asm
              _.code_01AA   0x0013d2    program     static /Users/mreiter/Desktop/AER201/botL.X/i2c_common.asm
              _.code_01B6   0x0013de    program     static /Users/mreiter/Desktop/AER201/botL.X/i2c_common.asm
              _.code_01BC   0x0013e4    program     static /Users/mreiter/Desktop/AER201/botL.X/i2c_common.asm
              _.code_01C4   0x0013ec    program     static /Users/mreiter/Desktop/AER201/botL.X/i2c_common.asm
              _.code_01D2   0x0013fa    program     static /Users/mreiter/Desktop/AER201/botL.X/i2c_common.asm
              _.code_01DA   0x001402    program     static /Users/mreiter/Desktop/AER201/botL.X/i2c_common.asm
              _.code_01E0   0x001408    program     static /Users/mreiter/Desktop/AER201/botL.X/i2c_common.asm
              _.code_01E8   0x001410    program     static /Users/mreiter/Desktop/AER201/botL.X/i2c_common.asm
              _.code_01F6   0x00141e    program     static /Users/mreiter/Desktop/AER201/botL.X/i2c_common.asm
              _.code_01FE   0x001426    program     static /Users/mreiter/Desktop/AER201/botL.X/i2c_common.asm
              _.code_0204   0x00142c    program     static /Users/mreiter/Desktop/AER201/botL.X/i2c_common.asm
              _.code_020E   0x001436    program     static /Users/mreiter/Desktop/AER201/botL.X/i2c_common.asm
              _.code_0214   0x00143c    program     static /Users/mreiter/Desktop/AER201/botL.X/i2c_common.asm
              _.code_021C   0x001444    program     static /Users/mreiter/Desktop/AER201/botL.X/i2c_common.asm
              _.code_022A   0x001452    program     static /Users/mreiter/Desktop/AER201/botL.X/i2c_common.asm
              _.code_0232   0x00145a    program     static /Users/mreiter/Desktop/AER201/botL.X/i2c_common.asm
              _.code_023A   0x001462    program     static /Users/mreiter/Desktop/AER201/botL.X/i2c_common.asm
              _.code_0240   0x001468    program     static /Users/mreiter/Desktop/AER201/botL.X/i2c_common.asm
              _.code_0248   0x001470    program     static /Users/mreiter/Desktop/AER201/botL.X/i2c_common.asm
              _.code_025E   0x001486    program     static /Users/mreiter/Desktop/AER201/botL.X/i2c_common.asm
             _.org_2_07F6   0x0007f6    program     static /Users/mreiter/Desktop/AER201/botL.X/main.asm
             _.org_2_080E   0x00080e    program     static /Users/mreiter/Desktop/AER201/botL.X/main.asm
             _.org_2_082A   0x00082a    program     static /Users/mreiter/Desktop/AER201/botL.X/main.asm
             _.org_2_0842   0x000842    program     static /Users/mreiter/Desktop/AER201/botL.X/main.asm
             _.org_2_085E   0x00085e    program     static /Users/mreiter/Desktop/AER201/botL.X/main.asm
             _.org_2_0876   0x000876    program     static /Users/mreiter/Desktop/AER201/botL.X/main.asm
             _.org_2_0892   0x000892    program     static /Users/mreiter/Desktop/AER201/botL.X/main.asm
             _.org_2_08AA   0x0008aa    program     static /Users/mreiter/Desktop/AER201/botL.X/main.asm
             _.org_2_08C6   0x0008c6    program     static /Users/mreiter/Desktop/AER201/botL.X/main.asm
             _.org_2_08DE   0x0008de    program     static /Users/mreiter/Desktop/AER201/botL.X/main.asm
             _.org_2_0920   0x000920    program     static /Users/mreiter/Desktop/AER201/botL.X/main.asm
             _.org_2_0938   0x000938    program     static /Users/mreiter/Desktop/AER201/botL.X/main.asm
             _.org_2_0A00   0x000a00    program     static /Users/mreiter/Desktop/AER201/botL.X/main.asm
             _.org_2_0A18   0x000a18    program     static /Users/mreiter/Desktop/AER201/botL.X/main.asm
             _.org_2_0A3C   0x000a3c    program     static /Users/mreiter/Desktop/AER201/botL.X/main.asm
             _.org_2_0A54   0x000a54    program     static /Users/mreiter/Desktop/AER201/botL.X/main.asm
             _.org_2_0A78   0x000a78    program     static /Users/mreiter/Desktop/AER201/botL.X/main.asm
             _.org_2_0A90   0x000a90    program     static /Users/mreiter/Desktop/AER201/botL.X/main.asm
             _.org_2_0C68   0x000c68    program     static /Users/mreiter/Desktop/AER201/botL.X/main.asm
             _.org_2_0CBA   0x000cba    program     static /Users/mreiter/Desktop/AER201/botL.X/main.asm
             _.org_2_0CD2   0x000cd2    program     static /Users/mreiter/Desktop/AER201/botL.X/main.asm
             _.org_2_0CE8   0x000ce8    program     static /Users/mreiter/Desktop/AER201/botL.X/main.asm
             _.org_2_0D00   0x000d00    program     static /Users/mreiter/Desktop/AER201/botL.X/main.asm
             _.org_2_0D20   0x000d20    program     static /Users/mreiter/Desktop/AER201/botL.X/main.asm
             _.org_2_0D38   0x000d38    program     static /Users/mreiter/Desktop/AER201/botL.X/main.asm
             _.org_2_0D5E   0x000d5e    program     static /Users/mreiter/Desktop/AER201/botL.X/main.asm
             _.org_2_0D76   0x000d76    program     static /Users/mreiter/Desktop/AER201/botL.X/main.asm
                 _103loop   0x000f10    program     static /Users/mreiter/Desktop/AER201/botL.X/main.asm
                  _10loop   0x0001e2    program     static /Users/mreiter/Desktop/AER201/botL.X/main.asm
                  _11loop   0x0001f0    program     static /Users/mreiter/Desktop/AER201/botL.X/main.asm
                  _12loop   0x000218    program     static /Users/mreiter/Desktop/AER201/botL.X/main.asm
                  _13loop   0x000236    program     static /Users/mreiter/Desktop/AER201/botL.X/main.asm
                  _14Exit   0x000262    program     static /Users/mreiter/Desktop/AER201/botL.X/main.asm
                  _14Next   0x000256    program     static /Users/mreiter/Desktop/AER201/botL.X/main.asm
                  _15Exit   0x000278    program     static /Users/mreiter/Desktop/AER201/botL.X/main.asm
                  _15Next   0x00026c    program     static /Users/mreiter/Desktop/AER201/botL.X/main.asm
                  _16Exit   0x00028e    program     static /Users/mreiter/Desktop/AER201/botL.X/main.asm
                  _16Next   0x000282    program     static /Users/mreiter/Desktop/AER201/botL.X/main.asm
                  _17Exit   0x0002a4    program     static /Users/mreiter/Desktop/AER201/botL.X/main.asm
                  _17Next   0x000298    program     static /Users/mreiter/Desktop/AER201/botL.X/main.asm
                  _18Exit   0x0002ba    program     static /Users/mreiter/Desktop/AER201/botL.X/main.asm
                  _18Next   0x0002ae    program     static /Users/mreiter/Desktop/AER201/botL.X/main.asm
                  _19loop   0x0002cc    program     static /Users/mreiter/Desktop/AER201/botL.X/main.asm
                  _20loop   0x0002e6    program     static /Users/mreiter/Desktop/AER201/botL.X/main.asm
                  _21loop   0x000314    program     static /Users/mreiter/Desktop/AER201/botL.X/main.asm
                  _22loop   0x00034e    program     static /Users/mreiter/Desktop/AER201/botL.X/main.asm
                  _23loop   0x000380    program     static /Users/mreiter/Desktop/AER201/botL.X/main.asm
                  _24loop   0x0003aa    program     static /Users/mreiter/Desktop/AER201/botL.X/main.asm
                  _25loop   0x00044c    program     static /Users/mreiter/Desktop/AER201/botL.X/main.asm
                  _26loop   0x000474    program     static /Users/mreiter/Desktop/AER201/botL.X/main.asm
                  _27Exit   0x0004aa    program     static /Users/mreiter/Desktop/AER201/botL.X/main.asm
                  _27Next   0x00049e    program     static /Users/mreiter/Desktop/AER201/botL.X/main.asm
                  _28Exit   0x0004c0    program     static /Users/mreiter/Desktop/AER201/botL.X/main.asm
                  _28Next   0x0004b4    program     static /Users/mreiter/Desktop/AER201/botL.X/main.asm
                  _29loop   0x0004e2    program     static /Users/mreiter/Desktop/AER201/botL.X/main.asm
                 _2endBCD   0x00007c    program     static /Users/mreiter/Desktop/AER201/botL.X/main.asm
                   _2ones   0x000076    program     static /Users/mreiter/Desktop/AER201/botL.X/main.asm
                  _30Exit   0x000508    program     static /Users/mreiter/Desktop/AER201/botL.X/main.asm
                  _30Next   0x0004fc    program     static /Users/mreiter/Desktop/AER201/botL.X/main.asm
                  _31loop   0x000522    program     static /Users/mreiter/Desktop/AER201/botL.X/main.asm
                  _32loop   0x000540    program     static /Users/mreiter/Desktop/AER201/botL.X/main.asm
                  _33Exit   0x000562    program     static /Users/mreiter/Desktop/AER201/botL.X/main.asm
                  _33Next   0x000556    program     static /Users/mreiter/Desktop/AER201/botL.X/main.asm
                  _34Exit   0x000578    program     static /Users/mreiter/Desktop/AER201/botL.X/main.asm
                  _34Next   0x00056c    program     static /Users/mreiter/Desktop/AER201/botL.X/main.asm
                  _35Exit   0x00058e    program     static /Users/mreiter/Desktop/AER201/botL.X/main.asm
                  _35Next   0x000582    program     static /Users/mreiter/Desktop/AER201/botL.X/main.asm
                  _36Exit   0x0005a4    program     static /Users/mreiter/Desktop/AER201/botL.X/main.asm
                  _36Next   0x000598    program     static /Users/mreiter/Desktop/AER201/botL.X/main.asm
                  _37Exit   0x0005ba    program     static /Users/mreiter/Desktop/AER201/botL.X/main.asm
                  _37Next   0x0005ae    program     static /Users/mreiter/Desktop/AER201/botL.X/main.asm
                  _38Exit   0x0005d0    program     static /Users/mreiter/Desktop/AER201/botL.X/main.asm
                  _38Next   0x0005c4    program     static /Users/mreiter/Desktop/AER201/botL.X/main.asm
                  _39Exit   0x0005e6    program     static /Users/mreiter/Desktop/AER201/botL.X/main.asm
                  _39Next   0x0005da    program     static /Users/mreiter/Desktop/AER201/botL.X/main.asm
                 _3endBCD   0x0000ae    program     static /Users/mreiter/Desktop/AER201/botL.X/main.asm
                   _3ones   0x0000a8    program     static /Users/mreiter/Desktop/AER201/botL.X/main.asm
                  _40Exit   0x0005fc    program     static /Users/mreiter/Desktop/AER201/botL.X/main.asm
                  _40Next   0x0005f0    program     static /Users/mreiter/Desktop/AER201/botL.X/main.asm
                  _41Exit   0x000612    program     static /Users/mreiter/Desktop/AER201/botL.X/main.asm
                  _41Next   0x000606    program     static /Users/mreiter/Desktop/AER201/botL.X/main.asm
                  _42Exit   0x000628    program     static /Users/mreiter/Desktop/AER201/botL.X/main.asm
                  _42Next   0x00061c    program     static /Users/mreiter/Desktop/AER201/botL.X/main.asm
                  _43loop   0x000642    program     static /Users/mreiter/Desktop/AER201/botL.X/main.asm
                  _46Exit   0x0006da    program     static /Users/mreiter/Desktop/AER201/botL.X/main.asm
                  _46Next   0x0006ce    program     static /Users/mreiter/Desktop/AER201/botL.X/main.asm
                  _47Exit   0x0006f0    program     static /Users/mreiter/Desktop/AER201/botL.X/main.asm
                  _47Next   0x0006e4    program     static /Users/mreiter/Desktop/AER201/botL.X/main.asm
                  _48loop   0x000708    program     static /Users/mreiter/Desktop/AER201/botL.X/main.asm
                  _49Exit   0x000736    program     static /Users/mreiter/Desktop/AER201/botL.X/main.asm
                  _49Next   0x00072a    program     static /Users/mreiter/Desktop/AER201/botL.X/main.asm
                  _50loop   0x000750    program     static /Users/mreiter/Desktop/AER201/botL.X/main.asm
                  _51loop   0x00076e    program     static /Users/mreiter/Desktop/AER201/botL.X/main.asm
                  _52Exit   0x00079c    program     static /Users/mreiter/Desktop/AER201/botL.X/main.asm
                  _52Next   0x000790    program     static /Users/mreiter/Desktop/AER201/botL.X/main.asm
                  _53Exit   0x0007b2    program     static /Users/mreiter/Desktop/AER201/botL.X/main.asm
                  _53Next   0x0007a6    program     static /Users/mreiter/Desktop/AER201/botL.X/main.asm
                  _54loop   0x0007ce    program     static /Users/mreiter/Desktop/AER201/botL.X/main.asm
                  _86loop   0x000c4a    program     static /Users/mreiter/Desktop/AER201/botL.X/main.asm
                  _87loop   0x000c58    program     static /Users/mreiter/Desktop/AER201/botL.X/main.asm
                  _92loop   0x000da6    program     static /Users/mreiter/Desktop/AER201/botL.X/main.asm
                  _97loop   0x000e38    program     static /Users/mreiter/Desktop/AER201/botL.X/main.asm
                   _9loop   0x0001c4    program     static /Users/mreiter/Desktop/AER201/botL.X/main.asm
                  _waitl0   0x0012e0    program     static /Users/mreiter/Desktop/AER201/botL.X/i2c_common.asm
                  _waitl1   0x00139a    program     static /Users/mreiter/Desktop/AER201/botL.X/i2c_common.asm
                  _waitl2   0x00147c    program     static /Users/mreiter/Desktop/AER201/botL.X/i2c_common.asm
                       d2   0x001222    program     static /Users/mreiter/Desktop/AER201/botL.X/lcd.asm
                del_loop0   0x000b7a    program     static /Users/mreiter/Desktop/AER201/botL.X/main.asm
                delay44us   0x001206    program     extern /Users/mreiter/Desktop/AER201/botL.X/lcd.asm
                 delay5ms   0x001212    program     extern /Users/mreiter/Desktop/AER201/botL.X/lcd.asm
               displayNum   0x000668    program     static /Users/mreiter/Desktop/AER201/botL.X/main.asm
         i2c_common_setup   0x001228    program     extern /Users/mreiter/Desktop/AER201/botL.X/i2c_common.asm
             lcdLongDelay   0x0011f0    program     static /Users/mreiter/Desktop/AER201/botL.X/lcd.asm
                loop200us   0x000c8e    program     static /Users/mreiter/Desktop/AER201/botL.X/main.asm
                 loop50ms   0x000c9c    program     static /Users/mreiter/Desktop/AER201/botL.X/main.asm
                  loop5us   0x000c80    program     static /Users/mreiter/Desktop/AER201/botL.X/main.asm
                 read_rtc   0x00128e    program     extern /Users/mreiter/Desktop/AER201/botL.X/i2c_common.asm
              rtc_convert   0x0012f0    program     extern /Users/mreiter/Desktop/AER201/botL.X/i2c_common.asm
                write_rtc   0x00124a    program     extern /Users/mreiter/Desktop/AER201/botL.X/i2c_common.asm
           convert_buffer   0x000065       data     extern /Users/mreiter/Desktop/AER201/botL.X/i2c_common.asm
                 databyte   0x000061       data     extern /Users/mreiter/Desktop/AER201/botL.X/i2c_common.asm
                 datachar   0x000062       data     extern /Users/mreiter/Desktop/AER201/botL.X/i2c_common.asm
               ones_digit   0x000064       data     extern /Users/mreiter/Desktop/AER201/botL.X/i2c_common.asm
               regaddress   0x000060       data     extern /Users/mreiter/Desktop/AER201/botL.X/i2c_common.asm
               tens_digit   0x000063       data     extern /Users/mreiter/Desktop/AER201/botL.X/i2c_common.asm



                              Symbols - Sorted by Address
                     Name    Address   Location    Storage File                     
                ---------  ---------  ---------  --------- ---------                
        LOAD_STANDBY_TIME   0x00001c    program     static /Users/mreiter/Desktop/AER201/botL.X/main.asm
            LOAD_EXE_TIME   0x000026    program     static /Users/mreiter/Desktop/AER201/botL.X/main.asm
                 ISR_HIGH   0x000030    program     static /Users/mreiter/Desktop/AER201/botL.X/main.asm
                   _2ones   0x000076    program     static /Users/mreiter/Desktop/AER201/botL.X/main.asm
                 _2endBCD   0x00007c    program     static /Users/mreiter/Desktop/AER201/botL.X/main.asm
                   _3ones   0x0000a8    program     static /Users/mreiter/Desktop/AER201/botL.X/main.asm
                 _3endBCD   0x0000ae    program     static /Users/mreiter/Desktop/AER201/botL.X/main.asm
             END_ISR_HIGH   0x0000b0    program     static /Users/mreiter/Desktop/AER201/botL.X/main.asm
                  ISR_LOW   0x0000ba    program     static /Users/mreiter/Desktop/AER201/botL.X/main.asm
              END_ISR_LOW   0x000106    program     static /Users/mreiter/Desktop/AER201/botL.X/main.asm
                     INIT   0x000110    program     static /Users/mreiter/Desktop/AER201/botL.X/main.asm
                   _9loop   0x0001c4    program     static /Users/mreiter/Desktop/AER201/botL.X/main.asm
                  _10loop   0x0001e2    program     static /Users/mreiter/Desktop/AER201/botL.X/main.asm
                  _11loop   0x0001f0    program     static /Users/mreiter/Desktop/AER201/botL.X/main.asm
                  STANDBY   0x0001fa    program     static /Users/mreiter/Desktop/AER201/botL.X/main.asm
                  _12loop   0x000218    program     static /Users/mreiter/Desktop/AER201/botL.X/main.asm
                  _13loop   0x000236    program     static /Users/mreiter/Desktop/AER201/botL.X/main.asm
             HOLD_STANDBY   0x00024a    program     static /Users/mreiter/Desktop/AER201/botL.X/main.asm
                  _14Next   0x000256    program     static /Users/mreiter/Desktop/AER201/botL.X/main.asm
                  _14Exit   0x000262    program     static /Users/mreiter/Desktop/AER201/botL.X/main.asm
                  _15Next   0x00026c    program     static /Users/mreiter/Desktop/AER201/botL.X/main.asm
                  _15Exit   0x000278    program     static /Users/mreiter/Desktop/AER201/botL.X/main.asm
                  _16Next   0x000282    program     static /Users/mreiter/Desktop/AER201/botL.X/main.asm
                  _16Exit   0x00028e    program     static /Users/mreiter/Desktop/AER201/botL.X/main.asm
                  _17Next   0x000298    program     static /Users/mreiter/Desktop/AER201/botL.X/main.asm
                  _17Exit   0x0002a4    program     static /Users/mreiter/Desktop/AER201/botL.X/main.asm
                  _18Next   0x0002ae    program     static /Users/mreiter/Desktop/AER201/botL.X/main.asm
                  _18Exit   0x0002ba    program     static /Users/mreiter/Desktop/AER201/botL.X/main.asm
              COLOUR_TEST   0x0002be    program     static /Users/mreiter/Desktop/AER201/botL.X/main.asm
                  LOOPING   0x0002c8    program     static /Users/mreiter/Desktop/AER201/botL.X/main.asm
                  _19loop   0x0002cc    program     static /Users/mreiter/Desktop/AER201/botL.X/main.asm
                  _20loop   0x0002e6    program     static /Users/mreiter/Desktop/AER201/botL.X/main.asm
                EXECUTION   0x0002f2    program     static /Users/mreiter/Desktop/AER201/botL.X/main.asm
                  _21loop   0x000314    program     static /Users/mreiter/Desktop/AER201/botL.X/main.asm
                  _22loop   0x00034e    program     static /Users/mreiter/Desktop/AER201/botL.X/main.asm
            CHECK_TIMEOUT   0x00035c    program     static /Users/mreiter/Desktop/AER201/botL.X/main.asm
               DETECTIONS   0x00036c    program     static /Users/mreiter/Desktop/AER201/botL.X/main.asm
                  _23loop   0x000380    program     static /Users/mreiter/Desktop/AER201/botL.X/main.asm
                  _24loop   0x0003aa    program     static /Users/mreiter/Desktop/AER201/botL.X/main.asm
             INC_YOPNOCAP   0x0003dc    program     static /Users/mreiter/Desktop/AER201/botL.X/main.asm
               INC_YOPCAP   0x0003e0    program     static /Users/mreiter/Desktop/AER201/botL.X/main.asm
            INC_ESKANOCAP   0x0003e4    program     static /Users/mreiter/Desktop/AER201/botL.X/main.asm
              INC_ESKACAP   0x0003e8    program     static /Users/mreiter/Desktop/AER201/botL.X/main.asm
               CHECK_DONE   0x0003ec    program     static /Users/mreiter/Desktop/AER201/botL.X/main.asm
                 EXIT_EXE   0x000426    program     static /Users/mreiter/Desktop/AER201/botL.X/main.asm
                  _25loop   0x00044c    program     static /Users/mreiter/Desktop/AER201/botL.X/main.asm
                      LOG   0x00045e    program     static /Users/mreiter/Desktop/AER201/botL.X/main.asm
                  _26loop   0x000474    program     static /Users/mreiter/Desktop/AER201/botL.X/main.asm
                 HOLD_LOG   0x000492    program     static /Users/mreiter/Desktop/AER201/botL.X/main.asm
                  _27Next   0x00049e    program     static /Users/mreiter/Desktop/AER201/botL.X/main.asm
                  _27Exit   0x0004aa    program     static /Users/mreiter/Desktop/AER201/botL.X/main.asm
                  _28Next   0x0004b4    program     static /Users/mreiter/Desktop/AER201/botL.X/main.asm
                  _28Exit   0x0004c0    program     static /Users/mreiter/Desktop/AER201/botL.X/main.asm
                 LOG_INFO   0x0004c4    program     static /Users/mreiter/Desktop/AER201/botL.X/main.asm
                  _29loop   0x0004e2    program     static /Users/mreiter/Desktop/AER201/botL.X/main.asm
            HOLD_LOG_INFO   0x0004f0    program     static /Users/mreiter/Desktop/AER201/botL.X/main.asm
                  _30Next   0x0004fc    program     static /Users/mreiter/Desktop/AER201/botL.X/main.asm
                  _30Exit   0x000508    program     static /Users/mreiter/Desktop/AER201/botL.X/main.asm
                 PERM_LOG   0x00050c    program     static /Users/mreiter/Desktop/AER201/botL.X/main.asm
                  _31loop   0x000522    program     static /Users/mreiter/Desktop/AER201/botL.X/main.asm
                  _32loop   0x000540    program     static /Users/mreiter/Desktop/AER201/botL.X/main.asm
            HOLD_PERM_LOG   0x00054a    program     static /Users/mreiter/Desktop/AER201/botL.X/main.asm
                  _33Next   0x000556    program     static /Users/mreiter/Desktop/AER201/botL.X/main.asm
                  _33Exit   0x000562    program     static /Users/mreiter/Desktop/AER201/botL.X/main.asm
                  _34Next   0x00056c    program     static /Users/mreiter/Desktop/AER201/botL.X/main.asm
                  _34Exit   0x000578    program     static /Users/mreiter/Desktop/AER201/botL.X/main.asm
                  _35Next   0x000582    program     static /Users/mreiter/Desktop/AER201/botL.X/main.asm
                  _35Exit   0x00058e    program     static /Users/mreiter/Desktop/AER201/botL.X/main.asm
                  _36Next   0x000598    program     static /Users/mreiter/Desktop/AER201/botL.X/main.asm
                  _36Exit   0x0005a4    program     static /Users/mreiter/Desktop/AER201/botL.X/main.asm
                  _37Next   0x0005ae    program     static /Users/mreiter/Desktop/AER201/botL.X/main.asm
                  _37Exit   0x0005ba    program     static /Users/mreiter/Desktop/AER201/botL.X/main.asm
                  _38Next   0x0005c4    program     static /Users/mreiter/Desktop/AER201/botL.X/main.asm
                  _38Exit   0x0005d0    program     static /Users/mreiter/Desktop/AER201/botL.X/main.asm
                  _39Next   0x0005da    program     static /Users/mreiter/Desktop/AER201/botL.X/main.asm
                  _39Exit   0x0005e6    program     static /Users/mreiter/Desktop/AER201/botL.X/main.asm
                  _40Next   0x0005f0    program     static /Users/mreiter/Desktop/AER201/botL.X/main.asm
                  _40Exit   0x0005fc    program     static /Users/mreiter/Desktop/AER201/botL.X/main.asm
                  _41Next   0x000606    program     static /Users/mreiter/Desktop/AER201/botL.X/main.asm
                  _41Exit   0x000612    program     static /Users/mreiter/Desktop/AER201/botL.X/main.asm
                  _42Next   0x00061c    program     static /Users/mreiter/Desktop/AER201/botL.X/main.asm
                  _42Exit   0x000628    program     static /Users/mreiter/Desktop/AER201/botL.X/main.asm
                     PLOG   0x00062c    program     static /Users/mreiter/Desktop/AER201/botL.X/main.asm
                  _43loop   0x000642    program     static /Users/mreiter/Desktop/AER201/botL.X/main.asm
               displayNum   0x000668    program     static /Users/mreiter/Desktop/AER201/botL.X/main.asm
                HOLD_PLOG   0x0006c2    program     static /Users/mreiter/Desktop/AER201/botL.X/main.asm
                  _46Next   0x0006ce    program     static /Users/mreiter/Desktop/AER201/botL.X/main.asm
                  _46Exit   0x0006da    program     static /Users/mreiter/Desktop/AER201/botL.X/main.asm
                  _47Next   0x0006e4    program     static /Users/mreiter/Desktop/AER201/botL.X/main.asm
                  _47Exit   0x0006f0    program     static /Users/mreiter/Desktop/AER201/botL.X/main.asm
             PLOG_DETAILS   0x0006f4    program     static /Users/mreiter/Desktop/AER201/botL.X/main.asm
                  _48loop   0x000708    program     static /Users/mreiter/Desktop/AER201/botL.X/main.asm
        HOLD_PLOG_DETAILS   0x00071e    program     static /Users/mreiter/Desktop/AER201/botL.X/main.asm
                  _49Next   0x00072a    program     static /Users/mreiter/Desktop/AER201/botL.X/main.asm
                  _49Exit   0x000736    program     static /Users/mreiter/Desktop/AER201/botL.X/main.asm
                  PC_MODE   0x00073a    program     static /Users/mreiter/Desktop/AER201/botL.X/main.asm
                  _50loop   0x000750    program     static /Users/mreiter/Desktop/AER201/botL.X/main.asm
                  _51loop   0x00076e    program     static /Users/mreiter/Desktop/AER201/botL.X/main.asm
                  HOLD_PC   0x000784    program     static /Users/mreiter/Desktop/AER201/botL.X/main.asm
                  _52Next   0x000790    program     static /Users/mreiter/Desktop/AER201/botL.X/main.asm
                  _52Exit   0x00079c    program     static /Users/mreiter/Desktop/AER201/botL.X/main.asm
                  _53Next   0x0007a6    program     static /Users/mreiter/Desktop/AER201/botL.X/main.asm
                  _53Exit   0x0007b2    program     static /Users/mreiter/Desktop/AER201/botL.X/main.asm
              PC_TRANSFER   0x0007b6    program     static /Users/mreiter/Desktop/AER201/botL.X/main.asm
                  _54loop   0x0007ce    program     static /Users/mreiter/Desktop/AER201/botL.X/main.asm
                 SaveData   0x0007e2    program     static /Users/mreiter/Desktop/AER201/botL.X/main.asm
             _.org_2_07F6   0x0007f6    program     static /Users/mreiter/Desktop/AER201/botL.X/main.asm
             _.org_2_080E   0x00080e    program     static /Users/mreiter/Desktop/AER201/botL.X/main.asm
             _.org_2_082A   0x00082a    program     static /Users/mreiter/Desktop/AER201/botL.X/main.asm
             _.org_2_0842   0x000842    program     static /Users/mreiter/Desktop/AER201/botL.X/main.asm
             _.org_2_085E   0x00085e    program     static /Users/mreiter/Desktop/AER201/botL.X/main.asm
             _.org_2_0876   0x000876    program     static /Users/mreiter/Desktop/AER201/botL.X/main.asm
             _.org_2_0892   0x000892    program     static /Users/mreiter/Desktop/AER201/botL.X/main.asm
             _.org_2_08AA   0x0008aa    program     static /Users/mreiter/Desktop/AER201/botL.X/main.asm
             _.org_2_08C6   0x0008c6    program     static /Users/mreiter/Desktop/AER201/botL.X/main.asm
             _.org_2_08DE   0x0008de    program     static /Users/mreiter/Desktop/AER201/botL.X/main.asm
                ShiftLoop   0x0008fa    program     static /Users/mreiter/Desktop/AER201/botL.X/main.asm
             _.org_2_0920   0x000920    program     static /Users/mreiter/Desktop/AER201/botL.X/main.asm
             _.org_2_0938   0x000938    program     static /Users/mreiter/Desktop/AER201/botL.X/main.asm
                 RTC_INIT   0x000960    program     static /Users/mreiter/Desktop/AER201/botL.X/main.asm
                SAVE_TIME   0x00096e    program     static /Users/mreiter/Desktop/AER201/botL.X/main.asm
            SAVE_EXE_TIME   0x0009e4    program     static /Users/mreiter/Desktop/AER201/botL.X/main.asm
             _.org_2_0A00   0x000a00    program     static /Users/mreiter/Desktop/AER201/botL.X/main.asm
             _.org_2_0A18   0x000a18    program     static /Users/mreiter/Desktop/AER201/botL.X/main.asm
             _.org_2_0A3C   0x000a3c    program     static /Users/mreiter/Desktop/AER201/botL.X/main.asm
             _.org_2_0A54   0x000a54    program     static /Users/mreiter/Desktop/AER201/botL.X/main.asm
             _.org_2_0A78   0x000a78    program     static /Users/mreiter/Desktop/AER201/botL.X/main.asm
             _.org_2_0A90   0x000a90    program     static /Users/mreiter/Desktop/AER201/botL.X/main.asm
              DISPLAY_RTC   0x000a9a    program     static /Users/mreiter/Desktop/AER201/botL.X/main.asm
                 SET_TIME   0x000b74    program     static /Users/mreiter/Desktop/AER201/botL.X/main.asm
                del_loop0   0x000b7a    program     static /Users/mreiter/Desktop/AER201/botL.X/main.asm
               INIT_USART   0x000bdc    program     static /Users/mreiter/Desktop/AER201/botL.X/main.asm
                DataUSART   0x000bf0    program     static /Users/mreiter/Desktop/AER201/botL.X/main.asm
            TRANSFER_LOGS   0x000c00    program     static /Users/mreiter/Desktop/AER201/botL.X/main.asm
            TRANSFER_DATA   0x000c0a    program     static /Users/mreiter/Desktop/AER201/botL.X/main.asm
                  _86loop   0x000c4a    program     static /Users/mreiter/Desktop/AER201/botL.X/main.asm
                  _87loop   0x000c58    program     static /Users/mreiter/Desktop/AER201/botL.X/main.asm
               USART_WAIT   0x000c64    program     static /Users/mreiter/Desktop/AER201/botL.X/main.asm
             _.org_2_0C68   0x000c68    program     static /Users/mreiter/Desktop/AER201/botL.X/main.asm
               USART_LINE   0x000c6e    program     static /Users/mreiter/Desktop/AER201/botL.X/main.asm
                 Delay5us   0x000c7c    program     static /Users/mreiter/Desktop/AER201/botL.X/main.asm
                  loop5us   0x000c80    program     static /Users/mreiter/Desktop/AER201/botL.X/main.asm
               Delay200us   0x000c8a    program     static /Users/mreiter/Desktop/AER201/botL.X/main.asm
                loop200us   0x000c8e    program     static /Users/mreiter/Desktop/AER201/botL.X/main.asm
                Delay50ms   0x000c98    program     static /Users/mreiter/Desktop/AER201/botL.X/main.asm
                 loop50ms   0x000c9c    program     static /Users/mreiter/Desktop/AER201/botL.X/main.asm
                   Cycles   0x000ca2    program     static /Users/mreiter/Desktop/AER201/botL.X/main.asm
              WriteEE_RTC   0x000cac    program     static /Users/mreiter/Desktop/AER201/botL.X/main.asm
             _.org_2_0CBA   0x000cba    program     static /Users/mreiter/Desktop/AER201/botL.X/main.asm
             _.org_2_0CD2   0x000cd2    program     static /Users/mreiter/Desktop/AER201/botL.X/main.asm
             _.org_2_0CE8   0x000ce8    program     static /Users/mreiter/Desktop/AER201/botL.X/main.asm
             _.org_2_0D00   0x000d00    program     static /Users/mreiter/Desktop/AER201/botL.X/main.asm
           ClearEEPROM_21   0x000d0a    program     static /Users/mreiter/Desktop/AER201/botL.X/main.asm
                ClearNext   0x000d12    program     static /Users/mreiter/Desktop/AER201/botL.X/main.asm
             _.org_2_0D20   0x000d20    program     static /Users/mreiter/Desktop/AER201/botL.X/main.asm
             _.org_2_0D38   0x000d38    program     static /Users/mreiter/Desktop/AER201/botL.X/main.asm
                 READ_KEY   0x000d50    program     static /Users/mreiter/Desktop/AER201/botL.X/main.asm
             _.org_2_0D5E   0x000d5e    program     static /Users/mreiter/Desktop/AER201/botL.X/main.asm
            READ_KEY_TIME   0x000d64    program     static /Users/mreiter/Desktop/AER201/botL.X/main.asm
             _.org_2_0D76   0x000d76    program     static /Users/mreiter/Desktop/AER201/botL.X/main.asm
           DisplayExeTime   0x000d7c    program     static /Users/mreiter/Desktop/AER201/botL.X/main.asm
                  _92loop   0x000da6    program     static /Users/mreiter/Desktop/AER201/botL.X/main.asm
        NoSkipDispExeTime   0x000dba    program     static /Users/mreiter/Desktop/AER201/botL.X/main.asm
          SkipDispExeTime   0x000e0c    program     static /Users/mreiter/Desktop/AER201/botL.X/main.asm
               DispOpSort   0x000e0e    program     static /Users/mreiter/Desktop/AER201/botL.X/main.asm
                  _97loop   0x000e38    program     static /Users/mreiter/Desktop/AER201/botL.X/main.asm
         NoSkipDispOpSort   0x000e4a    program     static /Users/mreiter/Desktop/AER201/botL.X/main.asm
           SkipDispOpSort   0x000ee4    program     static /Users/mreiter/Desktop/AER201/botL.X/main.asm
                DispOpRTC   0x000ee6    program     static /Users/mreiter/Desktop/AER201/botL.X/main.asm
                 _103loop   0x000f10    program     static /Users/mreiter/Desktop/AER201/botL.X/main.asm
          NoSkipDispOpRTC   0x000f22    program     static /Users/mreiter/Desktop/AER201/botL.X/main.asm
            SkipDispOpRTC   0x000f82    program     static /Users/mreiter/Desktop/AER201/botL.X/main.asm
         DispOpRTC_Helper   0x000f84    program     static /Users/mreiter/Desktop/AER201/botL.X/main.asm
                  Welcome   0x000fbe    program     static /Users/mreiter/Desktop/AER201/botL.X/main.asm
                     Team   0x000fc4    program     static /Users/mreiter/Desktop/AER201/botL.X/main.asm
                  StandBy   0x000fce    program     static /Users/mreiter/Desktop/AER201/botL.X/main.asm
              StandbyInfo   0x000ff6    program     static /Users/mreiter/Desktop/AER201/botL.X/main.asm
                     Log1   0x00101e    program     static /Users/mreiter/Desktop/AER201/botL.X/main.asm
                     Log2   0x001024    program     static /Users/mreiter/Desktop/AER201/botL.X/main.asm
                 LogInfo1   0x001032    program     static /Users/mreiter/Desktop/AER201/botL.X/main.asm
                 LogInfo2   0x00103a    program     static /Users/mreiter/Desktop/AER201/botL.X/main.asm
                 PermLog1   0x001044    program     static /Users/mreiter/Desktop/AER201/botL.X/main.asm
                 PermLog2   0x001054    program     static /Users/mreiter/Desktop/AER201/botL.X/main.asm
                     Exe1   0x00107c    program     static /Users/mreiter/Desktop/AER201/botL.X/main.asm
                     Exe2   0x001088    program     static /Users/mreiter/Desktop/AER201/botL.X/main.asm
                      PC1   0x001090    program     static /Users/mreiter/Desktop/AER201/botL.X/main.asm
                      PC2   0x0010b4    program     static /Users/mreiter/Desktop/AER201/botL.X/main.asm
               PCTransfer   0x0010d4    program     static /Users/mreiter/Desktop/AER201/botL.X/main.asm
               PCComplete   0x0010e4    program     static /Users/mreiter/Desktop/AER201/botL.X/main.asm
                     SAVE   0x0010ee    program     static /Users/mreiter/Desktop/AER201/botL.X/main.asm
                   NoData   0x0010f8    program     static /Users/mreiter/Desktop/AER201/botL.X/main.asm
                  InitLCD   0x0010fc    program     extern /Users/mreiter/Desktop/AER201/botL.X/lcd.asm
                   WR_INS   0x001154    program     extern /Users/mreiter/Desktop/AER201/botL.X/lcd.asm
                  WR_DATA   0x001170    program     extern /Users/mreiter/Desktop/AER201/botL.X/lcd.asm
                   WrtLCD   0x001194    program     extern /Users/mreiter/Desktop/AER201/botL.X/lcd.asm
                   ClrLCD   0x0011aa    program     extern /Users/mreiter/Desktop/AER201/botL.X/lcd.asm
                   ClkLCD   0x0011b8    program     extern /Users/mreiter/Desktop/AER201/botL.X/lcd.asm
              _.code_00C8   0x0011c4    program     static /Users/mreiter/Desktop/AER201/botL.X/lcd.asm
                    Shift   0x0011ca    program     extern /Users/mreiter/Desktop/AER201/botL.X/lcd.asm
                   LCD_L1   0x0011d6    program     extern /Users/mreiter/Desktop/AER201/botL.X/lcd.asm
                   LCD_L2   0x0011de    program     extern /Users/mreiter/Desktop/AER201/botL.X/lcd.asm
                   MovMSB   0x0011e6    program     static /Users/mreiter/Desktop/AER201/botL.X/lcd.asm
             lcdLongDelay   0x0011f0    program     static /Users/mreiter/Desktop/AER201/botL.X/lcd.asm
                 LLD_LOOP   0x0011f4    program     static /Users/mreiter/Desktop/AER201/botL.X/lcd.asm
              _.code_00FE   0x0011fa    program     static /Users/mreiter/Desktop/AER201/botL.X/lcd.asm
                delay44us   0x001206    program     extern /Users/mreiter/Desktop/AER201/botL.X/lcd.asm
            Delay44usLoop   0x00120a    program     static /Users/mreiter/Desktop/AER201/botL.X/lcd.asm
                 delay5ms   0x001212    program     extern /Users/mreiter/Desktop/AER201/botL.X/lcd.asm
             Delay5msLoop   0x00121a    program     static /Users/mreiter/Desktop/AER201/botL.X/lcd.asm
                       d2   0x001222    program     static /Users/mreiter/Desktop/AER201/botL.X/lcd.asm
         i2c_common_setup   0x001228    program     extern /Users/mreiter/Desktop/AER201/botL.X/i2c_common.asm
              _.code_001C   0x001244    program     static /Users/mreiter/Desktop/AER201/botL.X/i2c_common.asm
                write_rtc   0x00124a    program     extern /Users/mreiter/Desktop/AER201/botL.X/i2c_common.asm
              _.code_002A   0x001252    program     static /Users/mreiter/Desktop/AER201/botL.X/i2c_common.asm
              _.code_0032   0x00125a    program     static /Users/mreiter/Desktop/AER201/botL.X/i2c_common.asm
              _.code_0038   0x001260    program     static /Users/mreiter/Desktop/AER201/botL.X/i2c_common.asm
              _.code_0042   0x00126a    program     static /Users/mreiter/Desktop/AER201/botL.X/i2c_common.asm
              _.code_0048   0x001270    program     static /Users/mreiter/Desktop/AER201/botL.X/i2c_common.asm
              _.code_0052   0x00127a    program     static /Users/mreiter/Desktop/AER201/botL.X/i2c_common.asm
              _.code_0058   0x001280    program     static /Users/mreiter/Desktop/AER201/botL.X/i2c_common.asm
              _.code_0060   0x001288    program     static /Users/mreiter/Desktop/AER201/botL.X/i2c_common.asm
                 read_rtc   0x00128e    program     extern /Users/mreiter/Desktop/AER201/botL.X/i2c_common.asm
              _.code_006E   0x001296    program     static /Users/mreiter/Desktop/AER201/botL.X/i2c_common.asm
              _.code_0076   0x00129e    program     static /Users/mreiter/Desktop/AER201/botL.X/i2c_common.asm
              _.code_007C   0x0012a4    program     static /Users/mreiter/Desktop/AER201/botL.X/i2c_common.asm
              _.code_0086   0x0012ae    program     static /Users/mreiter/Desktop/AER201/botL.X/i2c_common.asm
              _.code_008C   0x0012b4    program     static /Users/mreiter/Desktop/AER201/botL.X/i2c_common.asm
              _.code_0094   0x0012bc    program     static /Users/mreiter/Desktop/AER201/botL.X/i2c_common.asm
              _.code_009C   0x0012c4    program     static /Users/mreiter/Desktop/AER201/botL.X/i2c_common.asm
              _.code_00A2   0x0012ca    program     static /Users/mreiter/Desktop/AER201/botL.X/i2c_common.asm
              _.code_00AA   0x0012d2    program     static /Users/mreiter/Desktop/AER201/botL.X/i2c_common.asm
                  _waitl0   0x0012e0    program     static /Users/mreiter/Desktop/AER201/botL.X/i2c_common.asm
              _.code_00C2   0x0012ea    program     static /Users/mreiter/Desktop/AER201/botL.X/i2c_common.asm
              rtc_convert   0x0012f0    program     extern /Users/mreiter/Desktop/AER201/botL.X/i2c_common.asm
                 INIT_RTC   0x001306    program     extern /Users/mreiter/Desktop/AER201/botL.X/i2c_common.asm
              _.code_00E6   0x00130e    program     static /Users/mreiter/Desktop/AER201/botL.X/i2c_common.asm
              _.code_00EE   0x001316    program     static /Users/mreiter/Desktop/AER201/botL.X/i2c_common.asm
              _.code_00F4   0x00131c    program     static /Users/mreiter/Desktop/AER201/botL.X/i2c_common.asm
              _.code_00FC   0x001324    program     static /Users/mreiter/Desktop/AER201/botL.X/i2c_common.asm
              _.code_0102   0x00132a    program     static /Users/mreiter/Desktop/AER201/botL.X/i2c_common.asm
              _.code_010A   0x001332    program     static /Users/mreiter/Desktop/AER201/botL.X/i2c_common.asm
              _.code_0110   0x001338    program     static /Users/mreiter/Desktop/AER201/botL.X/i2c_common.asm
              _.code_0118   0x001340    program     static /Users/mreiter/Desktop/AER201/botL.X/i2c_common.asm
          READ_COLOUR_I2C   0x001346    program     extern /Users/mreiter/Desktop/AER201/botL.X/i2c_common.asm
              _.code_0126   0x00134e    program     static /Users/mreiter/Desktop/AER201/botL.X/i2c_common.asm
              _.code_012E   0x001356    program     static /Users/mreiter/Desktop/AER201/botL.X/i2c_common.asm
              _.code_0134   0x00135c    program     static /Users/mreiter/Desktop/AER201/botL.X/i2c_common.asm
              _.code_0140   0x001368    program     static /Users/mreiter/Desktop/AER201/botL.X/i2c_common.asm
              _.code_0146   0x00136e    program     static /Users/mreiter/Desktop/AER201/botL.X/i2c_common.asm
              _.code_014E   0x001376    program     static /Users/mreiter/Desktop/AER201/botL.X/i2c_common.asm
              _.code_0156   0x00137e    program     static /Users/mreiter/Desktop/AER201/botL.X/i2c_common.asm
              _.code_015C   0x001384    program     static /Users/mreiter/Desktop/AER201/botL.X/i2c_common.asm
              _.code_0164   0x00138c    program     static /Users/mreiter/Desktop/AER201/botL.X/i2c_common.asm
                  _waitl1   0x00139a    program     static /Users/mreiter/Desktop/AER201/botL.X/i2c_common.asm
              _.code_017C   0x0013a4    program     static /Users/mreiter/Desktop/AER201/botL.X/i2c_common.asm
         WRITE_COLOUR_I2C   0x0013aa    program     extern /Users/mreiter/Desktop/AER201/botL.X/i2c_common.asm
              _.code_018A   0x0013b2    program     static /Users/mreiter/Desktop/AER201/botL.X/i2c_common.asm
              _.code_0192   0x0013ba    program     static /Users/mreiter/Desktop/AER201/botL.X/i2c_common.asm
              _.code_0198   0x0013c0    program     static /Users/mreiter/Desktop/AER201/botL.X/i2c_common.asm
              _.code_01A4   0x0013cc    program     static /Users/mreiter/Desktop/AER201/botL.X/i2c_common.asm
              _.code_01AA   0x0013d2    program     static /Users/mreiter/Desktop/AER201/botL.X/i2c_common.asm
              _.code_01B6   0x0013de    program     static /Users/mreiter/Desktop/AER201/botL.X/i2c_common.asm
              _.code_01BC   0x0013e4    program     static /Users/mreiter/Desktop/AER201/botL.X/i2c_common.asm
              _.code_01C4   0x0013ec    program     static /Users/mreiter/Desktop/AER201/botL.X/i2c_common.asm
             INIT_ARDUINO   0x0013f2    program     extern /Users/mreiter/Desktop/AER201/botL.X/i2c_common.asm
              _.code_01D2   0x0013fa    program     static /Users/mreiter/Desktop/AER201/botL.X/i2c_common.asm
              _.code_01DA   0x001402    program     static /Users/mreiter/Desktop/AER201/botL.X/i2c_common.asm
              _.code_01E0   0x001408    program     static /Users/mreiter/Desktop/AER201/botL.X/i2c_common.asm
              _.code_01E8   0x001410    program     static /Users/mreiter/Desktop/AER201/botL.X/i2c_common.asm
            WRITE_ARDUINO   0x001416    program     extern /Users/mreiter/Desktop/AER201/botL.X/i2c_common.asm
              _.code_01F6   0x00141e    program     static /Users/mreiter/Desktop/AER201/botL.X/i2c_common.asm
              _.code_01FE   0x001426    program     static /Users/mreiter/Desktop/AER201/botL.X/i2c_common.asm
              _.code_0204   0x00142c    program     static /Users/mreiter/Desktop/AER201/botL.X/i2c_common.asm
              _.code_020E   0x001436    program     static /Users/mreiter/Desktop/AER201/botL.X/i2c_common.asm
              _.code_0214   0x00143c    program     static /Users/mreiter/Desktop/AER201/botL.X/i2c_common.asm
              _.code_021C   0x001444    program     static /Users/mreiter/Desktop/AER201/botL.X/i2c_common.asm
             READ_ARDUINO   0x00144a    program     extern /Users/mreiter/Desktop/AER201/botL.X/i2c_common.asm
              _.code_022A   0x001452    program     static /Users/mreiter/Desktop/AER201/botL.X/i2c_common.asm
              _.code_0232   0x00145a    program     static /Users/mreiter/Desktop/AER201/botL.X/i2c_common.asm
              _.code_023A   0x001462    program     static /Users/mreiter/Desktop/AER201/botL.X/i2c_common.asm
              _.code_0240   0x001468    program     static /Users/mreiter/Desktop/AER201/botL.X/i2c_common.asm
              _.code_0248   0x001470    program     static /Users/mreiter/Desktop/AER201/botL.X/i2c_common.asm
                  _waitl2   0x00147c    program     static /Users/mreiter/Desktop/AER201/botL.X/i2c_common.asm
              _.code_025E   0x001486    program     static /Users/mreiter/Desktop/AER201/botL.X/i2c_common.asm
                CHECK_ACK   0x00148c    program     extern /Users/mreiter/Desktop/AER201/botL.X/i2c.asm
                 I2C_temp   0x00148c    program     static /Users/mreiter/Desktop/AER201/botL.X/i2c.asm
                I2C_ACKDT   0x00148c    program     extern /Users/mreiter/Desktop/AER201/botL.X/i2c.asm
               CHECK_NACK   0x001490    program     extern /Users/mreiter/Desktop/AER201/botL.X/i2c.asm
                TEST_NACK   0x001494    program     static /Users/mreiter/Desktop/AER201/botL.X/i2c.asm
          I2C_Master_INIT   0x00149c    program     extern /Users/mreiter/Desktop/AER201/botL.X/i2c.asm
                     WAIT   0x0014ae    program     static /Users/mreiter/Desktop/AER201/botL.X/i2c.asm
          I2C_Master_WAIT   0x0014ae    program     extern /Users/mreiter/Desktop/AER201/botL.X/i2c.asm
         I2C_Master_START   0x0014be    program     extern /Users/mreiter/Desktop/AER201/botL.X/i2c.asm
        I2C_Master_RSTART   0x0014c6    program     extern /Users/mreiter/Desktop/AER201/botL.X/i2c.asm
          I2C_Master_STOP   0x0014ce    program     extern /Users/mreiter/Desktop/AER201/botL.X/i2c.asm
         I2C_Master_WRITE   0x0014d6    program     extern /Users/mreiter/Desktop/AER201/botL.X/i2c.asm
                  HOLD_UP   0x0014dc    program     static /Users/mreiter/Desktop/AER201/botL.X/i2c.asm
          I2C_Master_READ   0x0014e4    program     extern /Users/mreiter/Desktop/AER201/botL.X/i2c.asm
                     LOOP   0x0014ea    program     static /Users/mreiter/Desktop/AER201/botL.X/i2c.asm
           I2C_Master_ACK   0x0014f2    program     extern /Users/mreiter/Desktop/AER201/botL.X/i2c.asm
                 TEST_ACK   0x0014f6    program     static /Users/mreiter/Desktop/AER201/botL.X/i2c.asm
               regaddress   0x000060       data     extern /Users/mreiter/Desktop/AER201/botL.X/i2c_common.asm
                 databyte   0x000061       data     extern /Users/mreiter/Desktop/AER201/botL.X/i2c_common.asm
                 datachar   0x000062       data     extern /Users/mreiter/Desktop/AER201/botL.X/i2c_common.asm
               tens_digit   0x000063       data     extern /Users/mreiter/Desktop/AER201/botL.X/i2c_common.asm
               ones_digit   0x000064       data     extern /Users/mreiter/Desktop/AER201/botL.X/i2c_common.asm
           convert_buffer   0x000065       data     extern /Users/mreiter/Desktop/AER201/botL.X/i2c_common.asm


