MPLINK 5.08, LINKER
Linker Map File - Created Tue Mar  7 14:33:41 2017

                                 Section Info
                  Section       Type    Address   Location Size(Bytes)
                ---------  ---------  ---------  ---------  ---------
                   .org_0       code   0x000000    program   0x000004
                   .cinit    romdata   0x000004    program   0x000002
                   .org_1       code   0x000008    program   0x000004
                   .org_2       code   0x000018    program   0x0010ce
                    .code       code   0x0010e6    program   0x00059c
.config_300001_BUILD/DEFAULT/PRODUCTION/MAIN.O    romdata   0x300001    program   0x000001
.config_300002_BUILD/DEFAULT/PRODUCTION/MAIN.O    romdata   0x300002    program   0x000001
.config_300003_BUILD/DEFAULT/PRODUCTION/MAIN.O    romdata   0x300003    program   0x000001
.config_300005_BUILD/DEFAULT/PRODUCTION/MAIN.O    romdata   0x300005    program   0x000001
.config_300006_BUILD/DEFAULT/PRODUCTION/MAIN.O    romdata   0x300006    program   0x000001
.config_300008_BUILD/DEFAULT/PRODUCTION/MAIN.O    romdata   0x300008    program   0x000001
.config_300009_BUILD/DEFAULT/PRODUCTION/MAIN.O    romdata   0x300009    program   0x000001
.config_30000A_BUILD/DEFAULT/PRODUCTION/MAIN.O    romdata   0x30000a    program   0x000001
.config_30000B_BUILD/DEFAULT/PRODUCTION/MAIN.O    romdata   0x30000b    program   0x000001
.config_30000C_BUILD/DEFAULT/PRODUCTION/MAIN.O    romdata   0x30000c    program   0x000001
.config_30000D_BUILD/DEFAULT/PRODUCTION/MAIN.O    romdata   0x30000d    program   0x000001
               .udata_acs      udata   0x000060       data   0x000006



                              Program Memory Usage 
                               Start         End      
                           ---------   ---------      
                            0x000000    0x000005      
                            0x000008    0x00000b      
                            0x000018    0x001681      
                            0x300001    0x300003      
                            0x300005    0x300006      
                            0x300008    0x30000d      
            5759 out of 66584 program addresses used, program memory utilization is 8%



                              Symbols - Sorted by Name
                     Name    Address   Location    Storage File                     
                ---------  ---------  ---------  --------- ---------                
                CHECK_ACK   0x001612    program     extern /Users/mreiter/Desktop/AER201/botL.X/i2c.asm
               CHECK_DONE   0x000502    program     static /Users/mreiter/Desktop/AER201/botL.X/main.asm
               CHECK_NACK   0x001616    program     extern /Users/mreiter/Desktop/AER201/botL.X/i2c.asm
         COLLECTIONS_STEP   0x000402    program     static /Users/mreiter/Desktop/AER201/botL.X/main.asm
              COLOUR_TEST   0x000390    program     static /Users/mreiter/Desktop/AER201/botL.X/main.asm
           ClearEEPROM_21   0x000e32    program     static /Users/mreiter/Desktop/AER201/botL.X/main.asm
                ClearNext   0x000e3a    program     static /Users/mreiter/Desktop/AER201/botL.X/main.asm
                   ClkLCD   0x001298    program     extern /Users/mreiter/Desktop/AER201/botL.X/lcd.asm
                   ClrLCD   0x00128a    program     extern /Users/mreiter/Desktop/AER201/botL.X/lcd.asm
                   Cycles   0x000dca    program     static /Users/mreiter/Desktop/AER201/botL.X/main.asm
              DC_TEST_CCW   0x000320    program     static /Users/mreiter/Desktop/AER201/botL.X/main.asm
         DC_TEST_CCW_HOLD   0x000334    program     static /Users/mreiter/Desktop/AER201/botL.X/main.asm
               DC_TEST_CW   0x0002ec    program     static /Users/mreiter/Desktop/AER201/botL.X/main.asm
          DC_TEST_CW_HOLD   0x000300    program     static /Users/mreiter/Desktop/AER201/botL.X/main.asm
               DETECTIONS   0x00042e    program     static /Users/mreiter/Desktop/AER201/botL.X/main.asm
              DISPLAY_RTC   0x000bc2    program     static /Users/mreiter/Desktop/AER201/botL.X/main.asm
                DataUSART   0x000d18    program     static /Users/mreiter/Desktop/AER201/botL.X/main.asm
               Delay200us   0x000db2    program     static /Users/mreiter/Desktop/AER201/botL.X/main.asm
            Delay44usLoop   0x0012ea    program     static /Users/mreiter/Desktop/AER201/botL.X/lcd.asm
                Delay50ms   0x000dc0    program     static /Users/mreiter/Desktop/AER201/botL.X/main.asm
             Delay5msLoop   0x0012fa    program     static /Users/mreiter/Desktop/AER201/botL.X/lcd.asm
                 Delay5us   0x000da4    program     static /Users/mreiter/Desktop/AER201/botL.X/main.asm
                DispOpRTC   0x00100e    program     static /Users/mreiter/Desktop/AER201/botL.X/main.asm
         DispOpRTC_Helper   0x0010ac    program     static /Users/mreiter/Desktop/AER201/botL.X/main.asm
               DispOpSort   0x000f36    program     static /Users/mreiter/Desktop/AER201/botL.X/main.asm
           DisplayExeTime   0x000ea4    program     static /Users/mreiter/Desktop/AER201/botL.X/main.asm
             END_ISR_HIGH   0x0000b0    program     static /Users/mreiter/Desktop/AER201/botL.X/main.asm
              END_ISR_LOW   0x0000fc    program     static /Users/mreiter/Desktop/AER201/botL.X/main.asm
                EXECUTION   0x0003b0    program     static /Users/mreiter/Desktop/AER201/botL.X/main.asm
                 EXIT_EXE   0x00055c    program     static /Users/mreiter/Desktop/AER201/botL.X/main.asm
                     Exe1   0x001188    program     static /Users/mreiter/Desktop/AER201/botL.X/main.asm
                     Exe2   0x001194    program     static /Users/mreiter/Desktop/AER201/botL.X/main.asm
                 HOLD_LOG   0x0005be    program     static /Users/mreiter/Desktop/AER201/botL.X/main.asm
            HOLD_LOG_INFO   0x00061c    program     static /Users/mreiter/Desktop/AER201/botL.X/main.asm
                  HOLD_PC   0x0008ae    program     static /Users/mreiter/Desktop/AER201/botL.X/main.asm
            HOLD_PERM_LOG   0x000676    program     static /Users/mreiter/Desktop/AER201/botL.X/main.asm
                HOLD_PLOG   0x0007ec    program     static /Users/mreiter/Desktop/AER201/botL.X/main.asm
        HOLD_PLOG_DETAILS   0x000848    program     static /Users/mreiter/Desktop/AER201/botL.X/main.asm
             HOLD_STANDBY   0x000236    program     static /Users/mreiter/Desktop/AER201/botL.X/main.asm
                  HOLD_UP   0x001662    program     static /Users/mreiter/Desktop/AER201/botL.X/i2c.asm
                I2C_ACKDT   0x001612    program     extern /Users/mreiter/Desktop/AER201/botL.X/i2c.asm
           I2C_Master_ACK   0x001678    program     extern /Users/mreiter/Desktop/AER201/botL.X/i2c.asm
          I2C_Master_INIT   0x001622    program     extern /Users/mreiter/Desktop/AER201/botL.X/i2c.asm
          I2C_Master_READ   0x00166a    program     extern /Users/mreiter/Desktop/AER201/botL.X/i2c.asm
        I2C_Master_RSTART   0x00164c    program     extern /Users/mreiter/Desktop/AER201/botL.X/i2c.asm
         I2C_Master_START   0x001644    program     extern /Users/mreiter/Desktop/AER201/botL.X/i2c.asm
          I2C_Master_STOP   0x001654    program     extern /Users/mreiter/Desktop/AER201/botL.X/i2c.asm
          I2C_Master_WAIT   0x001634    program     extern /Users/mreiter/Desktop/AER201/botL.X/i2c.asm
         I2C_Master_WRITE   0x00165c    program     extern /Users/mreiter/Desktop/AER201/botL.X/i2c.asm
                 I2C_temp   0x001612    program     static /Users/mreiter/Desktop/AER201/botL.X/i2c.asm
              INC_ESKACAP   0x0004aa    program     static /Users/mreiter/Desktop/AER201/botL.X/main.asm
            INC_ESKANOCAP   0x00048e    program     static /Users/mreiter/Desktop/AER201/botL.X/main.asm
               INC_YOPCAP   0x000472    program     static /Users/mreiter/Desktop/AER201/botL.X/main.asm
             INC_YOPNOCAP   0x000456    program     static /Users/mreiter/Desktop/AER201/botL.X/main.asm
                     INIT   0x000106    program     static /Users/mreiter/Desktop/AER201/botL.X/main.asm
             INIT_ARDUINO   0x0015a6    program     extern /Users/mreiter/Desktop/AER201/botL.X/i2c_common.asm
                 INIT_RTC   0x001450    program     extern /Users/mreiter/Desktop/AER201/botL.X/i2c_common.asm
               INIT_USART   0x000d04    program     static /Users/mreiter/Desktop/AER201/botL.X/main.asm
                 ISR_HIGH   0x000030    program     static /Users/mreiter/Desktop/AER201/botL.X/main.asm
                  ISR_LOW   0x0000ba    program     static /Users/mreiter/Desktop/AER201/botL.X/main.asm
                  InitLCD   0x0011dc    program     extern /Users/mreiter/Desktop/AER201/botL.X/lcd.asm
                   LCD_L1   0x0012b6    program     extern /Users/mreiter/Desktop/AER201/botL.X/lcd.asm
                   LCD_L2   0x0012be    program     extern /Users/mreiter/Desktop/AER201/botL.X/lcd.asm
                 LLD_LOOP   0x0012d4    program     static /Users/mreiter/Desktop/AER201/botL.X/lcd.asm
            LOAD_EXE_TIME   0x000026    program     static /Users/mreiter/Desktop/AER201/botL.X/main.asm
        LOAD_STANDBY_TIME   0x00001c    program     static /Users/mreiter/Desktop/AER201/botL.X/main.asm
                      LOG   0x00058a    program     static /Users/mreiter/Desktop/AER201/botL.X/main.asm
                 LOG_INFO   0x0005f0    program     static /Users/mreiter/Desktop/AER201/botL.X/main.asm
                     LOOP   0x001670    program     static /Users/mreiter/Desktop/AER201/botL.X/i2c.asm
                  LOOPING   0x000392    program     static /Users/mreiter/Desktop/AER201/botL.X/main.asm
                     Log1   0x001146    program     static /Users/mreiter/Desktop/AER201/botL.X/main.asm
                     Log2   0x00114c    program     static /Users/mreiter/Desktop/AER201/botL.X/main.asm
                 LogInfo1   0x00115a    program     static /Users/mreiter/Desktop/AER201/botL.X/main.asm
                 LogInfo2   0x001162    program     static /Users/mreiter/Desktop/AER201/botL.X/main.asm
                   MovMSB   0x0012c6    program     static /Users/mreiter/Desktop/AER201/botL.X/lcd.asm
                   NoData   0x0011d8    program     static /Users/mreiter/Desktop/AER201/botL.X/main.asm
        NoSkipDispExeTime   0x000ee2    program     static /Users/mreiter/Desktop/AER201/botL.X/main.asm
          NoSkipDispOpRTC   0x00104a    program     static /Users/mreiter/Desktop/AER201/botL.X/main.asm
         NoSkipDispOpSort   0x000f72    program     static /Users/mreiter/Desktop/AER201/botL.X/main.asm
                      PC1   0x00119c    program     static /Users/mreiter/Desktop/AER201/botL.X/main.asm
                      PC2   0x0011aa    program     static /Users/mreiter/Desktop/AER201/botL.X/main.asm
               PCComplete   0x0011c4    program     static /Users/mreiter/Desktop/AER201/botL.X/main.asm
               PCTransfer   0x0011b4    program     static /Users/mreiter/Desktop/AER201/botL.X/main.asm
                  PC_MODE   0x000864    program     static /Users/mreiter/Desktop/AER201/botL.X/main.asm
              PC_TRANSFER   0x0008e0    program     static /Users/mreiter/Desktop/AER201/botL.X/main.asm
                 PERM_LOG   0x000638    program     static /Users/mreiter/Desktop/AER201/botL.X/main.asm
                     PLOG   0x000758    program     static /Users/mreiter/Desktop/AER201/botL.X/main.asm
             PLOG_DETAILS   0x00081e    program     static /Users/mreiter/Desktop/AER201/botL.X/main.asm
                 PermLog1   0x00116c    program     static /Users/mreiter/Desktop/AER201/botL.X/main.asm
                 PermLog2   0x00117c    program     static /Users/mreiter/Desktop/AER201/botL.X/main.asm
                   RD_END   0x00151e    program     static /Users/mreiter/Desktop/AER201/botL.X/i2c_common.asm
               RD_END_RTC   0x001430    program     static /Users/mreiter/Desktop/AER201/botL.X/i2c_common.asm
                  RD_ERR1   0x001500    program     static /Users/mreiter/Desktop/AER201/botL.X/i2c_common.asm
              RD_ERR1_RTC   0x001412    program     static /Users/mreiter/Desktop/AER201/botL.X/i2c_common.asm
                  RD_ERR2   0x00150a    program     static /Users/mreiter/Desktop/AER201/botL.X/i2c_common.asm
              RD_ERR2_RTC   0x00141c    program     static /Users/mreiter/Desktop/AER201/botL.X/i2c_common.asm
                  RD_ERR3   0x001514    program     static /Users/mreiter/Desktop/AER201/botL.X/i2c_common.asm
              RD_ERR3_RTC   0x001426    program     static /Users/mreiter/Desktop/AER201/botL.X/i2c_common.asm
             READ_ARDUINO   0x0015d0    program     extern /Users/mreiter/Desktop/AER201/botL.X/i2c_common.asm
          READ_COLOUR_I2C   0x001490    program     extern /Users/mreiter/Desktop/AER201/botL.X/i2c_common.asm
                 READ_KEY   0x000e78    program     static /Users/mreiter/Desktop/AER201/botL.X/main.asm
            READ_KEY_TIME   0x000e8c    program     static /Users/mreiter/Desktop/AER201/botL.X/main.asm
                ROTATE_90   0x000404    program     static /Users/mreiter/Desktop/AER201/botL.X/main.asm
           ROTATE_90_TEST   0x000366    program     static /Users/mreiter/Desktop/AER201/botL.X/main.asm
                 RTC_INIT   0x000a88    program     static /Users/mreiter/Desktop/AER201/botL.X/main.asm
                     SAVE   0x0011ce    program     static /Users/mreiter/Desktop/AER201/botL.X/main.asm
            SAVE_EXE_TIME   0x000b0c    program     static /Users/mreiter/Desktop/AER201/botL.X/main.asm
                SAVE_TIME   0x000a96    program     static /Users/mreiter/Desktop/AER201/botL.X/main.asm
                 SET_TIME   0x000c9c    program     static /Users/mreiter/Desktop/AER201/botL.X/main.asm
                  STANDBY   0x0001e6    program     static /Users/mreiter/Desktop/AER201/botL.X/main.asm
                STEP_TEST   0x000354    program     static /Users/mreiter/Desktop/AER201/botL.X/main.asm
                 SaveData   0x00090a    program     static /Users/mreiter/Desktop/AER201/botL.X/main.asm
                    Shift   0x0012aa    program     extern /Users/mreiter/Desktop/AER201/botL.X/lcd.asm
                ShiftLoop   0x000a22    program     static /Users/mreiter/Desktop/AER201/botL.X/main.asm
          SkipDispExeTime   0x000f34    program     static /Users/mreiter/Desktop/AER201/botL.X/main.asm
            SkipDispOpRTC   0x0010aa    program     static /Users/mreiter/Desktop/AER201/botL.X/main.asm
           SkipDispOpSort   0x00100c    program     static /Users/mreiter/Desktop/AER201/botL.X/main.asm
                  StandBy   0x0010f6    program     static /Users/mreiter/Desktop/AER201/botL.X/main.asm
              StandbyInfo   0x00111e    program     static /Users/mreiter/Desktop/AER201/botL.X/main.asm
                 TEST_ACK   0x00167c    program     static /Users/mreiter/Desktop/AER201/botL.X/i2c.asm
                TEST_NACK   0x00161a    program     static /Users/mreiter/Desktop/AER201/botL.X/i2c.asm
            TRANSFER_DATA   0x000d32    program     static /Users/mreiter/Desktop/AER201/botL.X/main.asm
            TRANSFER_LOGS   0x000d28    program     static /Users/mreiter/Desktop/AER201/botL.X/main.asm
            TRAY_CCW_HOLD   0x0004e6    program     static /Users/mreiter/Desktop/AER201/botL.X/main.asm
             TRAY_CW_HOLD   0x0004cc    program     static /Users/mreiter/Desktop/AER201/botL.X/main.asm
            TRAY_STEP_CCW   0x0004e0    program     static /Users/mreiter/Desktop/AER201/botL.X/main.asm
             TRAY_STEP_CW   0x0004c6    program     static /Users/mreiter/Desktop/AER201/botL.X/main.asm
            TRAY_STEP_END   0x0004fa    program     static /Users/mreiter/Desktop/AER201/botL.X/main.asm
                     Team   0x0010ec    program     static /Users/mreiter/Desktop/AER201/botL.X/main.asm
               USART_LINE   0x000d96    program     static /Users/mreiter/Desktop/AER201/botL.X/main.asm
               USART_WAIT   0x000d8c    program     static /Users/mreiter/Desktop/AER201/botL.X/main.asm
                     WAIT   0x001634    program     static /Users/mreiter/Desktop/AER201/botL.X/i2c.asm
         WRITE_COLOUR_I2C   0x001528    program     extern /Users/mreiter/Desktop/AER201/botL.X/i2c_common.asm
                  WR_DATA   0x001250    program     extern /Users/mreiter/Desktop/AER201/botL.X/lcd.asm
                   WR_END   0x00159c    program     static /Users/mreiter/Desktop/AER201/botL.X/i2c_common.asm
               WR_END_RTC   0x00139a    program     static /Users/mreiter/Desktop/AER201/botL.X/i2c_common.asm
                  WR_ERR1   0x00157c    program     static /Users/mreiter/Desktop/AER201/botL.X/i2c_common.asm
              WR_ERR1_RTC   0x00137a    program     static /Users/mreiter/Desktop/AER201/botL.X/i2c_common.asm
                  WR_ERR2   0x001586    program     static /Users/mreiter/Desktop/AER201/botL.X/i2c_common.asm
              WR_ERR2_RTC   0x001384    program     static /Users/mreiter/Desktop/AER201/botL.X/i2c_common.asm
                  WR_ERR3   0x001592    program     static /Users/mreiter/Desktop/AER201/botL.X/i2c_common.asm
              WR_ERR3_RTC   0x001390    program     static /Users/mreiter/Desktop/AER201/botL.X/i2c_common.asm
                   WR_INS   0x001234    program     extern /Users/mreiter/Desktop/AER201/botL.X/lcd.asm
                  Welcome   0x0010e6    program     static /Users/mreiter/Desktop/AER201/botL.X/main.asm
              WriteEE_RTC   0x000dd4    program     static /Users/mreiter/Desktop/AER201/botL.X/main.asm
                   WrtLCD   0x001274    program     extern /Users/mreiter/Desktop/AER201/botL.X/lcd.asm
              _.code_001C   0x001324    program     static /Users/mreiter/Desktop/AER201/botL.X/i2c_common.asm
              _.code_002A   0x001332    program     static /Users/mreiter/Desktop/AER201/botL.X/i2c_common.asm
              _.code_0032   0x00133a    program     static /Users/mreiter/Desktop/AER201/botL.X/i2c_common.asm
              _.code_0038   0x001340    program     static /Users/mreiter/Desktop/AER201/botL.X/i2c_common.asm
              _.code_0048   0x001350    program     static /Users/mreiter/Desktop/AER201/botL.X/i2c_common.asm
              _.code_004E   0x001356    program     static /Users/mreiter/Desktop/AER201/botL.X/i2c_common.asm
              _.code_005E   0x001366    program     static /Users/mreiter/Desktop/AER201/botL.X/i2c_common.asm
              _.code_0064   0x00136c    program     static /Users/mreiter/Desktop/AER201/botL.X/i2c_common.asm
              _.code_0096   0x00139e    program     static /Users/mreiter/Desktop/AER201/botL.X/i2c_common.asm
              _.code_00A4   0x0013ac    program     static /Users/mreiter/Desktop/AER201/botL.X/i2c_common.asm
              _.code_00AC   0x0013b4    program     static /Users/mreiter/Desktop/AER201/botL.X/i2c_common.asm
              _.code_00B2   0x0013ba    program     static /Users/mreiter/Desktop/AER201/botL.X/i2c_common.asm
              _.code_00C2   0x0013ca    program     static /Users/mreiter/Desktop/AER201/botL.X/i2c_common.asm
              _.code_00C8   0x0013d0    program     static /Users/mreiter/Desktop/AER201/botL.X/i2c_common.asm
              _.code_00C8   0x0012a4    program     static /Users/mreiter/Desktop/AER201/botL.X/lcd.asm
              _.code_00D6   0x0013de    program     static /Users/mreiter/Desktop/AER201/botL.X/i2c_common.asm
              _.code_00DE   0x0013e6    program     static /Users/mreiter/Desktop/AER201/botL.X/i2c_common.asm
              _.code_00E4   0x0013ec    program     static /Users/mreiter/Desktop/AER201/botL.X/i2c_common.asm
              _.code_00F2   0x0013fa    program     static /Users/mreiter/Desktop/AER201/botL.X/i2c_common.asm
              _.code_00FE   0x0012da    program     static /Users/mreiter/Desktop/AER201/botL.X/lcd.asm
              _.code_012C   0x001434    program     static /Users/mreiter/Desktop/AER201/botL.X/i2c_common.asm
              _.code_0150   0x001458    program     static /Users/mreiter/Desktop/AER201/botL.X/i2c_common.asm
              _.code_0158   0x001460    program     static /Users/mreiter/Desktop/AER201/botL.X/i2c_common.asm
              _.code_015E   0x001466    program     static /Users/mreiter/Desktop/AER201/botL.X/i2c_common.asm
              _.code_0166   0x00146e    program     static /Users/mreiter/Desktop/AER201/botL.X/i2c_common.asm
              _.code_016C   0x001474    program     static /Users/mreiter/Desktop/AER201/botL.X/i2c_common.asm
              _.code_0174   0x00147c    program     static /Users/mreiter/Desktop/AER201/botL.X/i2c_common.asm
              _.code_017A   0x001482    program     static /Users/mreiter/Desktop/AER201/botL.X/i2c_common.asm
              _.code_0182   0x00148a    program     static /Users/mreiter/Desktop/AER201/botL.X/i2c_common.asm
              _.code_0190   0x001498    program     static /Users/mreiter/Desktop/AER201/botL.X/i2c_common.asm
              _.code_0198   0x0014a0    program     static /Users/mreiter/Desktop/AER201/botL.X/i2c_common.asm
              _.code_019E   0x0014a6    program     static /Users/mreiter/Desktop/AER201/botL.X/i2c_common.asm
              _.code_01B0   0x0014b8    program     static /Users/mreiter/Desktop/AER201/botL.X/i2c_common.asm
              _.code_01B6   0x0014be    program     static /Users/mreiter/Desktop/AER201/botL.X/i2c_common.asm
              _.code_01C4   0x0014cc    program     static /Users/mreiter/Desktop/AER201/botL.X/i2c_common.asm
              _.code_01CC   0x0014d4    program     static /Users/mreiter/Desktop/AER201/botL.X/i2c_common.asm
              _.code_01D2   0x0014da    program     static /Users/mreiter/Desktop/AER201/botL.X/i2c_common.asm
              _.code_01E0   0x0014e8    program     static /Users/mreiter/Desktop/AER201/botL.X/i2c_common.asm
              _.code_021A   0x001522    program     static /Users/mreiter/Desktop/AER201/botL.X/i2c_common.asm
              _.code_0228   0x001530    program     static /Users/mreiter/Desktop/AER201/botL.X/i2c_common.asm
              _.code_0230   0x001538    program     static /Users/mreiter/Desktop/AER201/botL.X/i2c_common.asm
              _.code_0236   0x00153e    program     static /Users/mreiter/Desktop/AER201/botL.X/i2c_common.asm
              _.code_0248   0x001550    program     static /Users/mreiter/Desktop/AER201/botL.X/i2c_common.asm
              _.code_024E   0x001556    program     static /Users/mreiter/Desktop/AER201/botL.X/i2c_common.asm
              _.code_0260   0x001568    program     static /Users/mreiter/Desktop/AER201/botL.X/i2c_common.asm
              _.code_0266   0x00156e    program     static /Users/mreiter/Desktop/AER201/botL.X/i2c_common.asm
              _.code_0298   0x0015a0    program     static /Users/mreiter/Desktop/AER201/botL.X/i2c_common.asm
              _.code_02A6   0x0015ae    program     static /Users/mreiter/Desktop/AER201/botL.X/i2c_common.asm
              _.code_02AE   0x0015b6    program     static /Users/mreiter/Desktop/AER201/botL.X/i2c_common.asm
              _.code_02B4   0x0015bc    program     static /Users/mreiter/Desktop/AER201/botL.X/i2c_common.asm
              _.code_02C2   0x0015ca    program     static /Users/mreiter/Desktop/AER201/botL.X/i2c_common.asm
              _.code_02D0   0x0015d8    program     static /Users/mreiter/Desktop/AER201/botL.X/i2c_common.asm
              _.code_02D8   0x0015e0    program     static /Users/mreiter/Desktop/AER201/botL.X/i2c_common.asm
              _.code_02E0   0x0015e8    program     static /Users/mreiter/Desktop/AER201/botL.X/i2c_common.asm
              _.code_02E6   0x0015ee    program     static /Users/mreiter/Desktop/AER201/botL.X/i2c_common.asm
              _.code_02EE   0x0015f6    program     static /Users/mreiter/Desktop/AER201/botL.X/i2c_common.asm
              _.code_0304   0x00160c    program     static /Users/mreiter/Desktop/AER201/botL.X/i2c_common.asm
             _.org_2_091E   0x00091e    program     static /Users/mreiter/Desktop/AER201/botL.X/main.asm
             _.org_2_0936   0x000936    program     static /Users/mreiter/Desktop/AER201/botL.X/main.asm
             _.org_2_0952   0x000952    program     static /Users/mreiter/Desktop/AER201/botL.X/main.asm
             _.org_2_096A   0x00096a    program     static /Users/mreiter/Desktop/AER201/botL.X/main.asm
             _.org_2_0986   0x000986    program     static /Users/mreiter/Desktop/AER201/botL.X/main.asm
             _.org_2_099E   0x00099e    program     static /Users/mreiter/Desktop/AER201/botL.X/main.asm
             _.org_2_09BA   0x0009ba    program     static /Users/mreiter/Desktop/AER201/botL.X/main.asm
             _.org_2_09D2   0x0009d2    program     static /Users/mreiter/Desktop/AER201/botL.X/main.asm
             _.org_2_09EE   0x0009ee    program     static /Users/mreiter/Desktop/AER201/botL.X/main.asm
             _.org_2_0A06   0x000a06    program     static /Users/mreiter/Desktop/AER201/botL.X/main.asm
             _.org_2_0A48   0x000a48    program     static /Users/mreiter/Desktop/AER201/botL.X/main.asm
             _.org_2_0A60   0x000a60    program     static /Users/mreiter/Desktop/AER201/botL.X/main.asm
             _.org_2_0B28   0x000b28    program     static /Users/mreiter/Desktop/AER201/botL.X/main.asm
             _.org_2_0B40   0x000b40    program     static /Users/mreiter/Desktop/AER201/botL.X/main.asm
             _.org_2_0B64   0x000b64    program     static /Users/mreiter/Desktop/AER201/botL.X/main.asm
             _.org_2_0B7C   0x000b7c    program     static /Users/mreiter/Desktop/AER201/botL.X/main.asm
             _.org_2_0BA0   0x000ba0    program     static /Users/mreiter/Desktop/AER201/botL.X/main.asm
             _.org_2_0BB8   0x000bb8    program     static /Users/mreiter/Desktop/AER201/botL.X/main.asm
             _.org_2_0D90   0x000d90    program     static /Users/mreiter/Desktop/AER201/botL.X/main.asm
             _.org_2_0DE2   0x000de2    program     static /Users/mreiter/Desktop/AER201/botL.X/main.asm
             _.org_2_0DFA   0x000dfa    program     static /Users/mreiter/Desktop/AER201/botL.X/main.asm
             _.org_2_0E10   0x000e10    program     static /Users/mreiter/Desktop/AER201/botL.X/main.asm
             _.org_2_0E28   0x000e28    program     static /Users/mreiter/Desktop/AER201/botL.X/main.asm
             _.org_2_0E48   0x000e48    program     static /Users/mreiter/Desktop/AER201/botL.X/main.asm
             _.org_2_0E60   0x000e60    program     static /Users/mreiter/Desktop/AER201/botL.X/main.asm
             _.org_2_0E86   0x000e86    program     static /Users/mreiter/Desktop/AER201/botL.X/main.asm
             _.org_2_0E9E   0x000e9e    program     static /Users/mreiter/Desktop/AER201/botL.X/main.asm
                 _103loop   0x000f60    program     static /Users/mreiter/Desktop/AER201/botL.X/main.asm
                 _109loop   0x001038    program     static /Users/mreiter/Desktop/AER201/botL.X/main.asm
                  _10loop   0x0001ce    program     static /Users/mreiter/Desktop/AER201/botL.X/main.asm
                  _11loop   0x0001dc    program     static /Users/mreiter/Desktop/AER201/botL.X/main.asm
                  _12loop   0x000204    program     static /Users/mreiter/Desktop/AER201/botL.X/main.asm
                  _13loop   0x000222    program     static /Users/mreiter/Desktop/AER201/botL.X/main.asm
                  _14Exit   0x00024e    program     static /Users/mreiter/Desktop/AER201/botL.X/main.asm
                  _14Next   0x000242    program     static /Users/mreiter/Desktop/AER201/botL.X/main.asm
                  _15Exit   0x000264    program     static /Users/mreiter/Desktop/AER201/botL.X/main.asm
                  _15Next   0x000258    program     static /Users/mreiter/Desktop/AER201/botL.X/main.asm
                  _16Exit   0x00027a    program     static /Users/mreiter/Desktop/AER201/botL.X/main.asm
                  _16Next   0x00026e    program     static /Users/mreiter/Desktop/AER201/botL.X/main.asm
                  _17Exit   0x000290    program     static /Users/mreiter/Desktop/AER201/botL.X/main.asm
                  _17Next   0x000284    program     static /Users/mreiter/Desktop/AER201/botL.X/main.asm
                  _18Exit   0x0002a6    program     static /Users/mreiter/Desktop/AER201/botL.X/main.asm
                  _18Next   0x00029a    program     static /Users/mreiter/Desktop/AER201/botL.X/main.asm
                  _19Exit   0x0002bc    program     static /Users/mreiter/Desktop/AER201/botL.X/main.asm
                  _19Next   0x0002b0    program     static /Users/mreiter/Desktop/AER201/botL.X/main.asm
                  _20Exit   0x0002d2    program     static /Users/mreiter/Desktop/AER201/botL.X/main.asm
                  _20Next   0x0002c6    program     static /Users/mreiter/Desktop/AER201/botL.X/main.asm
                  _21Exit   0x0002e8    program     static /Users/mreiter/Desktop/AER201/botL.X/main.asm
                  _21Next   0x0002dc    program     static /Users/mreiter/Desktop/AER201/botL.X/main.asm
                  _22loop   0x0002f6    program     static /Users/mreiter/Desktop/AER201/botL.X/main.asm
                  _23Exit   0x00031c    program     static /Users/mreiter/Desktop/AER201/botL.X/main.asm
                  _23Next   0x000310    program     static /Users/mreiter/Desktop/AER201/botL.X/main.asm
                  _24loop   0x00032a    program     static /Users/mreiter/Desktop/AER201/botL.X/main.asm
                  _25Exit   0x000350    program     static /Users/mreiter/Desktop/AER201/botL.X/main.asm
                  _25Next   0x000344    program     static /Users/mreiter/Desktop/AER201/botL.X/main.asm
                  _26loop   0x00035c    program     static /Users/mreiter/Desktop/AER201/botL.X/main.asm
                  _27loop   0x000396    program     static /Users/mreiter/Desktop/AER201/botL.X/main.asm
                  _28loop   0x0003d2    program     static /Users/mreiter/Desktop/AER201/botL.X/main.asm
                  _29loop   0x0004d4    program     static /Users/mreiter/Desktop/AER201/botL.X/main.asm
                 _2endBCD   0x00007c    program     static /Users/mreiter/Desktop/AER201/botL.X/main.asm
                   _2ones   0x000076    program     static /Users/mreiter/Desktop/AER201/botL.X/main.asm
                  _30loop   0x0004ee    program     static /Users/mreiter/Desktop/AER201/botL.X/main.asm
                  _31loop   0x000578    program     static /Users/mreiter/Desktop/AER201/botL.X/main.asm
                  _32loop   0x0005a0    program     static /Users/mreiter/Desktop/AER201/botL.X/main.asm
                  _33Exit   0x0005d6    program     static /Users/mreiter/Desktop/AER201/botL.X/main.asm
                  _33Next   0x0005ca    program     static /Users/mreiter/Desktop/AER201/botL.X/main.asm
                  _34Exit   0x0005ec    program     static /Users/mreiter/Desktop/AER201/botL.X/main.asm
                  _34Next   0x0005e0    program     static /Users/mreiter/Desktop/AER201/botL.X/main.asm
                  _35loop   0x00060e    program     static /Users/mreiter/Desktop/AER201/botL.X/main.asm
                  _36Exit   0x000634    program     static /Users/mreiter/Desktop/AER201/botL.X/main.asm
                  _36Next   0x000628    program     static /Users/mreiter/Desktop/AER201/botL.X/main.asm
                  _37loop   0x00064e    program     static /Users/mreiter/Desktop/AER201/botL.X/main.asm
                  _38loop   0x00066c    program     static /Users/mreiter/Desktop/AER201/botL.X/main.asm
                  _39Exit   0x00068e    program     static /Users/mreiter/Desktop/AER201/botL.X/main.asm
                  _39Next   0x000682    program     static /Users/mreiter/Desktop/AER201/botL.X/main.asm
                 _3endBCD   0x0000ae    program     static /Users/mreiter/Desktop/AER201/botL.X/main.asm
                   _3ones   0x0000a8    program     static /Users/mreiter/Desktop/AER201/botL.X/main.asm
                  _40Exit   0x0006a4    program     static /Users/mreiter/Desktop/AER201/botL.X/main.asm
                  _40Next   0x000698    program     static /Users/mreiter/Desktop/AER201/botL.X/main.asm
                  _41Exit   0x0006ba    program     static /Users/mreiter/Desktop/AER201/botL.X/main.asm
                  _41Next   0x0006ae    program     static /Users/mreiter/Desktop/AER201/botL.X/main.asm
                  _42Exit   0x0006d0    program     static /Users/mreiter/Desktop/AER201/botL.X/main.asm
                  _42Next   0x0006c4    program     static /Users/mreiter/Desktop/AER201/botL.X/main.asm
                  _43Exit   0x0006e6    program     static /Users/mreiter/Desktop/AER201/botL.X/main.asm
                  _43Next   0x0006da    program     static /Users/mreiter/Desktop/AER201/botL.X/main.asm
                  _44Exit   0x0006fc    program     static /Users/mreiter/Desktop/AER201/botL.X/main.asm
                  _44Next   0x0006f0    program     static /Users/mreiter/Desktop/AER201/botL.X/main.asm
                  _45Exit   0x000712    program     static /Users/mreiter/Desktop/AER201/botL.X/main.asm
                  _45Next   0x000706    program     static /Users/mreiter/Desktop/AER201/botL.X/main.asm
                  _46Exit   0x000728    program     static /Users/mreiter/Desktop/AER201/botL.X/main.asm
                  _46Next   0x00071c    program     static /Users/mreiter/Desktop/AER201/botL.X/main.asm
                  _47Exit   0x00073e    program     static /Users/mreiter/Desktop/AER201/botL.X/main.asm
                  _47Next   0x000732    program     static /Users/mreiter/Desktop/AER201/botL.X/main.asm
                  _48Exit   0x000754    program     static /Users/mreiter/Desktop/AER201/botL.X/main.asm
                  _48Next   0x000748    program     static /Users/mreiter/Desktop/AER201/botL.X/main.asm
                  _49loop   0x00076c    program     static /Users/mreiter/Desktop/AER201/botL.X/main.asm
                  _52Exit   0x000804    program     static /Users/mreiter/Desktop/AER201/botL.X/main.asm
                  _52Next   0x0007f8    program     static /Users/mreiter/Desktop/AER201/botL.X/main.asm
                  _53Exit   0x00081a    program     static /Users/mreiter/Desktop/AER201/botL.X/main.asm
                  _53Next   0x00080e    program     static /Users/mreiter/Desktop/AER201/botL.X/main.asm
                  _54loop   0x000832    program     static /Users/mreiter/Desktop/AER201/botL.X/main.asm
                  _55Exit   0x000860    program     static /Users/mreiter/Desktop/AER201/botL.X/main.asm
                  _55Next   0x000854    program     static /Users/mreiter/Desktop/AER201/botL.X/main.asm
                  _56loop   0x00087a    program     static /Users/mreiter/Desktop/AER201/botL.X/main.asm
                  _57loop   0x000898    program     static /Users/mreiter/Desktop/AER201/botL.X/main.asm
                  _58Exit   0x0008c6    program     static /Users/mreiter/Desktop/AER201/botL.X/main.asm
                  _58Next   0x0008ba    program     static /Users/mreiter/Desktop/AER201/botL.X/main.asm
                  _59Exit   0x0008dc    program     static /Users/mreiter/Desktop/AER201/botL.X/main.asm
                  _59Next   0x0008d0    program     static /Users/mreiter/Desktop/AER201/botL.X/main.asm
                  _60loop   0x0008f6    program     static /Users/mreiter/Desktop/AER201/botL.X/main.asm
                  _92loop   0x000d72    program     static /Users/mreiter/Desktop/AER201/botL.X/main.asm
                  _93loop   0x000d80    program     static /Users/mreiter/Desktop/AER201/botL.X/main.asm
                  _98loop   0x000ece    program     static /Users/mreiter/Desktop/AER201/botL.X/main.asm
                   _9loop   0x0001b0    program     static /Users/mreiter/Desktop/AER201/botL.X/main.asm
                  _waitl0   0x001408    program     static /Users/mreiter/Desktop/AER201/botL.X/i2c_common.asm
                  _waitl1   0x0014f6    program     static /Users/mreiter/Desktop/AER201/botL.X/i2c_common.asm
                  _waitl2   0x001602    program     static /Users/mreiter/Desktop/AER201/botL.X/i2c_common.asm
                       d2   0x001302    program     static /Users/mreiter/Desktop/AER201/botL.X/lcd.asm
                del_loop0   0x000ca2    program     static /Users/mreiter/Desktop/AER201/botL.X/main.asm
                delay44us   0x0012e6    program     extern /Users/mreiter/Desktop/AER201/botL.X/lcd.asm
                 delay5ms   0x0012f2    program     extern /Users/mreiter/Desktop/AER201/botL.X/lcd.asm
               displayNum   0x000792    program     static /Users/mreiter/Desktop/AER201/botL.X/main.asm
         i2c_common_setup   0x001308    program     extern /Users/mreiter/Desktop/AER201/botL.X/i2c_common.asm
             lcdLongDelay   0x0012d0    program     static /Users/mreiter/Desktop/AER201/botL.X/lcd.asm
                loop200us   0x000db6    program     static /Users/mreiter/Desktop/AER201/botL.X/main.asm
                 loop50ms   0x000dc4    program     static /Users/mreiter/Desktop/AER201/botL.X/main.asm
                  loop5us   0x000da8    program     static /Users/mreiter/Desktop/AER201/botL.X/main.asm
                 read_rtc   0x0013a4    program     extern /Users/mreiter/Desktop/AER201/botL.X/i2c_common.asm
              rtc_convert   0x00143a    program     extern /Users/mreiter/Desktop/AER201/botL.X/i2c_common.asm
                write_rtc   0x00132a    program     extern /Users/mreiter/Desktop/AER201/botL.X/i2c_common.asm
           convert_buffer   0x000065       data     extern /Users/mreiter/Desktop/AER201/botL.X/i2c_common.asm
                 databyte   0x000061       data     extern /Users/mreiter/Desktop/AER201/botL.X/i2c_common.asm
                 datachar   0x000062       data     extern /Users/mreiter/Desktop/AER201/botL.X/i2c_common.asm
               ones_digit   0x000064       data     extern /Users/mreiter/Desktop/AER201/botL.X/i2c_common.asm
               regaddress   0x000060       data     extern /Users/mreiter/Desktop/AER201/botL.X/i2c_common.asm
               tens_digit   0x000063       data     extern /Users/mreiter/Desktop/AER201/botL.X/i2c_common.asm



                              Symbols - Sorted by Address
                     Name    Address   Location    Storage File                     
                ---------  ---------  ---------  --------- ---------                
        LOAD_STANDBY_TIME   0x00001c    program     static /Users/mreiter/Desktop/AER201/botL.X/main.asm
            LOAD_EXE_TIME   0x000026    program     static /Users/mreiter/Desktop/AER201/botL.X/main.asm
                 ISR_HIGH   0x000030    program     static /Users/mreiter/Desktop/AER201/botL.X/main.asm
                   _2ones   0x000076    program     static /Users/mreiter/Desktop/AER201/botL.X/main.asm
                 _2endBCD   0x00007c    program     static /Users/mreiter/Desktop/AER201/botL.X/main.asm
                   _3ones   0x0000a8    program     static /Users/mreiter/Desktop/AER201/botL.X/main.asm
                 _3endBCD   0x0000ae    program     static /Users/mreiter/Desktop/AER201/botL.X/main.asm
             END_ISR_HIGH   0x0000b0    program     static /Users/mreiter/Desktop/AER201/botL.X/main.asm
                  ISR_LOW   0x0000ba    program     static /Users/mreiter/Desktop/AER201/botL.X/main.asm
              END_ISR_LOW   0x0000fc    program     static /Users/mreiter/Desktop/AER201/botL.X/main.asm
                     INIT   0x000106    program     static /Users/mreiter/Desktop/AER201/botL.X/main.asm
                   _9loop   0x0001b0    program     static /Users/mreiter/Desktop/AER201/botL.X/main.asm
                  _10loop   0x0001ce    program     static /Users/mreiter/Desktop/AER201/botL.X/main.asm
                  _11loop   0x0001dc    program     static /Users/mreiter/Desktop/AER201/botL.X/main.asm
                  STANDBY   0x0001e6    program     static /Users/mreiter/Desktop/AER201/botL.X/main.asm
                  _12loop   0x000204    program     static /Users/mreiter/Desktop/AER201/botL.X/main.asm
                  _13loop   0x000222    program     static /Users/mreiter/Desktop/AER201/botL.X/main.asm
             HOLD_STANDBY   0x000236    program     static /Users/mreiter/Desktop/AER201/botL.X/main.asm
                  _14Next   0x000242    program     static /Users/mreiter/Desktop/AER201/botL.X/main.asm
                  _14Exit   0x00024e    program     static /Users/mreiter/Desktop/AER201/botL.X/main.asm
                  _15Next   0x000258    program     static /Users/mreiter/Desktop/AER201/botL.X/main.asm
                  _15Exit   0x000264    program     static /Users/mreiter/Desktop/AER201/botL.X/main.asm
                  _16Next   0x00026e    program     static /Users/mreiter/Desktop/AER201/botL.X/main.asm
                  _16Exit   0x00027a    program     static /Users/mreiter/Desktop/AER201/botL.X/main.asm
                  _17Next   0x000284    program     static /Users/mreiter/Desktop/AER201/botL.X/main.asm
                  _17Exit   0x000290    program     static /Users/mreiter/Desktop/AER201/botL.X/main.asm
                  _18Next   0x00029a    program     static /Users/mreiter/Desktop/AER201/botL.X/main.asm
                  _18Exit   0x0002a6    program     static /Users/mreiter/Desktop/AER201/botL.X/main.asm
                  _19Next   0x0002b0    program     static /Users/mreiter/Desktop/AER201/botL.X/main.asm
                  _19Exit   0x0002bc    program     static /Users/mreiter/Desktop/AER201/botL.X/main.asm
                  _20Next   0x0002c6    program     static /Users/mreiter/Desktop/AER201/botL.X/main.asm
                  _20Exit   0x0002d2    program     static /Users/mreiter/Desktop/AER201/botL.X/main.asm
                  _21Next   0x0002dc    program     static /Users/mreiter/Desktop/AER201/botL.X/main.asm
                  _21Exit   0x0002e8    program     static /Users/mreiter/Desktop/AER201/botL.X/main.asm
               DC_TEST_CW   0x0002ec    program     static /Users/mreiter/Desktop/AER201/botL.X/main.asm
                  _22loop   0x0002f6    program     static /Users/mreiter/Desktop/AER201/botL.X/main.asm
          DC_TEST_CW_HOLD   0x000300    program     static /Users/mreiter/Desktop/AER201/botL.X/main.asm
                  _23Next   0x000310    program     static /Users/mreiter/Desktop/AER201/botL.X/main.asm
                  _23Exit   0x00031c    program     static /Users/mreiter/Desktop/AER201/botL.X/main.asm
              DC_TEST_CCW   0x000320    program     static /Users/mreiter/Desktop/AER201/botL.X/main.asm
                  _24loop   0x00032a    program     static /Users/mreiter/Desktop/AER201/botL.X/main.asm
         DC_TEST_CCW_HOLD   0x000334    program     static /Users/mreiter/Desktop/AER201/botL.X/main.asm
                  _25Next   0x000344    program     static /Users/mreiter/Desktop/AER201/botL.X/main.asm
                  _25Exit   0x000350    program     static /Users/mreiter/Desktop/AER201/botL.X/main.asm
                STEP_TEST   0x000354    program     static /Users/mreiter/Desktop/AER201/botL.X/main.asm
                  _26loop   0x00035c    program     static /Users/mreiter/Desktop/AER201/botL.X/main.asm
           ROTATE_90_TEST   0x000366    program     static /Users/mreiter/Desktop/AER201/botL.X/main.asm
              COLOUR_TEST   0x000390    program     static /Users/mreiter/Desktop/AER201/botL.X/main.asm
                  LOOPING   0x000392    program     static /Users/mreiter/Desktop/AER201/botL.X/main.asm
                  _27loop   0x000396    program     static /Users/mreiter/Desktop/AER201/botL.X/main.asm
                EXECUTION   0x0003b0    program     static /Users/mreiter/Desktop/AER201/botL.X/main.asm
                  _28loop   0x0003d2    program     static /Users/mreiter/Desktop/AER201/botL.X/main.asm
         COLLECTIONS_STEP   0x000402    program     static /Users/mreiter/Desktop/AER201/botL.X/main.asm
                ROTATE_90   0x000404    program     static /Users/mreiter/Desktop/AER201/botL.X/main.asm
               DETECTIONS   0x00042e    program     static /Users/mreiter/Desktop/AER201/botL.X/main.asm
             INC_YOPNOCAP   0x000456    program     static /Users/mreiter/Desktop/AER201/botL.X/main.asm
               INC_YOPCAP   0x000472    program     static /Users/mreiter/Desktop/AER201/botL.X/main.asm
            INC_ESKANOCAP   0x00048e    program     static /Users/mreiter/Desktop/AER201/botL.X/main.asm
              INC_ESKACAP   0x0004aa    program     static /Users/mreiter/Desktop/AER201/botL.X/main.asm
             TRAY_STEP_CW   0x0004c6    program     static /Users/mreiter/Desktop/AER201/botL.X/main.asm
             TRAY_CW_HOLD   0x0004cc    program     static /Users/mreiter/Desktop/AER201/botL.X/main.asm
                  _29loop   0x0004d4    program     static /Users/mreiter/Desktop/AER201/botL.X/main.asm
            TRAY_STEP_CCW   0x0004e0    program     static /Users/mreiter/Desktop/AER201/botL.X/main.asm
            TRAY_CCW_HOLD   0x0004e6    program     static /Users/mreiter/Desktop/AER201/botL.X/main.asm
                  _30loop   0x0004ee    program     static /Users/mreiter/Desktop/AER201/botL.X/main.asm
            TRAY_STEP_END   0x0004fa    program     static /Users/mreiter/Desktop/AER201/botL.X/main.asm
               CHECK_DONE   0x000502    program     static /Users/mreiter/Desktop/AER201/botL.X/main.asm
                 EXIT_EXE   0x00055c    program     static /Users/mreiter/Desktop/AER201/botL.X/main.asm
                  _31loop   0x000578    program     static /Users/mreiter/Desktop/AER201/botL.X/main.asm
                      LOG   0x00058a    program     static /Users/mreiter/Desktop/AER201/botL.X/main.asm
                  _32loop   0x0005a0    program     static /Users/mreiter/Desktop/AER201/botL.X/main.asm
                 HOLD_LOG   0x0005be    program     static /Users/mreiter/Desktop/AER201/botL.X/main.asm
                  _33Next   0x0005ca    program     static /Users/mreiter/Desktop/AER201/botL.X/main.asm
                  _33Exit   0x0005d6    program     static /Users/mreiter/Desktop/AER201/botL.X/main.asm
                  _34Next   0x0005e0    program     static /Users/mreiter/Desktop/AER201/botL.X/main.asm
                  _34Exit   0x0005ec    program     static /Users/mreiter/Desktop/AER201/botL.X/main.asm
                 LOG_INFO   0x0005f0    program     static /Users/mreiter/Desktop/AER201/botL.X/main.asm
                  _35loop   0x00060e    program     static /Users/mreiter/Desktop/AER201/botL.X/main.asm
            HOLD_LOG_INFO   0x00061c    program     static /Users/mreiter/Desktop/AER201/botL.X/main.asm
                  _36Next   0x000628    program     static /Users/mreiter/Desktop/AER201/botL.X/main.asm
                  _36Exit   0x000634    program     static /Users/mreiter/Desktop/AER201/botL.X/main.asm
                 PERM_LOG   0x000638    program     static /Users/mreiter/Desktop/AER201/botL.X/main.asm
                  _37loop   0x00064e    program     static /Users/mreiter/Desktop/AER201/botL.X/main.asm
                  _38loop   0x00066c    program     static /Users/mreiter/Desktop/AER201/botL.X/main.asm
            HOLD_PERM_LOG   0x000676    program     static /Users/mreiter/Desktop/AER201/botL.X/main.asm
                  _39Next   0x000682    program     static /Users/mreiter/Desktop/AER201/botL.X/main.asm
                  _39Exit   0x00068e    program     static /Users/mreiter/Desktop/AER201/botL.X/main.asm
                  _40Next   0x000698    program     static /Users/mreiter/Desktop/AER201/botL.X/main.asm
                  _40Exit   0x0006a4    program     static /Users/mreiter/Desktop/AER201/botL.X/main.asm
                  _41Next   0x0006ae    program     static /Users/mreiter/Desktop/AER201/botL.X/main.asm
                  _41Exit   0x0006ba    program     static /Users/mreiter/Desktop/AER201/botL.X/main.asm
                  _42Next   0x0006c4    program     static /Users/mreiter/Desktop/AER201/botL.X/main.asm
                  _42Exit   0x0006d0    program     static /Users/mreiter/Desktop/AER201/botL.X/main.asm
                  _43Next   0x0006da    program     static /Users/mreiter/Desktop/AER201/botL.X/main.asm
                  _43Exit   0x0006e6    program     static /Users/mreiter/Desktop/AER201/botL.X/main.asm
                  _44Next   0x0006f0    program     static /Users/mreiter/Desktop/AER201/botL.X/main.asm
                  _44Exit   0x0006fc    program     static /Users/mreiter/Desktop/AER201/botL.X/main.asm
                  _45Next   0x000706    program     static /Users/mreiter/Desktop/AER201/botL.X/main.asm
                  _45Exit   0x000712    program     static /Users/mreiter/Desktop/AER201/botL.X/main.asm
                  _46Next   0x00071c    program     static /Users/mreiter/Desktop/AER201/botL.X/main.asm
                  _46Exit   0x000728    program     static /Users/mreiter/Desktop/AER201/botL.X/main.asm
                  _47Next   0x000732    program     static /Users/mreiter/Desktop/AER201/botL.X/main.asm
                  _47Exit   0x00073e    program     static /Users/mreiter/Desktop/AER201/botL.X/main.asm
                  _48Next   0x000748    program     static /Users/mreiter/Desktop/AER201/botL.X/main.asm
                  _48Exit   0x000754    program     static /Users/mreiter/Desktop/AER201/botL.X/main.asm
                     PLOG   0x000758    program     static /Users/mreiter/Desktop/AER201/botL.X/main.asm
                  _49loop   0x00076c    program     static /Users/mreiter/Desktop/AER201/botL.X/main.asm
               displayNum   0x000792    program     static /Users/mreiter/Desktop/AER201/botL.X/main.asm
                HOLD_PLOG   0x0007ec    program     static /Users/mreiter/Desktop/AER201/botL.X/main.asm
                  _52Next   0x0007f8    program     static /Users/mreiter/Desktop/AER201/botL.X/main.asm
                  _52Exit   0x000804    program     static /Users/mreiter/Desktop/AER201/botL.X/main.asm
                  _53Next   0x00080e    program     static /Users/mreiter/Desktop/AER201/botL.X/main.asm
                  _53Exit   0x00081a    program     static /Users/mreiter/Desktop/AER201/botL.X/main.asm
             PLOG_DETAILS   0x00081e    program     static /Users/mreiter/Desktop/AER201/botL.X/main.asm
                  _54loop   0x000832    program     static /Users/mreiter/Desktop/AER201/botL.X/main.asm
        HOLD_PLOG_DETAILS   0x000848    program     static /Users/mreiter/Desktop/AER201/botL.X/main.asm
                  _55Next   0x000854    program     static /Users/mreiter/Desktop/AER201/botL.X/main.asm
                  _55Exit   0x000860    program     static /Users/mreiter/Desktop/AER201/botL.X/main.asm
                  PC_MODE   0x000864    program     static /Users/mreiter/Desktop/AER201/botL.X/main.asm
                  _56loop   0x00087a    program     static /Users/mreiter/Desktop/AER201/botL.X/main.asm
                  _57loop   0x000898    program     static /Users/mreiter/Desktop/AER201/botL.X/main.asm
                  HOLD_PC   0x0008ae    program     static /Users/mreiter/Desktop/AER201/botL.X/main.asm
                  _58Next   0x0008ba    program     static /Users/mreiter/Desktop/AER201/botL.X/main.asm
                  _58Exit   0x0008c6    program     static /Users/mreiter/Desktop/AER201/botL.X/main.asm
                  _59Next   0x0008d0    program     static /Users/mreiter/Desktop/AER201/botL.X/main.asm
                  _59Exit   0x0008dc    program     static /Users/mreiter/Desktop/AER201/botL.X/main.asm
              PC_TRANSFER   0x0008e0    program     static /Users/mreiter/Desktop/AER201/botL.X/main.asm
                  _60loop   0x0008f6    program     static /Users/mreiter/Desktop/AER201/botL.X/main.asm
                 SaveData   0x00090a    program     static /Users/mreiter/Desktop/AER201/botL.X/main.asm
             _.org_2_091E   0x00091e    program     static /Users/mreiter/Desktop/AER201/botL.X/main.asm
             _.org_2_0936   0x000936    program     static /Users/mreiter/Desktop/AER201/botL.X/main.asm
             _.org_2_0952   0x000952    program     static /Users/mreiter/Desktop/AER201/botL.X/main.asm
             _.org_2_096A   0x00096a    program     static /Users/mreiter/Desktop/AER201/botL.X/main.asm
             _.org_2_0986   0x000986    program     static /Users/mreiter/Desktop/AER201/botL.X/main.asm
             _.org_2_099E   0x00099e    program     static /Users/mreiter/Desktop/AER201/botL.X/main.asm
             _.org_2_09BA   0x0009ba    program     static /Users/mreiter/Desktop/AER201/botL.X/main.asm
             _.org_2_09D2   0x0009d2    program     static /Users/mreiter/Desktop/AER201/botL.X/main.asm
             _.org_2_09EE   0x0009ee    program     static /Users/mreiter/Desktop/AER201/botL.X/main.asm
             _.org_2_0A06   0x000a06    program     static /Users/mreiter/Desktop/AER201/botL.X/main.asm
                ShiftLoop   0x000a22    program     static /Users/mreiter/Desktop/AER201/botL.X/main.asm
             _.org_2_0A48   0x000a48    program     static /Users/mreiter/Desktop/AER201/botL.X/main.asm
             _.org_2_0A60   0x000a60    program     static /Users/mreiter/Desktop/AER201/botL.X/main.asm
                 RTC_INIT   0x000a88    program     static /Users/mreiter/Desktop/AER201/botL.X/main.asm
                SAVE_TIME   0x000a96    program     static /Users/mreiter/Desktop/AER201/botL.X/main.asm
            SAVE_EXE_TIME   0x000b0c    program     static /Users/mreiter/Desktop/AER201/botL.X/main.asm
             _.org_2_0B28   0x000b28    program     static /Users/mreiter/Desktop/AER201/botL.X/main.asm
             _.org_2_0B40   0x000b40    program     static /Users/mreiter/Desktop/AER201/botL.X/main.asm
             _.org_2_0B64   0x000b64    program     static /Users/mreiter/Desktop/AER201/botL.X/main.asm
             _.org_2_0B7C   0x000b7c    program     static /Users/mreiter/Desktop/AER201/botL.X/main.asm
             _.org_2_0BA0   0x000ba0    program     static /Users/mreiter/Desktop/AER201/botL.X/main.asm
             _.org_2_0BB8   0x000bb8    program     static /Users/mreiter/Desktop/AER201/botL.X/main.asm
              DISPLAY_RTC   0x000bc2    program     static /Users/mreiter/Desktop/AER201/botL.X/main.asm
                 SET_TIME   0x000c9c    program     static /Users/mreiter/Desktop/AER201/botL.X/main.asm
                del_loop0   0x000ca2    program     static /Users/mreiter/Desktop/AER201/botL.X/main.asm
               INIT_USART   0x000d04    program     static /Users/mreiter/Desktop/AER201/botL.X/main.asm
                DataUSART   0x000d18    program     static /Users/mreiter/Desktop/AER201/botL.X/main.asm
            TRANSFER_LOGS   0x000d28    program     static /Users/mreiter/Desktop/AER201/botL.X/main.asm
            TRANSFER_DATA   0x000d32    program     static /Users/mreiter/Desktop/AER201/botL.X/main.asm
                  _92loop   0x000d72    program     static /Users/mreiter/Desktop/AER201/botL.X/main.asm
                  _93loop   0x000d80    program     static /Users/mreiter/Desktop/AER201/botL.X/main.asm
               USART_WAIT   0x000d8c    program     static /Users/mreiter/Desktop/AER201/botL.X/main.asm
             _.org_2_0D90   0x000d90    program     static /Users/mreiter/Desktop/AER201/botL.X/main.asm
               USART_LINE   0x000d96    program     static /Users/mreiter/Desktop/AER201/botL.X/main.asm
                 Delay5us   0x000da4    program     static /Users/mreiter/Desktop/AER201/botL.X/main.asm
                  loop5us   0x000da8    program     static /Users/mreiter/Desktop/AER201/botL.X/main.asm
               Delay200us   0x000db2    program     static /Users/mreiter/Desktop/AER201/botL.X/main.asm
                loop200us   0x000db6    program     static /Users/mreiter/Desktop/AER201/botL.X/main.asm
                Delay50ms   0x000dc0    program     static /Users/mreiter/Desktop/AER201/botL.X/main.asm
                 loop50ms   0x000dc4    program     static /Users/mreiter/Desktop/AER201/botL.X/main.asm
                   Cycles   0x000dca    program     static /Users/mreiter/Desktop/AER201/botL.X/main.asm
              WriteEE_RTC   0x000dd4    program     static /Users/mreiter/Desktop/AER201/botL.X/main.asm
             _.org_2_0DE2   0x000de2    program     static /Users/mreiter/Desktop/AER201/botL.X/main.asm
             _.org_2_0DFA   0x000dfa    program     static /Users/mreiter/Desktop/AER201/botL.X/main.asm
             _.org_2_0E10   0x000e10    program     static /Users/mreiter/Desktop/AER201/botL.X/main.asm
             _.org_2_0E28   0x000e28    program     static /Users/mreiter/Desktop/AER201/botL.X/main.asm
           ClearEEPROM_21   0x000e32    program     static /Users/mreiter/Desktop/AER201/botL.X/main.asm
                ClearNext   0x000e3a    program     static /Users/mreiter/Desktop/AER201/botL.X/main.asm
             _.org_2_0E48   0x000e48    program     static /Users/mreiter/Desktop/AER201/botL.X/main.asm
             _.org_2_0E60   0x000e60    program     static /Users/mreiter/Desktop/AER201/botL.X/main.asm
                 READ_KEY   0x000e78    program     static /Users/mreiter/Desktop/AER201/botL.X/main.asm
             _.org_2_0E86   0x000e86    program     static /Users/mreiter/Desktop/AER201/botL.X/main.asm
            READ_KEY_TIME   0x000e8c    program     static /Users/mreiter/Desktop/AER201/botL.X/main.asm
             _.org_2_0E9E   0x000e9e    program     static /Users/mreiter/Desktop/AER201/botL.X/main.asm
           DisplayExeTime   0x000ea4    program     static /Users/mreiter/Desktop/AER201/botL.X/main.asm
                  _98loop   0x000ece    program     static /Users/mreiter/Desktop/AER201/botL.X/main.asm
        NoSkipDispExeTime   0x000ee2    program     static /Users/mreiter/Desktop/AER201/botL.X/main.asm
          SkipDispExeTime   0x000f34    program     static /Users/mreiter/Desktop/AER201/botL.X/main.asm
               DispOpSort   0x000f36    program     static /Users/mreiter/Desktop/AER201/botL.X/main.asm
                 _103loop   0x000f60    program     static /Users/mreiter/Desktop/AER201/botL.X/main.asm
         NoSkipDispOpSort   0x000f72    program     static /Users/mreiter/Desktop/AER201/botL.X/main.asm
           SkipDispOpSort   0x00100c    program     static /Users/mreiter/Desktop/AER201/botL.X/main.asm
                DispOpRTC   0x00100e    program     static /Users/mreiter/Desktop/AER201/botL.X/main.asm
                 _109loop   0x001038    program     static /Users/mreiter/Desktop/AER201/botL.X/main.asm
          NoSkipDispOpRTC   0x00104a    program     static /Users/mreiter/Desktop/AER201/botL.X/main.asm
            SkipDispOpRTC   0x0010aa    program     static /Users/mreiter/Desktop/AER201/botL.X/main.asm
         DispOpRTC_Helper   0x0010ac    program     static /Users/mreiter/Desktop/AER201/botL.X/main.asm
                  Welcome   0x0010e6    program     static /Users/mreiter/Desktop/AER201/botL.X/main.asm
                     Team   0x0010ec    program     static /Users/mreiter/Desktop/AER201/botL.X/main.asm
                  StandBy   0x0010f6    program     static /Users/mreiter/Desktop/AER201/botL.X/main.asm
              StandbyInfo   0x00111e    program     static /Users/mreiter/Desktop/AER201/botL.X/main.asm
                     Log1   0x001146    program     static /Users/mreiter/Desktop/AER201/botL.X/main.asm
                     Log2   0x00114c    program     static /Users/mreiter/Desktop/AER201/botL.X/main.asm
                 LogInfo1   0x00115a    program     static /Users/mreiter/Desktop/AER201/botL.X/main.asm
                 LogInfo2   0x001162    program     static /Users/mreiter/Desktop/AER201/botL.X/main.asm
                 PermLog1   0x00116c    program     static /Users/mreiter/Desktop/AER201/botL.X/main.asm
                 PermLog2   0x00117c    program     static /Users/mreiter/Desktop/AER201/botL.X/main.asm
                     Exe1   0x001188    program     static /Users/mreiter/Desktop/AER201/botL.X/main.asm
                     Exe2   0x001194    program     static /Users/mreiter/Desktop/AER201/botL.X/main.asm
                      PC1   0x00119c    program     static /Users/mreiter/Desktop/AER201/botL.X/main.asm
                      PC2   0x0011aa    program     static /Users/mreiter/Desktop/AER201/botL.X/main.asm
               PCTransfer   0x0011b4    program     static /Users/mreiter/Desktop/AER201/botL.X/main.asm
               PCComplete   0x0011c4    program     static /Users/mreiter/Desktop/AER201/botL.X/main.asm
                     SAVE   0x0011ce    program     static /Users/mreiter/Desktop/AER201/botL.X/main.asm
                   NoData   0x0011d8    program     static /Users/mreiter/Desktop/AER201/botL.X/main.asm
                  InitLCD   0x0011dc    program     extern /Users/mreiter/Desktop/AER201/botL.X/lcd.asm
                   WR_INS   0x001234    program     extern /Users/mreiter/Desktop/AER201/botL.X/lcd.asm
                  WR_DATA   0x001250    program     extern /Users/mreiter/Desktop/AER201/botL.X/lcd.asm
                   WrtLCD   0x001274    program     extern /Users/mreiter/Desktop/AER201/botL.X/lcd.asm
                   ClrLCD   0x00128a    program     extern /Users/mreiter/Desktop/AER201/botL.X/lcd.asm
                   ClkLCD   0x001298    program     extern /Users/mreiter/Desktop/AER201/botL.X/lcd.asm
              _.code_00C8   0x0012a4    program     static /Users/mreiter/Desktop/AER201/botL.X/lcd.asm
                    Shift   0x0012aa    program     extern /Users/mreiter/Desktop/AER201/botL.X/lcd.asm
                   LCD_L1   0x0012b6    program     extern /Users/mreiter/Desktop/AER201/botL.X/lcd.asm
                   LCD_L2   0x0012be    program     extern /Users/mreiter/Desktop/AER201/botL.X/lcd.asm
                   MovMSB   0x0012c6    program     static /Users/mreiter/Desktop/AER201/botL.X/lcd.asm
             lcdLongDelay   0x0012d0    program     static /Users/mreiter/Desktop/AER201/botL.X/lcd.asm
                 LLD_LOOP   0x0012d4    program     static /Users/mreiter/Desktop/AER201/botL.X/lcd.asm
              _.code_00FE   0x0012da    program     static /Users/mreiter/Desktop/AER201/botL.X/lcd.asm
                delay44us   0x0012e6    program     extern /Users/mreiter/Desktop/AER201/botL.X/lcd.asm
            Delay44usLoop   0x0012ea    program     static /Users/mreiter/Desktop/AER201/botL.X/lcd.asm
                 delay5ms   0x0012f2    program     extern /Users/mreiter/Desktop/AER201/botL.X/lcd.asm
             Delay5msLoop   0x0012fa    program     static /Users/mreiter/Desktop/AER201/botL.X/lcd.asm
                       d2   0x001302    program     static /Users/mreiter/Desktop/AER201/botL.X/lcd.asm
         i2c_common_setup   0x001308    program     extern /Users/mreiter/Desktop/AER201/botL.X/i2c_common.asm
              _.code_001C   0x001324    program     static /Users/mreiter/Desktop/AER201/botL.X/i2c_common.asm
                write_rtc   0x00132a    program     extern /Users/mreiter/Desktop/AER201/botL.X/i2c_common.asm
              _.code_002A   0x001332    program     static /Users/mreiter/Desktop/AER201/botL.X/i2c_common.asm
              _.code_0032   0x00133a    program     static /Users/mreiter/Desktop/AER201/botL.X/i2c_common.asm
              _.code_0038   0x001340    program     static /Users/mreiter/Desktop/AER201/botL.X/i2c_common.asm
              _.code_0048   0x001350    program     static /Users/mreiter/Desktop/AER201/botL.X/i2c_common.asm
              _.code_004E   0x001356    program     static /Users/mreiter/Desktop/AER201/botL.X/i2c_common.asm
              _.code_005E   0x001366    program     static /Users/mreiter/Desktop/AER201/botL.X/i2c_common.asm
              _.code_0064   0x00136c    program     static /Users/mreiter/Desktop/AER201/botL.X/i2c_common.asm
              WR_ERR1_RTC   0x00137a    program     static /Users/mreiter/Desktop/AER201/botL.X/i2c_common.asm
              WR_ERR2_RTC   0x001384    program     static /Users/mreiter/Desktop/AER201/botL.X/i2c_common.asm
              WR_ERR3_RTC   0x001390    program     static /Users/mreiter/Desktop/AER201/botL.X/i2c_common.asm
               WR_END_RTC   0x00139a    program     static /Users/mreiter/Desktop/AER201/botL.X/i2c_common.asm
              _.code_0096   0x00139e    program     static /Users/mreiter/Desktop/AER201/botL.X/i2c_common.asm
                 read_rtc   0x0013a4    program     extern /Users/mreiter/Desktop/AER201/botL.X/i2c_common.asm
              _.code_00A4   0x0013ac    program     static /Users/mreiter/Desktop/AER201/botL.X/i2c_common.asm
              _.code_00AC   0x0013b4    program     static /Users/mreiter/Desktop/AER201/botL.X/i2c_common.asm
              _.code_00B2   0x0013ba    program     static /Users/mreiter/Desktop/AER201/botL.X/i2c_common.asm
              _.code_00C2   0x0013ca    program     static /Users/mreiter/Desktop/AER201/botL.X/i2c_common.asm
              _.code_00C8   0x0013d0    program     static /Users/mreiter/Desktop/AER201/botL.X/i2c_common.asm
              _.code_00D6   0x0013de    program     static /Users/mreiter/Desktop/AER201/botL.X/i2c_common.asm
              _.code_00DE   0x0013e6    program     static /Users/mreiter/Desktop/AER201/botL.X/i2c_common.asm
              _.code_00E4   0x0013ec    program     static /Users/mreiter/Desktop/AER201/botL.X/i2c_common.asm
              _.code_00F2   0x0013fa    program     static /Users/mreiter/Desktop/AER201/botL.X/i2c_common.asm
                  _waitl0   0x001408    program     static /Users/mreiter/Desktop/AER201/botL.X/i2c_common.asm
              RD_ERR1_RTC   0x001412    program     static /Users/mreiter/Desktop/AER201/botL.X/i2c_common.asm
              RD_ERR2_RTC   0x00141c    program     static /Users/mreiter/Desktop/AER201/botL.X/i2c_common.asm
              RD_ERR3_RTC   0x001426    program     static /Users/mreiter/Desktop/AER201/botL.X/i2c_common.asm
               RD_END_RTC   0x001430    program     static /Users/mreiter/Desktop/AER201/botL.X/i2c_common.asm
              _.code_012C   0x001434    program     static /Users/mreiter/Desktop/AER201/botL.X/i2c_common.asm
              rtc_convert   0x00143a    program     extern /Users/mreiter/Desktop/AER201/botL.X/i2c_common.asm
                 INIT_RTC   0x001450    program     extern /Users/mreiter/Desktop/AER201/botL.X/i2c_common.asm
              _.code_0150   0x001458    program     static /Users/mreiter/Desktop/AER201/botL.X/i2c_common.asm
              _.code_0158   0x001460    program     static /Users/mreiter/Desktop/AER201/botL.X/i2c_common.asm
              _.code_015E   0x001466    program     static /Users/mreiter/Desktop/AER201/botL.X/i2c_common.asm
              _.code_0166   0x00146e    program     static /Users/mreiter/Desktop/AER201/botL.X/i2c_common.asm
              _.code_016C   0x001474    program     static /Users/mreiter/Desktop/AER201/botL.X/i2c_common.asm
              _.code_0174   0x00147c    program     static /Users/mreiter/Desktop/AER201/botL.X/i2c_common.asm
              _.code_017A   0x001482    program     static /Users/mreiter/Desktop/AER201/botL.X/i2c_common.asm
              _.code_0182   0x00148a    program     static /Users/mreiter/Desktop/AER201/botL.X/i2c_common.asm
          READ_COLOUR_I2C   0x001490    program     extern /Users/mreiter/Desktop/AER201/botL.X/i2c_common.asm
              _.code_0190   0x001498    program     static /Users/mreiter/Desktop/AER201/botL.X/i2c_common.asm
              _.code_0198   0x0014a0    program     static /Users/mreiter/Desktop/AER201/botL.X/i2c_common.asm
              _.code_019E   0x0014a6    program     static /Users/mreiter/Desktop/AER201/botL.X/i2c_common.asm
              _.code_01B0   0x0014b8    program     static /Users/mreiter/Desktop/AER201/botL.X/i2c_common.asm
              _.code_01B6   0x0014be    program     static /Users/mreiter/Desktop/AER201/botL.X/i2c_common.asm
              _.code_01C4   0x0014cc    program     static /Users/mreiter/Desktop/AER201/botL.X/i2c_common.asm
              _.code_01CC   0x0014d4    program     static /Users/mreiter/Desktop/AER201/botL.X/i2c_common.asm
              _.code_01D2   0x0014da    program     static /Users/mreiter/Desktop/AER201/botL.X/i2c_common.asm
              _.code_01E0   0x0014e8    program     static /Users/mreiter/Desktop/AER201/botL.X/i2c_common.asm
                  _waitl1   0x0014f6    program     static /Users/mreiter/Desktop/AER201/botL.X/i2c_common.asm
                  RD_ERR1   0x001500    program     static /Users/mreiter/Desktop/AER201/botL.X/i2c_common.asm
                  RD_ERR2   0x00150a    program     static /Users/mreiter/Desktop/AER201/botL.X/i2c_common.asm
                  RD_ERR3   0x001514    program     static /Users/mreiter/Desktop/AER201/botL.X/i2c_common.asm
                   RD_END   0x00151e    program     static /Users/mreiter/Desktop/AER201/botL.X/i2c_common.asm
              _.code_021A   0x001522    program     static /Users/mreiter/Desktop/AER201/botL.X/i2c_common.asm
         WRITE_COLOUR_I2C   0x001528    program     extern /Users/mreiter/Desktop/AER201/botL.X/i2c_common.asm
              _.code_0228   0x001530    program     static /Users/mreiter/Desktop/AER201/botL.X/i2c_common.asm
              _.code_0230   0x001538    program     static /Users/mreiter/Desktop/AER201/botL.X/i2c_common.asm
              _.code_0236   0x00153e    program     static /Users/mreiter/Desktop/AER201/botL.X/i2c_common.asm
              _.code_0248   0x001550    program     static /Users/mreiter/Desktop/AER201/botL.X/i2c_common.asm
              _.code_024E   0x001556    program     static /Users/mreiter/Desktop/AER201/botL.X/i2c_common.asm
              _.code_0260   0x001568    program     static /Users/mreiter/Desktop/AER201/botL.X/i2c_common.asm
              _.code_0266   0x00156e    program     static /Users/mreiter/Desktop/AER201/botL.X/i2c_common.asm
                  WR_ERR1   0x00157c    program     static /Users/mreiter/Desktop/AER201/botL.X/i2c_common.asm
                  WR_ERR2   0x001586    program     static /Users/mreiter/Desktop/AER201/botL.X/i2c_common.asm
                  WR_ERR3   0x001592    program     static /Users/mreiter/Desktop/AER201/botL.X/i2c_common.asm
                   WR_END   0x00159c    program     static /Users/mreiter/Desktop/AER201/botL.X/i2c_common.asm
              _.code_0298   0x0015a0    program     static /Users/mreiter/Desktop/AER201/botL.X/i2c_common.asm
             INIT_ARDUINO   0x0015a6    program     extern /Users/mreiter/Desktop/AER201/botL.X/i2c_common.asm
              _.code_02A6   0x0015ae    program     static /Users/mreiter/Desktop/AER201/botL.X/i2c_common.asm
              _.code_02AE   0x0015b6    program     static /Users/mreiter/Desktop/AER201/botL.X/i2c_common.asm
              _.code_02B4   0x0015bc    program     static /Users/mreiter/Desktop/AER201/botL.X/i2c_common.asm
              _.code_02C2   0x0015ca    program     static /Users/mreiter/Desktop/AER201/botL.X/i2c_common.asm
             READ_ARDUINO   0x0015d0    program     extern /Users/mreiter/Desktop/AER201/botL.X/i2c_common.asm
              _.code_02D0   0x0015d8    program     static /Users/mreiter/Desktop/AER201/botL.X/i2c_common.asm
              _.code_02D8   0x0015e0    program     static /Users/mreiter/Desktop/AER201/botL.X/i2c_common.asm
              _.code_02E0   0x0015e8    program     static /Users/mreiter/Desktop/AER201/botL.X/i2c_common.asm
              _.code_02E6   0x0015ee    program     static /Users/mreiter/Desktop/AER201/botL.X/i2c_common.asm
              _.code_02EE   0x0015f6    program     static /Users/mreiter/Desktop/AER201/botL.X/i2c_common.asm
                  _waitl2   0x001602    program     static /Users/mreiter/Desktop/AER201/botL.X/i2c_common.asm
              _.code_0304   0x00160c    program     static /Users/mreiter/Desktop/AER201/botL.X/i2c_common.asm
                CHECK_ACK   0x001612    program     extern /Users/mreiter/Desktop/AER201/botL.X/i2c.asm
                 I2C_temp   0x001612    program     static /Users/mreiter/Desktop/AER201/botL.X/i2c.asm
                I2C_ACKDT   0x001612    program     extern /Users/mreiter/Desktop/AER201/botL.X/i2c.asm
               CHECK_NACK   0x001616    program     extern /Users/mreiter/Desktop/AER201/botL.X/i2c.asm
                TEST_NACK   0x00161a    program     static /Users/mreiter/Desktop/AER201/botL.X/i2c.asm
          I2C_Master_INIT   0x001622    program     extern /Users/mreiter/Desktop/AER201/botL.X/i2c.asm
                     WAIT   0x001634    program     static /Users/mreiter/Desktop/AER201/botL.X/i2c.asm
          I2C_Master_WAIT   0x001634    program     extern /Users/mreiter/Desktop/AER201/botL.X/i2c.asm
         I2C_Master_START   0x001644    program     extern /Users/mreiter/Desktop/AER201/botL.X/i2c.asm
        I2C_Master_RSTART   0x00164c    program     extern /Users/mreiter/Desktop/AER201/botL.X/i2c.asm
          I2C_Master_STOP   0x001654    program     extern /Users/mreiter/Desktop/AER201/botL.X/i2c.asm
         I2C_Master_WRITE   0x00165c    program     extern /Users/mreiter/Desktop/AER201/botL.X/i2c.asm
                  HOLD_UP   0x001662    program     static /Users/mreiter/Desktop/AER201/botL.X/i2c.asm
          I2C_Master_READ   0x00166a    program     extern /Users/mreiter/Desktop/AER201/botL.X/i2c.asm
                     LOOP   0x001670    program     static /Users/mreiter/Desktop/AER201/botL.X/i2c.asm
           I2C_Master_ACK   0x001678    program     extern /Users/mreiter/Desktop/AER201/botL.X/i2c.asm
                 TEST_ACK   0x00167c    program     static /Users/mreiter/Desktop/AER201/botL.X/i2c.asm
               regaddress   0x000060       data     extern /Users/mreiter/Desktop/AER201/botL.X/i2c_common.asm
                 databyte   0x000061       data     extern /Users/mreiter/Desktop/AER201/botL.X/i2c_common.asm
                 datachar   0x000062       data     extern /Users/mreiter/Desktop/AER201/botL.X/i2c_common.asm
               tens_digit   0x000063       data     extern /Users/mreiter/Desktop/AER201/botL.X/i2c_common.asm
               ones_digit   0x000064       data     extern /Users/mreiter/Desktop/AER201/botL.X/i2c_common.asm
           convert_buffer   0x000065       data     extern /Users/mreiter/Desktop/AER201/botL.X/i2c_common.asm


