MPLINK 5.08, LINKER
Linker Map File - Created Fri Mar 10 21:47:58 2017

                                 Section Info
                  Section       Type    Address   Location Size(Bytes)
                ---------  ---------  ---------  ---------  ---------
                   .org_0       code   0x000000    program   0x000004
                   .cinit    romdata   0x000004    program   0x000002
                   .org_1       code   0x000008    program   0x000004
                   .org_2       code   0x000018    program   0x00114c
                    .code       code   0x001164    program   0x0004b4
.config_300001_BUILD/DEFAULT/PRODUCTION/MAIN.O    romdata   0x300001    program   0x000001
.config_300002_BUILD/DEFAULT/PRODUCTION/MAIN.O    romdata   0x300002    program   0x000001
.config_300003_BUILD/DEFAULT/PRODUCTION/MAIN.O    romdata   0x300003    program   0x000001
.config_300005_BUILD/DEFAULT/PRODUCTION/MAIN.O    romdata   0x300005    program   0x000001
.config_300006_BUILD/DEFAULT/PRODUCTION/MAIN.O    romdata   0x300006    program   0x000001
.config_300008_BUILD/DEFAULT/PRODUCTION/MAIN.O    romdata   0x300008    program   0x000001
.config_300009_BUILD/DEFAULT/PRODUCTION/MAIN.O    romdata   0x300009    program   0x000001
.config_30000A_BUILD/DEFAULT/PRODUCTION/MAIN.O    romdata   0x30000a    program   0x000001
.config_30000B_BUILD/DEFAULT/PRODUCTION/MAIN.O    romdata   0x30000b    program   0x000001
.config_30000C_BUILD/DEFAULT/PRODUCTION/MAIN.O    romdata   0x30000c    program   0x000001
.config_30000D_BUILD/DEFAULT/PRODUCTION/MAIN.O    romdata   0x30000d    program   0x000001
               .udata_acs      udata   0x000060       data   0x000006



                              Program Memory Usage 
                               Start         End      
                           ---------   ---------      
                            0x000000    0x000005      
                            0x000008    0x00000b      
                            0x000018    0x001617      
                            0x300001    0x300003      
                            0x300005    0x300006      
                            0x300008    0x30000d      
            5653 out of 66584 program addresses used, program memory utilization is 8%



                              Symbols - Sorted by Name
                     Name    Address   Location    Storage File                     
                ---------  ---------  ---------  --------- ---------                
                CHECK_ACK   0x0015a8    program     extern /Users/mreiter/Desktop/AER201/botL.X/i2c.asm
               CHECK_DONE   0x000574    program     static /Users/mreiter/Desktop/AER201/botL.X/main.asm
               CHECK_NACK   0x0015ac    program     extern /Users/mreiter/Desktop/AER201/botL.X/i2c.asm
         COLLECTIONS_STEP   0x000428    program     static /Users/mreiter/Desktop/AER201/botL.X/main.asm
              COLOUR_TEST   0x0003b6    program     static /Users/mreiter/Desktop/AER201/botL.X/main.asm
           ClearEEPROM_21   0x000ec8    program     static /Users/mreiter/Desktop/AER201/botL.X/main.asm
                ClearNext   0x000ed0    program     static /Users/mreiter/Desktop/AER201/botL.X/main.asm
                   ClkLCD   0x001308    program     extern /Users/mreiter/Desktop/AER201/botL.X/lcd.asm
                   ClrLCD   0x0012fa    program     extern /Users/mreiter/Desktop/AER201/botL.X/lcd.asm
                   Cycles   0x000e60    program     static /Users/mreiter/Desktop/AER201/botL.X/main.asm
              DC_TEST_CCW   0x000346    program     static /Users/mreiter/Desktop/AER201/botL.X/main.asm
         DC_TEST_CCW_HOLD   0x00035a    program     static /Users/mreiter/Desktop/AER201/botL.X/main.asm
               DC_TEST_CW   0x000312    program     static /Users/mreiter/Desktop/AER201/botL.X/main.asm
          DC_TEST_CW_HOLD   0x000326    program     static /Users/mreiter/Desktop/AER201/botL.X/main.asm
               DETECTIONS   0x000454    program     static /Users/mreiter/Desktop/AER201/botL.X/main.asm
              DISPLAY_RTC   0x000c58    program     static /Users/mreiter/Desktop/AER201/botL.X/main.asm
                DataUSART   0x000dae    program     static /Users/mreiter/Desktop/AER201/botL.X/main.asm
               Delay200us   0x000e48    program     static /Users/mreiter/Desktop/AER201/botL.X/main.asm
            Delay44usLoop   0x00135a    program     static /Users/mreiter/Desktop/AER201/botL.X/lcd.asm
                Delay50ms   0x000e56    program     static /Users/mreiter/Desktop/AER201/botL.X/main.asm
             Delay5msLoop   0x00136a    program     static /Users/mreiter/Desktop/AER201/botL.X/lcd.asm
                 Delay5us   0x000e3a    program     static /Users/mreiter/Desktop/AER201/botL.X/main.asm
                DispOpRTC   0x00108c    program     static /Users/mreiter/Desktop/AER201/botL.X/main.asm
         DispOpRTC_Helper   0x00112a    program     static /Users/mreiter/Desktop/AER201/botL.X/main.asm
               DispOpSort   0x000fb4    program     static /Users/mreiter/Desktop/AER201/botL.X/main.asm
           DisplayExeTime   0x000f22    program     static /Users/mreiter/Desktop/AER201/botL.X/main.asm
           EMERGENCY_STOP   0x000030    program     static /Users/mreiter/Desktop/AER201/botL.X/main.asm
             END_ISR_HIGH   0x0000da    program     static /Users/mreiter/Desktop/AER201/botL.X/main.asm
              END_ISR_LOW   0x00011e    program     static /Users/mreiter/Desktop/AER201/botL.X/main.asm
                EXECUTION   0x0003d6    program     static /Users/mreiter/Desktop/AER201/botL.X/main.asm
                 EXIT_EXE   0x0005ce    program     static /Users/mreiter/Desktop/AER201/botL.X/main.asm
            EXIT_EXE_SAVE   0x0005fa    program     static /Users/mreiter/Desktop/AER201/botL.X/main.asm
                     Exe1   0x0011f8    program     static /Users/mreiter/Desktop/AER201/botL.X/main.asm
                     Exe2   0x001204    program     static /Users/mreiter/Desktop/AER201/botL.X/main.asm
                 HOLD_LOG   0x000654    program     static /Users/mreiter/Desktop/AER201/botL.X/main.asm
            HOLD_LOG_INFO   0x0006b2    program     static /Users/mreiter/Desktop/AER201/botL.X/main.asm
                  HOLD_PC   0x000944    program     static /Users/mreiter/Desktop/AER201/botL.X/main.asm
            HOLD_PERM_LOG   0x00070c    program     static /Users/mreiter/Desktop/AER201/botL.X/main.asm
                HOLD_PLOG   0x000882    program     static /Users/mreiter/Desktop/AER201/botL.X/main.asm
        HOLD_PLOG_DETAILS   0x0008de    program     static /Users/mreiter/Desktop/AER201/botL.X/main.asm
             HOLD_STANDBY   0x00025c    program     static /Users/mreiter/Desktop/AER201/botL.X/main.asm
                  HOLD_UP   0x0015f8    program     static /Users/mreiter/Desktop/AER201/botL.X/i2c.asm
                I2C_ACKDT   0x0015a8    program     extern /Users/mreiter/Desktop/AER201/botL.X/i2c.asm
           I2C_Master_ACK   0x00160e    program     extern /Users/mreiter/Desktop/AER201/botL.X/i2c.asm
          I2C_Master_INIT   0x0015b8    program     extern /Users/mreiter/Desktop/AER201/botL.X/i2c.asm
          I2C_Master_READ   0x001600    program     extern /Users/mreiter/Desktop/AER201/botL.X/i2c.asm
        I2C_Master_RSTART   0x0015e2    program     extern /Users/mreiter/Desktop/AER201/botL.X/i2c.asm
         I2C_Master_START   0x0015da    program     extern /Users/mreiter/Desktop/AER201/botL.X/i2c.asm
          I2C_Master_STOP   0x0015ea    program     extern /Users/mreiter/Desktop/AER201/botL.X/i2c.asm
          I2C_Master_WAIT   0x0015ca    program     extern /Users/mreiter/Desktop/AER201/botL.X/i2c.asm
         I2C_Master_WRITE   0x0015f2    program     extern /Users/mreiter/Desktop/AER201/botL.X/i2c.asm
                 I2C_temp   0x0015a8    program     static /Users/mreiter/Desktop/AER201/botL.X/i2c.asm
              INC_ESKACAP   0x000506    program     static /Users/mreiter/Desktop/AER201/botL.X/main.asm
            INC_ESKANOCAP   0x0004d8    program     static /Users/mreiter/Desktop/AER201/botL.X/main.asm
               INC_YOPCAP   0x0004aa    program     static /Users/mreiter/Desktop/AER201/botL.X/main.asm
             INC_YOPNOCAP   0x00047c    program     static /Users/mreiter/Desktop/AER201/botL.X/main.asm
                     INIT   0x000128    program     static /Users/mreiter/Desktop/AER201/botL.X/main.asm
             INIT_ARDUINO   0x001542    program     extern /Users/mreiter/Desktop/AER201/botL.X/i2c_common.asm
                 INIT_RTC   0x001456    program     extern /Users/mreiter/Desktop/AER201/botL.X/i2c_common.asm
               INIT_USART   0x000d9a    program     static /Users/mreiter/Desktop/AER201/botL.X/main.asm
                 ISR_HIGH   0x00005a    program     static /Users/mreiter/Desktop/AER201/botL.X/main.asm
                  ISR_LOW   0x0000e4    program     static /Users/mreiter/Desktop/AER201/botL.X/main.asm
                  InitLCD   0x00124c    program     extern /Users/mreiter/Desktop/AER201/botL.X/lcd.asm
                   LCD_L1   0x001326    program     extern /Users/mreiter/Desktop/AER201/botL.X/lcd.asm
                   LCD_L2   0x00132e    program     extern /Users/mreiter/Desktop/AER201/botL.X/lcd.asm
                 LLD_LOOP   0x001344    program     static /Users/mreiter/Desktop/AER201/botL.X/lcd.asm
            LOAD_EXE_TIME   0x000026    program     static /Users/mreiter/Desktop/AER201/botL.X/main.asm
        LOAD_STANDBY_TIME   0x00001c    program     static /Users/mreiter/Desktop/AER201/botL.X/main.asm
                      LOG   0x000620    program     static /Users/mreiter/Desktop/AER201/botL.X/main.asm
                 LOG_INFO   0x000686    program     static /Users/mreiter/Desktop/AER201/botL.X/main.asm
                     LOOP   0x001606    program     static /Users/mreiter/Desktop/AER201/botL.X/i2c.asm
                  LOOPING   0x0003b8    program     static /Users/mreiter/Desktop/AER201/botL.X/main.asm
                     Log1   0x0011c4    program     static /Users/mreiter/Desktop/AER201/botL.X/main.asm
                 LogInfo1   0x0011ca    program     static /Users/mreiter/Desktop/AER201/botL.X/main.asm
                 LogInfo2   0x0011d2    program     static /Users/mreiter/Desktop/AER201/botL.X/main.asm
                   MovMSB   0x001336    program     static /Users/mreiter/Desktop/AER201/botL.X/lcd.asm
                   NoData   0x001248    program     static /Users/mreiter/Desktop/AER201/botL.X/main.asm
        NoSkipDispExeTime   0x000f60    program     static /Users/mreiter/Desktop/AER201/botL.X/main.asm
          NoSkipDispOpRTC   0x0010c8    program     static /Users/mreiter/Desktop/AER201/botL.X/main.asm
         NoSkipDispOpSort   0x000ff0    program     static /Users/mreiter/Desktop/AER201/botL.X/main.asm
                      PC1   0x00120c    program     static /Users/mreiter/Desktop/AER201/botL.X/main.asm
                      PC2   0x00121a    program     static /Users/mreiter/Desktop/AER201/botL.X/main.asm
               PCComplete   0x001234    program     static /Users/mreiter/Desktop/AER201/botL.X/main.asm
               PCTransfer   0x001224    program     static /Users/mreiter/Desktop/AER201/botL.X/main.asm
                  PC_MODE   0x0008fa    program     static /Users/mreiter/Desktop/AER201/botL.X/main.asm
              PC_TRANSFER   0x000976    program     static /Users/mreiter/Desktop/AER201/botL.X/main.asm
                 PERM_LOG   0x0006ce    program     static /Users/mreiter/Desktop/AER201/botL.X/main.asm
                     PLOG   0x0007ee    program     static /Users/mreiter/Desktop/AER201/botL.X/main.asm
             PLOG_DETAILS   0x0008b4    program     static /Users/mreiter/Desktop/AER201/botL.X/main.asm
                 PermLog1   0x0011dc    program     static /Users/mreiter/Desktop/AER201/botL.X/main.asm
                 PermLog2   0x0011ec    program     static /Users/mreiter/Desktop/AER201/botL.X/main.asm
             READ_ARDUINO   0x001566    program     extern /Users/mreiter/Desktop/AER201/botL.X/i2c_common.asm
          READ_COLOUR_I2C   0x001496    program     extern /Users/mreiter/Desktop/AER201/botL.X/i2c_common.asm
                 READ_KEY   0x000f0e    program     static /Users/mreiter/Desktop/AER201/botL.X/main.asm
                ROTATE_90   0x00042a    program     static /Users/mreiter/Desktop/AER201/botL.X/main.asm
           ROTATE_90_TEST   0x00038c    program     static /Users/mreiter/Desktop/AER201/botL.X/main.asm
                 RTC_INIT   0x000b1e    program     static /Users/mreiter/Desktop/AER201/botL.X/main.asm
                     SAVE   0x00123e    program     static /Users/mreiter/Desktop/AER201/botL.X/main.asm
            SAVE_EXE_TIME   0x000ba2    program     static /Users/mreiter/Desktop/AER201/botL.X/main.asm
                SAVE_TIME   0x000b2c    program     static /Users/mreiter/Desktop/AER201/botL.X/main.asm
                 SET_TIME   0x000d32    program     static /Users/mreiter/Desktop/AER201/botL.X/main.asm
                  STANDBY   0x00020c    program     static /Users/mreiter/Desktop/AER201/botL.X/main.asm
                STEP_TEST   0x00037a    program     static /Users/mreiter/Desktop/AER201/botL.X/main.asm
                 SaveData   0x0009a0    program     static /Users/mreiter/Desktop/AER201/botL.X/main.asm
                    Shift   0x00131a    program     extern /Users/mreiter/Desktop/AER201/botL.X/lcd.asm
                ShiftLoop   0x000ab8    program     static /Users/mreiter/Desktop/AER201/botL.X/main.asm
          SkipDispExeTime   0x000fb2    program     static /Users/mreiter/Desktop/AER201/botL.X/main.asm
            SkipDispOpRTC   0x001128    program     static /Users/mreiter/Desktop/AER201/botL.X/main.asm
           SkipDispOpSort   0x00108a    program     static /Users/mreiter/Desktop/AER201/botL.X/main.asm
                  StandBy   0x001174    program     static /Users/mreiter/Desktop/AER201/botL.X/main.asm
              StandbyInfo   0x00119c    program     static /Users/mreiter/Desktop/AER201/botL.X/main.asm
                 TEST_ACK   0x001612    program     static /Users/mreiter/Desktop/AER201/botL.X/i2c.asm
                TEST_NACK   0x0015b0    program     static /Users/mreiter/Desktop/AER201/botL.X/i2c.asm
            TRANSFER_DATA   0x000dc8    program     static /Users/mreiter/Desktop/AER201/botL.X/main.asm
            TRANSFER_LOGS   0x000dbe    program     static /Users/mreiter/Desktop/AER201/botL.X/main.asm
            TRAY_CCW_HOLD   0x000550    program     static /Users/mreiter/Desktop/AER201/botL.X/main.asm
             TRAY_CW_HOLD   0x000538    program     static /Users/mreiter/Desktop/AER201/botL.X/main.asm
            TRAY_STEP_CCW   0x00054c    program     static /Users/mreiter/Desktop/AER201/botL.X/main.asm
             TRAY_STEP_CW   0x000534    program     static /Users/mreiter/Desktop/AER201/botL.X/main.asm
            TRAY_STEP_END   0x000564    program     static /Users/mreiter/Desktop/AER201/botL.X/main.asm
                     Team   0x00116a    program     static /Users/mreiter/Desktop/AER201/botL.X/main.asm
               USART_LINE   0x000e2c    program     static /Users/mreiter/Desktop/AER201/botL.X/main.asm
               USART_WAIT   0x000e22    program     static /Users/mreiter/Desktop/AER201/botL.X/main.asm
                     WAIT   0x0015ca    program     static /Users/mreiter/Desktop/AER201/botL.X/i2c.asm
         WRITE_COLOUR_I2C   0x0014fa    program     extern /Users/mreiter/Desktop/AER201/botL.X/i2c_common.asm
                  WR_DATA   0x0012c0    program     extern /Users/mreiter/Desktop/AER201/botL.X/lcd.asm
                   WR_INS   0x0012a4    program     extern /Users/mreiter/Desktop/AER201/botL.X/lcd.asm
                  Welcome   0x001164    program     static /Users/mreiter/Desktop/AER201/botL.X/main.asm
              WriteEE_RTC   0x000e6a    program     static /Users/mreiter/Desktop/AER201/botL.X/main.asm
                   WrtLCD   0x0012e4    program     extern /Users/mreiter/Desktop/AER201/botL.X/lcd.asm
              _.code_001C   0x001394    program     static /Users/mreiter/Desktop/AER201/botL.X/i2c_common.asm
              _.code_002A   0x0013a2    program     static /Users/mreiter/Desktop/AER201/botL.X/i2c_common.asm
              _.code_0032   0x0013aa    program     static /Users/mreiter/Desktop/AER201/botL.X/i2c_common.asm
              _.code_0038   0x0013b0    program     static /Users/mreiter/Desktop/AER201/botL.X/i2c_common.asm
              _.code_0042   0x0013ba    program     static /Users/mreiter/Desktop/AER201/botL.X/i2c_common.asm
              _.code_0048   0x0013c0    program     static /Users/mreiter/Desktop/AER201/botL.X/i2c_common.asm
              _.code_0052   0x0013ca    program     static /Users/mreiter/Desktop/AER201/botL.X/i2c_common.asm
              _.code_0058   0x0013d0    program     static /Users/mreiter/Desktop/AER201/botL.X/i2c_common.asm
              _.code_0060   0x0013d8    program     static /Users/mreiter/Desktop/AER201/botL.X/i2c_common.asm
              _.code_006E   0x0013e6    program     static /Users/mreiter/Desktop/AER201/botL.X/i2c_common.asm
              _.code_0076   0x0013ee    program     static /Users/mreiter/Desktop/AER201/botL.X/i2c_common.asm
              _.code_007C   0x0013f4    program     static /Users/mreiter/Desktop/AER201/botL.X/i2c_common.asm
              _.code_0086   0x0013fe    program     static /Users/mreiter/Desktop/AER201/botL.X/i2c_common.asm
              _.code_008C   0x001404    program     static /Users/mreiter/Desktop/AER201/botL.X/i2c_common.asm
              _.code_0094   0x00140c    program     static /Users/mreiter/Desktop/AER201/botL.X/i2c_common.asm
              _.code_009C   0x001414    program     static /Users/mreiter/Desktop/AER201/botL.X/i2c_common.asm
              _.code_00A2   0x00141a    program     static /Users/mreiter/Desktop/AER201/botL.X/i2c_common.asm
              _.code_00AA   0x001422    program     static /Users/mreiter/Desktop/AER201/botL.X/i2c_common.asm
              _.code_00C2   0x00143a    program     static /Users/mreiter/Desktop/AER201/botL.X/i2c_common.asm
              _.code_00C8   0x001314    program     static /Users/mreiter/Desktop/AER201/botL.X/lcd.asm
              _.code_00E6   0x00145e    program     static /Users/mreiter/Desktop/AER201/botL.X/i2c_common.asm
              _.code_00EE   0x001466    program     static /Users/mreiter/Desktop/AER201/botL.X/i2c_common.asm
              _.code_00F4   0x00146c    program     static /Users/mreiter/Desktop/AER201/botL.X/i2c_common.asm
              _.code_00FC   0x001474    program     static /Users/mreiter/Desktop/AER201/botL.X/i2c_common.asm
              _.code_00FE   0x00134a    program     static /Users/mreiter/Desktop/AER201/botL.X/lcd.asm
              _.code_0102   0x00147a    program     static /Users/mreiter/Desktop/AER201/botL.X/i2c_common.asm
              _.code_010A   0x001482    program     static /Users/mreiter/Desktop/AER201/botL.X/i2c_common.asm
              _.code_0110   0x001488    program     static /Users/mreiter/Desktop/AER201/botL.X/i2c_common.asm
              _.code_0118   0x001490    program     static /Users/mreiter/Desktop/AER201/botL.X/i2c_common.asm
              _.code_0126   0x00149e    program     static /Users/mreiter/Desktop/AER201/botL.X/i2c_common.asm
              _.code_012E   0x0014a6    program     static /Users/mreiter/Desktop/AER201/botL.X/i2c_common.asm
              _.code_0134   0x0014ac    program     static /Users/mreiter/Desktop/AER201/botL.X/i2c_common.asm
              _.code_0140   0x0014b8    program     static /Users/mreiter/Desktop/AER201/botL.X/i2c_common.asm
              _.code_0146   0x0014be    program     static /Users/mreiter/Desktop/AER201/botL.X/i2c_common.asm
              _.code_014E   0x0014c6    program     static /Users/mreiter/Desktop/AER201/botL.X/i2c_common.asm
              _.code_0156   0x0014ce    program     static /Users/mreiter/Desktop/AER201/botL.X/i2c_common.asm
              _.code_015C   0x0014d4    program     static /Users/mreiter/Desktop/AER201/botL.X/i2c_common.asm
              _.code_0164   0x0014dc    program     static /Users/mreiter/Desktop/AER201/botL.X/i2c_common.asm
              _.code_017C   0x0014f4    program     static /Users/mreiter/Desktop/AER201/botL.X/i2c_common.asm
              _.code_018A   0x001502    program     static /Users/mreiter/Desktop/AER201/botL.X/i2c_common.asm
              _.code_0192   0x00150a    program     static /Users/mreiter/Desktop/AER201/botL.X/i2c_common.asm
              _.code_0198   0x001510    program     static /Users/mreiter/Desktop/AER201/botL.X/i2c_common.asm
              _.code_01A4   0x00151c    program     static /Users/mreiter/Desktop/AER201/botL.X/i2c_common.asm
              _.code_01AA   0x001522    program     static /Users/mreiter/Desktop/AER201/botL.X/i2c_common.asm
              _.code_01B6   0x00152e    program     static /Users/mreiter/Desktop/AER201/botL.X/i2c_common.asm
              _.code_01BC   0x001534    program     static /Users/mreiter/Desktop/AER201/botL.X/i2c_common.asm
              _.code_01C4   0x00153c    program     static /Users/mreiter/Desktop/AER201/botL.X/i2c_common.asm
              _.code_01D2   0x00154a    program     static /Users/mreiter/Desktop/AER201/botL.X/i2c_common.asm
              _.code_01DA   0x001552    program     static /Users/mreiter/Desktop/AER201/botL.X/i2c_common.asm
              _.code_01E0   0x001558    program     static /Users/mreiter/Desktop/AER201/botL.X/i2c_common.asm
              _.code_01E8   0x001560    program     static /Users/mreiter/Desktop/AER201/botL.X/i2c_common.asm
              _.code_01F6   0x00156e    program     static /Users/mreiter/Desktop/AER201/botL.X/i2c_common.asm
              _.code_01FE   0x001576    program     static /Users/mreiter/Desktop/AER201/botL.X/i2c_common.asm
              _.code_0206   0x00157e    program     static /Users/mreiter/Desktop/AER201/botL.X/i2c_common.asm
              _.code_020C   0x001584    program     static /Users/mreiter/Desktop/AER201/botL.X/i2c_common.asm
              _.code_0214   0x00158c    program     static /Users/mreiter/Desktop/AER201/botL.X/i2c_common.asm
              _.code_022A   0x0015a2    program     static /Users/mreiter/Desktop/AER201/botL.X/i2c_common.asm
             _.org_2_09B4   0x0009b4    program     static /Users/mreiter/Desktop/AER201/botL.X/main.asm
             _.org_2_09CC   0x0009cc    program     static /Users/mreiter/Desktop/AER201/botL.X/main.asm
             _.org_2_09E8   0x0009e8    program     static /Users/mreiter/Desktop/AER201/botL.X/main.asm
             _.org_2_0A00   0x000a00    program     static /Users/mreiter/Desktop/AER201/botL.X/main.asm
             _.org_2_0A1C   0x000a1c    program     static /Users/mreiter/Desktop/AER201/botL.X/main.asm
             _.org_2_0A34   0x000a34    program     static /Users/mreiter/Desktop/AER201/botL.X/main.asm
             _.org_2_0A50   0x000a50    program     static /Users/mreiter/Desktop/AER201/botL.X/main.asm
             _.org_2_0A68   0x000a68    program     static /Users/mreiter/Desktop/AER201/botL.X/main.asm
             _.org_2_0A84   0x000a84    program     static /Users/mreiter/Desktop/AER201/botL.X/main.asm
             _.org_2_0A9C   0x000a9c    program     static /Users/mreiter/Desktop/AER201/botL.X/main.asm
             _.org_2_0ADE   0x000ade    program     static /Users/mreiter/Desktop/AER201/botL.X/main.asm
             _.org_2_0AF6   0x000af6    program     static /Users/mreiter/Desktop/AER201/botL.X/main.asm
             _.org_2_0BBE   0x000bbe    program     static /Users/mreiter/Desktop/AER201/botL.X/main.asm
             _.org_2_0BD6   0x000bd6    program     static /Users/mreiter/Desktop/AER201/botL.X/main.asm
             _.org_2_0BFA   0x000bfa    program     static /Users/mreiter/Desktop/AER201/botL.X/main.asm
             _.org_2_0C12   0x000c12    program     static /Users/mreiter/Desktop/AER201/botL.X/main.asm
             _.org_2_0C36   0x000c36    program     static /Users/mreiter/Desktop/AER201/botL.X/main.asm
             _.org_2_0C4E   0x000c4e    program     static /Users/mreiter/Desktop/AER201/botL.X/main.asm
             _.org_2_0E26   0x000e26    program     static /Users/mreiter/Desktop/AER201/botL.X/main.asm
             _.org_2_0E78   0x000e78    program     static /Users/mreiter/Desktop/AER201/botL.X/main.asm
             _.org_2_0E90   0x000e90    program     static /Users/mreiter/Desktop/AER201/botL.X/main.asm
             _.org_2_0EA6   0x000ea6    program     static /Users/mreiter/Desktop/AER201/botL.X/main.asm
             _.org_2_0EBE   0x000ebe    program     static /Users/mreiter/Desktop/AER201/botL.X/main.asm
             _.org_2_0EDE   0x000ede    program     static /Users/mreiter/Desktop/AER201/botL.X/main.asm
             _.org_2_0EF6   0x000ef6    program     static /Users/mreiter/Desktop/AER201/botL.X/main.asm
             _.org_2_0F1C   0x000f1c    program     static /Users/mreiter/Desktop/AER201/botL.X/main.asm
                 _103loop   0x000fde    program     static /Users/mreiter/Desktop/AER201/botL.X/main.asm
                 _109loop   0x0010b6    program     static /Users/mreiter/Desktop/AER201/botL.X/main.asm
                  _10loop   0x0001f4    program     static /Users/mreiter/Desktop/AER201/botL.X/main.asm
                  _11loop   0x000202    program     static /Users/mreiter/Desktop/AER201/botL.X/main.asm
                  _12loop   0x00022a    program     static /Users/mreiter/Desktop/AER201/botL.X/main.asm
                  _13loop   0x000248    program     static /Users/mreiter/Desktop/AER201/botL.X/main.asm
                  _14Exit   0x000274    program     static /Users/mreiter/Desktop/AER201/botL.X/main.asm
                  _14Next   0x000268    program     static /Users/mreiter/Desktop/AER201/botL.X/main.asm
                  _15Exit   0x00028a    program     static /Users/mreiter/Desktop/AER201/botL.X/main.asm
                  _15Next   0x00027e    program     static /Users/mreiter/Desktop/AER201/botL.X/main.asm
                  _16Exit   0x0002a0    program     static /Users/mreiter/Desktop/AER201/botL.X/main.asm
                  _16Next   0x000294    program     static /Users/mreiter/Desktop/AER201/botL.X/main.asm
                  _17Exit   0x0002b6    program     static /Users/mreiter/Desktop/AER201/botL.X/main.asm
                  _17Next   0x0002aa    program     static /Users/mreiter/Desktop/AER201/botL.X/main.asm
                  _18Exit   0x0002cc    program     static /Users/mreiter/Desktop/AER201/botL.X/main.asm
                  _18Next   0x0002c0    program     static /Users/mreiter/Desktop/AER201/botL.X/main.asm
                  _19Exit   0x0002e2    program     static /Users/mreiter/Desktop/AER201/botL.X/main.asm
                  _19Next   0x0002d6    program     static /Users/mreiter/Desktop/AER201/botL.X/main.asm
                  _20Exit   0x0002f8    program     static /Users/mreiter/Desktop/AER201/botL.X/main.asm
                  _20Next   0x0002ec    program     static /Users/mreiter/Desktop/AER201/botL.X/main.asm
                  _21Exit   0x00030e    program     static /Users/mreiter/Desktop/AER201/botL.X/main.asm
                  _21Next   0x000302    program     static /Users/mreiter/Desktop/AER201/botL.X/main.asm
                  _22loop   0x00031c    program     static /Users/mreiter/Desktop/AER201/botL.X/main.asm
                  _23Exit   0x000342    program     static /Users/mreiter/Desktop/AER201/botL.X/main.asm
                  _23Next   0x000336    program     static /Users/mreiter/Desktop/AER201/botL.X/main.asm
                  _24loop   0x000350    program     static /Users/mreiter/Desktop/AER201/botL.X/main.asm
                  _25Exit   0x000376    program     static /Users/mreiter/Desktop/AER201/botL.X/main.asm
                  _25Next   0x00036a    program     static /Users/mreiter/Desktop/AER201/botL.X/main.asm
                  _26loop   0x000382    program     static /Users/mreiter/Desktop/AER201/botL.X/main.asm
                  _27loop   0x0003bc    program     static /Users/mreiter/Desktop/AER201/botL.X/main.asm
                  _28loop   0x0003f8    program     static /Users/mreiter/Desktop/AER201/botL.X/main.asm
                  _29loop   0x000540    program     static /Users/mreiter/Desktop/AER201/botL.X/main.asm
                  _30loop   0x000558    program     static /Users/mreiter/Desktop/AER201/botL.X/main.asm
                  _31loop   0x00060e    program     static /Users/mreiter/Desktop/AER201/botL.X/main.asm
                  _32loop   0x000636    program     static /Users/mreiter/Desktop/AER201/botL.X/main.asm
                  _33Exit   0x00066c    program     static /Users/mreiter/Desktop/AER201/botL.X/main.asm
                  _33Next   0x000660    program     static /Users/mreiter/Desktop/AER201/botL.X/main.asm
                  _34Exit   0x000682    program     static /Users/mreiter/Desktop/AER201/botL.X/main.asm
                  _34Next   0x000676    program     static /Users/mreiter/Desktop/AER201/botL.X/main.asm
                  _35loop   0x0006a4    program     static /Users/mreiter/Desktop/AER201/botL.X/main.asm
                  _36Exit   0x0006ca    program     static /Users/mreiter/Desktop/AER201/botL.X/main.asm
                  _36Next   0x0006be    program     static /Users/mreiter/Desktop/AER201/botL.X/main.asm
                  _37loop   0x0006e4    program     static /Users/mreiter/Desktop/AER201/botL.X/main.asm
                  _38loop   0x000702    program     static /Users/mreiter/Desktop/AER201/botL.X/main.asm
                  _39Exit   0x000724    program     static /Users/mreiter/Desktop/AER201/botL.X/main.asm
                  _39Next   0x000718    program     static /Users/mreiter/Desktop/AER201/botL.X/main.asm
                 _3endBCD   0x0000a6    program     static /Users/mreiter/Desktop/AER201/botL.X/main.asm
                   _3ones   0x0000a0    program     static /Users/mreiter/Desktop/AER201/botL.X/main.asm
                  _40Exit   0x00073a    program     static /Users/mreiter/Desktop/AER201/botL.X/main.asm
                  _40Next   0x00072e    program     static /Users/mreiter/Desktop/AER201/botL.X/main.asm
                  _41Exit   0x000750    program     static /Users/mreiter/Desktop/AER201/botL.X/main.asm
                  _41Next   0x000744    program     static /Users/mreiter/Desktop/AER201/botL.X/main.asm
                  _42Exit   0x000766    program     static /Users/mreiter/Desktop/AER201/botL.X/main.asm
                  _42Next   0x00075a    program     static /Users/mreiter/Desktop/AER201/botL.X/main.asm
                  _43Exit   0x00077c    program     static /Users/mreiter/Desktop/AER201/botL.X/main.asm
                  _43Next   0x000770    program     static /Users/mreiter/Desktop/AER201/botL.X/main.asm
                  _44Exit   0x000792    program     static /Users/mreiter/Desktop/AER201/botL.X/main.asm
                  _44Next   0x000786    program     static /Users/mreiter/Desktop/AER201/botL.X/main.asm
                  _45Exit   0x0007a8    program     static /Users/mreiter/Desktop/AER201/botL.X/main.asm
                  _45Next   0x00079c    program     static /Users/mreiter/Desktop/AER201/botL.X/main.asm
                  _46Exit   0x0007be    program     static /Users/mreiter/Desktop/AER201/botL.X/main.asm
                  _46Next   0x0007b2    program     static /Users/mreiter/Desktop/AER201/botL.X/main.asm
                  _47Exit   0x0007d4    program     static /Users/mreiter/Desktop/AER201/botL.X/main.asm
                  _47Next   0x0007c8    program     static /Users/mreiter/Desktop/AER201/botL.X/main.asm
                  _48Exit   0x0007ea    program     static /Users/mreiter/Desktop/AER201/botL.X/main.asm
                  _48Next   0x0007de    program     static /Users/mreiter/Desktop/AER201/botL.X/main.asm
                  _49loop   0x000802    program     static /Users/mreiter/Desktop/AER201/botL.X/main.asm
                 _4endBCD   0x0000d8    program     static /Users/mreiter/Desktop/AER201/botL.X/main.asm
                   _4ones   0x0000d2    program     static /Users/mreiter/Desktop/AER201/botL.X/main.asm
                  _52Exit   0x00089a    program     static /Users/mreiter/Desktop/AER201/botL.X/main.asm
                  _52Next   0x00088e    program     static /Users/mreiter/Desktop/AER201/botL.X/main.asm
                  _53Exit   0x0008b0    program     static /Users/mreiter/Desktop/AER201/botL.X/main.asm
                  _53Next   0x0008a4    program     static /Users/mreiter/Desktop/AER201/botL.X/main.asm
                  _54loop   0x0008c8    program     static /Users/mreiter/Desktop/AER201/botL.X/main.asm
                  _55Exit   0x0008f6    program     static /Users/mreiter/Desktop/AER201/botL.X/main.asm
                  _55Next   0x0008ea    program     static /Users/mreiter/Desktop/AER201/botL.X/main.asm
                  _56loop   0x000910    program     static /Users/mreiter/Desktop/AER201/botL.X/main.asm
                  _57loop   0x00092e    program     static /Users/mreiter/Desktop/AER201/botL.X/main.asm
                  _58Exit   0x00095c    program     static /Users/mreiter/Desktop/AER201/botL.X/main.asm
                  _58Next   0x000950    program     static /Users/mreiter/Desktop/AER201/botL.X/main.asm
                  _59Exit   0x000972    program     static /Users/mreiter/Desktop/AER201/botL.X/main.asm
                  _59Next   0x000966    program     static /Users/mreiter/Desktop/AER201/botL.X/main.asm
                  _60loop   0x00098c    program     static /Users/mreiter/Desktop/AER201/botL.X/main.asm
                  _92loop   0x000e08    program     static /Users/mreiter/Desktop/AER201/botL.X/main.asm
                  _93loop   0x000e16    program     static /Users/mreiter/Desktop/AER201/botL.X/main.asm
                  _98loop   0x000f4c    program     static /Users/mreiter/Desktop/AER201/botL.X/main.asm
                   _9loop   0x0001d6    program     static /Users/mreiter/Desktop/AER201/botL.X/main.asm
                  _waitl0   0x001430    program     static /Users/mreiter/Desktop/AER201/botL.X/i2c_common.asm
                  _waitl1   0x0014ea    program     static /Users/mreiter/Desktop/AER201/botL.X/i2c_common.asm
                  _waitl2   0x001598    program     static /Users/mreiter/Desktop/AER201/botL.X/i2c_common.asm
                       d2   0x001372    program     static /Users/mreiter/Desktop/AER201/botL.X/lcd.asm
                del_loop0   0x000d38    program     static /Users/mreiter/Desktop/AER201/botL.X/main.asm
                delay44us   0x001356    program     extern /Users/mreiter/Desktop/AER201/botL.X/lcd.asm
                 delay5ms   0x001362    program     extern /Users/mreiter/Desktop/AER201/botL.X/lcd.asm
               displayNum   0x000828    program     static /Users/mreiter/Desktop/AER201/botL.X/main.asm
         i2c_common_setup   0x001378    program     extern /Users/mreiter/Desktop/AER201/botL.X/i2c_common.asm
             lcdLongDelay   0x001340    program     static /Users/mreiter/Desktop/AER201/botL.X/lcd.asm
                loop200us   0x000e4c    program     static /Users/mreiter/Desktop/AER201/botL.X/main.asm
                 loop50ms   0x000e5a    program     static /Users/mreiter/Desktop/AER201/botL.X/main.asm
                  loop5us   0x000e3e    program     static /Users/mreiter/Desktop/AER201/botL.X/main.asm
                 read_rtc   0x0013de    program     extern /Users/mreiter/Desktop/AER201/botL.X/i2c_common.asm
              rtc_convert   0x001440    program     extern /Users/mreiter/Desktop/AER201/botL.X/i2c_common.asm
                write_rtc   0x00139a    program     extern /Users/mreiter/Desktop/AER201/botL.X/i2c_common.asm
           convert_buffer   0x000065       data     extern /Users/mreiter/Desktop/AER201/botL.X/i2c_common.asm
                 databyte   0x000061       data     extern /Users/mreiter/Desktop/AER201/botL.X/i2c_common.asm
                 datachar   0x000062       data     extern /Users/mreiter/Desktop/AER201/botL.X/i2c_common.asm
               ones_digit   0x000064       data     extern /Users/mreiter/Desktop/AER201/botL.X/i2c_common.asm
               regaddress   0x000060       data     extern /Users/mreiter/Desktop/AER201/botL.X/i2c_common.asm
               tens_digit   0x000063       data     extern /Users/mreiter/Desktop/AER201/botL.X/i2c_common.asm



                              Symbols - Sorted by Address
                     Name    Address   Location    Storage File                     
                ---------  ---------  ---------  --------- ---------                
        LOAD_STANDBY_TIME   0x00001c    program     static /Users/mreiter/Desktop/AER201/botL.X/main.asm
            LOAD_EXE_TIME   0x000026    program     static /Users/mreiter/Desktop/AER201/botL.X/main.asm
           EMERGENCY_STOP   0x000030    program     static /Users/mreiter/Desktop/AER201/botL.X/main.asm
                 ISR_HIGH   0x00005a    program     static /Users/mreiter/Desktop/AER201/botL.X/main.asm
                   _3ones   0x0000a0    program     static /Users/mreiter/Desktop/AER201/botL.X/main.asm
                 _3endBCD   0x0000a6    program     static /Users/mreiter/Desktop/AER201/botL.X/main.asm
                   _4ones   0x0000d2    program     static /Users/mreiter/Desktop/AER201/botL.X/main.asm
                 _4endBCD   0x0000d8    program     static /Users/mreiter/Desktop/AER201/botL.X/main.asm
             END_ISR_HIGH   0x0000da    program     static /Users/mreiter/Desktop/AER201/botL.X/main.asm
                  ISR_LOW   0x0000e4    program     static /Users/mreiter/Desktop/AER201/botL.X/main.asm
              END_ISR_LOW   0x00011e    program     static /Users/mreiter/Desktop/AER201/botL.X/main.asm
                     INIT   0x000128    program     static /Users/mreiter/Desktop/AER201/botL.X/main.asm
                   _9loop   0x0001d6    program     static /Users/mreiter/Desktop/AER201/botL.X/main.asm
                  _10loop   0x0001f4    program     static /Users/mreiter/Desktop/AER201/botL.X/main.asm
                  _11loop   0x000202    program     static /Users/mreiter/Desktop/AER201/botL.X/main.asm
                  STANDBY   0x00020c    program     static /Users/mreiter/Desktop/AER201/botL.X/main.asm
                  _12loop   0x00022a    program     static /Users/mreiter/Desktop/AER201/botL.X/main.asm
                  _13loop   0x000248    program     static /Users/mreiter/Desktop/AER201/botL.X/main.asm
             HOLD_STANDBY   0x00025c    program     static /Users/mreiter/Desktop/AER201/botL.X/main.asm
                  _14Next   0x000268    program     static /Users/mreiter/Desktop/AER201/botL.X/main.asm
                  _14Exit   0x000274    program     static /Users/mreiter/Desktop/AER201/botL.X/main.asm
                  _15Next   0x00027e    program     static /Users/mreiter/Desktop/AER201/botL.X/main.asm
                  _15Exit   0x00028a    program     static /Users/mreiter/Desktop/AER201/botL.X/main.asm
                  _16Next   0x000294    program     static /Users/mreiter/Desktop/AER201/botL.X/main.asm
                  _16Exit   0x0002a0    program     static /Users/mreiter/Desktop/AER201/botL.X/main.asm
                  _17Next   0x0002aa    program     static /Users/mreiter/Desktop/AER201/botL.X/main.asm
                  _17Exit   0x0002b6    program     static /Users/mreiter/Desktop/AER201/botL.X/main.asm
                  _18Next   0x0002c0    program     static /Users/mreiter/Desktop/AER201/botL.X/main.asm
                  _18Exit   0x0002cc    program     static /Users/mreiter/Desktop/AER201/botL.X/main.asm
                  _19Next   0x0002d6    program     static /Users/mreiter/Desktop/AER201/botL.X/main.asm
                  _19Exit   0x0002e2    program     static /Users/mreiter/Desktop/AER201/botL.X/main.asm
                  _20Next   0x0002ec    program     static /Users/mreiter/Desktop/AER201/botL.X/main.asm
                  _20Exit   0x0002f8    program     static /Users/mreiter/Desktop/AER201/botL.X/main.asm
                  _21Next   0x000302    program     static /Users/mreiter/Desktop/AER201/botL.X/main.asm
                  _21Exit   0x00030e    program     static /Users/mreiter/Desktop/AER201/botL.X/main.asm
               DC_TEST_CW   0x000312    program     static /Users/mreiter/Desktop/AER201/botL.X/main.asm
                  _22loop   0x00031c    program     static /Users/mreiter/Desktop/AER201/botL.X/main.asm
          DC_TEST_CW_HOLD   0x000326    program     static /Users/mreiter/Desktop/AER201/botL.X/main.asm
                  _23Next   0x000336    program     static /Users/mreiter/Desktop/AER201/botL.X/main.asm
                  _23Exit   0x000342    program     static /Users/mreiter/Desktop/AER201/botL.X/main.asm
              DC_TEST_CCW   0x000346    program     static /Users/mreiter/Desktop/AER201/botL.X/main.asm
                  _24loop   0x000350    program     static /Users/mreiter/Desktop/AER201/botL.X/main.asm
         DC_TEST_CCW_HOLD   0x00035a    program     static /Users/mreiter/Desktop/AER201/botL.X/main.asm
                  _25Next   0x00036a    program     static /Users/mreiter/Desktop/AER201/botL.X/main.asm
                  _25Exit   0x000376    program     static /Users/mreiter/Desktop/AER201/botL.X/main.asm
                STEP_TEST   0x00037a    program     static /Users/mreiter/Desktop/AER201/botL.X/main.asm
                  _26loop   0x000382    program     static /Users/mreiter/Desktop/AER201/botL.X/main.asm
           ROTATE_90_TEST   0x00038c    program     static /Users/mreiter/Desktop/AER201/botL.X/main.asm
              COLOUR_TEST   0x0003b6    program     static /Users/mreiter/Desktop/AER201/botL.X/main.asm
                  LOOPING   0x0003b8    program     static /Users/mreiter/Desktop/AER201/botL.X/main.asm
                  _27loop   0x0003bc    program     static /Users/mreiter/Desktop/AER201/botL.X/main.asm
                EXECUTION   0x0003d6    program     static /Users/mreiter/Desktop/AER201/botL.X/main.asm
                  _28loop   0x0003f8    program     static /Users/mreiter/Desktop/AER201/botL.X/main.asm
         COLLECTIONS_STEP   0x000428    program     static /Users/mreiter/Desktop/AER201/botL.X/main.asm
                ROTATE_90   0x00042a    program     static /Users/mreiter/Desktop/AER201/botL.X/main.asm
               DETECTIONS   0x000454    program     static /Users/mreiter/Desktop/AER201/botL.X/main.asm
             INC_YOPNOCAP   0x00047c    program     static /Users/mreiter/Desktop/AER201/botL.X/main.asm
               INC_YOPCAP   0x0004aa    program     static /Users/mreiter/Desktop/AER201/botL.X/main.asm
            INC_ESKANOCAP   0x0004d8    program     static /Users/mreiter/Desktop/AER201/botL.X/main.asm
              INC_ESKACAP   0x000506    program     static /Users/mreiter/Desktop/AER201/botL.X/main.asm
             TRAY_STEP_CW   0x000534    program     static /Users/mreiter/Desktop/AER201/botL.X/main.asm
             TRAY_CW_HOLD   0x000538    program     static /Users/mreiter/Desktop/AER201/botL.X/main.asm
                  _29loop   0x000540    program     static /Users/mreiter/Desktop/AER201/botL.X/main.asm
            TRAY_STEP_CCW   0x00054c    program     static /Users/mreiter/Desktop/AER201/botL.X/main.asm
            TRAY_CCW_HOLD   0x000550    program     static /Users/mreiter/Desktop/AER201/botL.X/main.asm
                  _30loop   0x000558    program     static /Users/mreiter/Desktop/AER201/botL.X/main.asm
            TRAY_STEP_END   0x000564    program     static /Users/mreiter/Desktop/AER201/botL.X/main.asm
               CHECK_DONE   0x000574    program     static /Users/mreiter/Desktop/AER201/botL.X/main.asm
                 EXIT_EXE   0x0005ce    program     static /Users/mreiter/Desktop/AER201/botL.X/main.asm
            EXIT_EXE_SAVE   0x0005fa    program     static /Users/mreiter/Desktop/AER201/botL.X/main.asm
                  _31loop   0x00060e    program     static /Users/mreiter/Desktop/AER201/botL.X/main.asm
                      LOG   0x000620    program     static /Users/mreiter/Desktop/AER201/botL.X/main.asm
                  _32loop   0x000636    program     static /Users/mreiter/Desktop/AER201/botL.X/main.asm
                 HOLD_LOG   0x000654    program     static /Users/mreiter/Desktop/AER201/botL.X/main.asm
                  _33Next   0x000660    program     static /Users/mreiter/Desktop/AER201/botL.X/main.asm
                  _33Exit   0x00066c    program     static /Users/mreiter/Desktop/AER201/botL.X/main.asm
                  _34Next   0x000676    program     static /Users/mreiter/Desktop/AER201/botL.X/main.asm
                  _34Exit   0x000682    program     static /Users/mreiter/Desktop/AER201/botL.X/main.asm
                 LOG_INFO   0x000686    program     static /Users/mreiter/Desktop/AER201/botL.X/main.asm
                  _35loop   0x0006a4    program     static /Users/mreiter/Desktop/AER201/botL.X/main.asm
            HOLD_LOG_INFO   0x0006b2    program     static /Users/mreiter/Desktop/AER201/botL.X/main.asm
                  _36Next   0x0006be    program     static /Users/mreiter/Desktop/AER201/botL.X/main.asm
                  _36Exit   0x0006ca    program     static /Users/mreiter/Desktop/AER201/botL.X/main.asm
                 PERM_LOG   0x0006ce    program     static /Users/mreiter/Desktop/AER201/botL.X/main.asm
                  _37loop   0x0006e4    program     static /Users/mreiter/Desktop/AER201/botL.X/main.asm
                  _38loop   0x000702    program     static /Users/mreiter/Desktop/AER201/botL.X/main.asm
            HOLD_PERM_LOG   0x00070c    program     static /Users/mreiter/Desktop/AER201/botL.X/main.asm
                  _39Next   0x000718    program     static /Users/mreiter/Desktop/AER201/botL.X/main.asm
                  _39Exit   0x000724    program     static /Users/mreiter/Desktop/AER201/botL.X/main.asm
                  _40Next   0x00072e    program     static /Users/mreiter/Desktop/AER201/botL.X/main.asm
                  _40Exit   0x00073a    program     static /Users/mreiter/Desktop/AER201/botL.X/main.asm
                  _41Next   0x000744    program     static /Users/mreiter/Desktop/AER201/botL.X/main.asm
                  _41Exit   0x000750    program     static /Users/mreiter/Desktop/AER201/botL.X/main.asm
                  _42Next   0x00075a    program     static /Users/mreiter/Desktop/AER201/botL.X/main.asm
                  _42Exit   0x000766    program     static /Users/mreiter/Desktop/AER201/botL.X/main.asm
                  _43Next   0x000770    program     static /Users/mreiter/Desktop/AER201/botL.X/main.asm
                  _43Exit   0x00077c    program     static /Users/mreiter/Desktop/AER201/botL.X/main.asm
                  _44Next   0x000786    program     static /Users/mreiter/Desktop/AER201/botL.X/main.asm
                  _44Exit   0x000792    program     static /Users/mreiter/Desktop/AER201/botL.X/main.asm
                  _45Next   0x00079c    program     static /Users/mreiter/Desktop/AER201/botL.X/main.asm
                  _45Exit   0x0007a8    program     static /Users/mreiter/Desktop/AER201/botL.X/main.asm
                  _46Next   0x0007b2    program     static /Users/mreiter/Desktop/AER201/botL.X/main.asm
                  _46Exit   0x0007be    program     static /Users/mreiter/Desktop/AER201/botL.X/main.asm
                  _47Next   0x0007c8    program     static /Users/mreiter/Desktop/AER201/botL.X/main.asm
                  _47Exit   0x0007d4    program     static /Users/mreiter/Desktop/AER201/botL.X/main.asm
                  _48Next   0x0007de    program     static /Users/mreiter/Desktop/AER201/botL.X/main.asm
                  _48Exit   0x0007ea    program     static /Users/mreiter/Desktop/AER201/botL.X/main.asm
                     PLOG   0x0007ee    program     static /Users/mreiter/Desktop/AER201/botL.X/main.asm
                  _49loop   0x000802    program     static /Users/mreiter/Desktop/AER201/botL.X/main.asm
               displayNum   0x000828    program     static /Users/mreiter/Desktop/AER201/botL.X/main.asm
                HOLD_PLOG   0x000882    program     static /Users/mreiter/Desktop/AER201/botL.X/main.asm
                  _52Next   0x00088e    program     static /Users/mreiter/Desktop/AER201/botL.X/main.asm
                  _52Exit   0x00089a    program     static /Users/mreiter/Desktop/AER201/botL.X/main.asm
                  _53Next   0x0008a4    program     static /Users/mreiter/Desktop/AER201/botL.X/main.asm
                  _53Exit   0x0008b0    program     static /Users/mreiter/Desktop/AER201/botL.X/main.asm
             PLOG_DETAILS   0x0008b4    program     static /Users/mreiter/Desktop/AER201/botL.X/main.asm
                  _54loop   0x0008c8    program     static /Users/mreiter/Desktop/AER201/botL.X/main.asm
        HOLD_PLOG_DETAILS   0x0008de    program     static /Users/mreiter/Desktop/AER201/botL.X/main.asm
                  _55Next   0x0008ea    program     static /Users/mreiter/Desktop/AER201/botL.X/main.asm
                  _55Exit   0x0008f6    program     static /Users/mreiter/Desktop/AER201/botL.X/main.asm
                  PC_MODE   0x0008fa    program     static /Users/mreiter/Desktop/AER201/botL.X/main.asm
                  _56loop   0x000910    program     static /Users/mreiter/Desktop/AER201/botL.X/main.asm
                  _57loop   0x00092e    program     static /Users/mreiter/Desktop/AER201/botL.X/main.asm
                  HOLD_PC   0x000944    program     static /Users/mreiter/Desktop/AER201/botL.X/main.asm
                  _58Next   0x000950    program     static /Users/mreiter/Desktop/AER201/botL.X/main.asm
                  _58Exit   0x00095c    program     static /Users/mreiter/Desktop/AER201/botL.X/main.asm
                  _59Next   0x000966    program     static /Users/mreiter/Desktop/AER201/botL.X/main.asm
                  _59Exit   0x000972    program     static /Users/mreiter/Desktop/AER201/botL.X/main.asm
              PC_TRANSFER   0x000976    program     static /Users/mreiter/Desktop/AER201/botL.X/main.asm
                  _60loop   0x00098c    program     static /Users/mreiter/Desktop/AER201/botL.X/main.asm
                 SaveData   0x0009a0    program     static /Users/mreiter/Desktop/AER201/botL.X/main.asm
             _.org_2_09B4   0x0009b4    program     static /Users/mreiter/Desktop/AER201/botL.X/main.asm
             _.org_2_09CC   0x0009cc    program     static /Users/mreiter/Desktop/AER201/botL.X/main.asm
             _.org_2_09E8   0x0009e8    program     static /Users/mreiter/Desktop/AER201/botL.X/main.asm
             _.org_2_0A00   0x000a00    program     static /Users/mreiter/Desktop/AER201/botL.X/main.asm
             _.org_2_0A1C   0x000a1c    program     static /Users/mreiter/Desktop/AER201/botL.X/main.asm
             _.org_2_0A34   0x000a34    program     static /Users/mreiter/Desktop/AER201/botL.X/main.asm
             _.org_2_0A50   0x000a50    program     static /Users/mreiter/Desktop/AER201/botL.X/main.asm
             _.org_2_0A68   0x000a68    program     static /Users/mreiter/Desktop/AER201/botL.X/main.asm
             _.org_2_0A84   0x000a84    program     static /Users/mreiter/Desktop/AER201/botL.X/main.asm
             _.org_2_0A9C   0x000a9c    program     static /Users/mreiter/Desktop/AER201/botL.X/main.asm
                ShiftLoop   0x000ab8    program     static /Users/mreiter/Desktop/AER201/botL.X/main.asm
             _.org_2_0ADE   0x000ade    program     static /Users/mreiter/Desktop/AER201/botL.X/main.asm
             _.org_2_0AF6   0x000af6    program     static /Users/mreiter/Desktop/AER201/botL.X/main.asm
                 RTC_INIT   0x000b1e    program     static /Users/mreiter/Desktop/AER201/botL.X/main.asm
                SAVE_TIME   0x000b2c    program     static /Users/mreiter/Desktop/AER201/botL.X/main.asm
            SAVE_EXE_TIME   0x000ba2    program     static /Users/mreiter/Desktop/AER201/botL.X/main.asm
             _.org_2_0BBE   0x000bbe    program     static /Users/mreiter/Desktop/AER201/botL.X/main.asm
             _.org_2_0BD6   0x000bd6    program     static /Users/mreiter/Desktop/AER201/botL.X/main.asm
             _.org_2_0BFA   0x000bfa    program     static /Users/mreiter/Desktop/AER201/botL.X/main.asm
             _.org_2_0C12   0x000c12    program     static /Users/mreiter/Desktop/AER201/botL.X/main.asm
             _.org_2_0C36   0x000c36    program     static /Users/mreiter/Desktop/AER201/botL.X/main.asm
             _.org_2_0C4E   0x000c4e    program     static /Users/mreiter/Desktop/AER201/botL.X/main.asm
              DISPLAY_RTC   0x000c58    program     static /Users/mreiter/Desktop/AER201/botL.X/main.asm
                 SET_TIME   0x000d32    program     static /Users/mreiter/Desktop/AER201/botL.X/main.asm
                del_loop0   0x000d38    program     static /Users/mreiter/Desktop/AER201/botL.X/main.asm
               INIT_USART   0x000d9a    program     static /Users/mreiter/Desktop/AER201/botL.X/main.asm
                DataUSART   0x000dae    program     static /Users/mreiter/Desktop/AER201/botL.X/main.asm
            TRANSFER_LOGS   0x000dbe    program     static /Users/mreiter/Desktop/AER201/botL.X/main.asm
            TRANSFER_DATA   0x000dc8    program     static /Users/mreiter/Desktop/AER201/botL.X/main.asm
                  _92loop   0x000e08    program     static /Users/mreiter/Desktop/AER201/botL.X/main.asm
                  _93loop   0x000e16    program     static /Users/mreiter/Desktop/AER201/botL.X/main.asm
               USART_WAIT   0x000e22    program     static /Users/mreiter/Desktop/AER201/botL.X/main.asm
             _.org_2_0E26   0x000e26    program     static /Users/mreiter/Desktop/AER201/botL.X/main.asm
               USART_LINE   0x000e2c    program     static /Users/mreiter/Desktop/AER201/botL.X/main.asm
                 Delay5us   0x000e3a    program     static /Users/mreiter/Desktop/AER201/botL.X/main.asm
                  loop5us   0x000e3e    program     static /Users/mreiter/Desktop/AER201/botL.X/main.asm
               Delay200us   0x000e48    program     static /Users/mreiter/Desktop/AER201/botL.X/main.asm
                loop200us   0x000e4c    program     static /Users/mreiter/Desktop/AER201/botL.X/main.asm
                Delay50ms   0x000e56    program     static /Users/mreiter/Desktop/AER201/botL.X/main.asm
                 loop50ms   0x000e5a    program     static /Users/mreiter/Desktop/AER201/botL.X/main.asm
                   Cycles   0x000e60    program     static /Users/mreiter/Desktop/AER201/botL.X/main.asm
              WriteEE_RTC   0x000e6a    program     static /Users/mreiter/Desktop/AER201/botL.X/main.asm
             _.org_2_0E78   0x000e78    program     static /Users/mreiter/Desktop/AER201/botL.X/main.asm
             _.org_2_0E90   0x000e90    program     static /Users/mreiter/Desktop/AER201/botL.X/main.asm
             _.org_2_0EA6   0x000ea6    program     static /Users/mreiter/Desktop/AER201/botL.X/main.asm
             _.org_2_0EBE   0x000ebe    program     static /Users/mreiter/Desktop/AER201/botL.X/main.asm
           ClearEEPROM_21   0x000ec8    program     static /Users/mreiter/Desktop/AER201/botL.X/main.asm
                ClearNext   0x000ed0    program     static /Users/mreiter/Desktop/AER201/botL.X/main.asm
             _.org_2_0EDE   0x000ede    program     static /Users/mreiter/Desktop/AER201/botL.X/main.asm
             _.org_2_0EF6   0x000ef6    program     static /Users/mreiter/Desktop/AER201/botL.X/main.asm
                 READ_KEY   0x000f0e    program     static /Users/mreiter/Desktop/AER201/botL.X/main.asm
             _.org_2_0F1C   0x000f1c    program     static /Users/mreiter/Desktop/AER201/botL.X/main.asm
           DisplayExeTime   0x000f22    program     static /Users/mreiter/Desktop/AER201/botL.X/main.asm
                  _98loop   0x000f4c    program     static /Users/mreiter/Desktop/AER201/botL.X/main.asm
        NoSkipDispExeTime   0x000f60    program     static /Users/mreiter/Desktop/AER201/botL.X/main.asm
          SkipDispExeTime   0x000fb2    program     static /Users/mreiter/Desktop/AER201/botL.X/main.asm
               DispOpSort   0x000fb4    program     static /Users/mreiter/Desktop/AER201/botL.X/main.asm
                 _103loop   0x000fde    program     static /Users/mreiter/Desktop/AER201/botL.X/main.asm
         NoSkipDispOpSort   0x000ff0    program     static /Users/mreiter/Desktop/AER201/botL.X/main.asm
           SkipDispOpSort   0x00108a    program     static /Users/mreiter/Desktop/AER201/botL.X/main.asm
                DispOpRTC   0x00108c    program     static /Users/mreiter/Desktop/AER201/botL.X/main.asm
                 _109loop   0x0010b6    program     static /Users/mreiter/Desktop/AER201/botL.X/main.asm
          NoSkipDispOpRTC   0x0010c8    program     static /Users/mreiter/Desktop/AER201/botL.X/main.asm
            SkipDispOpRTC   0x001128    program     static /Users/mreiter/Desktop/AER201/botL.X/main.asm
         DispOpRTC_Helper   0x00112a    program     static /Users/mreiter/Desktop/AER201/botL.X/main.asm
                  Welcome   0x001164    program     static /Users/mreiter/Desktop/AER201/botL.X/main.asm
                     Team   0x00116a    program     static /Users/mreiter/Desktop/AER201/botL.X/main.asm
                  StandBy   0x001174    program     static /Users/mreiter/Desktop/AER201/botL.X/main.asm
              StandbyInfo   0x00119c    program     static /Users/mreiter/Desktop/AER201/botL.X/main.asm
                     Log1   0x0011c4    program     static /Users/mreiter/Desktop/AER201/botL.X/main.asm
                 LogInfo1   0x0011ca    program     static /Users/mreiter/Desktop/AER201/botL.X/main.asm
                 LogInfo2   0x0011d2    program     static /Users/mreiter/Desktop/AER201/botL.X/main.asm
                 PermLog1   0x0011dc    program     static /Users/mreiter/Desktop/AER201/botL.X/main.asm
                 PermLog2   0x0011ec    program     static /Users/mreiter/Desktop/AER201/botL.X/main.asm
                     Exe1   0x0011f8    program     static /Users/mreiter/Desktop/AER201/botL.X/main.asm
                     Exe2   0x001204    program     static /Users/mreiter/Desktop/AER201/botL.X/main.asm
                      PC1   0x00120c    program     static /Users/mreiter/Desktop/AER201/botL.X/main.asm
                      PC2   0x00121a    program     static /Users/mreiter/Desktop/AER201/botL.X/main.asm
               PCTransfer   0x001224    program     static /Users/mreiter/Desktop/AER201/botL.X/main.asm
               PCComplete   0x001234    program     static /Users/mreiter/Desktop/AER201/botL.X/main.asm
                     SAVE   0x00123e    program     static /Users/mreiter/Desktop/AER201/botL.X/main.asm
                   NoData   0x001248    program     static /Users/mreiter/Desktop/AER201/botL.X/main.asm
                  InitLCD   0x00124c    program     extern /Users/mreiter/Desktop/AER201/botL.X/lcd.asm
                   WR_INS   0x0012a4    program     extern /Users/mreiter/Desktop/AER201/botL.X/lcd.asm
                  WR_DATA   0x0012c0    program     extern /Users/mreiter/Desktop/AER201/botL.X/lcd.asm
                   WrtLCD   0x0012e4    program     extern /Users/mreiter/Desktop/AER201/botL.X/lcd.asm
                   ClrLCD   0x0012fa    program     extern /Users/mreiter/Desktop/AER201/botL.X/lcd.asm
                   ClkLCD   0x001308    program     extern /Users/mreiter/Desktop/AER201/botL.X/lcd.asm
              _.code_00C8   0x001314    program     static /Users/mreiter/Desktop/AER201/botL.X/lcd.asm
                    Shift   0x00131a    program     extern /Users/mreiter/Desktop/AER201/botL.X/lcd.asm
                   LCD_L1   0x001326    program     extern /Users/mreiter/Desktop/AER201/botL.X/lcd.asm
                   LCD_L2   0x00132e    program     extern /Users/mreiter/Desktop/AER201/botL.X/lcd.asm
                   MovMSB   0x001336    program     static /Users/mreiter/Desktop/AER201/botL.X/lcd.asm
             lcdLongDelay   0x001340    program     static /Users/mreiter/Desktop/AER201/botL.X/lcd.asm
                 LLD_LOOP   0x001344    program     static /Users/mreiter/Desktop/AER201/botL.X/lcd.asm
              _.code_00FE   0x00134a    program     static /Users/mreiter/Desktop/AER201/botL.X/lcd.asm
                delay44us   0x001356    program     extern /Users/mreiter/Desktop/AER201/botL.X/lcd.asm
            Delay44usLoop   0x00135a    program     static /Users/mreiter/Desktop/AER201/botL.X/lcd.asm
                 delay5ms   0x001362    program     extern /Users/mreiter/Desktop/AER201/botL.X/lcd.asm
             Delay5msLoop   0x00136a    program     static /Users/mreiter/Desktop/AER201/botL.X/lcd.asm
                       d2   0x001372    program     static /Users/mreiter/Desktop/AER201/botL.X/lcd.asm
         i2c_common_setup   0x001378    program     extern /Users/mreiter/Desktop/AER201/botL.X/i2c_common.asm
              _.code_001C   0x001394    program     static /Users/mreiter/Desktop/AER201/botL.X/i2c_common.asm
                write_rtc   0x00139a    program     extern /Users/mreiter/Desktop/AER201/botL.X/i2c_common.asm
              _.code_002A   0x0013a2    program     static /Users/mreiter/Desktop/AER201/botL.X/i2c_common.asm
              _.code_0032   0x0013aa    program     static /Users/mreiter/Desktop/AER201/botL.X/i2c_common.asm
              _.code_0038   0x0013b0    program     static /Users/mreiter/Desktop/AER201/botL.X/i2c_common.asm
              _.code_0042   0x0013ba    program     static /Users/mreiter/Desktop/AER201/botL.X/i2c_common.asm
              _.code_0048   0x0013c0    program     static /Users/mreiter/Desktop/AER201/botL.X/i2c_common.asm
              _.code_0052   0x0013ca    program     static /Users/mreiter/Desktop/AER201/botL.X/i2c_common.asm
              _.code_0058   0x0013d0    program     static /Users/mreiter/Desktop/AER201/botL.X/i2c_common.asm
              _.code_0060   0x0013d8    program     static /Users/mreiter/Desktop/AER201/botL.X/i2c_common.asm
                 read_rtc   0x0013de    program     extern /Users/mreiter/Desktop/AER201/botL.X/i2c_common.asm
              _.code_006E   0x0013e6    program     static /Users/mreiter/Desktop/AER201/botL.X/i2c_common.asm
              _.code_0076   0x0013ee    program     static /Users/mreiter/Desktop/AER201/botL.X/i2c_common.asm
              _.code_007C   0x0013f4    program     static /Users/mreiter/Desktop/AER201/botL.X/i2c_common.asm
              _.code_0086   0x0013fe    program     static /Users/mreiter/Desktop/AER201/botL.X/i2c_common.asm
              _.code_008C   0x001404    program     static /Users/mreiter/Desktop/AER201/botL.X/i2c_common.asm
              _.code_0094   0x00140c    program     static /Users/mreiter/Desktop/AER201/botL.X/i2c_common.asm
              _.code_009C   0x001414    program     static /Users/mreiter/Desktop/AER201/botL.X/i2c_common.asm
              _.code_00A2   0x00141a    program     static /Users/mreiter/Desktop/AER201/botL.X/i2c_common.asm
              _.code_00AA   0x001422    program     static /Users/mreiter/Desktop/AER201/botL.X/i2c_common.asm
                  _waitl0   0x001430    program     static /Users/mreiter/Desktop/AER201/botL.X/i2c_common.asm
              _.code_00C2   0x00143a    program     static /Users/mreiter/Desktop/AER201/botL.X/i2c_common.asm
              rtc_convert   0x001440    program     extern /Users/mreiter/Desktop/AER201/botL.X/i2c_common.asm
                 INIT_RTC   0x001456    program     extern /Users/mreiter/Desktop/AER201/botL.X/i2c_common.asm
              _.code_00E6   0x00145e    program     static /Users/mreiter/Desktop/AER201/botL.X/i2c_common.asm
              _.code_00EE   0x001466    program     static /Users/mreiter/Desktop/AER201/botL.X/i2c_common.asm
              _.code_00F4   0x00146c    program     static /Users/mreiter/Desktop/AER201/botL.X/i2c_common.asm
              _.code_00FC   0x001474    program     static /Users/mreiter/Desktop/AER201/botL.X/i2c_common.asm
              _.code_0102   0x00147a    program     static /Users/mreiter/Desktop/AER201/botL.X/i2c_common.asm
              _.code_010A   0x001482    program     static /Users/mreiter/Desktop/AER201/botL.X/i2c_common.asm
              _.code_0110   0x001488    program     static /Users/mreiter/Desktop/AER201/botL.X/i2c_common.asm
              _.code_0118   0x001490    program     static /Users/mreiter/Desktop/AER201/botL.X/i2c_common.asm
          READ_COLOUR_I2C   0x001496    program     extern /Users/mreiter/Desktop/AER201/botL.X/i2c_common.asm
              _.code_0126   0x00149e    program     static /Users/mreiter/Desktop/AER201/botL.X/i2c_common.asm
              _.code_012E   0x0014a6    program     static /Users/mreiter/Desktop/AER201/botL.X/i2c_common.asm
              _.code_0134   0x0014ac    program     static /Users/mreiter/Desktop/AER201/botL.X/i2c_common.asm
              _.code_0140   0x0014b8    program     static /Users/mreiter/Desktop/AER201/botL.X/i2c_common.asm
              _.code_0146   0x0014be    program     static /Users/mreiter/Desktop/AER201/botL.X/i2c_common.asm
              _.code_014E   0x0014c6    program     static /Users/mreiter/Desktop/AER201/botL.X/i2c_common.asm
              _.code_0156   0x0014ce    program     static /Users/mreiter/Desktop/AER201/botL.X/i2c_common.asm
              _.code_015C   0x0014d4    program     static /Users/mreiter/Desktop/AER201/botL.X/i2c_common.asm
              _.code_0164   0x0014dc    program     static /Users/mreiter/Desktop/AER201/botL.X/i2c_common.asm
                  _waitl1   0x0014ea    program     static /Users/mreiter/Desktop/AER201/botL.X/i2c_common.asm
              _.code_017C   0x0014f4    program     static /Users/mreiter/Desktop/AER201/botL.X/i2c_common.asm
         WRITE_COLOUR_I2C   0x0014fa    program     extern /Users/mreiter/Desktop/AER201/botL.X/i2c_common.asm
              _.code_018A   0x001502    program     static /Users/mreiter/Desktop/AER201/botL.X/i2c_common.asm
              _.code_0192   0x00150a    program     static /Users/mreiter/Desktop/AER201/botL.X/i2c_common.asm
              _.code_0198   0x001510    program     static /Users/mreiter/Desktop/AER201/botL.X/i2c_common.asm
              _.code_01A4   0x00151c    program     static /Users/mreiter/Desktop/AER201/botL.X/i2c_common.asm
              _.code_01AA   0x001522    program     static /Users/mreiter/Desktop/AER201/botL.X/i2c_common.asm
              _.code_01B6   0x00152e    program     static /Users/mreiter/Desktop/AER201/botL.X/i2c_common.asm
              _.code_01BC   0x001534    program     static /Users/mreiter/Desktop/AER201/botL.X/i2c_common.asm
              _.code_01C4   0x00153c    program     static /Users/mreiter/Desktop/AER201/botL.X/i2c_common.asm
             INIT_ARDUINO   0x001542    program     extern /Users/mreiter/Desktop/AER201/botL.X/i2c_common.asm
              _.code_01D2   0x00154a    program     static /Users/mreiter/Desktop/AER201/botL.X/i2c_common.asm
              _.code_01DA   0x001552    program     static /Users/mreiter/Desktop/AER201/botL.X/i2c_common.asm
              _.code_01E0   0x001558    program     static /Users/mreiter/Desktop/AER201/botL.X/i2c_common.asm
              _.code_01E8   0x001560    program     static /Users/mreiter/Desktop/AER201/botL.X/i2c_common.asm
             READ_ARDUINO   0x001566    program     extern /Users/mreiter/Desktop/AER201/botL.X/i2c_common.asm
              _.code_01F6   0x00156e    program     static /Users/mreiter/Desktop/AER201/botL.X/i2c_common.asm
              _.code_01FE   0x001576    program     static /Users/mreiter/Desktop/AER201/botL.X/i2c_common.asm
              _.code_0206   0x00157e    program     static /Users/mreiter/Desktop/AER201/botL.X/i2c_common.asm
              _.code_020C   0x001584    program     static /Users/mreiter/Desktop/AER201/botL.X/i2c_common.asm
              _.code_0214   0x00158c    program     static /Users/mreiter/Desktop/AER201/botL.X/i2c_common.asm
                  _waitl2   0x001598    program     static /Users/mreiter/Desktop/AER201/botL.X/i2c_common.asm
              _.code_022A   0x0015a2    program     static /Users/mreiter/Desktop/AER201/botL.X/i2c_common.asm
                CHECK_ACK   0x0015a8    program     extern /Users/mreiter/Desktop/AER201/botL.X/i2c.asm
                 I2C_temp   0x0015a8    program     static /Users/mreiter/Desktop/AER201/botL.X/i2c.asm
                I2C_ACKDT   0x0015a8    program     extern /Users/mreiter/Desktop/AER201/botL.X/i2c.asm
               CHECK_NACK   0x0015ac    program     extern /Users/mreiter/Desktop/AER201/botL.X/i2c.asm
                TEST_NACK   0x0015b0    program     static /Users/mreiter/Desktop/AER201/botL.X/i2c.asm
          I2C_Master_INIT   0x0015b8    program     extern /Users/mreiter/Desktop/AER201/botL.X/i2c.asm
                     WAIT   0x0015ca    program     static /Users/mreiter/Desktop/AER201/botL.X/i2c.asm
          I2C_Master_WAIT   0x0015ca    program     extern /Users/mreiter/Desktop/AER201/botL.X/i2c.asm
         I2C_Master_START   0x0015da    program     extern /Users/mreiter/Desktop/AER201/botL.X/i2c.asm
        I2C_Master_RSTART   0x0015e2    program     extern /Users/mreiter/Desktop/AER201/botL.X/i2c.asm
          I2C_Master_STOP   0x0015ea    program     extern /Users/mreiter/Desktop/AER201/botL.X/i2c.asm
         I2C_Master_WRITE   0x0015f2    program     extern /Users/mreiter/Desktop/AER201/botL.X/i2c.asm
                  HOLD_UP   0x0015f8    program     static /Users/mreiter/Desktop/AER201/botL.X/i2c.asm
          I2C_Master_READ   0x001600    program     extern /Users/mreiter/Desktop/AER201/botL.X/i2c.asm
                     LOOP   0x001606    program     static /Users/mreiter/Desktop/AER201/botL.X/i2c.asm
           I2C_Master_ACK   0x00160e    program     extern /Users/mreiter/Desktop/AER201/botL.X/i2c.asm
                 TEST_ACK   0x001612    program     static /Users/mreiter/Desktop/AER201/botL.X/i2c.asm
               regaddress   0x000060       data     extern /Users/mreiter/Desktop/AER201/botL.X/i2c_common.asm
                 databyte   0x000061       data     extern /Users/mreiter/Desktop/AER201/botL.X/i2c_common.asm
                 datachar   0x000062       data     extern /Users/mreiter/Desktop/AER201/botL.X/i2c_common.asm
               tens_digit   0x000063       data     extern /Users/mreiter/Desktop/AER201/botL.X/i2c_common.asm
               ones_digit   0x000064       data     extern /Users/mreiter/Desktop/AER201/botL.X/i2c_common.asm
           convert_buffer   0x000065       data     extern /Users/mreiter/Desktop/AER201/botL.X/i2c_common.asm


