MPLINK 5.08, LINKER
Linker Map File - Created Sun Feb 26 13:10:56 2017

                                 Section Info
                  Section       Type    Address   Location Size(Bytes)
                ---------  ---------  ---------  ---------  ---------
                   .org_0       code   0x000000    program   0x000004
                   .cinit    romdata   0x000004    program   0x000002
                   .org_1       code   0x000008    program   0x000004
                   .org_2       code   0x000018    program   0x000f14
                    .code       code   0x000f2c    program   0x00059a
.config_300001_BUILD/DEFAULT/PRODUCTION/MAIN.O    romdata   0x300001    program   0x000001
.config_300002_BUILD/DEFAULT/PRODUCTION/MAIN.O    romdata   0x300002    program   0x000001
.config_300003_BUILD/DEFAULT/PRODUCTION/MAIN.O    romdata   0x300003    program   0x000001
.config_300005_BUILD/DEFAULT/PRODUCTION/MAIN.O    romdata   0x300005    program   0x000001
.config_300006_BUILD/DEFAULT/PRODUCTION/MAIN.O    romdata   0x300006    program   0x000001
.config_300008_BUILD/DEFAULT/PRODUCTION/MAIN.O    romdata   0x300008    program   0x000001
.config_300009_BUILD/DEFAULT/PRODUCTION/MAIN.O    romdata   0x300009    program   0x000001
.config_30000A_BUILD/DEFAULT/PRODUCTION/MAIN.O    romdata   0x30000a    program   0x000001
.config_30000B_BUILD/DEFAULT/PRODUCTION/MAIN.O    romdata   0x30000b    program   0x000001
.config_30000C_BUILD/DEFAULT/PRODUCTION/MAIN.O    romdata   0x30000c    program   0x000001
.config_30000D_BUILD/DEFAULT/PRODUCTION/MAIN.O    romdata   0x30000d    program   0x000001
                   .udata      udata   0x000080       data   0x000008



                              Program Memory Usage 
                               Start         End      
                           ---------   ---------      
                            0x000000    0x000005      
                            0x000008    0x00000b      
                            0x000018    0x0014c5      
                            0x300001    0x300003      
                            0x300005    0x300006      
                            0x300008    0x30000d      
            5315 out of 66584 program addresses used, program memory utilization is 7%



                              Symbols - Sorted by Name
                     Name    Address   Location    Storage File                     
                ---------  ---------  ---------  --------- ---------                
             ARDUINO_INIT   0x0008d8    program     static /Users/mreiter/Desktop/AER201/botL.X/main.asm
                CHECK_ACK   0x001456    program     extern /Users/mreiter/Desktop/AER201/botL.X/i2c.asm
               CHECK_DONE   0x0003c4    program     static /Users/mreiter/Desktop/AER201/botL.X/main.asm
               CHECK_NACK   0x00145a    program     extern /Users/mreiter/Desktop/AER201/botL.X/i2c.asm
         COLLECTIONS_STEP   0x00035c    program     static /Users/mreiter/Desktop/AER201/botL.X/main.asm
              COLOUR_TEST   0x0002fc    program     static /Users/mreiter/Desktop/AER201/botL.X/main.asm
           ClearEEPROM_21   0x000c74    program     static /Users/mreiter/Desktop/AER201/botL.X/main.asm
                ClearNext   0x000c7c    program     static /Users/mreiter/Desktop/AER201/botL.X/main.asm
                   ClkLCD   0x001094    program     extern /Users/mreiter/Desktop/AER201/botL.X/lcd.asm
                   ClrLCD   0x001086    program     extern /Users/mreiter/Desktop/AER201/botL.X/lcd.asm
                   Cycles   0x000c0c    program     static /Users/mreiter/Desktop/AER201/botL.X/main.asm
               DETECTIONS   0x000378    program     static /Users/mreiter/Desktop/AER201/botL.X/main.asm
              DISPLAY_RTC   0x000a04    program     static /Users/mreiter/Desktop/AER201/botL.X/main.asm
                DataUSART   0x000b5a    program     static /Users/mreiter/Desktop/AER201/botL.X/main.asm
               Delay200us   0x000bf4    program     static /Users/mreiter/Desktop/AER201/botL.X/main.asm
            Delay44usLoop   0x0010da    program     static /Users/mreiter/Desktop/AER201/botL.X/lcd.asm
                Delay50ms   0x000c02    program     static /Users/mreiter/Desktop/AER201/botL.X/main.asm
             Delay5msLoop   0x0010ea    program     static /Users/mreiter/Desktop/AER201/botL.X/lcd.asm
                 Delay5us   0x000be6    program     static /Users/mreiter/Desktop/AER201/botL.X/main.asm
                DispOpRTC   0x000e54    program     static /Users/mreiter/Desktop/AER201/botL.X/main.asm
         DispOpRTC_Helper   0x000ef2    program     static /Users/mreiter/Desktop/AER201/botL.X/main.asm
               DispOpSort   0x000d7c    program     static /Users/mreiter/Desktop/AER201/botL.X/main.asm
           DisplayExeTime   0x000cea    program     static /Users/mreiter/Desktop/AER201/botL.X/main.asm
             END_ISR_HIGH   0x0000cc    program     static /Users/mreiter/Desktop/AER201/botL.X/main.asm
              END_ISR_LOW   0x000102    program     static /Users/mreiter/Desktop/AER201/botL.X/main.asm
                EXECUTION   0x000318    program     static /Users/mreiter/Desktop/AER201/botL.X/main.asm
                 EXIT_EXE   0x0003ea    program     static /Users/mreiter/Desktop/AER201/botL.X/main.asm
                     Exe1   0x000f86    program     static /Users/mreiter/Desktop/AER201/botL.X/main.asm
                     Exe2   0x000f92    program     static /Users/mreiter/Desktop/AER201/botL.X/main.asm
                 HOLD_EXE   0x0003ce    program     static /Users/mreiter/Desktop/AER201/botL.X/main.asm
                 HOLD_LOG   0x000592    program     static /Users/mreiter/Desktop/AER201/botL.X/main.asm
            HOLD_LOG_INFO   0x0005f0    program     static /Users/mreiter/Desktop/AER201/botL.X/main.asm
                  HOLD_PC   0x00087e    program     static /Users/mreiter/Desktop/AER201/botL.X/main.asm
            HOLD_PERM_LOG   0x000648    program     static /Users/mreiter/Desktop/AER201/botL.X/main.asm
                HOLD_PLOG   0x0007be    program     static /Users/mreiter/Desktop/AER201/botL.X/main.asm
        HOLD_PLOG_DETAILS   0x00081a    program     static /Users/mreiter/Desktop/AER201/botL.X/main.asm
             HOLD_STANDBY   0x00020e    program     static /Users/mreiter/Desktop/AER201/botL.X/main.asm
                  HOLD_UP   0x0014a6    program     static /Users/mreiter/Desktop/AER201/botL.X/i2c.asm
                I2C_ACKDT   0x001456    program     extern /Users/mreiter/Desktop/AER201/botL.X/i2c.asm
           I2C_Master_ACK   0x0014bc    program     extern /Users/mreiter/Desktop/AER201/botL.X/i2c.asm
          I2C_Master_INIT   0x001466    program     extern /Users/mreiter/Desktop/AER201/botL.X/i2c.asm
          I2C_Master_READ   0x0014ae    program     extern /Users/mreiter/Desktop/AER201/botL.X/i2c.asm
        I2C_Master_RSTART   0x001490    program     extern /Users/mreiter/Desktop/AER201/botL.X/i2c.asm
         I2C_Master_START   0x001488    program     extern /Users/mreiter/Desktop/AER201/botL.X/i2c.asm
          I2C_Master_STOP   0x001498    program     extern /Users/mreiter/Desktop/AER201/botL.X/i2c.asm
          I2C_Master_WAIT   0x001478    program     extern /Users/mreiter/Desktop/AER201/botL.X/i2c.asm
         I2C_Master_WRITE   0x0014a0    program     extern /Users/mreiter/Desktop/AER201/botL.X/i2c.asm
                 I2C_temp   0x001456    program     static /Users/mreiter/Desktop/AER201/botL.X/i2c.asm
              INC_ESKACAP   0x0003be    program     static /Users/mreiter/Desktop/AER201/botL.X/main.asm
            INC_ESKANOCAP   0x0003b8    program     static /Users/mreiter/Desktop/AER201/botL.X/main.asm
               INC_YOPCAP   0x0003b2    program     static /Users/mreiter/Desktop/AER201/botL.X/main.asm
             INC_YOPNOCAP   0x0003ac    program     static /Users/mreiter/Desktop/AER201/botL.X/main.asm
                     INIT   0x00010c    program     static /Users/mreiter/Desktop/AER201/botL.X/main.asm
             INIT_ARDUINO   0x0013de    program     extern /Users/mreiter/Desktop/AER201/botL.X/i2c_common.asm
                 INIT_RTC   0x001260    program     extern /Users/mreiter/Desktop/AER201/botL.X/i2c_common.asm
               INIT_USART   0x000b46    program     static /Users/mreiter/Desktop/AER201/botL.X/main.asm
                  IR_TEST   0x0002ae    program     static /Users/mreiter/Desktop/AER201/botL.X/main.asm
                 ISR_HIGH   0x00001c    program     static /Users/mreiter/Desktop/AER201/botL.X/main.asm
                  ISR_LOW   0x0000d6    program     static /Users/mreiter/Desktop/AER201/botL.X/main.asm
                  InitLCD   0x000fda    program     extern /Users/mreiter/Desktop/AER201/botL.X/lcd.asm
                   LCD_L1   0x0010a6    program     extern /Users/mreiter/Desktop/AER201/botL.X/lcd.asm
                   LCD_L2   0x0010ae    program     extern /Users/mreiter/Desktop/AER201/botL.X/lcd.asm
                 LLD_LOOP   0x0010c4    program     static /Users/mreiter/Desktop/AER201/botL.X/lcd.asm
                      LOG   0x000560    program     static /Users/mreiter/Desktop/AER201/botL.X/main.asm
                 LOG_INFO   0x0005c4    program     static /Users/mreiter/Desktop/AER201/botL.X/main.asm
                     LOOP   0x0014b4    program     static /Users/mreiter/Desktop/AER201/botL.X/i2c.asm
                  LOOPING   0x0002fc    program     static /Users/mreiter/Desktop/AER201/botL.X/main.asm
                     Log1   0x000f44    program     static /Users/mreiter/Desktop/AER201/botL.X/main.asm
                     Log2   0x000f4a    program     static /Users/mreiter/Desktop/AER201/botL.X/main.asm
                 LogInfo1   0x000f58    program     static /Users/mreiter/Desktop/AER201/botL.X/main.asm
                 LogInfo2   0x000f60    program     static /Users/mreiter/Desktop/AER201/botL.X/main.asm
                   MovMSB   0x0010b6    program     static /Users/mreiter/Desktop/AER201/botL.X/lcd.asm
                   NoData   0x000fd6    program     static /Users/mreiter/Desktop/AER201/botL.X/main.asm
        NoSkipDispExeTime   0x000d28    program     static /Users/mreiter/Desktop/AER201/botL.X/main.asm
          NoSkipDispOpRTC   0x000e90    program     static /Users/mreiter/Desktop/AER201/botL.X/main.asm
         NoSkipDispOpSort   0x000db8    program     static /Users/mreiter/Desktop/AER201/botL.X/main.asm
                      PC1   0x000f9a    program     static /Users/mreiter/Desktop/AER201/botL.X/main.asm
                      PC2   0x000fa8    program     static /Users/mreiter/Desktop/AER201/botL.X/main.asm
               PCComplete   0x000fc2    program     static /Users/mreiter/Desktop/AER201/botL.X/main.asm
               PCTransfer   0x000fb2    program     static /Users/mreiter/Desktop/AER201/botL.X/main.asm
                  PC_MODE   0x000836    program     static /Users/mreiter/Desktop/AER201/botL.X/main.asm
              PC_TRANSFER   0x0008b0    program     static /Users/mreiter/Desktop/AER201/botL.X/main.asm
                 PERM_LOG   0x00060c    program     static /Users/mreiter/Desktop/AER201/botL.X/main.asm
                     PLOG   0x00072a    program     static /Users/mreiter/Desktop/AER201/botL.X/main.asm
             PLOG_DETAILS   0x0007f0    program     static /Users/mreiter/Desktop/AER201/botL.X/main.asm
                 PermLog1   0x000f6a    program     static /Users/mreiter/Desktop/AER201/botL.X/main.asm
                 PermLog2   0x000f7a    program     static /Users/mreiter/Desktop/AER201/botL.X/main.asm
                   RD_END   0x00134a    program     static /Users/mreiter/Desktop/AER201/botL.X/i2c_common.asm
               RD_END_RTC   0x001240    program     static /Users/mreiter/Desktop/AER201/botL.X/i2c_common.asm
                  RD_ERR1   0x00132c    program     static /Users/mreiter/Desktop/AER201/botL.X/i2c_common.asm
              RD_ERR1_RTC   0x001222    program     static /Users/mreiter/Desktop/AER201/botL.X/i2c_common.asm
                  RD_ERR2   0x001336    program     static /Users/mreiter/Desktop/AER201/botL.X/i2c_common.asm
              RD_ERR2_RTC   0x00122c    program     static /Users/mreiter/Desktop/AER201/botL.X/i2c_common.asm
                  RD_ERR3   0x001340    program     static /Users/mreiter/Desktop/AER201/botL.X/i2c_common.asm
              RD_ERR3_RTC   0x001236    program     static /Users/mreiter/Desktop/AER201/botL.X/i2c_common.asm
             READ_ARDUINO   0x00140c    program     extern /Users/mreiter/Desktop/AER201/botL.X/i2c_common.asm
          READ_COLOUR_I2C   0x0012ac    program     extern /Users/mreiter/Desktop/AER201/botL.X/i2c_common.asm
                 READ_KEY   0x000cba    program     static /Users/mreiter/Desktop/AER201/botL.X/main.asm
            READ_KEY_TIME   0x000cce    program     static /Users/mreiter/Desktop/AER201/botL.X/main.asm
                ROTATE_90   0x00035e    program     static /Users/mreiter/Desktop/AER201/botL.X/main.asm
                 RTC_INIT   0x0008da    program     static /Users/mreiter/Desktop/AER201/botL.X/main.asm
                     SAVE   0x000fcc    program     static /Users/mreiter/Desktop/AER201/botL.X/main.asm
            SAVE_EXE_TIME   0x00094e    program     static /Users/mreiter/Desktop/AER201/botL.X/main.asm
                SAVE_TIME   0x0008e8    program     static /Users/mreiter/Desktop/AER201/botL.X/main.asm
                 SET_TIME   0x000ade    program     static /Users/mreiter/Desktop/AER201/botL.X/main.asm
                  STANDBY   0x0001f0    program     static /Users/mreiter/Desktop/AER201/botL.X/main.asm
                STEP_TEST   0x0002da    program     static /Users/mreiter/Desktop/AER201/botL.X/main.asm
                 SaveData   0x0004c6    program     static /Users/mreiter/Desktop/AER201/botL.X/main.asm
                ShiftLoop   0x0004f8    program     static /Users/mreiter/Desktop/AER201/botL.X/main.asm
          SkipDispExeTime   0x000d7a    program     static /Users/mreiter/Desktop/AER201/botL.X/main.asm
            SkipDispOpRTC   0x000ef0    program     static /Users/mreiter/Desktop/AER201/botL.X/main.asm
           SkipDispOpSort   0x000e52    program     static /Users/mreiter/Desktop/AER201/botL.X/main.asm
                  StandBy   0x000f3c    program     static /Users/mreiter/Desktop/AER201/botL.X/main.asm
                 TEST_ACK   0x0014c0    program     static /Users/mreiter/Desktop/AER201/botL.X/i2c.asm
                TEST_NACK   0x00145e    program     static /Users/mreiter/Desktop/AER201/botL.X/i2c.asm
            TRANSFER_DATA   0x000b74    program     static /Users/mreiter/Desktop/AER201/botL.X/main.asm
            TRANSFER_LOGS   0x000b6a    program     static /Users/mreiter/Desktop/AER201/botL.X/main.asm
                TRAY_STEP   0x0003c4    program     static /Users/mreiter/Desktop/AER201/botL.X/main.asm
                     Team   0x000f32    program     static /Users/mreiter/Desktop/AER201/botL.X/main.asm
               USART_LINE   0x000bd8    program     static /Users/mreiter/Desktop/AER201/botL.X/main.asm
               USART_WAIT   0x000bce    program     static /Users/mreiter/Desktop/AER201/botL.X/main.asm
                     WAIT   0x001478    program     static /Users/mreiter/Desktop/AER201/botL.X/i2c.asm
         WRITE_COLOUR_I2C   0x001354    program     extern /Users/mreiter/Desktop/AER201/botL.X/i2c_common.asm
                  WR_DATA   0x00104e    program     extern /Users/mreiter/Desktop/AER201/botL.X/lcd.asm
                   WR_END   0x0013d4    program     static /Users/mreiter/Desktop/AER201/botL.X/i2c_common.asm
               WR_END_RTC   0x001196    program     static /Users/mreiter/Desktop/AER201/botL.X/i2c_common.asm
                  WR_ERR1   0x0013b4    program     static /Users/mreiter/Desktop/AER201/botL.X/i2c_common.asm
              WR_ERR1_RTC   0x001176    program     static /Users/mreiter/Desktop/AER201/botL.X/i2c_common.asm
                  WR_ERR2   0x0013be    program     static /Users/mreiter/Desktop/AER201/botL.X/i2c_common.asm
              WR_ERR2_RTC   0x001180    program     static /Users/mreiter/Desktop/AER201/botL.X/i2c_common.asm
                  WR_ERR3   0x0013ca    program     static /Users/mreiter/Desktop/AER201/botL.X/i2c_common.asm
              WR_ERR3_RTC   0x00118c    program     static /Users/mreiter/Desktop/AER201/botL.X/i2c_common.asm
                   WR_INS   0x001032    program     extern /Users/mreiter/Desktop/AER201/botL.X/lcd.asm
                  Welcome   0x000f2c    program     static /Users/mreiter/Desktop/AER201/botL.X/main.asm
              WriteEE_RTC   0x000c16    program     static /Users/mreiter/Desktop/AER201/botL.X/main.asm
                   WrtLCD   0x001070    program     extern /Users/mreiter/Desktop/AER201/botL.X/lcd.asm
              _.code_001C   0x001114    program     static /Users/mreiter/Desktop/AER201/botL.X/i2c_common.asm
              _.code_002A   0x001122    program     static /Users/mreiter/Desktop/AER201/botL.X/i2c_common.asm
              _.code_0032   0x00112a    program     static /Users/mreiter/Desktop/AER201/botL.X/i2c_common.asm
              _.code_0038   0x001130    program     static /Users/mreiter/Desktop/AER201/botL.X/i2c_common.asm
              _.code_004C   0x001144    program     static /Users/mreiter/Desktop/AER201/botL.X/i2c_common.asm
              _.code_0052   0x00114a    program     static /Users/mreiter/Desktop/AER201/botL.X/i2c_common.asm
              _.code_0066   0x00115e    program     static /Users/mreiter/Desktop/AER201/botL.X/i2c_common.asm
              _.code_006C   0x001164    program     static /Users/mreiter/Desktop/AER201/botL.X/i2c_common.asm
              _.code_00A2   0x00119a    program     static /Users/mreiter/Desktop/AER201/botL.X/i2c_common.asm
              _.code_00B0   0x0011a8    program     static /Users/mreiter/Desktop/AER201/botL.X/i2c_common.asm
              _.code_00B8   0x0011b0    program     static /Users/mreiter/Desktop/AER201/botL.X/i2c_common.asm
              _.code_00BE   0x0011b6    program     static /Users/mreiter/Desktop/AER201/botL.X/i2c_common.asm
              _.code_00C6   0x0010a0    program     static /Users/mreiter/Desktop/AER201/botL.X/lcd.asm
              _.code_00D2   0x0011ca    program     static /Users/mreiter/Desktop/AER201/botL.X/i2c_common.asm
              _.code_00D8   0x0011d0    program     static /Users/mreiter/Desktop/AER201/botL.X/i2c_common.asm
              _.code_00EE   0x0011e6    program     static /Users/mreiter/Desktop/AER201/botL.X/i2c_common.asm
              _.code_00F0   0x0010ca    program     static /Users/mreiter/Desktop/AER201/botL.X/lcd.asm
              _.code_00F6   0x0011ee    program     static /Users/mreiter/Desktop/AER201/botL.X/i2c_common.asm
              _.code_00FC   0x0011f4    program     static /Users/mreiter/Desktop/AER201/botL.X/i2c_common.asm
              _.code_010E   0x001206    program     static /Users/mreiter/Desktop/AER201/botL.X/i2c_common.asm
              _.code_014C   0x001244    program     static /Users/mreiter/Desktop/AER201/botL.X/i2c_common.asm
              _.code_0170   0x001268    program     static /Users/mreiter/Desktop/AER201/botL.X/i2c_common.asm
              _.code_0178   0x001270    program     static /Users/mreiter/Desktop/AER201/botL.X/i2c_common.asm
              _.code_017E   0x001276    program     static /Users/mreiter/Desktop/AER201/botL.X/i2c_common.asm
              _.code_018A   0x001282    program     static /Users/mreiter/Desktop/AER201/botL.X/i2c_common.asm
              _.code_0190   0x001288    program     static /Users/mreiter/Desktop/AER201/botL.X/i2c_common.asm
              _.code_019C   0x001294    program     static /Users/mreiter/Desktop/AER201/botL.X/i2c_common.asm
              _.code_01A2   0x00129a    program     static /Users/mreiter/Desktop/AER201/botL.X/i2c_common.asm
              _.code_01AE   0x0012a6    program     static /Users/mreiter/Desktop/AER201/botL.X/i2c_common.asm
              _.code_01BC   0x0012b4    program     static /Users/mreiter/Desktop/AER201/botL.X/i2c_common.asm
              _.code_01C4   0x0012bc    program     static /Users/mreiter/Desktop/AER201/botL.X/i2c_common.asm
              _.code_01CA   0x0012c2    program     static /Users/mreiter/Desktop/AER201/botL.X/i2c_common.asm
              _.code_01E0   0x0012d8    program     static /Users/mreiter/Desktop/AER201/botL.X/i2c_common.asm
              _.code_01E6   0x0012de    program     static /Users/mreiter/Desktop/AER201/botL.X/i2c_common.asm
              _.code_01F8   0x0012f0    program     static /Users/mreiter/Desktop/AER201/botL.X/i2c_common.asm
              _.code_0200   0x0012f8    program     static /Users/mreiter/Desktop/AER201/botL.X/i2c_common.asm
              _.code_0206   0x0012fe    program     static /Users/mreiter/Desktop/AER201/botL.X/i2c_common.asm
              _.code_0218   0x001310    program     static /Users/mreiter/Desktop/AER201/botL.X/i2c_common.asm
              _.code_0256   0x00134e    program     static /Users/mreiter/Desktop/AER201/botL.X/i2c_common.asm
              _.code_0264   0x00135c    program     static /Users/mreiter/Desktop/AER201/botL.X/i2c_common.asm
              _.code_026C   0x001364    program     static /Users/mreiter/Desktop/AER201/botL.X/i2c_common.asm
              _.code_0272   0x00136a    program     static /Users/mreiter/Desktop/AER201/botL.X/i2c_common.asm
              _.code_0288   0x001380    program     static /Users/mreiter/Desktop/AER201/botL.X/i2c_common.asm
              _.code_028E   0x001386    program     static /Users/mreiter/Desktop/AER201/botL.X/i2c_common.asm
              _.code_02A4   0x00139c    program     static /Users/mreiter/Desktop/AER201/botL.X/i2c_common.asm
              _.code_02AA   0x0013a2    program     static /Users/mreiter/Desktop/AER201/botL.X/i2c_common.asm
              _.code_02E0   0x0013d8    program     static /Users/mreiter/Desktop/AER201/botL.X/i2c_common.asm
              _.code_02EE   0x0013e6    program     static /Users/mreiter/Desktop/AER201/botL.X/i2c_common.asm
              _.code_02F6   0x0013ee    program     static /Users/mreiter/Desktop/AER201/botL.X/i2c_common.asm
              _.code_02FC   0x0013f4    program     static /Users/mreiter/Desktop/AER201/botL.X/i2c_common.asm
              _.code_030E   0x001406    program     static /Users/mreiter/Desktop/AER201/botL.X/i2c_common.asm
              _.code_031C   0x001414    program     static /Users/mreiter/Desktop/AER201/botL.X/i2c_common.asm
              _.code_0324   0x00141c    program     static /Users/mreiter/Desktop/AER201/botL.X/i2c_common.asm
              _.code_032C   0x001424    program     static /Users/mreiter/Desktop/AER201/botL.X/i2c_common.asm
              _.code_0332   0x00142a    program     static /Users/mreiter/Desktop/AER201/botL.X/i2c_common.asm
              _.code_033E   0x001436    program     static /Users/mreiter/Desktop/AER201/botL.X/i2c_common.asm
              _.code_0358   0x001450    program     static /Users/mreiter/Desktop/AER201/botL.X/i2c_common.asm
             _.org_2_0406   0x000406    program     static /Users/mreiter/Desktop/AER201/botL.X/main.asm
             _.org_2_041E   0x00041e    program     static /Users/mreiter/Desktop/AER201/botL.X/main.asm
             _.org_2_043A   0x00043a    program     static /Users/mreiter/Desktop/AER201/botL.X/main.asm
             _.org_2_0452   0x000452    program     static /Users/mreiter/Desktop/AER201/botL.X/main.asm
             _.org_2_046E   0x00046e    program     static /Users/mreiter/Desktop/AER201/botL.X/main.asm
             _.org_2_0486   0x000486    program     static /Users/mreiter/Desktop/AER201/botL.X/main.asm
             _.org_2_04A2   0x0004a2    program     static /Users/mreiter/Desktop/AER201/botL.X/main.asm
             _.org_2_04BA   0x0004ba    program     static /Users/mreiter/Desktop/AER201/botL.X/main.asm
             _.org_2_051E   0x00051e    program     static /Users/mreiter/Desktop/AER201/botL.X/main.asm
             _.org_2_0536   0x000536    program     static /Users/mreiter/Desktop/AER201/botL.X/main.asm
             _.org_2_096A   0x00096a    program     static /Users/mreiter/Desktop/AER201/botL.X/main.asm
             _.org_2_0982   0x000982    program     static /Users/mreiter/Desktop/AER201/botL.X/main.asm
             _.org_2_09A6   0x0009a6    program     static /Users/mreiter/Desktop/AER201/botL.X/main.asm
             _.org_2_09BE   0x0009be    program     static /Users/mreiter/Desktop/AER201/botL.X/main.asm
             _.org_2_09E2   0x0009e2    program     static /Users/mreiter/Desktop/AER201/botL.X/main.asm
             _.org_2_09FA   0x0009fa    program     static /Users/mreiter/Desktop/AER201/botL.X/main.asm
             _.org_2_0BD2   0x000bd2    program     static /Users/mreiter/Desktop/AER201/botL.X/main.asm
             _.org_2_0C24   0x000c24    program     static /Users/mreiter/Desktop/AER201/botL.X/main.asm
             _.org_2_0C3C   0x000c3c    program     static /Users/mreiter/Desktop/AER201/botL.X/main.asm
             _.org_2_0C52   0x000c52    program     static /Users/mreiter/Desktop/AER201/botL.X/main.asm
             _.org_2_0C6A   0x000c6a    program     static /Users/mreiter/Desktop/AER201/botL.X/main.asm
             _.org_2_0C8A   0x000c8a    program     static /Users/mreiter/Desktop/AER201/botL.X/main.asm
             _.org_2_0CA2   0x000ca2    program     static /Users/mreiter/Desktop/AER201/botL.X/main.asm
             _.org_2_0CC8   0x000cc8    program     static /Users/mreiter/Desktop/AER201/botL.X/main.asm
             _.org_2_0CE4   0x000ce4    program     static /Users/mreiter/Desktop/AER201/botL.X/main.asm
                 _101loop   0x000e7e    program     static /Users/mreiter/Desktop/AER201/botL.X/main.asm
                  _10loop   0x0001e6    program     static /Users/mreiter/Desktop/AER201/botL.X/main.asm
                  _11loop   0x000204    program     static /Users/mreiter/Desktop/AER201/botL.X/main.asm
                  _12Exit   0x000226    program     static /Users/mreiter/Desktop/AER201/botL.X/main.asm
                  _12Next   0x00021a    program     static /Users/mreiter/Desktop/AER201/botL.X/main.asm
                  _13Exit   0x00023c    program     static /Users/mreiter/Desktop/AER201/botL.X/main.asm
                  _13Next   0x000230    program     static /Users/mreiter/Desktop/AER201/botL.X/main.asm
                  _14Exit   0x000252    program     static /Users/mreiter/Desktop/AER201/botL.X/main.asm
                  _14Next   0x000246    program     static /Users/mreiter/Desktop/AER201/botL.X/main.asm
                  _15Exit   0x000268    program     static /Users/mreiter/Desktop/AER201/botL.X/main.asm
                  _15Next   0x00025c    program     static /Users/mreiter/Desktop/AER201/botL.X/main.asm
                  _16Exit   0x00027e    program     static /Users/mreiter/Desktop/AER201/botL.X/main.asm
                  _16Next   0x000272    program     static /Users/mreiter/Desktop/AER201/botL.X/main.asm
                  _17Exit   0x000294    program     static /Users/mreiter/Desktop/AER201/botL.X/main.asm
                  _17Next   0x000288    program     static /Users/mreiter/Desktop/AER201/botL.X/main.asm
                  _18Exit   0x0002aa    program     static /Users/mreiter/Desktop/AER201/botL.X/main.asm
                  _18Next   0x00029e    program     static /Users/mreiter/Desktop/AER201/botL.X/main.asm
                  _19loop   0x0002bc    program     static /Users/mreiter/Desktop/AER201/botL.X/main.asm
                  _20loop   0x0002ce    program     static /Users/mreiter/Desktop/AER201/botL.X/main.asm
                  _21loop   0x000300    program     static /Users/mreiter/Desktop/AER201/botL.X/main.asm
                  _22loop   0x000336    program     static /Users/mreiter/Desktop/AER201/botL.X/main.asm
                  _23loop   0x00037c    program     static /Users/mreiter/Desktop/AER201/botL.X/main.asm
                  _24Exit   0x0003e6    program     static /Users/mreiter/Desktop/AER201/botL.X/main.asm
                  _24Next   0x0003da    program     static /Users/mreiter/Desktop/AER201/botL.X/main.asm
                  _29loop   0x0004da    program     static /Users/mreiter/Desktop/AER201/botL.X/main.asm
                 _2endBCD   0x000098    program     static /Users/mreiter/Desktop/AER201/botL.X/main.asm
                   _2ones   0x000092    program     static /Users/mreiter/Desktop/AER201/botL.X/main.asm
                  _32loop   0x000574    program     static /Users/mreiter/Desktop/AER201/botL.X/main.asm
                  _33Exit   0x0005aa    program     static /Users/mreiter/Desktop/AER201/botL.X/main.asm
                  _33Next   0x00059e    program     static /Users/mreiter/Desktop/AER201/botL.X/main.asm
                  _34Exit   0x0005c0    program     static /Users/mreiter/Desktop/AER201/botL.X/main.asm
                  _34Next   0x0005b4    program     static /Users/mreiter/Desktop/AER201/botL.X/main.asm
                  _35loop   0x0005e2    program     static /Users/mreiter/Desktop/AER201/botL.X/main.asm
                  _36Exit   0x000608    program     static /Users/mreiter/Desktop/AER201/botL.X/main.asm
                  _36Next   0x0005fc    program     static /Users/mreiter/Desktop/AER201/botL.X/main.asm
                  _37loop   0x000620    program     static /Users/mreiter/Desktop/AER201/botL.X/main.asm
                  _38loop   0x00063e    program     static /Users/mreiter/Desktop/AER201/botL.X/main.asm
                  _39Exit   0x000660    program     static /Users/mreiter/Desktop/AER201/botL.X/main.asm
                  _39Next   0x000654    program     static /Users/mreiter/Desktop/AER201/botL.X/main.asm
                 _3endBCD   0x0000ca    program     static /Users/mreiter/Desktop/AER201/botL.X/main.asm
                   _3ones   0x0000c4    program     static /Users/mreiter/Desktop/AER201/botL.X/main.asm
                  _40Exit   0x000676    program     static /Users/mreiter/Desktop/AER201/botL.X/main.asm
                  _40Next   0x00066a    program     static /Users/mreiter/Desktop/AER201/botL.X/main.asm
                  _41Exit   0x00068c    program     static /Users/mreiter/Desktop/AER201/botL.X/main.asm
                  _41Next   0x000680    program     static /Users/mreiter/Desktop/AER201/botL.X/main.asm
                  _42Exit   0x0006a2    program     static /Users/mreiter/Desktop/AER201/botL.X/main.asm
                  _42Next   0x000696    program     static /Users/mreiter/Desktop/AER201/botL.X/main.asm
                  _43Exit   0x0006b8    program     static /Users/mreiter/Desktop/AER201/botL.X/main.asm
                  _43Next   0x0006ac    program     static /Users/mreiter/Desktop/AER201/botL.X/main.asm
                  _44Exit   0x0006ce    program     static /Users/mreiter/Desktop/AER201/botL.X/main.asm
                  _44Next   0x0006c2    program     static /Users/mreiter/Desktop/AER201/botL.X/main.asm
                  _45Exit   0x0006e4    program     static /Users/mreiter/Desktop/AER201/botL.X/main.asm
                  _45Next   0x0006d8    program     static /Users/mreiter/Desktop/AER201/botL.X/main.asm
                  _46Exit   0x0006fa    program     static /Users/mreiter/Desktop/AER201/botL.X/main.asm
                  _46Next   0x0006ee    program     static /Users/mreiter/Desktop/AER201/botL.X/main.asm
                  _47Exit   0x000710    program     static /Users/mreiter/Desktop/AER201/botL.X/main.asm
                  _47Next   0x000704    program     static /Users/mreiter/Desktop/AER201/botL.X/main.asm
                  _48Exit   0x000726    program     static /Users/mreiter/Desktop/AER201/botL.X/main.asm
                  _48Next   0x00071a    program     static /Users/mreiter/Desktop/AER201/botL.X/main.asm
                  _49loop   0x00073e    program     static /Users/mreiter/Desktop/AER201/botL.X/main.asm
                  _52Exit   0x0007d6    program     static /Users/mreiter/Desktop/AER201/botL.X/main.asm
                  _52Next   0x0007ca    program     static /Users/mreiter/Desktop/AER201/botL.X/main.asm
                  _53Exit   0x0007ec    program     static /Users/mreiter/Desktop/AER201/botL.X/main.asm
                  _53Next   0x0007e0    program     static /Users/mreiter/Desktop/AER201/botL.X/main.asm
                  _54loop   0x000804    program     static /Users/mreiter/Desktop/AER201/botL.X/main.asm
                  _55Exit   0x000832    program     static /Users/mreiter/Desktop/AER201/botL.X/main.asm
                  _55Next   0x000826    program     static /Users/mreiter/Desktop/AER201/botL.X/main.asm
                  _56loop   0x00084a    program     static /Users/mreiter/Desktop/AER201/botL.X/main.asm
                  _57loop   0x000868    program     static /Users/mreiter/Desktop/AER201/botL.X/main.asm
                  _58Exit   0x000896    program     static /Users/mreiter/Desktop/AER201/botL.X/main.asm
                  _58Next   0x00088a    program     static /Users/mreiter/Desktop/AER201/botL.X/main.asm
                  _59Exit   0x0008ac    program     static /Users/mreiter/Desktop/AER201/botL.X/main.asm
                  _59Next   0x0008a0    program     static /Users/mreiter/Desktop/AER201/botL.X/main.asm
                  _60loop   0x0008c6    program     static /Users/mreiter/Desktop/AER201/botL.X/main.asm
                  _84loop   0x000bb4    program     static /Users/mreiter/Desktop/AER201/botL.X/main.asm
                  _85loop   0x000bc2    program     static /Users/mreiter/Desktop/AER201/botL.X/main.asm
                   _8loop   0x0001ba    program     static /Users/mreiter/Desktop/AER201/botL.X/main.asm
                  _90loop   0x000d14    program     static /Users/mreiter/Desktop/AER201/botL.X/main.asm
                  _95loop   0x000da6    program     static /Users/mreiter/Desktop/AER201/botL.X/main.asm
                   _9loop   0x0001d8    program     static /Users/mreiter/Desktop/AER201/botL.X/main.asm
                  _waitl0   0x001218    program     static /Users/mreiter/Desktop/AER201/botL.X/i2c_common.asm
                  _waitl1   0x001322    program     static /Users/mreiter/Desktop/AER201/botL.X/i2c_common.asm
                  _waitl2   0x001446    program     static /Users/mreiter/Desktop/AER201/botL.X/i2c_common.asm
                       d2   0x0010f2    program     static /Users/mreiter/Desktop/AER201/botL.X/lcd.asm
                del_loop0   0x000ae4    program     static /Users/mreiter/Desktop/AER201/botL.X/main.asm
                delay44us   0x0010d6    program     extern /Users/mreiter/Desktop/AER201/botL.X/lcd.asm
                 delay5ms   0x0010e2    program     extern /Users/mreiter/Desktop/AER201/botL.X/lcd.asm
               displayNum   0x000764    program     static /Users/mreiter/Desktop/AER201/botL.X/main.asm
         i2c_common_setup   0x0010f8    program     extern /Users/mreiter/Desktop/AER201/botL.X/i2c_common.asm
             lcdLongDelay   0x0010c0    program     static /Users/mreiter/Desktop/AER201/botL.X/lcd.asm
                loop200us   0x000bf8    program     static /Users/mreiter/Desktop/AER201/botL.X/main.asm
                 loop50ms   0x000c06    program     static /Users/mreiter/Desktop/AER201/botL.X/main.asm
                  loop5us   0x000bea    program     static /Users/mreiter/Desktop/AER201/botL.X/main.asm
                 read_rtc   0x0011a0    program     extern /Users/mreiter/Desktop/AER201/botL.X/i2c_common.asm
              rtc_convert   0x00124a    program     extern /Users/mreiter/Desktop/AER201/botL.X/i2c_common.asm
                write_rtc   0x00111a    program     extern /Users/mreiter/Desktop/AER201/botL.X/i2c_common.asm
           convert_buffer   0x000087       data     extern /Users/mreiter/Desktop/AER201/botL.X/i2c_common.asm
             data_colourH   0x000084       data     extern /Users/mreiter/Desktop/AER201/botL.X/i2c_common.asm
             data_colourL   0x000083       data     extern /Users/mreiter/Desktop/AER201/botL.X/i2c_common.asm
                 databyte   0x000081       data     extern /Users/mreiter/Desktop/AER201/botL.X/i2c_common.asm
                 datachar   0x000082       data     extern /Users/mreiter/Desktop/AER201/botL.X/i2c_common.asm
               ones_digit   0x000086       data     extern /Users/mreiter/Desktop/AER201/botL.X/i2c_common.asm
               regaddress   0x000080       data     extern /Users/mreiter/Desktop/AER201/botL.X/i2c_common.asm
               tens_digit   0x000085       data     extern /Users/mreiter/Desktop/AER201/botL.X/i2c_common.asm



                              Symbols - Sorted by Address
                     Name    Address   Location    Storage File                     
                ---------  ---------  ---------  --------- ---------                
                 ISR_HIGH   0x00001c    program     static /Users/mreiter/Desktop/AER201/botL.X/main.asm
                   _2ones   0x000092    program     static /Users/mreiter/Desktop/AER201/botL.X/main.asm
                 _2endBCD   0x000098    program     static /Users/mreiter/Desktop/AER201/botL.X/main.asm
                   _3ones   0x0000c4    program     static /Users/mreiter/Desktop/AER201/botL.X/main.asm
                 _3endBCD   0x0000ca    program     static /Users/mreiter/Desktop/AER201/botL.X/main.asm
             END_ISR_HIGH   0x0000cc    program     static /Users/mreiter/Desktop/AER201/botL.X/main.asm
                  ISR_LOW   0x0000d6    program     static /Users/mreiter/Desktop/AER201/botL.X/main.asm
              END_ISR_LOW   0x000102    program     static /Users/mreiter/Desktop/AER201/botL.X/main.asm
                     INIT   0x00010c    program     static /Users/mreiter/Desktop/AER201/botL.X/main.asm
                   _8loop   0x0001ba    program     static /Users/mreiter/Desktop/AER201/botL.X/main.asm
                   _9loop   0x0001d8    program     static /Users/mreiter/Desktop/AER201/botL.X/main.asm
                  _10loop   0x0001e6    program     static /Users/mreiter/Desktop/AER201/botL.X/main.asm
                  STANDBY   0x0001f0    program     static /Users/mreiter/Desktop/AER201/botL.X/main.asm
                  _11loop   0x000204    program     static /Users/mreiter/Desktop/AER201/botL.X/main.asm
             HOLD_STANDBY   0x00020e    program     static /Users/mreiter/Desktop/AER201/botL.X/main.asm
                  _12Next   0x00021a    program     static /Users/mreiter/Desktop/AER201/botL.X/main.asm
                  _12Exit   0x000226    program     static /Users/mreiter/Desktop/AER201/botL.X/main.asm
                  _13Next   0x000230    program     static /Users/mreiter/Desktop/AER201/botL.X/main.asm
                  _13Exit   0x00023c    program     static /Users/mreiter/Desktop/AER201/botL.X/main.asm
                  _14Next   0x000246    program     static /Users/mreiter/Desktop/AER201/botL.X/main.asm
                  _14Exit   0x000252    program     static /Users/mreiter/Desktop/AER201/botL.X/main.asm
                  _15Next   0x00025c    program     static /Users/mreiter/Desktop/AER201/botL.X/main.asm
                  _15Exit   0x000268    program     static /Users/mreiter/Desktop/AER201/botL.X/main.asm
                  _16Next   0x000272    program     static /Users/mreiter/Desktop/AER201/botL.X/main.asm
                  _16Exit   0x00027e    program     static /Users/mreiter/Desktop/AER201/botL.X/main.asm
                  _17Next   0x000288    program     static /Users/mreiter/Desktop/AER201/botL.X/main.asm
                  _17Exit   0x000294    program     static /Users/mreiter/Desktop/AER201/botL.X/main.asm
                  _18Next   0x00029e    program     static /Users/mreiter/Desktop/AER201/botL.X/main.asm
                  _18Exit   0x0002aa    program     static /Users/mreiter/Desktop/AER201/botL.X/main.asm
                  IR_TEST   0x0002ae    program     static /Users/mreiter/Desktop/AER201/botL.X/main.asm
                  _19loop   0x0002bc    program     static /Users/mreiter/Desktop/AER201/botL.X/main.asm
                  _20loop   0x0002ce    program     static /Users/mreiter/Desktop/AER201/botL.X/main.asm
                STEP_TEST   0x0002da    program     static /Users/mreiter/Desktop/AER201/botL.X/main.asm
                  LOOPING   0x0002fc    program     static /Users/mreiter/Desktop/AER201/botL.X/main.asm
              COLOUR_TEST   0x0002fc    program     static /Users/mreiter/Desktop/AER201/botL.X/main.asm
                  _21loop   0x000300    program     static /Users/mreiter/Desktop/AER201/botL.X/main.asm
                EXECUTION   0x000318    program     static /Users/mreiter/Desktop/AER201/botL.X/main.asm
                  _22loop   0x000336    program     static /Users/mreiter/Desktop/AER201/botL.X/main.asm
         COLLECTIONS_STEP   0x00035c    program     static /Users/mreiter/Desktop/AER201/botL.X/main.asm
                ROTATE_90   0x00035e    program     static /Users/mreiter/Desktop/AER201/botL.X/main.asm
               DETECTIONS   0x000378    program     static /Users/mreiter/Desktop/AER201/botL.X/main.asm
                  _23loop   0x00037c    program     static /Users/mreiter/Desktop/AER201/botL.X/main.asm
             INC_YOPNOCAP   0x0003ac    program     static /Users/mreiter/Desktop/AER201/botL.X/main.asm
               INC_YOPCAP   0x0003b2    program     static /Users/mreiter/Desktop/AER201/botL.X/main.asm
            INC_ESKANOCAP   0x0003b8    program     static /Users/mreiter/Desktop/AER201/botL.X/main.asm
              INC_ESKACAP   0x0003be    program     static /Users/mreiter/Desktop/AER201/botL.X/main.asm
                TRAY_STEP   0x0003c4    program     static /Users/mreiter/Desktop/AER201/botL.X/main.asm
               CHECK_DONE   0x0003c4    program     static /Users/mreiter/Desktop/AER201/botL.X/main.asm
                 HOLD_EXE   0x0003ce    program     static /Users/mreiter/Desktop/AER201/botL.X/main.asm
                  _24Next   0x0003da    program     static /Users/mreiter/Desktop/AER201/botL.X/main.asm
                  _24Exit   0x0003e6    program     static /Users/mreiter/Desktop/AER201/botL.X/main.asm
                 EXIT_EXE   0x0003ea    program     static /Users/mreiter/Desktop/AER201/botL.X/main.asm
             _.org_2_0406   0x000406    program     static /Users/mreiter/Desktop/AER201/botL.X/main.asm
             _.org_2_041E   0x00041e    program     static /Users/mreiter/Desktop/AER201/botL.X/main.asm
             _.org_2_043A   0x00043a    program     static /Users/mreiter/Desktop/AER201/botL.X/main.asm
             _.org_2_0452   0x000452    program     static /Users/mreiter/Desktop/AER201/botL.X/main.asm
             _.org_2_046E   0x00046e    program     static /Users/mreiter/Desktop/AER201/botL.X/main.asm
             _.org_2_0486   0x000486    program     static /Users/mreiter/Desktop/AER201/botL.X/main.asm
             _.org_2_04A2   0x0004a2    program     static /Users/mreiter/Desktop/AER201/botL.X/main.asm
             _.org_2_04BA   0x0004ba    program     static /Users/mreiter/Desktop/AER201/botL.X/main.asm
                 SaveData   0x0004c6    program     static /Users/mreiter/Desktop/AER201/botL.X/main.asm
                  _29loop   0x0004da    program     static /Users/mreiter/Desktop/AER201/botL.X/main.asm
                ShiftLoop   0x0004f8    program     static /Users/mreiter/Desktop/AER201/botL.X/main.asm
             _.org_2_051E   0x00051e    program     static /Users/mreiter/Desktop/AER201/botL.X/main.asm
             _.org_2_0536   0x000536    program     static /Users/mreiter/Desktop/AER201/botL.X/main.asm
                      LOG   0x000560    program     static /Users/mreiter/Desktop/AER201/botL.X/main.asm
                  _32loop   0x000574    program     static /Users/mreiter/Desktop/AER201/botL.X/main.asm
                 HOLD_LOG   0x000592    program     static /Users/mreiter/Desktop/AER201/botL.X/main.asm
                  _33Next   0x00059e    program     static /Users/mreiter/Desktop/AER201/botL.X/main.asm
                  _33Exit   0x0005aa    program     static /Users/mreiter/Desktop/AER201/botL.X/main.asm
                  _34Next   0x0005b4    program     static /Users/mreiter/Desktop/AER201/botL.X/main.asm
                  _34Exit   0x0005c0    program     static /Users/mreiter/Desktop/AER201/botL.X/main.asm
                 LOG_INFO   0x0005c4    program     static /Users/mreiter/Desktop/AER201/botL.X/main.asm
                  _35loop   0x0005e2    program     static /Users/mreiter/Desktop/AER201/botL.X/main.asm
            HOLD_LOG_INFO   0x0005f0    program     static /Users/mreiter/Desktop/AER201/botL.X/main.asm
                  _36Next   0x0005fc    program     static /Users/mreiter/Desktop/AER201/botL.X/main.asm
                  _36Exit   0x000608    program     static /Users/mreiter/Desktop/AER201/botL.X/main.asm
                 PERM_LOG   0x00060c    program     static /Users/mreiter/Desktop/AER201/botL.X/main.asm
                  _37loop   0x000620    program     static /Users/mreiter/Desktop/AER201/botL.X/main.asm
                  _38loop   0x00063e    program     static /Users/mreiter/Desktop/AER201/botL.X/main.asm
            HOLD_PERM_LOG   0x000648    program     static /Users/mreiter/Desktop/AER201/botL.X/main.asm
                  _39Next   0x000654    program     static /Users/mreiter/Desktop/AER201/botL.X/main.asm
                  _39Exit   0x000660    program     static /Users/mreiter/Desktop/AER201/botL.X/main.asm
                  _40Next   0x00066a    program     static /Users/mreiter/Desktop/AER201/botL.X/main.asm
                  _40Exit   0x000676    program     static /Users/mreiter/Desktop/AER201/botL.X/main.asm
                  _41Next   0x000680    program     static /Users/mreiter/Desktop/AER201/botL.X/main.asm
                  _41Exit   0x00068c    program     static /Users/mreiter/Desktop/AER201/botL.X/main.asm
                  _42Next   0x000696    program     static /Users/mreiter/Desktop/AER201/botL.X/main.asm
                  _42Exit   0x0006a2    program     static /Users/mreiter/Desktop/AER201/botL.X/main.asm
                  _43Next   0x0006ac    program     static /Users/mreiter/Desktop/AER201/botL.X/main.asm
                  _43Exit   0x0006b8    program     static /Users/mreiter/Desktop/AER201/botL.X/main.asm
                  _44Next   0x0006c2    program     static /Users/mreiter/Desktop/AER201/botL.X/main.asm
                  _44Exit   0x0006ce    program     static /Users/mreiter/Desktop/AER201/botL.X/main.asm
                  _45Next   0x0006d8    program     static /Users/mreiter/Desktop/AER201/botL.X/main.asm
                  _45Exit   0x0006e4    program     static /Users/mreiter/Desktop/AER201/botL.X/main.asm
                  _46Next   0x0006ee    program     static /Users/mreiter/Desktop/AER201/botL.X/main.asm
                  _46Exit   0x0006fa    program     static /Users/mreiter/Desktop/AER201/botL.X/main.asm
                  _47Next   0x000704    program     static /Users/mreiter/Desktop/AER201/botL.X/main.asm
                  _47Exit   0x000710    program     static /Users/mreiter/Desktop/AER201/botL.X/main.asm
                  _48Next   0x00071a    program     static /Users/mreiter/Desktop/AER201/botL.X/main.asm
                  _48Exit   0x000726    program     static /Users/mreiter/Desktop/AER201/botL.X/main.asm
                     PLOG   0x00072a    program     static /Users/mreiter/Desktop/AER201/botL.X/main.asm
                  _49loop   0x00073e    program     static /Users/mreiter/Desktop/AER201/botL.X/main.asm
               displayNum   0x000764    program     static /Users/mreiter/Desktop/AER201/botL.X/main.asm
                HOLD_PLOG   0x0007be    program     static /Users/mreiter/Desktop/AER201/botL.X/main.asm
                  _52Next   0x0007ca    program     static /Users/mreiter/Desktop/AER201/botL.X/main.asm
                  _52Exit   0x0007d6    program     static /Users/mreiter/Desktop/AER201/botL.X/main.asm
                  _53Next   0x0007e0    program     static /Users/mreiter/Desktop/AER201/botL.X/main.asm
                  _53Exit   0x0007ec    program     static /Users/mreiter/Desktop/AER201/botL.X/main.asm
             PLOG_DETAILS   0x0007f0    program     static /Users/mreiter/Desktop/AER201/botL.X/main.asm
                  _54loop   0x000804    program     static /Users/mreiter/Desktop/AER201/botL.X/main.asm
        HOLD_PLOG_DETAILS   0x00081a    program     static /Users/mreiter/Desktop/AER201/botL.X/main.asm
                  _55Next   0x000826    program     static /Users/mreiter/Desktop/AER201/botL.X/main.asm
                  _55Exit   0x000832    program     static /Users/mreiter/Desktop/AER201/botL.X/main.asm
                  PC_MODE   0x000836    program     static /Users/mreiter/Desktop/AER201/botL.X/main.asm
                  _56loop   0x00084a    program     static /Users/mreiter/Desktop/AER201/botL.X/main.asm
                  _57loop   0x000868    program     static /Users/mreiter/Desktop/AER201/botL.X/main.asm
                  HOLD_PC   0x00087e    program     static /Users/mreiter/Desktop/AER201/botL.X/main.asm
                  _58Next   0x00088a    program     static /Users/mreiter/Desktop/AER201/botL.X/main.asm
                  _58Exit   0x000896    program     static /Users/mreiter/Desktop/AER201/botL.X/main.asm
                  _59Next   0x0008a0    program     static /Users/mreiter/Desktop/AER201/botL.X/main.asm
                  _59Exit   0x0008ac    program     static /Users/mreiter/Desktop/AER201/botL.X/main.asm
              PC_TRANSFER   0x0008b0    program     static /Users/mreiter/Desktop/AER201/botL.X/main.asm
                  _60loop   0x0008c6    program     static /Users/mreiter/Desktop/AER201/botL.X/main.asm
             ARDUINO_INIT   0x0008d8    program     static /Users/mreiter/Desktop/AER201/botL.X/main.asm
                 RTC_INIT   0x0008da    program     static /Users/mreiter/Desktop/AER201/botL.X/main.asm
                SAVE_TIME   0x0008e8    program     static /Users/mreiter/Desktop/AER201/botL.X/main.asm
            SAVE_EXE_TIME   0x00094e    program     static /Users/mreiter/Desktop/AER201/botL.X/main.asm
             _.org_2_096A   0x00096a    program     static /Users/mreiter/Desktop/AER201/botL.X/main.asm
             _.org_2_0982   0x000982    program     static /Users/mreiter/Desktop/AER201/botL.X/main.asm
             _.org_2_09A6   0x0009a6    program     static /Users/mreiter/Desktop/AER201/botL.X/main.asm
             _.org_2_09BE   0x0009be    program     static /Users/mreiter/Desktop/AER201/botL.X/main.asm
             _.org_2_09E2   0x0009e2    program     static /Users/mreiter/Desktop/AER201/botL.X/main.asm
             _.org_2_09FA   0x0009fa    program     static /Users/mreiter/Desktop/AER201/botL.X/main.asm
              DISPLAY_RTC   0x000a04    program     static /Users/mreiter/Desktop/AER201/botL.X/main.asm
                 SET_TIME   0x000ade    program     static /Users/mreiter/Desktop/AER201/botL.X/main.asm
                del_loop0   0x000ae4    program     static /Users/mreiter/Desktop/AER201/botL.X/main.asm
               INIT_USART   0x000b46    program     static /Users/mreiter/Desktop/AER201/botL.X/main.asm
                DataUSART   0x000b5a    program     static /Users/mreiter/Desktop/AER201/botL.X/main.asm
            TRANSFER_LOGS   0x000b6a    program     static /Users/mreiter/Desktop/AER201/botL.X/main.asm
            TRANSFER_DATA   0x000b74    program     static /Users/mreiter/Desktop/AER201/botL.X/main.asm
                  _84loop   0x000bb4    program     static /Users/mreiter/Desktop/AER201/botL.X/main.asm
                  _85loop   0x000bc2    program     static /Users/mreiter/Desktop/AER201/botL.X/main.asm
               USART_WAIT   0x000bce    program     static /Users/mreiter/Desktop/AER201/botL.X/main.asm
             _.org_2_0BD2   0x000bd2    program     static /Users/mreiter/Desktop/AER201/botL.X/main.asm
               USART_LINE   0x000bd8    program     static /Users/mreiter/Desktop/AER201/botL.X/main.asm
                 Delay5us   0x000be6    program     static /Users/mreiter/Desktop/AER201/botL.X/main.asm
                  loop5us   0x000bea    program     static /Users/mreiter/Desktop/AER201/botL.X/main.asm
               Delay200us   0x000bf4    program     static /Users/mreiter/Desktop/AER201/botL.X/main.asm
                loop200us   0x000bf8    program     static /Users/mreiter/Desktop/AER201/botL.X/main.asm
                Delay50ms   0x000c02    program     static /Users/mreiter/Desktop/AER201/botL.X/main.asm
                 loop50ms   0x000c06    program     static /Users/mreiter/Desktop/AER201/botL.X/main.asm
                   Cycles   0x000c0c    program     static /Users/mreiter/Desktop/AER201/botL.X/main.asm
              WriteEE_RTC   0x000c16    program     static /Users/mreiter/Desktop/AER201/botL.X/main.asm
             _.org_2_0C24   0x000c24    program     static /Users/mreiter/Desktop/AER201/botL.X/main.asm
             _.org_2_0C3C   0x000c3c    program     static /Users/mreiter/Desktop/AER201/botL.X/main.asm
             _.org_2_0C52   0x000c52    program     static /Users/mreiter/Desktop/AER201/botL.X/main.asm
             _.org_2_0C6A   0x000c6a    program     static /Users/mreiter/Desktop/AER201/botL.X/main.asm
           ClearEEPROM_21   0x000c74    program     static /Users/mreiter/Desktop/AER201/botL.X/main.asm
                ClearNext   0x000c7c    program     static /Users/mreiter/Desktop/AER201/botL.X/main.asm
             _.org_2_0C8A   0x000c8a    program     static /Users/mreiter/Desktop/AER201/botL.X/main.asm
             _.org_2_0CA2   0x000ca2    program     static /Users/mreiter/Desktop/AER201/botL.X/main.asm
                 READ_KEY   0x000cba    program     static /Users/mreiter/Desktop/AER201/botL.X/main.asm
             _.org_2_0CC8   0x000cc8    program     static /Users/mreiter/Desktop/AER201/botL.X/main.asm
            READ_KEY_TIME   0x000cce    program     static /Users/mreiter/Desktop/AER201/botL.X/main.asm
             _.org_2_0CE4   0x000ce4    program     static /Users/mreiter/Desktop/AER201/botL.X/main.asm
           DisplayExeTime   0x000cea    program     static /Users/mreiter/Desktop/AER201/botL.X/main.asm
                  _90loop   0x000d14    program     static /Users/mreiter/Desktop/AER201/botL.X/main.asm
        NoSkipDispExeTime   0x000d28    program     static /Users/mreiter/Desktop/AER201/botL.X/main.asm
          SkipDispExeTime   0x000d7a    program     static /Users/mreiter/Desktop/AER201/botL.X/main.asm
               DispOpSort   0x000d7c    program     static /Users/mreiter/Desktop/AER201/botL.X/main.asm
                  _95loop   0x000da6    program     static /Users/mreiter/Desktop/AER201/botL.X/main.asm
         NoSkipDispOpSort   0x000db8    program     static /Users/mreiter/Desktop/AER201/botL.X/main.asm
           SkipDispOpSort   0x000e52    program     static /Users/mreiter/Desktop/AER201/botL.X/main.asm
                DispOpRTC   0x000e54    program     static /Users/mreiter/Desktop/AER201/botL.X/main.asm
                 _101loop   0x000e7e    program     static /Users/mreiter/Desktop/AER201/botL.X/main.asm
          NoSkipDispOpRTC   0x000e90    program     static /Users/mreiter/Desktop/AER201/botL.X/main.asm
            SkipDispOpRTC   0x000ef0    program     static /Users/mreiter/Desktop/AER201/botL.X/main.asm
         DispOpRTC_Helper   0x000ef2    program     static /Users/mreiter/Desktop/AER201/botL.X/main.asm
                  Welcome   0x000f2c    program     static /Users/mreiter/Desktop/AER201/botL.X/main.asm
                     Team   0x000f32    program     static /Users/mreiter/Desktop/AER201/botL.X/main.asm
                  StandBy   0x000f3c    program     static /Users/mreiter/Desktop/AER201/botL.X/main.asm
                     Log1   0x000f44    program     static /Users/mreiter/Desktop/AER201/botL.X/main.asm
                     Log2   0x000f4a    program     static /Users/mreiter/Desktop/AER201/botL.X/main.asm
                 LogInfo1   0x000f58    program     static /Users/mreiter/Desktop/AER201/botL.X/main.asm
                 LogInfo2   0x000f60    program     static /Users/mreiter/Desktop/AER201/botL.X/main.asm
                 PermLog1   0x000f6a    program     static /Users/mreiter/Desktop/AER201/botL.X/main.asm
                 PermLog2   0x000f7a    program     static /Users/mreiter/Desktop/AER201/botL.X/main.asm
                     Exe1   0x000f86    program     static /Users/mreiter/Desktop/AER201/botL.X/main.asm
                     Exe2   0x000f92    program     static /Users/mreiter/Desktop/AER201/botL.X/main.asm
                      PC1   0x000f9a    program     static /Users/mreiter/Desktop/AER201/botL.X/main.asm
                      PC2   0x000fa8    program     static /Users/mreiter/Desktop/AER201/botL.X/main.asm
               PCTransfer   0x000fb2    program     static /Users/mreiter/Desktop/AER201/botL.X/main.asm
               PCComplete   0x000fc2    program     static /Users/mreiter/Desktop/AER201/botL.X/main.asm
                     SAVE   0x000fcc    program     static /Users/mreiter/Desktop/AER201/botL.X/main.asm
                   NoData   0x000fd6    program     static /Users/mreiter/Desktop/AER201/botL.X/main.asm
                  InitLCD   0x000fda    program     extern /Users/mreiter/Desktop/AER201/botL.X/lcd.asm
                   WR_INS   0x001032    program     extern /Users/mreiter/Desktop/AER201/botL.X/lcd.asm
                  WR_DATA   0x00104e    program     extern /Users/mreiter/Desktop/AER201/botL.X/lcd.asm
                   WrtLCD   0x001070    program     extern /Users/mreiter/Desktop/AER201/botL.X/lcd.asm
                   ClrLCD   0x001086    program     extern /Users/mreiter/Desktop/AER201/botL.X/lcd.asm
                   ClkLCD   0x001094    program     extern /Users/mreiter/Desktop/AER201/botL.X/lcd.asm
              _.code_00C6   0x0010a0    program     static /Users/mreiter/Desktop/AER201/botL.X/lcd.asm
                   LCD_L1   0x0010a6    program     extern /Users/mreiter/Desktop/AER201/botL.X/lcd.asm
                   LCD_L2   0x0010ae    program     extern /Users/mreiter/Desktop/AER201/botL.X/lcd.asm
                   MovMSB   0x0010b6    program     static /Users/mreiter/Desktop/AER201/botL.X/lcd.asm
             lcdLongDelay   0x0010c0    program     static /Users/mreiter/Desktop/AER201/botL.X/lcd.asm
                 LLD_LOOP   0x0010c4    program     static /Users/mreiter/Desktop/AER201/botL.X/lcd.asm
              _.code_00F0   0x0010ca    program     static /Users/mreiter/Desktop/AER201/botL.X/lcd.asm
                delay44us   0x0010d6    program     extern /Users/mreiter/Desktop/AER201/botL.X/lcd.asm
            Delay44usLoop   0x0010da    program     static /Users/mreiter/Desktop/AER201/botL.X/lcd.asm
                 delay5ms   0x0010e2    program     extern /Users/mreiter/Desktop/AER201/botL.X/lcd.asm
             Delay5msLoop   0x0010ea    program     static /Users/mreiter/Desktop/AER201/botL.X/lcd.asm
                       d2   0x0010f2    program     static /Users/mreiter/Desktop/AER201/botL.X/lcd.asm
         i2c_common_setup   0x0010f8    program     extern /Users/mreiter/Desktop/AER201/botL.X/i2c_common.asm
              _.code_001C   0x001114    program     static /Users/mreiter/Desktop/AER201/botL.X/i2c_common.asm
                write_rtc   0x00111a    program     extern /Users/mreiter/Desktop/AER201/botL.X/i2c_common.asm
              _.code_002A   0x001122    program     static /Users/mreiter/Desktop/AER201/botL.X/i2c_common.asm
              _.code_0032   0x00112a    program     static /Users/mreiter/Desktop/AER201/botL.X/i2c_common.asm
              _.code_0038   0x001130    program     static /Users/mreiter/Desktop/AER201/botL.X/i2c_common.asm
              _.code_004C   0x001144    program     static /Users/mreiter/Desktop/AER201/botL.X/i2c_common.asm
              _.code_0052   0x00114a    program     static /Users/mreiter/Desktop/AER201/botL.X/i2c_common.asm
              _.code_0066   0x00115e    program     static /Users/mreiter/Desktop/AER201/botL.X/i2c_common.asm
              _.code_006C   0x001164    program     static /Users/mreiter/Desktop/AER201/botL.X/i2c_common.asm
              WR_ERR1_RTC   0x001176    program     static /Users/mreiter/Desktop/AER201/botL.X/i2c_common.asm
              WR_ERR2_RTC   0x001180    program     static /Users/mreiter/Desktop/AER201/botL.X/i2c_common.asm
              WR_ERR3_RTC   0x00118c    program     static /Users/mreiter/Desktop/AER201/botL.X/i2c_common.asm
               WR_END_RTC   0x001196    program     static /Users/mreiter/Desktop/AER201/botL.X/i2c_common.asm
              _.code_00A2   0x00119a    program     static /Users/mreiter/Desktop/AER201/botL.X/i2c_common.asm
                 read_rtc   0x0011a0    program     extern /Users/mreiter/Desktop/AER201/botL.X/i2c_common.asm
              _.code_00B0   0x0011a8    program     static /Users/mreiter/Desktop/AER201/botL.X/i2c_common.asm
              _.code_00B8   0x0011b0    program     static /Users/mreiter/Desktop/AER201/botL.X/i2c_common.asm
              _.code_00BE   0x0011b6    program     static /Users/mreiter/Desktop/AER201/botL.X/i2c_common.asm
              _.code_00D2   0x0011ca    program     static /Users/mreiter/Desktop/AER201/botL.X/i2c_common.asm
              _.code_00D8   0x0011d0    program     static /Users/mreiter/Desktop/AER201/botL.X/i2c_common.asm
              _.code_00EE   0x0011e6    program     static /Users/mreiter/Desktop/AER201/botL.X/i2c_common.asm
              _.code_00F6   0x0011ee    program     static /Users/mreiter/Desktop/AER201/botL.X/i2c_common.asm
              _.code_00FC   0x0011f4    program     static /Users/mreiter/Desktop/AER201/botL.X/i2c_common.asm
              _.code_010E   0x001206    program     static /Users/mreiter/Desktop/AER201/botL.X/i2c_common.asm
                  _waitl0   0x001218    program     static /Users/mreiter/Desktop/AER201/botL.X/i2c_common.asm
              RD_ERR1_RTC   0x001222    program     static /Users/mreiter/Desktop/AER201/botL.X/i2c_common.asm
              RD_ERR2_RTC   0x00122c    program     static /Users/mreiter/Desktop/AER201/botL.X/i2c_common.asm
              RD_ERR3_RTC   0x001236    program     static /Users/mreiter/Desktop/AER201/botL.X/i2c_common.asm
               RD_END_RTC   0x001240    program     static /Users/mreiter/Desktop/AER201/botL.X/i2c_common.asm
              _.code_014C   0x001244    program     static /Users/mreiter/Desktop/AER201/botL.X/i2c_common.asm
              rtc_convert   0x00124a    program     extern /Users/mreiter/Desktop/AER201/botL.X/i2c_common.asm
                 INIT_RTC   0x001260    program     extern /Users/mreiter/Desktop/AER201/botL.X/i2c_common.asm
              _.code_0170   0x001268    program     static /Users/mreiter/Desktop/AER201/botL.X/i2c_common.asm
              _.code_0178   0x001270    program     static /Users/mreiter/Desktop/AER201/botL.X/i2c_common.asm
              _.code_017E   0x001276    program     static /Users/mreiter/Desktop/AER201/botL.X/i2c_common.asm
              _.code_018A   0x001282    program     static /Users/mreiter/Desktop/AER201/botL.X/i2c_common.asm
              _.code_0190   0x001288    program     static /Users/mreiter/Desktop/AER201/botL.X/i2c_common.asm
              _.code_019C   0x001294    program     static /Users/mreiter/Desktop/AER201/botL.X/i2c_common.asm
              _.code_01A2   0x00129a    program     static /Users/mreiter/Desktop/AER201/botL.X/i2c_common.asm
              _.code_01AE   0x0012a6    program     static /Users/mreiter/Desktop/AER201/botL.X/i2c_common.asm
          READ_COLOUR_I2C   0x0012ac    program     extern /Users/mreiter/Desktop/AER201/botL.X/i2c_common.asm
              _.code_01BC   0x0012b4    program     static /Users/mreiter/Desktop/AER201/botL.X/i2c_common.asm
              _.code_01C4   0x0012bc    program     static /Users/mreiter/Desktop/AER201/botL.X/i2c_common.asm
              _.code_01CA   0x0012c2    program     static /Users/mreiter/Desktop/AER201/botL.X/i2c_common.asm
              _.code_01E0   0x0012d8    program     static /Users/mreiter/Desktop/AER201/botL.X/i2c_common.asm
              _.code_01E6   0x0012de    program     static /Users/mreiter/Desktop/AER201/botL.X/i2c_common.asm
              _.code_01F8   0x0012f0    program     static /Users/mreiter/Desktop/AER201/botL.X/i2c_common.asm
              _.code_0200   0x0012f8    program     static /Users/mreiter/Desktop/AER201/botL.X/i2c_common.asm
              _.code_0206   0x0012fe    program     static /Users/mreiter/Desktop/AER201/botL.X/i2c_common.asm
              _.code_0218   0x001310    program     static /Users/mreiter/Desktop/AER201/botL.X/i2c_common.asm
                  _waitl1   0x001322    program     static /Users/mreiter/Desktop/AER201/botL.X/i2c_common.asm
                  RD_ERR1   0x00132c    program     static /Users/mreiter/Desktop/AER201/botL.X/i2c_common.asm
                  RD_ERR2   0x001336    program     static /Users/mreiter/Desktop/AER201/botL.X/i2c_common.asm
                  RD_ERR3   0x001340    program     static /Users/mreiter/Desktop/AER201/botL.X/i2c_common.asm
                   RD_END   0x00134a    program     static /Users/mreiter/Desktop/AER201/botL.X/i2c_common.asm
              _.code_0256   0x00134e    program     static /Users/mreiter/Desktop/AER201/botL.X/i2c_common.asm
         WRITE_COLOUR_I2C   0x001354    program     extern /Users/mreiter/Desktop/AER201/botL.X/i2c_common.asm
              _.code_0264   0x00135c    program     static /Users/mreiter/Desktop/AER201/botL.X/i2c_common.asm
              _.code_026C   0x001364    program     static /Users/mreiter/Desktop/AER201/botL.X/i2c_common.asm
              _.code_0272   0x00136a    program     static /Users/mreiter/Desktop/AER201/botL.X/i2c_common.asm
              _.code_0288   0x001380    program     static /Users/mreiter/Desktop/AER201/botL.X/i2c_common.asm
              _.code_028E   0x001386    program     static /Users/mreiter/Desktop/AER201/botL.X/i2c_common.asm
              _.code_02A4   0x00139c    program     static /Users/mreiter/Desktop/AER201/botL.X/i2c_common.asm
              _.code_02AA   0x0013a2    program     static /Users/mreiter/Desktop/AER201/botL.X/i2c_common.asm
                  WR_ERR1   0x0013b4    program     static /Users/mreiter/Desktop/AER201/botL.X/i2c_common.asm
                  WR_ERR2   0x0013be    program     static /Users/mreiter/Desktop/AER201/botL.X/i2c_common.asm
                  WR_ERR3   0x0013ca    program     static /Users/mreiter/Desktop/AER201/botL.X/i2c_common.asm
                   WR_END   0x0013d4    program     static /Users/mreiter/Desktop/AER201/botL.X/i2c_common.asm
              _.code_02E0   0x0013d8    program     static /Users/mreiter/Desktop/AER201/botL.X/i2c_common.asm
             INIT_ARDUINO   0x0013de    program     extern /Users/mreiter/Desktop/AER201/botL.X/i2c_common.asm
              _.code_02EE   0x0013e6    program     static /Users/mreiter/Desktop/AER201/botL.X/i2c_common.asm
              _.code_02F6   0x0013ee    program     static /Users/mreiter/Desktop/AER201/botL.X/i2c_common.asm
              _.code_02FC   0x0013f4    program     static /Users/mreiter/Desktop/AER201/botL.X/i2c_common.asm
              _.code_030E   0x001406    program     static /Users/mreiter/Desktop/AER201/botL.X/i2c_common.asm
             READ_ARDUINO   0x00140c    program     extern /Users/mreiter/Desktop/AER201/botL.X/i2c_common.asm
              _.code_031C   0x001414    program     static /Users/mreiter/Desktop/AER201/botL.X/i2c_common.asm
              _.code_0324   0x00141c    program     static /Users/mreiter/Desktop/AER201/botL.X/i2c_common.asm
              _.code_032C   0x001424    program     static /Users/mreiter/Desktop/AER201/botL.X/i2c_common.asm
              _.code_0332   0x00142a    program     static /Users/mreiter/Desktop/AER201/botL.X/i2c_common.asm
              _.code_033E   0x001436    program     static /Users/mreiter/Desktop/AER201/botL.X/i2c_common.asm
                  _waitl2   0x001446    program     static /Users/mreiter/Desktop/AER201/botL.X/i2c_common.asm
              _.code_0358   0x001450    program     static /Users/mreiter/Desktop/AER201/botL.X/i2c_common.asm
                CHECK_ACK   0x001456    program     extern /Users/mreiter/Desktop/AER201/botL.X/i2c.asm
                I2C_ACKDT   0x001456    program     extern /Users/mreiter/Desktop/AER201/botL.X/i2c.asm
                 I2C_temp   0x001456    program     static /Users/mreiter/Desktop/AER201/botL.X/i2c.asm
               CHECK_NACK   0x00145a    program     extern /Users/mreiter/Desktop/AER201/botL.X/i2c.asm
                TEST_NACK   0x00145e    program     static /Users/mreiter/Desktop/AER201/botL.X/i2c.asm
          I2C_Master_INIT   0x001466    program     extern /Users/mreiter/Desktop/AER201/botL.X/i2c.asm
          I2C_Master_WAIT   0x001478    program     extern /Users/mreiter/Desktop/AER201/botL.X/i2c.asm
                     WAIT   0x001478    program     static /Users/mreiter/Desktop/AER201/botL.X/i2c.asm
         I2C_Master_START   0x001488    program     extern /Users/mreiter/Desktop/AER201/botL.X/i2c.asm
        I2C_Master_RSTART   0x001490    program     extern /Users/mreiter/Desktop/AER201/botL.X/i2c.asm
          I2C_Master_STOP   0x001498    program     extern /Users/mreiter/Desktop/AER201/botL.X/i2c.asm
         I2C_Master_WRITE   0x0014a0    program     extern /Users/mreiter/Desktop/AER201/botL.X/i2c.asm
                  HOLD_UP   0x0014a6    program     static /Users/mreiter/Desktop/AER201/botL.X/i2c.asm
          I2C_Master_READ   0x0014ae    program     extern /Users/mreiter/Desktop/AER201/botL.X/i2c.asm
                     LOOP   0x0014b4    program     static /Users/mreiter/Desktop/AER201/botL.X/i2c.asm
           I2C_Master_ACK   0x0014bc    program     extern /Users/mreiter/Desktop/AER201/botL.X/i2c.asm
                 TEST_ACK   0x0014c0    program     static /Users/mreiter/Desktop/AER201/botL.X/i2c.asm
               regaddress   0x000080       data     extern /Users/mreiter/Desktop/AER201/botL.X/i2c_common.asm
                 databyte   0x000081       data     extern /Users/mreiter/Desktop/AER201/botL.X/i2c_common.asm
                 datachar   0x000082       data     extern /Users/mreiter/Desktop/AER201/botL.X/i2c_common.asm
             data_colourL   0x000083       data     extern /Users/mreiter/Desktop/AER201/botL.X/i2c_common.asm
             data_colourH   0x000084       data     extern /Users/mreiter/Desktop/AER201/botL.X/i2c_common.asm
               tens_digit   0x000085       data     extern /Users/mreiter/Desktop/AER201/botL.X/i2c_common.asm
               ones_digit   0x000086       data     extern /Users/mreiter/Desktop/AER201/botL.X/i2c_common.asm
           convert_buffer   0x000087       data     extern /Users/mreiter/Desktop/AER201/botL.X/i2c_common.asm


