MPLINK 5.08, LINKER
Linker Map File - Created Thu Mar 30 21:51:36 2017

                                 Section Info
                  Section       Type    Address   Location Size(Bytes)
                ---------  ---------  ---------  ---------  ---------
                   .org_0       code   0x000000    program   0x000004
                   .cinit    romdata   0x000004    program   0x000002
                   .org_1       code   0x000008    program   0x000004
                   .org_2       code   0x000018    program   0x0010c4
                    .code       code   0x0010dc    program   0x0004c2
.config_300001_BUILD/DEFAULT/PRODUCTION/MAIN.O    romdata   0x300001    program   0x000001
.config_300002_BUILD/DEFAULT/PRODUCTION/MAIN.O    romdata   0x300002    program   0x000001
.config_300003_BUILD/DEFAULT/PRODUCTION/MAIN.O    romdata   0x300003    program   0x000001
.config_300005_BUILD/DEFAULT/PRODUCTION/MAIN.O    romdata   0x300005    program   0x000001
.config_300006_BUILD/DEFAULT/PRODUCTION/MAIN.O    romdata   0x300006    program   0x000001
.config_300008_BUILD/DEFAULT/PRODUCTION/MAIN.O    romdata   0x300008    program   0x000001
.config_300009_BUILD/DEFAULT/PRODUCTION/MAIN.O    romdata   0x300009    program   0x000001
.config_30000A_BUILD/DEFAULT/PRODUCTION/MAIN.O    romdata   0x30000a    program   0x000001
.config_30000B_BUILD/DEFAULT/PRODUCTION/MAIN.O    romdata   0x30000b    program   0x000001
.config_30000C_BUILD/DEFAULT/PRODUCTION/MAIN.O    romdata   0x30000c    program   0x000001
.config_30000D_BUILD/DEFAULT/PRODUCTION/MAIN.O    romdata   0x30000d    program   0x000001
               .udata_acs      udata   0x000060       data   0x000006



                              Program Memory Usage 
                               Start         End      
                           ---------   ---------      
                            0x000000    0x000005      
                            0x000008    0x00000b      
                            0x000018    0x00159d      
                            0x300001    0x300003      
                            0x300005    0x300006      
                            0x300008    0x30000d      
            5531 out of 66584 program addresses used, program memory utilization is 8%



                              Symbols - Sorted by Name
                     Name    Address   Location    Storage File                     
                ---------  ---------  ---------  --------- ---------                
                CHECK_ACK   0x00152e    program     extern /Users/mreiter/Desktop/AER201/botL.X/i2c.asm
               CHECK_DONE   0x0004f8    program     static /Users/mreiter/Desktop/AER201/botL.X/main.asm
               CHECK_NACK   0x001532    program     extern /Users/mreiter/Desktop/AER201/botL.X/i2c.asm
   COLLECTIONS_CORRECTION   0x000420    program     static /Users/mreiter/Desktop/AER201/botL.X/main.asm
         COLLECTIONS_STEP   0x000434    program     static /Users/mreiter/Desktop/AER201/botL.X/main.asm
        COLLECTIONS_VALUE   0x00042a    program     static /Users/mreiter/Desktop/AER201/botL.X/main.asm
              COLOUR_TEST   0x000396    program     static /Users/mreiter/Desktop/AER201/botL.X/main.asm
           ClearEEPROM_21   0x000e28    program     static /Users/mreiter/Desktop/AER201/botL.X/main.asm
                ClearNext   0x000e30    program     static /Users/mreiter/Desktop/AER201/botL.X/main.asm
                   ClkLCD   0x00128e    program     extern /Users/mreiter/Desktop/AER201/botL.X/lcd.asm
                   ClrLCD   0x001280    program     extern /Users/mreiter/Desktop/AER201/botL.X/lcd.asm
                   Cycles   0x000dc0    program     static /Users/mreiter/Desktop/AER201/botL.X/main.asm
               DETECTIONS   0x0004a4    program     static /Users/mreiter/Desktop/AER201/botL.X/main.asm
              DISPLAY_RTC   0x000bb8    program     static /Users/mreiter/Desktop/AER201/botL.X/main.asm
                DataUSART   0x000d0e    program     static /Users/mreiter/Desktop/AER201/botL.X/main.asm
               Delay200us   0x000da8    program     static /Users/mreiter/Desktop/AER201/botL.X/main.asm
            Delay44usLoop   0x0012e0    program     static /Users/mreiter/Desktop/AER201/botL.X/lcd.asm
                Delay50ms   0x000db6    program     static /Users/mreiter/Desktop/AER201/botL.X/main.asm
             Delay5msLoop   0x0012f0    program     static /Users/mreiter/Desktop/AER201/botL.X/lcd.asm
                 Delay5us   0x000d9a    program     static /Users/mreiter/Desktop/AER201/botL.X/main.asm
                DispOpRTC   0x001004    program     static /Users/mreiter/Desktop/AER201/botL.X/main.asm
         DispOpRTC_Helper   0x0010a2    program     static /Users/mreiter/Desktop/AER201/botL.X/main.asm
               DispOpSort   0x000f2c    program     static /Users/mreiter/Desktop/AER201/botL.X/main.asm
           DisplayExeTime   0x000e9a    program     static /Users/mreiter/Desktop/AER201/botL.X/main.asm
           EMERGENCY_STOP   0x00001c    program     static /Users/mreiter/Desktop/AER201/botL.X/main.asm
             END_ISR_HIGH   0x0000da    program     static /Users/mreiter/Desktop/AER201/botL.X/main.asm
              END_ISR_LOW   0x000126    program     static /Users/mreiter/Desktop/AER201/botL.X/main.asm
                EXECUTION   0x0003ca    program     static /Users/mreiter/Desktop/AER201/botL.X/main.asm
                 EXIT_EXE   0x000552    program     static /Users/mreiter/Desktop/AER201/botL.X/main.asm
                     Exe1   0x00117e    program     static /Users/mreiter/Desktop/AER201/botL.X/main.asm
                     Exe2   0x00118a    program     static /Users/mreiter/Desktop/AER201/botL.X/main.asm
                 HOLD_LOG   0x0005b4    program     static /Users/mreiter/Desktop/AER201/botL.X/main.asm
            HOLD_LOG_INFO   0x000612    program     static /Users/mreiter/Desktop/AER201/botL.X/main.asm
                  HOLD_PC   0x0008a4    program     static /Users/mreiter/Desktop/AER201/botL.X/main.asm
            HOLD_PERM_LOG   0x00066c    program     static /Users/mreiter/Desktop/AER201/botL.X/main.asm
                HOLD_PLOG   0x0007e2    program     static /Users/mreiter/Desktop/AER201/botL.X/main.asm
        HOLD_PLOG_DETAILS   0x00083e    program     static /Users/mreiter/Desktop/AER201/botL.X/main.asm
             HOLD_STANDBY   0x000260    program     static /Users/mreiter/Desktop/AER201/botL.X/main.asm
                  HOLD_UP   0x00157e    program     static /Users/mreiter/Desktop/AER201/botL.X/i2c.asm
                I2C_ACKDT   0x00152e    program     extern /Users/mreiter/Desktop/AER201/botL.X/i2c.asm
           I2C_Master_ACK   0x001594    program     extern /Users/mreiter/Desktop/AER201/botL.X/i2c.asm
          I2C_Master_INIT   0x00153e    program     extern /Users/mreiter/Desktop/AER201/botL.X/i2c.asm
          I2C_Master_READ   0x001586    program     extern /Users/mreiter/Desktop/AER201/botL.X/i2c.asm
        I2C_Master_RSTART   0x001568    program     extern /Users/mreiter/Desktop/AER201/botL.X/i2c.asm
         I2C_Master_START   0x001560    program     extern /Users/mreiter/Desktop/AER201/botL.X/i2c.asm
          I2C_Master_STOP   0x001570    program     extern /Users/mreiter/Desktop/AER201/botL.X/i2c.asm
          I2C_Master_WAIT   0x001550    program     extern /Users/mreiter/Desktop/AER201/botL.X/i2c.asm
         I2C_Master_WRITE   0x001578    program     extern /Users/mreiter/Desktop/AER201/botL.X/i2c.asm
                 I2C_temp   0x00152e    program     static /Users/mreiter/Desktop/AER201/botL.X/i2c.asm
              INC_ESKACAP   0x0004f4    program     static /Users/mreiter/Desktop/AER201/botL.X/main.asm
            INC_ESKANOCAP   0x0004f0    program     static /Users/mreiter/Desktop/AER201/botL.X/main.asm
               INC_YOPCAP   0x0004ec    program     static /Users/mreiter/Desktop/AER201/botL.X/main.asm
             INC_YOPNOCAP   0x0004e8    program     static /Users/mreiter/Desktop/AER201/botL.X/main.asm
                     INIT   0x000130    program     static /Users/mreiter/Desktop/AER201/botL.X/main.asm
             INIT_ARDUINO   0x0014c8    program     extern /Users/mreiter/Desktop/AER201/botL.X/i2c_common.asm
                 INIT_RTC   0x0013dc    program     extern /Users/mreiter/Desktop/AER201/botL.X/i2c_common.asm
               INIT_USART   0x000cfa    program     static /Users/mreiter/Desktop/AER201/botL.X/main.asm
                 ISR_HIGH   0x00005a    program     static /Users/mreiter/Desktop/AER201/botL.X/main.asm
                  ISR_LOW   0x0000e4    program     static /Users/mreiter/Desktop/AER201/botL.X/main.asm
                  InitLCD   0x0011d2    program     extern /Users/mreiter/Desktop/AER201/botL.X/lcd.asm
                   LCD_L1   0x0012ac    program     extern /Users/mreiter/Desktop/AER201/botL.X/lcd.asm
                   LCD_L2   0x0012b4    program     extern /Users/mreiter/Desktop/AER201/botL.X/lcd.asm
                 LLD_LOOP   0x0012ca    program     static /Users/mreiter/Desktop/AER201/botL.X/lcd.asm
            LOAD_EXE_TIME   0x000050    program     static /Users/mreiter/Desktop/AER201/botL.X/main.asm
        LOAD_STANDBY_TIME   0x000046    program     static /Users/mreiter/Desktop/AER201/botL.X/main.asm
                      LOG   0x000580    program     static /Users/mreiter/Desktop/AER201/botL.X/main.asm
                 LOG_INFO   0x0005e6    program     static /Users/mreiter/Desktop/AER201/botL.X/main.asm
                     LOOP   0x00158c    program     static /Users/mreiter/Desktop/AER201/botL.X/i2c.asm
                  LOOPING   0x0003a0    program     static /Users/mreiter/Desktop/AER201/botL.X/main.asm
                     Log1   0x00113c    program     static /Users/mreiter/Desktop/AER201/botL.X/main.asm
                     Log2   0x001142    program     static /Users/mreiter/Desktop/AER201/botL.X/main.asm
                 LogInfo1   0x001150    program     static /Users/mreiter/Desktop/AER201/botL.X/main.asm
                 LogInfo2   0x001158    program     static /Users/mreiter/Desktop/AER201/botL.X/main.asm
                   MovMSB   0x0012bc    program     static /Users/mreiter/Desktop/AER201/botL.X/lcd.asm
                   NoData   0x0011ce    program     static /Users/mreiter/Desktop/AER201/botL.X/main.asm
        NoSkipDispExeTime   0x000ed8    program     static /Users/mreiter/Desktop/AER201/botL.X/main.asm
          NoSkipDispOpRTC   0x001040    program     static /Users/mreiter/Desktop/AER201/botL.X/main.asm
         NoSkipDispOpSort   0x000f68    program     static /Users/mreiter/Desktop/AER201/botL.X/main.asm
                      PC1   0x001192    program     static /Users/mreiter/Desktop/AER201/botL.X/main.asm
                      PC2   0x0011a0    program     static /Users/mreiter/Desktop/AER201/botL.X/main.asm
               PCComplete   0x0011ba    program     static /Users/mreiter/Desktop/AER201/botL.X/main.asm
               PCTransfer   0x0011aa    program     static /Users/mreiter/Desktop/AER201/botL.X/main.asm
                  PC_MODE   0x00085a    program     static /Users/mreiter/Desktop/AER201/botL.X/main.asm
              PC_TRANSFER   0x0008d6    program     static /Users/mreiter/Desktop/AER201/botL.X/main.asm
                 PERM_LOG   0x00062e    program     static /Users/mreiter/Desktop/AER201/botL.X/main.asm
                     PLOG   0x00074e    program     static /Users/mreiter/Desktop/AER201/botL.X/main.asm
             PLOG_DETAILS   0x000814    program     static /Users/mreiter/Desktop/AER201/botL.X/main.asm
                 PermLog1   0x001162    program     static /Users/mreiter/Desktop/AER201/botL.X/main.asm
                 PermLog2   0x001172    program     static /Users/mreiter/Desktop/AER201/botL.X/main.asm
             READ_ARDUINO   0x0014ec    program     extern /Users/mreiter/Desktop/AER201/botL.X/i2c_common.asm
          READ_COLOUR_I2C   0x00141c    program     extern /Users/mreiter/Desktop/AER201/botL.X/i2c_common.asm
                 READ_KEY   0x000e6e    program     static /Users/mreiter/Desktop/AER201/botL.X/main.asm
            READ_KEY_TIME   0x000e82    program     static /Users/mreiter/Desktop/AER201/botL.X/main.asm
                ROTATE_45   0x000446    program     static /Users/mreiter/Desktop/AER201/botL.X/main.asm
           ROTATE_90_TEST   0x0002fc    program     static /Users/mreiter/Desktop/AER201/botL.X/main.asm
                 RTC_INIT   0x000a7e    program     static /Users/mreiter/Desktop/AER201/botL.X/main.asm
                     SAVE   0x0011c4    program     static /Users/mreiter/Desktop/AER201/botL.X/main.asm
            SAVE_EXE_TIME   0x000b02    program     static /Users/mreiter/Desktop/AER201/botL.X/main.asm
                SAVE_TIME   0x000a8c    program     static /Users/mreiter/Desktop/AER201/botL.X/main.asm
                 SET_TIME   0x000c92    program     static /Users/mreiter/Desktop/AER201/botL.X/main.asm
                  STANDBY   0x000210    program     static /Users/mreiter/Desktop/AER201/botL.X/main.asm
                STEP_TEST   0x0002ea    program     static /Users/mreiter/Desktop/AER201/botL.X/main.asm
                 SaveData   0x000900    program     static /Users/mreiter/Desktop/AER201/botL.X/main.asm
                    Shift   0x0012a0    program     extern /Users/mreiter/Desktop/AER201/botL.X/lcd.asm
                ShiftLoop   0x000a18    program     static /Users/mreiter/Desktop/AER201/botL.X/main.asm
          SkipDispExeTime   0x000f2a    program     static /Users/mreiter/Desktop/AER201/botL.X/main.asm
            SkipDispOpRTC   0x0010a0    program     static /Users/mreiter/Desktop/AER201/botL.X/main.asm
           SkipDispOpSort   0x001002    program     static /Users/mreiter/Desktop/AER201/botL.X/main.asm
                  StandBy   0x0010ec    program     static /Users/mreiter/Desktop/AER201/botL.X/main.asm
              StandbyInfo   0x001114    program     static /Users/mreiter/Desktop/AER201/botL.X/main.asm
                 TEST_ACK   0x001598    program     static /Users/mreiter/Desktop/AER201/botL.X/i2c.asm
                TEST_NACK   0x001536    program     static /Users/mreiter/Desktop/AER201/botL.X/i2c.asm
            TRANSFER_DATA   0x000d28    program     static /Users/mreiter/Desktop/AER201/botL.X/main.asm
            TRANSFER_LOGS   0x000d1e    program     static /Users/mreiter/Desktop/AER201/botL.X/main.asm
                     Team   0x0010e2    program     static /Users/mreiter/Desktop/AER201/botL.X/main.asm
               USART_LINE   0x000d8c    program     static /Users/mreiter/Desktop/AER201/botL.X/main.asm
               USART_WAIT   0x000d82    program     static /Users/mreiter/Desktop/AER201/botL.X/main.asm
                     WAIT   0x001550    program     static /Users/mreiter/Desktop/AER201/botL.X/i2c.asm
         WRITE_COLOUR_I2C   0x001480    program     extern /Users/mreiter/Desktop/AER201/botL.X/i2c_common.asm
                  WR_DATA   0x001246    program     extern /Users/mreiter/Desktop/AER201/botL.X/lcd.asm
                   WR_INS   0x00122a    program     extern /Users/mreiter/Desktop/AER201/botL.X/lcd.asm
                  Welcome   0x0010dc    program     static /Users/mreiter/Desktop/AER201/botL.X/main.asm
              WriteEE_RTC   0x000dca    program     static /Users/mreiter/Desktop/AER201/botL.X/main.asm
                   WrtLCD   0x00126a    program     extern /Users/mreiter/Desktop/AER201/botL.X/lcd.asm
              _.code_001C   0x00131a    program     static /Users/mreiter/Desktop/AER201/botL.X/i2c_common.asm
              _.code_002A   0x001328    program     static /Users/mreiter/Desktop/AER201/botL.X/i2c_common.asm
              _.code_0032   0x001330    program     static /Users/mreiter/Desktop/AER201/botL.X/i2c_common.asm
              _.code_0038   0x001336    program     static /Users/mreiter/Desktop/AER201/botL.X/i2c_common.asm
              _.code_0042   0x001340    program     static /Users/mreiter/Desktop/AER201/botL.X/i2c_common.asm
              _.code_0048   0x001346    program     static /Users/mreiter/Desktop/AER201/botL.X/i2c_common.asm
              _.code_0052   0x001350    program     static /Users/mreiter/Desktop/AER201/botL.X/i2c_common.asm
              _.code_0058   0x001356    program     static /Users/mreiter/Desktop/AER201/botL.X/i2c_common.asm
              _.code_0060   0x00135e    program     static /Users/mreiter/Desktop/AER201/botL.X/i2c_common.asm
              _.code_006E   0x00136c    program     static /Users/mreiter/Desktop/AER201/botL.X/i2c_common.asm
              _.code_0076   0x001374    program     static /Users/mreiter/Desktop/AER201/botL.X/i2c_common.asm
              _.code_007C   0x00137a    program     static /Users/mreiter/Desktop/AER201/botL.X/i2c_common.asm
              _.code_0086   0x001384    program     static /Users/mreiter/Desktop/AER201/botL.X/i2c_common.asm
              _.code_008C   0x00138a    program     static /Users/mreiter/Desktop/AER201/botL.X/i2c_common.asm
              _.code_0094   0x001392    program     static /Users/mreiter/Desktop/AER201/botL.X/i2c_common.asm
              _.code_009C   0x00139a    program     static /Users/mreiter/Desktop/AER201/botL.X/i2c_common.asm
              _.code_00A2   0x0013a0    program     static /Users/mreiter/Desktop/AER201/botL.X/i2c_common.asm
              _.code_00AA   0x0013a8    program     static /Users/mreiter/Desktop/AER201/botL.X/i2c_common.asm
              _.code_00C2   0x0013c0    program     static /Users/mreiter/Desktop/AER201/botL.X/i2c_common.asm
              _.code_00C8   0x00129a    program     static /Users/mreiter/Desktop/AER201/botL.X/lcd.asm
              _.code_00E6   0x0013e4    program     static /Users/mreiter/Desktop/AER201/botL.X/i2c_common.asm
              _.code_00EE   0x0013ec    program     static /Users/mreiter/Desktop/AER201/botL.X/i2c_common.asm
              _.code_00F4   0x0013f2    program     static /Users/mreiter/Desktop/AER201/botL.X/i2c_common.asm
              _.code_00FC   0x0013fa    program     static /Users/mreiter/Desktop/AER201/botL.X/i2c_common.asm
              _.code_00FE   0x0012d0    program     static /Users/mreiter/Desktop/AER201/botL.X/lcd.asm
              _.code_0102   0x001400    program     static /Users/mreiter/Desktop/AER201/botL.X/i2c_common.asm
              _.code_010A   0x001408    program     static /Users/mreiter/Desktop/AER201/botL.X/i2c_common.asm
              _.code_0110   0x00140e    program     static /Users/mreiter/Desktop/AER201/botL.X/i2c_common.asm
              _.code_0118   0x001416    program     static /Users/mreiter/Desktop/AER201/botL.X/i2c_common.asm
              _.code_0126   0x001424    program     static /Users/mreiter/Desktop/AER201/botL.X/i2c_common.asm
              _.code_012E   0x00142c    program     static /Users/mreiter/Desktop/AER201/botL.X/i2c_common.asm
              _.code_0134   0x001432    program     static /Users/mreiter/Desktop/AER201/botL.X/i2c_common.asm
              _.code_0140   0x00143e    program     static /Users/mreiter/Desktop/AER201/botL.X/i2c_common.asm
              _.code_0146   0x001444    program     static /Users/mreiter/Desktop/AER201/botL.X/i2c_common.asm
              _.code_014E   0x00144c    program     static /Users/mreiter/Desktop/AER201/botL.X/i2c_common.asm
              _.code_0156   0x001454    program     static /Users/mreiter/Desktop/AER201/botL.X/i2c_common.asm
              _.code_015C   0x00145a    program     static /Users/mreiter/Desktop/AER201/botL.X/i2c_common.asm
              _.code_0164   0x001462    program     static /Users/mreiter/Desktop/AER201/botL.X/i2c_common.asm
              _.code_017C   0x00147a    program     static /Users/mreiter/Desktop/AER201/botL.X/i2c_common.asm
              _.code_018A   0x001488    program     static /Users/mreiter/Desktop/AER201/botL.X/i2c_common.asm
              _.code_0192   0x001490    program     static /Users/mreiter/Desktop/AER201/botL.X/i2c_common.asm
              _.code_0198   0x001496    program     static /Users/mreiter/Desktop/AER201/botL.X/i2c_common.asm
              _.code_01A4   0x0014a2    program     static /Users/mreiter/Desktop/AER201/botL.X/i2c_common.asm
              _.code_01AA   0x0014a8    program     static /Users/mreiter/Desktop/AER201/botL.X/i2c_common.asm
              _.code_01B6   0x0014b4    program     static /Users/mreiter/Desktop/AER201/botL.X/i2c_common.asm
              _.code_01BC   0x0014ba    program     static /Users/mreiter/Desktop/AER201/botL.X/i2c_common.asm
              _.code_01C4   0x0014c2    program     static /Users/mreiter/Desktop/AER201/botL.X/i2c_common.asm
              _.code_01D2   0x0014d0    program     static /Users/mreiter/Desktop/AER201/botL.X/i2c_common.asm
              _.code_01DA   0x0014d8    program     static /Users/mreiter/Desktop/AER201/botL.X/i2c_common.asm
              _.code_01E0   0x0014de    program     static /Users/mreiter/Desktop/AER201/botL.X/i2c_common.asm
              _.code_01E8   0x0014e6    program     static /Users/mreiter/Desktop/AER201/botL.X/i2c_common.asm
              _.code_01F6   0x0014f4    program     static /Users/mreiter/Desktop/AER201/botL.X/i2c_common.asm
              _.code_01FE   0x0014fc    program     static /Users/mreiter/Desktop/AER201/botL.X/i2c_common.asm
              _.code_0206   0x001504    program     static /Users/mreiter/Desktop/AER201/botL.X/i2c_common.asm
              _.code_020C   0x00150a    program     static /Users/mreiter/Desktop/AER201/botL.X/i2c_common.asm
              _.code_0214   0x001512    program     static /Users/mreiter/Desktop/AER201/botL.X/i2c_common.asm
              _.code_022A   0x001528    program     static /Users/mreiter/Desktop/AER201/botL.X/i2c_common.asm
             _.org_2_0914   0x000914    program     static /Users/mreiter/Desktop/AER201/botL.X/main.asm
             _.org_2_092C   0x00092c    program     static /Users/mreiter/Desktop/AER201/botL.X/main.asm
             _.org_2_0948   0x000948    program     static /Users/mreiter/Desktop/AER201/botL.X/main.asm
             _.org_2_0960   0x000960    program     static /Users/mreiter/Desktop/AER201/botL.X/main.asm
             _.org_2_097C   0x00097c    program     static /Users/mreiter/Desktop/AER201/botL.X/main.asm
             _.org_2_0994   0x000994    program     static /Users/mreiter/Desktop/AER201/botL.X/main.asm
             _.org_2_09B0   0x0009b0    program     static /Users/mreiter/Desktop/AER201/botL.X/main.asm
             _.org_2_09C8   0x0009c8    program     static /Users/mreiter/Desktop/AER201/botL.X/main.asm
             _.org_2_09E4   0x0009e4    program     static /Users/mreiter/Desktop/AER201/botL.X/main.asm
             _.org_2_09FC   0x0009fc    program     static /Users/mreiter/Desktop/AER201/botL.X/main.asm
             _.org_2_0A3E   0x000a3e    program     static /Users/mreiter/Desktop/AER201/botL.X/main.asm
             _.org_2_0A56   0x000a56    program     static /Users/mreiter/Desktop/AER201/botL.X/main.asm
             _.org_2_0B1E   0x000b1e    program     static /Users/mreiter/Desktop/AER201/botL.X/main.asm
             _.org_2_0B36   0x000b36    program     static /Users/mreiter/Desktop/AER201/botL.X/main.asm
             _.org_2_0B5A   0x000b5a    program     static /Users/mreiter/Desktop/AER201/botL.X/main.asm
             _.org_2_0B72   0x000b72    program     static /Users/mreiter/Desktop/AER201/botL.X/main.asm
             _.org_2_0B96   0x000b96    program     static /Users/mreiter/Desktop/AER201/botL.X/main.asm
             _.org_2_0BAE   0x000bae    program     static /Users/mreiter/Desktop/AER201/botL.X/main.asm
             _.org_2_0D86   0x000d86    program     static /Users/mreiter/Desktop/AER201/botL.X/main.asm
             _.org_2_0DD8   0x000dd8    program     static /Users/mreiter/Desktop/AER201/botL.X/main.asm
             _.org_2_0DF0   0x000df0    program     static /Users/mreiter/Desktop/AER201/botL.X/main.asm
             _.org_2_0E06   0x000e06    program     static /Users/mreiter/Desktop/AER201/botL.X/main.asm
             _.org_2_0E1E   0x000e1e    program     static /Users/mreiter/Desktop/AER201/botL.X/main.asm
             _.org_2_0E3E   0x000e3e    program     static /Users/mreiter/Desktop/AER201/botL.X/main.asm
             _.org_2_0E56   0x000e56    program     static /Users/mreiter/Desktop/AER201/botL.X/main.asm
             _.org_2_0E7C   0x000e7c    program     static /Users/mreiter/Desktop/AER201/botL.X/main.asm
             _.org_2_0E94   0x000e94    program     static /Users/mreiter/Desktop/AER201/botL.X/main.asm
                 _104loop   0x000f56    program     static /Users/mreiter/Desktop/AER201/botL.X/main.asm
                  _10loop   0x0001da    program     static /Users/mreiter/Desktop/AER201/botL.X/main.asm
                 _110loop   0x00102e    program     static /Users/mreiter/Desktop/AER201/botL.X/main.asm
                  _11loop   0x0001f8    program     static /Users/mreiter/Desktop/AER201/botL.X/main.asm
                  _12loop   0x000206    program     static /Users/mreiter/Desktop/AER201/botL.X/main.asm
                  _13loop   0x00022e    program     static /Users/mreiter/Desktop/AER201/botL.X/main.asm
                  _14loop   0x00024c    program     static /Users/mreiter/Desktop/AER201/botL.X/main.asm
                  _15Exit   0x000278    program     static /Users/mreiter/Desktop/AER201/botL.X/main.asm
                  _15Next   0x00026c    program     static /Users/mreiter/Desktop/AER201/botL.X/main.asm
                  _16Exit   0x00028e    program     static /Users/mreiter/Desktop/AER201/botL.X/main.asm
                  _16Next   0x000282    program     static /Users/mreiter/Desktop/AER201/botL.X/main.asm
                  _17Exit   0x0002a4    program     static /Users/mreiter/Desktop/AER201/botL.X/main.asm
                  _17Next   0x000298    program     static /Users/mreiter/Desktop/AER201/botL.X/main.asm
                  _18Exit   0x0002ba    program     static /Users/mreiter/Desktop/AER201/botL.X/main.asm
                  _18Next   0x0002ae    program     static /Users/mreiter/Desktop/AER201/botL.X/main.asm
                  _19Exit   0x0002d0    program     static /Users/mreiter/Desktop/AER201/botL.X/main.asm
                  _19Next   0x0002c4    program     static /Users/mreiter/Desktop/AER201/botL.X/main.asm
                  _20Exit   0x0002e6    program     static /Users/mreiter/Desktop/AER201/botL.X/main.asm
                  _20Next   0x0002da    program     static /Users/mreiter/Desktop/AER201/botL.X/main.asm
                  _21loop   0x0002f2    program     static /Users/mreiter/Desktop/AER201/botL.X/main.asm
                  _22loop   0x0003a4    program     static /Users/mreiter/Desktop/AER201/botL.X/main.asm
                  _23loop   0x0003be    program     static /Users/mreiter/Desktop/AER201/botL.X/main.asm
                  _24loop   0x0003ec    program     static /Users/mreiter/Desktop/AER201/botL.X/main.asm
                  _25loop   0x00043c    program     static /Users/mreiter/Desktop/AER201/botL.X/main.asm
                  _26loop   0x00044e    program     static /Users/mreiter/Desktop/AER201/botL.X/main.asm
                  _27loop   0x00046c    program     static /Users/mreiter/Desktop/AER201/botL.X/main.asm
                  _28loop   0x000480    program     static /Users/mreiter/Desktop/AER201/botL.X/main.asm
                  _29loop   0x000494    program     static /Users/mreiter/Desktop/AER201/botL.X/main.asm
                  _30loop   0x0004ac    program     static /Users/mreiter/Desktop/AER201/botL.X/main.asm
                  _31loop   0x0004ba    program     static /Users/mreiter/Desktop/AER201/botL.X/main.asm
                  _32loop   0x00056e    program     static /Users/mreiter/Desktop/AER201/botL.X/main.asm
                  _33loop   0x000596    program     static /Users/mreiter/Desktop/AER201/botL.X/main.asm
                  _34Exit   0x0005cc    program     static /Users/mreiter/Desktop/AER201/botL.X/main.asm
                  _34Next   0x0005c0    program     static /Users/mreiter/Desktop/AER201/botL.X/main.asm
                  _35Exit   0x0005e2    program     static /Users/mreiter/Desktop/AER201/botL.X/main.asm
                  _35Next   0x0005d6    program     static /Users/mreiter/Desktop/AER201/botL.X/main.asm
                  _36loop   0x000604    program     static /Users/mreiter/Desktop/AER201/botL.X/main.asm
                  _37Exit   0x00062a    program     static /Users/mreiter/Desktop/AER201/botL.X/main.asm
                  _37Next   0x00061e    program     static /Users/mreiter/Desktop/AER201/botL.X/main.asm
                  _38loop   0x000644    program     static /Users/mreiter/Desktop/AER201/botL.X/main.asm
                  _39loop   0x000662    program     static /Users/mreiter/Desktop/AER201/botL.X/main.asm
                 _3endBCD   0x0000a6    program     static /Users/mreiter/Desktop/AER201/botL.X/main.asm
                   _3ones   0x0000a0    program     static /Users/mreiter/Desktop/AER201/botL.X/main.asm
                  _40Exit   0x000684    program     static /Users/mreiter/Desktop/AER201/botL.X/main.asm
                  _40Next   0x000678    program     static /Users/mreiter/Desktop/AER201/botL.X/main.asm
                  _41Exit   0x00069a    program     static /Users/mreiter/Desktop/AER201/botL.X/main.asm
                  _41Next   0x00068e    program     static /Users/mreiter/Desktop/AER201/botL.X/main.asm
                  _42Exit   0x0006b0    program     static /Users/mreiter/Desktop/AER201/botL.X/main.asm
                  _42Next   0x0006a4    program     static /Users/mreiter/Desktop/AER201/botL.X/main.asm
                  _43Exit   0x0006c6    program     static /Users/mreiter/Desktop/AER201/botL.X/main.asm
                  _43Next   0x0006ba    program     static /Users/mreiter/Desktop/AER201/botL.X/main.asm
                  _44Exit   0x0006dc    program     static /Users/mreiter/Desktop/AER201/botL.X/main.asm
                  _44Next   0x0006d0    program     static /Users/mreiter/Desktop/AER201/botL.X/main.asm
                  _45Exit   0x0006f2    program     static /Users/mreiter/Desktop/AER201/botL.X/main.asm
                  _45Next   0x0006e6    program     static /Users/mreiter/Desktop/AER201/botL.X/main.asm
                  _46Exit   0x000708    program     static /Users/mreiter/Desktop/AER201/botL.X/main.asm
                  _46Next   0x0006fc    program     static /Users/mreiter/Desktop/AER201/botL.X/main.asm
                  _47Exit   0x00071e    program     static /Users/mreiter/Desktop/AER201/botL.X/main.asm
                  _47Next   0x000712    program     static /Users/mreiter/Desktop/AER201/botL.X/main.asm
                  _48Exit   0x000734    program     static /Users/mreiter/Desktop/AER201/botL.X/main.asm
                  _48Next   0x000728    program     static /Users/mreiter/Desktop/AER201/botL.X/main.asm
                  _49Exit   0x00074a    program     static /Users/mreiter/Desktop/AER201/botL.X/main.asm
                  _49Next   0x00073e    program     static /Users/mreiter/Desktop/AER201/botL.X/main.asm
                 _4endBCD   0x0000d8    program     static /Users/mreiter/Desktop/AER201/botL.X/main.asm
                   _4ones   0x0000d2    program     static /Users/mreiter/Desktop/AER201/botL.X/main.asm
                  _50loop   0x000762    program     static /Users/mreiter/Desktop/AER201/botL.X/main.asm
                  _53Exit   0x0007fa    program     static /Users/mreiter/Desktop/AER201/botL.X/main.asm
                  _53Next   0x0007ee    program     static /Users/mreiter/Desktop/AER201/botL.X/main.asm
                  _54Exit   0x000810    program     static /Users/mreiter/Desktop/AER201/botL.X/main.asm
                  _54Next   0x000804    program     static /Users/mreiter/Desktop/AER201/botL.X/main.asm
                  _55loop   0x000828    program     static /Users/mreiter/Desktop/AER201/botL.X/main.asm
                  _56Exit   0x000856    program     static /Users/mreiter/Desktop/AER201/botL.X/main.asm
                  _56Next   0x00084a    program     static /Users/mreiter/Desktop/AER201/botL.X/main.asm
                  _57loop   0x000870    program     static /Users/mreiter/Desktop/AER201/botL.X/main.asm
                  _58loop   0x00088e    program     static /Users/mreiter/Desktop/AER201/botL.X/main.asm
                  _59Exit   0x0008bc    program     static /Users/mreiter/Desktop/AER201/botL.X/main.asm
                  _59Next   0x0008b0    program     static /Users/mreiter/Desktop/AER201/botL.X/main.asm
                  _60Exit   0x0008d2    program     static /Users/mreiter/Desktop/AER201/botL.X/main.asm
                  _60Next   0x0008c6    program     static /Users/mreiter/Desktop/AER201/botL.X/main.asm
                  _61loop   0x0008ec    program     static /Users/mreiter/Desktop/AER201/botL.X/main.asm
                  _93loop   0x000d68    program     static /Users/mreiter/Desktop/AER201/botL.X/main.asm
                  _94loop   0x000d76    program     static /Users/mreiter/Desktop/AER201/botL.X/main.asm
                  _99loop   0x000ec4    program     static /Users/mreiter/Desktop/AER201/botL.X/main.asm
                  _waitl0   0x0013b6    program     static /Users/mreiter/Desktop/AER201/botL.X/i2c_common.asm
                  _waitl1   0x001470    program     static /Users/mreiter/Desktop/AER201/botL.X/i2c_common.asm
                  _waitl2   0x00151e    program     static /Users/mreiter/Desktop/AER201/botL.X/i2c_common.asm
                       d2   0x0012f8    program     static /Users/mreiter/Desktop/AER201/botL.X/lcd.asm
                del_loop0   0x000c98    program     static /Users/mreiter/Desktop/AER201/botL.X/main.asm
                delay44us   0x0012dc    program     extern /Users/mreiter/Desktop/AER201/botL.X/lcd.asm
                 delay5ms   0x0012e8    program     extern /Users/mreiter/Desktop/AER201/botL.X/lcd.asm
               displayNum   0x000788    program     static /Users/mreiter/Desktop/AER201/botL.X/main.asm
         i2c_common_setup   0x0012fe    program     extern /Users/mreiter/Desktop/AER201/botL.X/i2c_common.asm
             lcdLongDelay   0x0012c6    program     static /Users/mreiter/Desktop/AER201/botL.X/lcd.asm
                loop200us   0x000dac    program     static /Users/mreiter/Desktop/AER201/botL.X/main.asm
                 loop50ms   0x000dba    program     static /Users/mreiter/Desktop/AER201/botL.X/main.asm
                  loop5us   0x000d9e    program     static /Users/mreiter/Desktop/AER201/botL.X/main.asm
                 read_rtc   0x001364    program     extern /Users/mreiter/Desktop/AER201/botL.X/i2c_common.asm
              rtc_convert   0x0013c6    program     extern /Users/mreiter/Desktop/AER201/botL.X/i2c_common.asm
                write_rtc   0x001320    program     extern /Users/mreiter/Desktop/AER201/botL.X/i2c_common.asm
           convert_buffer   0x000065       data     extern /Users/mreiter/Desktop/AER201/botL.X/i2c_common.asm
                 databyte   0x000061       data     extern /Users/mreiter/Desktop/AER201/botL.X/i2c_common.asm
                 datachar   0x000062       data     extern /Users/mreiter/Desktop/AER201/botL.X/i2c_common.asm
               ones_digit   0x000064       data     extern /Users/mreiter/Desktop/AER201/botL.X/i2c_common.asm
               regaddress   0x000060       data     extern /Users/mreiter/Desktop/AER201/botL.X/i2c_common.asm
               tens_digit   0x000063       data     extern /Users/mreiter/Desktop/AER201/botL.X/i2c_common.asm



                              Symbols - Sorted by Address
                     Name    Address   Location    Storage File                     
                ---------  ---------  ---------  --------- ---------                
           EMERGENCY_STOP   0x00001c    program     static /Users/mreiter/Desktop/AER201/botL.X/main.asm
        LOAD_STANDBY_TIME   0x000046    program     static /Users/mreiter/Desktop/AER201/botL.X/main.asm
            LOAD_EXE_TIME   0x000050    program     static /Users/mreiter/Desktop/AER201/botL.X/main.asm
                 ISR_HIGH   0x00005a    program     static /Users/mreiter/Desktop/AER201/botL.X/main.asm
                   _3ones   0x0000a0    program     static /Users/mreiter/Desktop/AER201/botL.X/main.asm
                 _3endBCD   0x0000a6    program     static /Users/mreiter/Desktop/AER201/botL.X/main.asm
                   _4ones   0x0000d2    program     static /Users/mreiter/Desktop/AER201/botL.X/main.asm
                 _4endBCD   0x0000d8    program     static /Users/mreiter/Desktop/AER201/botL.X/main.asm
             END_ISR_HIGH   0x0000da    program     static /Users/mreiter/Desktop/AER201/botL.X/main.asm
                  ISR_LOW   0x0000e4    program     static /Users/mreiter/Desktop/AER201/botL.X/main.asm
              END_ISR_LOW   0x000126    program     static /Users/mreiter/Desktop/AER201/botL.X/main.asm
                     INIT   0x000130    program     static /Users/mreiter/Desktop/AER201/botL.X/main.asm
                  _10loop   0x0001da    program     static /Users/mreiter/Desktop/AER201/botL.X/main.asm
                  _11loop   0x0001f8    program     static /Users/mreiter/Desktop/AER201/botL.X/main.asm
                  _12loop   0x000206    program     static /Users/mreiter/Desktop/AER201/botL.X/main.asm
                  STANDBY   0x000210    program     static /Users/mreiter/Desktop/AER201/botL.X/main.asm
                  _13loop   0x00022e    program     static /Users/mreiter/Desktop/AER201/botL.X/main.asm
                  _14loop   0x00024c    program     static /Users/mreiter/Desktop/AER201/botL.X/main.asm
             HOLD_STANDBY   0x000260    program     static /Users/mreiter/Desktop/AER201/botL.X/main.asm
                  _15Next   0x00026c    program     static /Users/mreiter/Desktop/AER201/botL.X/main.asm
                  _15Exit   0x000278    program     static /Users/mreiter/Desktop/AER201/botL.X/main.asm
                  _16Next   0x000282    program     static /Users/mreiter/Desktop/AER201/botL.X/main.asm
                  _16Exit   0x00028e    program     static /Users/mreiter/Desktop/AER201/botL.X/main.asm
                  _17Next   0x000298    program     static /Users/mreiter/Desktop/AER201/botL.X/main.asm
                  _17Exit   0x0002a4    program     static /Users/mreiter/Desktop/AER201/botL.X/main.asm
                  _18Next   0x0002ae    program     static /Users/mreiter/Desktop/AER201/botL.X/main.asm
                  _18Exit   0x0002ba    program     static /Users/mreiter/Desktop/AER201/botL.X/main.asm
                  _19Next   0x0002c4    program     static /Users/mreiter/Desktop/AER201/botL.X/main.asm
                  _19Exit   0x0002d0    program     static /Users/mreiter/Desktop/AER201/botL.X/main.asm
                  _20Next   0x0002da    program     static /Users/mreiter/Desktop/AER201/botL.X/main.asm
                  _20Exit   0x0002e6    program     static /Users/mreiter/Desktop/AER201/botL.X/main.asm
                STEP_TEST   0x0002ea    program     static /Users/mreiter/Desktop/AER201/botL.X/main.asm
                  _21loop   0x0002f2    program     static /Users/mreiter/Desktop/AER201/botL.X/main.asm
           ROTATE_90_TEST   0x0002fc    program     static /Users/mreiter/Desktop/AER201/botL.X/main.asm
              COLOUR_TEST   0x000396    program     static /Users/mreiter/Desktop/AER201/botL.X/main.asm
                  LOOPING   0x0003a0    program     static /Users/mreiter/Desktop/AER201/botL.X/main.asm
                  _22loop   0x0003a4    program     static /Users/mreiter/Desktop/AER201/botL.X/main.asm
                  _23loop   0x0003be    program     static /Users/mreiter/Desktop/AER201/botL.X/main.asm
                EXECUTION   0x0003ca    program     static /Users/mreiter/Desktop/AER201/botL.X/main.asm
                  _24loop   0x0003ec    program     static /Users/mreiter/Desktop/AER201/botL.X/main.asm
   COLLECTIONS_CORRECTION   0x000420    program     static /Users/mreiter/Desktop/AER201/botL.X/main.asm
        COLLECTIONS_VALUE   0x00042a    program     static /Users/mreiter/Desktop/AER201/botL.X/main.asm
         COLLECTIONS_STEP   0x000434    program     static /Users/mreiter/Desktop/AER201/botL.X/main.asm
                  _25loop   0x00043c    program     static /Users/mreiter/Desktop/AER201/botL.X/main.asm
                ROTATE_45   0x000446    program     static /Users/mreiter/Desktop/AER201/botL.X/main.asm
                  _26loop   0x00044e    program     static /Users/mreiter/Desktop/AER201/botL.X/main.asm
                  _27loop   0x00046c    program     static /Users/mreiter/Desktop/AER201/botL.X/main.asm
                  _28loop   0x000480    program     static /Users/mreiter/Desktop/AER201/botL.X/main.asm
                  _29loop   0x000494    program     static /Users/mreiter/Desktop/AER201/botL.X/main.asm
               DETECTIONS   0x0004a4    program     static /Users/mreiter/Desktop/AER201/botL.X/main.asm
                  _30loop   0x0004ac    program     static /Users/mreiter/Desktop/AER201/botL.X/main.asm
                  _31loop   0x0004ba    program     static /Users/mreiter/Desktop/AER201/botL.X/main.asm
             INC_YOPNOCAP   0x0004e8    program     static /Users/mreiter/Desktop/AER201/botL.X/main.asm
               INC_YOPCAP   0x0004ec    program     static /Users/mreiter/Desktop/AER201/botL.X/main.asm
            INC_ESKANOCAP   0x0004f0    program     static /Users/mreiter/Desktop/AER201/botL.X/main.asm
              INC_ESKACAP   0x0004f4    program     static /Users/mreiter/Desktop/AER201/botL.X/main.asm
               CHECK_DONE   0x0004f8    program     static /Users/mreiter/Desktop/AER201/botL.X/main.asm
                 EXIT_EXE   0x000552    program     static /Users/mreiter/Desktop/AER201/botL.X/main.asm
                  _32loop   0x00056e    program     static /Users/mreiter/Desktop/AER201/botL.X/main.asm
                      LOG   0x000580    program     static /Users/mreiter/Desktop/AER201/botL.X/main.asm
                  _33loop   0x000596    program     static /Users/mreiter/Desktop/AER201/botL.X/main.asm
                 HOLD_LOG   0x0005b4    program     static /Users/mreiter/Desktop/AER201/botL.X/main.asm
                  _34Next   0x0005c0    program     static /Users/mreiter/Desktop/AER201/botL.X/main.asm
                  _34Exit   0x0005cc    program     static /Users/mreiter/Desktop/AER201/botL.X/main.asm
                  _35Next   0x0005d6    program     static /Users/mreiter/Desktop/AER201/botL.X/main.asm
                  _35Exit   0x0005e2    program     static /Users/mreiter/Desktop/AER201/botL.X/main.asm
                 LOG_INFO   0x0005e6    program     static /Users/mreiter/Desktop/AER201/botL.X/main.asm
                  _36loop   0x000604    program     static /Users/mreiter/Desktop/AER201/botL.X/main.asm
            HOLD_LOG_INFO   0x000612    program     static /Users/mreiter/Desktop/AER201/botL.X/main.asm
                  _37Next   0x00061e    program     static /Users/mreiter/Desktop/AER201/botL.X/main.asm
                  _37Exit   0x00062a    program     static /Users/mreiter/Desktop/AER201/botL.X/main.asm
                 PERM_LOG   0x00062e    program     static /Users/mreiter/Desktop/AER201/botL.X/main.asm
                  _38loop   0x000644    program     static /Users/mreiter/Desktop/AER201/botL.X/main.asm
                  _39loop   0x000662    program     static /Users/mreiter/Desktop/AER201/botL.X/main.asm
            HOLD_PERM_LOG   0x00066c    program     static /Users/mreiter/Desktop/AER201/botL.X/main.asm
                  _40Next   0x000678    program     static /Users/mreiter/Desktop/AER201/botL.X/main.asm
                  _40Exit   0x000684    program     static /Users/mreiter/Desktop/AER201/botL.X/main.asm
                  _41Next   0x00068e    program     static /Users/mreiter/Desktop/AER201/botL.X/main.asm
                  _41Exit   0x00069a    program     static /Users/mreiter/Desktop/AER201/botL.X/main.asm
                  _42Next   0x0006a4    program     static /Users/mreiter/Desktop/AER201/botL.X/main.asm
                  _42Exit   0x0006b0    program     static /Users/mreiter/Desktop/AER201/botL.X/main.asm
                  _43Next   0x0006ba    program     static /Users/mreiter/Desktop/AER201/botL.X/main.asm
                  _43Exit   0x0006c6    program     static /Users/mreiter/Desktop/AER201/botL.X/main.asm
                  _44Next   0x0006d0    program     static /Users/mreiter/Desktop/AER201/botL.X/main.asm
                  _44Exit   0x0006dc    program     static /Users/mreiter/Desktop/AER201/botL.X/main.asm
                  _45Next   0x0006e6    program     static /Users/mreiter/Desktop/AER201/botL.X/main.asm
                  _45Exit   0x0006f2    program     static /Users/mreiter/Desktop/AER201/botL.X/main.asm
                  _46Next   0x0006fc    program     static /Users/mreiter/Desktop/AER201/botL.X/main.asm
                  _46Exit   0x000708    program     static /Users/mreiter/Desktop/AER201/botL.X/main.asm
                  _47Next   0x000712    program     static /Users/mreiter/Desktop/AER201/botL.X/main.asm
                  _47Exit   0x00071e    program     static /Users/mreiter/Desktop/AER201/botL.X/main.asm
                  _48Next   0x000728    program     static /Users/mreiter/Desktop/AER201/botL.X/main.asm
                  _48Exit   0x000734    program     static /Users/mreiter/Desktop/AER201/botL.X/main.asm
                  _49Next   0x00073e    program     static /Users/mreiter/Desktop/AER201/botL.X/main.asm
                  _49Exit   0x00074a    program     static /Users/mreiter/Desktop/AER201/botL.X/main.asm
                     PLOG   0x00074e    program     static /Users/mreiter/Desktop/AER201/botL.X/main.asm
                  _50loop   0x000762    program     static /Users/mreiter/Desktop/AER201/botL.X/main.asm
               displayNum   0x000788    program     static /Users/mreiter/Desktop/AER201/botL.X/main.asm
                HOLD_PLOG   0x0007e2    program     static /Users/mreiter/Desktop/AER201/botL.X/main.asm
                  _53Next   0x0007ee    program     static /Users/mreiter/Desktop/AER201/botL.X/main.asm
                  _53Exit   0x0007fa    program     static /Users/mreiter/Desktop/AER201/botL.X/main.asm
                  _54Next   0x000804    program     static /Users/mreiter/Desktop/AER201/botL.X/main.asm
                  _54Exit   0x000810    program     static /Users/mreiter/Desktop/AER201/botL.X/main.asm
             PLOG_DETAILS   0x000814    program     static /Users/mreiter/Desktop/AER201/botL.X/main.asm
                  _55loop   0x000828    program     static /Users/mreiter/Desktop/AER201/botL.X/main.asm
        HOLD_PLOG_DETAILS   0x00083e    program     static /Users/mreiter/Desktop/AER201/botL.X/main.asm
                  _56Next   0x00084a    program     static /Users/mreiter/Desktop/AER201/botL.X/main.asm
                  _56Exit   0x000856    program     static /Users/mreiter/Desktop/AER201/botL.X/main.asm
                  PC_MODE   0x00085a    program     static /Users/mreiter/Desktop/AER201/botL.X/main.asm
                  _57loop   0x000870    program     static /Users/mreiter/Desktop/AER201/botL.X/main.asm
                  _58loop   0x00088e    program     static /Users/mreiter/Desktop/AER201/botL.X/main.asm
                  HOLD_PC   0x0008a4    program     static /Users/mreiter/Desktop/AER201/botL.X/main.asm
                  _59Next   0x0008b0    program     static /Users/mreiter/Desktop/AER201/botL.X/main.asm
                  _59Exit   0x0008bc    program     static /Users/mreiter/Desktop/AER201/botL.X/main.asm
                  _60Next   0x0008c6    program     static /Users/mreiter/Desktop/AER201/botL.X/main.asm
                  _60Exit   0x0008d2    program     static /Users/mreiter/Desktop/AER201/botL.X/main.asm
              PC_TRANSFER   0x0008d6    program     static /Users/mreiter/Desktop/AER201/botL.X/main.asm
                  _61loop   0x0008ec    program     static /Users/mreiter/Desktop/AER201/botL.X/main.asm
                 SaveData   0x000900    program     static /Users/mreiter/Desktop/AER201/botL.X/main.asm
             _.org_2_0914   0x000914    program     static /Users/mreiter/Desktop/AER201/botL.X/main.asm
             _.org_2_092C   0x00092c    program     static /Users/mreiter/Desktop/AER201/botL.X/main.asm
             _.org_2_0948   0x000948    program     static /Users/mreiter/Desktop/AER201/botL.X/main.asm
             _.org_2_0960   0x000960    program     static /Users/mreiter/Desktop/AER201/botL.X/main.asm
             _.org_2_097C   0x00097c    program     static /Users/mreiter/Desktop/AER201/botL.X/main.asm
             _.org_2_0994   0x000994    program     static /Users/mreiter/Desktop/AER201/botL.X/main.asm
             _.org_2_09B0   0x0009b0    program     static /Users/mreiter/Desktop/AER201/botL.X/main.asm
             _.org_2_09C8   0x0009c8    program     static /Users/mreiter/Desktop/AER201/botL.X/main.asm
             _.org_2_09E4   0x0009e4    program     static /Users/mreiter/Desktop/AER201/botL.X/main.asm
             _.org_2_09FC   0x0009fc    program     static /Users/mreiter/Desktop/AER201/botL.X/main.asm
                ShiftLoop   0x000a18    program     static /Users/mreiter/Desktop/AER201/botL.X/main.asm
             _.org_2_0A3E   0x000a3e    program     static /Users/mreiter/Desktop/AER201/botL.X/main.asm
             _.org_2_0A56   0x000a56    program     static /Users/mreiter/Desktop/AER201/botL.X/main.asm
                 RTC_INIT   0x000a7e    program     static /Users/mreiter/Desktop/AER201/botL.X/main.asm
                SAVE_TIME   0x000a8c    program     static /Users/mreiter/Desktop/AER201/botL.X/main.asm
            SAVE_EXE_TIME   0x000b02    program     static /Users/mreiter/Desktop/AER201/botL.X/main.asm
             _.org_2_0B1E   0x000b1e    program     static /Users/mreiter/Desktop/AER201/botL.X/main.asm
             _.org_2_0B36   0x000b36    program     static /Users/mreiter/Desktop/AER201/botL.X/main.asm
             _.org_2_0B5A   0x000b5a    program     static /Users/mreiter/Desktop/AER201/botL.X/main.asm
             _.org_2_0B72   0x000b72    program     static /Users/mreiter/Desktop/AER201/botL.X/main.asm
             _.org_2_0B96   0x000b96    program     static /Users/mreiter/Desktop/AER201/botL.X/main.asm
             _.org_2_0BAE   0x000bae    program     static /Users/mreiter/Desktop/AER201/botL.X/main.asm
              DISPLAY_RTC   0x000bb8    program     static /Users/mreiter/Desktop/AER201/botL.X/main.asm
                 SET_TIME   0x000c92    program     static /Users/mreiter/Desktop/AER201/botL.X/main.asm
                del_loop0   0x000c98    program     static /Users/mreiter/Desktop/AER201/botL.X/main.asm
               INIT_USART   0x000cfa    program     static /Users/mreiter/Desktop/AER201/botL.X/main.asm
                DataUSART   0x000d0e    program     static /Users/mreiter/Desktop/AER201/botL.X/main.asm
            TRANSFER_LOGS   0x000d1e    program     static /Users/mreiter/Desktop/AER201/botL.X/main.asm
            TRANSFER_DATA   0x000d28    program     static /Users/mreiter/Desktop/AER201/botL.X/main.asm
                  _93loop   0x000d68    program     static /Users/mreiter/Desktop/AER201/botL.X/main.asm
                  _94loop   0x000d76    program     static /Users/mreiter/Desktop/AER201/botL.X/main.asm
               USART_WAIT   0x000d82    program     static /Users/mreiter/Desktop/AER201/botL.X/main.asm
             _.org_2_0D86   0x000d86    program     static /Users/mreiter/Desktop/AER201/botL.X/main.asm
               USART_LINE   0x000d8c    program     static /Users/mreiter/Desktop/AER201/botL.X/main.asm
                 Delay5us   0x000d9a    program     static /Users/mreiter/Desktop/AER201/botL.X/main.asm
                  loop5us   0x000d9e    program     static /Users/mreiter/Desktop/AER201/botL.X/main.asm
               Delay200us   0x000da8    program     static /Users/mreiter/Desktop/AER201/botL.X/main.asm
                loop200us   0x000dac    program     static /Users/mreiter/Desktop/AER201/botL.X/main.asm
                Delay50ms   0x000db6    program     static /Users/mreiter/Desktop/AER201/botL.X/main.asm
                 loop50ms   0x000dba    program     static /Users/mreiter/Desktop/AER201/botL.X/main.asm
                   Cycles   0x000dc0    program     static /Users/mreiter/Desktop/AER201/botL.X/main.asm
              WriteEE_RTC   0x000dca    program     static /Users/mreiter/Desktop/AER201/botL.X/main.asm
             _.org_2_0DD8   0x000dd8    program     static /Users/mreiter/Desktop/AER201/botL.X/main.asm
             _.org_2_0DF0   0x000df0    program     static /Users/mreiter/Desktop/AER201/botL.X/main.asm
             _.org_2_0E06   0x000e06    program     static /Users/mreiter/Desktop/AER201/botL.X/main.asm
             _.org_2_0E1E   0x000e1e    program     static /Users/mreiter/Desktop/AER201/botL.X/main.asm
           ClearEEPROM_21   0x000e28    program     static /Users/mreiter/Desktop/AER201/botL.X/main.asm
                ClearNext   0x000e30    program     static /Users/mreiter/Desktop/AER201/botL.X/main.asm
             _.org_2_0E3E   0x000e3e    program     static /Users/mreiter/Desktop/AER201/botL.X/main.asm
             _.org_2_0E56   0x000e56    program     static /Users/mreiter/Desktop/AER201/botL.X/main.asm
                 READ_KEY   0x000e6e    program     static /Users/mreiter/Desktop/AER201/botL.X/main.asm
             _.org_2_0E7C   0x000e7c    program     static /Users/mreiter/Desktop/AER201/botL.X/main.asm
            READ_KEY_TIME   0x000e82    program     static /Users/mreiter/Desktop/AER201/botL.X/main.asm
             _.org_2_0E94   0x000e94    program     static /Users/mreiter/Desktop/AER201/botL.X/main.asm
           DisplayExeTime   0x000e9a    program     static /Users/mreiter/Desktop/AER201/botL.X/main.asm
                  _99loop   0x000ec4    program     static /Users/mreiter/Desktop/AER201/botL.X/main.asm
        NoSkipDispExeTime   0x000ed8    program     static /Users/mreiter/Desktop/AER201/botL.X/main.asm
          SkipDispExeTime   0x000f2a    program     static /Users/mreiter/Desktop/AER201/botL.X/main.asm
               DispOpSort   0x000f2c    program     static /Users/mreiter/Desktop/AER201/botL.X/main.asm
                 _104loop   0x000f56    program     static /Users/mreiter/Desktop/AER201/botL.X/main.asm
         NoSkipDispOpSort   0x000f68    program     static /Users/mreiter/Desktop/AER201/botL.X/main.asm
           SkipDispOpSort   0x001002    program     static /Users/mreiter/Desktop/AER201/botL.X/main.asm
                DispOpRTC   0x001004    program     static /Users/mreiter/Desktop/AER201/botL.X/main.asm
                 _110loop   0x00102e    program     static /Users/mreiter/Desktop/AER201/botL.X/main.asm
          NoSkipDispOpRTC   0x001040    program     static /Users/mreiter/Desktop/AER201/botL.X/main.asm
            SkipDispOpRTC   0x0010a0    program     static /Users/mreiter/Desktop/AER201/botL.X/main.asm
         DispOpRTC_Helper   0x0010a2    program     static /Users/mreiter/Desktop/AER201/botL.X/main.asm
                  Welcome   0x0010dc    program     static /Users/mreiter/Desktop/AER201/botL.X/main.asm
                     Team   0x0010e2    program     static /Users/mreiter/Desktop/AER201/botL.X/main.asm
                  StandBy   0x0010ec    program     static /Users/mreiter/Desktop/AER201/botL.X/main.asm
              StandbyInfo   0x001114    program     static /Users/mreiter/Desktop/AER201/botL.X/main.asm
                     Log1   0x00113c    program     static /Users/mreiter/Desktop/AER201/botL.X/main.asm
                     Log2   0x001142    program     static /Users/mreiter/Desktop/AER201/botL.X/main.asm
                 LogInfo1   0x001150    program     static /Users/mreiter/Desktop/AER201/botL.X/main.asm
                 LogInfo2   0x001158    program     static /Users/mreiter/Desktop/AER201/botL.X/main.asm
                 PermLog1   0x001162    program     static /Users/mreiter/Desktop/AER201/botL.X/main.asm
                 PermLog2   0x001172    program     static /Users/mreiter/Desktop/AER201/botL.X/main.asm
                     Exe1   0x00117e    program     static /Users/mreiter/Desktop/AER201/botL.X/main.asm
                     Exe2   0x00118a    program     static /Users/mreiter/Desktop/AER201/botL.X/main.asm
                      PC1   0x001192    program     static /Users/mreiter/Desktop/AER201/botL.X/main.asm
                      PC2   0x0011a0    program     static /Users/mreiter/Desktop/AER201/botL.X/main.asm
               PCTransfer   0x0011aa    program     static /Users/mreiter/Desktop/AER201/botL.X/main.asm
               PCComplete   0x0011ba    program     static /Users/mreiter/Desktop/AER201/botL.X/main.asm
                     SAVE   0x0011c4    program     static /Users/mreiter/Desktop/AER201/botL.X/main.asm
                   NoData   0x0011ce    program     static /Users/mreiter/Desktop/AER201/botL.X/main.asm
                  InitLCD   0x0011d2    program     extern /Users/mreiter/Desktop/AER201/botL.X/lcd.asm
                   WR_INS   0x00122a    program     extern /Users/mreiter/Desktop/AER201/botL.X/lcd.asm
                  WR_DATA   0x001246    program     extern /Users/mreiter/Desktop/AER201/botL.X/lcd.asm
                   WrtLCD   0x00126a    program     extern /Users/mreiter/Desktop/AER201/botL.X/lcd.asm
                   ClrLCD   0x001280    program     extern /Users/mreiter/Desktop/AER201/botL.X/lcd.asm
                   ClkLCD   0x00128e    program     extern /Users/mreiter/Desktop/AER201/botL.X/lcd.asm
              _.code_00C8   0x00129a    program     static /Users/mreiter/Desktop/AER201/botL.X/lcd.asm
                    Shift   0x0012a0    program     extern /Users/mreiter/Desktop/AER201/botL.X/lcd.asm
                   LCD_L1   0x0012ac    program     extern /Users/mreiter/Desktop/AER201/botL.X/lcd.asm
                   LCD_L2   0x0012b4    program     extern /Users/mreiter/Desktop/AER201/botL.X/lcd.asm
                   MovMSB   0x0012bc    program     static /Users/mreiter/Desktop/AER201/botL.X/lcd.asm
             lcdLongDelay   0x0012c6    program     static /Users/mreiter/Desktop/AER201/botL.X/lcd.asm
                 LLD_LOOP   0x0012ca    program     static /Users/mreiter/Desktop/AER201/botL.X/lcd.asm
              _.code_00FE   0x0012d0    program     static /Users/mreiter/Desktop/AER201/botL.X/lcd.asm
                delay44us   0x0012dc    program     extern /Users/mreiter/Desktop/AER201/botL.X/lcd.asm
            Delay44usLoop   0x0012e0    program     static /Users/mreiter/Desktop/AER201/botL.X/lcd.asm
                 delay5ms   0x0012e8    program     extern /Users/mreiter/Desktop/AER201/botL.X/lcd.asm
             Delay5msLoop   0x0012f0    program     static /Users/mreiter/Desktop/AER201/botL.X/lcd.asm
                       d2   0x0012f8    program     static /Users/mreiter/Desktop/AER201/botL.X/lcd.asm
         i2c_common_setup   0x0012fe    program     extern /Users/mreiter/Desktop/AER201/botL.X/i2c_common.asm
              _.code_001C   0x00131a    program     static /Users/mreiter/Desktop/AER201/botL.X/i2c_common.asm
                write_rtc   0x001320    program     extern /Users/mreiter/Desktop/AER201/botL.X/i2c_common.asm
              _.code_002A   0x001328    program     static /Users/mreiter/Desktop/AER201/botL.X/i2c_common.asm
              _.code_0032   0x001330    program     static /Users/mreiter/Desktop/AER201/botL.X/i2c_common.asm
              _.code_0038   0x001336    program     static /Users/mreiter/Desktop/AER201/botL.X/i2c_common.asm
              _.code_0042   0x001340    program     static /Users/mreiter/Desktop/AER201/botL.X/i2c_common.asm
              _.code_0048   0x001346    program     static /Users/mreiter/Desktop/AER201/botL.X/i2c_common.asm
              _.code_0052   0x001350    program     static /Users/mreiter/Desktop/AER201/botL.X/i2c_common.asm
              _.code_0058   0x001356    program     static /Users/mreiter/Desktop/AER201/botL.X/i2c_common.asm
              _.code_0060   0x00135e    program     static /Users/mreiter/Desktop/AER201/botL.X/i2c_common.asm
                 read_rtc   0x001364    program     extern /Users/mreiter/Desktop/AER201/botL.X/i2c_common.asm
              _.code_006E   0x00136c    program     static /Users/mreiter/Desktop/AER201/botL.X/i2c_common.asm
              _.code_0076   0x001374    program     static /Users/mreiter/Desktop/AER201/botL.X/i2c_common.asm
              _.code_007C   0x00137a    program     static /Users/mreiter/Desktop/AER201/botL.X/i2c_common.asm
              _.code_0086   0x001384    program     static /Users/mreiter/Desktop/AER201/botL.X/i2c_common.asm
              _.code_008C   0x00138a    program     static /Users/mreiter/Desktop/AER201/botL.X/i2c_common.asm
              _.code_0094   0x001392    program     static /Users/mreiter/Desktop/AER201/botL.X/i2c_common.asm
              _.code_009C   0x00139a    program     static /Users/mreiter/Desktop/AER201/botL.X/i2c_common.asm
              _.code_00A2   0x0013a0    program     static /Users/mreiter/Desktop/AER201/botL.X/i2c_common.asm
              _.code_00AA   0x0013a8    program     static /Users/mreiter/Desktop/AER201/botL.X/i2c_common.asm
                  _waitl0   0x0013b6    program     static /Users/mreiter/Desktop/AER201/botL.X/i2c_common.asm
              _.code_00C2   0x0013c0    program     static /Users/mreiter/Desktop/AER201/botL.X/i2c_common.asm
              rtc_convert   0x0013c6    program     extern /Users/mreiter/Desktop/AER201/botL.X/i2c_common.asm
                 INIT_RTC   0x0013dc    program     extern /Users/mreiter/Desktop/AER201/botL.X/i2c_common.asm
              _.code_00E6   0x0013e4    program     static /Users/mreiter/Desktop/AER201/botL.X/i2c_common.asm
              _.code_00EE   0x0013ec    program     static /Users/mreiter/Desktop/AER201/botL.X/i2c_common.asm
              _.code_00F4   0x0013f2    program     static /Users/mreiter/Desktop/AER201/botL.X/i2c_common.asm
              _.code_00FC   0x0013fa    program     static /Users/mreiter/Desktop/AER201/botL.X/i2c_common.asm
              _.code_0102   0x001400    program     static /Users/mreiter/Desktop/AER201/botL.X/i2c_common.asm
              _.code_010A   0x001408    program     static /Users/mreiter/Desktop/AER201/botL.X/i2c_common.asm
              _.code_0110   0x00140e    program     static /Users/mreiter/Desktop/AER201/botL.X/i2c_common.asm
              _.code_0118   0x001416    program     static /Users/mreiter/Desktop/AER201/botL.X/i2c_common.asm
          READ_COLOUR_I2C   0x00141c    program     extern /Users/mreiter/Desktop/AER201/botL.X/i2c_common.asm
              _.code_0126   0x001424    program     static /Users/mreiter/Desktop/AER201/botL.X/i2c_common.asm
              _.code_012E   0x00142c    program     static /Users/mreiter/Desktop/AER201/botL.X/i2c_common.asm
              _.code_0134   0x001432    program     static /Users/mreiter/Desktop/AER201/botL.X/i2c_common.asm
              _.code_0140   0x00143e    program     static /Users/mreiter/Desktop/AER201/botL.X/i2c_common.asm
              _.code_0146   0x001444    program     static /Users/mreiter/Desktop/AER201/botL.X/i2c_common.asm
              _.code_014E   0x00144c    program     static /Users/mreiter/Desktop/AER201/botL.X/i2c_common.asm
              _.code_0156   0x001454    program     static /Users/mreiter/Desktop/AER201/botL.X/i2c_common.asm
              _.code_015C   0x00145a    program     static /Users/mreiter/Desktop/AER201/botL.X/i2c_common.asm
              _.code_0164   0x001462    program     static /Users/mreiter/Desktop/AER201/botL.X/i2c_common.asm
                  _waitl1   0x001470    program     static /Users/mreiter/Desktop/AER201/botL.X/i2c_common.asm
              _.code_017C   0x00147a    program     static /Users/mreiter/Desktop/AER201/botL.X/i2c_common.asm
         WRITE_COLOUR_I2C   0x001480    program     extern /Users/mreiter/Desktop/AER201/botL.X/i2c_common.asm
              _.code_018A   0x001488    program     static /Users/mreiter/Desktop/AER201/botL.X/i2c_common.asm
              _.code_0192   0x001490    program     static /Users/mreiter/Desktop/AER201/botL.X/i2c_common.asm
              _.code_0198   0x001496    program     static /Users/mreiter/Desktop/AER201/botL.X/i2c_common.asm
              _.code_01A4   0x0014a2    program     static /Users/mreiter/Desktop/AER201/botL.X/i2c_common.asm
              _.code_01AA   0x0014a8    program     static /Users/mreiter/Desktop/AER201/botL.X/i2c_common.asm
              _.code_01B6   0x0014b4    program     static /Users/mreiter/Desktop/AER201/botL.X/i2c_common.asm
              _.code_01BC   0x0014ba    program     static /Users/mreiter/Desktop/AER201/botL.X/i2c_common.asm
              _.code_01C4   0x0014c2    program     static /Users/mreiter/Desktop/AER201/botL.X/i2c_common.asm
             INIT_ARDUINO   0x0014c8    program     extern /Users/mreiter/Desktop/AER201/botL.X/i2c_common.asm
              _.code_01D2   0x0014d0    program     static /Users/mreiter/Desktop/AER201/botL.X/i2c_common.asm
              _.code_01DA   0x0014d8    program     static /Users/mreiter/Desktop/AER201/botL.X/i2c_common.asm
              _.code_01E0   0x0014de    program     static /Users/mreiter/Desktop/AER201/botL.X/i2c_common.asm
              _.code_01E8   0x0014e6    program     static /Users/mreiter/Desktop/AER201/botL.X/i2c_common.asm
             READ_ARDUINO   0x0014ec    program     extern /Users/mreiter/Desktop/AER201/botL.X/i2c_common.asm
              _.code_01F6   0x0014f4    program     static /Users/mreiter/Desktop/AER201/botL.X/i2c_common.asm
              _.code_01FE   0x0014fc    program     static /Users/mreiter/Desktop/AER201/botL.X/i2c_common.asm
              _.code_0206   0x001504    program     static /Users/mreiter/Desktop/AER201/botL.X/i2c_common.asm
              _.code_020C   0x00150a    program     static /Users/mreiter/Desktop/AER201/botL.X/i2c_common.asm
              _.code_0214   0x001512    program     static /Users/mreiter/Desktop/AER201/botL.X/i2c_common.asm
                  _waitl2   0x00151e    program     static /Users/mreiter/Desktop/AER201/botL.X/i2c_common.asm
              _.code_022A   0x001528    program     static /Users/mreiter/Desktop/AER201/botL.X/i2c_common.asm
                CHECK_ACK   0x00152e    program     extern /Users/mreiter/Desktop/AER201/botL.X/i2c.asm
                 I2C_temp   0x00152e    program     static /Users/mreiter/Desktop/AER201/botL.X/i2c.asm
                I2C_ACKDT   0x00152e    program     extern /Users/mreiter/Desktop/AER201/botL.X/i2c.asm
               CHECK_NACK   0x001532    program     extern /Users/mreiter/Desktop/AER201/botL.X/i2c.asm
                TEST_NACK   0x001536    program     static /Users/mreiter/Desktop/AER201/botL.X/i2c.asm
          I2C_Master_INIT   0x00153e    program     extern /Users/mreiter/Desktop/AER201/botL.X/i2c.asm
                     WAIT   0x001550    program     static /Users/mreiter/Desktop/AER201/botL.X/i2c.asm
          I2C_Master_WAIT   0x001550    program     extern /Users/mreiter/Desktop/AER201/botL.X/i2c.asm
         I2C_Master_START   0x001560    program     extern /Users/mreiter/Desktop/AER201/botL.X/i2c.asm
        I2C_Master_RSTART   0x001568    program     extern /Users/mreiter/Desktop/AER201/botL.X/i2c.asm
          I2C_Master_STOP   0x001570    program     extern /Users/mreiter/Desktop/AER201/botL.X/i2c.asm
         I2C_Master_WRITE   0x001578    program     extern /Users/mreiter/Desktop/AER201/botL.X/i2c.asm
                  HOLD_UP   0x00157e    program     static /Users/mreiter/Desktop/AER201/botL.X/i2c.asm
          I2C_Master_READ   0x001586    program     extern /Users/mreiter/Desktop/AER201/botL.X/i2c.asm
                     LOOP   0x00158c    program     static /Users/mreiter/Desktop/AER201/botL.X/i2c.asm
           I2C_Master_ACK   0x001594    program     extern /Users/mreiter/Desktop/AER201/botL.X/i2c.asm
                 TEST_ACK   0x001598    program     static /Users/mreiter/Desktop/AER201/botL.X/i2c.asm
               regaddress   0x000060       data     extern /Users/mreiter/Desktop/AER201/botL.X/i2c_common.asm
                 databyte   0x000061       data     extern /Users/mreiter/Desktop/AER201/botL.X/i2c_common.asm
                 datachar   0x000062       data     extern /Users/mreiter/Desktop/AER201/botL.X/i2c_common.asm
               tens_digit   0x000063       data     extern /Users/mreiter/Desktop/AER201/botL.X/i2c_common.asm
               ones_digit   0x000064       data     extern /Users/mreiter/Desktop/AER201/botL.X/i2c_common.asm
           convert_buffer   0x000065       data     extern /Users/mreiter/Desktop/AER201/botL.X/i2c_common.asm


