MPLINK 5.08, LINKER
Linker Map File - Created Wed Feb 22 20:11:45 2017

                                 Section Info
                  Section       Type    Address   Location Size(Bytes)
                ---------  ---------  ---------  ---------  ---------
                   .org_0       code   0x000000    program   0x000004
                   .cinit    romdata   0x000004    program   0x000002
                   .org_1       code   0x000008    program   0x000004
                   .org_2       code   0x000018    program   0x000e84
                    .code       code   0x000e9c    program   0x0004be
.config_300001_BUILD/DEFAULT/PRODUCTION/MAIN.O    romdata   0x300001    program   0x000001
.config_300002_BUILD/DEFAULT/PRODUCTION/MAIN.O    romdata   0x300002    program   0x000001
.config_300003_BUILD/DEFAULT/PRODUCTION/MAIN.O    romdata   0x300003    program   0x000001
.config_300005_BUILD/DEFAULT/PRODUCTION/MAIN.O    romdata   0x300005    program   0x000001
.config_300006_BUILD/DEFAULT/PRODUCTION/MAIN.O    romdata   0x300006    program   0x000001
.config_300008_BUILD/DEFAULT/PRODUCTION/MAIN.O    romdata   0x300008    program   0x000001
.config_300009_BUILD/DEFAULT/PRODUCTION/MAIN.O    romdata   0x300009    program   0x000001
.config_30000A_BUILD/DEFAULT/PRODUCTION/MAIN.O    romdata   0x30000a    program   0x000001
.config_30000B_BUILD/DEFAULT/PRODUCTION/MAIN.O    romdata   0x30000b    program   0x000001
.config_30000C_BUILD/DEFAULT/PRODUCTION/MAIN.O    romdata   0x30000c    program   0x000001
.config_30000D_BUILD/DEFAULT/PRODUCTION/MAIN.O    romdata   0x30000d    program   0x000001
                   .udata      udata   0x000080       data   0x000008



                              Program Memory Usage 
                               Start         End      
                           ---------   ---------      
                            0x000000    0x000005      
                            0x000008    0x00000b      
                            0x000018    0x001359      
                            0x300001    0x300003      
                            0x300005    0x300006      
                            0x300008    0x30000d      
            4951 out of 66584 program addresses used, program memory utilization is 7%



                              Symbols - Sorted by Name
                     Name    Address   Location    Storage File                     
                ---------  ---------  ---------  --------- ---------                
                CHECK_ACK   0x0012ea    program     extern /Users/mreiter/Desktop/AER201/botL.X/i2c.asm
               CHECK_BLUE   0x0003c8    program     static /Users/mreiter/Desktop/AER201/botL.X/main.asm
              CHECK_CLEAR   0x0002ea    program     static /Users/mreiter/Desktop/AER201/botL.X/main.asm
              CHECK_GREEN   0x00037e    program     static /Users/mreiter/Desktop/AER201/botL.X/main.asm
               CHECK_NACK   0x0012ee    program     extern /Users/mreiter/Desktop/AER201/botL.X/i2c.asm
                CHECK_RED   0x000334    program     static /Users/mreiter/Desktop/AER201/botL.X/main.asm
              COLOUR_TEST   0x000412    program     static /Users/mreiter/Desktop/AER201/botL.X/main.asm
           ClearEEPROM_21   0x000cbc    program     static /Users/mreiter/Desktop/AER201/botL.X/main.asm
                ClearNext   0x000cc4    program     static /Users/mreiter/Desktop/AER201/botL.X/main.asm
                   ClkLCD   0x00102a    program     extern /Users/mreiter/Desktop/AER201/botL.X/lcd.asm
                   ClrLCD   0x00101c    program     extern /Users/mreiter/Desktop/AER201/botL.X/lcd.asm
                   Cycles   0x000c54    program     static /Users/mreiter/Desktop/AER201/botL.X/main.asm
              DISPLAY_RTC   0x000adc    program     static /Users/mreiter/Desktop/AER201/botL.X/main.asm
               Delay200us   0x000c3c    program     static /Users/mreiter/Desktop/AER201/botL.X/main.asm
            Delay44usLoop   0x001070    program     static /Users/mreiter/Desktop/AER201/botL.X/lcd.asm
                Delay50ms   0x000c4a    program     static /Users/mreiter/Desktop/AER201/botL.X/main.asm
             Delay5msLoop   0x001080    program     static /Users/mreiter/Desktop/AER201/botL.X/lcd.asm
                 Delay5us   0x000c2e    program     static /Users/mreiter/Desktop/AER201/botL.X/main.asm
                DispOpRTC   0x000dc4    program     static /Users/mreiter/Desktop/AER201/botL.X/main.asm
         DispOpRTC_Helper   0x000e62    program     static /Users/mreiter/Desktop/AER201/botL.X/main.asm
           DisplayExeTime   0x000d32    program     static /Users/mreiter/Desktop/AER201/botL.X/main.asm
             END_ISR_HIGH   0x0000cc    program     static /Users/mreiter/Desktop/AER201/botL.X/main.asm
              END_ISR_LOW   0x0000f2    program     static /Users/mreiter/Desktop/AER201/botL.X/main.asm
                EXECUTION   0x0004a4    program     static /Users/mreiter/Desktop/AER201/botL.X/main.asm
                 EXIT_EXE   0x000512    program     static /Users/mreiter/Desktop/AER201/botL.X/main.asm
                     Exe1   0x000ef6    program     static /Users/mreiter/Desktop/AER201/botL.X/main.asm
                     Exe2   0x000f02    program     static /Users/mreiter/Desktop/AER201/botL.X/main.asm
                 Exe_Time   0x000f3a    program     static /Users/mreiter/Desktop/AER201/botL.X/main.asm
                 HOLD_EXE   0x0004f6    program     static /Users/mreiter/Desktop/AER201/botL.X/main.asm
                 HOLD_LOG   0x0006b8    program     static /Users/mreiter/Desktop/AER201/botL.X/main.asm
            HOLD_LOG_INFO   0x00072a    program     static /Users/mreiter/Desktop/AER201/botL.X/main.asm
                  HOLD_PC   0x00095c    program     static /Users/mreiter/Desktop/AER201/botL.X/main.asm
            HOLD_PERM_LOG   0x000782    program     static /Users/mreiter/Desktop/AER201/botL.X/main.asm
                HOLD_PLOG   0x0008f8    program     static /Users/mreiter/Desktop/AER201/botL.X/main.asm
             HOLD_STANDBY   0x00023e    program     static /Users/mreiter/Desktop/AER201/botL.X/main.asm
                  HOLD_UP   0x00133a    program     static /Users/mreiter/Desktop/AER201/botL.X/i2c.asm
                I2C_ACKDT   0x0012ea    program     extern /Users/mreiter/Desktop/AER201/botL.X/i2c.asm
           I2C_Master_ACK   0x001350    program     extern /Users/mreiter/Desktop/AER201/botL.X/i2c.asm
          I2C_Master_INIT   0x0012fa    program     extern /Users/mreiter/Desktop/AER201/botL.X/i2c.asm
          I2C_Master_READ   0x001342    program     extern /Users/mreiter/Desktop/AER201/botL.X/i2c.asm
        I2C_Master_RSTART   0x001324    program     extern /Users/mreiter/Desktop/AER201/botL.X/i2c.asm
         I2C_Master_START   0x00131c    program     extern /Users/mreiter/Desktop/AER201/botL.X/i2c.asm
          I2C_Master_STOP   0x00132c    program     extern /Users/mreiter/Desktop/AER201/botL.X/i2c.asm
          I2C_Master_WAIT   0x00130c    program     extern /Users/mreiter/Desktop/AER201/botL.X/i2c.asm
         I2C_Master_WRITE   0x001334    program     extern /Users/mreiter/Desktop/AER201/botL.X/i2c.asm
                 I2C_temp   0x0012ea    program     static /Users/mreiter/Desktop/AER201/botL.X/i2c.asm
                     INIT   0x0000fc    program     static /Users/mreiter/Desktop/AER201/botL.X/main.asm
               INIT_USART   0x000c1e    program     static /Users/mreiter/Desktop/AER201/botL.X/main.asm
                 ISR_HIGH   0x00001c    program     static /Users/mreiter/Desktop/AER201/botL.X/main.asm
                  ISR_LOW   0x0000d6    program     static /Users/mreiter/Desktop/AER201/botL.X/main.asm
                  InitLCD   0x000f70    program     extern /Users/mreiter/Desktop/AER201/botL.X/lcd.asm
                   LCD_L1   0x00103c    program     extern /Users/mreiter/Desktop/AER201/botL.X/lcd.asm
                   LCD_L2   0x001044    program     extern /Users/mreiter/Desktop/AER201/botL.X/lcd.asm
                 LLD_LOOP   0x00105a    program     static /Users/mreiter/Desktop/AER201/botL.X/lcd.asm
                      LOG   0x000688    program     static /Users/mreiter/Desktop/AER201/botL.X/main.asm
                 LOG_INFO   0x0006ea    program     static /Users/mreiter/Desktop/AER201/botL.X/main.asm
                     LOOP   0x001348    program     static /Users/mreiter/Desktop/AER201/botL.X/i2c.asm
                  LOOPING   0x000412    program     static /Users/mreiter/Desktop/AER201/botL.X/main.asm
                     Log1   0x000eb4    program     static /Users/mreiter/Desktop/AER201/botL.X/main.asm
                     Log2   0x000eba    program     static /Users/mreiter/Desktop/AER201/botL.X/main.asm
                 LogInfo1   0x000ec8    program     static /Users/mreiter/Desktop/AER201/botL.X/main.asm
                 LogInfo2   0x000ed0    program     static /Users/mreiter/Desktop/AER201/botL.X/main.asm
                   MovMSB   0x00104c    program     static /Users/mreiter/Desktop/AER201/botL.X/lcd.asm
                   NoData   0x000f5c    program     static /Users/mreiter/Desktop/AER201/botL.X/main.asm
        NoSkipDispExeTime   0x000d70    program     static /Users/mreiter/Desktop/AER201/botL.X/main.asm
          NoSkipDispOpRTC   0x000e00    program     static /Users/mreiter/Desktop/AER201/botL.X/main.asm
                      PC1   0x000f0a    program     static /Users/mreiter/Desktop/AER201/botL.X/main.asm
                      PC2   0x000f18    program     static /Users/mreiter/Desktop/AER201/botL.X/main.asm
                   PCLog1   0x000f60    program     static /Users/mreiter/Desktop/AER201/botL.X/main.asm
               PCTransfer   0x000f22    program     static /Users/mreiter/Desktop/AER201/botL.X/main.asm
                  PC_MODE   0x000914    program     static /Users/mreiter/Desktop/AER201/botL.X/main.asm
              PC_TRANSFER   0x00098e    program     static /Users/mreiter/Desktop/AER201/botL.X/main.asm
                 PERM_LOG   0x000746    program     static /Users/mreiter/Desktop/AER201/botL.X/main.asm
                     PLOG   0x000864    program     static /Users/mreiter/Desktop/AER201/botL.X/main.asm
                 PermLog1   0x000eda    program     static /Users/mreiter/Desktop/AER201/botL.X/main.asm
                 PermLog2   0x000eea    program     static /Users/mreiter/Desktop/AER201/botL.X/main.asm
                   RD_END   0x001262    program     static /Users/mreiter/Desktop/AER201/botL.X/i2c_common.asm
               RD_END_RTC   0x0011b4    program     static /Users/mreiter/Desktop/AER201/botL.X/i2c_common.asm
                  RD_ERR1   0x001244    program     static /Users/mreiter/Desktop/AER201/botL.X/i2c_common.asm
              RD_ERR1_RTC   0x001196    program     static /Users/mreiter/Desktop/AER201/botL.X/i2c_common.asm
                  RD_ERR2   0x00124e    program     static /Users/mreiter/Desktop/AER201/botL.X/i2c_common.asm
              RD_ERR2_RTC   0x0011a0    program     static /Users/mreiter/Desktop/AER201/botL.X/i2c_common.asm
                  RD_ERR3   0x001258    program     static /Users/mreiter/Desktop/AER201/botL.X/i2c_common.asm
              RD_ERR3_RTC   0x0011aa    program     static /Users/mreiter/Desktop/AER201/botL.X/i2c_common.asm
          READ_COLOUR_I2C   0x0011d4    program     extern /Users/mreiter/Desktop/AER201/botL.X/i2c_common.asm
                 READ_KEY   0x000d02    program     static /Users/mreiter/Desktop/AER201/botL.X/main.asm
            READ_KEY_TIME   0x000d16    program     static /Users/mreiter/Desktop/AER201/botL.X/main.asm
                 RTC_INIT   0x0009b2    program     static /Users/mreiter/Desktop/AER201/botL.X/main.asm
                     SAVE   0x000f42    program     static /Users/mreiter/Desktop/AER201/botL.X/main.asm
            SAVE_EXE_TIME   0x000a26    program     static /Users/mreiter/Desktop/AER201/botL.X/main.asm
                SAVE_TIME   0x0009c0    program     static /Users/mreiter/Desktop/AER201/botL.X/main.asm
                 SET_TIME   0x000bb6    program     static /Users/mreiter/Desktop/AER201/botL.X/main.asm
                  STANDBY   0x000220    program     static /Users/mreiter/Desktop/AER201/botL.X/main.asm
                STEP_TEST   0x0002c8    program     static /Users/mreiter/Desktop/AER201/botL.X/main.asm
                   Safety   0x000f4c    program     static /Users/mreiter/Desktop/AER201/botL.X/main.asm
                 SaveData   0x0005ee    program     static /Users/mreiter/Desktop/AER201/botL.X/main.asm
                ShiftLoop   0x000620    program     static /Users/mreiter/Desktop/AER201/botL.X/main.asm
          SkipDispExeTime   0x000dc2    program     static /Users/mreiter/Desktop/AER201/botL.X/main.asm
            SkipDispOpRTC   0x000e60    program     static /Users/mreiter/Desktop/AER201/botL.X/main.asm
                  StandBy   0x000eac    program     static /Users/mreiter/Desktop/AER201/botL.X/main.asm
                  Stopped   0x000f32    program     static /Users/mreiter/Desktop/AER201/botL.X/main.asm
                 TEST_ACK   0x001354    program     static /Users/mreiter/Desktop/AER201/botL.X/i2c.asm
                TEST_NACK   0x0012f2    program     static /Users/mreiter/Desktop/AER201/botL.X/i2c.asm
                     Team   0x000ea2    program     static /Users/mreiter/Desktop/AER201/botL.X/main.asm
                     WAIT   0x00130c    program     static /Users/mreiter/Desktop/AER201/botL.X/i2c.asm
         WRITE_COLOUR_I2C   0x00126c    program     extern /Users/mreiter/Desktop/AER201/botL.X/i2c_common.asm
                  WR_DATA   0x000fe4    program     extern /Users/mreiter/Desktop/AER201/botL.X/lcd.asm
                   WR_END   0x0012e0    program     static /Users/mreiter/Desktop/AER201/botL.X/i2c_common.asm
               WR_END_RTC   0x00111e    program     static /Users/mreiter/Desktop/AER201/botL.X/i2c_common.asm
                  WR_ERR1   0x0012c0    program     static /Users/mreiter/Desktop/AER201/botL.X/i2c_common.asm
              WR_ERR1_RTC   0x0010fe    program     static /Users/mreiter/Desktop/AER201/botL.X/i2c_common.asm
                  WR_ERR2   0x0012ca    program     static /Users/mreiter/Desktop/AER201/botL.X/i2c_common.asm
              WR_ERR2_RTC   0x001108    program     static /Users/mreiter/Desktop/AER201/botL.X/i2c_common.asm
                  WR_ERR3   0x0012d6    program     static /Users/mreiter/Desktop/AER201/botL.X/i2c_common.asm
              WR_ERR3_RTC   0x001114    program     static /Users/mreiter/Desktop/AER201/botL.X/i2c_common.asm
                   WR_INS   0x000fc8    program     extern /Users/mreiter/Desktop/AER201/botL.X/lcd.asm
                  Welcome   0x000e9c    program     static /Users/mreiter/Desktop/AER201/botL.X/main.asm
              WriteEE_RTC   0x000c5e    program     static /Users/mreiter/Desktop/AER201/botL.X/main.asm
                   WrtLCD   0x001006    program     extern /Users/mreiter/Desktop/AER201/botL.X/lcd.asm
              _.code_001A   0x0010a8    program     static /Users/mreiter/Desktop/AER201/botL.X/i2c_common.asm
              _.code_0028   0x0010b6    program     static /Users/mreiter/Desktop/AER201/botL.X/i2c_common.asm
              _.code_0030   0x0010be    program     static /Users/mreiter/Desktop/AER201/botL.X/i2c_common.asm
              _.code_0036   0x0010c4    program     static /Users/mreiter/Desktop/AER201/botL.X/i2c_common.asm
              _.code_0046   0x0010d4    program     static /Users/mreiter/Desktop/AER201/botL.X/i2c_common.asm
              _.code_004C   0x0010da    program     static /Users/mreiter/Desktop/AER201/botL.X/i2c_common.asm
              _.code_005C   0x0010ea    program     static /Users/mreiter/Desktop/AER201/botL.X/i2c_common.asm
              _.code_0062   0x0010f0    program     static /Users/mreiter/Desktop/AER201/botL.X/i2c_common.asm
              _.code_0094   0x001122    program     static /Users/mreiter/Desktop/AER201/botL.X/i2c_common.asm
              _.code_00A2   0x001130    program     static /Users/mreiter/Desktop/AER201/botL.X/i2c_common.asm
              _.code_00AA   0x001138    program     static /Users/mreiter/Desktop/AER201/botL.X/i2c_common.asm
              _.code_00B0   0x00113e    program     static /Users/mreiter/Desktop/AER201/botL.X/i2c_common.asm
              _.code_00C0   0x00114e    program     static /Users/mreiter/Desktop/AER201/botL.X/i2c_common.asm
              _.code_00C6   0x001036    program     static /Users/mreiter/Desktop/AER201/botL.X/lcd.asm
              _.code_00C6   0x001154    program     static /Users/mreiter/Desktop/AER201/botL.X/i2c_common.asm
              _.code_00D4   0x001162    program     static /Users/mreiter/Desktop/AER201/botL.X/i2c_common.asm
              _.code_00DC   0x00116a    program     static /Users/mreiter/Desktop/AER201/botL.X/i2c_common.asm
              _.code_00E2   0x001170    program     static /Users/mreiter/Desktop/AER201/botL.X/i2c_common.asm
              _.code_00F0   0x00117e    program     static /Users/mreiter/Desktop/AER201/botL.X/i2c_common.asm
              _.code_00F0   0x001060    program     static /Users/mreiter/Desktop/AER201/botL.X/lcd.asm
              _.code_012A   0x0011b8    program     static /Users/mreiter/Desktop/AER201/botL.X/i2c_common.asm
              _.code_014E   0x0011dc    program     static /Users/mreiter/Desktop/AER201/botL.X/i2c_common.asm
              _.code_0156   0x0011e4    program     static /Users/mreiter/Desktop/AER201/botL.X/i2c_common.asm
              _.code_015C   0x0011ea    program     static /Users/mreiter/Desktop/AER201/botL.X/i2c_common.asm
              _.code_016E   0x0011fc    program     static /Users/mreiter/Desktop/AER201/botL.X/i2c_common.asm
              _.code_0174   0x001202    program     static /Users/mreiter/Desktop/AER201/botL.X/i2c_common.asm
              _.code_0182   0x001210    program     static /Users/mreiter/Desktop/AER201/botL.X/i2c_common.asm
              _.code_018A   0x001218    program     static /Users/mreiter/Desktop/AER201/botL.X/i2c_common.asm
              _.code_0190   0x00121e    program     static /Users/mreiter/Desktop/AER201/botL.X/i2c_common.asm
              _.code_019E   0x00122c    program     static /Users/mreiter/Desktop/AER201/botL.X/i2c_common.asm
              _.code_01D8   0x001266    program     static /Users/mreiter/Desktop/AER201/botL.X/i2c_common.asm
              _.code_01E6   0x001274    program     static /Users/mreiter/Desktop/AER201/botL.X/i2c_common.asm
              _.code_01EE   0x00127c    program     static /Users/mreiter/Desktop/AER201/botL.X/i2c_common.asm
              _.code_01F4   0x001282    program     static /Users/mreiter/Desktop/AER201/botL.X/i2c_common.asm
              _.code_0206   0x001294    program     static /Users/mreiter/Desktop/AER201/botL.X/i2c_common.asm
              _.code_020C   0x00129a    program     static /Users/mreiter/Desktop/AER201/botL.X/i2c_common.asm
              _.code_021E   0x0012ac    program     static /Users/mreiter/Desktop/AER201/botL.X/i2c_common.asm
              _.code_0224   0x0012b2    program     static /Users/mreiter/Desktop/AER201/botL.X/i2c_common.asm
              _.code_0256   0x0012e4    program     static /Users/mreiter/Desktop/AER201/botL.X/i2c_common.asm
             _.org_2_052E   0x00052e    program     static /Users/mreiter/Desktop/AER201/botL.X/main.asm
             _.org_2_0546   0x000546    program     static /Users/mreiter/Desktop/AER201/botL.X/main.asm
             _.org_2_0562   0x000562    program     static /Users/mreiter/Desktop/AER201/botL.X/main.asm
             _.org_2_057A   0x00057a    program     static /Users/mreiter/Desktop/AER201/botL.X/main.asm
             _.org_2_0596   0x000596    program     static /Users/mreiter/Desktop/AER201/botL.X/main.asm
             _.org_2_05AE   0x0005ae    program     static /Users/mreiter/Desktop/AER201/botL.X/main.asm
             _.org_2_05CA   0x0005ca    program     static /Users/mreiter/Desktop/AER201/botL.X/main.asm
             _.org_2_05E2   0x0005e2    program     static /Users/mreiter/Desktop/AER201/botL.X/main.asm
             _.org_2_0646   0x000646    program     static /Users/mreiter/Desktop/AER201/botL.X/main.asm
             _.org_2_065E   0x00065e    program     static /Users/mreiter/Desktop/AER201/botL.X/main.asm
             _.org_2_0A42   0x000a42    program     static /Users/mreiter/Desktop/AER201/botL.X/main.asm
             _.org_2_0A5A   0x000a5a    program     static /Users/mreiter/Desktop/AER201/botL.X/main.asm
             _.org_2_0A7E   0x000a7e    program     static /Users/mreiter/Desktop/AER201/botL.X/main.asm
             _.org_2_0A96   0x000a96    program     static /Users/mreiter/Desktop/AER201/botL.X/main.asm
             _.org_2_0ABA   0x000aba    program     static /Users/mreiter/Desktop/AER201/botL.X/main.asm
             _.org_2_0AD2   0x000ad2    program     static /Users/mreiter/Desktop/AER201/botL.X/main.asm
             _.org_2_0C6C   0x000c6c    program     static /Users/mreiter/Desktop/AER201/botL.X/main.asm
             _.org_2_0C84   0x000c84    program     static /Users/mreiter/Desktop/AER201/botL.X/main.asm
             _.org_2_0C9A   0x000c9a    program     static /Users/mreiter/Desktop/AER201/botL.X/main.asm
             _.org_2_0CB2   0x000cb2    program     static /Users/mreiter/Desktop/AER201/botL.X/main.asm
             _.org_2_0CD2   0x000cd2    program     static /Users/mreiter/Desktop/AER201/botL.X/main.asm
             _.org_2_0CEA   0x000cea    program     static /Users/mreiter/Desktop/AER201/botL.X/main.asm
             _.org_2_0D10   0x000d10    program     static /Users/mreiter/Desktop/AER201/botL.X/main.asm
             _.org_2_0D2C   0x000d2c    program     static /Users/mreiter/Desktop/AER201/botL.X/main.asm
                 _108loop   0x000d5c    program     static /Users/mreiter/Desktop/AER201/botL.X/main.asm
                 _113loop   0x000dee    program     static /Users/mreiter/Desktop/AER201/botL.X/main.asm
                  _13loop   0x0001ea    program     static /Users/mreiter/Desktop/AER201/botL.X/main.asm
                  _14loop   0x000208    program     static /Users/mreiter/Desktop/AER201/botL.X/main.asm
                  _15loop   0x000216    program     static /Users/mreiter/Desktop/AER201/botL.X/main.asm
                  _16loop   0x000234    program     static /Users/mreiter/Desktop/AER201/botL.X/main.asm
                  _17Exit   0x000256    program     static /Users/mreiter/Desktop/AER201/botL.X/main.asm
                  _17Next   0x00024a    program     static /Users/mreiter/Desktop/AER201/botL.X/main.asm
                  _18Exit   0x00026c    program     static /Users/mreiter/Desktop/AER201/botL.X/main.asm
                  _18Next   0x000260    program     static /Users/mreiter/Desktop/AER201/botL.X/main.asm
                  _19Exit   0x000282    program     static /Users/mreiter/Desktop/AER201/botL.X/main.asm
                  _19Next   0x000276    program     static /Users/mreiter/Desktop/AER201/botL.X/main.asm
                  _20Exit   0x000298    program     static /Users/mreiter/Desktop/AER201/botL.X/main.asm
                  _20Next   0x00028c    program     static /Users/mreiter/Desktop/AER201/botL.X/main.asm
                  _21Exit   0x0002ae    program     static /Users/mreiter/Desktop/AER201/botL.X/main.asm
                  _21Next   0x0002a2    program     static /Users/mreiter/Desktop/AER201/botL.X/main.asm
                  _22Exit   0x0002c4    program     static /Users/mreiter/Desktop/AER201/botL.X/main.asm
                  _22Next   0x0002b8    program     static /Users/mreiter/Desktop/AER201/botL.X/main.asm
               _23RESULTS   0x0002fc    program     static /Users/mreiter/Desktop/AER201/botL.X/main.asm
               _24RESULTS   0x000312    program     static /Users/mreiter/Desktop/AER201/botL.X/main.asm
               _25RESULTS   0x000328    program     static /Users/mreiter/Desktop/AER201/botL.X/main.asm
               _26RESULTS   0x000346    program     static /Users/mreiter/Desktop/AER201/botL.X/main.asm
               _27RESULTS   0x00035c    program     static /Users/mreiter/Desktop/AER201/botL.X/main.asm
               _28RESULTS   0x000372    program     static /Users/mreiter/Desktop/AER201/botL.X/main.asm
               _29RESULTS   0x000390    program     static /Users/mreiter/Desktop/AER201/botL.X/main.asm
                 _2endBCD   0x000098    program     static /Users/mreiter/Desktop/AER201/botL.X/main.asm
                   _2ones   0x000092    program     static /Users/mreiter/Desktop/AER201/botL.X/main.asm
               _30RESULTS   0x0003a6    program     static /Users/mreiter/Desktop/AER201/botL.X/main.asm
               _31RESULTS   0x0003bc    program     static /Users/mreiter/Desktop/AER201/botL.X/main.asm
               _32RESULTS   0x0003da    program     static /Users/mreiter/Desktop/AER201/botL.X/main.asm
               _33RESULTS   0x0003f0    program     static /Users/mreiter/Desktop/AER201/botL.X/main.asm
               _34RESULTS   0x000406    program     static /Users/mreiter/Desktop/AER201/botL.X/main.asm
                  _35loop   0x000416    program     static /Users/mreiter/Desktop/AER201/botL.X/main.asm
                 _3endBCD   0x0000ca    program     static /Users/mreiter/Desktop/AER201/botL.X/main.asm
                   _3ones   0x0000c4    program     static /Users/mreiter/Desktop/AER201/botL.X/main.asm
                  _45loop   0x00048c    program     static /Users/mreiter/Desktop/AER201/botL.X/main.asm
                  _46loop   0x0004c2    program     static /Users/mreiter/Desktop/AER201/botL.X/main.asm
                  _47Exit   0x00050e    program     static /Users/mreiter/Desktop/AER201/botL.X/main.asm
                  _47Next   0x000502    program     static /Users/mreiter/Desktop/AER201/botL.X/main.asm
                  _52loop   0x000602    program     static /Users/mreiter/Desktop/AER201/botL.X/main.asm
                  _55loop   0x00069c    program     static /Users/mreiter/Desktop/AER201/botL.X/main.asm
                  _56Exit   0x0006d0    program     static /Users/mreiter/Desktop/AER201/botL.X/main.asm
                  _56Next   0x0006c4    program     static /Users/mreiter/Desktop/AER201/botL.X/main.asm
                  _57Exit   0x0006e6    program     static /Users/mreiter/Desktop/AER201/botL.X/main.asm
                  _57Next   0x0006da    program     static /Users/mreiter/Desktop/AER201/botL.X/main.asm
                  _58loop   0x0006fe    program     static /Users/mreiter/Desktop/AER201/botL.X/main.asm
                  _59loop   0x00071c    program     static /Users/mreiter/Desktop/AER201/botL.X/main.asm
                  _60Exit   0x000742    program     static /Users/mreiter/Desktop/AER201/botL.X/main.asm
                  _60Next   0x000736    program     static /Users/mreiter/Desktop/AER201/botL.X/main.asm
                  _61loop   0x00075a    program     static /Users/mreiter/Desktop/AER201/botL.X/main.asm
                  _62loop   0x000778    program     static /Users/mreiter/Desktop/AER201/botL.X/main.asm
                  _63Exit   0x00079a    program     static /Users/mreiter/Desktop/AER201/botL.X/main.asm
                  _63Next   0x00078e    program     static /Users/mreiter/Desktop/AER201/botL.X/main.asm
                  _64Exit   0x0007b0    program     static /Users/mreiter/Desktop/AER201/botL.X/main.asm
                  _64Next   0x0007a4    program     static /Users/mreiter/Desktop/AER201/botL.X/main.asm
                  _65Exit   0x0007c6    program     static /Users/mreiter/Desktop/AER201/botL.X/main.asm
                  _65Next   0x0007ba    program     static /Users/mreiter/Desktop/AER201/botL.X/main.asm
                  _66Exit   0x0007dc    program     static /Users/mreiter/Desktop/AER201/botL.X/main.asm
                  _66Next   0x0007d0    program     static /Users/mreiter/Desktop/AER201/botL.X/main.asm
                  _67Exit   0x0007f2    program     static /Users/mreiter/Desktop/AER201/botL.X/main.asm
                  _67Next   0x0007e6    program     static /Users/mreiter/Desktop/AER201/botL.X/main.asm
                  _68Exit   0x000808    program     static /Users/mreiter/Desktop/AER201/botL.X/main.asm
                  _68Next   0x0007fc    program     static /Users/mreiter/Desktop/AER201/botL.X/main.asm
                  _69Exit   0x00081e    program     static /Users/mreiter/Desktop/AER201/botL.X/main.asm
                  _69Next   0x000812    program     static /Users/mreiter/Desktop/AER201/botL.X/main.asm
                  _70Exit   0x000834    program     static /Users/mreiter/Desktop/AER201/botL.X/main.asm
                  _70Next   0x000828    program     static /Users/mreiter/Desktop/AER201/botL.X/main.asm
                  _71Exit   0x00084a    program     static /Users/mreiter/Desktop/AER201/botL.X/main.asm
                  _71Next   0x00083e    program     static /Users/mreiter/Desktop/AER201/botL.X/main.asm
                  _72Exit   0x000860    program     static /Users/mreiter/Desktop/AER201/botL.X/main.asm
                  _72Next   0x000854    program     static /Users/mreiter/Desktop/AER201/botL.X/main.asm
                  _73loop   0x000878    program     static /Users/mreiter/Desktop/AER201/botL.X/main.asm
                  _76Exit   0x000910    program     static /Users/mreiter/Desktop/AER201/botL.X/main.asm
                  _76Next   0x000904    program     static /Users/mreiter/Desktop/AER201/botL.X/main.asm
                  _77loop   0x000928    program     static /Users/mreiter/Desktop/AER201/botL.X/main.asm
                  _78loop   0x000946    program     static /Users/mreiter/Desktop/AER201/botL.X/main.asm
                  _79Exit   0x000974    program     static /Users/mreiter/Desktop/AER201/botL.X/main.asm
                  _79Next   0x000968    program     static /Users/mreiter/Desktop/AER201/botL.X/main.asm
                  _80Exit   0x00098a    program     static /Users/mreiter/Desktop/AER201/botL.X/main.asm
                  _80Next   0x00097e    program     static /Users/mreiter/Desktop/AER201/botL.X/main.asm
                  _81loop   0x0009a4    program     static /Users/mreiter/Desktop/AER201/botL.X/main.asm
                  _waitl0   0x00118c    program     static /Users/mreiter/Desktop/AER201/botL.X/i2c_common.asm
                  _waitl1   0x00123a    program     static /Users/mreiter/Desktop/AER201/botL.X/i2c_common.asm
                       d2   0x001088    program     static /Users/mreiter/Desktop/AER201/botL.X/lcd.asm
                del_loop0   0x000bbc    program     static /Users/mreiter/Desktop/AER201/botL.X/main.asm
                delay44us   0x00106c    program     static /Users/mreiter/Desktop/AER201/botL.X/lcd.asm
                 delay5ms   0x001078    program     extern /Users/mreiter/Desktop/AER201/botL.X/lcd.asm
               displayNum   0x00089e    program     static /Users/mreiter/Desktop/AER201/botL.X/main.asm
         i2c_common_setup   0x00108e    program     extern /Users/mreiter/Desktop/AER201/botL.X/i2c_common.asm
             lcdLongDelay   0x001056    program     static /Users/mreiter/Desktop/AER201/botL.X/lcd.asm
                loop200us   0x000c40    program     static /Users/mreiter/Desktop/AER201/botL.X/main.asm
                 loop50ms   0x000c4e    program     static /Users/mreiter/Desktop/AER201/botL.X/main.asm
                  loop5us   0x000c32    program     static /Users/mreiter/Desktop/AER201/botL.X/main.asm
                 read_rtc   0x001128    program     extern /Users/mreiter/Desktop/AER201/botL.X/i2c_common.asm
              rtc_convert   0x0011be    program     extern /Users/mreiter/Desktop/AER201/botL.X/i2c_common.asm
                write_rtc   0x0010ae    program     extern /Users/mreiter/Desktop/AER201/botL.X/i2c_common.asm
           convert_buffer   0x000087       data     extern /Users/mreiter/Desktop/AER201/botL.X/i2c_common.asm
             data_colourH   0x000084       data     extern /Users/mreiter/Desktop/AER201/botL.X/i2c_common.asm
             data_colourL   0x000083       data     extern /Users/mreiter/Desktop/AER201/botL.X/i2c_common.asm
                 databyte   0x000081       data     extern /Users/mreiter/Desktop/AER201/botL.X/i2c_common.asm
                 datachar   0x000082       data     extern /Users/mreiter/Desktop/AER201/botL.X/i2c_common.asm
               ones_digit   0x000086       data     extern /Users/mreiter/Desktop/AER201/botL.X/i2c_common.asm
               regaddress   0x000080       data     extern /Users/mreiter/Desktop/AER201/botL.X/i2c_common.asm
               tens_digit   0x000085       data     extern /Users/mreiter/Desktop/AER201/botL.X/i2c_common.asm



                              Symbols - Sorted by Address
                     Name    Address   Location    Storage File                     
                ---------  ---------  ---------  --------- ---------                
                 ISR_HIGH   0x00001c    program     static /Users/mreiter/Desktop/AER201/botL.X/main.asm
                   _2ones   0x000092    program     static /Users/mreiter/Desktop/AER201/botL.X/main.asm
                 _2endBCD   0x000098    program     static /Users/mreiter/Desktop/AER201/botL.X/main.asm
                   _3ones   0x0000c4    program     static /Users/mreiter/Desktop/AER201/botL.X/main.asm
                 _3endBCD   0x0000ca    program     static /Users/mreiter/Desktop/AER201/botL.X/main.asm
             END_ISR_HIGH   0x0000cc    program     static /Users/mreiter/Desktop/AER201/botL.X/main.asm
                  ISR_LOW   0x0000d6    program     static /Users/mreiter/Desktop/AER201/botL.X/main.asm
              END_ISR_LOW   0x0000f2    program     static /Users/mreiter/Desktop/AER201/botL.X/main.asm
                     INIT   0x0000fc    program     static /Users/mreiter/Desktop/AER201/botL.X/main.asm
                  _13loop   0x0001ea    program     static /Users/mreiter/Desktop/AER201/botL.X/main.asm
                  _14loop   0x000208    program     static /Users/mreiter/Desktop/AER201/botL.X/main.asm
                  _15loop   0x000216    program     static /Users/mreiter/Desktop/AER201/botL.X/main.asm
                  STANDBY   0x000220    program     static /Users/mreiter/Desktop/AER201/botL.X/main.asm
                  _16loop   0x000234    program     static /Users/mreiter/Desktop/AER201/botL.X/main.asm
             HOLD_STANDBY   0x00023e    program     static /Users/mreiter/Desktop/AER201/botL.X/main.asm
                  _17Next   0x00024a    program     static /Users/mreiter/Desktop/AER201/botL.X/main.asm
                  _17Exit   0x000256    program     static /Users/mreiter/Desktop/AER201/botL.X/main.asm
                  _18Next   0x000260    program     static /Users/mreiter/Desktop/AER201/botL.X/main.asm
                  _18Exit   0x00026c    program     static /Users/mreiter/Desktop/AER201/botL.X/main.asm
                  _19Next   0x000276    program     static /Users/mreiter/Desktop/AER201/botL.X/main.asm
                  _19Exit   0x000282    program     static /Users/mreiter/Desktop/AER201/botL.X/main.asm
                  _20Next   0x00028c    program     static /Users/mreiter/Desktop/AER201/botL.X/main.asm
                  _20Exit   0x000298    program     static /Users/mreiter/Desktop/AER201/botL.X/main.asm
                  _21Next   0x0002a2    program     static /Users/mreiter/Desktop/AER201/botL.X/main.asm
                  _21Exit   0x0002ae    program     static /Users/mreiter/Desktop/AER201/botL.X/main.asm
                  _22Next   0x0002b8    program     static /Users/mreiter/Desktop/AER201/botL.X/main.asm
                  _22Exit   0x0002c4    program     static /Users/mreiter/Desktop/AER201/botL.X/main.asm
                STEP_TEST   0x0002c8    program     static /Users/mreiter/Desktop/AER201/botL.X/main.asm
              CHECK_CLEAR   0x0002ea    program     static /Users/mreiter/Desktop/AER201/botL.X/main.asm
               _23RESULTS   0x0002fc    program     static /Users/mreiter/Desktop/AER201/botL.X/main.asm
               _24RESULTS   0x000312    program     static /Users/mreiter/Desktop/AER201/botL.X/main.asm
               _25RESULTS   0x000328    program     static /Users/mreiter/Desktop/AER201/botL.X/main.asm
                CHECK_RED   0x000334    program     static /Users/mreiter/Desktop/AER201/botL.X/main.asm
               _26RESULTS   0x000346    program     static /Users/mreiter/Desktop/AER201/botL.X/main.asm
               _27RESULTS   0x00035c    program     static /Users/mreiter/Desktop/AER201/botL.X/main.asm
               _28RESULTS   0x000372    program     static /Users/mreiter/Desktop/AER201/botL.X/main.asm
              CHECK_GREEN   0x00037e    program     static /Users/mreiter/Desktop/AER201/botL.X/main.asm
               _29RESULTS   0x000390    program     static /Users/mreiter/Desktop/AER201/botL.X/main.asm
               _30RESULTS   0x0003a6    program     static /Users/mreiter/Desktop/AER201/botL.X/main.asm
               _31RESULTS   0x0003bc    program     static /Users/mreiter/Desktop/AER201/botL.X/main.asm
               CHECK_BLUE   0x0003c8    program     static /Users/mreiter/Desktop/AER201/botL.X/main.asm
               _32RESULTS   0x0003da    program     static /Users/mreiter/Desktop/AER201/botL.X/main.asm
               _33RESULTS   0x0003f0    program     static /Users/mreiter/Desktop/AER201/botL.X/main.asm
               _34RESULTS   0x000406    program     static /Users/mreiter/Desktop/AER201/botL.X/main.asm
              COLOUR_TEST   0x000412    program     static /Users/mreiter/Desktop/AER201/botL.X/main.asm
                  LOOPING   0x000412    program     static /Users/mreiter/Desktop/AER201/botL.X/main.asm
                  _35loop   0x000416    program     static /Users/mreiter/Desktop/AER201/botL.X/main.asm
                  _45loop   0x00048c    program     static /Users/mreiter/Desktop/AER201/botL.X/main.asm
                EXECUTION   0x0004a4    program     static /Users/mreiter/Desktop/AER201/botL.X/main.asm
                  _46loop   0x0004c2    program     static /Users/mreiter/Desktop/AER201/botL.X/main.asm
                 HOLD_EXE   0x0004f6    program     static /Users/mreiter/Desktop/AER201/botL.X/main.asm
                  _47Next   0x000502    program     static /Users/mreiter/Desktop/AER201/botL.X/main.asm
                  _47Exit   0x00050e    program     static /Users/mreiter/Desktop/AER201/botL.X/main.asm
                 EXIT_EXE   0x000512    program     static /Users/mreiter/Desktop/AER201/botL.X/main.asm
             _.org_2_052E   0x00052e    program     static /Users/mreiter/Desktop/AER201/botL.X/main.asm
             _.org_2_0546   0x000546    program     static /Users/mreiter/Desktop/AER201/botL.X/main.asm
             _.org_2_0562   0x000562    program     static /Users/mreiter/Desktop/AER201/botL.X/main.asm
             _.org_2_057A   0x00057a    program     static /Users/mreiter/Desktop/AER201/botL.X/main.asm
             _.org_2_0596   0x000596    program     static /Users/mreiter/Desktop/AER201/botL.X/main.asm
             _.org_2_05AE   0x0005ae    program     static /Users/mreiter/Desktop/AER201/botL.X/main.asm
             _.org_2_05CA   0x0005ca    program     static /Users/mreiter/Desktop/AER201/botL.X/main.asm
             _.org_2_05E2   0x0005e2    program     static /Users/mreiter/Desktop/AER201/botL.X/main.asm
                 SaveData   0x0005ee    program     static /Users/mreiter/Desktop/AER201/botL.X/main.asm
                  _52loop   0x000602    program     static /Users/mreiter/Desktop/AER201/botL.X/main.asm
                ShiftLoop   0x000620    program     static /Users/mreiter/Desktop/AER201/botL.X/main.asm
             _.org_2_0646   0x000646    program     static /Users/mreiter/Desktop/AER201/botL.X/main.asm
             _.org_2_065E   0x00065e    program     static /Users/mreiter/Desktop/AER201/botL.X/main.asm
                      LOG   0x000688    program     static /Users/mreiter/Desktop/AER201/botL.X/main.asm
                  _55loop   0x00069c    program     static /Users/mreiter/Desktop/AER201/botL.X/main.asm
                 HOLD_LOG   0x0006b8    program     static /Users/mreiter/Desktop/AER201/botL.X/main.asm
                  _56Next   0x0006c4    program     static /Users/mreiter/Desktop/AER201/botL.X/main.asm
                  _56Exit   0x0006d0    program     static /Users/mreiter/Desktop/AER201/botL.X/main.asm
                  _57Next   0x0006da    program     static /Users/mreiter/Desktop/AER201/botL.X/main.asm
                  _57Exit   0x0006e6    program     static /Users/mreiter/Desktop/AER201/botL.X/main.asm
                 LOG_INFO   0x0006ea    program     static /Users/mreiter/Desktop/AER201/botL.X/main.asm
                  _58loop   0x0006fe    program     static /Users/mreiter/Desktop/AER201/botL.X/main.asm
                  _59loop   0x00071c    program     static /Users/mreiter/Desktop/AER201/botL.X/main.asm
            HOLD_LOG_INFO   0x00072a    program     static /Users/mreiter/Desktop/AER201/botL.X/main.asm
                  _60Next   0x000736    program     static /Users/mreiter/Desktop/AER201/botL.X/main.asm
                  _60Exit   0x000742    program     static /Users/mreiter/Desktop/AER201/botL.X/main.asm
                 PERM_LOG   0x000746    program     static /Users/mreiter/Desktop/AER201/botL.X/main.asm
                  _61loop   0x00075a    program     static /Users/mreiter/Desktop/AER201/botL.X/main.asm
                  _62loop   0x000778    program     static /Users/mreiter/Desktop/AER201/botL.X/main.asm
            HOLD_PERM_LOG   0x000782    program     static /Users/mreiter/Desktop/AER201/botL.X/main.asm
                  _63Next   0x00078e    program     static /Users/mreiter/Desktop/AER201/botL.X/main.asm
                  _63Exit   0x00079a    program     static /Users/mreiter/Desktop/AER201/botL.X/main.asm
                  _64Next   0x0007a4    program     static /Users/mreiter/Desktop/AER201/botL.X/main.asm
                  _64Exit   0x0007b0    program     static /Users/mreiter/Desktop/AER201/botL.X/main.asm
                  _65Next   0x0007ba    program     static /Users/mreiter/Desktop/AER201/botL.X/main.asm
                  _65Exit   0x0007c6    program     static /Users/mreiter/Desktop/AER201/botL.X/main.asm
                  _66Next   0x0007d0    program     static /Users/mreiter/Desktop/AER201/botL.X/main.asm
                  _66Exit   0x0007dc    program     static /Users/mreiter/Desktop/AER201/botL.X/main.asm
                  _67Next   0x0007e6    program     static /Users/mreiter/Desktop/AER201/botL.X/main.asm
                  _67Exit   0x0007f2    program     static /Users/mreiter/Desktop/AER201/botL.X/main.asm
                  _68Next   0x0007fc    program     static /Users/mreiter/Desktop/AER201/botL.X/main.asm
                  _68Exit   0x000808    program     static /Users/mreiter/Desktop/AER201/botL.X/main.asm
                  _69Next   0x000812    program     static /Users/mreiter/Desktop/AER201/botL.X/main.asm
                  _69Exit   0x00081e    program     static /Users/mreiter/Desktop/AER201/botL.X/main.asm
                  _70Next   0x000828    program     static /Users/mreiter/Desktop/AER201/botL.X/main.asm
                  _70Exit   0x000834    program     static /Users/mreiter/Desktop/AER201/botL.X/main.asm
                  _71Next   0x00083e    program     static /Users/mreiter/Desktop/AER201/botL.X/main.asm
                  _71Exit   0x00084a    program     static /Users/mreiter/Desktop/AER201/botL.X/main.asm
                  _72Next   0x000854    program     static /Users/mreiter/Desktop/AER201/botL.X/main.asm
                  _72Exit   0x000860    program     static /Users/mreiter/Desktop/AER201/botL.X/main.asm
                     PLOG   0x000864    program     static /Users/mreiter/Desktop/AER201/botL.X/main.asm
                  _73loop   0x000878    program     static /Users/mreiter/Desktop/AER201/botL.X/main.asm
               displayNum   0x00089e    program     static /Users/mreiter/Desktop/AER201/botL.X/main.asm
                HOLD_PLOG   0x0008f8    program     static /Users/mreiter/Desktop/AER201/botL.X/main.asm
                  _76Next   0x000904    program     static /Users/mreiter/Desktop/AER201/botL.X/main.asm
                  _76Exit   0x000910    program     static /Users/mreiter/Desktop/AER201/botL.X/main.asm
                  PC_MODE   0x000914    program     static /Users/mreiter/Desktop/AER201/botL.X/main.asm
                  _77loop   0x000928    program     static /Users/mreiter/Desktop/AER201/botL.X/main.asm
                  _78loop   0x000946    program     static /Users/mreiter/Desktop/AER201/botL.X/main.asm
                  HOLD_PC   0x00095c    program     static /Users/mreiter/Desktop/AER201/botL.X/main.asm
                  _79Next   0x000968    program     static /Users/mreiter/Desktop/AER201/botL.X/main.asm
                  _79Exit   0x000974    program     static /Users/mreiter/Desktop/AER201/botL.X/main.asm
                  _80Next   0x00097e    program     static /Users/mreiter/Desktop/AER201/botL.X/main.asm
                  _80Exit   0x00098a    program     static /Users/mreiter/Desktop/AER201/botL.X/main.asm
              PC_TRANSFER   0x00098e    program     static /Users/mreiter/Desktop/AER201/botL.X/main.asm
                  _81loop   0x0009a4    program     static /Users/mreiter/Desktop/AER201/botL.X/main.asm
                 RTC_INIT   0x0009b2    program     static /Users/mreiter/Desktop/AER201/botL.X/main.asm
                SAVE_TIME   0x0009c0    program     static /Users/mreiter/Desktop/AER201/botL.X/main.asm
            SAVE_EXE_TIME   0x000a26    program     static /Users/mreiter/Desktop/AER201/botL.X/main.asm
             _.org_2_0A42   0x000a42    program     static /Users/mreiter/Desktop/AER201/botL.X/main.asm
             _.org_2_0A5A   0x000a5a    program     static /Users/mreiter/Desktop/AER201/botL.X/main.asm
             _.org_2_0A7E   0x000a7e    program     static /Users/mreiter/Desktop/AER201/botL.X/main.asm
             _.org_2_0A96   0x000a96    program     static /Users/mreiter/Desktop/AER201/botL.X/main.asm
             _.org_2_0ABA   0x000aba    program     static /Users/mreiter/Desktop/AER201/botL.X/main.asm
             _.org_2_0AD2   0x000ad2    program     static /Users/mreiter/Desktop/AER201/botL.X/main.asm
              DISPLAY_RTC   0x000adc    program     static /Users/mreiter/Desktop/AER201/botL.X/main.asm
                 SET_TIME   0x000bb6    program     static /Users/mreiter/Desktop/AER201/botL.X/main.asm
                del_loop0   0x000bbc    program     static /Users/mreiter/Desktop/AER201/botL.X/main.asm
               INIT_USART   0x000c1e    program     static /Users/mreiter/Desktop/AER201/botL.X/main.asm
                 Delay5us   0x000c2e    program     static /Users/mreiter/Desktop/AER201/botL.X/main.asm
                  loop5us   0x000c32    program     static /Users/mreiter/Desktop/AER201/botL.X/main.asm
               Delay200us   0x000c3c    program     static /Users/mreiter/Desktop/AER201/botL.X/main.asm
                loop200us   0x000c40    program     static /Users/mreiter/Desktop/AER201/botL.X/main.asm
                Delay50ms   0x000c4a    program     static /Users/mreiter/Desktop/AER201/botL.X/main.asm
                 loop50ms   0x000c4e    program     static /Users/mreiter/Desktop/AER201/botL.X/main.asm
                   Cycles   0x000c54    program     static /Users/mreiter/Desktop/AER201/botL.X/main.asm
              WriteEE_RTC   0x000c5e    program     static /Users/mreiter/Desktop/AER201/botL.X/main.asm
             _.org_2_0C6C   0x000c6c    program     static /Users/mreiter/Desktop/AER201/botL.X/main.asm
             _.org_2_0C84   0x000c84    program     static /Users/mreiter/Desktop/AER201/botL.X/main.asm
             _.org_2_0C9A   0x000c9a    program     static /Users/mreiter/Desktop/AER201/botL.X/main.asm
             _.org_2_0CB2   0x000cb2    program     static /Users/mreiter/Desktop/AER201/botL.X/main.asm
           ClearEEPROM_21   0x000cbc    program     static /Users/mreiter/Desktop/AER201/botL.X/main.asm
                ClearNext   0x000cc4    program     static /Users/mreiter/Desktop/AER201/botL.X/main.asm
             _.org_2_0CD2   0x000cd2    program     static /Users/mreiter/Desktop/AER201/botL.X/main.asm
             _.org_2_0CEA   0x000cea    program     static /Users/mreiter/Desktop/AER201/botL.X/main.asm
                 READ_KEY   0x000d02    program     static /Users/mreiter/Desktop/AER201/botL.X/main.asm
             _.org_2_0D10   0x000d10    program     static /Users/mreiter/Desktop/AER201/botL.X/main.asm
            READ_KEY_TIME   0x000d16    program     static /Users/mreiter/Desktop/AER201/botL.X/main.asm
             _.org_2_0D2C   0x000d2c    program     static /Users/mreiter/Desktop/AER201/botL.X/main.asm
           DisplayExeTime   0x000d32    program     static /Users/mreiter/Desktop/AER201/botL.X/main.asm
                 _108loop   0x000d5c    program     static /Users/mreiter/Desktop/AER201/botL.X/main.asm
        NoSkipDispExeTime   0x000d70    program     static /Users/mreiter/Desktop/AER201/botL.X/main.asm
          SkipDispExeTime   0x000dc2    program     static /Users/mreiter/Desktop/AER201/botL.X/main.asm
                DispOpRTC   0x000dc4    program     static /Users/mreiter/Desktop/AER201/botL.X/main.asm
                 _113loop   0x000dee    program     static /Users/mreiter/Desktop/AER201/botL.X/main.asm
          NoSkipDispOpRTC   0x000e00    program     static /Users/mreiter/Desktop/AER201/botL.X/main.asm
            SkipDispOpRTC   0x000e60    program     static /Users/mreiter/Desktop/AER201/botL.X/main.asm
         DispOpRTC_Helper   0x000e62    program     static /Users/mreiter/Desktop/AER201/botL.X/main.asm
                  Welcome   0x000e9c    program     static /Users/mreiter/Desktop/AER201/botL.X/main.asm
                     Team   0x000ea2    program     static /Users/mreiter/Desktop/AER201/botL.X/main.asm
                  StandBy   0x000eac    program     static /Users/mreiter/Desktop/AER201/botL.X/main.asm
                     Log1   0x000eb4    program     static /Users/mreiter/Desktop/AER201/botL.X/main.asm
                     Log2   0x000eba    program     static /Users/mreiter/Desktop/AER201/botL.X/main.asm
                 LogInfo1   0x000ec8    program     static /Users/mreiter/Desktop/AER201/botL.X/main.asm
                 LogInfo2   0x000ed0    program     static /Users/mreiter/Desktop/AER201/botL.X/main.asm
                 PermLog1   0x000eda    program     static /Users/mreiter/Desktop/AER201/botL.X/main.asm
                 PermLog2   0x000eea    program     static /Users/mreiter/Desktop/AER201/botL.X/main.asm
                     Exe1   0x000ef6    program     static /Users/mreiter/Desktop/AER201/botL.X/main.asm
                     Exe2   0x000f02    program     static /Users/mreiter/Desktop/AER201/botL.X/main.asm
                      PC1   0x000f0a    program     static /Users/mreiter/Desktop/AER201/botL.X/main.asm
                      PC2   0x000f18    program     static /Users/mreiter/Desktop/AER201/botL.X/main.asm
               PCTransfer   0x000f22    program     static /Users/mreiter/Desktop/AER201/botL.X/main.asm
                  Stopped   0x000f32    program     static /Users/mreiter/Desktop/AER201/botL.X/main.asm
                 Exe_Time   0x000f3a    program     static /Users/mreiter/Desktop/AER201/botL.X/main.asm
                     SAVE   0x000f42    program     static /Users/mreiter/Desktop/AER201/botL.X/main.asm
                   Safety   0x000f4c    program     static /Users/mreiter/Desktop/AER201/botL.X/main.asm
                   NoData   0x000f5c    program     static /Users/mreiter/Desktop/AER201/botL.X/main.asm
                   PCLog1   0x000f60    program     static /Users/mreiter/Desktop/AER201/botL.X/main.asm
                  InitLCD   0x000f70    program     extern /Users/mreiter/Desktop/AER201/botL.X/lcd.asm
                   WR_INS   0x000fc8    program     extern /Users/mreiter/Desktop/AER201/botL.X/lcd.asm
                  WR_DATA   0x000fe4    program     extern /Users/mreiter/Desktop/AER201/botL.X/lcd.asm
                   WrtLCD   0x001006    program     extern /Users/mreiter/Desktop/AER201/botL.X/lcd.asm
                   ClrLCD   0x00101c    program     extern /Users/mreiter/Desktop/AER201/botL.X/lcd.asm
                   ClkLCD   0x00102a    program     extern /Users/mreiter/Desktop/AER201/botL.X/lcd.asm
              _.code_00C6   0x001036    program     static /Users/mreiter/Desktop/AER201/botL.X/lcd.asm
                   LCD_L1   0x00103c    program     extern /Users/mreiter/Desktop/AER201/botL.X/lcd.asm
                   LCD_L2   0x001044    program     extern /Users/mreiter/Desktop/AER201/botL.X/lcd.asm
                   MovMSB   0x00104c    program     static /Users/mreiter/Desktop/AER201/botL.X/lcd.asm
             lcdLongDelay   0x001056    program     static /Users/mreiter/Desktop/AER201/botL.X/lcd.asm
                 LLD_LOOP   0x00105a    program     static /Users/mreiter/Desktop/AER201/botL.X/lcd.asm
              _.code_00F0   0x001060    program     static /Users/mreiter/Desktop/AER201/botL.X/lcd.asm
                delay44us   0x00106c    program     static /Users/mreiter/Desktop/AER201/botL.X/lcd.asm
            Delay44usLoop   0x001070    program     static /Users/mreiter/Desktop/AER201/botL.X/lcd.asm
                 delay5ms   0x001078    program     extern /Users/mreiter/Desktop/AER201/botL.X/lcd.asm
             Delay5msLoop   0x001080    program     static /Users/mreiter/Desktop/AER201/botL.X/lcd.asm
                       d2   0x001088    program     static /Users/mreiter/Desktop/AER201/botL.X/lcd.asm
         i2c_common_setup   0x00108e    program     extern /Users/mreiter/Desktop/AER201/botL.X/i2c_common.asm
              _.code_001A   0x0010a8    program     static /Users/mreiter/Desktop/AER201/botL.X/i2c_common.asm
                write_rtc   0x0010ae    program     extern /Users/mreiter/Desktop/AER201/botL.X/i2c_common.asm
              _.code_0028   0x0010b6    program     static /Users/mreiter/Desktop/AER201/botL.X/i2c_common.asm
              _.code_0030   0x0010be    program     static /Users/mreiter/Desktop/AER201/botL.X/i2c_common.asm
              _.code_0036   0x0010c4    program     static /Users/mreiter/Desktop/AER201/botL.X/i2c_common.asm
              _.code_0046   0x0010d4    program     static /Users/mreiter/Desktop/AER201/botL.X/i2c_common.asm
              _.code_004C   0x0010da    program     static /Users/mreiter/Desktop/AER201/botL.X/i2c_common.asm
              _.code_005C   0x0010ea    program     static /Users/mreiter/Desktop/AER201/botL.X/i2c_common.asm
              _.code_0062   0x0010f0    program     static /Users/mreiter/Desktop/AER201/botL.X/i2c_common.asm
              WR_ERR1_RTC   0x0010fe    program     static /Users/mreiter/Desktop/AER201/botL.X/i2c_common.asm
              WR_ERR2_RTC   0x001108    program     static /Users/mreiter/Desktop/AER201/botL.X/i2c_common.asm
              WR_ERR3_RTC   0x001114    program     static /Users/mreiter/Desktop/AER201/botL.X/i2c_common.asm
               WR_END_RTC   0x00111e    program     static /Users/mreiter/Desktop/AER201/botL.X/i2c_common.asm
              _.code_0094   0x001122    program     static /Users/mreiter/Desktop/AER201/botL.X/i2c_common.asm
                 read_rtc   0x001128    program     extern /Users/mreiter/Desktop/AER201/botL.X/i2c_common.asm
              _.code_00A2   0x001130    program     static /Users/mreiter/Desktop/AER201/botL.X/i2c_common.asm
              _.code_00AA   0x001138    program     static /Users/mreiter/Desktop/AER201/botL.X/i2c_common.asm
              _.code_00B0   0x00113e    program     static /Users/mreiter/Desktop/AER201/botL.X/i2c_common.asm
              _.code_00C0   0x00114e    program     static /Users/mreiter/Desktop/AER201/botL.X/i2c_common.asm
              _.code_00C6   0x001154    program     static /Users/mreiter/Desktop/AER201/botL.X/i2c_common.asm
              _.code_00D4   0x001162    program     static /Users/mreiter/Desktop/AER201/botL.X/i2c_common.asm
              _.code_00DC   0x00116a    program     static /Users/mreiter/Desktop/AER201/botL.X/i2c_common.asm
              _.code_00E2   0x001170    program     static /Users/mreiter/Desktop/AER201/botL.X/i2c_common.asm
              _.code_00F0   0x00117e    program     static /Users/mreiter/Desktop/AER201/botL.X/i2c_common.asm
                  _waitl0   0x00118c    program     static /Users/mreiter/Desktop/AER201/botL.X/i2c_common.asm
              RD_ERR1_RTC   0x001196    program     static /Users/mreiter/Desktop/AER201/botL.X/i2c_common.asm
              RD_ERR2_RTC   0x0011a0    program     static /Users/mreiter/Desktop/AER201/botL.X/i2c_common.asm
              RD_ERR3_RTC   0x0011aa    program     static /Users/mreiter/Desktop/AER201/botL.X/i2c_common.asm
               RD_END_RTC   0x0011b4    program     static /Users/mreiter/Desktop/AER201/botL.X/i2c_common.asm
              _.code_012A   0x0011b8    program     static /Users/mreiter/Desktop/AER201/botL.X/i2c_common.asm
              rtc_convert   0x0011be    program     extern /Users/mreiter/Desktop/AER201/botL.X/i2c_common.asm
          READ_COLOUR_I2C   0x0011d4    program     extern /Users/mreiter/Desktop/AER201/botL.X/i2c_common.asm
              _.code_014E   0x0011dc    program     static /Users/mreiter/Desktop/AER201/botL.X/i2c_common.asm
              _.code_0156   0x0011e4    program     static /Users/mreiter/Desktop/AER201/botL.X/i2c_common.asm
              _.code_015C   0x0011ea    program     static /Users/mreiter/Desktop/AER201/botL.X/i2c_common.asm
              _.code_016E   0x0011fc    program     static /Users/mreiter/Desktop/AER201/botL.X/i2c_common.asm
              _.code_0174   0x001202    program     static /Users/mreiter/Desktop/AER201/botL.X/i2c_common.asm
              _.code_0182   0x001210    program     static /Users/mreiter/Desktop/AER201/botL.X/i2c_common.asm
              _.code_018A   0x001218    program     static /Users/mreiter/Desktop/AER201/botL.X/i2c_common.asm
              _.code_0190   0x00121e    program     static /Users/mreiter/Desktop/AER201/botL.X/i2c_common.asm
              _.code_019E   0x00122c    program     static /Users/mreiter/Desktop/AER201/botL.X/i2c_common.asm
                  _waitl1   0x00123a    program     static /Users/mreiter/Desktop/AER201/botL.X/i2c_common.asm
                  RD_ERR1   0x001244    program     static /Users/mreiter/Desktop/AER201/botL.X/i2c_common.asm
                  RD_ERR2   0x00124e    program     static /Users/mreiter/Desktop/AER201/botL.X/i2c_common.asm
                  RD_ERR3   0x001258    program     static /Users/mreiter/Desktop/AER201/botL.X/i2c_common.asm
                   RD_END   0x001262    program     static /Users/mreiter/Desktop/AER201/botL.X/i2c_common.asm
              _.code_01D8   0x001266    program     static /Users/mreiter/Desktop/AER201/botL.X/i2c_common.asm
         WRITE_COLOUR_I2C   0x00126c    program     extern /Users/mreiter/Desktop/AER201/botL.X/i2c_common.asm
              _.code_01E6   0x001274    program     static /Users/mreiter/Desktop/AER201/botL.X/i2c_common.asm
              _.code_01EE   0x00127c    program     static /Users/mreiter/Desktop/AER201/botL.X/i2c_common.asm
              _.code_01F4   0x001282    program     static /Users/mreiter/Desktop/AER201/botL.X/i2c_common.asm
              _.code_0206   0x001294    program     static /Users/mreiter/Desktop/AER201/botL.X/i2c_common.asm
              _.code_020C   0x00129a    program     static /Users/mreiter/Desktop/AER201/botL.X/i2c_common.asm
              _.code_021E   0x0012ac    program     static /Users/mreiter/Desktop/AER201/botL.X/i2c_common.asm
              _.code_0224   0x0012b2    program     static /Users/mreiter/Desktop/AER201/botL.X/i2c_common.asm
                  WR_ERR1   0x0012c0    program     static /Users/mreiter/Desktop/AER201/botL.X/i2c_common.asm
                  WR_ERR2   0x0012ca    program     static /Users/mreiter/Desktop/AER201/botL.X/i2c_common.asm
                  WR_ERR3   0x0012d6    program     static /Users/mreiter/Desktop/AER201/botL.X/i2c_common.asm
                   WR_END   0x0012e0    program     static /Users/mreiter/Desktop/AER201/botL.X/i2c_common.asm
              _.code_0256   0x0012e4    program     static /Users/mreiter/Desktop/AER201/botL.X/i2c_common.asm
                CHECK_ACK   0x0012ea    program     extern /Users/mreiter/Desktop/AER201/botL.X/i2c.asm
                I2C_ACKDT   0x0012ea    program     extern /Users/mreiter/Desktop/AER201/botL.X/i2c.asm
                 I2C_temp   0x0012ea    program     static /Users/mreiter/Desktop/AER201/botL.X/i2c.asm
               CHECK_NACK   0x0012ee    program     extern /Users/mreiter/Desktop/AER201/botL.X/i2c.asm
                TEST_NACK   0x0012f2    program     static /Users/mreiter/Desktop/AER201/botL.X/i2c.asm
          I2C_Master_INIT   0x0012fa    program     extern /Users/mreiter/Desktop/AER201/botL.X/i2c.asm
          I2C_Master_WAIT   0x00130c    program     extern /Users/mreiter/Desktop/AER201/botL.X/i2c.asm
                     WAIT   0x00130c    program     static /Users/mreiter/Desktop/AER201/botL.X/i2c.asm
         I2C_Master_START   0x00131c    program     extern /Users/mreiter/Desktop/AER201/botL.X/i2c.asm
        I2C_Master_RSTART   0x001324    program     extern /Users/mreiter/Desktop/AER201/botL.X/i2c.asm
          I2C_Master_STOP   0x00132c    program     extern /Users/mreiter/Desktop/AER201/botL.X/i2c.asm
         I2C_Master_WRITE   0x001334    program     extern /Users/mreiter/Desktop/AER201/botL.X/i2c.asm
                  HOLD_UP   0x00133a    program     static /Users/mreiter/Desktop/AER201/botL.X/i2c.asm
          I2C_Master_READ   0x001342    program     extern /Users/mreiter/Desktop/AER201/botL.X/i2c.asm
                     LOOP   0x001348    program     static /Users/mreiter/Desktop/AER201/botL.X/i2c.asm
           I2C_Master_ACK   0x001350    program     extern /Users/mreiter/Desktop/AER201/botL.X/i2c.asm
                 TEST_ACK   0x001354    program     static /Users/mreiter/Desktop/AER201/botL.X/i2c.asm
               regaddress   0x000080       data     extern /Users/mreiter/Desktop/AER201/botL.X/i2c_common.asm
                 databyte   0x000081       data     extern /Users/mreiter/Desktop/AER201/botL.X/i2c_common.asm
                 datachar   0x000082       data     extern /Users/mreiter/Desktop/AER201/botL.X/i2c_common.asm
             data_colourL   0x000083       data     extern /Users/mreiter/Desktop/AER201/botL.X/i2c_common.asm
             data_colourH   0x000084       data     extern /Users/mreiter/Desktop/AER201/botL.X/i2c_common.asm
               tens_digit   0x000085       data     extern /Users/mreiter/Desktop/AER201/botL.X/i2c_common.asm
               ones_digit   0x000086       data     extern /Users/mreiter/Desktop/AER201/botL.X/i2c_common.asm
           convert_buffer   0x000087       data     extern /Users/mreiter/Desktop/AER201/botL.X/i2c_common.asm


