MPLINK 5.08, LINKER
Linker Map File - Created Sun Feb 12 20:56:47 2017

                                 Section Info
                  Section       Type    Address   Location Size(Bytes)
                ---------  ---------  ---------  ---------  ---------
                   .org_0       code   0x000000    program   0x000004
                   .cinit    romdata   0x000004    program   0x000002
                   .org_1       code   0x000008    program   0x000004
                   .org_2       code   0x000018    program   0x000b46
                    .code       code   0x000b5e    program   0x00039c
.config_300001_BUILD/DEFAULT/PRODUCTION/MAIN.O    romdata   0x300001    program   0x000001
.config_300002_BUILD/DEFAULT/PRODUCTION/MAIN.O    romdata   0x300002    program   0x000001
.config_300003_BUILD/DEFAULT/PRODUCTION/MAIN.O    romdata   0x300003    program   0x000001
.config_300005_BUILD/DEFAULT/PRODUCTION/MAIN.O    romdata   0x300005    program   0x000001
.config_300006_BUILD/DEFAULT/PRODUCTION/MAIN.O    romdata   0x300006    program   0x000001
.config_300008_BUILD/DEFAULT/PRODUCTION/MAIN.O    romdata   0x300008    program   0x000001
.config_300009_BUILD/DEFAULT/PRODUCTION/MAIN.O    romdata   0x300009    program   0x000001
.config_30000A_BUILD/DEFAULT/PRODUCTION/MAIN.O    romdata   0x30000a    program   0x000001
.config_30000B_BUILD/DEFAULT/PRODUCTION/MAIN.O    romdata   0x30000b    program   0x000001
.config_30000C_BUILD/DEFAULT/PRODUCTION/MAIN.O    romdata   0x30000c    program   0x000001
.config_30000D_BUILD/DEFAULT/PRODUCTION/MAIN.O    romdata   0x30000d    program   0x000001
                   .udata      udata   0x000080       data   0x000006



                              Program Memory Usage 
                               Start         End      
                           ---------   ---------      
                            0x000000    0x000005      
                            0x000008    0x00000b      
                            0x000018    0x000ef9      
                            0x300001    0x300003      
                            0x300005    0x300006      
                            0x300008    0x30000d      
            3831 out of 66584 program addresses used, program memory utilization is 5%



                              Symbols - Sorted by Name
                     Name    Address   Location    Storage File                     
                ---------  ---------  ---------  --------- ---------                
                CHECK_ACK   0x000e8a    program     extern /Users/mreiter/Desktop/AER201/botL.X/i2c.asm
               CHECK_NACK   0x000e8e    program     extern /Users/mreiter/Desktop/AER201/botL.X/i2c.asm
           ClearEEPROM_21   0x000998    program     static /Users/mreiter/Desktop/AER201/botL.X/main.asm
                ClearNext   0x0009a0    program     static /Users/mreiter/Desktop/AER201/botL.X/main.asm
                   ClkLCD   0x000cec    program     extern /Users/mreiter/Desktop/AER201/botL.X/lcd.asm
                   ClrLCD   0x000cde    program     extern /Users/mreiter/Desktop/AER201/botL.X/lcd.asm
                   Cycles   0x000930    program     static /Users/mreiter/Desktop/AER201/botL.X/main.asm
              DISPLAY_RTC   0x0007f6    program     static /Users/mreiter/Desktop/AER201/botL.X/main.asm
               Delay200us   0x000918    program     static /Users/mreiter/Desktop/AER201/botL.X/main.asm
            Delay44usLoop   0x000d32    program     static /Users/mreiter/Desktop/AER201/botL.X/lcd.asm
                Delay50ms   0x000926    program     static /Users/mreiter/Desktop/AER201/botL.X/main.asm
             Delay5msLoop   0x000d42    program     static /Users/mreiter/Desktop/AER201/botL.X/lcd.asm
                 Delay5us   0x00090a    program     static /Users/mreiter/Desktop/AER201/botL.X/main.asm
                DispOpRTC   0x000a80    program     static /Users/mreiter/Desktop/AER201/botL.X/main.asm
         DispOpRTC_Helper   0x000b24    program     static /Users/mreiter/Desktop/AER201/botL.X/main.asm
              DisplayTime   0x000a0e    program     static /Users/mreiter/Desktop/AER201/botL.X/main.asm
             END_ISR_HIGH   0x00008c    program     static /Users/mreiter/Desktop/AER201/botL.X/main.asm
              END_ISR_LOW   0x0000b2    program     static /Users/mreiter/Desktop/AER201/botL.X/main.asm
                EXECUTION   0x00020a    program     static /Users/mreiter/Desktop/AER201/botL.X/main.asm
                 EXIT_EXE   0x00027a    program     static /Users/mreiter/Desktop/AER201/botL.X/main.asm
                     Exe1   0x000bb8    program     static /Users/mreiter/Desktop/AER201/botL.X/main.asm
                     Exe2   0x000bc4    program     static /Users/mreiter/Desktop/AER201/botL.X/main.asm
                 HOLD_EXE   0x00025e    program     static /Users/mreiter/Desktop/AER201/botL.X/main.asm
                 HOLD_LOG   0x000434    program     static /Users/mreiter/Desktop/AER201/botL.X/main.asm
            HOLD_LOG_INFO   0x000504    program     static /Users/mreiter/Desktop/AER201/botL.X/main.asm
                  HOLD_PC   0x000736    program     static /Users/mreiter/Desktop/AER201/botL.X/main.asm
            HOLD_PERM_LOG   0x00055c    program     static /Users/mreiter/Desktop/AER201/botL.X/main.asm
                HOLD_PLOG   0x0006d2    program     static /Users/mreiter/Desktop/AER201/botL.X/main.asm
             HOLD_STANDBY   0x0001ac    program     static /Users/mreiter/Desktop/AER201/botL.X/main.asm
                  HOLD_UP   0x000eda    program     static /Users/mreiter/Desktop/AER201/botL.X/i2c.asm
                I2C_ACKDT   0x000e8a    program     extern /Users/mreiter/Desktop/AER201/botL.X/i2c.asm
           I2C_Master_ACK   0x000ef0    program     extern /Users/mreiter/Desktop/AER201/botL.X/i2c.asm
          I2C_Master_INIT   0x000e9a    program     extern /Users/mreiter/Desktop/AER201/botL.X/i2c.asm
          I2C_Master_READ   0x000ee2    program     extern /Users/mreiter/Desktop/AER201/botL.X/i2c.asm
        I2C_Master_RSTART   0x000ec4    program     extern /Users/mreiter/Desktop/AER201/botL.X/i2c.asm
         I2C_Master_START   0x000ebc    program     extern /Users/mreiter/Desktop/AER201/botL.X/i2c.asm
          I2C_Master_STOP   0x000ecc    program     extern /Users/mreiter/Desktop/AER201/botL.X/i2c.asm
          I2C_Master_WAIT   0x000eac    program     extern /Users/mreiter/Desktop/AER201/botL.X/i2c.asm
         I2C_Master_WRITE   0x000ed4    program     extern /Users/mreiter/Desktop/AER201/botL.X/i2c.asm
                 I2C_temp   0x000e8a    program     static /Users/mreiter/Desktop/AER201/botL.X/i2c.asm
                     INIT   0x0000ca    program     static /Users/mreiter/Desktop/AER201/botL.X/main.asm
               INIT_USART   0x0008fa    program     static /Users/mreiter/Desktop/AER201/botL.X/main.asm
                 ISR_HIGH   0x00001c    program     static /Users/mreiter/Desktop/AER201/botL.X/main.asm
                  ISR_LOW   0x000096    program     static /Users/mreiter/Desktop/AER201/botL.X/main.asm
                  InitLCD   0x000c32    program     extern /Users/mreiter/Desktop/AER201/botL.X/lcd.asm
                   LCD_L1   0x000cfe    program     extern /Users/mreiter/Desktop/AER201/botL.X/lcd.asm
                   LCD_L2   0x000d06    program     extern /Users/mreiter/Desktop/AER201/botL.X/lcd.asm
                 LLD_LOOP   0x000d1c    program     static /Users/mreiter/Desktop/AER201/botL.X/lcd.asm
                      LOG   0x0003dc    program     static /Users/mreiter/Desktop/AER201/botL.X/main.asm
                 LOG_INFO   0x000466    program     static /Users/mreiter/Desktop/AER201/botL.X/main.asm
                     LOOP   0x000ee8    program     static /Users/mreiter/Desktop/AER201/botL.X/i2c.asm
                     Log1   0x000b76    program     static /Users/mreiter/Desktop/AER201/botL.X/main.asm
                     Log2   0x000b7c    program     static /Users/mreiter/Desktop/AER201/botL.X/main.asm
                 LogInfo1   0x000b8a    program     static /Users/mreiter/Desktop/AER201/botL.X/main.asm
                 LogInfo2   0x000b92    program     static /Users/mreiter/Desktop/AER201/botL.X/main.asm
                   MovMSB   0x000d0e    program     static /Users/mreiter/Desktop/AER201/botL.X/lcd.asm
                   NoData   0x000c1e    program     static /Users/mreiter/Desktop/AER201/botL.X/main.asm
          NoSkipDispOpRTC   0x000ac0    program     static /Users/mreiter/Desktop/AER201/botL.X/main.asm
         NoSkipDispOpTime   0x000a4c    program     static /Users/mreiter/Desktop/AER201/botL.X/main.asm
                  Op_Time   0x000bfc    program     static /Users/mreiter/Desktop/AER201/botL.X/main.asm
                      PC1   0x000bcc    program     static /Users/mreiter/Desktop/AER201/botL.X/main.asm
                      PC2   0x000bda    program     static /Users/mreiter/Desktop/AER201/botL.X/main.asm
                   PCLog1   0x000c22    program     static /Users/mreiter/Desktop/AER201/botL.X/main.asm
               PCTransfer   0x000be4    program     static /Users/mreiter/Desktop/AER201/botL.X/main.asm
                  PC_MODE   0x0006ee    program     static /Users/mreiter/Desktop/AER201/botL.X/main.asm
              PC_TRANSFER   0x000768    program     static /Users/mreiter/Desktop/AER201/botL.X/main.asm
                 PERM_LOG   0x000520    program     static /Users/mreiter/Desktop/AER201/botL.X/main.asm
                     PLOG   0x00063e    program     static /Users/mreiter/Desktop/AER201/botL.X/main.asm
                 PermLog1   0x000b9c    program     static /Users/mreiter/Desktop/AER201/botL.X/main.asm
                 PermLog2   0x000bac    program     static /Users/mreiter/Desktop/AER201/botL.X/main.asm
                   RD_END   0x000e6c    program     static /Users/mreiter/Desktop/AER201/botL.X/i2c_common.asm
                  RD_ERR1   0x000e4e    program     static /Users/mreiter/Desktop/AER201/botL.X/i2c_common.asm
                  RD_ERR2   0x000e58    program     static /Users/mreiter/Desktop/AER201/botL.X/i2c_common.asm
                  RD_ERR3   0x000e62    program     static /Users/mreiter/Desktop/AER201/botL.X/i2c_common.asm
                 READ_KEY   0x0009de    program     static /Users/mreiter/Desktop/AER201/botL.X/main.asm
            READ_KEY_TIME   0x0009f2    program     static /Users/mreiter/Desktop/AER201/botL.X/main.asm
                 RTC_INIT   0x00078c    program     static /Users/mreiter/Desktop/AER201/botL.X/main.asm
                     SAVE   0x000c04    program     static /Users/mreiter/Desktop/AER201/botL.X/main.asm
                SAVE_TIME   0x00079a    program     static /Users/mreiter/Desktop/AER201/botL.X/main.asm
                 SET_TIME   0x000892    program     static /Users/mreiter/Desktop/AER201/botL.X/main.asm
                  STANDBY   0x00018e    program     static /Users/mreiter/Desktop/AER201/botL.X/main.asm
                   Safety   0x000c0e    program     static /Users/mreiter/Desktop/AER201/botL.X/main.asm
                 SaveData   0x0002e0    program     static /Users/mreiter/Desktop/AER201/botL.X/main.asm
                ShiftLoop   0x000312    program     static /Users/mreiter/Desktop/AER201/botL.X/main.asm
            SkipDispOpRTC   0x000b22    program     static /Users/mreiter/Desktop/AER201/botL.X/main.asm
           SkipDispOpTime   0x000a7e    program     static /Users/mreiter/Desktop/AER201/botL.X/main.asm
                  StandBy   0x000b6e    program     static /Users/mreiter/Desktop/AER201/botL.X/main.asm
                  Stopped   0x000bf4    program     static /Users/mreiter/Desktop/AER201/botL.X/main.asm
                 TEST_ACK   0x000ef4    program     static /Users/mreiter/Desktop/AER201/botL.X/i2c.asm
                TEST_NACK   0x000e92    program     static /Users/mreiter/Desktop/AER201/botL.X/i2c.asm
                     Team   0x000b64    program     static /Users/mreiter/Desktop/AER201/botL.X/main.asm
                     WAIT   0x000eac    program     static /Users/mreiter/Desktop/AER201/botL.X/i2c.asm
                  WR_DATA   0x000ca6    program     extern /Users/mreiter/Desktop/AER201/botL.X/lcd.asm
                   WR_END   0x000dda    program     static /Users/mreiter/Desktop/AER201/botL.X/i2c_common.asm
                  WR_ERR1   0x000dba    program     static /Users/mreiter/Desktop/AER201/botL.X/i2c_common.asm
                  WR_ERR2   0x000dc4    program     static /Users/mreiter/Desktop/AER201/botL.X/i2c_common.asm
                  WR_ERR3   0x000dd0    program     static /Users/mreiter/Desktop/AER201/botL.X/i2c_common.asm
                   WR_INS   0x000c8a    program     extern /Users/mreiter/Desktop/AER201/botL.X/lcd.asm
                  Welcome   0x000b5e    program     static /Users/mreiter/Desktop/AER201/botL.X/main.asm
              WriteEE_RTC   0x00093a    program     static /Users/mreiter/Desktop/AER201/botL.X/main.asm
                   WrtLCD   0x000cc8    program     extern /Users/mreiter/Desktop/AER201/botL.X/lcd.asm
              _.code_0018   0x000d68    program     static /Users/mreiter/Desktop/AER201/botL.X/i2c_common.asm
              _.code_0026   0x000d76    program     static /Users/mreiter/Desktop/AER201/botL.X/i2c_common.asm
              _.code_002E   0x000d7e    program     static /Users/mreiter/Desktop/AER201/botL.X/i2c_common.asm
              _.code_0034   0x000d84    program     static /Users/mreiter/Desktop/AER201/botL.X/i2c_common.asm
              _.code_0042   0x000d92    program     static /Users/mreiter/Desktop/AER201/botL.X/i2c_common.asm
              _.code_0048   0x000d98    program     static /Users/mreiter/Desktop/AER201/botL.X/i2c_common.asm
              _.code_0056   0x000da6    program     static /Users/mreiter/Desktop/AER201/botL.X/i2c_common.asm
              _.code_005C   0x000dac    program     static /Users/mreiter/Desktop/AER201/botL.X/i2c_common.asm
              _.code_008E   0x000dde    program     static /Users/mreiter/Desktop/AER201/botL.X/i2c_common.asm
              _.code_009C   0x000dec    program     static /Users/mreiter/Desktop/AER201/botL.X/i2c_common.asm
              _.code_00A4   0x000df4    program     static /Users/mreiter/Desktop/AER201/botL.X/i2c_common.asm
              _.code_00AA   0x000dfa    program     static /Users/mreiter/Desktop/AER201/botL.X/i2c_common.asm
              _.code_00B8   0x000e08    program     static /Users/mreiter/Desktop/AER201/botL.X/i2c_common.asm
              _.code_00BE   0x000e0e    program     static /Users/mreiter/Desktop/AER201/botL.X/i2c_common.asm
              _.code_00C6   0x000cf8    program     static /Users/mreiter/Desktop/AER201/botL.X/lcd.asm
              _.code_00CC   0x000e1c    program     static /Users/mreiter/Desktop/AER201/botL.X/i2c_common.asm
              _.code_00D4   0x000e24    program     static /Users/mreiter/Desktop/AER201/botL.X/i2c_common.asm
              _.code_00DA   0x000e2a    program     static /Users/mreiter/Desktop/AER201/botL.X/i2c_common.asm
              _.code_00E8   0x000e38    program     static /Users/mreiter/Desktop/AER201/botL.X/i2c_common.asm
              _.code_00F0   0x000d22    program     static /Users/mreiter/Desktop/AER201/botL.X/lcd.asm
              _.code_0120   0x000e70    program     static /Users/mreiter/Desktop/AER201/botL.X/i2c_common.asm
             _.org_2_0288   0x000288    program     static /Users/mreiter/Desktop/AER201/botL.X/main.asm
             _.org_2_02A0   0x0002a0    program     static /Users/mreiter/Desktop/AER201/botL.X/main.asm
             _.org_2_02B6   0x0002b6    program     static /Users/mreiter/Desktop/AER201/botL.X/main.asm
             _.org_2_02CE   0x0002ce    program     static /Users/mreiter/Desktop/AER201/botL.X/main.asm
             _.org_2_0338   0x000338    program     static /Users/mreiter/Desktop/AER201/botL.X/main.asm
             _.org_2_0350   0x000350    program     static /Users/mreiter/Desktop/AER201/botL.X/main.asm
             _.org_2_038A   0x00038a    program     static /Users/mreiter/Desktop/AER201/botL.X/main.asm
             _.org_2_03A2   0x0003a2    program     static /Users/mreiter/Desktop/AER201/botL.X/main.asm
             _.org_2_03B8   0x0003b8    program     static /Users/mreiter/Desktop/AER201/botL.X/main.asm
             _.org_2_03D0   0x0003d0    program     static /Users/mreiter/Desktop/AER201/botL.X/main.asm
             _.org_2_0948   0x000948    program     static /Users/mreiter/Desktop/AER201/botL.X/main.asm
             _.org_2_0960   0x000960    program     static /Users/mreiter/Desktop/AER201/botL.X/main.asm
             _.org_2_0976   0x000976    program     static /Users/mreiter/Desktop/AER201/botL.X/main.asm
             _.org_2_098E   0x00098e    program     static /Users/mreiter/Desktop/AER201/botL.X/main.asm
             _.org_2_09AE   0x0009ae    program     static /Users/mreiter/Desktop/AER201/botL.X/main.asm
             _.org_2_09C6   0x0009c6    program     static /Users/mreiter/Desktop/AER201/botL.X/main.asm
             _.org_2_09EC   0x0009ec    program     static /Users/mreiter/Desktop/AER201/botL.X/main.asm
             _.org_2_0A08   0x000a08    program     static /Users/mreiter/Desktop/AER201/botL.X/main.asm
                  _10loop   0x000184    program     static /Users/mreiter/Desktop/AER201/botL.X/main.asm
                  _11loop   0x0001a2    program     static /Users/mreiter/Desktop/AER201/botL.X/main.asm
                  _12Exit   0x0001c4    program     static /Users/mreiter/Desktop/AER201/botL.X/main.asm
                  _12Next   0x0001b8    program     static /Users/mreiter/Desktop/AER201/botL.X/main.asm
                  _13Exit   0x0001da    program     static /Users/mreiter/Desktop/AER201/botL.X/main.asm
                  _13Next   0x0001ce    program     static /Users/mreiter/Desktop/AER201/botL.X/main.asm
                  _14Exit   0x0001f0    program     static /Users/mreiter/Desktop/AER201/botL.X/main.asm
                  _14Next   0x0001e4    program     static /Users/mreiter/Desktop/AER201/botL.X/main.asm
                  _15Exit   0x000206    program     static /Users/mreiter/Desktop/AER201/botL.X/main.asm
                  _15Next   0x0001fa    program     static /Users/mreiter/Desktop/AER201/botL.X/main.asm
                  _16loop   0x000224    program     static /Users/mreiter/Desktop/AER201/botL.X/main.asm
                  _17loop   0x000242    program     static /Users/mreiter/Desktop/AER201/botL.X/main.asm
                  _18Exit   0x000276    program     static /Users/mreiter/Desktop/AER201/botL.X/main.asm
                  _18Next   0x00026a    program     static /Users/mreiter/Desktop/AER201/botL.X/main.asm
                  _21loop   0x0002f4    program     static /Users/mreiter/Desktop/AER201/botL.X/main.asm
                  _26loop   0x0003f0    program     static /Users/mreiter/Desktop/AER201/botL.X/main.asm
                  _29Exit   0x00044c    program     static /Users/mreiter/Desktop/AER201/botL.X/main.asm
                  _29Next   0x000440    program     static /Users/mreiter/Desktop/AER201/botL.X/main.asm
                 _2endBCD   0x000058    program     static /Users/mreiter/Desktop/AER201/botL.X/main.asm
                   _2ones   0x000052    program     static /Users/mreiter/Desktop/AER201/botL.X/main.asm
                  _30Exit   0x000462    program     static /Users/mreiter/Desktop/AER201/botL.X/main.asm
                  _30Next   0x000456    program     static /Users/mreiter/Desktop/AER201/botL.X/main.asm
                  _31loop   0x00047a    program     static /Users/mreiter/Desktop/AER201/botL.X/main.asm
                  _32loop   0x000498    program     static /Users/mreiter/Desktop/AER201/botL.X/main.asm
                 _33Again   0x0004e2    program     static /Users/mreiter/Desktop/AER201/botL.X/main.asm
                _33Finish   0x000504    program     static /Users/mreiter/Desktop/AER201/botL.X/main.asm
                  _35loop   0x0004d4    program     static /Users/mreiter/Desktop/AER201/botL.X/main.asm
                  _37Exit   0x00051c    program     static /Users/mreiter/Desktop/AER201/botL.X/main.asm
                  _37Next   0x000510    program     static /Users/mreiter/Desktop/AER201/botL.X/main.asm
                  _38loop   0x000534    program     static /Users/mreiter/Desktop/AER201/botL.X/main.asm
                  _39loop   0x000552    program     static /Users/mreiter/Desktop/AER201/botL.X/main.asm
                 _3endBCD   0x00008a    program     static /Users/mreiter/Desktop/AER201/botL.X/main.asm
                   _3ones   0x000084    program     static /Users/mreiter/Desktop/AER201/botL.X/main.asm
                  _40Exit   0x000574    program     static /Users/mreiter/Desktop/AER201/botL.X/main.asm
                  _40Next   0x000568    program     static /Users/mreiter/Desktop/AER201/botL.X/main.asm
                  _41Exit   0x00058a    program     static /Users/mreiter/Desktop/AER201/botL.X/main.asm
                  _41Next   0x00057e    program     static /Users/mreiter/Desktop/AER201/botL.X/main.asm
                  _42Exit   0x0005a0    program     static /Users/mreiter/Desktop/AER201/botL.X/main.asm
                  _42Next   0x000594    program     static /Users/mreiter/Desktop/AER201/botL.X/main.asm
                  _43Exit   0x0005b6    program     static /Users/mreiter/Desktop/AER201/botL.X/main.asm
                  _43Next   0x0005aa    program     static /Users/mreiter/Desktop/AER201/botL.X/main.asm
                  _44Exit   0x0005cc    program     static /Users/mreiter/Desktop/AER201/botL.X/main.asm
                  _44Next   0x0005c0    program     static /Users/mreiter/Desktop/AER201/botL.X/main.asm
                  _45Exit   0x0005e2    program     static /Users/mreiter/Desktop/AER201/botL.X/main.asm
                  _45Next   0x0005d6    program     static /Users/mreiter/Desktop/AER201/botL.X/main.asm
                  _46Exit   0x0005f8    program     static /Users/mreiter/Desktop/AER201/botL.X/main.asm
                  _46Next   0x0005ec    program     static /Users/mreiter/Desktop/AER201/botL.X/main.asm
                  _47Exit   0x00060e    program     static /Users/mreiter/Desktop/AER201/botL.X/main.asm
                  _47Next   0x000602    program     static /Users/mreiter/Desktop/AER201/botL.X/main.asm
                  _48Exit   0x000624    program     static /Users/mreiter/Desktop/AER201/botL.X/main.asm
                  _48Next   0x000618    program     static /Users/mreiter/Desktop/AER201/botL.X/main.asm
                  _49Exit   0x00063a    program     static /Users/mreiter/Desktop/AER201/botL.X/main.asm
                  _49Next   0x00062e    program     static /Users/mreiter/Desktop/AER201/botL.X/main.asm
                  _50loop   0x000652    program     static /Users/mreiter/Desktop/AER201/botL.X/main.asm
                  _53Exit   0x0006ea    program     static /Users/mreiter/Desktop/AER201/botL.X/main.asm
                  _53Next   0x0006de    program     static /Users/mreiter/Desktop/AER201/botL.X/main.asm
                  _54loop   0x000702    program     static /Users/mreiter/Desktop/AER201/botL.X/main.asm
                  _55loop   0x000720    program     static /Users/mreiter/Desktop/AER201/botL.X/main.asm
                  _56Exit   0x00074e    program     static /Users/mreiter/Desktop/AER201/botL.X/main.asm
                  _56Next   0x000742    program     static /Users/mreiter/Desktop/AER201/botL.X/main.asm
                  _57Exit   0x000764    program     static /Users/mreiter/Desktop/AER201/botL.X/main.asm
                  _57Next   0x000758    program     static /Users/mreiter/Desktop/AER201/botL.X/main.asm
                  _58loop   0x00077e    program     static /Users/mreiter/Desktop/AER201/botL.X/main.asm
                  _81loop   0x000a38    program     static /Users/mreiter/Desktop/AER201/botL.X/main.asm
                  _83loop   0x000aae    program     static /Users/mreiter/Desktop/AER201/botL.X/main.asm
                   _8loop   0x000158    program     static /Users/mreiter/Desktop/AER201/botL.X/main.asm
                   _9loop   0x000176    program     static /Users/mreiter/Desktop/AER201/botL.X/main.asm
                  _waitl0   0x000e44    program     static /Users/mreiter/Desktop/AER201/botL.X/i2c_common.asm
                       d2   0x000d4a    program     static /Users/mreiter/Desktop/AER201/botL.X/lcd.asm
                del_loop0   0x000898    program     static /Users/mreiter/Desktop/AER201/botL.X/main.asm
                delay44us   0x000d2e    program     static /Users/mreiter/Desktop/AER201/botL.X/lcd.asm
                 delay5ms   0x000d3a    program     static /Users/mreiter/Desktop/AER201/botL.X/lcd.asm
               displayNum   0x000678    program     static /Users/mreiter/Desktop/AER201/botL.X/main.asm
         i2c_common_setup   0x000d50    program     extern /Users/mreiter/Desktop/AER201/botL.X/i2c_common.asm
             lcdLongDelay   0x000d18    program     static /Users/mreiter/Desktop/AER201/botL.X/lcd.asm
                loop200us   0x00091c    program     static /Users/mreiter/Desktop/AER201/botL.X/main.asm
                 loop50ms   0x00092a    program     static /Users/mreiter/Desktop/AER201/botL.X/main.asm
                  loop5us   0x00090e    program     static /Users/mreiter/Desktop/AER201/botL.X/main.asm
                 read_rtc   0x000de4    program     extern /Users/mreiter/Desktop/AER201/botL.X/i2c_common.asm
              rtc_convert   0x000e76    program     extern /Users/mreiter/Desktop/AER201/botL.X/i2c_common.asm
                write_rtc   0x000d6e    program     extern /Users/mreiter/Desktop/AER201/botL.X/i2c_common.asm
           convert_buffer   0x000085       data     extern /Users/mreiter/Desktop/AER201/botL.X/i2c_common.asm
                 databyte   0x000081       data     extern /Users/mreiter/Desktop/AER201/botL.X/i2c_common.asm
                 datachar   0x000082       data     extern /Users/mreiter/Desktop/AER201/botL.X/i2c_common.asm
               ones_digit   0x000084       data     extern /Users/mreiter/Desktop/AER201/botL.X/i2c_common.asm
               regaddress   0x000080       data     extern /Users/mreiter/Desktop/AER201/botL.X/i2c_common.asm
               tens_digit   0x000083       data     extern /Users/mreiter/Desktop/AER201/botL.X/i2c_common.asm



                              Symbols - Sorted by Address
                     Name    Address   Location    Storage File                     
                ---------  ---------  ---------  --------- ---------                
                 ISR_HIGH   0x00001c    program     static /Users/mreiter/Desktop/AER201/botL.X/main.asm
                   _2ones   0x000052    program     static /Users/mreiter/Desktop/AER201/botL.X/main.asm
                 _2endBCD   0x000058    program     static /Users/mreiter/Desktop/AER201/botL.X/main.asm
                   _3ones   0x000084    program     static /Users/mreiter/Desktop/AER201/botL.X/main.asm
                 _3endBCD   0x00008a    program     static /Users/mreiter/Desktop/AER201/botL.X/main.asm
             END_ISR_HIGH   0x00008c    program     static /Users/mreiter/Desktop/AER201/botL.X/main.asm
                  ISR_LOW   0x000096    program     static /Users/mreiter/Desktop/AER201/botL.X/main.asm
              END_ISR_LOW   0x0000b2    program     static /Users/mreiter/Desktop/AER201/botL.X/main.asm
                     INIT   0x0000ca    program     static /Users/mreiter/Desktop/AER201/botL.X/main.asm
                   _8loop   0x000158    program     static /Users/mreiter/Desktop/AER201/botL.X/main.asm
                   _9loop   0x000176    program     static /Users/mreiter/Desktop/AER201/botL.X/main.asm
                  _10loop   0x000184    program     static /Users/mreiter/Desktop/AER201/botL.X/main.asm
                  STANDBY   0x00018e    program     static /Users/mreiter/Desktop/AER201/botL.X/main.asm
                  _11loop   0x0001a2    program     static /Users/mreiter/Desktop/AER201/botL.X/main.asm
             HOLD_STANDBY   0x0001ac    program     static /Users/mreiter/Desktop/AER201/botL.X/main.asm
                  _12Next   0x0001b8    program     static /Users/mreiter/Desktop/AER201/botL.X/main.asm
                  _12Exit   0x0001c4    program     static /Users/mreiter/Desktop/AER201/botL.X/main.asm
                  _13Next   0x0001ce    program     static /Users/mreiter/Desktop/AER201/botL.X/main.asm
                  _13Exit   0x0001da    program     static /Users/mreiter/Desktop/AER201/botL.X/main.asm
                  _14Next   0x0001e4    program     static /Users/mreiter/Desktop/AER201/botL.X/main.asm
                  _14Exit   0x0001f0    program     static /Users/mreiter/Desktop/AER201/botL.X/main.asm
                  _15Next   0x0001fa    program     static /Users/mreiter/Desktop/AER201/botL.X/main.asm
                  _15Exit   0x000206    program     static /Users/mreiter/Desktop/AER201/botL.X/main.asm
                EXECUTION   0x00020a    program     static /Users/mreiter/Desktop/AER201/botL.X/main.asm
                  _16loop   0x000224    program     static /Users/mreiter/Desktop/AER201/botL.X/main.asm
                  _17loop   0x000242    program     static /Users/mreiter/Desktop/AER201/botL.X/main.asm
                 HOLD_EXE   0x00025e    program     static /Users/mreiter/Desktop/AER201/botL.X/main.asm
                  _18Next   0x00026a    program     static /Users/mreiter/Desktop/AER201/botL.X/main.asm
                  _18Exit   0x000276    program     static /Users/mreiter/Desktop/AER201/botL.X/main.asm
                 EXIT_EXE   0x00027a    program     static /Users/mreiter/Desktop/AER201/botL.X/main.asm
             _.org_2_0288   0x000288    program     static /Users/mreiter/Desktop/AER201/botL.X/main.asm
             _.org_2_02A0   0x0002a0    program     static /Users/mreiter/Desktop/AER201/botL.X/main.asm
             _.org_2_02B6   0x0002b6    program     static /Users/mreiter/Desktop/AER201/botL.X/main.asm
             _.org_2_02CE   0x0002ce    program     static /Users/mreiter/Desktop/AER201/botL.X/main.asm
                 SaveData   0x0002e0    program     static /Users/mreiter/Desktop/AER201/botL.X/main.asm
                  _21loop   0x0002f4    program     static /Users/mreiter/Desktop/AER201/botL.X/main.asm
                ShiftLoop   0x000312    program     static /Users/mreiter/Desktop/AER201/botL.X/main.asm
             _.org_2_0338   0x000338    program     static /Users/mreiter/Desktop/AER201/botL.X/main.asm
             _.org_2_0350   0x000350    program     static /Users/mreiter/Desktop/AER201/botL.X/main.asm
             _.org_2_038A   0x00038a    program     static /Users/mreiter/Desktop/AER201/botL.X/main.asm
             _.org_2_03A2   0x0003a2    program     static /Users/mreiter/Desktop/AER201/botL.X/main.asm
             _.org_2_03B8   0x0003b8    program     static /Users/mreiter/Desktop/AER201/botL.X/main.asm
             _.org_2_03D0   0x0003d0    program     static /Users/mreiter/Desktop/AER201/botL.X/main.asm
                      LOG   0x0003dc    program     static /Users/mreiter/Desktop/AER201/botL.X/main.asm
                  _26loop   0x0003f0    program     static /Users/mreiter/Desktop/AER201/botL.X/main.asm
                 HOLD_LOG   0x000434    program     static /Users/mreiter/Desktop/AER201/botL.X/main.asm
                  _29Next   0x000440    program     static /Users/mreiter/Desktop/AER201/botL.X/main.asm
                  _29Exit   0x00044c    program     static /Users/mreiter/Desktop/AER201/botL.X/main.asm
                  _30Next   0x000456    program     static /Users/mreiter/Desktop/AER201/botL.X/main.asm
                  _30Exit   0x000462    program     static /Users/mreiter/Desktop/AER201/botL.X/main.asm
                 LOG_INFO   0x000466    program     static /Users/mreiter/Desktop/AER201/botL.X/main.asm
                  _31loop   0x00047a    program     static /Users/mreiter/Desktop/AER201/botL.X/main.asm
                  _32loop   0x000498    program     static /Users/mreiter/Desktop/AER201/botL.X/main.asm
                  _35loop   0x0004d4    program     static /Users/mreiter/Desktop/AER201/botL.X/main.asm
                 _33Again   0x0004e2    program     static /Users/mreiter/Desktop/AER201/botL.X/main.asm
            HOLD_LOG_INFO   0x000504    program     static /Users/mreiter/Desktop/AER201/botL.X/main.asm
                _33Finish   0x000504    program     static /Users/mreiter/Desktop/AER201/botL.X/main.asm
                  _37Next   0x000510    program     static /Users/mreiter/Desktop/AER201/botL.X/main.asm
                  _37Exit   0x00051c    program     static /Users/mreiter/Desktop/AER201/botL.X/main.asm
                 PERM_LOG   0x000520    program     static /Users/mreiter/Desktop/AER201/botL.X/main.asm
                  _38loop   0x000534    program     static /Users/mreiter/Desktop/AER201/botL.X/main.asm
                  _39loop   0x000552    program     static /Users/mreiter/Desktop/AER201/botL.X/main.asm
            HOLD_PERM_LOG   0x00055c    program     static /Users/mreiter/Desktop/AER201/botL.X/main.asm
                  _40Next   0x000568    program     static /Users/mreiter/Desktop/AER201/botL.X/main.asm
                  _40Exit   0x000574    program     static /Users/mreiter/Desktop/AER201/botL.X/main.asm
                  _41Next   0x00057e    program     static /Users/mreiter/Desktop/AER201/botL.X/main.asm
                  _41Exit   0x00058a    program     static /Users/mreiter/Desktop/AER201/botL.X/main.asm
                  _42Next   0x000594    program     static /Users/mreiter/Desktop/AER201/botL.X/main.asm
                  _42Exit   0x0005a0    program     static /Users/mreiter/Desktop/AER201/botL.X/main.asm
                  _43Next   0x0005aa    program     static /Users/mreiter/Desktop/AER201/botL.X/main.asm
                  _43Exit   0x0005b6    program     static /Users/mreiter/Desktop/AER201/botL.X/main.asm
                  _44Next   0x0005c0    program     static /Users/mreiter/Desktop/AER201/botL.X/main.asm
                  _44Exit   0x0005cc    program     static /Users/mreiter/Desktop/AER201/botL.X/main.asm
                  _45Next   0x0005d6    program     static /Users/mreiter/Desktop/AER201/botL.X/main.asm
                  _45Exit   0x0005e2    program     static /Users/mreiter/Desktop/AER201/botL.X/main.asm
                  _46Next   0x0005ec    program     static /Users/mreiter/Desktop/AER201/botL.X/main.asm
                  _46Exit   0x0005f8    program     static /Users/mreiter/Desktop/AER201/botL.X/main.asm
                  _47Next   0x000602    program     static /Users/mreiter/Desktop/AER201/botL.X/main.asm
                  _47Exit   0x00060e    program     static /Users/mreiter/Desktop/AER201/botL.X/main.asm
                  _48Next   0x000618    program     static /Users/mreiter/Desktop/AER201/botL.X/main.asm
                  _48Exit   0x000624    program     static /Users/mreiter/Desktop/AER201/botL.X/main.asm
                  _49Next   0x00062e    program     static /Users/mreiter/Desktop/AER201/botL.X/main.asm
                  _49Exit   0x00063a    program     static /Users/mreiter/Desktop/AER201/botL.X/main.asm
                     PLOG   0x00063e    program     static /Users/mreiter/Desktop/AER201/botL.X/main.asm
                  _50loop   0x000652    program     static /Users/mreiter/Desktop/AER201/botL.X/main.asm
               displayNum   0x000678    program     static /Users/mreiter/Desktop/AER201/botL.X/main.asm
                HOLD_PLOG   0x0006d2    program     static /Users/mreiter/Desktop/AER201/botL.X/main.asm
                  _53Next   0x0006de    program     static /Users/mreiter/Desktop/AER201/botL.X/main.asm
                  _53Exit   0x0006ea    program     static /Users/mreiter/Desktop/AER201/botL.X/main.asm
                  PC_MODE   0x0006ee    program     static /Users/mreiter/Desktop/AER201/botL.X/main.asm
                  _54loop   0x000702    program     static /Users/mreiter/Desktop/AER201/botL.X/main.asm
                  _55loop   0x000720    program     static /Users/mreiter/Desktop/AER201/botL.X/main.asm
                  HOLD_PC   0x000736    program     static /Users/mreiter/Desktop/AER201/botL.X/main.asm
                  _56Next   0x000742    program     static /Users/mreiter/Desktop/AER201/botL.X/main.asm
                  _56Exit   0x00074e    program     static /Users/mreiter/Desktop/AER201/botL.X/main.asm
                  _57Next   0x000758    program     static /Users/mreiter/Desktop/AER201/botL.X/main.asm
                  _57Exit   0x000764    program     static /Users/mreiter/Desktop/AER201/botL.X/main.asm
              PC_TRANSFER   0x000768    program     static /Users/mreiter/Desktop/AER201/botL.X/main.asm
                  _58loop   0x00077e    program     static /Users/mreiter/Desktop/AER201/botL.X/main.asm
                 RTC_INIT   0x00078c    program     static /Users/mreiter/Desktop/AER201/botL.X/main.asm
                SAVE_TIME   0x00079a    program     static /Users/mreiter/Desktop/AER201/botL.X/main.asm
              DISPLAY_RTC   0x0007f6    program     static /Users/mreiter/Desktop/AER201/botL.X/main.asm
                 SET_TIME   0x000892    program     static /Users/mreiter/Desktop/AER201/botL.X/main.asm
                del_loop0   0x000898    program     static /Users/mreiter/Desktop/AER201/botL.X/main.asm
               INIT_USART   0x0008fa    program     static /Users/mreiter/Desktop/AER201/botL.X/main.asm
                 Delay5us   0x00090a    program     static /Users/mreiter/Desktop/AER201/botL.X/main.asm
                  loop5us   0x00090e    program     static /Users/mreiter/Desktop/AER201/botL.X/main.asm
               Delay200us   0x000918    program     static /Users/mreiter/Desktop/AER201/botL.X/main.asm
                loop200us   0x00091c    program     static /Users/mreiter/Desktop/AER201/botL.X/main.asm
                Delay50ms   0x000926    program     static /Users/mreiter/Desktop/AER201/botL.X/main.asm
                 loop50ms   0x00092a    program     static /Users/mreiter/Desktop/AER201/botL.X/main.asm
                   Cycles   0x000930    program     static /Users/mreiter/Desktop/AER201/botL.X/main.asm
              WriteEE_RTC   0x00093a    program     static /Users/mreiter/Desktop/AER201/botL.X/main.asm
             _.org_2_0948   0x000948    program     static /Users/mreiter/Desktop/AER201/botL.X/main.asm
             _.org_2_0960   0x000960    program     static /Users/mreiter/Desktop/AER201/botL.X/main.asm
             _.org_2_0976   0x000976    program     static /Users/mreiter/Desktop/AER201/botL.X/main.asm
             _.org_2_098E   0x00098e    program     static /Users/mreiter/Desktop/AER201/botL.X/main.asm
           ClearEEPROM_21   0x000998    program     static /Users/mreiter/Desktop/AER201/botL.X/main.asm
                ClearNext   0x0009a0    program     static /Users/mreiter/Desktop/AER201/botL.X/main.asm
             _.org_2_09AE   0x0009ae    program     static /Users/mreiter/Desktop/AER201/botL.X/main.asm
             _.org_2_09C6   0x0009c6    program     static /Users/mreiter/Desktop/AER201/botL.X/main.asm
                 READ_KEY   0x0009de    program     static /Users/mreiter/Desktop/AER201/botL.X/main.asm
             _.org_2_09EC   0x0009ec    program     static /Users/mreiter/Desktop/AER201/botL.X/main.asm
            READ_KEY_TIME   0x0009f2    program     static /Users/mreiter/Desktop/AER201/botL.X/main.asm
             _.org_2_0A08   0x000a08    program     static /Users/mreiter/Desktop/AER201/botL.X/main.asm
              DisplayTime   0x000a0e    program     static /Users/mreiter/Desktop/AER201/botL.X/main.asm
                  _81loop   0x000a38    program     static /Users/mreiter/Desktop/AER201/botL.X/main.asm
         NoSkipDispOpTime   0x000a4c    program     static /Users/mreiter/Desktop/AER201/botL.X/main.asm
           SkipDispOpTime   0x000a7e    program     static /Users/mreiter/Desktop/AER201/botL.X/main.asm
                DispOpRTC   0x000a80    program     static /Users/mreiter/Desktop/AER201/botL.X/main.asm
                  _83loop   0x000aae    program     static /Users/mreiter/Desktop/AER201/botL.X/main.asm
          NoSkipDispOpRTC   0x000ac0    program     static /Users/mreiter/Desktop/AER201/botL.X/main.asm
            SkipDispOpRTC   0x000b22    program     static /Users/mreiter/Desktop/AER201/botL.X/main.asm
         DispOpRTC_Helper   0x000b24    program     static /Users/mreiter/Desktop/AER201/botL.X/main.asm
                  Welcome   0x000b5e    program     static /Users/mreiter/Desktop/AER201/botL.X/main.asm
                     Team   0x000b64    program     static /Users/mreiter/Desktop/AER201/botL.X/main.asm
                  StandBy   0x000b6e    program     static /Users/mreiter/Desktop/AER201/botL.X/main.asm
                     Log1   0x000b76    program     static /Users/mreiter/Desktop/AER201/botL.X/main.asm
                     Log2   0x000b7c    program     static /Users/mreiter/Desktop/AER201/botL.X/main.asm
                 LogInfo1   0x000b8a    program     static /Users/mreiter/Desktop/AER201/botL.X/main.asm
                 LogInfo2   0x000b92    program     static /Users/mreiter/Desktop/AER201/botL.X/main.asm
                 PermLog1   0x000b9c    program     static /Users/mreiter/Desktop/AER201/botL.X/main.asm
                 PermLog2   0x000bac    program     static /Users/mreiter/Desktop/AER201/botL.X/main.asm
                     Exe1   0x000bb8    program     static /Users/mreiter/Desktop/AER201/botL.X/main.asm
                     Exe2   0x000bc4    program     static /Users/mreiter/Desktop/AER201/botL.X/main.asm
                      PC1   0x000bcc    program     static /Users/mreiter/Desktop/AER201/botL.X/main.asm
                      PC2   0x000bda    program     static /Users/mreiter/Desktop/AER201/botL.X/main.asm
               PCTransfer   0x000be4    program     static /Users/mreiter/Desktop/AER201/botL.X/main.asm
                  Stopped   0x000bf4    program     static /Users/mreiter/Desktop/AER201/botL.X/main.asm
                  Op_Time   0x000bfc    program     static /Users/mreiter/Desktop/AER201/botL.X/main.asm
                     SAVE   0x000c04    program     static /Users/mreiter/Desktop/AER201/botL.X/main.asm
                   Safety   0x000c0e    program     static /Users/mreiter/Desktop/AER201/botL.X/main.asm
                   NoData   0x000c1e    program     static /Users/mreiter/Desktop/AER201/botL.X/main.asm
                   PCLog1   0x000c22    program     static /Users/mreiter/Desktop/AER201/botL.X/main.asm
                  InitLCD   0x000c32    program     extern /Users/mreiter/Desktop/AER201/botL.X/lcd.asm
                   WR_INS   0x000c8a    program     extern /Users/mreiter/Desktop/AER201/botL.X/lcd.asm
                  WR_DATA   0x000ca6    program     extern /Users/mreiter/Desktop/AER201/botL.X/lcd.asm
                   WrtLCD   0x000cc8    program     extern /Users/mreiter/Desktop/AER201/botL.X/lcd.asm
                   ClrLCD   0x000cde    program     extern /Users/mreiter/Desktop/AER201/botL.X/lcd.asm
                   ClkLCD   0x000cec    program     extern /Users/mreiter/Desktop/AER201/botL.X/lcd.asm
              _.code_00C6   0x000cf8    program     static /Users/mreiter/Desktop/AER201/botL.X/lcd.asm
                   LCD_L1   0x000cfe    program     extern /Users/mreiter/Desktop/AER201/botL.X/lcd.asm
                   LCD_L2   0x000d06    program     extern /Users/mreiter/Desktop/AER201/botL.X/lcd.asm
                   MovMSB   0x000d0e    program     static /Users/mreiter/Desktop/AER201/botL.X/lcd.asm
             lcdLongDelay   0x000d18    program     static /Users/mreiter/Desktop/AER201/botL.X/lcd.asm
                 LLD_LOOP   0x000d1c    program     static /Users/mreiter/Desktop/AER201/botL.X/lcd.asm
              _.code_00F0   0x000d22    program     static /Users/mreiter/Desktop/AER201/botL.X/lcd.asm
                delay44us   0x000d2e    program     static /Users/mreiter/Desktop/AER201/botL.X/lcd.asm
            Delay44usLoop   0x000d32    program     static /Users/mreiter/Desktop/AER201/botL.X/lcd.asm
                 delay5ms   0x000d3a    program     static /Users/mreiter/Desktop/AER201/botL.X/lcd.asm
             Delay5msLoop   0x000d42    program     static /Users/mreiter/Desktop/AER201/botL.X/lcd.asm
                       d2   0x000d4a    program     static /Users/mreiter/Desktop/AER201/botL.X/lcd.asm
         i2c_common_setup   0x000d50    program     extern /Users/mreiter/Desktop/AER201/botL.X/i2c_common.asm
              _.code_0018   0x000d68    program     static /Users/mreiter/Desktop/AER201/botL.X/i2c_common.asm
                write_rtc   0x000d6e    program     extern /Users/mreiter/Desktop/AER201/botL.X/i2c_common.asm
              _.code_0026   0x000d76    program     static /Users/mreiter/Desktop/AER201/botL.X/i2c_common.asm
              _.code_002E   0x000d7e    program     static /Users/mreiter/Desktop/AER201/botL.X/i2c_common.asm
              _.code_0034   0x000d84    program     static /Users/mreiter/Desktop/AER201/botL.X/i2c_common.asm
              _.code_0042   0x000d92    program     static /Users/mreiter/Desktop/AER201/botL.X/i2c_common.asm
              _.code_0048   0x000d98    program     static /Users/mreiter/Desktop/AER201/botL.X/i2c_common.asm
              _.code_0056   0x000da6    program     static /Users/mreiter/Desktop/AER201/botL.X/i2c_common.asm
              _.code_005C   0x000dac    program     static /Users/mreiter/Desktop/AER201/botL.X/i2c_common.asm
                  WR_ERR1   0x000dba    program     static /Users/mreiter/Desktop/AER201/botL.X/i2c_common.asm
                  WR_ERR2   0x000dc4    program     static /Users/mreiter/Desktop/AER201/botL.X/i2c_common.asm
                  WR_ERR3   0x000dd0    program     static /Users/mreiter/Desktop/AER201/botL.X/i2c_common.asm
                   WR_END   0x000dda    program     static /Users/mreiter/Desktop/AER201/botL.X/i2c_common.asm
              _.code_008E   0x000dde    program     static /Users/mreiter/Desktop/AER201/botL.X/i2c_common.asm
                 read_rtc   0x000de4    program     extern /Users/mreiter/Desktop/AER201/botL.X/i2c_common.asm
              _.code_009C   0x000dec    program     static /Users/mreiter/Desktop/AER201/botL.X/i2c_common.asm
              _.code_00A4   0x000df4    program     static /Users/mreiter/Desktop/AER201/botL.X/i2c_common.asm
              _.code_00AA   0x000dfa    program     static /Users/mreiter/Desktop/AER201/botL.X/i2c_common.asm
              _.code_00B8   0x000e08    program     static /Users/mreiter/Desktop/AER201/botL.X/i2c_common.asm
              _.code_00BE   0x000e0e    program     static /Users/mreiter/Desktop/AER201/botL.X/i2c_common.asm
              _.code_00CC   0x000e1c    program     static /Users/mreiter/Desktop/AER201/botL.X/i2c_common.asm
              _.code_00D4   0x000e24    program     static /Users/mreiter/Desktop/AER201/botL.X/i2c_common.asm
              _.code_00DA   0x000e2a    program     static /Users/mreiter/Desktop/AER201/botL.X/i2c_common.asm
              _.code_00E8   0x000e38    program     static /Users/mreiter/Desktop/AER201/botL.X/i2c_common.asm
                  _waitl0   0x000e44    program     static /Users/mreiter/Desktop/AER201/botL.X/i2c_common.asm
                  RD_ERR1   0x000e4e    program     static /Users/mreiter/Desktop/AER201/botL.X/i2c_common.asm
                  RD_ERR2   0x000e58    program     static /Users/mreiter/Desktop/AER201/botL.X/i2c_common.asm
                  RD_ERR3   0x000e62    program     static /Users/mreiter/Desktop/AER201/botL.X/i2c_common.asm
                   RD_END   0x000e6c    program     static /Users/mreiter/Desktop/AER201/botL.X/i2c_common.asm
              _.code_0120   0x000e70    program     static /Users/mreiter/Desktop/AER201/botL.X/i2c_common.asm
              rtc_convert   0x000e76    program     extern /Users/mreiter/Desktop/AER201/botL.X/i2c_common.asm
                CHECK_ACK   0x000e8a    program     extern /Users/mreiter/Desktop/AER201/botL.X/i2c.asm
                 I2C_temp   0x000e8a    program     static /Users/mreiter/Desktop/AER201/botL.X/i2c.asm
                I2C_ACKDT   0x000e8a    program     extern /Users/mreiter/Desktop/AER201/botL.X/i2c.asm
               CHECK_NACK   0x000e8e    program     extern /Users/mreiter/Desktop/AER201/botL.X/i2c.asm
                TEST_NACK   0x000e92    program     static /Users/mreiter/Desktop/AER201/botL.X/i2c.asm
          I2C_Master_INIT   0x000e9a    program     extern /Users/mreiter/Desktop/AER201/botL.X/i2c.asm
                     WAIT   0x000eac    program     static /Users/mreiter/Desktop/AER201/botL.X/i2c.asm
          I2C_Master_WAIT   0x000eac    program     extern /Users/mreiter/Desktop/AER201/botL.X/i2c.asm
         I2C_Master_START   0x000ebc    program     extern /Users/mreiter/Desktop/AER201/botL.X/i2c.asm
        I2C_Master_RSTART   0x000ec4    program     extern /Users/mreiter/Desktop/AER201/botL.X/i2c.asm
          I2C_Master_STOP   0x000ecc    program     extern /Users/mreiter/Desktop/AER201/botL.X/i2c.asm
         I2C_Master_WRITE   0x000ed4    program     extern /Users/mreiter/Desktop/AER201/botL.X/i2c.asm
                  HOLD_UP   0x000eda    program     static /Users/mreiter/Desktop/AER201/botL.X/i2c.asm
          I2C_Master_READ   0x000ee2    program     extern /Users/mreiter/Desktop/AER201/botL.X/i2c.asm
                     LOOP   0x000ee8    program     static /Users/mreiter/Desktop/AER201/botL.X/i2c.asm
           I2C_Master_ACK   0x000ef0    program     extern /Users/mreiter/Desktop/AER201/botL.X/i2c.asm
                 TEST_ACK   0x000ef4    program     static /Users/mreiter/Desktop/AER201/botL.X/i2c.asm
               regaddress   0x000080       data     extern /Users/mreiter/Desktop/AER201/botL.X/i2c_common.asm
                 databyte   0x000081       data     extern /Users/mreiter/Desktop/AER201/botL.X/i2c_common.asm
                 datachar   0x000082       data     extern /Users/mreiter/Desktop/AER201/botL.X/i2c_common.asm
               tens_digit   0x000083       data     extern /Users/mreiter/Desktop/AER201/botL.X/i2c_common.asm
               ones_digit   0x000084       data     extern /Users/mreiter/Desktop/AER201/botL.X/i2c_common.asm
           convert_buffer   0x000085       data     extern /Users/mreiter/Desktop/AER201/botL.X/i2c_common.asm


