MPLINK 5.08, LINKER
Linker Map File - Created Sun Feb  5 17:04:42 2017

                                 Section Info
                  Section       Type    Address   Location Size(Bytes)
                ---------  ---------  ---------  ---------  ---------
                   .org_0       code   0x000000    program   0x000004
                   .cinit    romdata   0x000004    program   0x000002
                   .org_1       code   0x000008    program   0x000004
                   .org_2       code   0x000018    program   0x0004da
                    .code       code   0x0004f2    program   0x0002f8
.config_300001_BUILD/DEFAULT/PRODUCTION/MAIN.O    romdata   0x300001    program   0x000001
.config_300002_BUILD/DEFAULT/PRODUCTION/MAIN.O    romdata   0x300002    program   0x000001
.config_300003_BUILD/DEFAULT/PRODUCTION/MAIN.O    romdata   0x300003    program   0x000001
.config_300005_BUILD/DEFAULT/PRODUCTION/MAIN.O    romdata   0x300005    program   0x000001
.config_300006_BUILD/DEFAULT/PRODUCTION/MAIN.O    romdata   0x300006    program   0x000001
.config_300008_BUILD/DEFAULT/PRODUCTION/MAIN.O    romdata   0x300008    program   0x000001
.config_300009_BUILD/DEFAULT/PRODUCTION/MAIN.O    romdata   0x300009    program   0x000001
.config_30000A_BUILD/DEFAULT/PRODUCTION/MAIN.O    romdata   0x30000a    program   0x000001
.config_30000B_BUILD/DEFAULT/PRODUCTION/MAIN.O    romdata   0x30000b    program   0x000001
.config_30000C_BUILD/DEFAULT/PRODUCTION/MAIN.O    romdata   0x30000c    program   0x000001
.config_30000D_BUILD/DEFAULT/PRODUCTION/MAIN.O    romdata   0x30000d    program   0x000001
                   .udata      udata   0x000080       data   0x000006



                              Program Memory Usage 
                               Start         End      
                           ---------   ---------      
                            0x000000    0x000005      
                            0x000008    0x00000b      
                            0x000018    0x0007e9      
                            0x300001    0x300003      
                            0x300005    0x300006      
                            0x300008    0x30000d      
            2023 out of 66584 program addresses used, program memory utilization is 3%



                              Symbols - Sorted by Name
                     Name    Address   Location    Storage File                     
                ---------  ---------  ---------  --------- ---------                
                   ClkLCD   0x000634    program     extern /Users/mreiter/Desktop/AER201/botL.X/lcd.asm
                   ClrLCD   0x000626    program     extern /Users/mreiter/Desktop/AER201/botL.X/lcd.asm
                   Cycles   0x0002d4    program     static /Users/mreiter/Desktop/AER201/botL.X/main.asm
               Delay200us   0x0002bc    program     static /Users/mreiter/Desktop/AER201/botL.X/main.asm
            Delay44usLoop   0x00067a    program     static /Users/mreiter/Desktop/AER201/botL.X/lcd.asm
                Delay50ms   0x0002ca    program     static /Users/mreiter/Desktop/AER201/botL.X/main.asm
             Delay5msLoop   0x00068a    program     static /Users/mreiter/Desktop/AER201/botL.X/lcd.asm
                 Delay5us   0x0002ae    program     static /Users/mreiter/Desktop/AER201/botL.X/main.asm
                DispOpRTC   0x000414    program     static /Users/mreiter/Desktop/AER201/botL.X/main.asm
         DispOpRTC_Helper   0x0004b8    program     static /Users/mreiter/Desktop/AER201/botL.X/main.asm
              DisplayTime   0x0003a2    program     static /Users/mreiter/Desktop/AER201/botL.X/main.asm
              END_ISR_LOW   0x000048    program     static /Users/mreiter/Desktop/AER201/botL.X/main.asm
                      Exe   0x000530    program     static /Users/mreiter/Desktop/AER201/botL.X/main.asm
                 HOLD_KEY   0x0002de    program     static /Users/mreiter/Desktop/AER201/botL.X/main.asm
             HOLD_KEY_RTC   0x0002f2    program     static /Users/mreiter/Desktop/AER201/botL.X/main.asm
                 HOLD_LOG   0x0001c2    program     static /Users/mreiter/Desktop/AER201/botL.X/main.asm
            HOLD_LOG_INFO   0x000292    program     static /Users/mreiter/Desktop/AER201/botL.X/main.asm
             HOLD_STANDBY   0x00014e    program     static /Users/mreiter/Desktop/AER201/botL.X/main.asm
                I2C_ACKDT   0x000796    program     extern /Users/mreiter/Desktop/AER201/botL.X/i2c.asm
          I2C_Master_INIT   0x000796    program     extern /Users/mreiter/Desktop/AER201/botL.X/i2c.asm
          I2C_Master_READ   0x0007d2    program     extern /Users/mreiter/Desktop/AER201/botL.X/i2c.asm
        I2C_Master_RSTART   0x0007ba    program     extern /Users/mreiter/Desktop/AER201/botL.X/i2c.asm
         I2C_Master_START   0x0007b2    program     extern /Users/mreiter/Desktop/AER201/botL.X/i2c.asm
          I2C_Master_STOP   0x0007c2    program     extern /Users/mreiter/Desktop/AER201/botL.X/i2c.asm
          I2C_Master_WAIT   0x0007ac    program     extern /Users/mreiter/Desktop/AER201/botL.X/i2c.asm
         I2C_Master_WRITE   0x0007ca    program     extern /Users/mreiter/Desktop/AER201/botL.X/i2c.asm
                 I2C_temp   0x000796    program     static /Users/mreiter/Desktop/AER201/botL.X/i2c.asm
                     INIT   0x000060    program     static /Users/mreiter/Desktop/AER201/botL.X/main.asm
                 ISR_High   0x00001c    program     static /Users/mreiter/Desktop/AER201/botL.X/main.asm
                  ISR_LOW   0x00002c    program     static /Users/mreiter/Desktop/AER201/botL.X/main.asm
                  InitLCD   0x00057a    program     extern /Users/mreiter/Desktop/AER201/botL.X/lcd.asm
                   LCD_L1   0x000646    program     extern /Users/mreiter/Desktop/AER201/botL.X/lcd.asm
                   LCD_L2   0x00064e    program     extern /Users/mreiter/Desktop/AER201/botL.X/lcd.asm
                 LLD_LOOP   0x000664    program     static /Users/mreiter/Desktop/AER201/botL.X/lcd.asm
                      LOG   0x00016a    program     static /Users/mreiter/Desktop/AER201/botL.X/main.asm
                 LOG_INFO   0x0001f4    program     static /Users/mreiter/Desktop/AER201/botL.X/main.asm
                     Log1   0x00050a    program     static /Users/mreiter/Desktop/AER201/botL.X/main.asm
                     Log2   0x000510    program     static /Users/mreiter/Desktop/AER201/botL.X/main.asm
                 LogInfo1   0x00051e    program     static /Users/mreiter/Desktop/AER201/botL.X/main.asm
                 LogInfo2   0x000526    program     static /Users/mreiter/Desktop/AER201/botL.X/main.asm
                   MovMSB   0x000656    program     static /Users/mreiter/Desktop/AER201/botL.X/lcd.asm
                   NoData   0x000576    program     static /Users/mreiter/Desktop/AER201/botL.X/main.asm
          NoSkipDispOpRTC   0x000454    program     static /Users/mreiter/Desktop/AER201/botL.X/main.asm
         NoSkipDispOpTime   0x0003de    program     static /Users/mreiter/Desktop/AER201/botL.X/main.asm
                  Op_Time   0x000544    program     static /Users/mreiter/Desktop/AER201/botL.X/main.asm
                   RD_END   0x00077c    program     static /Users/mreiter/Desktop/AER201/botL.X/i2c_common.asm
                  RD_ERR1   0x00075e    program     static /Users/mreiter/Desktop/AER201/botL.X/i2c_common.asm
                  RD_ERR2   0x000768    program     static /Users/mreiter/Desktop/AER201/botL.X/i2c_common.asm
                  RD_ERR3   0x000772    program     static /Users/mreiter/Desktop/AER201/botL.X/i2c_common.asm
                 READ_KEY   0x0002de    program     static /Users/mreiter/Desktop/AER201/botL.X/main.asm
             READ_KEY_RTC   0x0002f2    program     static /Users/mreiter/Desktop/AER201/botL.X/main.asm
                  STANDBY   0x000130    program     static /Users/mreiter/Desktop/AER201/botL.X/main.asm
                   Safety   0x000566    program     static /Users/mreiter/Desktop/AER201/botL.X/main.asm
                     Save   0x00054c    program     static /Users/mreiter/Desktop/AER201/botL.X/main.asm
            SkipDispOpRTC   0x0004b6    program     static /Users/mreiter/Desktop/AER201/botL.X/main.asm
           SkipDispOpTime   0x000412    program     static /Users/mreiter/Desktop/AER201/botL.X/main.asm
                  StandBy   0x000502    program     static /Users/mreiter/Desktop/AER201/botL.X/main.asm
                  Stopped   0x00053c    program     static /Users/mreiter/Desktop/AER201/botL.X/main.asm
                     Team   0x0004f8    program     static /Users/mreiter/Desktop/AER201/botL.X/main.asm
                 Transfer   0x000556    program     static /Users/mreiter/Desktop/AER201/botL.X/main.asm
                     WAIT   0x0007ac    program     static /Users/mreiter/Desktop/AER201/botL.X/i2c.asm
                  WR_DATA   0x0005ee    program     extern /Users/mreiter/Desktop/AER201/botL.X/lcd.asm
                   WR_END   0x00070a    program     static /Users/mreiter/Desktop/AER201/botL.X/i2c_common.asm
                  WR_ERR1   0x0006ea    program     static /Users/mreiter/Desktop/AER201/botL.X/i2c_common.asm
                  WR_ERR2   0x0006f4    program     static /Users/mreiter/Desktop/AER201/botL.X/i2c_common.asm
                  WR_ERR3   0x000700    program     static /Users/mreiter/Desktop/AER201/botL.X/i2c_common.asm
                   WR_INS   0x0005d2    program     extern /Users/mreiter/Desktop/AER201/botL.X/lcd.asm
                  Welcome   0x0004f2    program     static /Users/mreiter/Desktop/AER201/botL.X/main.asm
                   WrtLCD   0x000610    program     extern /Users/mreiter/Desktop/AER201/botL.X/lcd.asm
              _.code_0024   0x0006bc    program     static /Users/mreiter/Desktop/AER201/botL.X/i2c_common.asm
              _.code_0034   0x0006cc    program     static /Users/mreiter/Desktop/AER201/botL.X/i2c_common.asm
              _.code_0044   0x0006dc    program     static /Users/mreiter/Desktop/AER201/botL.X/i2c_common.asm
              _.code_0082   0x00071a    program     static /Users/mreiter/Desktop/AER201/botL.X/i2c_common.asm
              _.code_0092   0x00072a    program     static /Users/mreiter/Desktop/AER201/botL.X/i2c_common.asm
              _.code_00A6   0x00073e    program     static /Users/mreiter/Desktop/AER201/botL.X/i2c_common.asm
              _.code_00C6   0x000640    program     static /Users/mreiter/Desktop/AER201/botL.X/lcd.asm
              _.code_00F0   0x00066a    program     static /Users/mreiter/Desktop/AER201/botL.X/lcd.asm
             _.org_2_02EC   0x0002ec    program     static /Users/mreiter/Desktop/AER201/botL.X/main.asm
             _.org_2_039C   0x00039c    program     static /Users/mreiter/Desktop/AER201/botL.X/main.asm
                  _11Exit   0x0001da    program     static /Users/mreiter/Desktop/AER201/botL.X/main.asm
                  _11Next   0x0001ce    program     static /Users/mreiter/Desktop/AER201/botL.X/main.asm
                  _12Exit   0x0001f0    program     static /Users/mreiter/Desktop/AER201/botL.X/main.asm
                  _12Next   0x0001e4    program     static /Users/mreiter/Desktop/AER201/botL.X/main.asm
                  _13loop   0x000208    program     static /Users/mreiter/Desktop/AER201/botL.X/main.asm
                  _14loop   0x000226    program     static /Users/mreiter/Desktop/AER201/botL.X/main.asm
                 _15Again   0x000270    program     static /Users/mreiter/Desktop/AER201/botL.X/main.asm
                _15Finish   0x000292    program     static /Users/mreiter/Desktop/AER201/botL.X/main.asm
                  _17loop   0x000262    program     static /Users/mreiter/Desktop/AER201/botL.X/main.asm
                  _19Exit   0x0002aa    program     static /Users/mreiter/Desktop/AER201/botL.X/main.asm
                  _19Next   0x00029e    program     static /Users/mreiter/Desktop/AER201/botL.X/main.asm
                  _25loop   0x0003cc    program     static /Users/mreiter/Desktop/AER201/botL.X/main.asm
                  _27loop   0x000442    program     static /Users/mreiter/Desktop/AER201/botL.X/main.asm
                   _3loop   0x0000fa    program     static /Users/mreiter/Desktop/AER201/botL.X/main.asm
                   _4loop   0x000118    program     static /Users/mreiter/Desktop/AER201/botL.X/main.asm
                   _5loop   0x000126    program     static /Users/mreiter/Desktop/AER201/botL.X/main.asm
                   _6loop   0x000144    program     static /Users/mreiter/Desktop/AER201/botL.X/main.asm
                   _7Exit   0x000166    program     static /Users/mreiter/Desktop/AER201/botL.X/main.asm
                   _7Next   0x00015a    program     static /Users/mreiter/Desktop/AER201/botL.X/main.asm
                   _8loop   0x00017e    program     static /Users/mreiter/Desktop/AER201/botL.X/main.asm
                  _waitl0   0x000754    program     static /Users/mreiter/Desktop/AER201/botL.X/i2c_common.asm
                       d2   0x000692    program     static /Users/mreiter/Desktop/AER201/botL.X/lcd.asm
                delay44us   0x000676    program     static /Users/mreiter/Desktop/AER201/botL.X/lcd.asm
                 delay5ms   0x000682    program     static /Users/mreiter/Desktop/AER201/botL.X/lcd.asm
         i2c_common_setup   0x000698    program     extern /Users/mreiter/Desktop/AER201/botL.X/i2c_common.asm
             lcdLongDelay   0x000660    program     static /Users/mreiter/Desktop/AER201/botL.X/lcd.asm
                loop200us   0x0002c0    program     static /Users/mreiter/Desktop/AER201/botL.X/main.asm
                 loop50ms   0x0002ce    program     static /Users/mreiter/Desktop/AER201/botL.X/main.asm
                  loop5us   0x0002b2    program     static /Users/mreiter/Desktop/AER201/botL.X/main.asm
                 read_rtc   0x000710    program     extern /Users/mreiter/Desktop/AER201/botL.X/i2c_common.asm
              rtc_convert   0x000782    program     extern /Users/mreiter/Desktop/AER201/botL.X/i2c_common.asm
                write_rtc   0x0006b2    program     extern /Users/mreiter/Desktop/AER201/botL.X/i2c_common.asm
           convert_buffer   0x000085       data     extern /Users/mreiter/Desktop/AER201/botL.X/i2c_common.asm
                 databyte   0x000081       data     extern /Users/mreiter/Desktop/AER201/botL.X/i2c_common.asm
                 datachar   0x000082       data     extern /Users/mreiter/Desktop/AER201/botL.X/i2c_common.asm
               ones_digit   0x000084       data     extern /Users/mreiter/Desktop/AER201/botL.X/i2c_common.asm
               regaddress   0x000080       data     extern /Users/mreiter/Desktop/AER201/botL.X/i2c_common.asm
               tens_digit   0x000083       data     extern /Users/mreiter/Desktop/AER201/botL.X/i2c_common.asm



                              Symbols - Sorted by Address
                     Name    Address   Location    Storage File                     
                ---------  ---------  ---------  --------- ---------                
                 ISR_High   0x00001c    program     static /Users/mreiter/Desktop/AER201/botL.X/main.asm
                  ISR_LOW   0x00002c    program     static /Users/mreiter/Desktop/AER201/botL.X/main.asm
              END_ISR_LOW   0x000048    program     static /Users/mreiter/Desktop/AER201/botL.X/main.asm
                     INIT   0x000060    program     static /Users/mreiter/Desktop/AER201/botL.X/main.asm
                   _3loop   0x0000fa    program     static /Users/mreiter/Desktop/AER201/botL.X/main.asm
                   _4loop   0x000118    program     static /Users/mreiter/Desktop/AER201/botL.X/main.asm
                   _5loop   0x000126    program     static /Users/mreiter/Desktop/AER201/botL.X/main.asm
                  STANDBY   0x000130    program     static /Users/mreiter/Desktop/AER201/botL.X/main.asm
                   _6loop   0x000144    program     static /Users/mreiter/Desktop/AER201/botL.X/main.asm
             HOLD_STANDBY   0x00014e    program     static /Users/mreiter/Desktop/AER201/botL.X/main.asm
                   _7Next   0x00015a    program     static /Users/mreiter/Desktop/AER201/botL.X/main.asm
                   _7Exit   0x000166    program     static /Users/mreiter/Desktop/AER201/botL.X/main.asm
                      LOG   0x00016a    program     static /Users/mreiter/Desktop/AER201/botL.X/main.asm
                   _8loop   0x00017e    program     static /Users/mreiter/Desktop/AER201/botL.X/main.asm
                 HOLD_LOG   0x0001c2    program     static /Users/mreiter/Desktop/AER201/botL.X/main.asm
                  _11Next   0x0001ce    program     static /Users/mreiter/Desktop/AER201/botL.X/main.asm
                  _11Exit   0x0001da    program     static /Users/mreiter/Desktop/AER201/botL.X/main.asm
                  _12Next   0x0001e4    program     static /Users/mreiter/Desktop/AER201/botL.X/main.asm
                  _12Exit   0x0001f0    program     static /Users/mreiter/Desktop/AER201/botL.X/main.asm
                 LOG_INFO   0x0001f4    program     static /Users/mreiter/Desktop/AER201/botL.X/main.asm
                  _13loop   0x000208    program     static /Users/mreiter/Desktop/AER201/botL.X/main.asm
                  _14loop   0x000226    program     static /Users/mreiter/Desktop/AER201/botL.X/main.asm
                  _17loop   0x000262    program     static /Users/mreiter/Desktop/AER201/botL.X/main.asm
                 _15Again   0x000270    program     static /Users/mreiter/Desktop/AER201/botL.X/main.asm
            HOLD_LOG_INFO   0x000292    program     static /Users/mreiter/Desktop/AER201/botL.X/main.asm
                _15Finish   0x000292    program     static /Users/mreiter/Desktop/AER201/botL.X/main.asm
                  _19Next   0x00029e    program     static /Users/mreiter/Desktop/AER201/botL.X/main.asm
                  _19Exit   0x0002aa    program     static /Users/mreiter/Desktop/AER201/botL.X/main.asm
                 Delay5us   0x0002ae    program     static /Users/mreiter/Desktop/AER201/botL.X/main.asm
                  loop5us   0x0002b2    program     static /Users/mreiter/Desktop/AER201/botL.X/main.asm
               Delay200us   0x0002bc    program     static /Users/mreiter/Desktop/AER201/botL.X/main.asm
                loop200us   0x0002c0    program     static /Users/mreiter/Desktop/AER201/botL.X/main.asm
                Delay50ms   0x0002ca    program     static /Users/mreiter/Desktop/AER201/botL.X/main.asm
                 loop50ms   0x0002ce    program     static /Users/mreiter/Desktop/AER201/botL.X/main.asm
                   Cycles   0x0002d4    program     static /Users/mreiter/Desktop/AER201/botL.X/main.asm
                 HOLD_KEY   0x0002de    program     static /Users/mreiter/Desktop/AER201/botL.X/main.asm
                 READ_KEY   0x0002de    program     static /Users/mreiter/Desktop/AER201/botL.X/main.asm
             _.org_2_02EC   0x0002ec    program     static /Users/mreiter/Desktop/AER201/botL.X/main.asm
             HOLD_KEY_RTC   0x0002f2    program     static /Users/mreiter/Desktop/AER201/botL.X/main.asm
             READ_KEY_RTC   0x0002f2    program     static /Users/mreiter/Desktop/AER201/botL.X/main.asm
             _.org_2_039C   0x00039c    program     static /Users/mreiter/Desktop/AER201/botL.X/main.asm
              DisplayTime   0x0003a2    program     static /Users/mreiter/Desktop/AER201/botL.X/main.asm
                  _25loop   0x0003cc    program     static /Users/mreiter/Desktop/AER201/botL.X/main.asm
         NoSkipDispOpTime   0x0003de    program     static /Users/mreiter/Desktop/AER201/botL.X/main.asm
           SkipDispOpTime   0x000412    program     static /Users/mreiter/Desktop/AER201/botL.X/main.asm
                DispOpRTC   0x000414    program     static /Users/mreiter/Desktop/AER201/botL.X/main.asm
                  _27loop   0x000442    program     static /Users/mreiter/Desktop/AER201/botL.X/main.asm
          NoSkipDispOpRTC   0x000454    program     static /Users/mreiter/Desktop/AER201/botL.X/main.asm
            SkipDispOpRTC   0x0004b6    program     static /Users/mreiter/Desktop/AER201/botL.X/main.asm
         DispOpRTC_Helper   0x0004b8    program     static /Users/mreiter/Desktop/AER201/botL.X/main.asm
                  Welcome   0x0004f2    program     static /Users/mreiter/Desktop/AER201/botL.X/main.asm
                     Team   0x0004f8    program     static /Users/mreiter/Desktop/AER201/botL.X/main.asm
                  StandBy   0x000502    program     static /Users/mreiter/Desktop/AER201/botL.X/main.asm
                     Log1   0x00050a    program     static /Users/mreiter/Desktop/AER201/botL.X/main.asm
                     Log2   0x000510    program     static /Users/mreiter/Desktop/AER201/botL.X/main.asm
                 LogInfo1   0x00051e    program     static /Users/mreiter/Desktop/AER201/botL.X/main.asm
                 LogInfo2   0x000526    program     static /Users/mreiter/Desktop/AER201/botL.X/main.asm
                      Exe   0x000530    program     static /Users/mreiter/Desktop/AER201/botL.X/main.asm
                  Stopped   0x00053c    program     static /Users/mreiter/Desktop/AER201/botL.X/main.asm
                  Op_Time   0x000544    program     static /Users/mreiter/Desktop/AER201/botL.X/main.asm
                     Save   0x00054c    program     static /Users/mreiter/Desktop/AER201/botL.X/main.asm
                 Transfer   0x000556    program     static /Users/mreiter/Desktop/AER201/botL.X/main.asm
                   Safety   0x000566    program     static /Users/mreiter/Desktop/AER201/botL.X/main.asm
                   NoData   0x000576    program     static /Users/mreiter/Desktop/AER201/botL.X/main.asm
                  InitLCD   0x00057a    program     extern /Users/mreiter/Desktop/AER201/botL.X/lcd.asm
                   WR_INS   0x0005d2    program     extern /Users/mreiter/Desktop/AER201/botL.X/lcd.asm
                  WR_DATA   0x0005ee    program     extern /Users/mreiter/Desktop/AER201/botL.X/lcd.asm
                   WrtLCD   0x000610    program     extern /Users/mreiter/Desktop/AER201/botL.X/lcd.asm
                   ClrLCD   0x000626    program     extern /Users/mreiter/Desktop/AER201/botL.X/lcd.asm
                   ClkLCD   0x000634    program     extern /Users/mreiter/Desktop/AER201/botL.X/lcd.asm
              _.code_00C6   0x000640    program     static /Users/mreiter/Desktop/AER201/botL.X/lcd.asm
                   LCD_L1   0x000646    program     extern /Users/mreiter/Desktop/AER201/botL.X/lcd.asm
                   LCD_L2   0x00064e    program     extern /Users/mreiter/Desktop/AER201/botL.X/lcd.asm
                   MovMSB   0x000656    program     static /Users/mreiter/Desktop/AER201/botL.X/lcd.asm
             lcdLongDelay   0x000660    program     static /Users/mreiter/Desktop/AER201/botL.X/lcd.asm
                 LLD_LOOP   0x000664    program     static /Users/mreiter/Desktop/AER201/botL.X/lcd.asm
              _.code_00F0   0x00066a    program     static /Users/mreiter/Desktop/AER201/botL.X/lcd.asm
                delay44us   0x000676    program     static /Users/mreiter/Desktop/AER201/botL.X/lcd.asm
            Delay44usLoop   0x00067a    program     static /Users/mreiter/Desktop/AER201/botL.X/lcd.asm
                 delay5ms   0x000682    program     static /Users/mreiter/Desktop/AER201/botL.X/lcd.asm
             Delay5msLoop   0x00068a    program     static /Users/mreiter/Desktop/AER201/botL.X/lcd.asm
                       d2   0x000692    program     static /Users/mreiter/Desktop/AER201/botL.X/lcd.asm
         i2c_common_setup   0x000698    program     extern /Users/mreiter/Desktop/AER201/botL.X/i2c_common.asm
                write_rtc   0x0006b2    program     extern /Users/mreiter/Desktop/AER201/botL.X/i2c_common.asm
              _.code_0024   0x0006bc    program     static /Users/mreiter/Desktop/AER201/botL.X/i2c_common.asm
              _.code_0034   0x0006cc    program     static /Users/mreiter/Desktop/AER201/botL.X/i2c_common.asm
              _.code_0044   0x0006dc    program     static /Users/mreiter/Desktop/AER201/botL.X/i2c_common.asm
                  WR_ERR1   0x0006ea    program     static /Users/mreiter/Desktop/AER201/botL.X/i2c_common.asm
                  WR_ERR2   0x0006f4    program     static /Users/mreiter/Desktop/AER201/botL.X/i2c_common.asm
                  WR_ERR3   0x000700    program     static /Users/mreiter/Desktop/AER201/botL.X/i2c_common.asm
                   WR_END   0x00070a    program     static /Users/mreiter/Desktop/AER201/botL.X/i2c_common.asm
                 read_rtc   0x000710    program     extern /Users/mreiter/Desktop/AER201/botL.X/i2c_common.asm
              _.code_0082   0x00071a    program     static /Users/mreiter/Desktop/AER201/botL.X/i2c_common.asm
              _.code_0092   0x00072a    program     static /Users/mreiter/Desktop/AER201/botL.X/i2c_common.asm
              _.code_00A6   0x00073e    program     static /Users/mreiter/Desktop/AER201/botL.X/i2c_common.asm
                  _waitl0   0x000754    program     static /Users/mreiter/Desktop/AER201/botL.X/i2c_common.asm
                  RD_ERR1   0x00075e    program     static /Users/mreiter/Desktop/AER201/botL.X/i2c_common.asm
                  RD_ERR2   0x000768    program     static /Users/mreiter/Desktop/AER201/botL.X/i2c_common.asm
                  RD_ERR3   0x000772    program     static /Users/mreiter/Desktop/AER201/botL.X/i2c_common.asm
                   RD_END   0x00077c    program     static /Users/mreiter/Desktop/AER201/botL.X/i2c_common.asm
              rtc_convert   0x000782    program     extern /Users/mreiter/Desktop/AER201/botL.X/i2c_common.asm
          I2C_Master_INIT   0x000796    program     extern /Users/mreiter/Desktop/AER201/botL.X/i2c.asm
                I2C_ACKDT   0x000796    program     extern /Users/mreiter/Desktop/AER201/botL.X/i2c.asm
                 I2C_temp   0x000796    program     static /Users/mreiter/Desktop/AER201/botL.X/i2c.asm
          I2C_Master_WAIT   0x0007ac    program     extern /Users/mreiter/Desktop/AER201/botL.X/i2c.asm
                     WAIT   0x0007ac    program     static /Users/mreiter/Desktop/AER201/botL.X/i2c.asm
         I2C_Master_START   0x0007b2    program     extern /Users/mreiter/Desktop/AER201/botL.X/i2c.asm
        I2C_Master_RSTART   0x0007ba    program     extern /Users/mreiter/Desktop/AER201/botL.X/i2c.asm
          I2C_Master_STOP   0x0007c2    program     extern /Users/mreiter/Desktop/AER201/botL.X/i2c.asm
         I2C_Master_WRITE   0x0007ca    program     extern /Users/mreiter/Desktop/AER201/botL.X/i2c.asm
          I2C_Master_READ   0x0007d2    program     extern /Users/mreiter/Desktop/AER201/botL.X/i2c.asm
               regaddress   0x000080       data     extern /Users/mreiter/Desktop/AER201/botL.X/i2c_common.asm
                 databyte   0x000081       data     extern /Users/mreiter/Desktop/AER201/botL.X/i2c_common.asm
                 datachar   0x000082       data     extern /Users/mreiter/Desktop/AER201/botL.X/i2c_common.asm
               tens_digit   0x000083       data     extern /Users/mreiter/Desktop/AER201/botL.X/i2c_common.asm
               ones_digit   0x000084       data     extern /Users/mreiter/Desktop/AER201/botL.X/i2c_common.asm
           convert_buffer   0x000085       data     extern /Users/mreiter/Desktop/AER201/botL.X/i2c_common.asm


