MPLINK 5.08, LINKER
Linker Map File - Created Mon Mar  6 19:17:26 2017

                                 Section Info
                  Section       Type    Address   Location Size(Bytes)
                ---------  ---------  ---------  ---------  ---------
                   .org_0       code   0x000000    program   0x000004
                   .cinit    romdata   0x000004    program   0x000002
                   .org_1       code   0x000008    program   0x000004
                   .org_2       code   0x000018    program   0x0010c8
                    .code       code   0x0010e0    program   0x00059c
.config_300001_BUILD/DEFAULT/PRODUCTION/MAIN.O    romdata   0x300001    program   0x000001
.config_300002_BUILD/DEFAULT/PRODUCTION/MAIN.O    romdata   0x300002    program   0x000001
.config_300003_BUILD/DEFAULT/PRODUCTION/MAIN.O    romdata   0x300003    program   0x000001
.config_300005_BUILD/DEFAULT/PRODUCTION/MAIN.O    romdata   0x300005    program   0x000001
.config_300006_BUILD/DEFAULT/PRODUCTION/MAIN.O    romdata   0x300006    program   0x000001
.config_300008_BUILD/DEFAULT/PRODUCTION/MAIN.O    romdata   0x300008    program   0x000001
.config_300009_BUILD/DEFAULT/PRODUCTION/MAIN.O    romdata   0x300009    program   0x000001
.config_30000A_BUILD/DEFAULT/PRODUCTION/MAIN.O    romdata   0x30000a    program   0x000001
.config_30000B_BUILD/DEFAULT/PRODUCTION/MAIN.O    romdata   0x30000b    program   0x000001
.config_30000C_BUILD/DEFAULT/PRODUCTION/MAIN.O    romdata   0x30000c    program   0x000001
.config_30000D_BUILD/DEFAULT/PRODUCTION/MAIN.O    romdata   0x30000d    program   0x000001
               .udata_acs      udata   0x000060       data   0x000006



                              Program Memory Usage 
                               Start         End      
                           ---------   ---------      
                            0x000000    0x000005      
                            0x000008    0x00000b      
                            0x000018    0x00167b      
                            0x300001    0x300003      
                            0x300005    0x300006      
                            0x300008    0x30000d      
            5753 out of 66584 program addresses used, program memory utilization is 8%



                              Symbols - Sorted by Name
                     Name    Address   Location    Storage File                     
                ---------  ---------  ---------  --------- ---------                
                CHECK_ACK   0x00160c    program     extern /Users/mreiter/Desktop/AER201/botL.X/i2c.asm
               CHECK_DONE   0x0004fc    program     static /Users/mreiter/Desktop/AER201/botL.X/main.asm
               CHECK_NACK   0x001610    program     extern /Users/mreiter/Desktop/AER201/botL.X/i2c.asm
         COLLECTIONS_STEP   0x0003fe    program     static /Users/mreiter/Desktop/AER201/botL.X/main.asm
              COLOUR_TEST   0x00038c    program     static /Users/mreiter/Desktop/AER201/botL.X/main.asm
           ClearEEPROM_21   0x000e2c    program     static /Users/mreiter/Desktop/AER201/botL.X/main.asm
                ClearNext   0x000e34    program     static /Users/mreiter/Desktop/AER201/botL.X/main.asm
                   ClkLCD   0x001292    program     extern /Users/mreiter/Desktop/AER201/botL.X/lcd.asm
                   ClrLCD   0x001284    program     extern /Users/mreiter/Desktop/AER201/botL.X/lcd.asm
                   Cycles   0x000dc4    program     static /Users/mreiter/Desktop/AER201/botL.X/main.asm
              DC_TEST_CCW   0x00031c    program     static /Users/mreiter/Desktop/AER201/botL.X/main.asm
         DC_TEST_CCW_HOLD   0x000330    program     static /Users/mreiter/Desktop/AER201/botL.X/main.asm
               DC_TEST_CW   0x0002e8    program     static /Users/mreiter/Desktop/AER201/botL.X/main.asm
          DC_TEST_CW_HOLD   0x0002fc    program     static /Users/mreiter/Desktop/AER201/botL.X/main.asm
               DETECTIONS   0x00042a    program     static /Users/mreiter/Desktop/AER201/botL.X/main.asm
              DISPLAY_RTC   0x000bbc    program     static /Users/mreiter/Desktop/AER201/botL.X/main.asm
                DataUSART   0x000d12    program     static /Users/mreiter/Desktop/AER201/botL.X/main.asm
               Delay200us   0x000dac    program     static /Users/mreiter/Desktop/AER201/botL.X/main.asm
            Delay44usLoop   0x0012e4    program     static /Users/mreiter/Desktop/AER201/botL.X/lcd.asm
                Delay50ms   0x000dba    program     static /Users/mreiter/Desktop/AER201/botL.X/main.asm
             Delay5msLoop   0x0012f4    program     static /Users/mreiter/Desktop/AER201/botL.X/lcd.asm
                 Delay5us   0x000d9e    program     static /Users/mreiter/Desktop/AER201/botL.X/main.asm
                DispOpRTC   0x001008    program     static /Users/mreiter/Desktop/AER201/botL.X/main.asm
         DispOpRTC_Helper   0x0010a6    program     static /Users/mreiter/Desktop/AER201/botL.X/main.asm
               DispOpSort   0x000f30    program     static /Users/mreiter/Desktop/AER201/botL.X/main.asm
           DisplayExeTime   0x000e9e    program     static /Users/mreiter/Desktop/AER201/botL.X/main.asm
             END_ISR_HIGH   0x0000b0    program     static /Users/mreiter/Desktop/AER201/botL.X/main.asm
              END_ISR_LOW   0x0000fc    program     static /Users/mreiter/Desktop/AER201/botL.X/main.asm
                EXECUTION   0x0003ac    program     static /Users/mreiter/Desktop/AER201/botL.X/main.asm
                 EXIT_EXE   0x000556    program     static /Users/mreiter/Desktop/AER201/botL.X/main.asm
                     Exe1   0x001182    program     static /Users/mreiter/Desktop/AER201/botL.X/main.asm
                     Exe2   0x00118e    program     static /Users/mreiter/Desktop/AER201/botL.X/main.asm
                 HOLD_LOG   0x0005b8    program     static /Users/mreiter/Desktop/AER201/botL.X/main.asm
            HOLD_LOG_INFO   0x000616    program     static /Users/mreiter/Desktop/AER201/botL.X/main.asm
                  HOLD_PC   0x0008a8    program     static /Users/mreiter/Desktop/AER201/botL.X/main.asm
            HOLD_PERM_LOG   0x000670    program     static /Users/mreiter/Desktop/AER201/botL.X/main.asm
                HOLD_PLOG   0x0007e6    program     static /Users/mreiter/Desktop/AER201/botL.X/main.asm
        HOLD_PLOG_DETAILS   0x000842    program     static /Users/mreiter/Desktop/AER201/botL.X/main.asm
             HOLD_STANDBY   0x000232    program     static /Users/mreiter/Desktop/AER201/botL.X/main.asm
                  HOLD_UP   0x00165c    program     static /Users/mreiter/Desktop/AER201/botL.X/i2c.asm
                I2C_ACKDT   0x00160c    program     extern /Users/mreiter/Desktop/AER201/botL.X/i2c.asm
           I2C_Master_ACK   0x001672    program     extern /Users/mreiter/Desktop/AER201/botL.X/i2c.asm
          I2C_Master_INIT   0x00161c    program     extern /Users/mreiter/Desktop/AER201/botL.X/i2c.asm
          I2C_Master_READ   0x001664    program     extern /Users/mreiter/Desktop/AER201/botL.X/i2c.asm
        I2C_Master_RSTART   0x001646    program     extern /Users/mreiter/Desktop/AER201/botL.X/i2c.asm
         I2C_Master_START   0x00163e    program     extern /Users/mreiter/Desktop/AER201/botL.X/i2c.asm
          I2C_Master_STOP   0x00164e    program     extern /Users/mreiter/Desktop/AER201/botL.X/i2c.asm
          I2C_Master_WAIT   0x00162e    program     extern /Users/mreiter/Desktop/AER201/botL.X/i2c.asm
         I2C_Master_WRITE   0x001656    program     extern /Users/mreiter/Desktop/AER201/botL.X/i2c.asm
                 I2C_temp   0x00160c    program     static /Users/mreiter/Desktop/AER201/botL.X/i2c.asm
              INC_ESKACAP   0x0004aa    program     static /Users/mreiter/Desktop/AER201/botL.X/main.asm
            INC_ESKANOCAP   0x00048a    program     static /Users/mreiter/Desktop/AER201/botL.X/main.asm
               INC_YOPCAP   0x00046e    program     static /Users/mreiter/Desktop/AER201/botL.X/main.asm
             INC_YOPNOCAP   0x000452    program     static /Users/mreiter/Desktop/AER201/botL.X/main.asm
                     INIT   0x000106    program     static /Users/mreiter/Desktop/AER201/botL.X/main.asm
             INIT_ARDUINO   0x0015a0    program     extern /Users/mreiter/Desktop/AER201/botL.X/i2c_common.asm
                 INIT_RTC   0x00144a    program     extern /Users/mreiter/Desktop/AER201/botL.X/i2c_common.asm
               INIT_USART   0x000cfe    program     static /Users/mreiter/Desktop/AER201/botL.X/main.asm
                 ISR_HIGH   0x000030    program     static /Users/mreiter/Desktop/AER201/botL.X/main.asm
                  ISR_LOW   0x0000ba    program     static /Users/mreiter/Desktop/AER201/botL.X/main.asm
                  InitLCD   0x0011d6    program     extern /Users/mreiter/Desktop/AER201/botL.X/lcd.asm
                   LCD_L1   0x0012b0    program     extern /Users/mreiter/Desktop/AER201/botL.X/lcd.asm
                   LCD_L2   0x0012b8    program     extern /Users/mreiter/Desktop/AER201/botL.X/lcd.asm
                 LLD_LOOP   0x0012ce    program     static /Users/mreiter/Desktop/AER201/botL.X/lcd.asm
            LOAD_EXE_TIME   0x000026    program     static /Users/mreiter/Desktop/AER201/botL.X/main.asm
        LOAD_STANDBY_TIME   0x00001c    program     static /Users/mreiter/Desktop/AER201/botL.X/main.asm
                      LOG   0x000584    program     static /Users/mreiter/Desktop/AER201/botL.X/main.asm
                 LOG_INFO   0x0005ea    program     static /Users/mreiter/Desktop/AER201/botL.X/main.asm
                     LOOP   0x00166a    program     static /Users/mreiter/Desktop/AER201/botL.X/i2c.asm
                  LOOPING   0x00038e    program     static /Users/mreiter/Desktop/AER201/botL.X/main.asm
                     Log1   0x001140    program     static /Users/mreiter/Desktop/AER201/botL.X/main.asm
                     Log2   0x001146    program     static /Users/mreiter/Desktop/AER201/botL.X/main.asm
                 LogInfo1   0x001154    program     static /Users/mreiter/Desktop/AER201/botL.X/main.asm
                 LogInfo2   0x00115c    program     static /Users/mreiter/Desktop/AER201/botL.X/main.asm
                   MovMSB   0x0012c0    program     static /Users/mreiter/Desktop/AER201/botL.X/lcd.asm
                   NoData   0x0011d2    program     static /Users/mreiter/Desktop/AER201/botL.X/main.asm
        NoSkipDispExeTime   0x000edc    program     static /Users/mreiter/Desktop/AER201/botL.X/main.asm
          NoSkipDispOpRTC   0x001044    program     static /Users/mreiter/Desktop/AER201/botL.X/main.asm
         NoSkipDispOpSort   0x000f6c    program     static /Users/mreiter/Desktop/AER201/botL.X/main.asm
                      PC1   0x001196    program     static /Users/mreiter/Desktop/AER201/botL.X/main.asm
                      PC2   0x0011a4    program     static /Users/mreiter/Desktop/AER201/botL.X/main.asm
               PCComplete   0x0011be    program     static /Users/mreiter/Desktop/AER201/botL.X/main.asm
               PCTransfer   0x0011ae    program     static /Users/mreiter/Desktop/AER201/botL.X/main.asm
                  PC_MODE   0x00085e    program     static /Users/mreiter/Desktop/AER201/botL.X/main.asm
              PC_TRANSFER   0x0008da    program     static /Users/mreiter/Desktop/AER201/botL.X/main.asm
                 PERM_LOG   0x000632    program     static /Users/mreiter/Desktop/AER201/botL.X/main.asm
                     PLOG   0x000752    program     static /Users/mreiter/Desktop/AER201/botL.X/main.asm
             PLOG_DETAILS   0x000818    program     static /Users/mreiter/Desktop/AER201/botL.X/main.asm
                 PermLog1   0x001166    program     static /Users/mreiter/Desktop/AER201/botL.X/main.asm
                 PermLog2   0x001176    program     static /Users/mreiter/Desktop/AER201/botL.X/main.asm
                   RD_END   0x001518    program     static /Users/mreiter/Desktop/AER201/botL.X/i2c_common.asm
               RD_END_RTC   0x00142a    program     static /Users/mreiter/Desktop/AER201/botL.X/i2c_common.asm
                  RD_ERR1   0x0014fa    program     static /Users/mreiter/Desktop/AER201/botL.X/i2c_common.asm
              RD_ERR1_RTC   0x00140c    program     static /Users/mreiter/Desktop/AER201/botL.X/i2c_common.asm
                  RD_ERR2   0x001504    program     static /Users/mreiter/Desktop/AER201/botL.X/i2c_common.asm
              RD_ERR2_RTC   0x001416    program     static /Users/mreiter/Desktop/AER201/botL.X/i2c_common.asm
                  RD_ERR3   0x00150e    program     static /Users/mreiter/Desktop/AER201/botL.X/i2c_common.asm
              RD_ERR3_RTC   0x001420    program     static /Users/mreiter/Desktop/AER201/botL.X/i2c_common.asm
             READ_ARDUINO   0x0015ca    program     extern /Users/mreiter/Desktop/AER201/botL.X/i2c_common.asm
          READ_COLOUR_I2C   0x00148a    program     extern /Users/mreiter/Desktop/AER201/botL.X/i2c_common.asm
                 READ_KEY   0x000e72    program     static /Users/mreiter/Desktop/AER201/botL.X/main.asm
            READ_KEY_TIME   0x000e86    program     static /Users/mreiter/Desktop/AER201/botL.X/main.asm
                ROTATE_90   0x000400    program     static /Users/mreiter/Desktop/AER201/botL.X/main.asm
           ROTATE_90_TEST   0x000362    program     static /Users/mreiter/Desktop/AER201/botL.X/main.asm
                 RTC_INIT   0x000a82    program     static /Users/mreiter/Desktop/AER201/botL.X/main.asm
                     SAVE   0x0011c8    program     static /Users/mreiter/Desktop/AER201/botL.X/main.asm
            SAVE_EXE_TIME   0x000b06    program     static /Users/mreiter/Desktop/AER201/botL.X/main.asm
                SAVE_TIME   0x000a90    program     static /Users/mreiter/Desktop/AER201/botL.X/main.asm
                 SET_TIME   0x000c96    program     static /Users/mreiter/Desktop/AER201/botL.X/main.asm
                  STANDBY   0x0001e2    program     static /Users/mreiter/Desktop/AER201/botL.X/main.asm
                STEP_TEST   0x000350    program     static /Users/mreiter/Desktop/AER201/botL.X/main.asm
                 SaveData   0x000904    program     static /Users/mreiter/Desktop/AER201/botL.X/main.asm
                    Shift   0x0012a4    program     extern /Users/mreiter/Desktop/AER201/botL.X/lcd.asm
                ShiftLoop   0x000a1c    program     static /Users/mreiter/Desktop/AER201/botL.X/main.asm
          SkipDispExeTime   0x000f2e    program     static /Users/mreiter/Desktop/AER201/botL.X/main.asm
            SkipDispOpRTC   0x0010a4    program     static /Users/mreiter/Desktop/AER201/botL.X/main.asm
           SkipDispOpSort   0x001006    program     static /Users/mreiter/Desktop/AER201/botL.X/main.asm
                  StandBy   0x0010f0    program     static /Users/mreiter/Desktop/AER201/botL.X/main.asm
              StandbyInfo   0x001118    program     static /Users/mreiter/Desktop/AER201/botL.X/main.asm
                 TEST_ACK   0x001676    program     static /Users/mreiter/Desktop/AER201/botL.X/i2c.asm
                TEST_NACK   0x001614    program     static /Users/mreiter/Desktop/AER201/botL.X/i2c.asm
            TRANSFER_DATA   0x000d2c    program     static /Users/mreiter/Desktop/AER201/botL.X/main.asm
            TRANSFER_LOGS   0x000d22    program     static /Users/mreiter/Desktop/AER201/botL.X/main.asm
            TRAY_CCW_HOLD   0x0004e4    program     static /Users/mreiter/Desktop/AER201/botL.X/main.asm
             TRAY_CW_HOLD   0x0004cc    program     static /Users/mreiter/Desktop/AER201/botL.X/main.asm
            TRAY_STEP_CCW   0x0004de    program     static /Users/mreiter/Desktop/AER201/botL.X/main.asm
             TRAY_STEP_CW   0x0004c6    program     static /Users/mreiter/Desktop/AER201/botL.X/main.asm
            TRAY_STEP_END   0x0004f4    program     static /Users/mreiter/Desktop/AER201/botL.X/main.asm
                     Team   0x0010e6    program     static /Users/mreiter/Desktop/AER201/botL.X/main.asm
               USART_LINE   0x000d90    program     static /Users/mreiter/Desktop/AER201/botL.X/main.asm
               USART_WAIT   0x000d86    program     static /Users/mreiter/Desktop/AER201/botL.X/main.asm
                     WAIT   0x00162e    program     static /Users/mreiter/Desktop/AER201/botL.X/i2c.asm
         WRITE_COLOUR_I2C   0x001522    program     extern /Users/mreiter/Desktop/AER201/botL.X/i2c_common.asm
                  WR_DATA   0x00124a    program     extern /Users/mreiter/Desktop/AER201/botL.X/lcd.asm
                   WR_END   0x001596    program     static /Users/mreiter/Desktop/AER201/botL.X/i2c_common.asm
               WR_END_RTC   0x001394    program     static /Users/mreiter/Desktop/AER201/botL.X/i2c_common.asm
                  WR_ERR1   0x001576    program     static /Users/mreiter/Desktop/AER201/botL.X/i2c_common.asm
              WR_ERR1_RTC   0x001374    program     static /Users/mreiter/Desktop/AER201/botL.X/i2c_common.asm
                  WR_ERR2   0x001580    program     static /Users/mreiter/Desktop/AER201/botL.X/i2c_common.asm
              WR_ERR2_RTC   0x00137e    program     static /Users/mreiter/Desktop/AER201/botL.X/i2c_common.asm
                  WR_ERR3   0x00158c    program     static /Users/mreiter/Desktop/AER201/botL.X/i2c_common.asm
              WR_ERR3_RTC   0x00138a    program     static /Users/mreiter/Desktop/AER201/botL.X/i2c_common.asm
                   WR_INS   0x00122e    program     extern /Users/mreiter/Desktop/AER201/botL.X/lcd.asm
                  Welcome   0x0010e0    program     static /Users/mreiter/Desktop/AER201/botL.X/main.asm
              WriteEE_RTC   0x000dce    program     static /Users/mreiter/Desktop/AER201/botL.X/main.asm
                   WrtLCD   0x00126e    program     extern /Users/mreiter/Desktop/AER201/botL.X/lcd.asm
              _.code_001C   0x00131e    program     static /Users/mreiter/Desktop/AER201/botL.X/i2c_common.asm
              _.code_002A   0x00132c    program     static /Users/mreiter/Desktop/AER201/botL.X/i2c_common.asm
              _.code_0032   0x001334    program     static /Users/mreiter/Desktop/AER201/botL.X/i2c_common.asm
              _.code_0038   0x00133a    program     static /Users/mreiter/Desktop/AER201/botL.X/i2c_common.asm
              _.code_0048   0x00134a    program     static /Users/mreiter/Desktop/AER201/botL.X/i2c_common.asm
              _.code_004E   0x001350    program     static /Users/mreiter/Desktop/AER201/botL.X/i2c_common.asm
              _.code_005E   0x001360    program     static /Users/mreiter/Desktop/AER201/botL.X/i2c_common.asm
              _.code_0064   0x001366    program     static /Users/mreiter/Desktop/AER201/botL.X/i2c_common.asm
              _.code_0096   0x001398    program     static /Users/mreiter/Desktop/AER201/botL.X/i2c_common.asm
              _.code_00A4   0x0013a6    program     static /Users/mreiter/Desktop/AER201/botL.X/i2c_common.asm
              _.code_00AC   0x0013ae    program     static /Users/mreiter/Desktop/AER201/botL.X/i2c_common.asm
              _.code_00B2   0x0013b4    program     static /Users/mreiter/Desktop/AER201/botL.X/i2c_common.asm
              _.code_00C2   0x0013c4    program     static /Users/mreiter/Desktop/AER201/botL.X/i2c_common.asm
              _.code_00C8   0x00129e    program     static /Users/mreiter/Desktop/AER201/botL.X/lcd.asm
              _.code_00C8   0x0013ca    program     static /Users/mreiter/Desktop/AER201/botL.X/i2c_common.asm
              _.code_00D6   0x0013d8    program     static /Users/mreiter/Desktop/AER201/botL.X/i2c_common.asm
              _.code_00DE   0x0013e0    program     static /Users/mreiter/Desktop/AER201/botL.X/i2c_common.asm
              _.code_00E4   0x0013e6    program     static /Users/mreiter/Desktop/AER201/botL.X/i2c_common.asm
              _.code_00F2   0x0013f4    program     static /Users/mreiter/Desktop/AER201/botL.X/i2c_common.asm
              _.code_00FE   0x0012d4    program     static /Users/mreiter/Desktop/AER201/botL.X/lcd.asm
              _.code_012C   0x00142e    program     static /Users/mreiter/Desktop/AER201/botL.X/i2c_common.asm
              _.code_0150   0x001452    program     static /Users/mreiter/Desktop/AER201/botL.X/i2c_common.asm
              _.code_0158   0x00145a    program     static /Users/mreiter/Desktop/AER201/botL.X/i2c_common.asm
              _.code_015E   0x001460    program     static /Users/mreiter/Desktop/AER201/botL.X/i2c_common.asm
              _.code_0166   0x001468    program     static /Users/mreiter/Desktop/AER201/botL.X/i2c_common.asm
              _.code_016C   0x00146e    program     static /Users/mreiter/Desktop/AER201/botL.X/i2c_common.asm
              _.code_0174   0x001476    program     static /Users/mreiter/Desktop/AER201/botL.X/i2c_common.asm
              _.code_017A   0x00147c    program     static /Users/mreiter/Desktop/AER201/botL.X/i2c_common.asm
              _.code_0182   0x001484    program     static /Users/mreiter/Desktop/AER201/botL.X/i2c_common.asm
              _.code_0190   0x001492    program     static /Users/mreiter/Desktop/AER201/botL.X/i2c_common.asm
              _.code_0198   0x00149a    program     static /Users/mreiter/Desktop/AER201/botL.X/i2c_common.asm
              _.code_019E   0x0014a0    program     static /Users/mreiter/Desktop/AER201/botL.X/i2c_common.asm
              _.code_01B0   0x0014b2    program     static /Users/mreiter/Desktop/AER201/botL.X/i2c_common.asm
              _.code_01B6   0x0014b8    program     static /Users/mreiter/Desktop/AER201/botL.X/i2c_common.asm
              _.code_01C4   0x0014c6    program     static /Users/mreiter/Desktop/AER201/botL.X/i2c_common.asm
              _.code_01CC   0x0014ce    program     static /Users/mreiter/Desktop/AER201/botL.X/i2c_common.asm
              _.code_01D2   0x0014d4    program     static /Users/mreiter/Desktop/AER201/botL.X/i2c_common.asm
              _.code_01E0   0x0014e2    program     static /Users/mreiter/Desktop/AER201/botL.X/i2c_common.asm
              _.code_021A   0x00151c    program     static /Users/mreiter/Desktop/AER201/botL.X/i2c_common.asm
              _.code_0228   0x00152a    program     static /Users/mreiter/Desktop/AER201/botL.X/i2c_common.asm
              _.code_0230   0x001532    program     static /Users/mreiter/Desktop/AER201/botL.X/i2c_common.asm
              _.code_0236   0x001538    program     static /Users/mreiter/Desktop/AER201/botL.X/i2c_common.asm
              _.code_0248   0x00154a    program     static /Users/mreiter/Desktop/AER201/botL.X/i2c_common.asm
              _.code_024E   0x001550    program     static /Users/mreiter/Desktop/AER201/botL.X/i2c_common.asm
              _.code_0260   0x001562    program     static /Users/mreiter/Desktop/AER201/botL.X/i2c_common.asm
              _.code_0266   0x001568    program     static /Users/mreiter/Desktop/AER201/botL.X/i2c_common.asm
              _.code_0298   0x00159a    program     static /Users/mreiter/Desktop/AER201/botL.X/i2c_common.asm
              _.code_02A6   0x0015a8    program     static /Users/mreiter/Desktop/AER201/botL.X/i2c_common.asm
              _.code_02AE   0x0015b0    program     static /Users/mreiter/Desktop/AER201/botL.X/i2c_common.asm
              _.code_02B4   0x0015b6    program     static /Users/mreiter/Desktop/AER201/botL.X/i2c_common.asm
              _.code_02C2   0x0015c4    program     static /Users/mreiter/Desktop/AER201/botL.X/i2c_common.asm
              _.code_02D0   0x0015d2    program     static /Users/mreiter/Desktop/AER201/botL.X/i2c_common.asm
              _.code_02D8   0x0015da    program     static /Users/mreiter/Desktop/AER201/botL.X/i2c_common.asm
              _.code_02E0   0x0015e2    program     static /Users/mreiter/Desktop/AER201/botL.X/i2c_common.asm
              _.code_02E6   0x0015e8    program     static /Users/mreiter/Desktop/AER201/botL.X/i2c_common.asm
              _.code_02EE   0x0015f0    program     static /Users/mreiter/Desktop/AER201/botL.X/i2c_common.asm
              _.code_0304   0x001606    program     static /Users/mreiter/Desktop/AER201/botL.X/i2c_common.asm
             _.org_2_0918   0x000918    program     static /Users/mreiter/Desktop/AER201/botL.X/main.asm
             _.org_2_0930   0x000930    program     static /Users/mreiter/Desktop/AER201/botL.X/main.asm
             _.org_2_094C   0x00094c    program     static /Users/mreiter/Desktop/AER201/botL.X/main.asm
             _.org_2_0964   0x000964    program     static /Users/mreiter/Desktop/AER201/botL.X/main.asm
             _.org_2_0980   0x000980    program     static /Users/mreiter/Desktop/AER201/botL.X/main.asm
             _.org_2_0998   0x000998    program     static /Users/mreiter/Desktop/AER201/botL.X/main.asm
             _.org_2_09B4   0x0009b4    program     static /Users/mreiter/Desktop/AER201/botL.X/main.asm
             _.org_2_09CC   0x0009cc    program     static /Users/mreiter/Desktop/AER201/botL.X/main.asm
             _.org_2_09E8   0x0009e8    program     static /Users/mreiter/Desktop/AER201/botL.X/main.asm
             _.org_2_0A00   0x000a00    program     static /Users/mreiter/Desktop/AER201/botL.X/main.asm
             _.org_2_0A42   0x000a42    program     static /Users/mreiter/Desktop/AER201/botL.X/main.asm
             _.org_2_0A5A   0x000a5a    program     static /Users/mreiter/Desktop/AER201/botL.X/main.asm
             _.org_2_0B22   0x000b22    program     static /Users/mreiter/Desktop/AER201/botL.X/main.asm
             _.org_2_0B3A   0x000b3a    program     static /Users/mreiter/Desktop/AER201/botL.X/main.asm
             _.org_2_0B5E   0x000b5e    program     static /Users/mreiter/Desktop/AER201/botL.X/main.asm
             _.org_2_0B76   0x000b76    program     static /Users/mreiter/Desktop/AER201/botL.X/main.asm
             _.org_2_0B9A   0x000b9a    program     static /Users/mreiter/Desktop/AER201/botL.X/main.asm
             _.org_2_0BB2   0x000bb2    program     static /Users/mreiter/Desktop/AER201/botL.X/main.asm
             _.org_2_0D8A   0x000d8a    program     static /Users/mreiter/Desktop/AER201/botL.X/main.asm
             _.org_2_0DDC   0x000ddc    program     static /Users/mreiter/Desktop/AER201/botL.X/main.asm
             _.org_2_0DF4   0x000df4    program     static /Users/mreiter/Desktop/AER201/botL.X/main.asm
             _.org_2_0E0A   0x000e0a    program     static /Users/mreiter/Desktop/AER201/botL.X/main.asm
             _.org_2_0E22   0x000e22    program     static /Users/mreiter/Desktop/AER201/botL.X/main.asm
             _.org_2_0E42   0x000e42    program     static /Users/mreiter/Desktop/AER201/botL.X/main.asm
             _.org_2_0E5A   0x000e5a    program     static /Users/mreiter/Desktop/AER201/botL.X/main.asm
             _.org_2_0E80   0x000e80    program     static /Users/mreiter/Desktop/AER201/botL.X/main.asm
             _.org_2_0E98   0x000e98    program     static /Users/mreiter/Desktop/AER201/botL.X/main.asm
                 _101loop   0x000f5a    program     static /Users/mreiter/Desktop/AER201/botL.X/main.asm
                 _107loop   0x001032    program     static /Users/mreiter/Desktop/AER201/botL.X/main.asm
                  _10loop   0x0001ca    program     static /Users/mreiter/Desktop/AER201/botL.X/main.asm
                  _11loop   0x0001d8    program     static /Users/mreiter/Desktop/AER201/botL.X/main.asm
                  _12loop   0x000200    program     static /Users/mreiter/Desktop/AER201/botL.X/main.asm
                  _13loop   0x00021e    program     static /Users/mreiter/Desktop/AER201/botL.X/main.asm
                  _14Exit   0x00024a    program     static /Users/mreiter/Desktop/AER201/botL.X/main.asm
                  _14Next   0x00023e    program     static /Users/mreiter/Desktop/AER201/botL.X/main.asm
                  _15Exit   0x000260    program     static /Users/mreiter/Desktop/AER201/botL.X/main.asm
                  _15Next   0x000254    program     static /Users/mreiter/Desktop/AER201/botL.X/main.asm
                  _16Exit   0x000276    program     static /Users/mreiter/Desktop/AER201/botL.X/main.asm
                  _16Next   0x00026a    program     static /Users/mreiter/Desktop/AER201/botL.X/main.asm
                  _17Exit   0x00028c    program     static /Users/mreiter/Desktop/AER201/botL.X/main.asm
                  _17Next   0x000280    program     static /Users/mreiter/Desktop/AER201/botL.X/main.asm
                  _18Exit   0x0002a2    program     static /Users/mreiter/Desktop/AER201/botL.X/main.asm
                  _18Next   0x000296    program     static /Users/mreiter/Desktop/AER201/botL.X/main.asm
                  _19Exit   0x0002b8    program     static /Users/mreiter/Desktop/AER201/botL.X/main.asm
                  _19Next   0x0002ac    program     static /Users/mreiter/Desktop/AER201/botL.X/main.asm
                  _20Exit   0x0002ce    program     static /Users/mreiter/Desktop/AER201/botL.X/main.asm
                  _20Next   0x0002c2    program     static /Users/mreiter/Desktop/AER201/botL.X/main.asm
                  _21Exit   0x0002e4    program     static /Users/mreiter/Desktop/AER201/botL.X/main.asm
                  _21Next   0x0002d8    program     static /Users/mreiter/Desktop/AER201/botL.X/main.asm
                  _22loop   0x0002f2    program     static /Users/mreiter/Desktop/AER201/botL.X/main.asm
                  _23Exit   0x000318    program     static /Users/mreiter/Desktop/AER201/botL.X/main.asm
                  _23Next   0x00030c    program     static /Users/mreiter/Desktop/AER201/botL.X/main.asm
                  _24loop   0x000326    program     static /Users/mreiter/Desktop/AER201/botL.X/main.asm
                  _25Exit   0x00034c    program     static /Users/mreiter/Desktop/AER201/botL.X/main.asm
                  _25Next   0x000340    program     static /Users/mreiter/Desktop/AER201/botL.X/main.asm
                  _26loop   0x000358    program     static /Users/mreiter/Desktop/AER201/botL.X/main.asm
                  _27loop   0x000392    program     static /Users/mreiter/Desktop/AER201/botL.X/main.asm
                  _28loop   0x0003ce    program     static /Users/mreiter/Desktop/AER201/botL.X/main.asm
                  _29loop   0x000572    program     static /Users/mreiter/Desktop/AER201/botL.X/main.asm
                 _2endBCD   0x00007c    program     static /Users/mreiter/Desktop/AER201/botL.X/main.asm
                   _2ones   0x000076    program     static /Users/mreiter/Desktop/AER201/botL.X/main.asm
                  _30loop   0x00059a    program     static /Users/mreiter/Desktop/AER201/botL.X/main.asm
                  _31Exit   0x0005d0    program     static /Users/mreiter/Desktop/AER201/botL.X/main.asm
                  _31Next   0x0005c4    program     static /Users/mreiter/Desktop/AER201/botL.X/main.asm
                  _32Exit   0x0005e6    program     static /Users/mreiter/Desktop/AER201/botL.X/main.asm
                  _32Next   0x0005da    program     static /Users/mreiter/Desktop/AER201/botL.X/main.asm
                  _33loop   0x000608    program     static /Users/mreiter/Desktop/AER201/botL.X/main.asm
                  _34Exit   0x00062e    program     static /Users/mreiter/Desktop/AER201/botL.X/main.asm
                  _34Next   0x000622    program     static /Users/mreiter/Desktop/AER201/botL.X/main.asm
                  _35loop   0x000648    program     static /Users/mreiter/Desktop/AER201/botL.X/main.asm
                  _36loop   0x000666    program     static /Users/mreiter/Desktop/AER201/botL.X/main.asm
                  _37Exit   0x000688    program     static /Users/mreiter/Desktop/AER201/botL.X/main.asm
                  _37Next   0x00067c    program     static /Users/mreiter/Desktop/AER201/botL.X/main.asm
                  _38Exit   0x00069e    program     static /Users/mreiter/Desktop/AER201/botL.X/main.asm
                  _38Next   0x000692    program     static /Users/mreiter/Desktop/AER201/botL.X/main.asm
                  _39Exit   0x0006b4    program     static /Users/mreiter/Desktop/AER201/botL.X/main.asm
                  _39Next   0x0006a8    program     static /Users/mreiter/Desktop/AER201/botL.X/main.asm
                 _3endBCD   0x0000ae    program     static /Users/mreiter/Desktop/AER201/botL.X/main.asm
                   _3ones   0x0000a8    program     static /Users/mreiter/Desktop/AER201/botL.X/main.asm
                  _40Exit   0x0006ca    program     static /Users/mreiter/Desktop/AER201/botL.X/main.asm
                  _40Next   0x0006be    program     static /Users/mreiter/Desktop/AER201/botL.X/main.asm
                  _41Exit   0x0006e0    program     static /Users/mreiter/Desktop/AER201/botL.X/main.asm
                  _41Next   0x0006d4    program     static /Users/mreiter/Desktop/AER201/botL.X/main.asm
                  _42Exit   0x0006f6    program     static /Users/mreiter/Desktop/AER201/botL.X/main.asm
                  _42Next   0x0006ea    program     static /Users/mreiter/Desktop/AER201/botL.X/main.asm
                  _43Exit   0x00070c    program     static /Users/mreiter/Desktop/AER201/botL.X/main.asm
                  _43Next   0x000700    program     static /Users/mreiter/Desktop/AER201/botL.X/main.asm
                  _44Exit   0x000722    program     static /Users/mreiter/Desktop/AER201/botL.X/main.asm
                  _44Next   0x000716    program     static /Users/mreiter/Desktop/AER201/botL.X/main.asm
                  _45Exit   0x000738    program     static /Users/mreiter/Desktop/AER201/botL.X/main.asm
                  _45Next   0x00072c    program     static /Users/mreiter/Desktop/AER201/botL.X/main.asm
                  _46Exit   0x00074e    program     static /Users/mreiter/Desktop/AER201/botL.X/main.asm
                  _46Next   0x000742    program     static /Users/mreiter/Desktop/AER201/botL.X/main.asm
                  _47loop   0x000766    program     static /Users/mreiter/Desktop/AER201/botL.X/main.asm
                  _50Exit   0x0007fe    program     static /Users/mreiter/Desktop/AER201/botL.X/main.asm
                  _50Next   0x0007f2    program     static /Users/mreiter/Desktop/AER201/botL.X/main.asm
                  _51Exit   0x000814    program     static /Users/mreiter/Desktop/AER201/botL.X/main.asm
                  _51Next   0x000808    program     static /Users/mreiter/Desktop/AER201/botL.X/main.asm
                  _52loop   0x00082c    program     static /Users/mreiter/Desktop/AER201/botL.X/main.asm
                  _53Exit   0x00085a    program     static /Users/mreiter/Desktop/AER201/botL.X/main.asm
                  _53Next   0x00084e    program     static /Users/mreiter/Desktop/AER201/botL.X/main.asm
                  _54loop   0x000874    program     static /Users/mreiter/Desktop/AER201/botL.X/main.asm
                  _55loop   0x000892    program     static /Users/mreiter/Desktop/AER201/botL.X/main.asm
                  _56Exit   0x0008c0    program     static /Users/mreiter/Desktop/AER201/botL.X/main.asm
                  _56Next   0x0008b4    program     static /Users/mreiter/Desktop/AER201/botL.X/main.asm
                  _57Exit   0x0008d6    program     static /Users/mreiter/Desktop/AER201/botL.X/main.asm
                  _57Next   0x0008ca    program     static /Users/mreiter/Desktop/AER201/botL.X/main.asm
                  _58loop   0x0008f0    program     static /Users/mreiter/Desktop/AER201/botL.X/main.asm
                  _90loop   0x000d6c    program     static /Users/mreiter/Desktop/AER201/botL.X/main.asm
                  _91loop   0x000d7a    program     static /Users/mreiter/Desktop/AER201/botL.X/main.asm
                  _96loop   0x000ec8    program     static /Users/mreiter/Desktop/AER201/botL.X/main.asm
                   _9loop   0x0001ac    program     static /Users/mreiter/Desktop/AER201/botL.X/main.asm
                  _waitl0   0x001402    program     static /Users/mreiter/Desktop/AER201/botL.X/i2c_common.asm
                  _waitl1   0x0014f0    program     static /Users/mreiter/Desktop/AER201/botL.X/i2c_common.asm
                  _waitl2   0x0015fc    program     static /Users/mreiter/Desktop/AER201/botL.X/i2c_common.asm
                       d2   0x0012fc    program     static /Users/mreiter/Desktop/AER201/botL.X/lcd.asm
                del_loop0   0x000c9c    program     static /Users/mreiter/Desktop/AER201/botL.X/main.asm
                delay44us   0x0012e0    program     extern /Users/mreiter/Desktop/AER201/botL.X/lcd.asm
                 delay5ms   0x0012ec    program     extern /Users/mreiter/Desktop/AER201/botL.X/lcd.asm
               displayNum   0x00078c    program     static /Users/mreiter/Desktop/AER201/botL.X/main.asm
         i2c_common_setup   0x001302    program     extern /Users/mreiter/Desktop/AER201/botL.X/i2c_common.asm
             lcdLongDelay   0x0012ca    program     static /Users/mreiter/Desktop/AER201/botL.X/lcd.asm
                loop200us   0x000db0    program     static /Users/mreiter/Desktop/AER201/botL.X/main.asm
                 loop50ms   0x000dbe    program     static /Users/mreiter/Desktop/AER201/botL.X/main.asm
                  loop5us   0x000da2    program     static /Users/mreiter/Desktop/AER201/botL.X/main.asm
                 read_rtc   0x00139e    program     extern /Users/mreiter/Desktop/AER201/botL.X/i2c_common.asm
              rtc_convert   0x001434    program     extern /Users/mreiter/Desktop/AER201/botL.X/i2c_common.asm
                write_rtc   0x001324    program     extern /Users/mreiter/Desktop/AER201/botL.X/i2c_common.asm
           convert_buffer   0x000065       data     extern /Users/mreiter/Desktop/AER201/botL.X/i2c_common.asm
                 databyte   0x000061       data     extern /Users/mreiter/Desktop/AER201/botL.X/i2c_common.asm
                 datachar   0x000062       data     extern /Users/mreiter/Desktop/AER201/botL.X/i2c_common.asm
               ones_digit   0x000064       data     extern /Users/mreiter/Desktop/AER201/botL.X/i2c_common.asm
               regaddress   0x000060       data     extern /Users/mreiter/Desktop/AER201/botL.X/i2c_common.asm
               tens_digit   0x000063       data     extern /Users/mreiter/Desktop/AER201/botL.X/i2c_common.asm



                              Symbols - Sorted by Address
                     Name    Address   Location    Storage File                     
                ---------  ---------  ---------  --------- ---------                
        LOAD_STANDBY_TIME   0x00001c    program     static /Users/mreiter/Desktop/AER201/botL.X/main.asm
            LOAD_EXE_TIME   0x000026    program     static /Users/mreiter/Desktop/AER201/botL.X/main.asm
                 ISR_HIGH   0x000030    program     static /Users/mreiter/Desktop/AER201/botL.X/main.asm
                   _2ones   0x000076    program     static /Users/mreiter/Desktop/AER201/botL.X/main.asm
                 _2endBCD   0x00007c    program     static /Users/mreiter/Desktop/AER201/botL.X/main.asm
                   _3ones   0x0000a8    program     static /Users/mreiter/Desktop/AER201/botL.X/main.asm
                 _3endBCD   0x0000ae    program     static /Users/mreiter/Desktop/AER201/botL.X/main.asm
             END_ISR_HIGH   0x0000b0    program     static /Users/mreiter/Desktop/AER201/botL.X/main.asm
                  ISR_LOW   0x0000ba    program     static /Users/mreiter/Desktop/AER201/botL.X/main.asm
              END_ISR_LOW   0x0000fc    program     static /Users/mreiter/Desktop/AER201/botL.X/main.asm
                     INIT   0x000106    program     static /Users/mreiter/Desktop/AER201/botL.X/main.asm
                   _9loop   0x0001ac    program     static /Users/mreiter/Desktop/AER201/botL.X/main.asm
                  _10loop   0x0001ca    program     static /Users/mreiter/Desktop/AER201/botL.X/main.asm
                  _11loop   0x0001d8    program     static /Users/mreiter/Desktop/AER201/botL.X/main.asm
                  STANDBY   0x0001e2    program     static /Users/mreiter/Desktop/AER201/botL.X/main.asm
                  _12loop   0x000200    program     static /Users/mreiter/Desktop/AER201/botL.X/main.asm
                  _13loop   0x00021e    program     static /Users/mreiter/Desktop/AER201/botL.X/main.asm
             HOLD_STANDBY   0x000232    program     static /Users/mreiter/Desktop/AER201/botL.X/main.asm
                  _14Next   0x00023e    program     static /Users/mreiter/Desktop/AER201/botL.X/main.asm
                  _14Exit   0x00024a    program     static /Users/mreiter/Desktop/AER201/botL.X/main.asm
                  _15Next   0x000254    program     static /Users/mreiter/Desktop/AER201/botL.X/main.asm
                  _15Exit   0x000260    program     static /Users/mreiter/Desktop/AER201/botL.X/main.asm
                  _16Next   0x00026a    program     static /Users/mreiter/Desktop/AER201/botL.X/main.asm
                  _16Exit   0x000276    program     static /Users/mreiter/Desktop/AER201/botL.X/main.asm
                  _17Next   0x000280    program     static /Users/mreiter/Desktop/AER201/botL.X/main.asm
                  _17Exit   0x00028c    program     static /Users/mreiter/Desktop/AER201/botL.X/main.asm
                  _18Next   0x000296    program     static /Users/mreiter/Desktop/AER201/botL.X/main.asm
                  _18Exit   0x0002a2    program     static /Users/mreiter/Desktop/AER201/botL.X/main.asm
                  _19Next   0x0002ac    program     static /Users/mreiter/Desktop/AER201/botL.X/main.asm
                  _19Exit   0x0002b8    program     static /Users/mreiter/Desktop/AER201/botL.X/main.asm
                  _20Next   0x0002c2    program     static /Users/mreiter/Desktop/AER201/botL.X/main.asm
                  _20Exit   0x0002ce    program     static /Users/mreiter/Desktop/AER201/botL.X/main.asm
                  _21Next   0x0002d8    program     static /Users/mreiter/Desktop/AER201/botL.X/main.asm
                  _21Exit   0x0002e4    program     static /Users/mreiter/Desktop/AER201/botL.X/main.asm
               DC_TEST_CW   0x0002e8    program     static /Users/mreiter/Desktop/AER201/botL.X/main.asm
                  _22loop   0x0002f2    program     static /Users/mreiter/Desktop/AER201/botL.X/main.asm
          DC_TEST_CW_HOLD   0x0002fc    program     static /Users/mreiter/Desktop/AER201/botL.X/main.asm
                  _23Next   0x00030c    program     static /Users/mreiter/Desktop/AER201/botL.X/main.asm
                  _23Exit   0x000318    program     static /Users/mreiter/Desktop/AER201/botL.X/main.asm
              DC_TEST_CCW   0x00031c    program     static /Users/mreiter/Desktop/AER201/botL.X/main.asm
                  _24loop   0x000326    program     static /Users/mreiter/Desktop/AER201/botL.X/main.asm
         DC_TEST_CCW_HOLD   0x000330    program     static /Users/mreiter/Desktop/AER201/botL.X/main.asm
                  _25Next   0x000340    program     static /Users/mreiter/Desktop/AER201/botL.X/main.asm
                  _25Exit   0x00034c    program     static /Users/mreiter/Desktop/AER201/botL.X/main.asm
                STEP_TEST   0x000350    program     static /Users/mreiter/Desktop/AER201/botL.X/main.asm
                  _26loop   0x000358    program     static /Users/mreiter/Desktop/AER201/botL.X/main.asm
           ROTATE_90_TEST   0x000362    program     static /Users/mreiter/Desktop/AER201/botL.X/main.asm
              COLOUR_TEST   0x00038c    program     static /Users/mreiter/Desktop/AER201/botL.X/main.asm
                  LOOPING   0x00038e    program     static /Users/mreiter/Desktop/AER201/botL.X/main.asm
                  _27loop   0x000392    program     static /Users/mreiter/Desktop/AER201/botL.X/main.asm
                EXECUTION   0x0003ac    program     static /Users/mreiter/Desktop/AER201/botL.X/main.asm
                  _28loop   0x0003ce    program     static /Users/mreiter/Desktop/AER201/botL.X/main.asm
         COLLECTIONS_STEP   0x0003fe    program     static /Users/mreiter/Desktop/AER201/botL.X/main.asm
                ROTATE_90   0x000400    program     static /Users/mreiter/Desktop/AER201/botL.X/main.asm
               DETECTIONS   0x00042a    program     static /Users/mreiter/Desktop/AER201/botL.X/main.asm
             INC_YOPNOCAP   0x000452    program     static /Users/mreiter/Desktop/AER201/botL.X/main.asm
               INC_YOPCAP   0x00046e    program     static /Users/mreiter/Desktop/AER201/botL.X/main.asm
            INC_ESKANOCAP   0x00048a    program     static /Users/mreiter/Desktop/AER201/botL.X/main.asm
              INC_ESKACAP   0x0004aa    program     static /Users/mreiter/Desktop/AER201/botL.X/main.asm
             TRAY_STEP_CW   0x0004c6    program     static /Users/mreiter/Desktop/AER201/botL.X/main.asm
             TRAY_CW_HOLD   0x0004cc    program     static /Users/mreiter/Desktop/AER201/botL.X/main.asm
            TRAY_STEP_CCW   0x0004de    program     static /Users/mreiter/Desktop/AER201/botL.X/main.asm
            TRAY_CCW_HOLD   0x0004e4    program     static /Users/mreiter/Desktop/AER201/botL.X/main.asm
            TRAY_STEP_END   0x0004f4    program     static /Users/mreiter/Desktop/AER201/botL.X/main.asm
               CHECK_DONE   0x0004fc    program     static /Users/mreiter/Desktop/AER201/botL.X/main.asm
                 EXIT_EXE   0x000556    program     static /Users/mreiter/Desktop/AER201/botL.X/main.asm
                  _29loop   0x000572    program     static /Users/mreiter/Desktop/AER201/botL.X/main.asm
                      LOG   0x000584    program     static /Users/mreiter/Desktop/AER201/botL.X/main.asm
                  _30loop   0x00059a    program     static /Users/mreiter/Desktop/AER201/botL.X/main.asm
                 HOLD_LOG   0x0005b8    program     static /Users/mreiter/Desktop/AER201/botL.X/main.asm
                  _31Next   0x0005c4    program     static /Users/mreiter/Desktop/AER201/botL.X/main.asm
                  _31Exit   0x0005d0    program     static /Users/mreiter/Desktop/AER201/botL.X/main.asm
                  _32Next   0x0005da    program     static /Users/mreiter/Desktop/AER201/botL.X/main.asm
                  _32Exit   0x0005e6    program     static /Users/mreiter/Desktop/AER201/botL.X/main.asm
                 LOG_INFO   0x0005ea    program     static /Users/mreiter/Desktop/AER201/botL.X/main.asm
                  _33loop   0x000608    program     static /Users/mreiter/Desktop/AER201/botL.X/main.asm
            HOLD_LOG_INFO   0x000616    program     static /Users/mreiter/Desktop/AER201/botL.X/main.asm
                  _34Next   0x000622    program     static /Users/mreiter/Desktop/AER201/botL.X/main.asm
                  _34Exit   0x00062e    program     static /Users/mreiter/Desktop/AER201/botL.X/main.asm
                 PERM_LOG   0x000632    program     static /Users/mreiter/Desktop/AER201/botL.X/main.asm
                  _35loop   0x000648    program     static /Users/mreiter/Desktop/AER201/botL.X/main.asm
                  _36loop   0x000666    program     static /Users/mreiter/Desktop/AER201/botL.X/main.asm
            HOLD_PERM_LOG   0x000670    program     static /Users/mreiter/Desktop/AER201/botL.X/main.asm
                  _37Next   0x00067c    program     static /Users/mreiter/Desktop/AER201/botL.X/main.asm
                  _37Exit   0x000688    program     static /Users/mreiter/Desktop/AER201/botL.X/main.asm
                  _38Next   0x000692    program     static /Users/mreiter/Desktop/AER201/botL.X/main.asm
                  _38Exit   0x00069e    program     static /Users/mreiter/Desktop/AER201/botL.X/main.asm
                  _39Next   0x0006a8    program     static /Users/mreiter/Desktop/AER201/botL.X/main.asm
                  _39Exit   0x0006b4    program     static /Users/mreiter/Desktop/AER201/botL.X/main.asm
                  _40Next   0x0006be    program     static /Users/mreiter/Desktop/AER201/botL.X/main.asm
                  _40Exit   0x0006ca    program     static /Users/mreiter/Desktop/AER201/botL.X/main.asm
                  _41Next   0x0006d4    program     static /Users/mreiter/Desktop/AER201/botL.X/main.asm
                  _41Exit   0x0006e0    program     static /Users/mreiter/Desktop/AER201/botL.X/main.asm
                  _42Next   0x0006ea    program     static /Users/mreiter/Desktop/AER201/botL.X/main.asm
                  _42Exit   0x0006f6    program     static /Users/mreiter/Desktop/AER201/botL.X/main.asm
                  _43Next   0x000700    program     static /Users/mreiter/Desktop/AER201/botL.X/main.asm
                  _43Exit   0x00070c    program     static /Users/mreiter/Desktop/AER201/botL.X/main.asm
                  _44Next   0x000716    program     static /Users/mreiter/Desktop/AER201/botL.X/main.asm
                  _44Exit   0x000722    program     static /Users/mreiter/Desktop/AER201/botL.X/main.asm
                  _45Next   0x00072c    program     static /Users/mreiter/Desktop/AER201/botL.X/main.asm
                  _45Exit   0x000738    program     static /Users/mreiter/Desktop/AER201/botL.X/main.asm
                  _46Next   0x000742    program     static /Users/mreiter/Desktop/AER201/botL.X/main.asm
                  _46Exit   0x00074e    program     static /Users/mreiter/Desktop/AER201/botL.X/main.asm
                     PLOG   0x000752    program     static /Users/mreiter/Desktop/AER201/botL.X/main.asm
                  _47loop   0x000766    program     static /Users/mreiter/Desktop/AER201/botL.X/main.asm
               displayNum   0x00078c    program     static /Users/mreiter/Desktop/AER201/botL.X/main.asm
                HOLD_PLOG   0x0007e6    program     static /Users/mreiter/Desktop/AER201/botL.X/main.asm
                  _50Next   0x0007f2    program     static /Users/mreiter/Desktop/AER201/botL.X/main.asm
                  _50Exit   0x0007fe    program     static /Users/mreiter/Desktop/AER201/botL.X/main.asm
                  _51Next   0x000808    program     static /Users/mreiter/Desktop/AER201/botL.X/main.asm
                  _51Exit   0x000814    program     static /Users/mreiter/Desktop/AER201/botL.X/main.asm
             PLOG_DETAILS   0x000818    program     static /Users/mreiter/Desktop/AER201/botL.X/main.asm
                  _52loop   0x00082c    program     static /Users/mreiter/Desktop/AER201/botL.X/main.asm
        HOLD_PLOG_DETAILS   0x000842    program     static /Users/mreiter/Desktop/AER201/botL.X/main.asm
                  _53Next   0x00084e    program     static /Users/mreiter/Desktop/AER201/botL.X/main.asm
                  _53Exit   0x00085a    program     static /Users/mreiter/Desktop/AER201/botL.X/main.asm
                  PC_MODE   0x00085e    program     static /Users/mreiter/Desktop/AER201/botL.X/main.asm
                  _54loop   0x000874    program     static /Users/mreiter/Desktop/AER201/botL.X/main.asm
                  _55loop   0x000892    program     static /Users/mreiter/Desktop/AER201/botL.X/main.asm
                  HOLD_PC   0x0008a8    program     static /Users/mreiter/Desktop/AER201/botL.X/main.asm
                  _56Next   0x0008b4    program     static /Users/mreiter/Desktop/AER201/botL.X/main.asm
                  _56Exit   0x0008c0    program     static /Users/mreiter/Desktop/AER201/botL.X/main.asm
                  _57Next   0x0008ca    program     static /Users/mreiter/Desktop/AER201/botL.X/main.asm
                  _57Exit   0x0008d6    program     static /Users/mreiter/Desktop/AER201/botL.X/main.asm
              PC_TRANSFER   0x0008da    program     static /Users/mreiter/Desktop/AER201/botL.X/main.asm
                  _58loop   0x0008f0    program     static /Users/mreiter/Desktop/AER201/botL.X/main.asm
                 SaveData   0x000904    program     static /Users/mreiter/Desktop/AER201/botL.X/main.asm
             _.org_2_0918   0x000918    program     static /Users/mreiter/Desktop/AER201/botL.X/main.asm
             _.org_2_0930   0x000930    program     static /Users/mreiter/Desktop/AER201/botL.X/main.asm
             _.org_2_094C   0x00094c    program     static /Users/mreiter/Desktop/AER201/botL.X/main.asm
             _.org_2_0964   0x000964    program     static /Users/mreiter/Desktop/AER201/botL.X/main.asm
             _.org_2_0980   0x000980    program     static /Users/mreiter/Desktop/AER201/botL.X/main.asm
             _.org_2_0998   0x000998    program     static /Users/mreiter/Desktop/AER201/botL.X/main.asm
             _.org_2_09B4   0x0009b4    program     static /Users/mreiter/Desktop/AER201/botL.X/main.asm
             _.org_2_09CC   0x0009cc    program     static /Users/mreiter/Desktop/AER201/botL.X/main.asm
             _.org_2_09E8   0x0009e8    program     static /Users/mreiter/Desktop/AER201/botL.X/main.asm
             _.org_2_0A00   0x000a00    program     static /Users/mreiter/Desktop/AER201/botL.X/main.asm
                ShiftLoop   0x000a1c    program     static /Users/mreiter/Desktop/AER201/botL.X/main.asm
             _.org_2_0A42   0x000a42    program     static /Users/mreiter/Desktop/AER201/botL.X/main.asm
             _.org_2_0A5A   0x000a5a    program     static /Users/mreiter/Desktop/AER201/botL.X/main.asm
                 RTC_INIT   0x000a82    program     static /Users/mreiter/Desktop/AER201/botL.X/main.asm
                SAVE_TIME   0x000a90    program     static /Users/mreiter/Desktop/AER201/botL.X/main.asm
            SAVE_EXE_TIME   0x000b06    program     static /Users/mreiter/Desktop/AER201/botL.X/main.asm
             _.org_2_0B22   0x000b22    program     static /Users/mreiter/Desktop/AER201/botL.X/main.asm
             _.org_2_0B3A   0x000b3a    program     static /Users/mreiter/Desktop/AER201/botL.X/main.asm
             _.org_2_0B5E   0x000b5e    program     static /Users/mreiter/Desktop/AER201/botL.X/main.asm
             _.org_2_0B76   0x000b76    program     static /Users/mreiter/Desktop/AER201/botL.X/main.asm
             _.org_2_0B9A   0x000b9a    program     static /Users/mreiter/Desktop/AER201/botL.X/main.asm
             _.org_2_0BB2   0x000bb2    program     static /Users/mreiter/Desktop/AER201/botL.X/main.asm
              DISPLAY_RTC   0x000bbc    program     static /Users/mreiter/Desktop/AER201/botL.X/main.asm
                 SET_TIME   0x000c96    program     static /Users/mreiter/Desktop/AER201/botL.X/main.asm
                del_loop0   0x000c9c    program     static /Users/mreiter/Desktop/AER201/botL.X/main.asm
               INIT_USART   0x000cfe    program     static /Users/mreiter/Desktop/AER201/botL.X/main.asm
                DataUSART   0x000d12    program     static /Users/mreiter/Desktop/AER201/botL.X/main.asm
            TRANSFER_LOGS   0x000d22    program     static /Users/mreiter/Desktop/AER201/botL.X/main.asm
            TRANSFER_DATA   0x000d2c    program     static /Users/mreiter/Desktop/AER201/botL.X/main.asm
                  _90loop   0x000d6c    program     static /Users/mreiter/Desktop/AER201/botL.X/main.asm
                  _91loop   0x000d7a    program     static /Users/mreiter/Desktop/AER201/botL.X/main.asm
               USART_WAIT   0x000d86    program     static /Users/mreiter/Desktop/AER201/botL.X/main.asm
             _.org_2_0D8A   0x000d8a    program     static /Users/mreiter/Desktop/AER201/botL.X/main.asm
               USART_LINE   0x000d90    program     static /Users/mreiter/Desktop/AER201/botL.X/main.asm
                 Delay5us   0x000d9e    program     static /Users/mreiter/Desktop/AER201/botL.X/main.asm
                  loop5us   0x000da2    program     static /Users/mreiter/Desktop/AER201/botL.X/main.asm
               Delay200us   0x000dac    program     static /Users/mreiter/Desktop/AER201/botL.X/main.asm
                loop200us   0x000db0    program     static /Users/mreiter/Desktop/AER201/botL.X/main.asm
                Delay50ms   0x000dba    program     static /Users/mreiter/Desktop/AER201/botL.X/main.asm
                 loop50ms   0x000dbe    program     static /Users/mreiter/Desktop/AER201/botL.X/main.asm
                   Cycles   0x000dc4    program     static /Users/mreiter/Desktop/AER201/botL.X/main.asm
              WriteEE_RTC   0x000dce    program     static /Users/mreiter/Desktop/AER201/botL.X/main.asm
             _.org_2_0DDC   0x000ddc    program     static /Users/mreiter/Desktop/AER201/botL.X/main.asm
             _.org_2_0DF4   0x000df4    program     static /Users/mreiter/Desktop/AER201/botL.X/main.asm
             _.org_2_0E0A   0x000e0a    program     static /Users/mreiter/Desktop/AER201/botL.X/main.asm
             _.org_2_0E22   0x000e22    program     static /Users/mreiter/Desktop/AER201/botL.X/main.asm
           ClearEEPROM_21   0x000e2c    program     static /Users/mreiter/Desktop/AER201/botL.X/main.asm
                ClearNext   0x000e34    program     static /Users/mreiter/Desktop/AER201/botL.X/main.asm
             _.org_2_0E42   0x000e42    program     static /Users/mreiter/Desktop/AER201/botL.X/main.asm
             _.org_2_0E5A   0x000e5a    program     static /Users/mreiter/Desktop/AER201/botL.X/main.asm
                 READ_KEY   0x000e72    program     static /Users/mreiter/Desktop/AER201/botL.X/main.asm
             _.org_2_0E80   0x000e80    program     static /Users/mreiter/Desktop/AER201/botL.X/main.asm
            READ_KEY_TIME   0x000e86    program     static /Users/mreiter/Desktop/AER201/botL.X/main.asm
             _.org_2_0E98   0x000e98    program     static /Users/mreiter/Desktop/AER201/botL.X/main.asm
           DisplayExeTime   0x000e9e    program     static /Users/mreiter/Desktop/AER201/botL.X/main.asm
                  _96loop   0x000ec8    program     static /Users/mreiter/Desktop/AER201/botL.X/main.asm
        NoSkipDispExeTime   0x000edc    program     static /Users/mreiter/Desktop/AER201/botL.X/main.asm
          SkipDispExeTime   0x000f2e    program     static /Users/mreiter/Desktop/AER201/botL.X/main.asm
               DispOpSort   0x000f30    program     static /Users/mreiter/Desktop/AER201/botL.X/main.asm
                 _101loop   0x000f5a    program     static /Users/mreiter/Desktop/AER201/botL.X/main.asm
         NoSkipDispOpSort   0x000f6c    program     static /Users/mreiter/Desktop/AER201/botL.X/main.asm
           SkipDispOpSort   0x001006    program     static /Users/mreiter/Desktop/AER201/botL.X/main.asm
                DispOpRTC   0x001008    program     static /Users/mreiter/Desktop/AER201/botL.X/main.asm
                 _107loop   0x001032    program     static /Users/mreiter/Desktop/AER201/botL.X/main.asm
          NoSkipDispOpRTC   0x001044    program     static /Users/mreiter/Desktop/AER201/botL.X/main.asm
            SkipDispOpRTC   0x0010a4    program     static /Users/mreiter/Desktop/AER201/botL.X/main.asm
         DispOpRTC_Helper   0x0010a6    program     static /Users/mreiter/Desktop/AER201/botL.X/main.asm
                  Welcome   0x0010e0    program     static /Users/mreiter/Desktop/AER201/botL.X/main.asm
                     Team   0x0010e6    program     static /Users/mreiter/Desktop/AER201/botL.X/main.asm
                  StandBy   0x0010f0    program     static /Users/mreiter/Desktop/AER201/botL.X/main.asm
              StandbyInfo   0x001118    program     static /Users/mreiter/Desktop/AER201/botL.X/main.asm
                     Log1   0x001140    program     static /Users/mreiter/Desktop/AER201/botL.X/main.asm
                     Log2   0x001146    program     static /Users/mreiter/Desktop/AER201/botL.X/main.asm
                 LogInfo1   0x001154    program     static /Users/mreiter/Desktop/AER201/botL.X/main.asm
                 LogInfo2   0x00115c    program     static /Users/mreiter/Desktop/AER201/botL.X/main.asm
                 PermLog1   0x001166    program     static /Users/mreiter/Desktop/AER201/botL.X/main.asm
                 PermLog2   0x001176    program     static /Users/mreiter/Desktop/AER201/botL.X/main.asm
                     Exe1   0x001182    program     static /Users/mreiter/Desktop/AER201/botL.X/main.asm
                     Exe2   0x00118e    program     static /Users/mreiter/Desktop/AER201/botL.X/main.asm
                      PC1   0x001196    program     static /Users/mreiter/Desktop/AER201/botL.X/main.asm
                      PC2   0x0011a4    program     static /Users/mreiter/Desktop/AER201/botL.X/main.asm
               PCTransfer   0x0011ae    program     static /Users/mreiter/Desktop/AER201/botL.X/main.asm
               PCComplete   0x0011be    program     static /Users/mreiter/Desktop/AER201/botL.X/main.asm
                     SAVE   0x0011c8    program     static /Users/mreiter/Desktop/AER201/botL.X/main.asm
                   NoData   0x0011d2    program     static /Users/mreiter/Desktop/AER201/botL.X/main.asm
                  InitLCD   0x0011d6    program     extern /Users/mreiter/Desktop/AER201/botL.X/lcd.asm
                   WR_INS   0x00122e    program     extern /Users/mreiter/Desktop/AER201/botL.X/lcd.asm
                  WR_DATA   0x00124a    program     extern /Users/mreiter/Desktop/AER201/botL.X/lcd.asm
                   WrtLCD   0x00126e    program     extern /Users/mreiter/Desktop/AER201/botL.X/lcd.asm
                   ClrLCD   0x001284    program     extern /Users/mreiter/Desktop/AER201/botL.X/lcd.asm
                   ClkLCD   0x001292    program     extern /Users/mreiter/Desktop/AER201/botL.X/lcd.asm
              _.code_00C8   0x00129e    program     static /Users/mreiter/Desktop/AER201/botL.X/lcd.asm
                    Shift   0x0012a4    program     extern /Users/mreiter/Desktop/AER201/botL.X/lcd.asm
                   LCD_L1   0x0012b0    program     extern /Users/mreiter/Desktop/AER201/botL.X/lcd.asm
                   LCD_L2   0x0012b8    program     extern /Users/mreiter/Desktop/AER201/botL.X/lcd.asm
                   MovMSB   0x0012c0    program     static /Users/mreiter/Desktop/AER201/botL.X/lcd.asm
             lcdLongDelay   0x0012ca    program     static /Users/mreiter/Desktop/AER201/botL.X/lcd.asm
                 LLD_LOOP   0x0012ce    program     static /Users/mreiter/Desktop/AER201/botL.X/lcd.asm
              _.code_00FE   0x0012d4    program     static /Users/mreiter/Desktop/AER201/botL.X/lcd.asm
                delay44us   0x0012e0    program     extern /Users/mreiter/Desktop/AER201/botL.X/lcd.asm
            Delay44usLoop   0x0012e4    program     static /Users/mreiter/Desktop/AER201/botL.X/lcd.asm
                 delay5ms   0x0012ec    program     extern /Users/mreiter/Desktop/AER201/botL.X/lcd.asm
             Delay5msLoop   0x0012f4    program     static /Users/mreiter/Desktop/AER201/botL.X/lcd.asm
                       d2   0x0012fc    program     static /Users/mreiter/Desktop/AER201/botL.X/lcd.asm
         i2c_common_setup   0x001302    program     extern /Users/mreiter/Desktop/AER201/botL.X/i2c_common.asm
              _.code_001C   0x00131e    program     static /Users/mreiter/Desktop/AER201/botL.X/i2c_common.asm
                write_rtc   0x001324    program     extern /Users/mreiter/Desktop/AER201/botL.X/i2c_common.asm
              _.code_002A   0x00132c    program     static /Users/mreiter/Desktop/AER201/botL.X/i2c_common.asm
              _.code_0032   0x001334    program     static /Users/mreiter/Desktop/AER201/botL.X/i2c_common.asm
              _.code_0038   0x00133a    program     static /Users/mreiter/Desktop/AER201/botL.X/i2c_common.asm
              _.code_0048   0x00134a    program     static /Users/mreiter/Desktop/AER201/botL.X/i2c_common.asm
              _.code_004E   0x001350    program     static /Users/mreiter/Desktop/AER201/botL.X/i2c_common.asm
              _.code_005E   0x001360    program     static /Users/mreiter/Desktop/AER201/botL.X/i2c_common.asm
              _.code_0064   0x001366    program     static /Users/mreiter/Desktop/AER201/botL.X/i2c_common.asm
              WR_ERR1_RTC   0x001374    program     static /Users/mreiter/Desktop/AER201/botL.X/i2c_common.asm
              WR_ERR2_RTC   0x00137e    program     static /Users/mreiter/Desktop/AER201/botL.X/i2c_common.asm
              WR_ERR3_RTC   0x00138a    program     static /Users/mreiter/Desktop/AER201/botL.X/i2c_common.asm
               WR_END_RTC   0x001394    program     static /Users/mreiter/Desktop/AER201/botL.X/i2c_common.asm
              _.code_0096   0x001398    program     static /Users/mreiter/Desktop/AER201/botL.X/i2c_common.asm
                 read_rtc   0x00139e    program     extern /Users/mreiter/Desktop/AER201/botL.X/i2c_common.asm
              _.code_00A4   0x0013a6    program     static /Users/mreiter/Desktop/AER201/botL.X/i2c_common.asm
              _.code_00AC   0x0013ae    program     static /Users/mreiter/Desktop/AER201/botL.X/i2c_common.asm
              _.code_00B2   0x0013b4    program     static /Users/mreiter/Desktop/AER201/botL.X/i2c_common.asm
              _.code_00C2   0x0013c4    program     static /Users/mreiter/Desktop/AER201/botL.X/i2c_common.asm
              _.code_00C8   0x0013ca    program     static /Users/mreiter/Desktop/AER201/botL.X/i2c_common.asm
              _.code_00D6   0x0013d8    program     static /Users/mreiter/Desktop/AER201/botL.X/i2c_common.asm
              _.code_00DE   0x0013e0    program     static /Users/mreiter/Desktop/AER201/botL.X/i2c_common.asm
              _.code_00E4   0x0013e6    program     static /Users/mreiter/Desktop/AER201/botL.X/i2c_common.asm
              _.code_00F2   0x0013f4    program     static /Users/mreiter/Desktop/AER201/botL.X/i2c_common.asm
                  _waitl0   0x001402    program     static /Users/mreiter/Desktop/AER201/botL.X/i2c_common.asm
              RD_ERR1_RTC   0x00140c    program     static /Users/mreiter/Desktop/AER201/botL.X/i2c_common.asm
              RD_ERR2_RTC   0x001416    program     static /Users/mreiter/Desktop/AER201/botL.X/i2c_common.asm
              RD_ERR3_RTC   0x001420    program     static /Users/mreiter/Desktop/AER201/botL.X/i2c_common.asm
               RD_END_RTC   0x00142a    program     static /Users/mreiter/Desktop/AER201/botL.X/i2c_common.asm
              _.code_012C   0x00142e    program     static /Users/mreiter/Desktop/AER201/botL.X/i2c_common.asm
              rtc_convert   0x001434    program     extern /Users/mreiter/Desktop/AER201/botL.X/i2c_common.asm
                 INIT_RTC   0x00144a    program     extern /Users/mreiter/Desktop/AER201/botL.X/i2c_common.asm
              _.code_0150   0x001452    program     static /Users/mreiter/Desktop/AER201/botL.X/i2c_common.asm
              _.code_0158   0x00145a    program     static /Users/mreiter/Desktop/AER201/botL.X/i2c_common.asm
              _.code_015E   0x001460    program     static /Users/mreiter/Desktop/AER201/botL.X/i2c_common.asm
              _.code_0166   0x001468    program     static /Users/mreiter/Desktop/AER201/botL.X/i2c_common.asm
              _.code_016C   0x00146e    program     static /Users/mreiter/Desktop/AER201/botL.X/i2c_common.asm
              _.code_0174   0x001476    program     static /Users/mreiter/Desktop/AER201/botL.X/i2c_common.asm
              _.code_017A   0x00147c    program     static /Users/mreiter/Desktop/AER201/botL.X/i2c_common.asm
              _.code_0182   0x001484    program     static /Users/mreiter/Desktop/AER201/botL.X/i2c_common.asm
          READ_COLOUR_I2C   0x00148a    program     extern /Users/mreiter/Desktop/AER201/botL.X/i2c_common.asm
              _.code_0190   0x001492    program     static /Users/mreiter/Desktop/AER201/botL.X/i2c_common.asm
              _.code_0198   0x00149a    program     static /Users/mreiter/Desktop/AER201/botL.X/i2c_common.asm
              _.code_019E   0x0014a0    program     static /Users/mreiter/Desktop/AER201/botL.X/i2c_common.asm
              _.code_01B0   0x0014b2    program     static /Users/mreiter/Desktop/AER201/botL.X/i2c_common.asm
              _.code_01B6   0x0014b8    program     static /Users/mreiter/Desktop/AER201/botL.X/i2c_common.asm
              _.code_01C4   0x0014c6    program     static /Users/mreiter/Desktop/AER201/botL.X/i2c_common.asm
              _.code_01CC   0x0014ce    program     static /Users/mreiter/Desktop/AER201/botL.X/i2c_common.asm
              _.code_01D2   0x0014d4    program     static /Users/mreiter/Desktop/AER201/botL.X/i2c_common.asm
              _.code_01E0   0x0014e2    program     static /Users/mreiter/Desktop/AER201/botL.X/i2c_common.asm
                  _waitl1   0x0014f0    program     static /Users/mreiter/Desktop/AER201/botL.X/i2c_common.asm
                  RD_ERR1   0x0014fa    program     static /Users/mreiter/Desktop/AER201/botL.X/i2c_common.asm
                  RD_ERR2   0x001504    program     static /Users/mreiter/Desktop/AER201/botL.X/i2c_common.asm
                  RD_ERR3   0x00150e    program     static /Users/mreiter/Desktop/AER201/botL.X/i2c_common.asm
                   RD_END   0x001518    program     static /Users/mreiter/Desktop/AER201/botL.X/i2c_common.asm
              _.code_021A   0x00151c    program     static /Users/mreiter/Desktop/AER201/botL.X/i2c_common.asm
         WRITE_COLOUR_I2C   0x001522    program     extern /Users/mreiter/Desktop/AER201/botL.X/i2c_common.asm
              _.code_0228   0x00152a    program     static /Users/mreiter/Desktop/AER201/botL.X/i2c_common.asm
              _.code_0230   0x001532    program     static /Users/mreiter/Desktop/AER201/botL.X/i2c_common.asm
              _.code_0236   0x001538    program     static /Users/mreiter/Desktop/AER201/botL.X/i2c_common.asm
              _.code_0248   0x00154a    program     static /Users/mreiter/Desktop/AER201/botL.X/i2c_common.asm
              _.code_024E   0x001550    program     static /Users/mreiter/Desktop/AER201/botL.X/i2c_common.asm
              _.code_0260   0x001562    program     static /Users/mreiter/Desktop/AER201/botL.X/i2c_common.asm
              _.code_0266   0x001568    program     static /Users/mreiter/Desktop/AER201/botL.X/i2c_common.asm
                  WR_ERR1   0x001576    program     static /Users/mreiter/Desktop/AER201/botL.X/i2c_common.asm
                  WR_ERR2   0x001580    program     static /Users/mreiter/Desktop/AER201/botL.X/i2c_common.asm
                  WR_ERR3   0x00158c    program     static /Users/mreiter/Desktop/AER201/botL.X/i2c_common.asm
                   WR_END   0x001596    program     static /Users/mreiter/Desktop/AER201/botL.X/i2c_common.asm
              _.code_0298   0x00159a    program     static /Users/mreiter/Desktop/AER201/botL.X/i2c_common.asm
             INIT_ARDUINO   0x0015a0    program     extern /Users/mreiter/Desktop/AER201/botL.X/i2c_common.asm
              _.code_02A6   0x0015a8    program     static /Users/mreiter/Desktop/AER201/botL.X/i2c_common.asm
              _.code_02AE   0x0015b0    program     static /Users/mreiter/Desktop/AER201/botL.X/i2c_common.asm
              _.code_02B4   0x0015b6    program     static /Users/mreiter/Desktop/AER201/botL.X/i2c_common.asm
              _.code_02C2   0x0015c4    program     static /Users/mreiter/Desktop/AER201/botL.X/i2c_common.asm
             READ_ARDUINO   0x0015ca    program     extern /Users/mreiter/Desktop/AER201/botL.X/i2c_common.asm
              _.code_02D0   0x0015d2    program     static /Users/mreiter/Desktop/AER201/botL.X/i2c_common.asm
              _.code_02D8   0x0015da    program     static /Users/mreiter/Desktop/AER201/botL.X/i2c_common.asm
              _.code_02E0   0x0015e2    program     static /Users/mreiter/Desktop/AER201/botL.X/i2c_common.asm
              _.code_02E6   0x0015e8    program     static /Users/mreiter/Desktop/AER201/botL.X/i2c_common.asm
              _.code_02EE   0x0015f0    program     static /Users/mreiter/Desktop/AER201/botL.X/i2c_common.asm
                  _waitl2   0x0015fc    program     static /Users/mreiter/Desktop/AER201/botL.X/i2c_common.asm
              _.code_0304   0x001606    program     static /Users/mreiter/Desktop/AER201/botL.X/i2c_common.asm
                CHECK_ACK   0x00160c    program     extern /Users/mreiter/Desktop/AER201/botL.X/i2c.asm
                I2C_ACKDT   0x00160c    program     extern /Users/mreiter/Desktop/AER201/botL.X/i2c.asm
                 I2C_temp   0x00160c    program     static /Users/mreiter/Desktop/AER201/botL.X/i2c.asm
               CHECK_NACK   0x001610    program     extern /Users/mreiter/Desktop/AER201/botL.X/i2c.asm
                TEST_NACK   0x001614    program     static /Users/mreiter/Desktop/AER201/botL.X/i2c.asm
          I2C_Master_INIT   0x00161c    program     extern /Users/mreiter/Desktop/AER201/botL.X/i2c.asm
          I2C_Master_WAIT   0x00162e    program     extern /Users/mreiter/Desktop/AER201/botL.X/i2c.asm
                     WAIT   0x00162e    program     static /Users/mreiter/Desktop/AER201/botL.X/i2c.asm
         I2C_Master_START   0x00163e    program     extern /Users/mreiter/Desktop/AER201/botL.X/i2c.asm
        I2C_Master_RSTART   0x001646    program     extern /Users/mreiter/Desktop/AER201/botL.X/i2c.asm
          I2C_Master_STOP   0x00164e    program     extern /Users/mreiter/Desktop/AER201/botL.X/i2c.asm
         I2C_Master_WRITE   0x001656    program     extern /Users/mreiter/Desktop/AER201/botL.X/i2c.asm
                  HOLD_UP   0x00165c    program     static /Users/mreiter/Desktop/AER201/botL.X/i2c.asm
          I2C_Master_READ   0x001664    program     extern /Users/mreiter/Desktop/AER201/botL.X/i2c.asm
                     LOOP   0x00166a    program     static /Users/mreiter/Desktop/AER201/botL.X/i2c.asm
           I2C_Master_ACK   0x001672    program     extern /Users/mreiter/Desktop/AER201/botL.X/i2c.asm
                 TEST_ACK   0x001676    program     static /Users/mreiter/Desktop/AER201/botL.X/i2c.asm
               regaddress   0x000060       data     extern /Users/mreiter/Desktop/AER201/botL.X/i2c_common.asm
                 databyte   0x000061       data     extern /Users/mreiter/Desktop/AER201/botL.X/i2c_common.asm
                 datachar   0x000062       data     extern /Users/mreiter/Desktop/AER201/botL.X/i2c_common.asm
               tens_digit   0x000063       data     extern /Users/mreiter/Desktop/AER201/botL.X/i2c_common.asm
               ones_digit   0x000064       data     extern /Users/mreiter/Desktop/AER201/botL.X/i2c_common.asm
           convert_buffer   0x000065       data     extern /Users/mreiter/Desktop/AER201/botL.X/i2c_common.asm


