MPLINK 5.08, LINKER
Linker Map File - Created Mon Feb 20 22:45:29 2017

                                 Section Info
                  Section       Type    Address   Location Size(Bytes)
                ---------  ---------  ---------  ---------  ---------
                   .org_0       code   0x000000    program   0x000004
                   .cinit    romdata   0x000004    program   0x000002
                   .org_1       code   0x000008    program   0x000004
                   .org_2       code   0x000018    program   0x000d8e
                    .code       code   0x000da6    program   0x0004b0
.config_300001_BUILD/DEFAULT/PRODUCTION/MAIN.O    romdata   0x300001    program   0x000001
.config_300002_BUILD/DEFAULT/PRODUCTION/MAIN.O    romdata   0x300002    program   0x000001
.config_300003_BUILD/DEFAULT/PRODUCTION/MAIN.O    romdata   0x300003    program   0x000001
.config_300005_BUILD/DEFAULT/PRODUCTION/MAIN.O    romdata   0x300005    program   0x000001
.config_300006_BUILD/DEFAULT/PRODUCTION/MAIN.O    romdata   0x300006    program   0x000001
.config_300008_BUILD/DEFAULT/PRODUCTION/MAIN.O    romdata   0x300008    program   0x000001
.config_300009_BUILD/DEFAULT/PRODUCTION/MAIN.O    romdata   0x300009    program   0x000001
.config_30000A_BUILD/DEFAULT/PRODUCTION/MAIN.O    romdata   0x30000a    program   0x000001
.config_30000B_BUILD/DEFAULT/PRODUCTION/MAIN.O    romdata   0x30000b    program   0x000001
.config_30000C_BUILD/DEFAULT/PRODUCTION/MAIN.O    romdata   0x30000c    program   0x000001
.config_30000D_BUILD/DEFAULT/PRODUCTION/MAIN.O    romdata   0x30000d    program   0x000001
                   .udata      udata   0x000080       data   0x00000a



                              Program Memory Usage 
                               Start         End      
                           ---------   ---------      
                            0x000000    0x000005      
                            0x000008    0x00000b      
                            0x000018    0x001255      
                            0x300001    0x300003      
                            0x300005    0x300006      
                            0x300008    0x30000d      
            4691 out of 66584 program addresses used, program memory utilization is 7%



                              Symbols - Sorted by Name
                     Name    Address   Location    Storage File                     
                ---------  ---------  ---------  --------- ---------                
                CHECK_ACK   0x0011e6    program     extern /Users/mreiter/Desktop/AER201/botL.X/i2c.asm
               CHECK_BLUE   0x00035e    program     static /Users/mreiter/Desktop/AER201/botL.X/main.asm
              CHECK_CLEAR   0x0002a4    program     static /Users/mreiter/Desktop/AER201/botL.X/main.asm
              CHECK_GREEN   0x000320    program     static /Users/mreiter/Desktop/AER201/botL.X/main.asm
               CHECK_NACK   0x0011ea    program     extern /Users/mreiter/Desktop/AER201/botL.X/i2c.asm
                CHECK_RED   0x0002e2    program     static /Users/mreiter/Desktop/AER201/botL.X/main.asm
              COLOUR_TEST   0x00039c    program     static /Users/mreiter/Desktop/AER201/botL.X/main.asm
           ClearEEPROM_21   0x000bd2    program     static /Users/mreiter/Desktop/AER201/botL.X/main.asm
                ClearNext   0x000bda    program     static /Users/mreiter/Desktop/AER201/botL.X/main.asm
                   ClkLCD   0x000f34    program     extern /Users/mreiter/Desktop/AER201/botL.X/lcd.asm
                   ClrLCD   0x000f26    program     extern /Users/mreiter/Desktop/AER201/botL.X/lcd.asm
                   Cycles   0x000b6a    program     static /Users/mreiter/Desktop/AER201/botL.X/main.asm
              DISPLAY_RTC   0x0009fe    program     static /Users/mreiter/Desktop/AER201/botL.X/main.asm
               Delay200us   0x000b52    program     static /Users/mreiter/Desktop/AER201/botL.X/main.asm
            Delay44usLoop   0x000f7a    program     static /Users/mreiter/Desktop/AER201/botL.X/lcd.asm
                Delay50ms   0x000b60    program     static /Users/mreiter/Desktop/AER201/botL.X/main.asm
             Delay5msLoop   0x000f8a    program     static /Users/mreiter/Desktop/AER201/botL.X/lcd.asm
                 Delay5us   0x000b44    program     static /Users/mreiter/Desktop/AER201/botL.X/main.asm
                DispOpRTC   0x000cc8    program     static /Users/mreiter/Desktop/AER201/botL.X/main.asm
         DispOpRTC_Helper   0x000d6c    program     static /Users/mreiter/Desktop/AER201/botL.X/main.asm
           DisplayExeTime   0x000c48    program     static /Users/mreiter/Desktop/AER201/botL.X/main.asm
             END_ISR_HIGH   0x0000cc    program     static /Users/mreiter/Desktop/AER201/botL.X/main.asm
              END_ISR_LOW   0x0000f2    program     static /Users/mreiter/Desktop/AER201/botL.X/main.asm
                EXECUTION   0x000424    program     static /Users/mreiter/Desktop/AER201/botL.X/main.asm
                 EXIT_EXE   0x000482    program     static /Users/mreiter/Desktop/AER201/botL.X/main.asm
                     Exe1   0x000e00    program     static /Users/mreiter/Desktop/AER201/botL.X/main.asm
                     Exe2   0x000e0c    program     static /Users/mreiter/Desktop/AER201/botL.X/main.asm
                 HOLD_EXE   0x000466    program     static /Users/mreiter/Desktop/AER201/botL.X/main.asm
                 HOLD_LOG   0x00063c    program     static /Users/mreiter/Desktop/AER201/botL.X/main.asm
            HOLD_LOG_INFO   0x00070c    program     static /Users/mreiter/Desktop/AER201/botL.X/main.asm
                  HOLD_PC   0x00093e    program     static /Users/mreiter/Desktop/AER201/botL.X/main.asm
            HOLD_PERM_LOG   0x000764    program     static /Users/mreiter/Desktop/AER201/botL.X/main.asm
                HOLD_PLOG   0x0008da    program     static /Users/mreiter/Desktop/AER201/botL.X/main.asm
             HOLD_STANDBY   0x000230    program     static /Users/mreiter/Desktop/AER201/botL.X/main.asm
                  HOLD_UP   0x001236    program     static /Users/mreiter/Desktop/AER201/botL.X/i2c.asm
                I2C_ACKDT   0x0011e6    program     extern /Users/mreiter/Desktop/AER201/botL.X/i2c.asm
           I2C_Master_ACK   0x00124c    program     extern /Users/mreiter/Desktop/AER201/botL.X/i2c.asm
          I2C_Master_INIT   0x0011f6    program     extern /Users/mreiter/Desktop/AER201/botL.X/i2c.asm
          I2C_Master_READ   0x00123e    program     extern /Users/mreiter/Desktop/AER201/botL.X/i2c.asm
        I2C_Master_RSTART   0x001220    program     extern /Users/mreiter/Desktop/AER201/botL.X/i2c.asm
         I2C_Master_START   0x001218    program     extern /Users/mreiter/Desktop/AER201/botL.X/i2c.asm
          I2C_Master_STOP   0x001228    program     extern /Users/mreiter/Desktop/AER201/botL.X/i2c.asm
          I2C_Master_WAIT   0x001208    program     extern /Users/mreiter/Desktop/AER201/botL.X/i2c.asm
         I2C_Master_WRITE   0x001230    program     extern /Users/mreiter/Desktop/AER201/botL.X/i2c.asm
                 I2C_temp   0x0011e6    program     static /Users/mreiter/Desktop/AER201/botL.X/i2c.asm
                     INIT   0x00010a    program     static /Users/mreiter/Desktop/AER201/botL.X/main.asm
               INIT_USART   0x000b34    program     static /Users/mreiter/Desktop/AER201/botL.X/main.asm
                 ISR_HIGH   0x00001c    program     static /Users/mreiter/Desktop/AER201/botL.X/main.asm
                  ISR_LOW   0x0000d6    program     static /Users/mreiter/Desktop/AER201/botL.X/main.asm
                  InitLCD   0x000e7a    program     extern /Users/mreiter/Desktop/AER201/botL.X/lcd.asm
                   LCD_L1   0x000f46    program     extern /Users/mreiter/Desktop/AER201/botL.X/lcd.asm
                   LCD_L2   0x000f4e    program     extern /Users/mreiter/Desktop/AER201/botL.X/lcd.asm
                 LLD_LOOP   0x000f64    program     static /Users/mreiter/Desktop/AER201/botL.X/lcd.asm
                      LOG   0x0005e4    program     static /Users/mreiter/Desktop/AER201/botL.X/main.asm
                 LOG_INFO   0x00066e    program     static /Users/mreiter/Desktop/AER201/botL.X/main.asm
                     LOOP   0x001244    program     static /Users/mreiter/Desktop/AER201/botL.X/i2c.asm
                  LOOPING   0x00039c    program     static /Users/mreiter/Desktop/AER201/botL.X/main.asm
                     Log1   0x000dbe    program     static /Users/mreiter/Desktop/AER201/botL.X/main.asm
                     Log2   0x000dc4    program     static /Users/mreiter/Desktop/AER201/botL.X/main.asm
                 LogInfo1   0x000dd2    program     static /Users/mreiter/Desktop/AER201/botL.X/main.asm
                 LogInfo2   0x000dda    program     static /Users/mreiter/Desktop/AER201/botL.X/main.asm
                   MovMSB   0x000f56    program     static /Users/mreiter/Desktop/AER201/botL.X/lcd.asm
                   NoData   0x000e66    program     static /Users/mreiter/Desktop/AER201/botL.X/main.asm
        NoSkipDispExeTime   0x000c86    program     static /Users/mreiter/Desktop/AER201/botL.X/main.asm
          NoSkipDispOpRTC   0x000d08    program     static /Users/mreiter/Desktop/AER201/botL.X/main.asm
                  Op_Time   0x000e44    program     static /Users/mreiter/Desktop/AER201/botL.X/main.asm
                      PC1   0x000e14    program     static /Users/mreiter/Desktop/AER201/botL.X/main.asm
                      PC2   0x000e22    program     static /Users/mreiter/Desktop/AER201/botL.X/main.asm
                   PCLog1   0x000e6a    program     static /Users/mreiter/Desktop/AER201/botL.X/main.asm
               PCTransfer   0x000e2c    program     static /Users/mreiter/Desktop/AER201/botL.X/main.asm
                  PC_MODE   0x0008f6    program     static /Users/mreiter/Desktop/AER201/botL.X/main.asm
              PC_TRANSFER   0x000970    program     static /Users/mreiter/Desktop/AER201/botL.X/main.asm
                 PERM_LOG   0x000728    program     static /Users/mreiter/Desktop/AER201/botL.X/main.asm
                     PLOG   0x000846    program     static /Users/mreiter/Desktop/AER201/botL.X/main.asm
                 PermLog1   0x000de4    program     static /Users/mreiter/Desktop/AER201/botL.X/main.asm
                 PermLog2   0x000df4    program     static /Users/mreiter/Desktop/AER201/botL.X/main.asm
                   RD_END   0x001160    program     static /Users/mreiter/Desktop/AER201/botL.X/i2c_common.asm
               RD_END_RTC   0x0010b6    program     static /Users/mreiter/Desktop/AER201/botL.X/i2c_common.asm
                  RD_ERR1   0x001142    program     static /Users/mreiter/Desktop/AER201/botL.X/i2c_common.asm
              RD_ERR1_RTC   0x001098    program     static /Users/mreiter/Desktop/AER201/botL.X/i2c_common.asm
                  RD_ERR2   0x00114c    program     static /Users/mreiter/Desktop/AER201/botL.X/i2c_common.asm
              RD_ERR2_RTC   0x0010a2    program     static /Users/mreiter/Desktop/AER201/botL.X/i2c_common.asm
                  RD_ERR3   0x001156    program     static /Users/mreiter/Desktop/AER201/botL.X/i2c_common.asm
              RD_ERR3_RTC   0x0010ac    program     static /Users/mreiter/Desktop/AER201/botL.X/i2c_common.asm
          READ_COLOUR_I2C   0x0010d4    program     extern /Users/mreiter/Desktop/AER201/botL.X/i2c_common.asm
                 READ_KEY   0x000c18    program     static /Users/mreiter/Desktop/AER201/botL.X/main.asm
            READ_KEY_TIME   0x000c2c    program     static /Users/mreiter/Desktop/AER201/botL.X/main.asm
                 RTC_INIT   0x000994    program     static /Users/mreiter/Desktop/AER201/botL.X/main.asm
                     SAVE   0x000e4c    program     static /Users/mreiter/Desktop/AER201/botL.X/main.asm
                SAVE_TIME   0x0009a2    program     static /Users/mreiter/Desktop/AER201/botL.X/main.asm
                 SET_TIME   0x000acc    program     static /Users/mreiter/Desktop/AER201/botL.X/main.asm
                  STANDBY   0x000212    program     static /Users/mreiter/Desktop/AER201/botL.X/main.asm
                   Safety   0x000e56    program     static /Users/mreiter/Desktop/AER201/botL.X/main.asm
                 SaveData   0x0004ea    program     static /Users/mreiter/Desktop/AER201/botL.X/main.asm
                ShiftLoop   0x00051c    program     static /Users/mreiter/Desktop/AER201/botL.X/main.asm
          SkipDispExeTime   0x000cc6    program     static /Users/mreiter/Desktop/AER201/botL.X/main.asm
            SkipDispOpRTC   0x000d6a    program     static /Users/mreiter/Desktop/AER201/botL.X/main.asm
                  StandBy   0x000db6    program     static /Users/mreiter/Desktop/AER201/botL.X/main.asm
                  Stopped   0x000e3c    program     static /Users/mreiter/Desktop/AER201/botL.X/main.asm
                 TEST_ACK   0x001250    program     static /Users/mreiter/Desktop/AER201/botL.X/i2c.asm
                TEST_NACK   0x0011ee    program     static /Users/mreiter/Desktop/AER201/botL.X/i2c.asm
                     Team   0x000dac    program     static /Users/mreiter/Desktop/AER201/botL.X/main.asm
                     WAIT   0x001208    program     static /Users/mreiter/Desktop/AER201/botL.X/i2c.asm
         WRITE_COLOUR_I2C   0x00116a    program     extern /Users/mreiter/Desktop/AER201/botL.X/i2c_common.asm
                  WR_DATA   0x000eee    program     extern /Users/mreiter/Desktop/AER201/botL.X/lcd.asm
                   WR_END   0x0011dc    program     static /Users/mreiter/Desktop/AER201/botL.X/i2c_common.asm
               WR_END_RTC   0x001024    program     static /Users/mreiter/Desktop/AER201/botL.X/i2c_common.asm
                  WR_ERR1   0x0011bc    program     static /Users/mreiter/Desktop/AER201/botL.X/i2c_common.asm
              WR_ERR1_RTC   0x001004    program     static /Users/mreiter/Desktop/AER201/botL.X/i2c_common.asm
                  WR_ERR2   0x0011c6    program     static /Users/mreiter/Desktop/AER201/botL.X/i2c_common.asm
              WR_ERR2_RTC   0x00100e    program     static /Users/mreiter/Desktop/AER201/botL.X/i2c_common.asm
                  WR_ERR3   0x0011d2    program     static /Users/mreiter/Desktop/AER201/botL.X/i2c_common.asm
              WR_ERR3_RTC   0x00101a    program     static /Users/mreiter/Desktop/AER201/botL.X/i2c_common.asm
                   WR_INS   0x000ed2    program     extern /Users/mreiter/Desktop/AER201/botL.X/lcd.asm
                  Welcome   0x000da6    program     static /Users/mreiter/Desktop/AER201/botL.X/main.asm
              WriteEE_RTC   0x000b74    program     static /Users/mreiter/Desktop/AER201/botL.X/main.asm
                   WrtLCD   0x000f10    program     extern /Users/mreiter/Desktop/AER201/botL.X/lcd.asm
              _.code_001A   0x000fb2    program     static /Users/mreiter/Desktop/AER201/botL.X/i2c_common.asm
              _.code_0028   0x000fc0    program     static /Users/mreiter/Desktop/AER201/botL.X/i2c_common.asm
              _.code_0030   0x000fc8    program     static /Users/mreiter/Desktop/AER201/botL.X/i2c_common.asm
              _.code_0036   0x000fce    program     static /Users/mreiter/Desktop/AER201/botL.X/i2c_common.asm
              _.code_0044   0x000fdc    program     static /Users/mreiter/Desktop/AER201/botL.X/i2c_common.asm
              _.code_004A   0x000fe2    program     static /Users/mreiter/Desktop/AER201/botL.X/i2c_common.asm
              _.code_0058   0x000ff0    program     static /Users/mreiter/Desktop/AER201/botL.X/i2c_common.asm
              _.code_005E   0x000ff6    program     static /Users/mreiter/Desktop/AER201/botL.X/i2c_common.asm
              _.code_0090   0x001028    program     static /Users/mreiter/Desktop/AER201/botL.X/i2c_common.asm
              _.code_009E   0x001036    program     static /Users/mreiter/Desktop/AER201/botL.X/i2c_common.asm
              _.code_00A6   0x00103e    program     static /Users/mreiter/Desktop/AER201/botL.X/i2c_common.asm
              _.code_00AC   0x001044    program     static /Users/mreiter/Desktop/AER201/botL.X/i2c_common.asm
              _.code_00BA   0x001052    program     static /Users/mreiter/Desktop/AER201/botL.X/i2c_common.asm
              _.code_00C0   0x001058    program     static /Users/mreiter/Desktop/AER201/botL.X/i2c_common.asm
              _.code_00C6   0x000f40    program     static /Users/mreiter/Desktop/AER201/botL.X/lcd.asm
              _.code_00CE   0x001066    program     static /Users/mreiter/Desktop/AER201/botL.X/i2c_common.asm
              _.code_00D6   0x00106e    program     static /Users/mreiter/Desktop/AER201/botL.X/i2c_common.asm
              _.code_00DC   0x001074    program     static /Users/mreiter/Desktop/AER201/botL.X/i2c_common.asm
              _.code_00EA   0x001082    program     static /Users/mreiter/Desktop/AER201/botL.X/i2c_common.asm
              _.code_00F0   0x000f6a    program     static /Users/mreiter/Desktop/AER201/botL.X/lcd.asm
              _.code_0122   0x0010ba    program     static /Users/mreiter/Desktop/AER201/botL.X/i2c_common.asm
              _.code_0144   0x0010dc    program     static /Users/mreiter/Desktop/AER201/botL.X/i2c_common.asm
              _.code_014C   0x0010e4    program     static /Users/mreiter/Desktop/AER201/botL.X/i2c_common.asm
              _.code_0152   0x0010ea    program     static /Users/mreiter/Desktop/AER201/botL.X/i2c_common.asm
              _.code_0164   0x0010fc    program     static /Users/mreiter/Desktop/AER201/botL.X/i2c_common.asm
              _.code_016A   0x001102    program     static /Users/mreiter/Desktop/AER201/botL.X/i2c_common.asm
              _.code_0178   0x001110    program     static /Users/mreiter/Desktop/AER201/botL.X/i2c_common.asm
              _.code_0180   0x001118    program     static /Users/mreiter/Desktop/AER201/botL.X/i2c_common.asm
              _.code_0186   0x00111e    program     static /Users/mreiter/Desktop/AER201/botL.X/i2c_common.asm
              _.code_0194   0x00112c    program     static /Users/mreiter/Desktop/AER201/botL.X/i2c_common.asm
              _.code_01CC   0x001164    program     static /Users/mreiter/Desktop/AER201/botL.X/i2c_common.asm
              _.code_01DA   0x001172    program     static /Users/mreiter/Desktop/AER201/botL.X/i2c_common.asm
              _.code_01E2   0x00117a    program     static /Users/mreiter/Desktop/AER201/botL.X/i2c_common.asm
              _.code_01E8   0x001180    program     static /Users/mreiter/Desktop/AER201/botL.X/i2c_common.asm
              _.code_01FA   0x001192    program     static /Users/mreiter/Desktop/AER201/botL.X/i2c_common.asm
              _.code_0200   0x001198    program     static /Users/mreiter/Desktop/AER201/botL.X/i2c_common.asm
              _.code_0210   0x0011a8    program     static /Users/mreiter/Desktop/AER201/botL.X/i2c_common.asm
              _.code_0216   0x0011ae    program     static /Users/mreiter/Desktop/AER201/botL.X/i2c_common.asm
              _.code_0248   0x0011e0    program     static /Users/mreiter/Desktop/AER201/botL.X/i2c_common.asm
             _.org_2_0492   0x000492    program     static /Users/mreiter/Desktop/AER201/botL.X/main.asm
             _.org_2_04AA   0x0004aa    program     static /Users/mreiter/Desktop/AER201/botL.X/main.asm
             _.org_2_04C0   0x0004c0    program     static /Users/mreiter/Desktop/AER201/botL.X/main.asm
             _.org_2_04D8   0x0004d8    program     static /Users/mreiter/Desktop/AER201/botL.X/main.asm
             _.org_2_0542   0x000542    program     static /Users/mreiter/Desktop/AER201/botL.X/main.asm
             _.org_2_055A   0x00055a    program     static /Users/mreiter/Desktop/AER201/botL.X/main.asm
             _.org_2_0592   0x000592    program     static /Users/mreiter/Desktop/AER201/botL.X/main.asm
             _.org_2_05AA   0x0005aa    program     static /Users/mreiter/Desktop/AER201/botL.X/main.asm
             _.org_2_05C0   0x0005c0    program     static /Users/mreiter/Desktop/AER201/botL.X/main.asm
             _.org_2_05D8   0x0005d8    program     static /Users/mreiter/Desktop/AER201/botL.X/main.asm
             _.org_2_0B82   0x000b82    program     static /Users/mreiter/Desktop/AER201/botL.X/main.asm
             _.org_2_0B9A   0x000b9a    program     static /Users/mreiter/Desktop/AER201/botL.X/main.asm
             _.org_2_0BB0   0x000bb0    program     static /Users/mreiter/Desktop/AER201/botL.X/main.asm
             _.org_2_0BC8   0x000bc8    program     static /Users/mreiter/Desktop/AER201/botL.X/main.asm
             _.org_2_0BE8   0x000be8    program     static /Users/mreiter/Desktop/AER201/botL.X/main.asm
             _.org_2_0C00   0x000c00    program     static /Users/mreiter/Desktop/AER201/botL.X/main.asm
             _.org_2_0C26   0x000c26    program     static /Users/mreiter/Desktop/AER201/botL.X/main.asm
             _.org_2_0C42   0x000c42    program     static /Users/mreiter/Desktop/AER201/botL.X/main.asm
                 _109loop   0x000c72    program     static /Users/mreiter/Desktop/AER201/botL.X/main.asm
                 _111loop   0x000cf6    program     static /Users/mreiter/Desktop/AER201/botL.X/main.asm
                  _13loop   0x0001dc    program     static /Users/mreiter/Desktop/AER201/botL.X/main.asm
                  _14loop   0x0001fa    program     static /Users/mreiter/Desktop/AER201/botL.X/main.asm
                  _15loop   0x000208    program     static /Users/mreiter/Desktop/AER201/botL.X/main.asm
                  _16loop   0x000226    program     static /Users/mreiter/Desktop/AER201/botL.X/main.asm
                  _17Exit   0x000248    program     static /Users/mreiter/Desktop/AER201/botL.X/main.asm
                  _17Next   0x00023c    program     static /Users/mreiter/Desktop/AER201/botL.X/main.asm
                  _18Exit   0x00025e    program     static /Users/mreiter/Desktop/AER201/botL.X/main.asm
                  _18Next   0x000252    program     static /Users/mreiter/Desktop/AER201/botL.X/main.asm
                  _19Exit   0x000274    program     static /Users/mreiter/Desktop/AER201/botL.X/main.asm
                  _19Next   0x000268    program     static /Users/mreiter/Desktop/AER201/botL.X/main.asm
                  _20Exit   0x00028a    program     static /Users/mreiter/Desktop/AER201/botL.X/main.asm
                  _20Next   0x00027e    program     static /Users/mreiter/Desktop/AER201/botL.X/main.asm
                  _21Exit   0x0002a0    program     static /Users/mreiter/Desktop/AER201/botL.X/main.asm
                  _21Next   0x000294    program     static /Users/mreiter/Desktop/AER201/botL.X/main.asm
               _22RESULTS   0x0002b2    program     static /Users/mreiter/Desktop/AER201/botL.X/main.asm
               _23RESULTS   0x0002c4    program     static /Users/mreiter/Desktop/AER201/botL.X/main.asm
               _24RESULTS   0x0002d6    program     static /Users/mreiter/Desktop/AER201/botL.X/main.asm
               _25RESULTS   0x0002f0    program     static /Users/mreiter/Desktop/AER201/botL.X/main.asm
               _26RESULTS   0x000302    program     static /Users/mreiter/Desktop/AER201/botL.X/main.asm
               _27RESULTS   0x000314    program     static /Users/mreiter/Desktop/AER201/botL.X/main.asm
               _28RESULTS   0x00032e    program     static /Users/mreiter/Desktop/AER201/botL.X/main.asm
               _29RESULTS   0x000340    program     static /Users/mreiter/Desktop/AER201/botL.X/main.asm
                 _2endBCD   0x000098    program     static /Users/mreiter/Desktop/AER201/botL.X/main.asm
                   _2ones   0x000092    program     static /Users/mreiter/Desktop/AER201/botL.X/main.asm
               _30RESULTS   0x000352    program     static /Users/mreiter/Desktop/AER201/botL.X/main.asm
               _31RESULTS   0x00036c    program     static /Users/mreiter/Desktop/AER201/botL.X/main.asm
               _32RESULTS   0x00037e    program     static /Users/mreiter/Desktop/AER201/botL.X/main.asm
               _33RESULTS   0x000390    program     static /Users/mreiter/Desktop/AER201/botL.X/main.asm
                  _34loop   0x0003a0    program     static /Users/mreiter/Desktop/AER201/botL.X/main.asm
                 _3endBCD   0x0000ca    program     static /Users/mreiter/Desktop/AER201/botL.X/main.asm
                   _3ones   0x0000c4    program     static /Users/mreiter/Desktop/AER201/botL.X/main.asm
                  _44loop   0x00043e    program     static /Users/mreiter/Desktop/AER201/botL.X/main.asm
                  _45Exit   0x00047e    program     static /Users/mreiter/Desktop/AER201/botL.X/main.asm
                  _45Next   0x000472    program     static /Users/mreiter/Desktop/AER201/botL.X/main.asm
                  _48loop   0x0004fe    program     static /Users/mreiter/Desktop/AER201/botL.X/main.asm
                  _53loop   0x0005f8    program     static /Users/mreiter/Desktop/AER201/botL.X/main.asm
                  _56Exit   0x000654    program     static /Users/mreiter/Desktop/AER201/botL.X/main.asm
                  _56Next   0x000648    program     static /Users/mreiter/Desktop/AER201/botL.X/main.asm
                  _57Exit   0x00066a    program     static /Users/mreiter/Desktop/AER201/botL.X/main.asm
                  _57Next   0x00065e    program     static /Users/mreiter/Desktop/AER201/botL.X/main.asm
                  _58loop   0x000682    program     static /Users/mreiter/Desktop/AER201/botL.X/main.asm
                  _59loop   0x0006a0    program     static /Users/mreiter/Desktop/AER201/botL.X/main.asm
                 _60Again   0x0006ea    program     static /Users/mreiter/Desktop/AER201/botL.X/main.asm
                _60Finish   0x00070c    program     static /Users/mreiter/Desktop/AER201/botL.X/main.asm
                  _62loop   0x0006dc    program     static /Users/mreiter/Desktop/AER201/botL.X/main.asm
                  _64Exit   0x000724    program     static /Users/mreiter/Desktop/AER201/botL.X/main.asm
                  _64Next   0x000718    program     static /Users/mreiter/Desktop/AER201/botL.X/main.asm
                  _65loop   0x00073c    program     static /Users/mreiter/Desktop/AER201/botL.X/main.asm
                  _66loop   0x00075a    program     static /Users/mreiter/Desktop/AER201/botL.X/main.asm
                  _67Exit   0x00077c    program     static /Users/mreiter/Desktop/AER201/botL.X/main.asm
                  _67Next   0x000770    program     static /Users/mreiter/Desktop/AER201/botL.X/main.asm
                  _68Exit   0x000792    program     static /Users/mreiter/Desktop/AER201/botL.X/main.asm
                  _68Next   0x000786    program     static /Users/mreiter/Desktop/AER201/botL.X/main.asm
                  _69Exit   0x0007a8    program     static /Users/mreiter/Desktop/AER201/botL.X/main.asm
                  _69Next   0x00079c    program     static /Users/mreiter/Desktop/AER201/botL.X/main.asm
                  _70Exit   0x0007be    program     static /Users/mreiter/Desktop/AER201/botL.X/main.asm
                  _70Next   0x0007b2    program     static /Users/mreiter/Desktop/AER201/botL.X/main.asm
                  _71Exit   0x0007d4    program     static /Users/mreiter/Desktop/AER201/botL.X/main.asm
                  _71Next   0x0007c8    program     static /Users/mreiter/Desktop/AER201/botL.X/main.asm
                  _72Exit   0x0007ea    program     static /Users/mreiter/Desktop/AER201/botL.X/main.asm
                  _72Next   0x0007de    program     static /Users/mreiter/Desktop/AER201/botL.X/main.asm
                  _73Exit   0x000800    program     static /Users/mreiter/Desktop/AER201/botL.X/main.asm
                  _73Next   0x0007f4    program     static /Users/mreiter/Desktop/AER201/botL.X/main.asm
                  _74Exit   0x000816    program     static /Users/mreiter/Desktop/AER201/botL.X/main.asm
                  _74Next   0x00080a    program     static /Users/mreiter/Desktop/AER201/botL.X/main.asm
                  _75Exit   0x00082c    program     static /Users/mreiter/Desktop/AER201/botL.X/main.asm
                  _75Next   0x000820    program     static /Users/mreiter/Desktop/AER201/botL.X/main.asm
                  _76Exit   0x000842    program     static /Users/mreiter/Desktop/AER201/botL.X/main.asm
                  _76Next   0x000836    program     static /Users/mreiter/Desktop/AER201/botL.X/main.asm
                  _77loop   0x00085a    program     static /Users/mreiter/Desktop/AER201/botL.X/main.asm
                  _80Exit   0x0008f2    program     static /Users/mreiter/Desktop/AER201/botL.X/main.asm
                  _80Next   0x0008e6    program     static /Users/mreiter/Desktop/AER201/botL.X/main.asm
                  _81loop   0x00090a    program     static /Users/mreiter/Desktop/AER201/botL.X/main.asm
                  _82loop   0x000928    program     static /Users/mreiter/Desktop/AER201/botL.X/main.asm
                  _83Exit   0x000956    program     static /Users/mreiter/Desktop/AER201/botL.X/main.asm
                  _83Next   0x00094a    program     static /Users/mreiter/Desktop/AER201/botL.X/main.asm
                  _84Exit   0x00096c    program     static /Users/mreiter/Desktop/AER201/botL.X/main.asm
                  _84Next   0x000960    program     static /Users/mreiter/Desktop/AER201/botL.X/main.asm
                  _85loop   0x000986    program     static /Users/mreiter/Desktop/AER201/botL.X/main.asm
                  _waitl0   0x00108e    program     static /Users/mreiter/Desktop/AER201/botL.X/i2c_common.asm
                  _waitl1   0x001138    program     static /Users/mreiter/Desktop/AER201/botL.X/i2c_common.asm
                       d2   0x000f92    program     static /Users/mreiter/Desktop/AER201/botL.X/lcd.asm
                del_loop0   0x000ad2    program     static /Users/mreiter/Desktop/AER201/botL.X/main.asm
                delay44us   0x000f76    program     static /Users/mreiter/Desktop/AER201/botL.X/lcd.asm
                 delay5ms   0x000f82    program     extern /Users/mreiter/Desktop/AER201/botL.X/lcd.asm
               displayNum   0x000880    program     static /Users/mreiter/Desktop/AER201/botL.X/main.asm
         i2c_common_setup   0x000f98    program     extern /Users/mreiter/Desktop/AER201/botL.X/i2c_common.asm
             lcdLongDelay   0x000f60    program     static /Users/mreiter/Desktop/AER201/botL.X/lcd.asm
                loop200us   0x000b56    program     static /Users/mreiter/Desktop/AER201/botL.X/main.asm
                 loop50ms   0x000b64    program     static /Users/mreiter/Desktop/AER201/botL.X/main.asm
                  loop5us   0x000b48    program     static /Users/mreiter/Desktop/AER201/botL.X/main.asm
                 read_rtc   0x00102e    program     extern /Users/mreiter/Desktop/AER201/botL.X/i2c_common.asm
              rtc_convert   0x0010c0    program     extern /Users/mreiter/Desktop/AER201/botL.X/i2c_common.asm
                write_rtc   0x000fb8    program     extern /Users/mreiter/Desktop/AER201/botL.X/i2c_common.asm
           convert_buffer   0x000087       data     extern /Users/mreiter/Desktop/AER201/botL.X/i2c_common.asm
                 d200us_C   0x000089       data     extern /Users/mreiter/Desktop/AER201/botL.X/i2c_common.asm
                  d50ms_C   0x000088       data     extern /Users/mreiter/Desktop/AER201/botL.X/i2c_common.asm
             data_colourH   0x000084       data     extern /Users/mreiter/Desktop/AER201/botL.X/i2c_common.asm
             data_colourL   0x000083       data     extern /Users/mreiter/Desktop/AER201/botL.X/i2c_common.asm
                 databyte   0x000081       data     extern /Users/mreiter/Desktop/AER201/botL.X/i2c_common.asm
                 datachar   0x000082       data     extern /Users/mreiter/Desktop/AER201/botL.X/i2c_common.asm
               ones_digit   0x000086       data     extern /Users/mreiter/Desktop/AER201/botL.X/i2c_common.asm
               regaddress   0x000080       data     extern /Users/mreiter/Desktop/AER201/botL.X/i2c_common.asm
               tens_digit   0x000085       data     extern /Users/mreiter/Desktop/AER201/botL.X/i2c_common.asm



                              Symbols - Sorted by Address
                     Name    Address   Location    Storage File                     
                ---------  ---------  ---------  --------- ---------                
                 ISR_HIGH   0x00001c    program     static /Users/mreiter/Desktop/AER201/botL.X/main.asm
                   _2ones   0x000092    program     static /Users/mreiter/Desktop/AER201/botL.X/main.asm
                 _2endBCD   0x000098    program     static /Users/mreiter/Desktop/AER201/botL.X/main.asm
                   _3ones   0x0000c4    program     static /Users/mreiter/Desktop/AER201/botL.X/main.asm
                 _3endBCD   0x0000ca    program     static /Users/mreiter/Desktop/AER201/botL.X/main.asm
             END_ISR_HIGH   0x0000cc    program     static /Users/mreiter/Desktop/AER201/botL.X/main.asm
                  ISR_LOW   0x0000d6    program     static /Users/mreiter/Desktop/AER201/botL.X/main.asm
              END_ISR_LOW   0x0000f2    program     static /Users/mreiter/Desktop/AER201/botL.X/main.asm
                     INIT   0x00010a    program     static /Users/mreiter/Desktop/AER201/botL.X/main.asm
                  _13loop   0x0001dc    program     static /Users/mreiter/Desktop/AER201/botL.X/main.asm
                  _14loop   0x0001fa    program     static /Users/mreiter/Desktop/AER201/botL.X/main.asm
                  _15loop   0x000208    program     static /Users/mreiter/Desktop/AER201/botL.X/main.asm
                  STANDBY   0x000212    program     static /Users/mreiter/Desktop/AER201/botL.X/main.asm
                  _16loop   0x000226    program     static /Users/mreiter/Desktop/AER201/botL.X/main.asm
             HOLD_STANDBY   0x000230    program     static /Users/mreiter/Desktop/AER201/botL.X/main.asm
                  _17Next   0x00023c    program     static /Users/mreiter/Desktop/AER201/botL.X/main.asm
                  _17Exit   0x000248    program     static /Users/mreiter/Desktop/AER201/botL.X/main.asm
                  _18Next   0x000252    program     static /Users/mreiter/Desktop/AER201/botL.X/main.asm
                  _18Exit   0x00025e    program     static /Users/mreiter/Desktop/AER201/botL.X/main.asm
                  _19Next   0x000268    program     static /Users/mreiter/Desktop/AER201/botL.X/main.asm
                  _19Exit   0x000274    program     static /Users/mreiter/Desktop/AER201/botL.X/main.asm
                  _20Next   0x00027e    program     static /Users/mreiter/Desktop/AER201/botL.X/main.asm
                  _20Exit   0x00028a    program     static /Users/mreiter/Desktop/AER201/botL.X/main.asm
                  _21Next   0x000294    program     static /Users/mreiter/Desktop/AER201/botL.X/main.asm
                  _21Exit   0x0002a0    program     static /Users/mreiter/Desktop/AER201/botL.X/main.asm
              CHECK_CLEAR   0x0002a4    program     static /Users/mreiter/Desktop/AER201/botL.X/main.asm
               _22RESULTS   0x0002b2    program     static /Users/mreiter/Desktop/AER201/botL.X/main.asm
               _23RESULTS   0x0002c4    program     static /Users/mreiter/Desktop/AER201/botL.X/main.asm
               _24RESULTS   0x0002d6    program     static /Users/mreiter/Desktop/AER201/botL.X/main.asm
                CHECK_RED   0x0002e2    program     static /Users/mreiter/Desktop/AER201/botL.X/main.asm
               _25RESULTS   0x0002f0    program     static /Users/mreiter/Desktop/AER201/botL.X/main.asm
               _26RESULTS   0x000302    program     static /Users/mreiter/Desktop/AER201/botL.X/main.asm
               _27RESULTS   0x000314    program     static /Users/mreiter/Desktop/AER201/botL.X/main.asm
              CHECK_GREEN   0x000320    program     static /Users/mreiter/Desktop/AER201/botL.X/main.asm
               _28RESULTS   0x00032e    program     static /Users/mreiter/Desktop/AER201/botL.X/main.asm
               _29RESULTS   0x000340    program     static /Users/mreiter/Desktop/AER201/botL.X/main.asm
               _30RESULTS   0x000352    program     static /Users/mreiter/Desktop/AER201/botL.X/main.asm
               CHECK_BLUE   0x00035e    program     static /Users/mreiter/Desktop/AER201/botL.X/main.asm
               _31RESULTS   0x00036c    program     static /Users/mreiter/Desktop/AER201/botL.X/main.asm
               _32RESULTS   0x00037e    program     static /Users/mreiter/Desktop/AER201/botL.X/main.asm
               _33RESULTS   0x000390    program     static /Users/mreiter/Desktop/AER201/botL.X/main.asm
                  LOOPING   0x00039c    program     static /Users/mreiter/Desktop/AER201/botL.X/main.asm
              COLOUR_TEST   0x00039c    program     static /Users/mreiter/Desktop/AER201/botL.X/main.asm
                  _34loop   0x0003a0    program     static /Users/mreiter/Desktop/AER201/botL.X/main.asm
                EXECUTION   0x000424    program     static /Users/mreiter/Desktop/AER201/botL.X/main.asm
                  _44loop   0x00043e    program     static /Users/mreiter/Desktop/AER201/botL.X/main.asm
                 HOLD_EXE   0x000466    program     static /Users/mreiter/Desktop/AER201/botL.X/main.asm
                  _45Next   0x000472    program     static /Users/mreiter/Desktop/AER201/botL.X/main.asm
                  _45Exit   0x00047e    program     static /Users/mreiter/Desktop/AER201/botL.X/main.asm
                 EXIT_EXE   0x000482    program     static /Users/mreiter/Desktop/AER201/botL.X/main.asm
             _.org_2_0492   0x000492    program     static /Users/mreiter/Desktop/AER201/botL.X/main.asm
             _.org_2_04AA   0x0004aa    program     static /Users/mreiter/Desktop/AER201/botL.X/main.asm
             _.org_2_04C0   0x0004c0    program     static /Users/mreiter/Desktop/AER201/botL.X/main.asm
             _.org_2_04D8   0x0004d8    program     static /Users/mreiter/Desktop/AER201/botL.X/main.asm
                 SaveData   0x0004ea    program     static /Users/mreiter/Desktop/AER201/botL.X/main.asm
                  _48loop   0x0004fe    program     static /Users/mreiter/Desktop/AER201/botL.X/main.asm
                ShiftLoop   0x00051c    program     static /Users/mreiter/Desktop/AER201/botL.X/main.asm
             _.org_2_0542   0x000542    program     static /Users/mreiter/Desktop/AER201/botL.X/main.asm
             _.org_2_055A   0x00055a    program     static /Users/mreiter/Desktop/AER201/botL.X/main.asm
             _.org_2_0592   0x000592    program     static /Users/mreiter/Desktop/AER201/botL.X/main.asm
             _.org_2_05AA   0x0005aa    program     static /Users/mreiter/Desktop/AER201/botL.X/main.asm
             _.org_2_05C0   0x0005c0    program     static /Users/mreiter/Desktop/AER201/botL.X/main.asm
             _.org_2_05D8   0x0005d8    program     static /Users/mreiter/Desktop/AER201/botL.X/main.asm
                      LOG   0x0005e4    program     static /Users/mreiter/Desktop/AER201/botL.X/main.asm
                  _53loop   0x0005f8    program     static /Users/mreiter/Desktop/AER201/botL.X/main.asm
                 HOLD_LOG   0x00063c    program     static /Users/mreiter/Desktop/AER201/botL.X/main.asm
                  _56Next   0x000648    program     static /Users/mreiter/Desktop/AER201/botL.X/main.asm
                  _56Exit   0x000654    program     static /Users/mreiter/Desktop/AER201/botL.X/main.asm
                  _57Next   0x00065e    program     static /Users/mreiter/Desktop/AER201/botL.X/main.asm
                  _57Exit   0x00066a    program     static /Users/mreiter/Desktop/AER201/botL.X/main.asm
                 LOG_INFO   0x00066e    program     static /Users/mreiter/Desktop/AER201/botL.X/main.asm
                  _58loop   0x000682    program     static /Users/mreiter/Desktop/AER201/botL.X/main.asm
                  _59loop   0x0006a0    program     static /Users/mreiter/Desktop/AER201/botL.X/main.asm
                  _62loop   0x0006dc    program     static /Users/mreiter/Desktop/AER201/botL.X/main.asm
                 _60Again   0x0006ea    program     static /Users/mreiter/Desktop/AER201/botL.X/main.asm
            HOLD_LOG_INFO   0x00070c    program     static /Users/mreiter/Desktop/AER201/botL.X/main.asm
                _60Finish   0x00070c    program     static /Users/mreiter/Desktop/AER201/botL.X/main.asm
                  _64Next   0x000718    program     static /Users/mreiter/Desktop/AER201/botL.X/main.asm
                  _64Exit   0x000724    program     static /Users/mreiter/Desktop/AER201/botL.X/main.asm
                 PERM_LOG   0x000728    program     static /Users/mreiter/Desktop/AER201/botL.X/main.asm
                  _65loop   0x00073c    program     static /Users/mreiter/Desktop/AER201/botL.X/main.asm
                  _66loop   0x00075a    program     static /Users/mreiter/Desktop/AER201/botL.X/main.asm
            HOLD_PERM_LOG   0x000764    program     static /Users/mreiter/Desktop/AER201/botL.X/main.asm
                  _67Next   0x000770    program     static /Users/mreiter/Desktop/AER201/botL.X/main.asm
                  _67Exit   0x00077c    program     static /Users/mreiter/Desktop/AER201/botL.X/main.asm
                  _68Next   0x000786    program     static /Users/mreiter/Desktop/AER201/botL.X/main.asm
                  _68Exit   0x000792    program     static /Users/mreiter/Desktop/AER201/botL.X/main.asm
                  _69Next   0x00079c    program     static /Users/mreiter/Desktop/AER201/botL.X/main.asm
                  _69Exit   0x0007a8    program     static /Users/mreiter/Desktop/AER201/botL.X/main.asm
                  _70Next   0x0007b2    program     static /Users/mreiter/Desktop/AER201/botL.X/main.asm
                  _70Exit   0x0007be    program     static /Users/mreiter/Desktop/AER201/botL.X/main.asm
                  _71Next   0x0007c8    program     static /Users/mreiter/Desktop/AER201/botL.X/main.asm
                  _71Exit   0x0007d4    program     static /Users/mreiter/Desktop/AER201/botL.X/main.asm
                  _72Next   0x0007de    program     static /Users/mreiter/Desktop/AER201/botL.X/main.asm
                  _72Exit   0x0007ea    program     static /Users/mreiter/Desktop/AER201/botL.X/main.asm
                  _73Next   0x0007f4    program     static /Users/mreiter/Desktop/AER201/botL.X/main.asm
                  _73Exit   0x000800    program     static /Users/mreiter/Desktop/AER201/botL.X/main.asm
                  _74Next   0x00080a    program     static /Users/mreiter/Desktop/AER201/botL.X/main.asm
                  _74Exit   0x000816    program     static /Users/mreiter/Desktop/AER201/botL.X/main.asm
                  _75Next   0x000820    program     static /Users/mreiter/Desktop/AER201/botL.X/main.asm
                  _75Exit   0x00082c    program     static /Users/mreiter/Desktop/AER201/botL.X/main.asm
                  _76Next   0x000836    program     static /Users/mreiter/Desktop/AER201/botL.X/main.asm
                  _76Exit   0x000842    program     static /Users/mreiter/Desktop/AER201/botL.X/main.asm
                     PLOG   0x000846    program     static /Users/mreiter/Desktop/AER201/botL.X/main.asm
                  _77loop   0x00085a    program     static /Users/mreiter/Desktop/AER201/botL.X/main.asm
               displayNum   0x000880    program     static /Users/mreiter/Desktop/AER201/botL.X/main.asm
                HOLD_PLOG   0x0008da    program     static /Users/mreiter/Desktop/AER201/botL.X/main.asm
                  _80Next   0x0008e6    program     static /Users/mreiter/Desktop/AER201/botL.X/main.asm
                  _80Exit   0x0008f2    program     static /Users/mreiter/Desktop/AER201/botL.X/main.asm
                  PC_MODE   0x0008f6    program     static /Users/mreiter/Desktop/AER201/botL.X/main.asm
                  _81loop   0x00090a    program     static /Users/mreiter/Desktop/AER201/botL.X/main.asm
                  _82loop   0x000928    program     static /Users/mreiter/Desktop/AER201/botL.X/main.asm
                  HOLD_PC   0x00093e    program     static /Users/mreiter/Desktop/AER201/botL.X/main.asm
                  _83Next   0x00094a    program     static /Users/mreiter/Desktop/AER201/botL.X/main.asm
                  _83Exit   0x000956    program     static /Users/mreiter/Desktop/AER201/botL.X/main.asm
                  _84Next   0x000960    program     static /Users/mreiter/Desktop/AER201/botL.X/main.asm
                  _84Exit   0x00096c    program     static /Users/mreiter/Desktop/AER201/botL.X/main.asm
              PC_TRANSFER   0x000970    program     static /Users/mreiter/Desktop/AER201/botL.X/main.asm
                  _85loop   0x000986    program     static /Users/mreiter/Desktop/AER201/botL.X/main.asm
                 RTC_INIT   0x000994    program     static /Users/mreiter/Desktop/AER201/botL.X/main.asm
                SAVE_TIME   0x0009a2    program     static /Users/mreiter/Desktop/AER201/botL.X/main.asm
              DISPLAY_RTC   0x0009fe    program     static /Users/mreiter/Desktop/AER201/botL.X/main.asm
                 SET_TIME   0x000acc    program     static /Users/mreiter/Desktop/AER201/botL.X/main.asm
                del_loop0   0x000ad2    program     static /Users/mreiter/Desktop/AER201/botL.X/main.asm
               INIT_USART   0x000b34    program     static /Users/mreiter/Desktop/AER201/botL.X/main.asm
                 Delay5us   0x000b44    program     static /Users/mreiter/Desktop/AER201/botL.X/main.asm
                  loop5us   0x000b48    program     static /Users/mreiter/Desktop/AER201/botL.X/main.asm
               Delay200us   0x000b52    program     static /Users/mreiter/Desktop/AER201/botL.X/main.asm
                loop200us   0x000b56    program     static /Users/mreiter/Desktop/AER201/botL.X/main.asm
                Delay50ms   0x000b60    program     static /Users/mreiter/Desktop/AER201/botL.X/main.asm
                 loop50ms   0x000b64    program     static /Users/mreiter/Desktop/AER201/botL.X/main.asm
                   Cycles   0x000b6a    program     static /Users/mreiter/Desktop/AER201/botL.X/main.asm
              WriteEE_RTC   0x000b74    program     static /Users/mreiter/Desktop/AER201/botL.X/main.asm
             _.org_2_0B82   0x000b82    program     static /Users/mreiter/Desktop/AER201/botL.X/main.asm
             _.org_2_0B9A   0x000b9a    program     static /Users/mreiter/Desktop/AER201/botL.X/main.asm
             _.org_2_0BB0   0x000bb0    program     static /Users/mreiter/Desktop/AER201/botL.X/main.asm
             _.org_2_0BC8   0x000bc8    program     static /Users/mreiter/Desktop/AER201/botL.X/main.asm
           ClearEEPROM_21   0x000bd2    program     static /Users/mreiter/Desktop/AER201/botL.X/main.asm
                ClearNext   0x000bda    program     static /Users/mreiter/Desktop/AER201/botL.X/main.asm
             _.org_2_0BE8   0x000be8    program     static /Users/mreiter/Desktop/AER201/botL.X/main.asm
             _.org_2_0C00   0x000c00    program     static /Users/mreiter/Desktop/AER201/botL.X/main.asm
                 READ_KEY   0x000c18    program     static /Users/mreiter/Desktop/AER201/botL.X/main.asm
             _.org_2_0C26   0x000c26    program     static /Users/mreiter/Desktop/AER201/botL.X/main.asm
            READ_KEY_TIME   0x000c2c    program     static /Users/mreiter/Desktop/AER201/botL.X/main.asm
             _.org_2_0C42   0x000c42    program     static /Users/mreiter/Desktop/AER201/botL.X/main.asm
           DisplayExeTime   0x000c48    program     static /Users/mreiter/Desktop/AER201/botL.X/main.asm
                 _109loop   0x000c72    program     static /Users/mreiter/Desktop/AER201/botL.X/main.asm
        NoSkipDispExeTime   0x000c86    program     static /Users/mreiter/Desktop/AER201/botL.X/main.asm
          SkipDispExeTime   0x000cc6    program     static /Users/mreiter/Desktop/AER201/botL.X/main.asm
                DispOpRTC   0x000cc8    program     static /Users/mreiter/Desktop/AER201/botL.X/main.asm
                 _111loop   0x000cf6    program     static /Users/mreiter/Desktop/AER201/botL.X/main.asm
          NoSkipDispOpRTC   0x000d08    program     static /Users/mreiter/Desktop/AER201/botL.X/main.asm
            SkipDispOpRTC   0x000d6a    program     static /Users/mreiter/Desktop/AER201/botL.X/main.asm
         DispOpRTC_Helper   0x000d6c    program     static /Users/mreiter/Desktop/AER201/botL.X/main.asm
                  Welcome   0x000da6    program     static /Users/mreiter/Desktop/AER201/botL.X/main.asm
                     Team   0x000dac    program     static /Users/mreiter/Desktop/AER201/botL.X/main.asm
                  StandBy   0x000db6    program     static /Users/mreiter/Desktop/AER201/botL.X/main.asm
                     Log1   0x000dbe    program     static /Users/mreiter/Desktop/AER201/botL.X/main.asm
                     Log2   0x000dc4    program     static /Users/mreiter/Desktop/AER201/botL.X/main.asm
                 LogInfo1   0x000dd2    program     static /Users/mreiter/Desktop/AER201/botL.X/main.asm
                 LogInfo2   0x000dda    program     static /Users/mreiter/Desktop/AER201/botL.X/main.asm
                 PermLog1   0x000de4    program     static /Users/mreiter/Desktop/AER201/botL.X/main.asm
                 PermLog2   0x000df4    program     static /Users/mreiter/Desktop/AER201/botL.X/main.asm
                     Exe1   0x000e00    program     static /Users/mreiter/Desktop/AER201/botL.X/main.asm
                     Exe2   0x000e0c    program     static /Users/mreiter/Desktop/AER201/botL.X/main.asm
                      PC1   0x000e14    program     static /Users/mreiter/Desktop/AER201/botL.X/main.asm
                      PC2   0x000e22    program     static /Users/mreiter/Desktop/AER201/botL.X/main.asm
               PCTransfer   0x000e2c    program     static /Users/mreiter/Desktop/AER201/botL.X/main.asm
                  Stopped   0x000e3c    program     static /Users/mreiter/Desktop/AER201/botL.X/main.asm
                  Op_Time   0x000e44    program     static /Users/mreiter/Desktop/AER201/botL.X/main.asm
                     SAVE   0x000e4c    program     static /Users/mreiter/Desktop/AER201/botL.X/main.asm
                   Safety   0x000e56    program     static /Users/mreiter/Desktop/AER201/botL.X/main.asm
                   NoData   0x000e66    program     static /Users/mreiter/Desktop/AER201/botL.X/main.asm
                   PCLog1   0x000e6a    program     static /Users/mreiter/Desktop/AER201/botL.X/main.asm
                  InitLCD   0x000e7a    program     extern /Users/mreiter/Desktop/AER201/botL.X/lcd.asm
                   WR_INS   0x000ed2    program     extern /Users/mreiter/Desktop/AER201/botL.X/lcd.asm
                  WR_DATA   0x000eee    program     extern /Users/mreiter/Desktop/AER201/botL.X/lcd.asm
                   WrtLCD   0x000f10    program     extern /Users/mreiter/Desktop/AER201/botL.X/lcd.asm
                   ClrLCD   0x000f26    program     extern /Users/mreiter/Desktop/AER201/botL.X/lcd.asm
                   ClkLCD   0x000f34    program     extern /Users/mreiter/Desktop/AER201/botL.X/lcd.asm
              _.code_00C6   0x000f40    program     static /Users/mreiter/Desktop/AER201/botL.X/lcd.asm
                   LCD_L1   0x000f46    program     extern /Users/mreiter/Desktop/AER201/botL.X/lcd.asm
                   LCD_L2   0x000f4e    program     extern /Users/mreiter/Desktop/AER201/botL.X/lcd.asm
                   MovMSB   0x000f56    program     static /Users/mreiter/Desktop/AER201/botL.X/lcd.asm
             lcdLongDelay   0x000f60    program     static /Users/mreiter/Desktop/AER201/botL.X/lcd.asm
                 LLD_LOOP   0x000f64    program     static /Users/mreiter/Desktop/AER201/botL.X/lcd.asm
              _.code_00F0   0x000f6a    program     static /Users/mreiter/Desktop/AER201/botL.X/lcd.asm
                delay44us   0x000f76    program     static /Users/mreiter/Desktop/AER201/botL.X/lcd.asm
            Delay44usLoop   0x000f7a    program     static /Users/mreiter/Desktop/AER201/botL.X/lcd.asm
                 delay5ms   0x000f82    program     extern /Users/mreiter/Desktop/AER201/botL.X/lcd.asm
             Delay5msLoop   0x000f8a    program     static /Users/mreiter/Desktop/AER201/botL.X/lcd.asm
                       d2   0x000f92    program     static /Users/mreiter/Desktop/AER201/botL.X/lcd.asm
         i2c_common_setup   0x000f98    program     extern /Users/mreiter/Desktop/AER201/botL.X/i2c_common.asm
              _.code_001A   0x000fb2    program     static /Users/mreiter/Desktop/AER201/botL.X/i2c_common.asm
                write_rtc   0x000fb8    program     extern /Users/mreiter/Desktop/AER201/botL.X/i2c_common.asm
              _.code_0028   0x000fc0    program     static /Users/mreiter/Desktop/AER201/botL.X/i2c_common.asm
              _.code_0030   0x000fc8    program     static /Users/mreiter/Desktop/AER201/botL.X/i2c_common.asm
              _.code_0036   0x000fce    program     static /Users/mreiter/Desktop/AER201/botL.X/i2c_common.asm
              _.code_0044   0x000fdc    program     static /Users/mreiter/Desktop/AER201/botL.X/i2c_common.asm
              _.code_004A   0x000fe2    program     static /Users/mreiter/Desktop/AER201/botL.X/i2c_common.asm
              _.code_0058   0x000ff0    program     static /Users/mreiter/Desktop/AER201/botL.X/i2c_common.asm
              _.code_005E   0x000ff6    program     static /Users/mreiter/Desktop/AER201/botL.X/i2c_common.asm
              WR_ERR1_RTC   0x001004    program     static /Users/mreiter/Desktop/AER201/botL.X/i2c_common.asm
              WR_ERR2_RTC   0x00100e    program     static /Users/mreiter/Desktop/AER201/botL.X/i2c_common.asm
              WR_ERR3_RTC   0x00101a    program     static /Users/mreiter/Desktop/AER201/botL.X/i2c_common.asm
               WR_END_RTC   0x001024    program     static /Users/mreiter/Desktop/AER201/botL.X/i2c_common.asm
              _.code_0090   0x001028    program     static /Users/mreiter/Desktop/AER201/botL.X/i2c_common.asm
                 read_rtc   0x00102e    program     extern /Users/mreiter/Desktop/AER201/botL.X/i2c_common.asm
              _.code_009E   0x001036    program     static /Users/mreiter/Desktop/AER201/botL.X/i2c_common.asm
              _.code_00A6   0x00103e    program     static /Users/mreiter/Desktop/AER201/botL.X/i2c_common.asm
              _.code_00AC   0x001044    program     static /Users/mreiter/Desktop/AER201/botL.X/i2c_common.asm
              _.code_00BA   0x001052    program     static /Users/mreiter/Desktop/AER201/botL.X/i2c_common.asm
              _.code_00C0   0x001058    program     static /Users/mreiter/Desktop/AER201/botL.X/i2c_common.asm
              _.code_00CE   0x001066    program     static /Users/mreiter/Desktop/AER201/botL.X/i2c_common.asm
              _.code_00D6   0x00106e    program     static /Users/mreiter/Desktop/AER201/botL.X/i2c_common.asm
              _.code_00DC   0x001074    program     static /Users/mreiter/Desktop/AER201/botL.X/i2c_common.asm
              _.code_00EA   0x001082    program     static /Users/mreiter/Desktop/AER201/botL.X/i2c_common.asm
                  _waitl0   0x00108e    program     static /Users/mreiter/Desktop/AER201/botL.X/i2c_common.asm
              RD_ERR1_RTC   0x001098    program     static /Users/mreiter/Desktop/AER201/botL.X/i2c_common.asm
              RD_ERR2_RTC   0x0010a2    program     static /Users/mreiter/Desktop/AER201/botL.X/i2c_common.asm
              RD_ERR3_RTC   0x0010ac    program     static /Users/mreiter/Desktop/AER201/botL.X/i2c_common.asm
               RD_END_RTC   0x0010b6    program     static /Users/mreiter/Desktop/AER201/botL.X/i2c_common.asm
              _.code_0122   0x0010ba    program     static /Users/mreiter/Desktop/AER201/botL.X/i2c_common.asm
              rtc_convert   0x0010c0    program     extern /Users/mreiter/Desktop/AER201/botL.X/i2c_common.asm
          READ_COLOUR_I2C   0x0010d4    program     extern /Users/mreiter/Desktop/AER201/botL.X/i2c_common.asm
              _.code_0144   0x0010dc    program     static /Users/mreiter/Desktop/AER201/botL.X/i2c_common.asm
              _.code_014C   0x0010e4    program     static /Users/mreiter/Desktop/AER201/botL.X/i2c_common.asm
              _.code_0152   0x0010ea    program     static /Users/mreiter/Desktop/AER201/botL.X/i2c_common.asm
              _.code_0164   0x0010fc    program     static /Users/mreiter/Desktop/AER201/botL.X/i2c_common.asm
              _.code_016A   0x001102    program     static /Users/mreiter/Desktop/AER201/botL.X/i2c_common.asm
              _.code_0178   0x001110    program     static /Users/mreiter/Desktop/AER201/botL.X/i2c_common.asm
              _.code_0180   0x001118    program     static /Users/mreiter/Desktop/AER201/botL.X/i2c_common.asm
              _.code_0186   0x00111e    program     static /Users/mreiter/Desktop/AER201/botL.X/i2c_common.asm
              _.code_0194   0x00112c    program     static /Users/mreiter/Desktop/AER201/botL.X/i2c_common.asm
                  _waitl1   0x001138    program     static /Users/mreiter/Desktop/AER201/botL.X/i2c_common.asm
                  RD_ERR1   0x001142    program     static /Users/mreiter/Desktop/AER201/botL.X/i2c_common.asm
                  RD_ERR2   0x00114c    program     static /Users/mreiter/Desktop/AER201/botL.X/i2c_common.asm
                  RD_ERR3   0x001156    program     static /Users/mreiter/Desktop/AER201/botL.X/i2c_common.asm
                   RD_END   0x001160    program     static /Users/mreiter/Desktop/AER201/botL.X/i2c_common.asm
              _.code_01CC   0x001164    program     static /Users/mreiter/Desktop/AER201/botL.X/i2c_common.asm
         WRITE_COLOUR_I2C   0x00116a    program     extern /Users/mreiter/Desktop/AER201/botL.X/i2c_common.asm
              _.code_01DA   0x001172    program     static /Users/mreiter/Desktop/AER201/botL.X/i2c_common.asm
              _.code_01E2   0x00117a    program     static /Users/mreiter/Desktop/AER201/botL.X/i2c_common.asm
              _.code_01E8   0x001180    program     static /Users/mreiter/Desktop/AER201/botL.X/i2c_common.asm
              _.code_01FA   0x001192    program     static /Users/mreiter/Desktop/AER201/botL.X/i2c_common.asm
              _.code_0200   0x001198    program     static /Users/mreiter/Desktop/AER201/botL.X/i2c_common.asm
              _.code_0210   0x0011a8    program     static /Users/mreiter/Desktop/AER201/botL.X/i2c_common.asm
              _.code_0216   0x0011ae    program     static /Users/mreiter/Desktop/AER201/botL.X/i2c_common.asm
                  WR_ERR1   0x0011bc    program     static /Users/mreiter/Desktop/AER201/botL.X/i2c_common.asm
                  WR_ERR2   0x0011c6    program     static /Users/mreiter/Desktop/AER201/botL.X/i2c_common.asm
                  WR_ERR3   0x0011d2    program     static /Users/mreiter/Desktop/AER201/botL.X/i2c_common.asm
                   WR_END   0x0011dc    program     static /Users/mreiter/Desktop/AER201/botL.X/i2c_common.asm
              _.code_0248   0x0011e0    program     static /Users/mreiter/Desktop/AER201/botL.X/i2c_common.asm
                I2C_ACKDT   0x0011e6    program     extern /Users/mreiter/Desktop/AER201/botL.X/i2c.asm
                CHECK_ACK   0x0011e6    program     extern /Users/mreiter/Desktop/AER201/botL.X/i2c.asm
                 I2C_temp   0x0011e6    program     static /Users/mreiter/Desktop/AER201/botL.X/i2c.asm
               CHECK_NACK   0x0011ea    program     extern /Users/mreiter/Desktop/AER201/botL.X/i2c.asm
                TEST_NACK   0x0011ee    program     static /Users/mreiter/Desktop/AER201/botL.X/i2c.asm
          I2C_Master_INIT   0x0011f6    program     extern /Users/mreiter/Desktop/AER201/botL.X/i2c.asm
          I2C_Master_WAIT   0x001208    program     extern /Users/mreiter/Desktop/AER201/botL.X/i2c.asm
                     WAIT   0x001208    program     static /Users/mreiter/Desktop/AER201/botL.X/i2c.asm
         I2C_Master_START   0x001218    program     extern /Users/mreiter/Desktop/AER201/botL.X/i2c.asm
        I2C_Master_RSTART   0x001220    program     extern /Users/mreiter/Desktop/AER201/botL.X/i2c.asm
          I2C_Master_STOP   0x001228    program     extern /Users/mreiter/Desktop/AER201/botL.X/i2c.asm
         I2C_Master_WRITE   0x001230    program     extern /Users/mreiter/Desktop/AER201/botL.X/i2c.asm
                  HOLD_UP   0x001236    program     static /Users/mreiter/Desktop/AER201/botL.X/i2c.asm
          I2C_Master_READ   0x00123e    program     extern /Users/mreiter/Desktop/AER201/botL.X/i2c.asm
                     LOOP   0x001244    program     static /Users/mreiter/Desktop/AER201/botL.X/i2c.asm
           I2C_Master_ACK   0x00124c    program     extern /Users/mreiter/Desktop/AER201/botL.X/i2c.asm
                 TEST_ACK   0x001250    program     static /Users/mreiter/Desktop/AER201/botL.X/i2c.asm
               regaddress   0x000080       data     extern /Users/mreiter/Desktop/AER201/botL.X/i2c_common.asm
                 databyte   0x000081       data     extern /Users/mreiter/Desktop/AER201/botL.X/i2c_common.asm
                 datachar   0x000082       data     extern /Users/mreiter/Desktop/AER201/botL.X/i2c_common.asm
             data_colourL   0x000083       data     extern /Users/mreiter/Desktop/AER201/botL.X/i2c_common.asm
             data_colourH   0x000084       data     extern /Users/mreiter/Desktop/AER201/botL.X/i2c_common.asm
               tens_digit   0x000085       data     extern /Users/mreiter/Desktop/AER201/botL.X/i2c_common.asm
               ones_digit   0x000086       data     extern /Users/mreiter/Desktop/AER201/botL.X/i2c_common.asm
           convert_buffer   0x000087       data     extern /Users/mreiter/Desktop/AER201/botL.X/i2c_common.asm
                  d50ms_C   0x000088       data     extern /Users/mreiter/Desktop/AER201/botL.X/i2c_common.asm
                 d200us_C   0x000089       data     extern /Users/mreiter/Desktop/AER201/botL.X/i2c_common.asm


