MPLINK 5.08, LINKER
Linker Map File - Created Mon Feb 20 23:29:05 2017

                                 Section Info
                  Section       Type    Address   Location Size(Bytes)
                ---------  ---------  ---------  ---------  ---------
                   .org_0       code   0x000000    program   0x000004
                   .cinit    romdata   0x000004    program   0x000002
                   .org_1       code   0x000008    program   0x000004
                   .org_2       code   0x000018    program   0x000d92
                    .code       code   0x000daa    program   0x0004b0
.config_300001_BUILD/DEFAULT/PRODUCTION/MAIN.O    romdata   0x300001    program   0x000001
.config_300002_BUILD/DEFAULT/PRODUCTION/MAIN.O    romdata   0x300002    program   0x000001
.config_300003_BUILD/DEFAULT/PRODUCTION/MAIN.O    romdata   0x300003    program   0x000001
.config_300005_BUILD/DEFAULT/PRODUCTION/MAIN.O    romdata   0x300005    program   0x000001
.config_300006_BUILD/DEFAULT/PRODUCTION/MAIN.O    romdata   0x300006    program   0x000001
.config_300008_BUILD/DEFAULT/PRODUCTION/MAIN.O    romdata   0x300008    program   0x000001
.config_300009_BUILD/DEFAULT/PRODUCTION/MAIN.O    romdata   0x300009    program   0x000001
.config_30000A_BUILD/DEFAULT/PRODUCTION/MAIN.O    romdata   0x30000a    program   0x000001
.config_30000B_BUILD/DEFAULT/PRODUCTION/MAIN.O    romdata   0x30000b    program   0x000001
.config_30000C_BUILD/DEFAULT/PRODUCTION/MAIN.O    romdata   0x30000c    program   0x000001
.config_30000D_BUILD/DEFAULT/PRODUCTION/MAIN.O    romdata   0x30000d    program   0x000001
                   .udata      udata   0x000080       data   0x00000a



                              Program Memory Usage 
                               Start         End      
                           ---------   ---------      
                            0x000000    0x000005      
                            0x000008    0x00000b      
                            0x000018    0x001259      
                            0x300001    0x300003      
                            0x300005    0x300006      
                            0x300008    0x30000d      
            4695 out of 66584 program addresses used, program memory utilization is 7%



                              Symbols - Sorted by Name
                     Name    Address   Location    Storage File                     
                ---------  ---------  ---------  --------- ---------                
                CHECK_ACK   0x0011ea    program     extern /Users/mreiter/Desktop/AER201/botL.X/i2c.asm
               CHECK_BLUE   0x000362    program     static /Users/mreiter/Desktop/AER201/botL.X/main.asm
              CHECK_CLEAR   0x0002a8    program     static /Users/mreiter/Desktop/AER201/botL.X/main.asm
              CHECK_GREEN   0x000324    program     static /Users/mreiter/Desktop/AER201/botL.X/main.asm
               CHECK_NACK   0x0011ee    program     extern /Users/mreiter/Desktop/AER201/botL.X/i2c.asm
                CHECK_RED   0x0002e6    program     static /Users/mreiter/Desktop/AER201/botL.X/main.asm
              COLOUR_TEST   0x0003a0    program     static /Users/mreiter/Desktop/AER201/botL.X/main.asm
           ClearEEPROM_21   0x000bd6    program     static /Users/mreiter/Desktop/AER201/botL.X/main.asm
                ClearNext   0x000bde    program     static /Users/mreiter/Desktop/AER201/botL.X/main.asm
                   ClkLCD   0x000f38    program     extern /Users/mreiter/Desktop/AER201/botL.X/lcd.asm
                   ClrLCD   0x000f2a    program     extern /Users/mreiter/Desktop/AER201/botL.X/lcd.asm
                   Cycles   0x000b6e    program     static /Users/mreiter/Desktop/AER201/botL.X/main.asm
              DISPLAY_RTC   0x000a02    program     static /Users/mreiter/Desktop/AER201/botL.X/main.asm
               Delay200us   0x000b56    program     static /Users/mreiter/Desktop/AER201/botL.X/main.asm
            Delay44usLoop   0x000f7e    program     static /Users/mreiter/Desktop/AER201/botL.X/lcd.asm
                Delay50ms   0x000b64    program     static /Users/mreiter/Desktop/AER201/botL.X/main.asm
             Delay5msLoop   0x000f8e    program     static /Users/mreiter/Desktop/AER201/botL.X/lcd.asm
                 Delay5us   0x000b48    program     static /Users/mreiter/Desktop/AER201/botL.X/main.asm
                DispOpRTC   0x000ccc    program     static /Users/mreiter/Desktop/AER201/botL.X/main.asm
         DispOpRTC_Helper   0x000d70    program     static /Users/mreiter/Desktop/AER201/botL.X/main.asm
           DisplayExeTime   0x000c4c    program     static /Users/mreiter/Desktop/AER201/botL.X/main.asm
             END_ISR_HIGH   0x0000cc    program     static /Users/mreiter/Desktop/AER201/botL.X/main.asm
              END_ISR_LOW   0x0000f2    program     static /Users/mreiter/Desktop/AER201/botL.X/main.asm
                EXECUTION   0x000428    program     static /Users/mreiter/Desktop/AER201/botL.X/main.asm
                 EXIT_EXE   0x000486    program     static /Users/mreiter/Desktop/AER201/botL.X/main.asm
                     Exe1   0x000e04    program     static /Users/mreiter/Desktop/AER201/botL.X/main.asm
                     Exe2   0x000e10    program     static /Users/mreiter/Desktop/AER201/botL.X/main.asm
                 Exe_Time   0x000e48    program     static /Users/mreiter/Desktop/AER201/botL.X/main.asm
                 HOLD_EXE   0x00046a    program     static /Users/mreiter/Desktop/AER201/botL.X/main.asm
                 HOLD_LOG   0x000640    program     static /Users/mreiter/Desktop/AER201/botL.X/main.asm
            HOLD_LOG_INFO   0x000710    program     static /Users/mreiter/Desktop/AER201/botL.X/main.asm
                  HOLD_PC   0x000942    program     static /Users/mreiter/Desktop/AER201/botL.X/main.asm
            HOLD_PERM_LOG   0x000768    program     static /Users/mreiter/Desktop/AER201/botL.X/main.asm
                HOLD_PLOG   0x0008de    program     static /Users/mreiter/Desktop/AER201/botL.X/main.asm
             HOLD_STANDBY   0x000234    program     static /Users/mreiter/Desktop/AER201/botL.X/main.asm
                  HOLD_UP   0x00123a    program     static /Users/mreiter/Desktop/AER201/botL.X/i2c.asm
                I2C_ACKDT   0x0011ea    program     extern /Users/mreiter/Desktop/AER201/botL.X/i2c.asm
           I2C_Master_ACK   0x001250    program     extern /Users/mreiter/Desktop/AER201/botL.X/i2c.asm
          I2C_Master_INIT   0x0011fa    program     extern /Users/mreiter/Desktop/AER201/botL.X/i2c.asm
          I2C_Master_READ   0x001242    program     extern /Users/mreiter/Desktop/AER201/botL.X/i2c.asm
        I2C_Master_RSTART   0x001224    program     extern /Users/mreiter/Desktop/AER201/botL.X/i2c.asm
         I2C_Master_START   0x00121c    program     extern /Users/mreiter/Desktop/AER201/botL.X/i2c.asm
          I2C_Master_STOP   0x00122c    program     extern /Users/mreiter/Desktop/AER201/botL.X/i2c.asm
          I2C_Master_WAIT   0x00120c    program     extern /Users/mreiter/Desktop/AER201/botL.X/i2c.asm
         I2C_Master_WRITE   0x001234    program     extern /Users/mreiter/Desktop/AER201/botL.X/i2c.asm
                 I2C_temp   0x0011ea    program     static /Users/mreiter/Desktop/AER201/botL.X/i2c.asm
                     INIT   0x00010a    program     static /Users/mreiter/Desktop/AER201/botL.X/main.asm
               INIT_USART   0x000b38    program     static /Users/mreiter/Desktop/AER201/botL.X/main.asm
                 ISR_HIGH   0x00001c    program     static /Users/mreiter/Desktop/AER201/botL.X/main.asm
                  ISR_LOW   0x0000d6    program     static /Users/mreiter/Desktop/AER201/botL.X/main.asm
                  InitLCD   0x000e7e    program     extern /Users/mreiter/Desktop/AER201/botL.X/lcd.asm
                   LCD_L1   0x000f4a    program     extern /Users/mreiter/Desktop/AER201/botL.X/lcd.asm
                   LCD_L2   0x000f52    program     extern /Users/mreiter/Desktop/AER201/botL.X/lcd.asm
                 LLD_LOOP   0x000f68    program     static /Users/mreiter/Desktop/AER201/botL.X/lcd.asm
                      LOG   0x0005e8    program     static /Users/mreiter/Desktop/AER201/botL.X/main.asm
                 LOG_INFO   0x000672    program     static /Users/mreiter/Desktop/AER201/botL.X/main.asm
                     LOOP   0x001248    program     static /Users/mreiter/Desktop/AER201/botL.X/i2c.asm
                  LOOPING   0x0003a0    program     static /Users/mreiter/Desktop/AER201/botL.X/main.asm
                     Log1   0x000dc2    program     static /Users/mreiter/Desktop/AER201/botL.X/main.asm
                     Log2   0x000dc8    program     static /Users/mreiter/Desktop/AER201/botL.X/main.asm
                 LogInfo1   0x000dd6    program     static /Users/mreiter/Desktop/AER201/botL.X/main.asm
                 LogInfo2   0x000dde    program     static /Users/mreiter/Desktop/AER201/botL.X/main.asm
                   MovMSB   0x000f5a    program     static /Users/mreiter/Desktop/AER201/botL.X/lcd.asm
                   NoData   0x000e6a    program     static /Users/mreiter/Desktop/AER201/botL.X/main.asm
        NoSkipDispExeTime   0x000c8a    program     static /Users/mreiter/Desktop/AER201/botL.X/main.asm
          NoSkipDispOpRTC   0x000d0c    program     static /Users/mreiter/Desktop/AER201/botL.X/main.asm
                      PC1   0x000e18    program     static /Users/mreiter/Desktop/AER201/botL.X/main.asm
                      PC2   0x000e26    program     static /Users/mreiter/Desktop/AER201/botL.X/main.asm
                   PCLog1   0x000e6e    program     static /Users/mreiter/Desktop/AER201/botL.X/main.asm
               PCTransfer   0x000e30    program     static /Users/mreiter/Desktop/AER201/botL.X/main.asm
                  PC_MODE   0x0008fa    program     static /Users/mreiter/Desktop/AER201/botL.X/main.asm
              PC_TRANSFER   0x000974    program     static /Users/mreiter/Desktop/AER201/botL.X/main.asm
                 PERM_LOG   0x00072c    program     static /Users/mreiter/Desktop/AER201/botL.X/main.asm
                     PLOG   0x00084a    program     static /Users/mreiter/Desktop/AER201/botL.X/main.asm
                 PermLog1   0x000de8    program     static /Users/mreiter/Desktop/AER201/botL.X/main.asm
                 PermLog2   0x000df8    program     static /Users/mreiter/Desktop/AER201/botL.X/main.asm
                   RD_END   0x001164    program     static /Users/mreiter/Desktop/AER201/botL.X/i2c_common.asm
               RD_END_RTC   0x0010ba    program     static /Users/mreiter/Desktop/AER201/botL.X/i2c_common.asm
                  RD_ERR1   0x001146    program     static /Users/mreiter/Desktop/AER201/botL.X/i2c_common.asm
              RD_ERR1_RTC   0x00109c    program     static /Users/mreiter/Desktop/AER201/botL.X/i2c_common.asm
                  RD_ERR2   0x001150    program     static /Users/mreiter/Desktop/AER201/botL.X/i2c_common.asm
              RD_ERR2_RTC   0x0010a6    program     static /Users/mreiter/Desktop/AER201/botL.X/i2c_common.asm
                  RD_ERR3   0x00115a    program     static /Users/mreiter/Desktop/AER201/botL.X/i2c_common.asm
              RD_ERR3_RTC   0x0010b0    program     static /Users/mreiter/Desktop/AER201/botL.X/i2c_common.asm
          READ_COLOUR_I2C   0x0010d8    program     extern /Users/mreiter/Desktop/AER201/botL.X/i2c_common.asm
                 READ_KEY   0x000c1c    program     static /Users/mreiter/Desktop/AER201/botL.X/main.asm
            READ_KEY_TIME   0x000c30    program     static /Users/mreiter/Desktop/AER201/botL.X/main.asm
                 RTC_INIT   0x000998    program     static /Users/mreiter/Desktop/AER201/botL.X/main.asm
                     SAVE   0x000e50    program     static /Users/mreiter/Desktop/AER201/botL.X/main.asm
                SAVE_TIME   0x0009a6    program     static /Users/mreiter/Desktop/AER201/botL.X/main.asm
                 SET_TIME   0x000ad0    program     static /Users/mreiter/Desktop/AER201/botL.X/main.asm
                  STANDBY   0x000216    program     static /Users/mreiter/Desktop/AER201/botL.X/main.asm
                   Safety   0x000e5a    program     static /Users/mreiter/Desktop/AER201/botL.X/main.asm
                 SaveData   0x0004ee    program     static /Users/mreiter/Desktop/AER201/botL.X/main.asm
                ShiftLoop   0x000520    program     static /Users/mreiter/Desktop/AER201/botL.X/main.asm
          SkipDispExeTime   0x000cca    program     static /Users/mreiter/Desktop/AER201/botL.X/main.asm
            SkipDispOpRTC   0x000d6e    program     static /Users/mreiter/Desktop/AER201/botL.X/main.asm
                  StandBy   0x000dba    program     static /Users/mreiter/Desktop/AER201/botL.X/main.asm
                  Stopped   0x000e40    program     static /Users/mreiter/Desktop/AER201/botL.X/main.asm
                 TEST_ACK   0x001254    program     static /Users/mreiter/Desktop/AER201/botL.X/i2c.asm
                TEST_NACK   0x0011f2    program     static /Users/mreiter/Desktop/AER201/botL.X/i2c.asm
                     Team   0x000db0    program     static /Users/mreiter/Desktop/AER201/botL.X/main.asm
                     WAIT   0x00120c    program     static /Users/mreiter/Desktop/AER201/botL.X/i2c.asm
         WRITE_COLOUR_I2C   0x00116e    program     extern /Users/mreiter/Desktop/AER201/botL.X/i2c_common.asm
                  WR_DATA   0x000ef2    program     extern /Users/mreiter/Desktop/AER201/botL.X/lcd.asm
                   WR_END   0x0011e0    program     static /Users/mreiter/Desktop/AER201/botL.X/i2c_common.asm
               WR_END_RTC   0x001028    program     static /Users/mreiter/Desktop/AER201/botL.X/i2c_common.asm
                  WR_ERR1   0x0011c0    program     static /Users/mreiter/Desktop/AER201/botL.X/i2c_common.asm
              WR_ERR1_RTC   0x001008    program     static /Users/mreiter/Desktop/AER201/botL.X/i2c_common.asm
                  WR_ERR2   0x0011ca    program     static /Users/mreiter/Desktop/AER201/botL.X/i2c_common.asm
              WR_ERR2_RTC   0x001012    program     static /Users/mreiter/Desktop/AER201/botL.X/i2c_common.asm
                  WR_ERR3   0x0011d6    program     static /Users/mreiter/Desktop/AER201/botL.X/i2c_common.asm
              WR_ERR3_RTC   0x00101e    program     static /Users/mreiter/Desktop/AER201/botL.X/i2c_common.asm
                   WR_INS   0x000ed6    program     extern /Users/mreiter/Desktop/AER201/botL.X/lcd.asm
                  Welcome   0x000daa    program     static /Users/mreiter/Desktop/AER201/botL.X/main.asm
              WriteEE_RTC   0x000b78    program     static /Users/mreiter/Desktop/AER201/botL.X/main.asm
                   WrtLCD   0x000f14    program     extern /Users/mreiter/Desktop/AER201/botL.X/lcd.asm
              _.code_001A   0x000fb6    program     static /Users/mreiter/Desktop/AER201/botL.X/i2c_common.asm
              _.code_0028   0x000fc4    program     static /Users/mreiter/Desktop/AER201/botL.X/i2c_common.asm
              _.code_0030   0x000fcc    program     static /Users/mreiter/Desktop/AER201/botL.X/i2c_common.asm
              _.code_0036   0x000fd2    program     static /Users/mreiter/Desktop/AER201/botL.X/i2c_common.asm
              _.code_0044   0x000fe0    program     static /Users/mreiter/Desktop/AER201/botL.X/i2c_common.asm
              _.code_004A   0x000fe6    program     static /Users/mreiter/Desktop/AER201/botL.X/i2c_common.asm
              _.code_0058   0x000ff4    program     static /Users/mreiter/Desktop/AER201/botL.X/i2c_common.asm
              _.code_005E   0x000ffa    program     static /Users/mreiter/Desktop/AER201/botL.X/i2c_common.asm
              _.code_0090   0x00102c    program     static /Users/mreiter/Desktop/AER201/botL.X/i2c_common.asm
              _.code_009E   0x00103a    program     static /Users/mreiter/Desktop/AER201/botL.X/i2c_common.asm
              _.code_00A6   0x001042    program     static /Users/mreiter/Desktop/AER201/botL.X/i2c_common.asm
              _.code_00AC   0x001048    program     static /Users/mreiter/Desktop/AER201/botL.X/i2c_common.asm
              _.code_00BA   0x001056    program     static /Users/mreiter/Desktop/AER201/botL.X/i2c_common.asm
              _.code_00C0   0x00105c    program     static /Users/mreiter/Desktop/AER201/botL.X/i2c_common.asm
              _.code_00C6   0x000f44    program     static /Users/mreiter/Desktop/AER201/botL.X/lcd.asm
              _.code_00CE   0x00106a    program     static /Users/mreiter/Desktop/AER201/botL.X/i2c_common.asm
              _.code_00D6   0x001072    program     static /Users/mreiter/Desktop/AER201/botL.X/i2c_common.asm
              _.code_00DC   0x001078    program     static /Users/mreiter/Desktop/AER201/botL.X/i2c_common.asm
              _.code_00EA   0x001086    program     static /Users/mreiter/Desktop/AER201/botL.X/i2c_common.asm
              _.code_00F0   0x000f6e    program     static /Users/mreiter/Desktop/AER201/botL.X/lcd.asm
              _.code_0122   0x0010be    program     static /Users/mreiter/Desktop/AER201/botL.X/i2c_common.asm
              _.code_0144   0x0010e0    program     static /Users/mreiter/Desktop/AER201/botL.X/i2c_common.asm
              _.code_014C   0x0010e8    program     static /Users/mreiter/Desktop/AER201/botL.X/i2c_common.asm
              _.code_0152   0x0010ee    program     static /Users/mreiter/Desktop/AER201/botL.X/i2c_common.asm
              _.code_0164   0x001100    program     static /Users/mreiter/Desktop/AER201/botL.X/i2c_common.asm
              _.code_016A   0x001106    program     static /Users/mreiter/Desktop/AER201/botL.X/i2c_common.asm
              _.code_0178   0x001114    program     static /Users/mreiter/Desktop/AER201/botL.X/i2c_common.asm
              _.code_0180   0x00111c    program     static /Users/mreiter/Desktop/AER201/botL.X/i2c_common.asm
              _.code_0186   0x001122    program     static /Users/mreiter/Desktop/AER201/botL.X/i2c_common.asm
              _.code_0194   0x001130    program     static /Users/mreiter/Desktop/AER201/botL.X/i2c_common.asm
              _.code_01CC   0x001168    program     static /Users/mreiter/Desktop/AER201/botL.X/i2c_common.asm
              _.code_01DA   0x001176    program     static /Users/mreiter/Desktop/AER201/botL.X/i2c_common.asm
              _.code_01E2   0x00117e    program     static /Users/mreiter/Desktop/AER201/botL.X/i2c_common.asm
              _.code_01E8   0x001184    program     static /Users/mreiter/Desktop/AER201/botL.X/i2c_common.asm
              _.code_01FA   0x001196    program     static /Users/mreiter/Desktop/AER201/botL.X/i2c_common.asm
              _.code_0200   0x00119c    program     static /Users/mreiter/Desktop/AER201/botL.X/i2c_common.asm
              _.code_0210   0x0011ac    program     static /Users/mreiter/Desktop/AER201/botL.X/i2c_common.asm
              _.code_0216   0x0011b2    program     static /Users/mreiter/Desktop/AER201/botL.X/i2c_common.asm
              _.code_0248   0x0011e4    program     static /Users/mreiter/Desktop/AER201/botL.X/i2c_common.asm
             _.org_2_0496   0x000496    program     static /Users/mreiter/Desktop/AER201/botL.X/main.asm
             _.org_2_04AE   0x0004ae    program     static /Users/mreiter/Desktop/AER201/botL.X/main.asm
             _.org_2_04C4   0x0004c4    program     static /Users/mreiter/Desktop/AER201/botL.X/main.asm
             _.org_2_04DC   0x0004dc    program     static /Users/mreiter/Desktop/AER201/botL.X/main.asm
             _.org_2_0546   0x000546    program     static /Users/mreiter/Desktop/AER201/botL.X/main.asm
             _.org_2_055E   0x00055e    program     static /Users/mreiter/Desktop/AER201/botL.X/main.asm
             _.org_2_0596   0x000596    program     static /Users/mreiter/Desktop/AER201/botL.X/main.asm
             _.org_2_05AE   0x0005ae    program     static /Users/mreiter/Desktop/AER201/botL.X/main.asm
             _.org_2_05C4   0x0005c4    program     static /Users/mreiter/Desktop/AER201/botL.X/main.asm
             _.org_2_05DC   0x0005dc    program     static /Users/mreiter/Desktop/AER201/botL.X/main.asm
             _.org_2_0B86   0x000b86    program     static /Users/mreiter/Desktop/AER201/botL.X/main.asm
             _.org_2_0B9E   0x000b9e    program     static /Users/mreiter/Desktop/AER201/botL.X/main.asm
             _.org_2_0BB4   0x000bb4    program     static /Users/mreiter/Desktop/AER201/botL.X/main.asm
             _.org_2_0BCC   0x000bcc    program     static /Users/mreiter/Desktop/AER201/botL.X/main.asm
             _.org_2_0BEC   0x000bec    program     static /Users/mreiter/Desktop/AER201/botL.X/main.asm
             _.org_2_0C04   0x000c04    program     static /Users/mreiter/Desktop/AER201/botL.X/main.asm
             _.org_2_0C2A   0x000c2a    program     static /Users/mreiter/Desktop/AER201/botL.X/main.asm
             _.org_2_0C46   0x000c46    program     static /Users/mreiter/Desktop/AER201/botL.X/main.asm
                 _109loop   0x000c76    program     static /Users/mreiter/Desktop/AER201/botL.X/main.asm
                 _111loop   0x000cfa    program     static /Users/mreiter/Desktop/AER201/botL.X/main.asm
                  _13loop   0x0001e0    program     static /Users/mreiter/Desktop/AER201/botL.X/main.asm
                  _14loop   0x0001fe    program     static /Users/mreiter/Desktop/AER201/botL.X/main.asm
                  _15loop   0x00020c    program     static /Users/mreiter/Desktop/AER201/botL.X/main.asm
                  _16loop   0x00022a    program     static /Users/mreiter/Desktop/AER201/botL.X/main.asm
                  _17Exit   0x00024c    program     static /Users/mreiter/Desktop/AER201/botL.X/main.asm
                  _17Next   0x000240    program     static /Users/mreiter/Desktop/AER201/botL.X/main.asm
                  _18Exit   0x000262    program     static /Users/mreiter/Desktop/AER201/botL.X/main.asm
                  _18Next   0x000256    program     static /Users/mreiter/Desktop/AER201/botL.X/main.asm
                  _19Exit   0x000278    program     static /Users/mreiter/Desktop/AER201/botL.X/main.asm
                  _19Next   0x00026c    program     static /Users/mreiter/Desktop/AER201/botL.X/main.asm
                  _20Exit   0x00028e    program     static /Users/mreiter/Desktop/AER201/botL.X/main.asm
                  _20Next   0x000282    program     static /Users/mreiter/Desktop/AER201/botL.X/main.asm
                  _21Exit   0x0002a4    program     static /Users/mreiter/Desktop/AER201/botL.X/main.asm
                  _21Next   0x000298    program     static /Users/mreiter/Desktop/AER201/botL.X/main.asm
               _22RESULTS   0x0002b6    program     static /Users/mreiter/Desktop/AER201/botL.X/main.asm
               _23RESULTS   0x0002c8    program     static /Users/mreiter/Desktop/AER201/botL.X/main.asm
               _24RESULTS   0x0002da    program     static /Users/mreiter/Desktop/AER201/botL.X/main.asm
               _25RESULTS   0x0002f4    program     static /Users/mreiter/Desktop/AER201/botL.X/main.asm
               _26RESULTS   0x000306    program     static /Users/mreiter/Desktop/AER201/botL.X/main.asm
               _27RESULTS   0x000318    program     static /Users/mreiter/Desktop/AER201/botL.X/main.asm
               _28RESULTS   0x000332    program     static /Users/mreiter/Desktop/AER201/botL.X/main.asm
               _29RESULTS   0x000344    program     static /Users/mreiter/Desktop/AER201/botL.X/main.asm
                 _2endBCD   0x000098    program     static /Users/mreiter/Desktop/AER201/botL.X/main.asm
                   _2ones   0x000092    program     static /Users/mreiter/Desktop/AER201/botL.X/main.asm
               _30RESULTS   0x000356    program     static /Users/mreiter/Desktop/AER201/botL.X/main.asm
               _31RESULTS   0x000370    program     static /Users/mreiter/Desktop/AER201/botL.X/main.asm
               _32RESULTS   0x000382    program     static /Users/mreiter/Desktop/AER201/botL.X/main.asm
               _33RESULTS   0x000394    program     static /Users/mreiter/Desktop/AER201/botL.X/main.asm
                  _34loop   0x0003a4    program     static /Users/mreiter/Desktop/AER201/botL.X/main.asm
                 _3endBCD   0x0000ca    program     static /Users/mreiter/Desktop/AER201/botL.X/main.asm
                   _3ones   0x0000c4    program     static /Users/mreiter/Desktop/AER201/botL.X/main.asm
                  _44loop   0x000442    program     static /Users/mreiter/Desktop/AER201/botL.X/main.asm
                  _45Exit   0x000482    program     static /Users/mreiter/Desktop/AER201/botL.X/main.asm
                  _45Next   0x000476    program     static /Users/mreiter/Desktop/AER201/botL.X/main.asm
                  _48loop   0x000502    program     static /Users/mreiter/Desktop/AER201/botL.X/main.asm
                  _53loop   0x0005fc    program     static /Users/mreiter/Desktop/AER201/botL.X/main.asm
                  _56Exit   0x000658    program     static /Users/mreiter/Desktop/AER201/botL.X/main.asm
                  _56Next   0x00064c    program     static /Users/mreiter/Desktop/AER201/botL.X/main.asm
                  _57Exit   0x00066e    program     static /Users/mreiter/Desktop/AER201/botL.X/main.asm
                  _57Next   0x000662    program     static /Users/mreiter/Desktop/AER201/botL.X/main.asm
                  _58loop   0x000686    program     static /Users/mreiter/Desktop/AER201/botL.X/main.asm
                  _59loop   0x0006a4    program     static /Users/mreiter/Desktop/AER201/botL.X/main.asm
                 _60Again   0x0006ee    program     static /Users/mreiter/Desktop/AER201/botL.X/main.asm
                _60Finish   0x000710    program     static /Users/mreiter/Desktop/AER201/botL.X/main.asm
                  _62loop   0x0006e0    program     static /Users/mreiter/Desktop/AER201/botL.X/main.asm
                  _64Exit   0x000728    program     static /Users/mreiter/Desktop/AER201/botL.X/main.asm
                  _64Next   0x00071c    program     static /Users/mreiter/Desktop/AER201/botL.X/main.asm
                  _65loop   0x000740    program     static /Users/mreiter/Desktop/AER201/botL.X/main.asm
                  _66loop   0x00075e    program     static /Users/mreiter/Desktop/AER201/botL.X/main.asm
                  _67Exit   0x000780    program     static /Users/mreiter/Desktop/AER201/botL.X/main.asm
                  _67Next   0x000774    program     static /Users/mreiter/Desktop/AER201/botL.X/main.asm
                  _68Exit   0x000796    program     static /Users/mreiter/Desktop/AER201/botL.X/main.asm
                  _68Next   0x00078a    program     static /Users/mreiter/Desktop/AER201/botL.X/main.asm
                  _69Exit   0x0007ac    program     static /Users/mreiter/Desktop/AER201/botL.X/main.asm
                  _69Next   0x0007a0    program     static /Users/mreiter/Desktop/AER201/botL.X/main.asm
                  _70Exit   0x0007c2    program     static /Users/mreiter/Desktop/AER201/botL.X/main.asm
                  _70Next   0x0007b6    program     static /Users/mreiter/Desktop/AER201/botL.X/main.asm
                  _71Exit   0x0007d8    program     static /Users/mreiter/Desktop/AER201/botL.X/main.asm
                  _71Next   0x0007cc    program     static /Users/mreiter/Desktop/AER201/botL.X/main.asm
                  _72Exit   0x0007ee    program     static /Users/mreiter/Desktop/AER201/botL.X/main.asm
                  _72Next   0x0007e2    program     static /Users/mreiter/Desktop/AER201/botL.X/main.asm
                  _73Exit   0x000804    program     static /Users/mreiter/Desktop/AER201/botL.X/main.asm
                  _73Next   0x0007f8    program     static /Users/mreiter/Desktop/AER201/botL.X/main.asm
                  _74Exit   0x00081a    program     static /Users/mreiter/Desktop/AER201/botL.X/main.asm
                  _74Next   0x00080e    program     static /Users/mreiter/Desktop/AER201/botL.X/main.asm
                  _75Exit   0x000830    program     static /Users/mreiter/Desktop/AER201/botL.X/main.asm
                  _75Next   0x000824    program     static /Users/mreiter/Desktop/AER201/botL.X/main.asm
                  _76Exit   0x000846    program     static /Users/mreiter/Desktop/AER201/botL.X/main.asm
                  _76Next   0x00083a    program     static /Users/mreiter/Desktop/AER201/botL.X/main.asm
                  _77loop   0x00085e    program     static /Users/mreiter/Desktop/AER201/botL.X/main.asm
                  _80Exit   0x0008f6    program     static /Users/mreiter/Desktop/AER201/botL.X/main.asm
                  _80Next   0x0008ea    program     static /Users/mreiter/Desktop/AER201/botL.X/main.asm
                  _81loop   0x00090e    program     static /Users/mreiter/Desktop/AER201/botL.X/main.asm
                  _82loop   0x00092c    program     static /Users/mreiter/Desktop/AER201/botL.X/main.asm
                  _83Exit   0x00095a    program     static /Users/mreiter/Desktop/AER201/botL.X/main.asm
                  _83Next   0x00094e    program     static /Users/mreiter/Desktop/AER201/botL.X/main.asm
                  _84Exit   0x000970    program     static /Users/mreiter/Desktop/AER201/botL.X/main.asm
                  _84Next   0x000964    program     static /Users/mreiter/Desktop/AER201/botL.X/main.asm
                  _85loop   0x00098a    program     static /Users/mreiter/Desktop/AER201/botL.X/main.asm
                  _waitl0   0x001092    program     static /Users/mreiter/Desktop/AER201/botL.X/i2c_common.asm
                  _waitl1   0x00113c    program     static /Users/mreiter/Desktop/AER201/botL.X/i2c_common.asm
                       d2   0x000f96    program     static /Users/mreiter/Desktop/AER201/botL.X/lcd.asm
                del_loop0   0x000ad6    program     static /Users/mreiter/Desktop/AER201/botL.X/main.asm
                delay44us   0x000f7a    program     static /Users/mreiter/Desktop/AER201/botL.X/lcd.asm
                 delay5ms   0x000f86    program     extern /Users/mreiter/Desktop/AER201/botL.X/lcd.asm
               displayNum   0x000884    program     static /Users/mreiter/Desktop/AER201/botL.X/main.asm
         i2c_common_setup   0x000f9c    program     extern /Users/mreiter/Desktop/AER201/botL.X/i2c_common.asm
             lcdLongDelay   0x000f64    program     static /Users/mreiter/Desktop/AER201/botL.X/lcd.asm
                loop200us   0x000b5a    program     static /Users/mreiter/Desktop/AER201/botL.X/main.asm
                 loop50ms   0x000b68    program     static /Users/mreiter/Desktop/AER201/botL.X/main.asm
                  loop5us   0x000b4c    program     static /Users/mreiter/Desktop/AER201/botL.X/main.asm
                 read_rtc   0x001032    program     extern /Users/mreiter/Desktop/AER201/botL.X/i2c_common.asm
              rtc_convert   0x0010c4    program     extern /Users/mreiter/Desktop/AER201/botL.X/i2c_common.asm
                write_rtc   0x000fbc    program     extern /Users/mreiter/Desktop/AER201/botL.X/i2c_common.asm
           convert_buffer   0x000087       data     extern /Users/mreiter/Desktop/AER201/botL.X/i2c_common.asm
                 d200us_C   0x000089       data     extern /Users/mreiter/Desktop/AER201/botL.X/i2c_common.asm
                  d50ms_C   0x000088       data     extern /Users/mreiter/Desktop/AER201/botL.X/i2c_common.asm
             data_colourH   0x000084       data     extern /Users/mreiter/Desktop/AER201/botL.X/i2c_common.asm
             data_colourL   0x000083       data     extern /Users/mreiter/Desktop/AER201/botL.X/i2c_common.asm
                 databyte   0x000081       data     extern /Users/mreiter/Desktop/AER201/botL.X/i2c_common.asm
                 datachar   0x000082       data     extern /Users/mreiter/Desktop/AER201/botL.X/i2c_common.asm
               ones_digit   0x000086       data     extern /Users/mreiter/Desktop/AER201/botL.X/i2c_common.asm
               regaddress   0x000080       data     extern /Users/mreiter/Desktop/AER201/botL.X/i2c_common.asm
               tens_digit   0x000085       data     extern /Users/mreiter/Desktop/AER201/botL.X/i2c_common.asm



                              Symbols - Sorted by Address
                     Name    Address   Location    Storage File                     
                ---------  ---------  ---------  --------- ---------                
                 ISR_HIGH   0x00001c    program     static /Users/mreiter/Desktop/AER201/botL.X/main.asm
                   _2ones   0x000092    program     static /Users/mreiter/Desktop/AER201/botL.X/main.asm
                 _2endBCD   0x000098    program     static /Users/mreiter/Desktop/AER201/botL.X/main.asm
                   _3ones   0x0000c4    program     static /Users/mreiter/Desktop/AER201/botL.X/main.asm
                 _3endBCD   0x0000ca    program     static /Users/mreiter/Desktop/AER201/botL.X/main.asm
             END_ISR_HIGH   0x0000cc    program     static /Users/mreiter/Desktop/AER201/botL.X/main.asm
                  ISR_LOW   0x0000d6    program     static /Users/mreiter/Desktop/AER201/botL.X/main.asm
              END_ISR_LOW   0x0000f2    program     static /Users/mreiter/Desktop/AER201/botL.X/main.asm
                     INIT   0x00010a    program     static /Users/mreiter/Desktop/AER201/botL.X/main.asm
                  _13loop   0x0001e0    program     static /Users/mreiter/Desktop/AER201/botL.X/main.asm
                  _14loop   0x0001fe    program     static /Users/mreiter/Desktop/AER201/botL.X/main.asm
                  _15loop   0x00020c    program     static /Users/mreiter/Desktop/AER201/botL.X/main.asm
                  STANDBY   0x000216    program     static /Users/mreiter/Desktop/AER201/botL.X/main.asm
                  _16loop   0x00022a    program     static /Users/mreiter/Desktop/AER201/botL.X/main.asm
             HOLD_STANDBY   0x000234    program     static /Users/mreiter/Desktop/AER201/botL.X/main.asm
                  _17Next   0x000240    program     static /Users/mreiter/Desktop/AER201/botL.X/main.asm
                  _17Exit   0x00024c    program     static /Users/mreiter/Desktop/AER201/botL.X/main.asm
                  _18Next   0x000256    program     static /Users/mreiter/Desktop/AER201/botL.X/main.asm
                  _18Exit   0x000262    program     static /Users/mreiter/Desktop/AER201/botL.X/main.asm
                  _19Next   0x00026c    program     static /Users/mreiter/Desktop/AER201/botL.X/main.asm
                  _19Exit   0x000278    program     static /Users/mreiter/Desktop/AER201/botL.X/main.asm
                  _20Next   0x000282    program     static /Users/mreiter/Desktop/AER201/botL.X/main.asm
                  _20Exit   0x00028e    program     static /Users/mreiter/Desktop/AER201/botL.X/main.asm
                  _21Next   0x000298    program     static /Users/mreiter/Desktop/AER201/botL.X/main.asm
                  _21Exit   0x0002a4    program     static /Users/mreiter/Desktop/AER201/botL.X/main.asm
              CHECK_CLEAR   0x0002a8    program     static /Users/mreiter/Desktop/AER201/botL.X/main.asm
               _22RESULTS   0x0002b6    program     static /Users/mreiter/Desktop/AER201/botL.X/main.asm
               _23RESULTS   0x0002c8    program     static /Users/mreiter/Desktop/AER201/botL.X/main.asm
               _24RESULTS   0x0002da    program     static /Users/mreiter/Desktop/AER201/botL.X/main.asm
                CHECK_RED   0x0002e6    program     static /Users/mreiter/Desktop/AER201/botL.X/main.asm
               _25RESULTS   0x0002f4    program     static /Users/mreiter/Desktop/AER201/botL.X/main.asm
               _26RESULTS   0x000306    program     static /Users/mreiter/Desktop/AER201/botL.X/main.asm
               _27RESULTS   0x000318    program     static /Users/mreiter/Desktop/AER201/botL.X/main.asm
              CHECK_GREEN   0x000324    program     static /Users/mreiter/Desktop/AER201/botL.X/main.asm
               _28RESULTS   0x000332    program     static /Users/mreiter/Desktop/AER201/botL.X/main.asm
               _29RESULTS   0x000344    program     static /Users/mreiter/Desktop/AER201/botL.X/main.asm
               _30RESULTS   0x000356    program     static /Users/mreiter/Desktop/AER201/botL.X/main.asm
               CHECK_BLUE   0x000362    program     static /Users/mreiter/Desktop/AER201/botL.X/main.asm
               _31RESULTS   0x000370    program     static /Users/mreiter/Desktop/AER201/botL.X/main.asm
               _32RESULTS   0x000382    program     static /Users/mreiter/Desktop/AER201/botL.X/main.asm
               _33RESULTS   0x000394    program     static /Users/mreiter/Desktop/AER201/botL.X/main.asm
                  LOOPING   0x0003a0    program     static /Users/mreiter/Desktop/AER201/botL.X/main.asm
              COLOUR_TEST   0x0003a0    program     static /Users/mreiter/Desktop/AER201/botL.X/main.asm
                  _34loop   0x0003a4    program     static /Users/mreiter/Desktop/AER201/botL.X/main.asm
                EXECUTION   0x000428    program     static /Users/mreiter/Desktop/AER201/botL.X/main.asm
                  _44loop   0x000442    program     static /Users/mreiter/Desktop/AER201/botL.X/main.asm
                 HOLD_EXE   0x00046a    program     static /Users/mreiter/Desktop/AER201/botL.X/main.asm
                  _45Next   0x000476    program     static /Users/mreiter/Desktop/AER201/botL.X/main.asm
                  _45Exit   0x000482    program     static /Users/mreiter/Desktop/AER201/botL.X/main.asm
                 EXIT_EXE   0x000486    program     static /Users/mreiter/Desktop/AER201/botL.X/main.asm
             _.org_2_0496   0x000496    program     static /Users/mreiter/Desktop/AER201/botL.X/main.asm
             _.org_2_04AE   0x0004ae    program     static /Users/mreiter/Desktop/AER201/botL.X/main.asm
             _.org_2_04C4   0x0004c4    program     static /Users/mreiter/Desktop/AER201/botL.X/main.asm
             _.org_2_04DC   0x0004dc    program     static /Users/mreiter/Desktop/AER201/botL.X/main.asm
                 SaveData   0x0004ee    program     static /Users/mreiter/Desktop/AER201/botL.X/main.asm
                  _48loop   0x000502    program     static /Users/mreiter/Desktop/AER201/botL.X/main.asm
                ShiftLoop   0x000520    program     static /Users/mreiter/Desktop/AER201/botL.X/main.asm
             _.org_2_0546   0x000546    program     static /Users/mreiter/Desktop/AER201/botL.X/main.asm
             _.org_2_055E   0x00055e    program     static /Users/mreiter/Desktop/AER201/botL.X/main.asm
             _.org_2_0596   0x000596    program     static /Users/mreiter/Desktop/AER201/botL.X/main.asm
             _.org_2_05AE   0x0005ae    program     static /Users/mreiter/Desktop/AER201/botL.X/main.asm
             _.org_2_05C4   0x0005c4    program     static /Users/mreiter/Desktop/AER201/botL.X/main.asm
             _.org_2_05DC   0x0005dc    program     static /Users/mreiter/Desktop/AER201/botL.X/main.asm
                      LOG   0x0005e8    program     static /Users/mreiter/Desktop/AER201/botL.X/main.asm
                  _53loop   0x0005fc    program     static /Users/mreiter/Desktop/AER201/botL.X/main.asm
                 HOLD_LOG   0x000640    program     static /Users/mreiter/Desktop/AER201/botL.X/main.asm
                  _56Next   0x00064c    program     static /Users/mreiter/Desktop/AER201/botL.X/main.asm
                  _56Exit   0x000658    program     static /Users/mreiter/Desktop/AER201/botL.X/main.asm
                  _57Next   0x000662    program     static /Users/mreiter/Desktop/AER201/botL.X/main.asm
                  _57Exit   0x00066e    program     static /Users/mreiter/Desktop/AER201/botL.X/main.asm
                 LOG_INFO   0x000672    program     static /Users/mreiter/Desktop/AER201/botL.X/main.asm
                  _58loop   0x000686    program     static /Users/mreiter/Desktop/AER201/botL.X/main.asm
                  _59loop   0x0006a4    program     static /Users/mreiter/Desktop/AER201/botL.X/main.asm
                  _62loop   0x0006e0    program     static /Users/mreiter/Desktop/AER201/botL.X/main.asm
                 _60Again   0x0006ee    program     static /Users/mreiter/Desktop/AER201/botL.X/main.asm
            HOLD_LOG_INFO   0x000710    program     static /Users/mreiter/Desktop/AER201/botL.X/main.asm
                _60Finish   0x000710    program     static /Users/mreiter/Desktop/AER201/botL.X/main.asm
                  _64Next   0x00071c    program     static /Users/mreiter/Desktop/AER201/botL.X/main.asm
                  _64Exit   0x000728    program     static /Users/mreiter/Desktop/AER201/botL.X/main.asm
                 PERM_LOG   0x00072c    program     static /Users/mreiter/Desktop/AER201/botL.X/main.asm
                  _65loop   0x000740    program     static /Users/mreiter/Desktop/AER201/botL.X/main.asm
                  _66loop   0x00075e    program     static /Users/mreiter/Desktop/AER201/botL.X/main.asm
            HOLD_PERM_LOG   0x000768    program     static /Users/mreiter/Desktop/AER201/botL.X/main.asm
                  _67Next   0x000774    program     static /Users/mreiter/Desktop/AER201/botL.X/main.asm
                  _67Exit   0x000780    program     static /Users/mreiter/Desktop/AER201/botL.X/main.asm
                  _68Next   0x00078a    program     static /Users/mreiter/Desktop/AER201/botL.X/main.asm
                  _68Exit   0x000796    program     static /Users/mreiter/Desktop/AER201/botL.X/main.asm
                  _69Next   0x0007a0    program     static /Users/mreiter/Desktop/AER201/botL.X/main.asm
                  _69Exit   0x0007ac    program     static /Users/mreiter/Desktop/AER201/botL.X/main.asm
                  _70Next   0x0007b6    program     static /Users/mreiter/Desktop/AER201/botL.X/main.asm
                  _70Exit   0x0007c2    program     static /Users/mreiter/Desktop/AER201/botL.X/main.asm
                  _71Next   0x0007cc    program     static /Users/mreiter/Desktop/AER201/botL.X/main.asm
                  _71Exit   0x0007d8    program     static /Users/mreiter/Desktop/AER201/botL.X/main.asm
                  _72Next   0x0007e2    program     static /Users/mreiter/Desktop/AER201/botL.X/main.asm
                  _72Exit   0x0007ee    program     static /Users/mreiter/Desktop/AER201/botL.X/main.asm
                  _73Next   0x0007f8    program     static /Users/mreiter/Desktop/AER201/botL.X/main.asm
                  _73Exit   0x000804    program     static /Users/mreiter/Desktop/AER201/botL.X/main.asm
                  _74Next   0x00080e    program     static /Users/mreiter/Desktop/AER201/botL.X/main.asm
                  _74Exit   0x00081a    program     static /Users/mreiter/Desktop/AER201/botL.X/main.asm
                  _75Next   0x000824    program     static /Users/mreiter/Desktop/AER201/botL.X/main.asm
                  _75Exit   0x000830    program     static /Users/mreiter/Desktop/AER201/botL.X/main.asm
                  _76Next   0x00083a    program     static /Users/mreiter/Desktop/AER201/botL.X/main.asm
                  _76Exit   0x000846    program     static /Users/mreiter/Desktop/AER201/botL.X/main.asm
                     PLOG   0x00084a    program     static /Users/mreiter/Desktop/AER201/botL.X/main.asm
                  _77loop   0x00085e    program     static /Users/mreiter/Desktop/AER201/botL.X/main.asm
               displayNum   0x000884    program     static /Users/mreiter/Desktop/AER201/botL.X/main.asm
                HOLD_PLOG   0x0008de    program     static /Users/mreiter/Desktop/AER201/botL.X/main.asm
                  _80Next   0x0008ea    program     static /Users/mreiter/Desktop/AER201/botL.X/main.asm
                  _80Exit   0x0008f6    program     static /Users/mreiter/Desktop/AER201/botL.X/main.asm
                  PC_MODE   0x0008fa    program     static /Users/mreiter/Desktop/AER201/botL.X/main.asm
                  _81loop   0x00090e    program     static /Users/mreiter/Desktop/AER201/botL.X/main.asm
                  _82loop   0x00092c    program     static /Users/mreiter/Desktop/AER201/botL.X/main.asm
                  HOLD_PC   0x000942    program     static /Users/mreiter/Desktop/AER201/botL.X/main.asm
                  _83Next   0x00094e    program     static /Users/mreiter/Desktop/AER201/botL.X/main.asm
                  _83Exit   0x00095a    program     static /Users/mreiter/Desktop/AER201/botL.X/main.asm
                  _84Next   0x000964    program     static /Users/mreiter/Desktop/AER201/botL.X/main.asm
                  _84Exit   0x000970    program     static /Users/mreiter/Desktop/AER201/botL.X/main.asm
              PC_TRANSFER   0x000974    program     static /Users/mreiter/Desktop/AER201/botL.X/main.asm
                  _85loop   0x00098a    program     static /Users/mreiter/Desktop/AER201/botL.X/main.asm
                 RTC_INIT   0x000998    program     static /Users/mreiter/Desktop/AER201/botL.X/main.asm
                SAVE_TIME   0x0009a6    program     static /Users/mreiter/Desktop/AER201/botL.X/main.asm
              DISPLAY_RTC   0x000a02    program     static /Users/mreiter/Desktop/AER201/botL.X/main.asm
                 SET_TIME   0x000ad0    program     static /Users/mreiter/Desktop/AER201/botL.X/main.asm
                del_loop0   0x000ad6    program     static /Users/mreiter/Desktop/AER201/botL.X/main.asm
               INIT_USART   0x000b38    program     static /Users/mreiter/Desktop/AER201/botL.X/main.asm
                 Delay5us   0x000b48    program     static /Users/mreiter/Desktop/AER201/botL.X/main.asm
                  loop5us   0x000b4c    program     static /Users/mreiter/Desktop/AER201/botL.X/main.asm
               Delay200us   0x000b56    program     static /Users/mreiter/Desktop/AER201/botL.X/main.asm
                loop200us   0x000b5a    program     static /Users/mreiter/Desktop/AER201/botL.X/main.asm
                Delay50ms   0x000b64    program     static /Users/mreiter/Desktop/AER201/botL.X/main.asm
                 loop50ms   0x000b68    program     static /Users/mreiter/Desktop/AER201/botL.X/main.asm
                   Cycles   0x000b6e    program     static /Users/mreiter/Desktop/AER201/botL.X/main.asm
              WriteEE_RTC   0x000b78    program     static /Users/mreiter/Desktop/AER201/botL.X/main.asm
             _.org_2_0B86   0x000b86    program     static /Users/mreiter/Desktop/AER201/botL.X/main.asm
             _.org_2_0B9E   0x000b9e    program     static /Users/mreiter/Desktop/AER201/botL.X/main.asm
             _.org_2_0BB4   0x000bb4    program     static /Users/mreiter/Desktop/AER201/botL.X/main.asm
             _.org_2_0BCC   0x000bcc    program     static /Users/mreiter/Desktop/AER201/botL.X/main.asm
           ClearEEPROM_21   0x000bd6    program     static /Users/mreiter/Desktop/AER201/botL.X/main.asm
                ClearNext   0x000bde    program     static /Users/mreiter/Desktop/AER201/botL.X/main.asm
             _.org_2_0BEC   0x000bec    program     static /Users/mreiter/Desktop/AER201/botL.X/main.asm
             _.org_2_0C04   0x000c04    program     static /Users/mreiter/Desktop/AER201/botL.X/main.asm
                 READ_KEY   0x000c1c    program     static /Users/mreiter/Desktop/AER201/botL.X/main.asm
             _.org_2_0C2A   0x000c2a    program     static /Users/mreiter/Desktop/AER201/botL.X/main.asm
            READ_KEY_TIME   0x000c30    program     static /Users/mreiter/Desktop/AER201/botL.X/main.asm
             _.org_2_0C46   0x000c46    program     static /Users/mreiter/Desktop/AER201/botL.X/main.asm
           DisplayExeTime   0x000c4c    program     static /Users/mreiter/Desktop/AER201/botL.X/main.asm
                 _109loop   0x000c76    program     static /Users/mreiter/Desktop/AER201/botL.X/main.asm
        NoSkipDispExeTime   0x000c8a    program     static /Users/mreiter/Desktop/AER201/botL.X/main.asm
          SkipDispExeTime   0x000cca    program     static /Users/mreiter/Desktop/AER201/botL.X/main.asm
                DispOpRTC   0x000ccc    program     static /Users/mreiter/Desktop/AER201/botL.X/main.asm
                 _111loop   0x000cfa    program     static /Users/mreiter/Desktop/AER201/botL.X/main.asm
          NoSkipDispOpRTC   0x000d0c    program     static /Users/mreiter/Desktop/AER201/botL.X/main.asm
            SkipDispOpRTC   0x000d6e    program     static /Users/mreiter/Desktop/AER201/botL.X/main.asm
         DispOpRTC_Helper   0x000d70    program     static /Users/mreiter/Desktop/AER201/botL.X/main.asm
                  Welcome   0x000daa    program     static /Users/mreiter/Desktop/AER201/botL.X/main.asm
                     Team   0x000db0    program     static /Users/mreiter/Desktop/AER201/botL.X/main.asm
                  StandBy   0x000dba    program     static /Users/mreiter/Desktop/AER201/botL.X/main.asm
                     Log1   0x000dc2    program     static /Users/mreiter/Desktop/AER201/botL.X/main.asm
                     Log2   0x000dc8    program     static /Users/mreiter/Desktop/AER201/botL.X/main.asm
                 LogInfo1   0x000dd6    program     static /Users/mreiter/Desktop/AER201/botL.X/main.asm
                 LogInfo2   0x000dde    program     static /Users/mreiter/Desktop/AER201/botL.X/main.asm
                 PermLog1   0x000de8    program     static /Users/mreiter/Desktop/AER201/botL.X/main.asm
                 PermLog2   0x000df8    program     static /Users/mreiter/Desktop/AER201/botL.X/main.asm
                     Exe1   0x000e04    program     static /Users/mreiter/Desktop/AER201/botL.X/main.asm
                     Exe2   0x000e10    program     static /Users/mreiter/Desktop/AER201/botL.X/main.asm
                      PC1   0x000e18    program     static /Users/mreiter/Desktop/AER201/botL.X/main.asm
                      PC2   0x000e26    program     static /Users/mreiter/Desktop/AER201/botL.X/main.asm
               PCTransfer   0x000e30    program     static /Users/mreiter/Desktop/AER201/botL.X/main.asm
                  Stopped   0x000e40    program     static /Users/mreiter/Desktop/AER201/botL.X/main.asm
                 Exe_Time   0x000e48    program     static /Users/mreiter/Desktop/AER201/botL.X/main.asm
                     SAVE   0x000e50    program     static /Users/mreiter/Desktop/AER201/botL.X/main.asm
                   Safety   0x000e5a    program     static /Users/mreiter/Desktop/AER201/botL.X/main.asm
                   NoData   0x000e6a    program     static /Users/mreiter/Desktop/AER201/botL.X/main.asm
                   PCLog1   0x000e6e    program     static /Users/mreiter/Desktop/AER201/botL.X/main.asm
                  InitLCD   0x000e7e    program     extern /Users/mreiter/Desktop/AER201/botL.X/lcd.asm
                   WR_INS   0x000ed6    program     extern /Users/mreiter/Desktop/AER201/botL.X/lcd.asm
                  WR_DATA   0x000ef2    program     extern /Users/mreiter/Desktop/AER201/botL.X/lcd.asm
                   WrtLCD   0x000f14    program     extern /Users/mreiter/Desktop/AER201/botL.X/lcd.asm
                   ClrLCD   0x000f2a    program     extern /Users/mreiter/Desktop/AER201/botL.X/lcd.asm
                   ClkLCD   0x000f38    program     extern /Users/mreiter/Desktop/AER201/botL.X/lcd.asm
              _.code_00C6   0x000f44    program     static /Users/mreiter/Desktop/AER201/botL.X/lcd.asm
                   LCD_L1   0x000f4a    program     extern /Users/mreiter/Desktop/AER201/botL.X/lcd.asm
                   LCD_L2   0x000f52    program     extern /Users/mreiter/Desktop/AER201/botL.X/lcd.asm
                   MovMSB   0x000f5a    program     static /Users/mreiter/Desktop/AER201/botL.X/lcd.asm
             lcdLongDelay   0x000f64    program     static /Users/mreiter/Desktop/AER201/botL.X/lcd.asm
                 LLD_LOOP   0x000f68    program     static /Users/mreiter/Desktop/AER201/botL.X/lcd.asm
              _.code_00F0   0x000f6e    program     static /Users/mreiter/Desktop/AER201/botL.X/lcd.asm
                delay44us   0x000f7a    program     static /Users/mreiter/Desktop/AER201/botL.X/lcd.asm
            Delay44usLoop   0x000f7e    program     static /Users/mreiter/Desktop/AER201/botL.X/lcd.asm
                 delay5ms   0x000f86    program     extern /Users/mreiter/Desktop/AER201/botL.X/lcd.asm
             Delay5msLoop   0x000f8e    program     static /Users/mreiter/Desktop/AER201/botL.X/lcd.asm
                       d2   0x000f96    program     static /Users/mreiter/Desktop/AER201/botL.X/lcd.asm
         i2c_common_setup   0x000f9c    program     extern /Users/mreiter/Desktop/AER201/botL.X/i2c_common.asm
              _.code_001A   0x000fb6    program     static /Users/mreiter/Desktop/AER201/botL.X/i2c_common.asm
                write_rtc   0x000fbc    program     extern /Users/mreiter/Desktop/AER201/botL.X/i2c_common.asm
              _.code_0028   0x000fc4    program     static /Users/mreiter/Desktop/AER201/botL.X/i2c_common.asm
              _.code_0030   0x000fcc    program     static /Users/mreiter/Desktop/AER201/botL.X/i2c_common.asm
              _.code_0036   0x000fd2    program     static /Users/mreiter/Desktop/AER201/botL.X/i2c_common.asm
              _.code_0044   0x000fe0    program     static /Users/mreiter/Desktop/AER201/botL.X/i2c_common.asm
              _.code_004A   0x000fe6    program     static /Users/mreiter/Desktop/AER201/botL.X/i2c_common.asm
              _.code_0058   0x000ff4    program     static /Users/mreiter/Desktop/AER201/botL.X/i2c_common.asm
              _.code_005E   0x000ffa    program     static /Users/mreiter/Desktop/AER201/botL.X/i2c_common.asm
              WR_ERR1_RTC   0x001008    program     static /Users/mreiter/Desktop/AER201/botL.X/i2c_common.asm
              WR_ERR2_RTC   0x001012    program     static /Users/mreiter/Desktop/AER201/botL.X/i2c_common.asm
              WR_ERR3_RTC   0x00101e    program     static /Users/mreiter/Desktop/AER201/botL.X/i2c_common.asm
               WR_END_RTC   0x001028    program     static /Users/mreiter/Desktop/AER201/botL.X/i2c_common.asm
              _.code_0090   0x00102c    program     static /Users/mreiter/Desktop/AER201/botL.X/i2c_common.asm
                 read_rtc   0x001032    program     extern /Users/mreiter/Desktop/AER201/botL.X/i2c_common.asm
              _.code_009E   0x00103a    program     static /Users/mreiter/Desktop/AER201/botL.X/i2c_common.asm
              _.code_00A6   0x001042    program     static /Users/mreiter/Desktop/AER201/botL.X/i2c_common.asm
              _.code_00AC   0x001048    program     static /Users/mreiter/Desktop/AER201/botL.X/i2c_common.asm
              _.code_00BA   0x001056    program     static /Users/mreiter/Desktop/AER201/botL.X/i2c_common.asm
              _.code_00C0   0x00105c    program     static /Users/mreiter/Desktop/AER201/botL.X/i2c_common.asm
              _.code_00CE   0x00106a    program     static /Users/mreiter/Desktop/AER201/botL.X/i2c_common.asm
              _.code_00D6   0x001072    program     static /Users/mreiter/Desktop/AER201/botL.X/i2c_common.asm
              _.code_00DC   0x001078    program     static /Users/mreiter/Desktop/AER201/botL.X/i2c_common.asm
              _.code_00EA   0x001086    program     static /Users/mreiter/Desktop/AER201/botL.X/i2c_common.asm
                  _waitl0   0x001092    program     static /Users/mreiter/Desktop/AER201/botL.X/i2c_common.asm
              RD_ERR1_RTC   0x00109c    program     static /Users/mreiter/Desktop/AER201/botL.X/i2c_common.asm
              RD_ERR2_RTC   0x0010a6    program     static /Users/mreiter/Desktop/AER201/botL.X/i2c_common.asm
              RD_ERR3_RTC   0x0010b0    program     static /Users/mreiter/Desktop/AER201/botL.X/i2c_common.asm
               RD_END_RTC   0x0010ba    program     static /Users/mreiter/Desktop/AER201/botL.X/i2c_common.asm
              _.code_0122   0x0010be    program     static /Users/mreiter/Desktop/AER201/botL.X/i2c_common.asm
              rtc_convert   0x0010c4    program     extern /Users/mreiter/Desktop/AER201/botL.X/i2c_common.asm
          READ_COLOUR_I2C   0x0010d8    program     extern /Users/mreiter/Desktop/AER201/botL.X/i2c_common.asm
              _.code_0144   0x0010e0    program     static /Users/mreiter/Desktop/AER201/botL.X/i2c_common.asm
              _.code_014C   0x0010e8    program     static /Users/mreiter/Desktop/AER201/botL.X/i2c_common.asm
              _.code_0152   0x0010ee    program     static /Users/mreiter/Desktop/AER201/botL.X/i2c_common.asm
              _.code_0164   0x001100    program     static /Users/mreiter/Desktop/AER201/botL.X/i2c_common.asm
              _.code_016A   0x001106    program     static /Users/mreiter/Desktop/AER201/botL.X/i2c_common.asm
              _.code_0178   0x001114    program     static /Users/mreiter/Desktop/AER201/botL.X/i2c_common.asm
              _.code_0180   0x00111c    program     static /Users/mreiter/Desktop/AER201/botL.X/i2c_common.asm
              _.code_0186   0x001122    program     static /Users/mreiter/Desktop/AER201/botL.X/i2c_common.asm
              _.code_0194   0x001130    program     static /Users/mreiter/Desktop/AER201/botL.X/i2c_common.asm
                  _waitl1   0x00113c    program     static /Users/mreiter/Desktop/AER201/botL.X/i2c_common.asm
                  RD_ERR1   0x001146    program     static /Users/mreiter/Desktop/AER201/botL.X/i2c_common.asm
                  RD_ERR2   0x001150    program     static /Users/mreiter/Desktop/AER201/botL.X/i2c_common.asm
                  RD_ERR3   0x00115a    program     static /Users/mreiter/Desktop/AER201/botL.X/i2c_common.asm
                   RD_END   0x001164    program     static /Users/mreiter/Desktop/AER201/botL.X/i2c_common.asm
              _.code_01CC   0x001168    program     static /Users/mreiter/Desktop/AER201/botL.X/i2c_common.asm
         WRITE_COLOUR_I2C   0x00116e    program     extern /Users/mreiter/Desktop/AER201/botL.X/i2c_common.asm
              _.code_01DA   0x001176    program     static /Users/mreiter/Desktop/AER201/botL.X/i2c_common.asm
              _.code_01E2   0x00117e    program     static /Users/mreiter/Desktop/AER201/botL.X/i2c_common.asm
              _.code_01E8   0x001184    program     static /Users/mreiter/Desktop/AER201/botL.X/i2c_common.asm
              _.code_01FA   0x001196    program     static /Users/mreiter/Desktop/AER201/botL.X/i2c_common.asm
              _.code_0200   0x00119c    program     static /Users/mreiter/Desktop/AER201/botL.X/i2c_common.asm
              _.code_0210   0x0011ac    program     static /Users/mreiter/Desktop/AER201/botL.X/i2c_common.asm
              _.code_0216   0x0011b2    program     static /Users/mreiter/Desktop/AER201/botL.X/i2c_common.asm
                  WR_ERR1   0x0011c0    program     static /Users/mreiter/Desktop/AER201/botL.X/i2c_common.asm
                  WR_ERR2   0x0011ca    program     static /Users/mreiter/Desktop/AER201/botL.X/i2c_common.asm
                  WR_ERR3   0x0011d6    program     static /Users/mreiter/Desktop/AER201/botL.X/i2c_common.asm
                   WR_END   0x0011e0    program     static /Users/mreiter/Desktop/AER201/botL.X/i2c_common.asm
              _.code_0248   0x0011e4    program     static /Users/mreiter/Desktop/AER201/botL.X/i2c_common.asm
                I2C_ACKDT   0x0011ea    program     extern /Users/mreiter/Desktop/AER201/botL.X/i2c.asm
                CHECK_ACK   0x0011ea    program     extern /Users/mreiter/Desktop/AER201/botL.X/i2c.asm
                 I2C_temp   0x0011ea    program     static /Users/mreiter/Desktop/AER201/botL.X/i2c.asm
               CHECK_NACK   0x0011ee    program     extern /Users/mreiter/Desktop/AER201/botL.X/i2c.asm
                TEST_NACK   0x0011f2    program     static /Users/mreiter/Desktop/AER201/botL.X/i2c.asm
          I2C_Master_INIT   0x0011fa    program     extern /Users/mreiter/Desktop/AER201/botL.X/i2c.asm
          I2C_Master_WAIT   0x00120c    program     extern /Users/mreiter/Desktop/AER201/botL.X/i2c.asm
                     WAIT   0x00120c    program     static /Users/mreiter/Desktop/AER201/botL.X/i2c.asm
         I2C_Master_START   0x00121c    program     extern /Users/mreiter/Desktop/AER201/botL.X/i2c.asm
        I2C_Master_RSTART   0x001224    program     extern /Users/mreiter/Desktop/AER201/botL.X/i2c.asm
          I2C_Master_STOP   0x00122c    program     extern /Users/mreiter/Desktop/AER201/botL.X/i2c.asm
         I2C_Master_WRITE   0x001234    program     extern /Users/mreiter/Desktop/AER201/botL.X/i2c.asm
                  HOLD_UP   0x00123a    program     static /Users/mreiter/Desktop/AER201/botL.X/i2c.asm
          I2C_Master_READ   0x001242    program     extern /Users/mreiter/Desktop/AER201/botL.X/i2c.asm
                     LOOP   0x001248    program     static /Users/mreiter/Desktop/AER201/botL.X/i2c.asm
           I2C_Master_ACK   0x001250    program     extern /Users/mreiter/Desktop/AER201/botL.X/i2c.asm
                 TEST_ACK   0x001254    program     static /Users/mreiter/Desktop/AER201/botL.X/i2c.asm
               regaddress   0x000080       data     extern /Users/mreiter/Desktop/AER201/botL.X/i2c_common.asm
                 databyte   0x000081       data     extern /Users/mreiter/Desktop/AER201/botL.X/i2c_common.asm
                 datachar   0x000082       data     extern /Users/mreiter/Desktop/AER201/botL.X/i2c_common.asm
             data_colourL   0x000083       data     extern /Users/mreiter/Desktop/AER201/botL.X/i2c_common.asm
             data_colourH   0x000084       data     extern /Users/mreiter/Desktop/AER201/botL.X/i2c_common.asm
               tens_digit   0x000085       data     extern /Users/mreiter/Desktop/AER201/botL.X/i2c_common.asm
               ones_digit   0x000086       data     extern /Users/mreiter/Desktop/AER201/botL.X/i2c_common.asm
           convert_buffer   0x000087       data     extern /Users/mreiter/Desktop/AER201/botL.X/i2c_common.asm
                  d50ms_C   0x000088       data     extern /Users/mreiter/Desktop/AER201/botL.X/i2c_common.asm
                 d200us_C   0x000089       data     extern /Users/mreiter/Desktop/AER201/botL.X/i2c_common.asm


