MPLINK 5.08, LINKER
Linker Map File - Created Fri Apr  7 19:09:46 2017

                                 Section Info
                  Section       Type    Address   Location Size(Bytes)
                ---------  ---------  ---------  ---------  ---------
                   .org_0       code   0x000000    program   0x000004
                   .cinit    romdata   0x000004    program   0x000002
                   .org_1       code   0x000008    program   0x000004
                   .org_2       code   0x000018    program   0x00105c
                    .code       code   0x001074    program   0x00053e
.config_300001_BUILD/DEFAULT/PRODUCTION/MAIN.O    romdata   0x300001    program   0x000001
.config_300002_BUILD/DEFAULT/PRODUCTION/MAIN.O    romdata   0x300002    program   0x000001
.config_300003_BUILD/DEFAULT/PRODUCTION/MAIN.O    romdata   0x300003    program   0x000001
.config_300005_BUILD/DEFAULT/PRODUCTION/MAIN.O    romdata   0x300005    program   0x000001
.config_300006_BUILD/DEFAULT/PRODUCTION/MAIN.O    romdata   0x300006    program   0x000001
.config_300008_BUILD/DEFAULT/PRODUCTION/MAIN.O    romdata   0x300008    program   0x000001
.config_300009_BUILD/DEFAULT/PRODUCTION/MAIN.O    romdata   0x300009    program   0x000001
.config_30000A_BUILD/DEFAULT/PRODUCTION/MAIN.O    romdata   0x30000a    program   0x000001
.config_30000B_BUILD/DEFAULT/PRODUCTION/MAIN.O    romdata   0x30000b    program   0x000001
.config_30000C_BUILD/DEFAULT/PRODUCTION/MAIN.O    romdata   0x30000c    program   0x000001
.config_30000D_BUILD/DEFAULT/PRODUCTION/MAIN.O    romdata   0x30000d    program   0x000001
               .udata_acs      udata   0x000060       data   0x000006



                              Program Memory Usage 
                               Start         End      
                           ---------   ---------      
                            0x000000    0x000005      
                            0x000008    0x00000b      
                            0x000018    0x0015b1      
                            0x300001    0x300003      
                            0x300005    0x300006      
                            0x300008    0x30000d      
            5551 out of 66584 program addresses used, program memory utilization is 8%



                              Symbols - Sorted by Name
                     Name    Address   Location    Storage File                     
                ---------  ---------  ---------  --------- ---------                
                CHECK_ACK   0x001542    program     extern /Users/mreiter/Desktop/AER201/botL.X/i2c.asm
               CHECK_DONE   0x0003f6    program     static /Users/mreiter/Desktop/AER201/botL.X/main.asm
               CHECK_NACK   0x001546    program     extern /Users/mreiter/Desktop/AER201/botL.X/i2c.asm
            CHECK_TIMEOUT   0x00036a    program     static /Users/mreiter/Desktop/AER201/botL.X/main.asm
              COLOUR_TEST   0x0002d2    program     static /Users/mreiter/Desktop/AER201/botL.X/main.asm
           ClearEEPROM_21   0x000dc4    program     static /Users/mreiter/Desktop/AER201/botL.X/main.asm
                ClearNext   0x000dcc    program     static /Users/mreiter/Desktop/AER201/botL.X/main.asm
                   ClkLCD   0x00126e    program     extern /Users/mreiter/Desktop/AER201/botL.X/lcd.asm
                   ClrLCD   0x001260    program     extern /Users/mreiter/Desktop/AER201/botL.X/lcd.asm
                   Cycles   0x000d5c    program     static /Users/mreiter/Desktop/AER201/botL.X/main.asm
               DETECTIONS   0x00037a    program     static /Users/mreiter/Desktop/AER201/botL.X/main.asm
              DISPLAY_RTC   0x000b54    program     static /Users/mreiter/Desktop/AER201/botL.X/main.asm
                DataUSART   0x000caa    program     static /Users/mreiter/Desktop/AER201/botL.X/main.asm
               Delay200us   0x000d44    program     static /Users/mreiter/Desktop/AER201/botL.X/main.asm
            Delay44usLoop   0x0012c0    program     static /Users/mreiter/Desktop/AER201/botL.X/lcd.asm
                Delay50ms   0x000d52    program     static /Users/mreiter/Desktop/AER201/botL.X/main.asm
             Delay5msLoop   0x0012d0    program     static /Users/mreiter/Desktop/AER201/botL.X/lcd.asm
                 Delay5us   0x000d36    program     static /Users/mreiter/Desktop/AER201/botL.X/main.asm
                DispOpRTC   0x000f9c    program     static /Users/mreiter/Desktop/AER201/botL.X/main.asm
         DispOpRTC_Helper   0x00103a    program     static /Users/mreiter/Desktop/AER201/botL.X/main.asm
               DispOpSort   0x000ec4    program     static /Users/mreiter/Desktop/AER201/botL.X/main.asm
           DisplayExeTime   0x000e32    program     static /Users/mreiter/Desktop/AER201/botL.X/main.asm
             END_ISR_HIGH   0x0000b8    program     static /Users/mreiter/Desktop/AER201/botL.X/main.asm
              END_ISR_LOW   0x000104    program     static /Users/mreiter/Desktop/AER201/botL.X/main.asm
                EXECUTION   0x000306    program     static /Users/mreiter/Desktop/AER201/botL.X/main.asm
                 EXIT_EXE   0x000430    program     static /Users/mreiter/Desktop/AER201/botL.X/main.asm
                     Exe1   0x001132    program     static /Users/mreiter/Desktop/AER201/botL.X/main.asm
                     Exe2   0x00113e    program     static /Users/mreiter/Desktop/AER201/botL.X/main.asm
                 HOLD_LOG   0x00054c    program     static /Users/mreiter/Desktop/AER201/botL.X/main.asm
            HOLD_LOG_INFO   0x0005aa    program     static /Users/mreiter/Desktop/AER201/botL.X/main.asm
                  HOLD_PC   0x00083e    program     static /Users/mreiter/Desktop/AER201/botL.X/main.asm
            HOLD_PERM_LOG   0x000604    program     static /Users/mreiter/Desktop/AER201/botL.X/main.asm
                HOLD_PLOG   0x00077c    program     static /Users/mreiter/Desktop/AER201/botL.X/main.asm
        HOLD_PLOG_DETAILS   0x0007d8    program     static /Users/mreiter/Desktop/AER201/botL.X/main.asm
             HOLD_STANDBY   0x00025e    program     static /Users/mreiter/Desktop/AER201/botL.X/main.asm
                  HOLD_UP   0x001592    program     static /Users/mreiter/Desktop/AER201/botL.X/i2c.asm
                I2C_ACKDT   0x001542    program     extern /Users/mreiter/Desktop/AER201/botL.X/i2c.asm
           I2C_Master_ACK   0x0015a8    program     extern /Users/mreiter/Desktop/AER201/botL.X/i2c.asm
          I2C_Master_INIT   0x001552    program     extern /Users/mreiter/Desktop/AER201/botL.X/i2c.asm
          I2C_Master_READ   0x00159a    program     extern /Users/mreiter/Desktop/AER201/botL.X/i2c.asm
        I2C_Master_RSTART   0x00157c    program     extern /Users/mreiter/Desktop/AER201/botL.X/i2c.asm
         I2C_Master_START   0x001574    program     extern /Users/mreiter/Desktop/AER201/botL.X/i2c.asm
          I2C_Master_STOP   0x001584    program     extern /Users/mreiter/Desktop/AER201/botL.X/i2c.asm
          I2C_Master_WAIT   0x001564    program     extern /Users/mreiter/Desktop/AER201/botL.X/i2c.asm
         I2C_Master_WRITE   0x00158c    program     extern /Users/mreiter/Desktop/AER201/botL.X/i2c.asm
                 I2C_temp   0x001542    program     static /Users/mreiter/Desktop/AER201/botL.X/i2c.asm
              INC_ESKACAP   0x0003f2    program     static /Users/mreiter/Desktop/AER201/botL.X/main.asm
            INC_ESKANOCAP   0x0003ee    program     static /Users/mreiter/Desktop/AER201/botL.X/main.asm
               INC_YOPCAP   0x0003ea    program     static /Users/mreiter/Desktop/AER201/botL.X/main.asm
             INC_YOPNOCAP   0x0003e6    program     static /Users/mreiter/Desktop/AER201/botL.X/main.asm
                     INIT   0x00010e    program     static /Users/mreiter/Desktop/AER201/botL.X/main.asm
             INIT_ARDUINO   0x0014a8    program     extern /Users/mreiter/Desktop/AER201/botL.X/i2c_common.asm
                 INIT_RTC   0x0013bc    program     extern /Users/mreiter/Desktop/AER201/botL.X/i2c_common.asm
               INIT_USART   0x000c96    program     static /Users/mreiter/Desktop/AER201/botL.X/main.asm
                 ISR_HIGH   0x000038    program     static /Users/mreiter/Desktop/AER201/botL.X/main.asm
                  ISR_LOW   0x0000c2    program     static /Users/mreiter/Desktop/AER201/botL.X/main.asm
                  InitLCD   0x0011b2    program     extern /Users/mreiter/Desktop/AER201/botL.X/lcd.asm
                   LCD_L1   0x00128c    program     extern /Users/mreiter/Desktop/AER201/botL.X/lcd.asm
                   LCD_L2   0x001294    program     extern /Users/mreiter/Desktop/AER201/botL.X/lcd.asm
                 LLD_LOOP   0x0012aa    program     static /Users/mreiter/Desktop/AER201/botL.X/lcd.asm
            LOAD_EXE_TIME   0x00002a    program     static /Users/mreiter/Desktop/AER201/botL.X/main.asm
        LOAD_STANDBY_TIME   0x00001c    program     static /Users/mreiter/Desktop/AER201/botL.X/main.asm
                      LOG   0x000518    program     static /Users/mreiter/Desktop/AER201/botL.X/main.asm
                 LOG_INFO   0x00057e    program     static /Users/mreiter/Desktop/AER201/botL.X/main.asm
                     LOOP   0x0015a0    program     static /Users/mreiter/Desktop/AER201/botL.X/i2c.asm
                  LOOPING   0x0002dc    program     static /Users/mreiter/Desktop/AER201/botL.X/main.asm
                     Log1   0x0010d4    program     static /Users/mreiter/Desktop/AER201/botL.X/main.asm
                     Log2   0x0010da    program     static /Users/mreiter/Desktop/AER201/botL.X/main.asm
                 LogInfo1   0x0010e8    program     static /Users/mreiter/Desktop/AER201/botL.X/main.asm
                 LogInfo2   0x0010f0    program     static /Users/mreiter/Desktop/AER201/botL.X/main.asm
                   MovMSB   0x00129c    program     static /Users/mreiter/Desktop/AER201/botL.X/lcd.asm
                   NoData   0x0011ae    program     static /Users/mreiter/Desktop/AER201/botL.X/main.asm
        NoSkipDispExeTime   0x000e70    program     static /Users/mreiter/Desktop/AER201/botL.X/main.asm
          NoSkipDispOpRTC   0x000fd8    program     static /Users/mreiter/Desktop/AER201/botL.X/main.asm
         NoSkipDispOpSort   0x000f00    program     static /Users/mreiter/Desktop/AER201/botL.X/main.asm
                      PC1   0x001146    program     static /Users/mreiter/Desktop/AER201/botL.X/main.asm
                      PC2   0x00116a    program     static /Users/mreiter/Desktop/AER201/botL.X/main.asm
               PCComplete   0x00119a    program     static /Users/mreiter/Desktop/AER201/botL.X/main.asm
               PCTransfer   0x00118a    program     static /Users/mreiter/Desktop/AER201/botL.X/main.asm
                  PC_MODE   0x0007f4    program     static /Users/mreiter/Desktop/AER201/botL.X/main.asm
              PC_TRANSFER   0x000870    program     static /Users/mreiter/Desktop/AER201/botL.X/main.asm
                 PERM_LOG   0x0005c6    program     static /Users/mreiter/Desktop/AER201/botL.X/main.asm
                     PLOG   0x0006e6    program     static /Users/mreiter/Desktop/AER201/botL.X/main.asm
             PLOG_DETAILS   0x0007ae    program     static /Users/mreiter/Desktop/AER201/botL.X/main.asm
                 PermLog1   0x0010fa    program     static /Users/mreiter/Desktop/AER201/botL.X/main.asm
                 PermLog2   0x00110a    program     static /Users/mreiter/Desktop/AER201/botL.X/main.asm
             READ_ARDUINO   0x001500    program     extern /Users/mreiter/Desktop/AER201/botL.X/i2c_common.asm
          READ_COLOUR_I2C   0x0013fc    program     extern /Users/mreiter/Desktop/AER201/botL.X/i2c_common.asm
                 READ_KEY   0x000e0a    program     static /Users/mreiter/Desktop/AER201/botL.X/main.asm
            READ_KEY_TIME   0x000e1e    program     static /Users/mreiter/Desktop/AER201/botL.X/main.asm
                 RTC_INIT   0x000a1a    program     static /Users/mreiter/Desktop/AER201/botL.X/main.asm
                     SAVE   0x0011a4    program     static /Users/mreiter/Desktop/AER201/botL.X/main.asm
            SAVE_EXE_TIME   0x000a9e    program     static /Users/mreiter/Desktop/AER201/botL.X/main.asm
                SAVE_TIME   0x000a28    program     static /Users/mreiter/Desktop/AER201/botL.X/main.asm
                 SET_TIME   0x000c2e    program     static /Users/mreiter/Desktop/AER201/botL.X/main.asm
                  STANDBY   0x00020e    program     static /Users/mreiter/Desktop/AER201/botL.X/main.asm
                 SaveData   0x00089c    program     static /Users/mreiter/Desktop/AER201/botL.X/main.asm
                    Shift   0x001280    program     extern /Users/mreiter/Desktop/AER201/botL.X/lcd.asm
                ShiftLoop   0x0009b4    program     static /Users/mreiter/Desktop/AER201/botL.X/main.asm
          SkipDispExeTime   0x000ec2    program     static /Users/mreiter/Desktop/AER201/botL.X/main.asm
            SkipDispOpRTC   0x001038    program     static /Users/mreiter/Desktop/AER201/botL.X/main.asm
           SkipDispOpSort   0x000f9a    program     static /Users/mreiter/Desktop/AER201/botL.X/main.asm
                  StandBy   0x001084    program     static /Users/mreiter/Desktop/AER201/botL.X/main.asm
              StandbyInfo   0x0010ac    program     static /Users/mreiter/Desktop/AER201/botL.X/main.asm
                 TEST_ACK   0x0015ac    program     static /Users/mreiter/Desktop/AER201/botL.X/i2c.asm
                TEST_NACK   0x00154a    program     static /Users/mreiter/Desktop/AER201/botL.X/i2c.asm
            TRANSFER_DATA   0x000cc4    program     static /Users/mreiter/Desktop/AER201/botL.X/main.asm
            TRANSFER_LOGS   0x000cba    program     static /Users/mreiter/Desktop/AER201/botL.X/main.asm
                     Team   0x00107a    program     static /Users/mreiter/Desktop/AER201/botL.X/main.asm
               USART_LINE   0x000d28    program     static /Users/mreiter/Desktop/AER201/botL.X/main.asm
               USART_WAIT   0x000d1e    program     static /Users/mreiter/Desktop/AER201/botL.X/main.asm
                     WAIT   0x001564    program     static /Users/mreiter/Desktop/AER201/botL.X/i2c.asm
            WRITE_ARDUINO   0x0014cc    program     extern /Users/mreiter/Desktop/AER201/botL.X/i2c_common.asm
         WRITE_COLOUR_I2C   0x001460    program     extern /Users/mreiter/Desktop/AER201/botL.X/i2c_common.asm
                  WR_DATA   0x001226    program     extern /Users/mreiter/Desktop/AER201/botL.X/lcd.asm
                   WR_INS   0x00120a    program     extern /Users/mreiter/Desktop/AER201/botL.X/lcd.asm
                  Welcome   0x001074    program     static /Users/mreiter/Desktop/AER201/botL.X/main.asm
              WriteEE_RTC   0x000d66    program     static /Users/mreiter/Desktop/AER201/botL.X/main.asm
                   WrtLCD   0x00124a    program     extern /Users/mreiter/Desktop/AER201/botL.X/lcd.asm
              _.code_001C   0x0012fa    program     static /Users/mreiter/Desktop/AER201/botL.X/i2c_common.asm
              _.code_002A   0x001308    program     static /Users/mreiter/Desktop/AER201/botL.X/i2c_common.asm
              _.code_0032   0x001310    program     static /Users/mreiter/Desktop/AER201/botL.X/i2c_common.asm
              _.code_0038   0x001316    program     static /Users/mreiter/Desktop/AER201/botL.X/i2c_common.asm
              _.code_0042   0x001320    program     static /Users/mreiter/Desktop/AER201/botL.X/i2c_common.asm
              _.code_0048   0x001326    program     static /Users/mreiter/Desktop/AER201/botL.X/i2c_common.asm
              _.code_0052   0x001330    program     static /Users/mreiter/Desktop/AER201/botL.X/i2c_common.asm
              _.code_0058   0x001336    program     static /Users/mreiter/Desktop/AER201/botL.X/i2c_common.asm
              _.code_0060   0x00133e    program     static /Users/mreiter/Desktop/AER201/botL.X/i2c_common.asm
              _.code_006E   0x00134c    program     static /Users/mreiter/Desktop/AER201/botL.X/i2c_common.asm
              _.code_0076   0x001354    program     static /Users/mreiter/Desktop/AER201/botL.X/i2c_common.asm
              _.code_007C   0x00135a    program     static /Users/mreiter/Desktop/AER201/botL.X/i2c_common.asm
              _.code_0086   0x001364    program     static /Users/mreiter/Desktop/AER201/botL.X/i2c_common.asm
              _.code_008C   0x00136a    program     static /Users/mreiter/Desktop/AER201/botL.X/i2c_common.asm
              _.code_0094   0x001372    program     static /Users/mreiter/Desktop/AER201/botL.X/i2c_common.asm
              _.code_009C   0x00137a    program     static /Users/mreiter/Desktop/AER201/botL.X/i2c_common.asm
              _.code_00A2   0x001380    program     static /Users/mreiter/Desktop/AER201/botL.X/i2c_common.asm
              _.code_00AA   0x001388    program     static /Users/mreiter/Desktop/AER201/botL.X/i2c_common.asm
              _.code_00C2   0x0013a0    program     static /Users/mreiter/Desktop/AER201/botL.X/i2c_common.asm
              _.code_00C8   0x00127a    program     static /Users/mreiter/Desktop/AER201/botL.X/lcd.asm
              _.code_00E6   0x0013c4    program     static /Users/mreiter/Desktop/AER201/botL.X/i2c_common.asm
              _.code_00EE   0x0013cc    program     static /Users/mreiter/Desktop/AER201/botL.X/i2c_common.asm
              _.code_00F4   0x0013d2    program     static /Users/mreiter/Desktop/AER201/botL.X/i2c_common.asm
              _.code_00FC   0x0013da    program     static /Users/mreiter/Desktop/AER201/botL.X/i2c_common.asm
              _.code_00FE   0x0012b0    program     static /Users/mreiter/Desktop/AER201/botL.X/lcd.asm
              _.code_0102   0x0013e0    program     static /Users/mreiter/Desktop/AER201/botL.X/i2c_common.asm
              _.code_010A   0x0013e8    program     static /Users/mreiter/Desktop/AER201/botL.X/i2c_common.asm
              _.code_0110   0x0013ee    program     static /Users/mreiter/Desktop/AER201/botL.X/i2c_common.asm
              _.code_0118   0x0013f6    program     static /Users/mreiter/Desktop/AER201/botL.X/i2c_common.asm
              _.code_0126   0x001404    program     static /Users/mreiter/Desktop/AER201/botL.X/i2c_common.asm
              _.code_012E   0x00140c    program     static /Users/mreiter/Desktop/AER201/botL.X/i2c_common.asm
              _.code_0134   0x001412    program     static /Users/mreiter/Desktop/AER201/botL.X/i2c_common.asm
              _.code_0140   0x00141e    program     static /Users/mreiter/Desktop/AER201/botL.X/i2c_common.asm
              _.code_0146   0x001424    program     static /Users/mreiter/Desktop/AER201/botL.X/i2c_common.asm
              _.code_014E   0x00142c    program     static /Users/mreiter/Desktop/AER201/botL.X/i2c_common.asm
              _.code_0156   0x001434    program     static /Users/mreiter/Desktop/AER201/botL.X/i2c_common.asm
              _.code_015C   0x00143a    program     static /Users/mreiter/Desktop/AER201/botL.X/i2c_common.asm
              _.code_0164   0x001442    program     static /Users/mreiter/Desktop/AER201/botL.X/i2c_common.asm
              _.code_017C   0x00145a    program     static /Users/mreiter/Desktop/AER201/botL.X/i2c_common.asm
              _.code_018A   0x001468    program     static /Users/mreiter/Desktop/AER201/botL.X/i2c_common.asm
              _.code_0192   0x001470    program     static /Users/mreiter/Desktop/AER201/botL.X/i2c_common.asm
              _.code_0198   0x001476    program     static /Users/mreiter/Desktop/AER201/botL.X/i2c_common.asm
              _.code_01A4   0x001482    program     static /Users/mreiter/Desktop/AER201/botL.X/i2c_common.asm
              _.code_01AA   0x001488    program     static /Users/mreiter/Desktop/AER201/botL.X/i2c_common.asm
              _.code_01B6   0x001494    program     static /Users/mreiter/Desktop/AER201/botL.X/i2c_common.asm
              _.code_01BC   0x00149a    program     static /Users/mreiter/Desktop/AER201/botL.X/i2c_common.asm
              _.code_01C4   0x0014a2    program     static /Users/mreiter/Desktop/AER201/botL.X/i2c_common.asm
              _.code_01D2   0x0014b0    program     static /Users/mreiter/Desktop/AER201/botL.X/i2c_common.asm
              _.code_01DA   0x0014b8    program     static /Users/mreiter/Desktop/AER201/botL.X/i2c_common.asm
              _.code_01E0   0x0014be    program     static /Users/mreiter/Desktop/AER201/botL.X/i2c_common.asm
              _.code_01E8   0x0014c6    program     static /Users/mreiter/Desktop/AER201/botL.X/i2c_common.asm
              _.code_01F6   0x0014d4    program     static /Users/mreiter/Desktop/AER201/botL.X/i2c_common.asm
              _.code_01FE   0x0014dc    program     static /Users/mreiter/Desktop/AER201/botL.X/i2c_common.asm
              _.code_0204   0x0014e2    program     static /Users/mreiter/Desktop/AER201/botL.X/i2c_common.asm
              _.code_020E   0x0014ec    program     static /Users/mreiter/Desktop/AER201/botL.X/i2c_common.asm
              _.code_0214   0x0014f2    program     static /Users/mreiter/Desktop/AER201/botL.X/i2c_common.asm
              _.code_021C   0x0014fa    program     static /Users/mreiter/Desktop/AER201/botL.X/i2c_common.asm
              _.code_022A   0x001508    program     static /Users/mreiter/Desktop/AER201/botL.X/i2c_common.asm
              _.code_0232   0x001510    program     static /Users/mreiter/Desktop/AER201/botL.X/i2c_common.asm
              _.code_023A   0x001518    program     static /Users/mreiter/Desktop/AER201/botL.X/i2c_common.asm
              _.code_0240   0x00151e    program     static /Users/mreiter/Desktop/AER201/botL.X/i2c_common.asm
              _.code_0248   0x001526    program     static /Users/mreiter/Desktop/AER201/botL.X/i2c_common.asm
              _.code_025E   0x00153c    program     static /Users/mreiter/Desktop/AER201/botL.X/i2c_common.asm
             _.org_2_08B0   0x0008b0    program     static /Users/mreiter/Desktop/AER201/botL.X/main.asm
             _.org_2_08C8   0x0008c8    program     static /Users/mreiter/Desktop/AER201/botL.X/main.asm
             _.org_2_08E4   0x0008e4    program     static /Users/mreiter/Desktop/AER201/botL.X/main.asm
             _.org_2_08FC   0x0008fc    program     static /Users/mreiter/Desktop/AER201/botL.X/main.asm
             _.org_2_0918   0x000918    program     static /Users/mreiter/Desktop/AER201/botL.X/main.asm
             _.org_2_0930   0x000930    program     static /Users/mreiter/Desktop/AER201/botL.X/main.asm
             _.org_2_094C   0x00094c    program     static /Users/mreiter/Desktop/AER201/botL.X/main.asm
             _.org_2_0964   0x000964    program     static /Users/mreiter/Desktop/AER201/botL.X/main.asm
             _.org_2_0980   0x000980    program     static /Users/mreiter/Desktop/AER201/botL.X/main.asm
             _.org_2_0998   0x000998    program     static /Users/mreiter/Desktop/AER201/botL.X/main.asm
             _.org_2_09DA   0x0009da    program     static /Users/mreiter/Desktop/AER201/botL.X/main.asm
             _.org_2_09F2   0x0009f2    program     static /Users/mreiter/Desktop/AER201/botL.X/main.asm
             _.org_2_0ABA   0x000aba    program     static /Users/mreiter/Desktop/AER201/botL.X/main.asm
             _.org_2_0AD2   0x000ad2    program     static /Users/mreiter/Desktop/AER201/botL.X/main.asm
             _.org_2_0AF6   0x000af6    program     static /Users/mreiter/Desktop/AER201/botL.X/main.asm
             _.org_2_0B0E   0x000b0e    program     static /Users/mreiter/Desktop/AER201/botL.X/main.asm
             _.org_2_0B32   0x000b32    program     static /Users/mreiter/Desktop/AER201/botL.X/main.asm
             _.org_2_0B4A   0x000b4a    program     static /Users/mreiter/Desktop/AER201/botL.X/main.asm
             _.org_2_0D22   0x000d22    program     static /Users/mreiter/Desktop/AER201/botL.X/main.asm
             _.org_2_0D74   0x000d74    program     static /Users/mreiter/Desktop/AER201/botL.X/main.asm
             _.org_2_0D8C   0x000d8c    program     static /Users/mreiter/Desktop/AER201/botL.X/main.asm
             _.org_2_0DA2   0x000da2    program     static /Users/mreiter/Desktop/AER201/botL.X/main.asm
             _.org_2_0DBA   0x000dba    program     static /Users/mreiter/Desktop/AER201/botL.X/main.asm
             _.org_2_0DDA   0x000dda    program     static /Users/mreiter/Desktop/AER201/botL.X/main.asm
             _.org_2_0DF2   0x000df2    program     static /Users/mreiter/Desktop/AER201/botL.X/main.asm
             _.org_2_0E18   0x000e18    program     static /Users/mreiter/Desktop/AER201/botL.X/main.asm
             _.org_2_0E2C   0x000e2c    program     static /Users/mreiter/Desktop/AER201/botL.X/main.asm
                 _104loop   0x000eee    program     static /Users/mreiter/Desktop/AER201/botL.X/main.asm
                  _10loop   0x0001d8    program     static /Users/mreiter/Desktop/AER201/botL.X/main.asm
                 _110loop   0x000fc6    program     static /Users/mreiter/Desktop/AER201/botL.X/main.asm
                  _11loop   0x0001f6    program     static /Users/mreiter/Desktop/AER201/botL.X/main.asm
                  _12loop   0x000204    program     static /Users/mreiter/Desktop/AER201/botL.X/main.asm
                  _13loop   0x00022c    program     static /Users/mreiter/Desktop/AER201/botL.X/main.asm
                  _14loop   0x00024a    program     static /Users/mreiter/Desktop/AER201/botL.X/main.asm
                  _15Exit   0x000276    program     static /Users/mreiter/Desktop/AER201/botL.X/main.asm
                  _15Next   0x00026a    program     static /Users/mreiter/Desktop/AER201/botL.X/main.asm
                  _16Exit   0x00028c    program     static /Users/mreiter/Desktop/AER201/botL.X/main.asm
                  _16Next   0x000280    program     static /Users/mreiter/Desktop/AER201/botL.X/main.asm
                  _17Exit   0x0002a2    program     static /Users/mreiter/Desktop/AER201/botL.X/main.asm
                  _17Next   0x000296    program     static /Users/mreiter/Desktop/AER201/botL.X/main.asm
                  _18Exit   0x0002b8    program     static /Users/mreiter/Desktop/AER201/botL.X/main.asm
                  _18Next   0x0002ac    program     static /Users/mreiter/Desktop/AER201/botL.X/main.asm
                  _19Exit   0x0002ce    program     static /Users/mreiter/Desktop/AER201/botL.X/main.asm
                  _19Next   0x0002c2    program     static /Users/mreiter/Desktop/AER201/botL.X/main.asm
                  _20loop   0x0002e0    program     static /Users/mreiter/Desktop/AER201/botL.X/main.asm
                  _21loop   0x0002fa    program     static /Users/mreiter/Desktop/AER201/botL.X/main.asm
                  _22loop   0x000326    program     static /Users/mreiter/Desktop/AER201/botL.X/main.asm
                  _23loop   0x00035c    program     static /Users/mreiter/Desktop/AER201/botL.X/main.asm
                  _24loop   0x00044a    program     static /Users/mreiter/Desktop/AER201/botL.X/main.asm
                  _25loop   0x000464    program     static /Users/mreiter/Desktop/AER201/botL.X/main.asm
                  _26loop   0x00047c    program     static /Users/mreiter/Desktop/AER201/botL.X/main.asm
                  _27loop   0x000490    program     static /Users/mreiter/Desktop/AER201/botL.X/main.asm
                  _28loop   0x0004a8    program     static /Users/mreiter/Desktop/AER201/botL.X/main.asm
                  _29loop   0x0004bc    program     static /Users/mreiter/Desktop/AER201/botL.X/main.asm
                 _2endBCD   0x000084    program     static /Users/mreiter/Desktop/AER201/botL.X/main.asm
                   _2ones   0x00007e    program     static /Users/mreiter/Desktop/AER201/botL.X/main.asm
                  _30loop   0x0004d4    program     static /Users/mreiter/Desktop/AER201/botL.X/main.asm
                  _31loop   0x0004e8    program     static /Users/mreiter/Desktop/AER201/botL.X/main.asm
                  _32loop   0x000500    program     static /Users/mreiter/Desktop/AER201/botL.X/main.asm
                  _33loop   0x00052e    program     static /Users/mreiter/Desktop/AER201/botL.X/main.asm
                  _34Exit   0x000564    program     static /Users/mreiter/Desktop/AER201/botL.X/main.asm
                  _34Next   0x000558    program     static /Users/mreiter/Desktop/AER201/botL.X/main.asm
                  _35Exit   0x00057a    program     static /Users/mreiter/Desktop/AER201/botL.X/main.asm
                  _35Next   0x00056e    program     static /Users/mreiter/Desktop/AER201/botL.X/main.asm
                  _36loop   0x00059c    program     static /Users/mreiter/Desktop/AER201/botL.X/main.asm
                  _37Exit   0x0005c2    program     static /Users/mreiter/Desktop/AER201/botL.X/main.asm
                  _37Next   0x0005b6    program     static /Users/mreiter/Desktop/AER201/botL.X/main.asm
                  _38loop   0x0005dc    program     static /Users/mreiter/Desktop/AER201/botL.X/main.asm
                  _39loop   0x0005fa    program     static /Users/mreiter/Desktop/AER201/botL.X/main.asm
                 _3endBCD   0x0000b6    program     static /Users/mreiter/Desktop/AER201/botL.X/main.asm
                   _3ones   0x0000b0    program     static /Users/mreiter/Desktop/AER201/botL.X/main.asm
                  _40Exit   0x00061c    program     static /Users/mreiter/Desktop/AER201/botL.X/main.asm
                  _40Next   0x000610    program     static /Users/mreiter/Desktop/AER201/botL.X/main.asm
                  _41Exit   0x000632    program     static /Users/mreiter/Desktop/AER201/botL.X/main.asm
                  _41Next   0x000626    program     static /Users/mreiter/Desktop/AER201/botL.X/main.asm
                  _42Exit   0x000648    program     static /Users/mreiter/Desktop/AER201/botL.X/main.asm
                  _42Next   0x00063c    program     static /Users/mreiter/Desktop/AER201/botL.X/main.asm
                  _43Exit   0x00065e    program     static /Users/mreiter/Desktop/AER201/botL.X/main.asm
                  _43Next   0x000652    program     static /Users/mreiter/Desktop/AER201/botL.X/main.asm
                  _44Exit   0x000674    program     static /Users/mreiter/Desktop/AER201/botL.X/main.asm
                  _44Next   0x000668    program     static /Users/mreiter/Desktop/AER201/botL.X/main.asm
                  _45Exit   0x00068a    program     static /Users/mreiter/Desktop/AER201/botL.X/main.asm
                  _45Next   0x00067e    program     static /Users/mreiter/Desktop/AER201/botL.X/main.asm
                  _46Exit   0x0006a0    program     static /Users/mreiter/Desktop/AER201/botL.X/main.asm
                  _46Next   0x000694    program     static /Users/mreiter/Desktop/AER201/botL.X/main.asm
                  _47Exit   0x0006b6    program     static /Users/mreiter/Desktop/AER201/botL.X/main.asm
                  _47Next   0x0006aa    program     static /Users/mreiter/Desktop/AER201/botL.X/main.asm
                  _48Exit   0x0006cc    program     static /Users/mreiter/Desktop/AER201/botL.X/main.asm
                  _48Next   0x0006c0    program     static /Users/mreiter/Desktop/AER201/botL.X/main.asm
                  _49Exit   0x0006e2    program     static /Users/mreiter/Desktop/AER201/botL.X/main.asm
                  _49Next   0x0006d6    program     static /Users/mreiter/Desktop/AER201/botL.X/main.asm
                  _50loop   0x0006fc    program     static /Users/mreiter/Desktop/AER201/botL.X/main.asm
                  _53Exit   0x000794    program     static /Users/mreiter/Desktop/AER201/botL.X/main.asm
                  _53Next   0x000788    program     static /Users/mreiter/Desktop/AER201/botL.X/main.asm
                  _54Exit   0x0007aa    program     static /Users/mreiter/Desktop/AER201/botL.X/main.asm
                  _54Next   0x00079e    program     static /Users/mreiter/Desktop/AER201/botL.X/main.asm
                  _55loop   0x0007c2    program     static /Users/mreiter/Desktop/AER201/botL.X/main.asm
                  _56Exit   0x0007f0    program     static /Users/mreiter/Desktop/AER201/botL.X/main.asm
                  _56Next   0x0007e4    program     static /Users/mreiter/Desktop/AER201/botL.X/main.asm
                  _57loop   0x00080a    program     static /Users/mreiter/Desktop/AER201/botL.X/main.asm
                  _58loop   0x000828    program     static /Users/mreiter/Desktop/AER201/botL.X/main.asm
                  _59Exit   0x000856    program     static /Users/mreiter/Desktop/AER201/botL.X/main.asm
                  _59Next   0x00084a    program     static /Users/mreiter/Desktop/AER201/botL.X/main.asm
                  _60Exit   0x00086c    program     static /Users/mreiter/Desktop/AER201/botL.X/main.asm
                  _60Next   0x000860    program     static /Users/mreiter/Desktop/AER201/botL.X/main.asm
                  _61loop   0x000888    program     static /Users/mreiter/Desktop/AER201/botL.X/main.asm
                  _93loop   0x000d04    program     static /Users/mreiter/Desktop/AER201/botL.X/main.asm
                  _94loop   0x000d12    program     static /Users/mreiter/Desktop/AER201/botL.X/main.asm
                  _99loop   0x000e5c    program     static /Users/mreiter/Desktop/AER201/botL.X/main.asm
                   _9loop   0x00019a    program     static /Users/mreiter/Desktop/AER201/botL.X/main.asm
                  _waitl0   0x001396    program     static /Users/mreiter/Desktop/AER201/botL.X/i2c_common.asm
                  _waitl1   0x001450    program     static /Users/mreiter/Desktop/AER201/botL.X/i2c_common.asm
                  _waitl2   0x001532    program     static /Users/mreiter/Desktop/AER201/botL.X/i2c_common.asm
                       d2   0x0012d8    program     static /Users/mreiter/Desktop/AER201/botL.X/lcd.asm
                del_loop0   0x000c34    program     static /Users/mreiter/Desktop/AER201/botL.X/main.asm
                delay44us   0x0012bc    program     extern /Users/mreiter/Desktop/AER201/botL.X/lcd.asm
                 delay5ms   0x0012c8    program     extern /Users/mreiter/Desktop/AER201/botL.X/lcd.asm
               displayNum   0x000722    program     static /Users/mreiter/Desktop/AER201/botL.X/main.asm
         i2c_common_setup   0x0012de    program     extern /Users/mreiter/Desktop/AER201/botL.X/i2c_common.asm
             lcdLongDelay   0x0012a6    program     static /Users/mreiter/Desktop/AER201/botL.X/lcd.asm
                loop200us   0x000d48    program     static /Users/mreiter/Desktop/AER201/botL.X/main.asm
                 loop50ms   0x000d56    program     static /Users/mreiter/Desktop/AER201/botL.X/main.asm
                  loop5us   0x000d3a    program     static /Users/mreiter/Desktop/AER201/botL.X/main.asm
                 read_rtc   0x001344    program     extern /Users/mreiter/Desktop/AER201/botL.X/i2c_common.asm
              rtc_convert   0x0013a6    program     extern /Users/mreiter/Desktop/AER201/botL.X/i2c_common.asm
                write_rtc   0x001300    program     extern /Users/mreiter/Desktop/AER201/botL.X/i2c_common.asm
           convert_buffer   0x000065       data     extern /Users/mreiter/Desktop/AER201/botL.X/i2c_common.asm
                 databyte   0x000061       data     extern /Users/mreiter/Desktop/AER201/botL.X/i2c_common.asm
                 datachar   0x000062       data     extern /Users/mreiter/Desktop/AER201/botL.X/i2c_common.asm
               ones_digit   0x000064       data     extern /Users/mreiter/Desktop/AER201/botL.X/i2c_common.asm
               regaddress   0x000060       data     extern /Users/mreiter/Desktop/AER201/botL.X/i2c_common.asm
               tens_digit   0x000063       data     extern /Users/mreiter/Desktop/AER201/botL.X/i2c_common.asm



                              Symbols - Sorted by Address
                     Name    Address   Location    Storage File                     
                ---------  ---------  ---------  --------- ---------                
        LOAD_STANDBY_TIME   0x00001c    program     static /Users/mreiter/Desktop/AER201/botL.X/main.asm
            LOAD_EXE_TIME   0x00002a    program     static /Users/mreiter/Desktop/AER201/botL.X/main.asm
                 ISR_HIGH   0x000038    program     static /Users/mreiter/Desktop/AER201/botL.X/main.asm
                   _2ones   0x00007e    program     static /Users/mreiter/Desktop/AER201/botL.X/main.asm
                 _2endBCD   0x000084    program     static /Users/mreiter/Desktop/AER201/botL.X/main.asm
                   _3ones   0x0000b0    program     static /Users/mreiter/Desktop/AER201/botL.X/main.asm
                 _3endBCD   0x0000b6    program     static /Users/mreiter/Desktop/AER201/botL.X/main.asm
             END_ISR_HIGH   0x0000b8    program     static /Users/mreiter/Desktop/AER201/botL.X/main.asm
                  ISR_LOW   0x0000c2    program     static /Users/mreiter/Desktop/AER201/botL.X/main.asm
              END_ISR_LOW   0x000104    program     static /Users/mreiter/Desktop/AER201/botL.X/main.asm
                     INIT   0x00010e    program     static /Users/mreiter/Desktop/AER201/botL.X/main.asm
                   _9loop   0x00019a    program     static /Users/mreiter/Desktop/AER201/botL.X/main.asm
                  _10loop   0x0001d8    program     static /Users/mreiter/Desktop/AER201/botL.X/main.asm
                  _11loop   0x0001f6    program     static /Users/mreiter/Desktop/AER201/botL.X/main.asm
                  _12loop   0x000204    program     static /Users/mreiter/Desktop/AER201/botL.X/main.asm
                  STANDBY   0x00020e    program     static /Users/mreiter/Desktop/AER201/botL.X/main.asm
                  _13loop   0x00022c    program     static /Users/mreiter/Desktop/AER201/botL.X/main.asm
                  _14loop   0x00024a    program     static /Users/mreiter/Desktop/AER201/botL.X/main.asm
             HOLD_STANDBY   0x00025e    program     static /Users/mreiter/Desktop/AER201/botL.X/main.asm
                  _15Next   0x00026a    program     static /Users/mreiter/Desktop/AER201/botL.X/main.asm
                  _15Exit   0x000276    program     static /Users/mreiter/Desktop/AER201/botL.X/main.asm
                  _16Next   0x000280    program     static /Users/mreiter/Desktop/AER201/botL.X/main.asm
                  _16Exit   0x00028c    program     static /Users/mreiter/Desktop/AER201/botL.X/main.asm
                  _17Next   0x000296    program     static /Users/mreiter/Desktop/AER201/botL.X/main.asm
                  _17Exit   0x0002a2    program     static /Users/mreiter/Desktop/AER201/botL.X/main.asm
                  _18Next   0x0002ac    program     static /Users/mreiter/Desktop/AER201/botL.X/main.asm
                  _18Exit   0x0002b8    program     static /Users/mreiter/Desktop/AER201/botL.X/main.asm
                  _19Next   0x0002c2    program     static /Users/mreiter/Desktop/AER201/botL.X/main.asm
                  _19Exit   0x0002ce    program     static /Users/mreiter/Desktop/AER201/botL.X/main.asm
              COLOUR_TEST   0x0002d2    program     static /Users/mreiter/Desktop/AER201/botL.X/main.asm
                  LOOPING   0x0002dc    program     static /Users/mreiter/Desktop/AER201/botL.X/main.asm
                  _20loop   0x0002e0    program     static /Users/mreiter/Desktop/AER201/botL.X/main.asm
                  _21loop   0x0002fa    program     static /Users/mreiter/Desktop/AER201/botL.X/main.asm
                EXECUTION   0x000306    program     static /Users/mreiter/Desktop/AER201/botL.X/main.asm
                  _22loop   0x000326    program     static /Users/mreiter/Desktop/AER201/botL.X/main.asm
                  _23loop   0x00035c    program     static /Users/mreiter/Desktop/AER201/botL.X/main.asm
            CHECK_TIMEOUT   0x00036a    program     static /Users/mreiter/Desktop/AER201/botL.X/main.asm
               DETECTIONS   0x00037a    program     static /Users/mreiter/Desktop/AER201/botL.X/main.asm
             INC_YOPNOCAP   0x0003e6    program     static /Users/mreiter/Desktop/AER201/botL.X/main.asm
               INC_YOPCAP   0x0003ea    program     static /Users/mreiter/Desktop/AER201/botL.X/main.asm
            INC_ESKANOCAP   0x0003ee    program     static /Users/mreiter/Desktop/AER201/botL.X/main.asm
              INC_ESKACAP   0x0003f2    program     static /Users/mreiter/Desktop/AER201/botL.X/main.asm
               CHECK_DONE   0x0003f6    program     static /Users/mreiter/Desktop/AER201/botL.X/main.asm
                 EXIT_EXE   0x000430    program     static /Users/mreiter/Desktop/AER201/botL.X/main.asm
                  _24loop   0x00044a    program     static /Users/mreiter/Desktop/AER201/botL.X/main.asm
                  _25loop   0x000464    program     static /Users/mreiter/Desktop/AER201/botL.X/main.asm
                  _26loop   0x00047c    program     static /Users/mreiter/Desktop/AER201/botL.X/main.asm
                  _27loop   0x000490    program     static /Users/mreiter/Desktop/AER201/botL.X/main.asm
                  _28loop   0x0004a8    program     static /Users/mreiter/Desktop/AER201/botL.X/main.asm
                  _29loop   0x0004bc    program     static /Users/mreiter/Desktop/AER201/botL.X/main.asm
                  _30loop   0x0004d4    program     static /Users/mreiter/Desktop/AER201/botL.X/main.asm
                  _31loop   0x0004e8    program     static /Users/mreiter/Desktop/AER201/botL.X/main.asm
                  _32loop   0x000500    program     static /Users/mreiter/Desktop/AER201/botL.X/main.asm
                      LOG   0x000518    program     static /Users/mreiter/Desktop/AER201/botL.X/main.asm
                  _33loop   0x00052e    program     static /Users/mreiter/Desktop/AER201/botL.X/main.asm
                 HOLD_LOG   0x00054c    program     static /Users/mreiter/Desktop/AER201/botL.X/main.asm
                  _34Next   0x000558    program     static /Users/mreiter/Desktop/AER201/botL.X/main.asm
                  _34Exit   0x000564    program     static /Users/mreiter/Desktop/AER201/botL.X/main.asm
                  _35Next   0x00056e    program     static /Users/mreiter/Desktop/AER201/botL.X/main.asm
                  _35Exit   0x00057a    program     static /Users/mreiter/Desktop/AER201/botL.X/main.asm
                 LOG_INFO   0x00057e    program     static /Users/mreiter/Desktop/AER201/botL.X/main.asm
                  _36loop   0x00059c    program     static /Users/mreiter/Desktop/AER201/botL.X/main.asm
            HOLD_LOG_INFO   0x0005aa    program     static /Users/mreiter/Desktop/AER201/botL.X/main.asm
                  _37Next   0x0005b6    program     static /Users/mreiter/Desktop/AER201/botL.X/main.asm
                  _37Exit   0x0005c2    program     static /Users/mreiter/Desktop/AER201/botL.X/main.asm
                 PERM_LOG   0x0005c6    program     static /Users/mreiter/Desktop/AER201/botL.X/main.asm
                  _38loop   0x0005dc    program     static /Users/mreiter/Desktop/AER201/botL.X/main.asm
                  _39loop   0x0005fa    program     static /Users/mreiter/Desktop/AER201/botL.X/main.asm
            HOLD_PERM_LOG   0x000604    program     static /Users/mreiter/Desktop/AER201/botL.X/main.asm
                  _40Next   0x000610    program     static /Users/mreiter/Desktop/AER201/botL.X/main.asm
                  _40Exit   0x00061c    program     static /Users/mreiter/Desktop/AER201/botL.X/main.asm
                  _41Next   0x000626    program     static /Users/mreiter/Desktop/AER201/botL.X/main.asm
                  _41Exit   0x000632    program     static /Users/mreiter/Desktop/AER201/botL.X/main.asm
                  _42Next   0x00063c    program     static /Users/mreiter/Desktop/AER201/botL.X/main.asm
                  _42Exit   0x000648    program     static /Users/mreiter/Desktop/AER201/botL.X/main.asm
                  _43Next   0x000652    program     static /Users/mreiter/Desktop/AER201/botL.X/main.asm
                  _43Exit   0x00065e    program     static /Users/mreiter/Desktop/AER201/botL.X/main.asm
                  _44Next   0x000668    program     static /Users/mreiter/Desktop/AER201/botL.X/main.asm
                  _44Exit   0x000674    program     static /Users/mreiter/Desktop/AER201/botL.X/main.asm
                  _45Next   0x00067e    program     static /Users/mreiter/Desktop/AER201/botL.X/main.asm
                  _45Exit   0x00068a    program     static /Users/mreiter/Desktop/AER201/botL.X/main.asm
                  _46Next   0x000694    program     static /Users/mreiter/Desktop/AER201/botL.X/main.asm
                  _46Exit   0x0006a0    program     static /Users/mreiter/Desktop/AER201/botL.X/main.asm
                  _47Next   0x0006aa    program     static /Users/mreiter/Desktop/AER201/botL.X/main.asm
                  _47Exit   0x0006b6    program     static /Users/mreiter/Desktop/AER201/botL.X/main.asm
                  _48Next   0x0006c0    program     static /Users/mreiter/Desktop/AER201/botL.X/main.asm
                  _48Exit   0x0006cc    program     static /Users/mreiter/Desktop/AER201/botL.X/main.asm
                  _49Next   0x0006d6    program     static /Users/mreiter/Desktop/AER201/botL.X/main.asm
                  _49Exit   0x0006e2    program     static /Users/mreiter/Desktop/AER201/botL.X/main.asm
                     PLOG   0x0006e6    program     static /Users/mreiter/Desktop/AER201/botL.X/main.asm
                  _50loop   0x0006fc    program     static /Users/mreiter/Desktop/AER201/botL.X/main.asm
               displayNum   0x000722    program     static /Users/mreiter/Desktop/AER201/botL.X/main.asm
                HOLD_PLOG   0x00077c    program     static /Users/mreiter/Desktop/AER201/botL.X/main.asm
                  _53Next   0x000788    program     static /Users/mreiter/Desktop/AER201/botL.X/main.asm
                  _53Exit   0x000794    program     static /Users/mreiter/Desktop/AER201/botL.X/main.asm
                  _54Next   0x00079e    program     static /Users/mreiter/Desktop/AER201/botL.X/main.asm
                  _54Exit   0x0007aa    program     static /Users/mreiter/Desktop/AER201/botL.X/main.asm
             PLOG_DETAILS   0x0007ae    program     static /Users/mreiter/Desktop/AER201/botL.X/main.asm
                  _55loop   0x0007c2    program     static /Users/mreiter/Desktop/AER201/botL.X/main.asm
        HOLD_PLOG_DETAILS   0x0007d8    program     static /Users/mreiter/Desktop/AER201/botL.X/main.asm
                  _56Next   0x0007e4    program     static /Users/mreiter/Desktop/AER201/botL.X/main.asm
                  _56Exit   0x0007f0    program     static /Users/mreiter/Desktop/AER201/botL.X/main.asm
                  PC_MODE   0x0007f4    program     static /Users/mreiter/Desktop/AER201/botL.X/main.asm
                  _57loop   0x00080a    program     static /Users/mreiter/Desktop/AER201/botL.X/main.asm
                  _58loop   0x000828    program     static /Users/mreiter/Desktop/AER201/botL.X/main.asm
                  HOLD_PC   0x00083e    program     static /Users/mreiter/Desktop/AER201/botL.X/main.asm
                  _59Next   0x00084a    program     static /Users/mreiter/Desktop/AER201/botL.X/main.asm
                  _59Exit   0x000856    program     static /Users/mreiter/Desktop/AER201/botL.X/main.asm
                  _60Next   0x000860    program     static /Users/mreiter/Desktop/AER201/botL.X/main.asm
                  _60Exit   0x00086c    program     static /Users/mreiter/Desktop/AER201/botL.X/main.asm
              PC_TRANSFER   0x000870    program     static /Users/mreiter/Desktop/AER201/botL.X/main.asm
                  _61loop   0x000888    program     static /Users/mreiter/Desktop/AER201/botL.X/main.asm
                 SaveData   0x00089c    program     static /Users/mreiter/Desktop/AER201/botL.X/main.asm
             _.org_2_08B0   0x0008b0    program     static /Users/mreiter/Desktop/AER201/botL.X/main.asm
             _.org_2_08C8   0x0008c8    program     static /Users/mreiter/Desktop/AER201/botL.X/main.asm
             _.org_2_08E4   0x0008e4    program     static /Users/mreiter/Desktop/AER201/botL.X/main.asm
             _.org_2_08FC   0x0008fc    program     static /Users/mreiter/Desktop/AER201/botL.X/main.asm
             _.org_2_0918   0x000918    program     static /Users/mreiter/Desktop/AER201/botL.X/main.asm
             _.org_2_0930   0x000930    program     static /Users/mreiter/Desktop/AER201/botL.X/main.asm
             _.org_2_094C   0x00094c    program     static /Users/mreiter/Desktop/AER201/botL.X/main.asm
             _.org_2_0964   0x000964    program     static /Users/mreiter/Desktop/AER201/botL.X/main.asm
             _.org_2_0980   0x000980    program     static /Users/mreiter/Desktop/AER201/botL.X/main.asm
             _.org_2_0998   0x000998    program     static /Users/mreiter/Desktop/AER201/botL.X/main.asm
                ShiftLoop   0x0009b4    program     static /Users/mreiter/Desktop/AER201/botL.X/main.asm
             _.org_2_09DA   0x0009da    program     static /Users/mreiter/Desktop/AER201/botL.X/main.asm
             _.org_2_09F2   0x0009f2    program     static /Users/mreiter/Desktop/AER201/botL.X/main.asm
                 RTC_INIT   0x000a1a    program     static /Users/mreiter/Desktop/AER201/botL.X/main.asm
                SAVE_TIME   0x000a28    program     static /Users/mreiter/Desktop/AER201/botL.X/main.asm
            SAVE_EXE_TIME   0x000a9e    program     static /Users/mreiter/Desktop/AER201/botL.X/main.asm
             _.org_2_0ABA   0x000aba    program     static /Users/mreiter/Desktop/AER201/botL.X/main.asm
             _.org_2_0AD2   0x000ad2    program     static /Users/mreiter/Desktop/AER201/botL.X/main.asm
             _.org_2_0AF6   0x000af6    program     static /Users/mreiter/Desktop/AER201/botL.X/main.asm
             _.org_2_0B0E   0x000b0e    program     static /Users/mreiter/Desktop/AER201/botL.X/main.asm
             _.org_2_0B32   0x000b32    program     static /Users/mreiter/Desktop/AER201/botL.X/main.asm
             _.org_2_0B4A   0x000b4a    program     static /Users/mreiter/Desktop/AER201/botL.X/main.asm
              DISPLAY_RTC   0x000b54    program     static /Users/mreiter/Desktop/AER201/botL.X/main.asm
                 SET_TIME   0x000c2e    program     static /Users/mreiter/Desktop/AER201/botL.X/main.asm
                del_loop0   0x000c34    program     static /Users/mreiter/Desktop/AER201/botL.X/main.asm
               INIT_USART   0x000c96    program     static /Users/mreiter/Desktop/AER201/botL.X/main.asm
                DataUSART   0x000caa    program     static /Users/mreiter/Desktop/AER201/botL.X/main.asm
            TRANSFER_LOGS   0x000cba    program     static /Users/mreiter/Desktop/AER201/botL.X/main.asm
            TRANSFER_DATA   0x000cc4    program     static /Users/mreiter/Desktop/AER201/botL.X/main.asm
                  _93loop   0x000d04    program     static /Users/mreiter/Desktop/AER201/botL.X/main.asm
                  _94loop   0x000d12    program     static /Users/mreiter/Desktop/AER201/botL.X/main.asm
               USART_WAIT   0x000d1e    program     static /Users/mreiter/Desktop/AER201/botL.X/main.asm
             _.org_2_0D22   0x000d22    program     static /Users/mreiter/Desktop/AER201/botL.X/main.asm
               USART_LINE   0x000d28    program     static /Users/mreiter/Desktop/AER201/botL.X/main.asm
                 Delay5us   0x000d36    program     static /Users/mreiter/Desktop/AER201/botL.X/main.asm
                  loop5us   0x000d3a    program     static /Users/mreiter/Desktop/AER201/botL.X/main.asm
               Delay200us   0x000d44    program     static /Users/mreiter/Desktop/AER201/botL.X/main.asm
                loop200us   0x000d48    program     static /Users/mreiter/Desktop/AER201/botL.X/main.asm
                Delay50ms   0x000d52    program     static /Users/mreiter/Desktop/AER201/botL.X/main.asm
                 loop50ms   0x000d56    program     static /Users/mreiter/Desktop/AER201/botL.X/main.asm
                   Cycles   0x000d5c    program     static /Users/mreiter/Desktop/AER201/botL.X/main.asm
              WriteEE_RTC   0x000d66    program     static /Users/mreiter/Desktop/AER201/botL.X/main.asm
             _.org_2_0D74   0x000d74    program     static /Users/mreiter/Desktop/AER201/botL.X/main.asm
             _.org_2_0D8C   0x000d8c    program     static /Users/mreiter/Desktop/AER201/botL.X/main.asm
             _.org_2_0DA2   0x000da2    program     static /Users/mreiter/Desktop/AER201/botL.X/main.asm
             _.org_2_0DBA   0x000dba    program     static /Users/mreiter/Desktop/AER201/botL.X/main.asm
           ClearEEPROM_21   0x000dc4    program     static /Users/mreiter/Desktop/AER201/botL.X/main.asm
                ClearNext   0x000dcc    program     static /Users/mreiter/Desktop/AER201/botL.X/main.asm
             _.org_2_0DDA   0x000dda    program     static /Users/mreiter/Desktop/AER201/botL.X/main.asm
             _.org_2_0DF2   0x000df2    program     static /Users/mreiter/Desktop/AER201/botL.X/main.asm
                 READ_KEY   0x000e0a    program     static /Users/mreiter/Desktop/AER201/botL.X/main.asm
             _.org_2_0E18   0x000e18    program     static /Users/mreiter/Desktop/AER201/botL.X/main.asm
            READ_KEY_TIME   0x000e1e    program     static /Users/mreiter/Desktop/AER201/botL.X/main.asm
             _.org_2_0E2C   0x000e2c    program     static /Users/mreiter/Desktop/AER201/botL.X/main.asm
           DisplayExeTime   0x000e32    program     static /Users/mreiter/Desktop/AER201/botL.X/main.asm
                  _99loop   0x000e5c    program     static /Users/mreiter/Desktop/AER201/botL.X/main.asm
        NoSkipDispExeTime   0x000e70    program     static /Users/mreiter/Desktop/AER201/botL.X/main.asm
          SkipDispExeTime   0x000ec2    program     static /Users/mreiter/Desktop/AER201/botL.X/main.asm
               DispOpSort   0x000ec4    program     static /Users/mreiter/Desktop/AER201/botL.X/main.asm
                 _104loop   0x000eee    program     static /Users/mreiter/Desktop/AER201/botL.X/main.asm
         NoSkipDispOpSort   0x000f00    program     static /Users/mreiter/Desktop/AER201/botL.X/main.asm
           SkipDispOpSort   0x000f9a    program     static /Users/mreiter/Desktop/AER201/botL.X/main.asm
                DispOpRTC   0x000f9c    program     static /Users/mreiter/Desktop/AER201/botL.X/main.asm
                 _110loop   0x000fc6    program     static /Users/mreiter/Desktop/AER201/botL.X/main.asm
          NoSkipDispOpRTC   0x000fd8    program     static /Users/mreiter/Desktop/AER201/botL.X/main.asm
            SkipDispOpRTC   0x001038    program     static /Users/mreiter/Desktop/AER201/botL.X/main.asm
         DispOpRTC_Helper   0x00103a    program     static /Users/mreiter/Desktop/AER201/botL.X/main.asm
                  Welcome   0x001074    program     static /Users/mreiter/Desktop/AER201/botL.X/main.asm
                     Team   0x00107a    program     static /Users/mreiter/Desktop/AER201/botL.X/main.asm
                  StandBy   0x001084    program     static /Users/mreiter/Desktop/AER201/botL.X/main.asm
              StandbyInfo   0x0010ac    program     static /Users/mreiter/Desktop/AER201/botL.X/main.asm
                     Log1   0x0010d4    program     static /Users/mreiter/Desktop/AER201/botL.X/main.asm
                     Log2   0x0010da    program     static /Users/mreiter/Desktop/AER201/botL.X/main.asm
                 LogInfo1   0x0010e8    program     static /Users/mreiter/Desktop/AER201/botL.X/main.asm
                 LogInfo2   0x0010f0    program     static /Users/mreiter/Desktop/AER201/botL.X/main.asm
                 PermLog1   0x0010fa    program     static /Users/mreiter/Desktop/AER201/botL.X/main.asm
                 PermLog2   0x00110a    program     static /Users/mreiter/Desktop/AER201/botL.X/main.asm
                     Exe1   0x001132    program     static /Users/mreiter/Desktop/AER201/botL.X/main.asm
                     Exe2   0x00113e    program     static /Users/mreiter/Desktop/AER201/botL.X/main.asm
                      PC1   0x001146    program     static /Users/mreiter/Desktop/AER201/botL.X/main.asm
                      PC2   0x00116a    program     static /Users/mreiter/Desktop/AER201/botL.X/main.asm
               PCTransfer   0x00118a    program     static /Users/mreiter/Desktop/AER201/botL.X/main.asm
               PCComplete   0x00119a    program     static /Users/mreiter/Desktop/AER201/botL.X/main.asm
                     SAVE   0x0011a4    program     static /Users/mreiter/Desktop/AER201/botL.X/main.asm
                   NoData   0x0011ae    program     static /Users/mreiter/Desktop/AER201/botL.X/main.asm
                  InitLCD   0x0011b2    program     extern /Users/mreiter/Desktop/AER201/botL.X/lcd.asm
                   WR_INS   0x00120a    program     extern /Users/mreiter/Desktop/AER201/botL.X/lcd.asm
                  WR_DATA   0x001226    program     extern /Users/mreiter/Desktop/AER201/botL.X/lcd.asm
                   WrtLCD   0x00124a    program     extern /Users/mreiter/Desktop/AER201/botL.X/lcd.asm
                   ClrLCD   0x001260    program     extern /Users/mreiter/Desktop/AER201/botL.X/lcd.asm
                   ClkLCD   0x00126e    program     extern /Users/mreiter/Desktop/AER201/botL.X/lcd.asm
              _.code_00C8   0x00127a    program     static /Users/mreiter/Desktop/AER201/botL.X/lcd.asm
                    Shift   0x001280    program     extern /Users/mreiter/Desktop/AER201/botL.X/lcd.asm
                   LCD_L1   0x00128c    program     extern /Users/mreiter/Desktop/AER201/botL.X/lcd.asm
                   LCD_L2   0x001294    program     extern /Users/mreiter/Desktop/AER201/botL.X/lcd.asm
                   MovMSB   0x00129c    program     static /Users/mreiter/Desktop/AER201/botL.X/lcd.asm
             lcdLongDelay   0x0012a6    program     static /Users/mreiter/Desktop/AER201/botL.X/lcd.asm
                 LLD_LOOP   0x0012aa    program     static /Users/mreiter/Desktop/AER201/botL.X/lcd.asm
              _.code_00FE   0x0012b0    program     static /Users/mreiter/Desktop/AER201/botL.X/lcd.asm
                delay44us   0x0012bc    program     extern /Users/mreiter/Desktop/AER201/botL.X/lcd.asm
            Delay44usLoop   0x0012c0    program     static /Users/mreiter/Desktop/AER201/botL.X/lcd.asm
                 delay5ms   0x0012c8    program     extern /Users/mreiter/Desktop/AER201/botL.X/lcd.asm
             Delay5msLoop   0x0012d0    program     static /Users/mreiter/Desktop/AER201/botL.X/lcd.asm
                       d2   0x0012d8    program     static /Users/mreiter/Desktop/AER201/botL.X/lcd.asm
         i2c_common_setup   0x0012de    program     extern /Users/mreiter/Desktop/AER201/botL.X/i2c_common.asm
              _.code_001C   0x0012fa    program     static /Users/mreiter/Desktop/AER201/botL.X/i2c_common.asm
                write_rtc   0x001300    program     extern /Users/mreiter/Desktop/AER201/botL.X/i2c_common.asm
              _.code_002A   0x001308    program     static /Users/mreiter/Desktop/AER201/botL.X/i2c_common.asm
              _.code_0032   0x001310    program     static /Users/mreiter/Desktop/AER201/botL.X/i2c_common.asm
              _.code_0038   0x001316    program     static /Users/mreiter/Desktop/AER201/botL.X/i2c_common.asm
              _.code_0042   0x001320    program     static /Users/mreiter/Desktop/AER201/botL.X/i2c_common.asm
              _.code_0048   0x001326    program     static /Users/mreiter/Desktop/AER201/botL.X/i2c_common.asm
              _.code_0052   0x001330    program     static /Users/mreiter/Desktop/AER201/botL.X/i2c_common.asm
              _.code_0058   0x001336    program     static /Users/mreiter/Desktop/AER201/botL.X/i2c_common.asm
              _.code_0060   0x00133e    program     static /Users/mreiter/Desktop/AER201/botL.X/i2c_common.asm
                 read_rtc   0x001344    program     extern /Users/mreiter/Desktop/AER201/botL.X/i2c_common.asm
              _.code_006E   0x00134c    program     static /Users/mreiter/Desktop/AER201/botL.X/i2c_common.asm
              _.code_0076   0x001354    program     static /Users/mreiter/Desktop/AER201/botL.X/i2c_common.asm
              _.code_007C   0x00135a    program     static /Users/mreiter/Desktop/AER201/botL.X/i2c_common.asm
              _.code_0086   0x001364    program     static /Users/mreiter/Desktop/AER201/botL.X/i2c_common.asm
              _.code_008C   0x00136a    program     static /Users/mreiter/Desktop/AER201/botL.X/i2c_common.asm
              _.code_0094   0x001372    program     static /Users/mreiter/Desktop/AER201/botL.X/i2c_common.asm
              _.code_009C   0x00137a    program     static /Users/mreiter/Desktop/AER201/botL.X/i2c_common.asm
              _.code_00A2   0x001380    program     static /Users/mreiter/Desktop/AER201/botL.X/i2c_common.asm
              _.code_00AA   0x001388    program     static /Users/mreiter/Desktop/AER201/botL.X/i2c_common.asm
                  _waitl0   0x001396    program     static /Users/mreiter/Desktop/AER201/botL.X/i2c_common.asm
              _.code_00C2   0x0013a0    program     static /Users/mreiter/Desktop/AER201/botL.X/i2c_common.asm
              rtc_convert   0x0013a6    program     extern /Users/mreiter/Desktop/AER201/botL.X/i2c_common.asm
                 INIT_RTC   0x0013bc    program     extern /Users/mreiter/Desktop/AER201/botL.X/i2c_common.asm
              _.code_00E6   0x0013c4    program     static /Users/mreiter/Desktop/AER201/botL.X/i2c_common.asm
              _.code_00EE   0x0013cc    program     static /Users/mreiter/Desktop/AER201/botL.X/i2c_common.asm
              _.code_00F4   0x0013d2    program     static /Users/mreiter/Desktop/AER201/botL.X/i2c_common.asm
              _.code_00FC   0x0013da    program     static /Users/mreiter/Desktop/AER201/botL.X/i2c_common.asm
              _.code_0102   0x0013e0    program     static /Users/mreiter/Desktop/AER201/botL.X/i2c_common.asm
              _.code_010A   0x0013e8    program     static /Users/mreiter/Desktop/AER201/botL.X/i2c_common.asm
              _.code_0110   0x0013ee    program     static /Users/mreiter/Desktop/AER201/botL.X/i2c_common.asm
              _.code_0118   0x0013f6    program     static /Users/mreiter/Desktop/AER201/botL.X/i2c_common.asm
          READ_COLOUR_I2C   0x0013fc    program     extern /Users/mreiter/Desktop/AER201/botL.X/i2c_common.asm
              _.code_0126   0x001404    program     static /Users/mreiter/Desktop/AER201/botL.X/i2c_common.asm
              _.code_012E   0x00140c    program     static /Users/mreiter/Desktop/AER201/botL.X/i2c_common.asm
              _.code_0134   0x001412    program     static /Users/mreiter/Desktop/AER201/botL.X/i2c_common.asm
              _.code_0140   0x00141e    program     static /Users/mreiter/Desktop/AER201/botL.X/i2c_common.asm
              _.code_0146   0x001424    program     static /Users/mreiter/Desktop/AER201/botL.X/i2c_common.asm
              _.code_014E   0x00142c    program     static /Users/mreiter/Desktop/AER201/botL.X/i2c_common.asm
              _.code_0156   0x001434    program     static /Users/mreiter/Desktop/AER201/botL.X/i2c_common.asm
              _.code_015C   0x00143a    program     static /Users/mreiter/Desktop/AER201/botL.X/i2c_common.asm
              _.code_0164   0x001442    program     static /Users/mreiter/Desktop/AER201/botL.X/i2c_common.asm
                  _waitl1   0x001450    program     static /Users/mreiter/Desktop/AER201/botL.X/i2c_common.asm
              _.code_017C   0x00145a    program     static /Users/mreiter/Desktop/AER201/botL.X/i2c_common.asm
         WRITE_COLOUR_I2C   0x001460    program     extern /Users/mreiter/Desktop/AER201/botL.X/i2c_common.asm
              _.code_018A   0x001468    program     static /Users/mreiter/Desktop/AER201/botL.X/i2c_common.asm
              _.code_0192   0x001470    program     static /Users/mreiter/Desktop/AER201/botL.X/i2c_common.asm
              _.code_0198   0x001476    program     static /Users/mreiter/Desktop/AER201/botL.X/i2c_common.asm
              _.code_01A4   0x001482    program     static /Users/mreiter/Desktop/AER201/botL.X/i2c_common.asm
              _.code_01AA   0x001488    program     static /Users/mreiter/Desktop/AER201/botL.X/i2c_common.asm
              _.code_01B6   0x001494    program     static /Users/mreiter/Desktop/AER201/botL.X/i2c_common.asm
              _.code_01BC   0x00149a    program     static /Users/mreiter/Desktop/AER201/botL.X/i2c_common.asm
              _.code_01C4   0x0014a2    program     static /Users/mreiter/Desktop/AER201/botL.X/i2c_common.asm
             INIT_ARDUINO   0x0014a8    program     extern /Users/mreiter/Desktop/AER201/botL.X/i2c_common.asm
              _.code_01D2   0x0014b0    program     static /Users/mreiter/Desktop/AER201/botL.X/i2c_common.asm
              _.code_01DA   0x0014b8    program     static /Users/mreiter/Desktop/AER201/botL.X/i2c_common.asm
              _.code_01E0   0x0014be    program     static /Users/mreiter/Desktop/AER201/botL.X/i2c_common.asm
              _.code_01E8   0x0014c6    program     static /Users/mreiter/Desktop/AER201/botL.X/i2c_common.asm
            WRITE_ARDUINO   0x0014cc    program     extern /Users/mreiter/Desktop/AER201/botL.X/i2c_common.asm
              _.code_01F6   0x0014d4    program     static /Users/mreiter/Desktop/AER201/botL.X/i2c_common.asm
              _.code_01FE   0x0014dc    program     static /Users/mreiter/Desktop/AER201/botL.X/i2c_common.asm
              _.code_0204   0x0014e2    program     static /Users/mreiter/Desktop/AER201/botL.X/i2c_common.asm
              _.code_020E   0x0014ec    program     static /Users/mreiter/Desktop/AER201/botL.X/i2c_common.asm
              _.code_0214   0x0014f2    program     static /Users/mreiter/Desktop/AER201/botL.X/i2c_common.asm
              _.code_021C   0x0014fa    program     static /Users/mreiter/Desktop/AER201/botL.X/i2c_common.asm
             READ_ARDUINO   0x001500    program     extern /Users/mreiter/Desktop/AER201/botL.X/i2c_common.asm
              _.code_022A   0x001508    program     static /Users/mreiter/Desktop/AER201/botL.X/i2c_common.asm
              _.code_0232   0x001510    program     static /Users/mreiter/Desktop/AER201/botL.X/i2c_common.asm
              _.code_023A   0x001518    program     static /Users/mreiter/Desktop/AER201/botL.X/i2c_common.asm
              _.code_0240   0x00151e    program     static /Users/mreiter/Desktop/AER201/botL.X/i2c_common.asm
              _.code_0248   0x001526    program     static /Users/mreiter/Desktop/AER201/botL.X/i2c_common.asm
                  _waitl2   0x001532    program     static /Users/mreiter/Desktop/AER201/botL.X/i2c_common.asm
              _.code_025E   0x00153c    program     static /Users/mreiter/Desktop/AER201/botL.X/i2c_common.asm
                CHECK_ACK   0x001542    program     extern /Users/mreiter/Desktop/AER201/botL.X/i2c.asm
                 I2C_temp   0x001542    program     static /Users/mreiter/Desktop/AER201/botL.X/i2c.asm
                I2C_ACKDT   0x001542    program     extern /Users/mreiter/Desktop/AER201/botL.X/i2c.asm
               CHECK_NACK   0x001546    program     extern /Users/mreiter/Desktop/AER201/botL.X/i2c.asm
                TEST_NACK   0x00154a    program     static /Users/mreiter/Desktop/AER201/botL.X/i2c.asm
          I2C_Master_INIT   0x001552    program     extern /Users/mreiter/Desktop/AER201/botL.X/i2c.asm
                     WAIT   0x001564    program     static /Users/mreiter/Desktop/AER201/botL.X/i2c.asm
          I2C_Master_WAIT   0x001564    program     extern /Users/mreiter/Desktop/AER201/botL.X/i2c.asm
         I2C_Master_START   0x001574    program     extern /Users/mreiter/Desktop/AER201/botL.X/i2c.asm
        I2C_Master_RSTART   0x00157c    program     extern /Users/mreiter/Desktop/AER201/botL.X/i2c.asm
          I2C_Master_STOP   0x001584    program     extern /Users/mreiter/Desktop/AER201/botL.X/i2c.asm
         I2C_Master_WRITE   0x00158c    program     extern /Users/mreiter/Desktop/AER201/botL.X/i2c.asm
                  HOLD_UP   0x001592    program     static /Users/mreiter/Desktop/AER201/botL.X/i2c.asm
          I2C_Master_READ   0x00159a    program     extern /Users/mreiter/Desktop/AER201/botL.X/i2c.asm
                     LOOP   0x0015a0    program     static /Users/mreiter/Desktop/AER201/botL.X/i2c.asm
           I2C_Master_ACK   0x0015a8    program     extern /Users/mreiter/Desktop/AER201/botL.X/i2c.asm
                 TEST_ACK   0x0015ac    program     static /Users/mreiter/Desktop/AER201/botL.X/i2c.asm
               regaddress   0x000060       data     extern /Users/mreiter/Desktop/AER201/botL.X/i2c_common.asm
                 databyte   0x000061       data     extern /Users/mreiter/Desktop/AER201/botL.X/i2c_common.asm
                 datachar   0x000062       data     extern /Users/mreiter/Desktop/AER201/botL.X/i2c_common.asm
               tens_digit   0x000063       data     extern /Users/mreiter/Desktop/AER201/botL.X/i2c_common.asm
               ones_digit   0x000064       data     extern /Users/mreiter/Desktop/AER201/botL.X/i2c_common.asm
           convert_buffer   0x000065       data     extern /Users/mreiter/Desktop/AER201/botL.X/i2c_common.asm


