MPLINK 5.08, LINKER
Linker Map File - Created Wed Feb 22 00:15:34 2017

                                 Section Info
                  Section       Type    Address   Location Size(Bytes)
                ---------  ---------  ---------  ---------  ---------
                   .org_0       code   0x000000    program   0x000004
                   .cinit    romdata   0x000004    program   0x000002
                   .org_1       code   0x000008    program   0x000004
                   .org_2       code   0x000018    program   0x000dea
                    .code       code   0x000e02    program   0x0004b0
.config_300001_BUILD/DEFAULT/PRODUCTION/MAIN.O    romdata   0x300001    program   0x000001
.config_300002_BUILD/DEFAULT/PRODUCTION/MAIN.O    romdata   0x300002    program   0x000001
.config_300003_BUILD/DEFAULT/PRODUCTION/MAIN.O    romdata   0x300003    program   0x000001
.config_300005_BUILD/DEFAULT/PRODUCTION/MAIN.O    romdata   0x300005    program   0x000001
.config_300006_BUILD/DEFAULT/PRODUCTION/MAIN.O    romdata   0x300006    program   0x000001
.config_300008_BUILD/DEFAULT/PRODUCTION/MAIN.O    romdata   0x300008    program   0x000001
.config_300009_BUILD/DEFAULT/PRODUCTION/MAIN.O    romdata   0x300009    program   0x000001
.config_30000A_BUILD/DEFAULT/PRODUCTION/MAIN.O    romdata   0x30000a    program   0x000001
.config_30000B_BUILD/DEFAULT/PRODUCTION/MAIN.O    romdata   0x30000b    program   0x000001
.config_30000C_BUILD/DEFAULT/PRODUCTION/MAIN.O    romdata   0x30000c    program   0x000001
.config_30000D_BUILD/DEFAULT/PRODUCTION/MAIN.O    romdata   0x30000d    program   0x000001
                   .udata      udata   0x000080       data   0x00000a



                              Program Memory Usage 
                               Start         End      
                           ---------   ---------      
                            0x000000    0x000005      
                            0x000008    0x00000b      
                            0x000018    0x0012b1      
                            0x300001    0x300003      
                            0x300005    0x300006      
                            0x300008    0x30000d      
            4783 out of 66584 program addresses used, program memory utilization is 7%



                              Symbols - Sorted by Name
                     Name    Address   Location    Storage File                     
                ---------  ---------  ---------  --------- ---------                
                CHECK_ACK   0x001242    program     extern /Users/mreiter/Desktop/AER201/botL.X/i2c.asm
               CHECK_BLUE   0x00036a    program     static /Users/mreiter/Desktop/AER201/botL.X/main.asm
              CHECK_CLEAR   0x0002b0    program     static /Users/mreiter/Desktop/AER201/botL.X/main.asm
              CHECK_GREEN   0x00032c    program     static /Users/mreiter/Desktop/AER201/botL.X/main.asm
               CHECK_NACK   0x001246    program     extern /Users/mreiter/Desktop/AER201/botL.X/i2c.asm
                CHECK_RED   0x0002ee    program     static /Users/mreiter/Desktop/AER201/botL.X/main.asm
              COLOUR_TEST   0x0003a8    program     static /Users/mreiter/Desktop/AER201/botL.X/main.asm
           ClearEEPROM_21   0x000c22    program     static /Users/mreiter/Desktop/AER201/botL.X/main.asm
                ClearNext   0x000c2a    program     static /Users/mreiter/Desktop/AER201/botL.X/main.asm
                   ClkLCD   0x000f90    program     extern /Users/mreiter/Desktop/AER201/botL.X/lcd.asm
                   ClrLCD   0x000f82    program     extern /Users/mreiter/Desktop/AER201/botL.X/lcd.asm
                   Cycles   0x000bba    program     static /Users/mreiter/Desktop/AER201/botL.X/main.asm
              DISPLAY_RTC   0x000a4e    program     static /Users/mreiter/Desktop/AER201/botL.X/main.asm
               Delay200us   0x000ba2    program     static /Users/mreiter/Desktop/AER201/botL.X/main.asm
            Delay44usLoop   0x000fd6    program     static /Users/mreiter/Desktop/AER201/botL.X/lcd.asm
                Delay50ms   0x000bb0    program     static /Users/mreiter/Desktop/AER201/botL.X/main.asm
             Delay5msLoop   0x000fe6    program     static /Users/mreiter/Desktop/AER201/botL.X/lcd.asm
                 Delay5us   0x000b94    program     static /Users/mreiter/Desktop/AER201/botL.X/main.asm
                DispOpRTC   0x000d2a    program     static /Users/mreiter/Desktop/AER201/botL.X/main.asm
         DispOpRTC_Helper   0x000dc8    program     static /Users/mreiter/Desktop/AER201/botL.X/main.asm
           DisplayExeTime   0x000c98    program     static /Users/mreiter/Desktop/AER201/botL.X/main.asm
             END_ISR_HIGH   0x0000cc    program     static /Users/mreiter/Desktop/AER201/botL.X/main.asm
              END_ISR_LOW   0x0000f2    program     static /Users/mreiter/Desktop/AER201/botL.X/main.asm
                EXECUTION   0x000430    program     static /Users/mreiter/Desktop/AER201/botL.X/main.asm
                 EXIT_EXE   0x00048e    program     static /Users/mreiter/Desktop/AER201/botL.X/main.asm
                     Exe1   0x000e5c    program     static /Users/mreiter/Desktop/AER201/botL.X/main.asm
                     Exe2   0x000e68    program     static /Users/mreiter/Desktop/AER201/botL.X/main.asm
                 Exe_Time   0x000ea0    program     static /Users/mreiter/Desktop/AER201/botL.X/main.asm
                 HOLD_EXE   0x000472    program     static /Users/mreiter/Desktop/AER201/botL.X/main.asm
                 HOLD_LOG   0x000634    program     static /Users/mreiter/Desktop/AER201/botL.X/main.asm
            HOLD_LOG_INFO   0x0006a6    program     static /Users/mreiter/Desktop/AER201/botL.X/main.asm
                  HOLD_PC   0x0008d8    program     static /Users/mreiter/Desktop/AER201/botL.X/main.asm
            HOLD_PERM_LOG   0x0006fe    program     static /Users/mreiter/Desktop/AER201/botL.X/main.asm
                HOLD_PLOG   0x000874    program     static /Users/mreiter/Desktop/AER201/botL.X/main.asm
             HOLD_STANDBY   0x00023c    program     static /Users/mreiter/Desktop/AER201/botL.X/main.asm
                  HOLD_UP   0x001292    program     static /Users/mreiter/Desktop/AER201/botL.X/i2c.asm
                I2C_ACKDT   0x001242    program     extern /Users/mreiter/Desktop/AER201/botL.X/i2c.asm
           I2C_Master_ACK   0x0012a8    program     extern /Users/mreiter/Desktop/AER201/botL.X/i2c.asm
          I2C_Master_INIT   0x001252    program     extern /Users/mreiter/Desktop/AER201/botL.X/i2c.asm
          I2C_Master_READ   0x00129a    program     extern /Users/mreiter/Desktop/AER201/botL.X/i2c.asm
        I2C_Master_RSTART   0x00127c    program     extern /Users/mreiter/Desktop/AER201/botL.X/i2c.asm
         I2C_Master_START   0x001274    program     extern /Users/mreiter/Desktop/AER201/botL.X/i2c.asm
          I2C_Master_STOP   0x001284    program     extern /Users/mreiter/Desktop/AER201/botL.X/i2c.asm
          I2C_Master_WAIT   0x001264    program     extern /Users/mreiter/Desktop/AER201/botL.X/i2c.asm
         I2C_Master_WRITE   0x00128c    program     extern /Users/mreiter/Desktop/AER201/botL.X/i2c.asm
                 I2C_temp   0x001242    program     static /Users/mreiter/Desktop/AER201/botL.X/i2c.asm
                     INIT   0x00010a    program     static /Users/mreiter/Desktop/AER201/botL.X/main.asm
               INIT_USART   0x000b84    program     static /Users/mreiter/Desktop/AER201/botL.X/main.asm
                 ISR_HIGH   0x00001c    program     static /Users/mreiter/Desktop/AER201/botL.X/main.asm
                  ISR_LOW   0x0000d6    program     static /Users/mreiter/Desktop/AER201/botL.X/main.asm
                  InitLCD   0x000ed6    program     extern /Users/mreiter/Desktop/AER201/botL.X/lcd.asm
                   LCD_L1   0x000fa2    program     extern /Users/mreiter/Desktop/AER201/botL.X/lcd.asm
                   LCD_L2   0x000faa    program     extern /Users/mreiter/Desktop/AER201/botL.X/lcd.asm
                 LLD_LOOP   0x000fc0    program     static /Users/mreiter/Desktop/AER201/botL.X/lcd.asm
                      LOG   0x000604    program     static /Users/mreiter/Desktop/AER201/botL.X/main.asm
                 LOG_INFO   0x000666    program     static /Users/mreiter/Desktop/AER201/botL.X/main.asm
                     LOOP   0x0012a0    program     static /Users/mreiter/Desktop/AER201/botL.X/i2c.asm
                  LOOPING   0x0003a8    program     static /Users/mreiter/Desktop/AER201/botL.X/main.asm
                     Log1   0x000e1a    program     static /Users/mreiter/Desktop/AER201/botL.X/main.asm
                     Log2   0x000e20    program     static /Users/mreiter/Desktop/AER201/botL.X/main.asm
                 LogInfo1   0x000e2e    program     static /Users/mreiter/Desktop/AER201/botL.X/main.asm
                 LogInfo2   0x000e36    program     static /Users/mreiter/Desktop/AER201/botL.X/main.asm
                   MovMSB   0x000fb2    program     static /Users/mreiter/Desktop/AER201/botL.X/lcd.asm
                   NoData   0x000ec2    program     static /Users/mreiter/Desktop/AER201/botL.X/main.asm
        NoSkipDispExeTime   0x000cd6    program     static /Users/mreiter/Desktop/AER201/botL.X/main.asm
          NoSkipDispOpRTC   0x000d66    program     static /Users/mreiter/Desktop/AER201/botL.X/main.asm
                      PC1   0x000e70    program     static /Users/mreiter/Desktop/AER201/botL.X/main.asm
                      PC2   0x000e7e    program     static /Users/mreiter/Desktop/AER201/botL.X/main.asm
                   PCLog1   0x000ec6    program     static /Users/mreiter/Desktop/AER201/botL.X/main.asm
               PCTransfer   0x000e88    program     static /Users/mreiter/Desktop/AER201/botL.X/main.asm
                  PC_MODE   0x000890    program     static /Users/mreiter/Desktop/AER201/botL.X/main.asm
              PC_TRANSFER   0x00090a    program     static /Users/mreiter/Desktop/AER201/botL.X/main.asm
                 PERM_LOG   0x0006c2    program     static /Users/mreiter/Desktop/AER201/botL.X/main.asm
                     PLOG   0x0007e0    program     static /Users/mreiter/Desktop/AER201/botL.X/main.asm
                 PermLog1   0x000e40    program     static /Users/mreiter/Desktop/AER201/botL.X/main.asm
                 PermLog2   0x000e50    program     static /Users/mreiter/Desktop/AER201/botL.X/main.asm
                   RD_END   0x0011bc    program     static /Users/mreiter/Desktop/AER201/botL.X/i2c_common.asm
               RD_END_RTC   0x001112    program     static /Users/mreiter/Desktop/AER201/botL.X/i2c_common.asm
                  RD_ERR1   0x00119e    program     static /Users/mreiter/Desktop/AER201/botL.X/i2c_common.asm
              RD_ERR1_RTC   0x0010f4    program     static /Users/mreiter/Desktop/AER201/botL.X/i2c_common.asm
                  RD_ERR2   0x0011a8    program     static /Users/mreiter/Desktop/AER201/botL.X/i2c_common.asm
              RD_ERR2_RTC   0x0010fe    program     static /Users/mreiter/Desktop/AER201/botL.X/i2c_common.asm
                  RD_ERR3   0x0011b2    program     static /Users/mreiter/Desktop/AER201/botL.X/i2c_common.asm
              RD_ERR3_RTC   0x001108    program     static /Users/mreiter/Desktop/AER201/botL.X/i2c_common.asm
          READ_COLOUR_I2C   0x001130    program     extern /Users/mreiter/Desktop/AER201/botL.X/i2c_common.asm
                 READ_KEY   0x000c68    program     static /Users/mreiter/Desktop/AER201/botL.X/main.asm
            READ_KEY_TIME   0x000c7c    program     static /Users/mreiter/Desktop/AER201/botL.X/main.asm
                 RTC_INIT   0x00092e    program     static /Users/mreiter/Desktop/AER201/botL.X/main.asm
                     SAVE   0x000ea8    program     static /Users/mreiter/Desktop/AER201/botL.X/main.asm
            SAVE_EXE_TIME   0x000998    program     static /Users/mreiter/Desktop/AER201/botL.X/main.asm
                SAVE_TIME   0x00093c    program     static /Users/mreiter/Desktop/AER201/botL.X/main.asm
                 SET_TIME   0x000b1c    program     static /Users/mreiter/Desktop/AER201/botL.X/main.asm
                  STANDBY   0x00021e    program     static /Users/mreiter/Desktop/AER201/botL.X/main.asm
                   Safety   0x000eb2    program     static /Users/mreiter/Desktop/AER201/botL.X/main.asm
                 SaveData   0x00056a    program     static /Users/mreiter/Desktop/AER201/botL.X/main.asm
                ShiftLoop   0x00059c    program     static /Users/mreiter/Desktop/AER201/botL.X/main.asm
          SkipDispExeTime   0x000d28    program     static /Users/mreiter/Desktop/AER201/botL.X/main.asm
            SkipDispOpRTC   0x000dc6    program     static /Users/mreiter/Desktop/AER201/botL.X/main.asm
                  StandBy   0x000e12    program     static /Users/mreiter/Desktop/AER201/botL.X/main.asm
                  Stopped   0x000e98    program     static /Users/mreiter/Desktop/AER201/botL.X/main.asm
                 TEST_ACK   0x0012ac    program     static /Users/mreiter/Desktop/AER201/botL.X/i2c.asm
                TEST_NACK   0x00124a    program     static /Users/mreiter/Desktop/AER201/botL.X/i2c.asm
                     Team   0x000e08    program     static /Users/mreiter/Desktop/AER201/botL.X/main.asm
                     WAIT   0x001264    program     static /Users/mreiter/Desktop/AER201/botL.X/i2c.asm
         WRITE_COLOUR_I2C   0x0011c6    program     extern /Users/mreiter/Desktop/AER201/botL.X/i2c_common.asm
                  WR_DATA   0x000f4a    program     extern /Users/mreiter/Desktop/AER201/botL.X/lcd.asm
                   WR_END   0x001238    program     static /Users/mreiter/Desktop/AER201/botL.X/i2c_common.asm
               WR_END_RTC   0x001080    program     static /Users/mreiter/Desktop/AER201/botL.X/i2c_common.asm
                  WR_ERR1   0x001218    program     static /Users/mreiter/Desktop/AER201/botL.X/i2c_common.asm
              WR_ERR1_RTC   0x001060    program     static /Users/mreiter/Desktop/AER201/botL.X/i2c_common.asm
                  WR_ERR2   0x001222    program     static /Users/mreiter/Desktop/AER201/botL.X/i2c_common.asm
              WR_ERR2_RTC   0x00106a    program     static /Users/mreiter/Desktop/AER201/botL.X/i2c_common.asm
                  WR_ERR3   0x00122e    program     static /Users/mreiter/Desktop/AER201/botL.X/i2c_common.asm
              WR_ERR3_RTC   0x001076    program     static /Users/mreiter/Desktop/AER201/botL.X/i2c_common.asm
                   WR_INS   0x000f2e    program     extern /Users/mreiter/Desktop/AER201/botL.X/lcd.asm
                  Welcome   0x000e02    program     static /Users/mreiter/Desktop/AER201/botL.X/main.asm
              WriteEE_RTC   0x000bc4    program     static /Users/mreiter/Desktop/AER201/botL.X/main.asm
                   WrtLCD   0x000f6c    program     extern /Users/mreiter/Desktop/AER201/botL.X/lcd.asm
              _.code_001A   0x00100e    program     static /Users/mreiter/Desktop/AER201/botL.X/i2c_common.asm
              _.code_0028   0x00101c    program     static /Users/mreiter/Desktop/AER201/botL.X/i2c_common.asm
              _.code_0030   0x001024    program     static /Users/mreiter/Desktop/AER201/botL.X/i2c_common.asm
              _.code_0036   0x00102a    program     static /Users/mreiter/Desktop/AER201/botL.X/i2c_common.asm
              _.code_0044   0x001038    program     static /Users/mreiter/Desktop/AER201/botL.X/i2c_common.asm
              _.code_004A   0x00103e    program     static /Users/mreiter/Desktop/AER201/botL.X/i2c_common.asm
              _.code_0058   0x00104c    program     static /Users/mreiter/Desktop/AER201/botL.X/i2c_common.asm
              _.code_005E   0x001052    program     static /Users/mreiter/Desktop/AER201/botL.X/i2c_common.asm
              _.code_0090   0x001084    program     static /Users/mreiter/Desktop/AER201/botL.X/i2c_common.asm
              _.code_009E   0x001092    program     static /Users/mreiter/Desktop/AER201/botL.X/i2c_common.asm
              _.code_00A6   0x00109a    program     static /Users/mreiter/Desktop/AER201/botL.X/i2c_common.asm
              _.code_00AC   0x0010a0    program     static /Users/mreiter/Desktop/AER201/botL.X/i2c_common.asm
              _.code_00BA   0x0010ae    program     static /Users/mreiter/Desktop/AER201/botL.X/i2c_common.asm
              _.code_00C0   0x0010b4    program     static /Users/mreiter/Desktop/AER201/botL.X/i2c_common.asm
              _.code_00C6   0x000f9c    program     static /Users/mreiter/Desktop/AER201/botL.X/lcd.asm
              _.code_00CE   0x0010c2    program     static /Users/mreiter/Desktop/AER201/botL.X/i2c_common.asm
              _.code_00D6   0x0010ca    program     static /Users/mreiter/Desktop/AER201/botL.X/i2c_common.asm
              _.code_00DC   0x0010d0    program     static /Users/mreiter/Desktop/AER201/botL.X/i2c_common.asm
              _.code_00EA   0x0010de    program     static /Users/mreiter/Desktop/AER201/botL.X/i2c_common.asm
              _.code_00F0   0x000fc6    program     static /Users/mreiter/Desktop/AER201/botL.X/lcd.asm
              _.code_0122   0x001116    program     static /Users/mreiter/Desktop/AER201/botL.X/i2c_common.asm
              _.code_0144   0x001138    program     static /Users/mreiter/Desktop/AER201/botL.X/i2c_common.asm
              _.code_014C   0x001140    program     static /Users/mreiter/Desktop/AER201/botL.X/i2c_common.asm
              _.code_0152   0x001146    program     static /Users/mreiter/Desktop/AER201/botL.X/i2c_common.asm
              _.code_0164   0x001158    program     static /Users/mreiter/Desktop/AER201/botL.X/i2c_common.asm
              _.code_016A   0x00115e    program     static /Users/mreiter/Desktop/AER201/botL.X/i2c_common.asm
              _.code_0178   0x00116c    program     static /Users/mreiter/Desktop/AER201/botL.X/i2c_common.asm
              _.code_0180   0x001174    program     static /Users/mreiter/Desktop/AER201/botL.X/i2c_common.asm
              _.code_0186   0x00117a    program     static /Users/mreiter/Desktop/AER201/botL.X/i2c_common.asm
              _.code_0194   0x001188    program     static /Users/mreiter/Desktop/AER201/botL.X/i2c_common.asm
              _.code_01CC   0x0011c0    program     static /Users/mreiter/Desktop/AER201/botL.X/i2c_common.asm
              _.code_01DA   0x0011ce    program     static /Users/mreiter/Desktop/AER201/botL.X/i2c_common.asm
              _.code_01E2   0x0011d6    program     static /Users/mreiter/Desktop/AER201/botL.X/i2c_common.asm
              _.code_01E8   0x0011dc    program     static /Users/mreiter/Desktop/AER201/botL.X/i2c_common.asm
              _.code_01FA   0x0011ee    program     static /Users/mreiter/Desktop/AER201/botL.X/i2c_common.asm
              _.code_0200   0x0011f4    program     static /Users/mreiter/Desktop/AER201/botL.X/i2c_common.asm
              _.code_0210   0x001204    program     static /Users/mreiter/Desktop/AER201/botL.X/i2c_common.asm
              _.code_0216   0x00120a    program     static /Users/mreiter/Desktop/AER201/botL.X/i2c_common.asm
              _.code_0248   0x00123c    program     static /Users/mreiter/Desktop/AER201/botL.X/i2c_common.asm
             _.org_2_04AA   0x0004aa    program     static /Users/mreiter/Desktop/AER201/botL.X/main.asm
             _.org_2_04C2   0x0004c2    program     static /Users/mreiter/Desktop/AER201/botL.X/main.asm
             _.org_2_04DE   0x0004de    program     static /Users/mreiter/Desktop/AER201/botL.X/main.asm
             _.org_2_04F6   0x0004f6    program     static /Users/mreiter/Desktop/AER201/botL.X/main.asm
             _.org_2_0512   0x000512    program     static /Users/mreiter/Desktop/AER201/botL.X/main.asm
             _.org_2_052A   0x00052a    program     static /Users/mreiter/Desktop/AER201/botL.X/main.asm
             _.org_2_0546   0x000546    program     static /Users/mreiter/Desktop/AER201/botL.X/main.asm
             _.org_2_055E   0x00055e    program     static /Users/mreiter/Desktop/AER201/botL.X/main.asm
             _.org_2_05C2   0x0005c2    program     static /Users/mreiter/Desktop/AER201/botL.X/main.asm
             _.org_2_05DA   0x0005da    program     static /Users/mreiter/Desktop/AER201/botL.X/main.asm
             _.org_2_09B4   0x0009b4    program     static /Users/mreiter/Desktop/AER201/botL.X/main.asm
             _.org_2_09CC   0x0009cc    program     static /Users/mreiter/Desktop/AER201/botL.X/main.asm
             _.org_2_09F0   0x0009f0    program     static /Users/mreiter/Desktop/AER201/botL.X/main.asm
             _.org_2_0A08   0x000a08    program     static /Users/mreiter/Desktop/AER201/botL.X/main.asm
             _.org_2_0A2C   0x000a2c    program     static /Users/mreiter/Desktop/AER201/botL.X/main.asm
             _.org_2_0A44   0x000a44    program     static /Users/mreiter/Desktop/AER201/botL.X/main.asm
             _.org_2_0BD2   0x000bd2    program     static /Users/mreiter/Desktop/AER201/botL.X/main.asm
             _.org_2_0BEA   0x000bea    program     static /Users/mreiter/Desktop/AER201/botL.X/main.asm
             _.org_2_0C00   0x000c00    program     static /Users/mreiter/Desktop/AER201/botL.X/main.asm
             _.org_2_0C18   0x000c18    program     static /Users/mreiter/Desktop/AER201/botL.X/main.asm
             _.org_2_0C38   0x000c38    program     static /Users/mreiter/Desktop/AER201/botL.X/main.asm
             _.org_2_0C50   0x000c50    program     static /Users/mreiter/Desktop/AER201/botL.X/main.asm
             _.org_2_0C76   0x000c76    program     static /Users/mreiter/Desktop/AER201/botL.X/main.asm
             _.org_2_0C92   0x000c92    program     static /Users/mreiter/Desktop/AER201/botL.X/main.asm
                 _106loop   0x000cc2    program     static /Users/mreiter/Desktop/AER201/botL.X/main.asm
                 _111loop   0x000d54    program     static /Users/mreiter/Desktop/AER201/botL.X/main.asm
                  _13loop   0x0001e8    program     static /Users/mreiter/Desktop/AER201/botL.X/main.asm
                  _14loop   0x000206    program     static /Users/mreiter/Desktop/AER201/botL.X/main.asm
                  _15loop   0x000214    program     static /Users/mreiter/Desktop/AER201/botL.X/main.asm
                  _16loop   0x000232    program     static /Users/mreiter/Desktop/AER201/botL.X/main.asm
                  _17Exit   0x000254    program     static /Users/mreiter/Desktop/AER201/botL.X/main.asm
                  _17Next   0x000248    program     static /Users/mreiter/Desktop/AER201/botL.X/main.asm
                  _18Exit   0x00026a    program     static /Users/mreiter/Desktop/AER201/botL.X/main.asm
                  _18Next   0x00025e    program     static /Users/mreiter/Desktop/AER201/botL.X/main.asm
                  _19Exit   0x000280    program     static /Users/mreiter/Desktop/AER201/botL.X/main.asm
                  _19Next   0x000274    program     static /Users/mreiter/Desktop/AER201/botL.X/main.asm
                  _20Exit   0x000296    program     static /Users/mreiter/Desktop/AER201/botL.X/main.asm
                  _20Next   0x00028a    program     static /Users/mreiter/Desktop/AER201/botL.X/main.asm
                  _21Exit   0x0002ac    program     static /Users/mreiter/Desktop/AER201/botL.X/main.asm
                  _21Next   0x0002a0    program     static /Users/mreiter/Desktop/AER201/botL.X/main.asm
               _22RESULTS   0x0002be    program     static /Users/mreiter/Desktop/AER201/botL.X/main.asm
               _23RESULTS   0x0002d0    program     static /Users/mreiter/Desktop/AER201/botL.X/main.asm
               _24RESULTS   0x0002e2    program     static /Users/mreiter/Desktop/AER201/botL.X/main.asm
               _25RESULTS   0x0002fc    program     static /Users/mreiter/Desktop/AER201/botL.X/main.asm
               _26RESULTS   0x00030e    program     static /Users/mreiter/Desktop/AER201/botL.X/main.asm
               _27RESULTS   0x000320    program     static /Users/mreiter/Desktop/AER201/botL.X/main.asm
               _28RESULTS   0x00033a    program     static /Users/mreiter/Desktop/AER201/botL.X/main.asm
               _29RESULTS   0x00034c    program     static /Users/mreiter/Desktop/AER201/botL.X/main.asm
                 _2endBCD   0x000098    program     static /Users/mreiter/Desktop/AER201/botL.X/main.asm
                   _2ones   0x000092    program     static /Users/mreiter/Desktop/AER201/botL.X/main.asm
               _30RESULTS   0x00035e    program     static /Users/mreiter/Desktop/AER201/botL.X/main.asm
               _31RESULTS   0x000378    program     static /Users/mreiter/Desktop/AER201/botL.X/main.asm
               _32RESULTS   0x00038a    program     static /Users/mreiter/Desktop/AER201/botL.X/main.asm
               _33RESULTS   0x00039c    program     static /Users/mreiter/Desktop/AER201/botL.X/main.asm
                  _34loop   0x0003ac    program     static /Users/mreiter/Desktop/AER201/botL.X/main.asm
                 _3endBCD   0x0000ca    program     static /Users/mreiter/Desktop/AER201/botL.X/main.asm
                   _3ones   0x0000c4    program     static /Users/mreiter/Desktop/AER201/botL.X/main.asm
                  _44loop   0x00044e    program     static /Users/mreiter/Desktop/AER201/botL.X/main.asm
                  _45Exit   0x00048a    program     static /Users/mreiter/Desktop/AER201/botL.X/main.asm
                  _45Next   0x00047e    program     static /Users/mreiter/Desktop/AER201/botL.X/main.asm
                  _50loop   0x00057e    program     static /Users/mreiter/Desktop/AER201/botL.X/main.asm
                  _53loop   0x000618    program     static /Users/mreiter/Desktop/AER201/botL.X/main.asm
                  _54Exit   0x00064c    program     static /Users/mreiter/Desktop/AER201/botL.X/main.asm
                  _54Next   0x000640    program     static /Users/mreiter/Desktop/AER201/botL.X/main.asm
                  _55Exit   0x000662    program     static /Users/mreiter/Desktop/AER201/botL.X/main.asm
                  _55Next   0x000656    program     static /Users/mreiter/Desktop/AER201/botL.X/main.asm
                  _56loop   0x00067a    program     static /Users/mreiter/Desktop/AER201/botL.X/main.asm
                  _57loop   0x000698    program     static /Users/mreiter/Desktop/AER201/botL.X/main.asm
                  _58Exit   0x0006be    program     static /Users/mreiter/Desktop/AER201/botL.X/main.asm
                  _58Next   0x0006b2    program     static /Users/mreiter/Desktop/AER201/botL.X/main.asm
                  _59loop   0x0006d6    program     static /Users/mreiter/Desktop/AER201/botL.X/main.asm
                  _60loop   0x0006f4    program     static /Users/mreiter/Desktop/AER201/botL.X/main.asm
                  _61Exit   0x000716    program     static /Users/mreiter/Desktop/AER201/botL.X/main.asm
                  _61Next   0x00070a    program     static /Users/mreiter/Desktop/AER201/botL.X/main.asm
                  _62Exit   0x00072c    program     static /Users/mreiter/Desktop/AER201/botL.X/main.asm
                  _62Next   0x000720    program     static /Users/mreiter/Desktop/AER201/botL.X/main.asm
                  _63Exit   0x000742    program     static /Users/mreiter/Desktop/AER201/botL.X/main.asm
                  _63Next   0x000736    program     static /Users/mreiter/Desktop/AER201/botL.X/main.asm
                  _64Exit   0x000758    program     static /Users/mreiter/Desktop/AER201/botL.X/main.asm
                  _64Next   0x00074c    program     static /Users/mreiter/Desktop/AER201/botL.X/main.asm
                  _65Exit   0x00076e    program     static /Users/mreiter/Desktop/AER201/botL.X/main.asm
                  _65Next   0x000762    program     static /Users/mreiter/Desktop/AER201/botL.X/main.asm
                  _66Exit   0x000784    program     static /Users/mreiter/Desktop/AER201/botL.X/main.asm
                  _66Next   0x000778    program     static /Users/mreiter/Desktop/AER201/botL.X/main.asm
                  _67Exit   0x00079a    program     static /Users/mreiter/Desktop/AER201/botL.X/main.asm
                  _67Next   0x00078e    program     static /Users/mreiter/Desktop/AER201/botL.X/main.asm
                  _68Exit   0x0007b0    program     static /Users/mreiter/Desktop/AER201/botL.X/main.asm
                  _68Next   0x0007a4    program     static /Users/mreiter/Desktop/AER201/botL.X/main.asm
                  _69Exit   0x0007c6    program     static /Users/mreiter/Desktop/AER201/botL.X/main.asm
                  _69Next   0x0007ba    program     static /Users/mreiter/Desktop/AER201/botL.X/main.asm
                  _70Exit   0x0007dc    program     static /Users/mreiter/Desktop/AER201/botL.X/main.asm
                  _70Next   0x0007d0    program     static /Users/mreiter/Desktop/AER201/botL.X/main.asm
                  _71loop   0x0007f4    program     static /Users/mreiter/Desktop/AER201/botL.X/main.asm
                  _74Exit   0x00088c    program     static /Users/mreiter/Desktop/AER201/botL.X/main.asm
                  _74Next   0x000880    program     static /Users/mreiter/Desktop/AER201/botL.X/main.asm
                  _75loop   0x0008a4    program     static /Users/mreiter/Desktop/AER201/botL.X/main.asm
                  _76loop   0x0008c2    program     static /Users/mreiter/Desktop/AER201/botL.X/main.asm
                  _77Exit   0x0008f0    program     static /Users/mreiter/Desktop/AER201/botL.X/main.asm
                  _77Next   0x0008e4    program     static /Users/mreiter/Desktop/AER201/botL.X/main.asm
                  _78Exit   0x000906    program     static /Users/mreiter/Desktop/AER201/botL.X/main.asm
                  _78Next   0x0008fa    program     static /Users/mreiter/Desktop/AER201/botL.X/main.asm
                  _79loop   0x000920    program     static /Users/mreiter/Desktop/AER201/botL.X/main.asm
                  _waitl0   0x0010ea    program     static /Users/mreiter/Desktop/AER201/botL.X/i2c_common.asm
                  _waitl1   0x001194    program     static /Users/mreiter/Desktop/AER201/botL.X/i2c_common.asm
                       d2   0x000fee    program     static /Users/mreiter/Desktop/AER201/botL.X/lcd.asm
                del_loop0   0x000b22    program     static /Users/mreiter/Desktop/AER201/botL.X/main.asm
                delay44us   0x000fd2    program     static /Users/mreiter/Desktop/AER201/botL.X/lcd.asm
                 delay5ms   0x000fde    program     extern /Users/mreiter/Desktop/AER201/botL.X/lcd.asm
               displayNum   0x00081a    program     static /Users/mreiter/Desktop/AER201/botL.X/main.asm
         i2c_common_setup   0x000ff4    program     extern /Users/mreiter/Desktop/AER201/botL.X/i2c_common.asm
             lcdLongDelay   0x000fbc    program     static /Users/mreiter/Desktop/AER201/botL.X/lcd.asm
                loop200us   0x000ba6    program     static /Users/mreiter/Desktop/AER201/botL.X/main.asm
                 loop50ms   0x000bb4    program     static /Users/mreiter/Desktop/AER201/botL.X/main.asm
                  loop5us   0x000b98    program     static /Users/mreiter/Desktop/AER201/botL.X/main.asm
                 read_rtc   0x00108a    program     extern /Users/mreiter/Desktop/AER201/botL.X/i2c_common.asm
              rtc_convert   0x00111c    program     extern /Users/mreiter/Desktop/AER201/botL.X/i2c_common.asm
                write_rtc   0x001014    program     extern /Users/mreiter/Desktop/AER201/botL.X/i2c_common.asm
           convert_buffer   0x000087       data     extern /Users/mreiter/Desktop/AER201/botL.X/i2c_common.asm
                 d200us_C   0x000089       data     extern /Users/mreiter/Desktop/AER201/botL.X/i2c_common.asm
                  d50ms_C   0x000088       data     extern /Users/mreiter/Desktop/AER201/botL.X/i2c_common.asm
             data_colourH   0x000084       data     extern /Users/mreiter/Desktop/AER201/botL.X/i2c_common.asm
             data_colourL   0x000083       data     extern /Users/mreiter/Desktop/AER201/botL.X/i2c_common.asm
                 databyte   0x000081       data     extern /Users/mreiter/Desktop/AER201/botL.X/i2c_common.asm
                 datachar   0x000082       data     extern /Users/mreiter/Desktop/AER201/botL.X/i2c_common.asm
               ones_digit   0x000086       data     extern /Users/mreiter/Desktop/AER201/botL.X/i2c_common.asm
               regaddress   0x000080       data     extern /Users/mreiter/Desktop/AER201/botL.X/i2c_common.asm
               tens_digit   0x000085       data     extern /Users/mreiter/Desktop/AER201/botL.X/i2c_common.asm



                              Symbols - Sorted by Address
                     Name    Address   Location    Storage File                     
                ---------  ---------  ---------  --------- ---------                
                 ISR_HIGH   0x00001c    program     static /Users/mreiter/Desktop/AER201/botL.X/main.asm
                   _2ones   0x000092    program     static /Users/mreiter/Desktop/AER201/botL.X/main.asm
                 _2endBCD   0x000098    program     static /Users/mreiter/Desktop/AER201/botL.X/main.asm
                   _3ones   0x0000c4    program     static /Users/mreiter/Desktop/AER201/botL.X/main.asm
                 _3endBCD   0x0000ca    program     static /Users/mreiter/Desktop/AER201/botL.X/main.asm
             END_ISR_HIGH   0x0000cc    program     static /Users/mreiter/Desktop/AER201/botL.X/main.asm
                  ISR_LOW   0x0000d6    program     static /Users/mreiter/Desktop/AER201/botL.X/main.asm
              END_ISR_LOW   0x0000f2    program     static /Users/mreiter/Desktop/AER201/botL.X/main.asm
                     INIT   0x00010a    program     static /Users/mreiter/Desktop/AER201/botL.X/main.asm
                  _13loop   0x0001e8    program     static /Users/mreiter/Desktop/AER201/botL.X/main.asm
                  _14loop   0x000206    program     static /Users/mreiter/Desktop/AER201/botL.X/main.asm
                  _15loop   0x000214    program     static /Users/mreiter/Desktop/AER201/botL.X/main.asm
                  STANDBY   0x00021e    program     static /Users/mreiter/Desktop/AER201/botL.X/main.asm
                  _16loop   0x000232    program     static /Users/mreiter/Desktop/AER201/botL.X/main.asm
             HOLD_STANDBY   0x00023c    program     static /Users/mreiter/Desktop/AER201/botL.X/main.asm
                  _17Next   0x000248    program     static /Users/mreiter/Desktop/AER201/botL.X/main.asm
                  _17Exit   0x000254    program     static /Users/mreiter/Desktop/AER201/botL.X/main.asm
                  _18Next   0x00025e    program     static /Users/mreiter/Desktop/AER201/botL.X/main.asm
                  _18Exit   0x00026a    program     static /Users/mreiter/Desktop/AER201/botL.X/main.asm
                  _19Next   0x000274    program     static /Users/mreiter/Desktop/AER201/botL.X/main.asm
                  _19Exit   0x000280    program     static /Users/mreiter/Desktop/AER201/botL.X/main.asm
                  _20Next   0x00028a    program     static /Users/mreiter/Desktop/AER201/botL.X/main.asm
                  _20Exit   0x000296    program     static /Users/mreiter/Desktop/AER201/botL.X/main.asm
                  _21Next   0x0002a0    program     static /Users/mreiter/Desktop/AER201/botL.X/main.asm
                  _21Exit   0x0002ac    program     static /Users/mreiter/Desktop/AER201/botL.X/main.asm
              CHECK_CLEAR   0x0002b0    program     static /Users/mreiter/Desktop/AER201/botL.X/main.asm
               _22RESULTS   0x0002be    program     static /Users/mreiter/Desktop/AER201/botL.X/main.asm
               _23RESULTS   0x0002d0    program     static /Users/mreiter/Desktop/AER201/botL.X/main.asm
               _24RESULTS   0x0002e2    program     static /Users/mreiter/Desktop/AER201/botL.X/main.asm
                CHECK_RED   0x0002ee    program     static /Users/mreiter/Desktop/AER201/botL.X/main.asm
               _25RESULTS   0x0002fc    program     static /Users/mreiter/Desktop/AER201/botL.X/main.asm
               _26RESULTS   0x00030e    program     static /Users/mreiter/Desktop/AER201/botL.X/main.asm
               _27RESULTS   0x000320    program     static /Users/mreiter/Desktop/AER201/botL.X/main.asm
              CHECK_GREEN   0x00032c    program     static /Users/mreiter/Desktop/AER201/botL.X/main.asm
               _28RESULTS   0x00033a    program     static /Users/mreiter/Desktop/AER201/botL.X/main.asm
               _29RESULTS   0x00034c    program     static /Users/mreiter/Desktop/AER201/botL.X/main.asm
               _30RESULTS   0x00035e    program     static /Users/mreiter/Desktop/AER201/botL.X/main.asm
               CHECK_BLUE   0x00036a    program     static /Users/mreiter/Desktop/AER201/botL.X/main.asm
               _31RESULTS   0x000378    program     static /Users/mreiter/Desktop/AER201/botL.X/main.asm
               _32RESULTS   0x00038a    program     static /Users/mreiter/Desktop/AER201/botL.X/main.asm
               _33RESULTS   0x00039c    program     static /Users/mreiter/Desktop/AER201/botL.X/main.asm
              COLOUR_TEST   0x0003a8    program     static /Users/mreiter/Desktop/AER201/botL.X/main.asm
                  LOOPING   0x0003a8    program     static /Users/mreiter/Desktop/AER201/botL.X/main.asm
                  _34loop   0x0003ac    program     static /Users/mreiter/Desktop/AER201/botL.X/main.asm
                EXECUTION   0x000430    program     static /Users/mreiter/Desktop/AER201/botL.X/main.asm
                  _44loop   0x00044e    program     static /Users/mreiter/Desktop/AER201/botL.X/main.asm
                 HOLD_EXE   0x000472    program     static /Users/mreiter/Desktop/AER201/botL.X/main.asm
                  _45Next   0x00047e    program     static /Users/mreiter/Desktop/AER201/botL.X/main.asm
                  _45Exit   0x00048a    program     static /Users/mreiter/Desktop/AER201/botL.X/main.asm
                 EXIT_EXE   0x00048e    program     static /Users/mreiter/Desktop/AER201/botL.X/main.asm
             _.org_2_04AA   0x0004aa    program     static /Users/mreiter/Desktop/AER201/botL.X/main.asm
             _.org_2_04C2   0x0004c2    program     static /Users/mreiter/Desktop/AER201/botL.X/main.asm
             _.org_2_04DE   0x0004de    program     static /Users/mreiter/Desktop/AER201/botL.X/main.asm
             _.org_2_04F6   0x0004f6    program     static /Users/mreiter/Desktop/AER201/botL.X/main.asm
             _.org_2_0512   0x000512    program     static /Users/mreiter/Desktop/AER201/botL.X/main.asm
             _.org_2_052A   0x00052a    program     static /Users/mreiter/Desktop/AER201/botL.X/main.asm
             _.org_2_0546   0x000546    program     static /Users/mreiter/Desktop/AER201/botL.X/main.asm
             _.org_2_055E   0x00055e    program     static /Users/mreiter/Desktop/AER201/botL.X/main.asm
                 SaveData   0x00056a    program     static /Users/mreiter/Desktop/AER201/botL.X/main.asm
                  _50loop   0x00057e    program     static /Users/mreiter/Desktop/AER201/botL.X/main.asm
                ShiftLoop   0x00059c    program     static /Users/mreiter/Desktop/AER201/botL.X/main.asm
             _.org_2_05C2   0x0005c2    program     static /Users/mreiter/Desktop/AER201/botL.X/main.asm
             _.org_2_05DA   0x0005da    program     static /Users/mreiter/Desktop/AER201/botL.X/main.asm
                      LOG   0x000604    program     static /Users/mreiter/Desktop/AER201/botL.X/main.asm
                  _53loop   0x000618    program     static /Users/mreiter/Desktop/AER201/botL.X/main.asm
                 HOLD_LOG   0x000634    program     static /Users/mreiter/Desktop/AER201/botL.X/main.asm
                  _54Next   0x000640    program     static /Users/mreiter/Desktop/AER201/botL.X/main.asm
                  _54Exit   0x00064c    program     static /Users/mreiter/Desktop/AER201/botL.X/main.asm
                  _55Next   0x000656    program     static /Users/mreiter/Desktop/AER201/botL.X/main.asm
                  _55Exit   0x000662    program     static /Users/mreiter/Desktop/AER201/botL.X/main.asm
                 LOG_INFO   0x000666    program     static /Users/mreiter/Desktop/AER201/botL.X/main.asm
                  _56loop   0x00067a    program     static /Users/mreiter/Desktop/AER201/botL.X/main.asm
                  _57loop   0x000698    program     static /Users/mreiter/Desktop/AER201/botL.X/main.asm
            HOLD_LOG_INFO   0x0006a6    program     static /Users/mreiter/Desktop/AER201/botL.X/main.asm
                  _58Next   0x0006b2    program     static /Users/mreiter/Desktop/AER201/botL.X/main.asm
                  _58Exit   0x0006be    program     static /Users/mreiter/Desktop/AER201/botL.X/main.asm
                 PERM_LOG   0x0006c2    program     static /Users/mreiter/Desktop/AER201/botL.X/main.asm
                  _59loop   0x0006d6    program     static /Users/mreiter/Desktop/AER201/botL.X/main.asm
                  _60loop   0x0006f4    program     static /Users/mreiter/Desktop/AER201/botL.X/main.asm
            HOLD_PERM_LOG   0x0006fe    program     static /Users/mreiter/Desktop/AER201/botL.X/main.asm
                  _61Next   0x00070a    program     static /Users/mreiter/Desktop/AER201/botL.X/main.asm
                  _61Exit   0x000716    program     static /Users/mreiter/Desktop/AER201/botL.X/main.asm
                  _62Next   0x000720    program     static /Users/mreiter/Desktop/AER201/botL.X/main.asm
                  _62Exit   0x00072c    program     static /Users/mreiter/Desktop/AER201/botL.X/main.asm
                  _63Next   0x000736    program     static /Users/mreiter/Desktop/AER201/botL.X/main.asm
                  _63Exit   0x000742    program     static /Users/mreiter/Desktop/AER201/botL.X/main.asm
                  _64Next   0x00074c    program     static /Users/mreiter/Desktop/AER201/botL.X/main.asm
                  _64Exit   0x000758    program     static /Users/mreiter/Desktop/AER201/botL.X/main.asm
                  _65Next   0x000762    program     static /Users/mreiter/Desktop/AER201/botL.X/main.asm
                  _65Exit   0x00076e    program     static /Users/mreiter/Desktop/AER201/botL.X/main.asm
                  _66Next   0x000778    program     static /Users/mreiter/Desktop/AER201/botL.X/main.asm
                  _66Exit   0x000784    program     static /Users/mreiter/Desktop/AER201/botL.X/main.asm
                  _67Next   0x00078e    program     static /Users/mreiter/Desktop/AER201/botL.X/main.asm
                  _67Exit   0x00079a    program     static /Users/mreiter/Desktop/AER201/botL.X/main.asm
                  _68Next   0x0007a4    program     static /Users/mreiter/Desktop/AER201/botL.X/main.asm
                  _68Exit   0x0007b0    program     static /Users/mreiter/Desktop/AER201/botL.X/main.asm
                  _69Next   0x0007ba    program     static /Users/mreiter/Desktop/AER201/botL.X/main.asm
                  _69Exit   0x0007c6    program     static /Users/mreiter/Desktop/AER201/botL.X/main.asm
                  _70Next   0x0007d0    program     static /Users/mreiter/Desktop/AER201/botL.X/main.asm
                  _70Exit   0x0007dc    program     static /Users/mreiter/Desktop/AER201/botL.X/main.asm
                     PLOG   0x0007e0    program     static /Users/mreiter/Desktop/AER201/botL.X/main.asm
                  _71loop   0x0007f4    program     static /Users/mreiter/Desktop/AER201/botL.X/main.asm
               displayNum   0x00081a    program     static /Users/mreiter/Desktop/AER201/botL.X/main.asm
                HOLD_PLOG   0x000874    program     static /Users/mreiter/Desktop/AER201/botL.X/main.asm
                  _74Next   0x000880    program     static /Users/mreiter/Desktop/AER201/botL.X/main.asm
                  _74Exit   0x00088c    program     static /Users/mreiter/Desktop/AER201/botL.X/main.asm
                  PC_MODE   0x000890    program     static /Users/mreiter/Desktop/AER201/botL.X/main.asm
                  _75loop   0x0008a4    program     static /Users/mreiter/Desktop/AER201/botL.X/main.asm
                  _76loop   0x0008c2    program     static /Users/mreiter/Desktop/AER201/botL.X/main.asm
                  HOLD_PC   0x0008d8    program     static /Users/mreiter/Desktop/AER201/botL.X/main.asm
                  _77Next   0x0008e4    program     static /Users/mreiter/Desktop/AER201/botL.X/main.asm
                  _77Exit   0x0008f0    program     static /Users/mreiter/Desktop/AER201/botL.X/main.asm
                  _78Next   0x0008fa    program     static /Users/mreiter/Desktop/AER201/botL.X/main.asm
                  _78Exit   0x000906    program     static /Users/mreiter/Desktop/AER201/botL.X/main.asm
              PC_TRANSFER   0x00090a    program     static /Users/mreiter/Desktop/AER201/botL.X/main.asm
                  _79loop   0x000920    program     static /Users/mreiter/Desktop/AER201/botL.X/main.asm
                 RTC_INIT   0x00092e    program     static /Users/mreiter/Desktop/AER201/botL.X/main.asm
                SAVE_TIME   0x00093c    program     static /Users/mreiter/Desktop/AER201/botL.X/main.asm
            SAVE_EXE_TIME   0x000998    program     static /Users/mreiter/Desktop/AER201/botL.X/main.asm
             _.org_2_09B4   0x0009b4    program     static /Users/mreiter/Desktop/AER201/botL.X/main.asm
             _.org_2_09CC   0x0009cc    program     static /Users/mreiter/Desktop/AER201/botL.X/main.asm
             _.org_2_09F0   0x0009f0    program     static /Users/mreiter/Desktop/AER201/botL.X/main.asm
             _.org_2_0A08   0x000a08    program     static /Users/mreiter/Desktop/AER201/botL.X/main.asm
             _.org_2_0A2C   0x000a2c    program     static /Users/mreiter/Desktop/AER201/botL.X/main.asm
             _.org_2_0A44   0x000a44    program     static /Users/mreiter/Desktop/AER201/botL.X/main.asm
              DISPLAY_RTC   0x000a4e    program     static /Users/mreiter/Desktop/AER201/botL.X/main.asm
                 SET_TIME   0x000b1c    program     static /Users/mreiter/Desktop/AER201/botL.X/main.asm
                del_loop0   0x000b22    program     static /Users/mreiter/Desktop/AER201/botL.X/main.asm
               INIT_USART   0x000b84    program     static /Users/mreiter/Desktop/AER201/botL.X/main.asm
                 Delay5us   0x000b94    program     static /Users/mreiter/Desktop/AER201/botL.X/main.asm
                  loop5us   0x000b98    program     static /Users/mreiter/Desktop/AER201/botL.X/main.asm
               Delay200us   0x000ba2    program     static /Users/mreiter/Desktop/AER201/botL.X/main.asm
                loop200us   0x000ba6    program     static /Users/mreiter/Desktop/AER201/botL.X/main.asm
                Delay50ms   0x000bb0    program     static /Users/mreiter/Desktop/AER201/botL.X/main.asm
                 loop50ms   0x000bb4    program     static /Users/mreiter/Desktop/AER201/botL.X/main.asm
                   Cycles   0x000bba    program     static /Users/mreiter/Desktop/AER201/botL.X/main.asm
              WriteEE_RTC   0x000bc4    program     static /Users/mreiter/Desktop/AER201/botL.X/main.asm
             _.org_2_0BD2   0x000bd2    program     static /Users/mreiter/Desktop/AER201/botL.X/main.asm
             _.org_2_0BEA   0x000bea    program     static /Users/mreiter/Desktop/AER201/botL.X/main.asm
             _.org_2_0C00   0x000c00    program     static /Users/mreiter/Desktop/AER201/botL.X/main.asm
             _.org_2_0C18   0x000c18    program     static /Users/mreiter/Desktop/AER201/botL.X/main.asm
           ClearEEPROM_21   0x000c22    program     static /Users/mreiter/Desktop/AER201/botL.X/main.asm
                ClearNext   0x000c2a    program     static /Users/mreiter/Desktop/AER201/botL.X/main.asm
             _.org_2_0C38   0x000c38    program     static /Users/mreiter/Desktop/AER201/botL.X/main.asm
             _.org_2_0C50   0x000c50    program     static /Users/mreiter/Desktop/AER201/botL.X/main.asm
                 READ_KEY   0x000c68    program     static /Users/mreiter/Desktop/AER201/botL.X/main.asm
             _.org_2_0C76   0x000c76    program     static /Users/mreiter/Desktop/AER201/botL.X/main.asm
            READ_KEY_TIME   0x000c7c    program     static /Users/mreiter/Desktop/AER201/botL.X/main.asm
             _.org_2_0C92   0x000c92    program     static /Users/mreiter/Desktop/AER201/botL.X/main.asm
           DisplayExeTime   0x000c98    program     static /Users/mreiter/Desktop/AER201/botL.X/main.asm
                 _106loop   0x000cc2    program     static /Users/mreiter/Desktop/AER201/botL.X/main.asm
        NoSkipDispExeTime   0x000cd6    program     static /Users/mreiter/Desktop/AER201/botL.X/main.asm
          SkipDispExeTime   0x000d28    program     static /Users/mreiter/Desktop/AER201/botL.X/main.asm
                DispOpRTC   0x000d2a    program     static /Users/mreiter/Desktop/AER201/botL.X/main.asm
                 _111loop   0x000d54    program     static /Users/mreiter/Desktop/AER201/botL.X/main.asm
          NoSkipDispOpRTC   0x000d66    program     static /Users/mreiter/Desktop/AER201/botL.X/main.asm
            SkipDispOpRTC   0x000dc6    program     static /Users/mreiter/Desktop/AER201/botL.X/main.asm
         DispOpRTC_Helper   0x000dc8    program     static /Users/mreiter/Desktop/AER201/botL.X/main.asm
                  Welcome   0x000e02    program     static /Users/mreiter/Desktop/AER201/botL.X/main.asm
                     Team   0x000e08    program     static /Users/mreiter/Desktop/AER201/botL.X/main.asm
                  StandBy   0x000e12    program     static /Users/mreiter/Desktop/AER201/botL.X/main.asm
                     Log1   0x000e1a    program     static /Users/mreiter/Desktop/AER201/botL.X/main.asm
                     Log2   0x000e20    program     static /Users/mreiter/Desktop/AER201/botL.X/main.asm
                 LogInfo1   0x000e2e    program     static /Users/mreiter/Desktop/AER201/botL.X/main.asm
                 LogInfo2   0x000e36    program     static /Users/mreiter/Desktop/AER201/botL.X/main.asm
                 PermLog1   0x000e40    program     static /Users/mreiter/Desktop/AER201/botL.X/main.asm
                 PermLog2   0x000e50    program     static /Users/mreiter/Desktop/AER201/botL.X/main.asm
                     Exe1   0x000e5c    program     static /Users/mreiter/Desktop/AER201/botL.X/main.asm
                     Exe2   0x000e68    program     static /Users/mreiter/Desktop/AER201/botL.X/main.asm
                      PC1   0x000e70    program     static /Users/mreiter/Desktop/AER201/botL.X/main.asm
                      PC2   0x000e7e    program     static /Users/mreiter/Desktop/AER201/botL.X/main.asm
               PCTransfer   0x000e88    program     static /Users/mreiter/Desktop/AER201/botL.X/main.asm
                  Stopped   0x000e98    program     static /Users/mreiter/Desktop/AER201/botL.X/main.asm
                 Exe_Time   0x000ea0    program     static /Users/mreiter/Desktop/AER201/botL.X/main.asm
                     SAVE   0x000ea8    program     static /Users/mreiter/Desktop/AER201/botL.X/main.asm
                   Safety   0x000eb2    program     static /Users/mreiter/Desktop/AER201/botL.X/main.asm
                   NoData   0x000ec2    program     static /Users/mreiter/Desktop/AER201/botL.X/main.asm
                   PCLog1   0x000ec6    program     static /Users/mreiter/Desktop/AER201/botL.X/main.asm
                  InitLCD   0x000ed6    program     extern /Users/mreiter/Desktop/AER201/botL.X/lcd.asm
                   WR_INS   0x000f2e    program     extern /Users/mreiter/Desktop/AER201/botL.X/lcd.asm
                  WR_DATA   0x000f4a    program     extern /Users/mreiter/Desktop/AER201/botL.X/lcd.asm
                   WrtLCD   0x000f6c    program     extern /Users/mreiter/Desktop/AER201/botL.X/lcd.asm
                   ClrLCD   0x000f82    program     extern /Users/mreiter/Desktop/AER201/botL.X/lcd.asm
                   ClkLCD   0x000f90    program     extern /Users/mreiter/Desktop/AER201/botL.X/lcd.asm
              _.code_00C6   0x000f9c    program     static /Users/mreiter/Desktop/AER201/botL.X/lcd.asm
                   LCD_L1   0x000fa2    program     extern /Users/mreiter/Desktop/AER201/botL.X/lcd.asm
                   LCD_L2   0x000faa    program     extern /Users/mreiter/Desktop/AER201/botL.X/lcd.asm
                   MovMSB   0x000fb2    program     static /Users/mreiter/Desktop/AER201/botL.X/lcd.asm
             lcdLongDelay   0x000fbc    program     static /Users/mreiter/Desktop/AER201/botL.X/lcd.asm
                 LLD_LOOP   0x000fc0    program     static /Users/mreiter/Desktop/AER201/botL.X/lcd.asm
              _.code_00F0   0x000fc6    program     static /Users/mreiter/Desktop/AER201/botL.X/lcd.asm
                delay44us   0x000fd2    program     static /Users/mreiter/Desktop/AER201/botL.X/lcd.asm
            Delay44usLoop   0x000fd6    program     static /Users/mreiter/Desktop/AER201/botL.X/lcd.asm
                 delay5ms   0x000fde    program     extern /Users/mreiter/Desktop/AER201/botL.X/lcd.asm
             Delay5msLoop   0x000fe6    program     static /Users/mreiter/Desktop/AER201/botL.X/lcd.asm
                       d2   0x000fee    program     static /Users/mreiter/Desktop/AER201/botL.X/lcd.asm
         i2c_common_setup   0x000ff4    program     extern /Users/mreiter/Desktop/AER201/botL.X/i2c_common.asm
              _.code_001A   0x00100e    program     static /Users/mreiter/Desktop/AER201/botL.X/i2c_common.asm
                write_rtc   0x001014    program     extern /Users/mreiter/Desktop/AER201/botL.X/i2c_common.asm
              _.code_0028   0x00101c    program     static /Users/mreiter/Desktop/AER201/botL.X/i2c_common.asm
              _.code_0030   0x001024    program     static /Users/mreiter/Desktop/AER201/botL.X/i2c_common.asm
              _.code_0036   0x00102a    program     static /Users/mreiter/Desktop/AER201/botL.X/i2c_common.asm
              _.code_0044   0x001038    program     static /Users/mreiter/Desktop/AER201/botL.X/i2c_common.asm
              _.code_004A   0x00103e    program     static /Users/mreiter/Desktop/AER201/botL.X/i2c_common.asm
              _.code_0058   0x00104c    program     static /Users/mreiter/Desktop/AER201/botL.X/i2c_common.asm
              _.code_005E   0x001052    program     static /Users/mreiter/Desktop/AER201/botL.X/i2c_common.asm
              WR_ERR1_RTC   0x001060    program     static /Users/mreiter/Desktop/AER201/botL.X/i2c_common.asm
              WR_ERR2_RTC   0x00106a    program     static /Users/mreiter/Desktop/AER201/botL.X/i2c_common.asm
              WR_ERR3_RTC   0x001076    program     static /Users/mreiter/Desktop/AER201/botL.X/i2c_common.asm
               WR_END_RTC   0x001080    program     static /Users/mreiter/Desktop/AER201/botL.X/i2c_common.asm
              _.code_0090   0x001084    program     static /Users/mreiter/Desktop/AER201/botL.X/i2c_common.asm
                 read_rtc   0x00108a    program     extern /Users/mreiter/Desktop/AER201/botL.X/i2c_common.asm
              _.code_009E   0x001092    program     static /Users/mreiter/Desktop/AER201/botL.X/i2c_common.asm
              _.code_00A6   0x00109a    program     static /Users/mreiter/Desktop/AER201/botL.X/i2c_common.asm
              _.code_00AC   0x0010a0    program     static /Users/mreiter/Desktop/AER201/botL.X/i2c_common.asm
              _.code_00BA   0x0010ae    program     static /Users/mreiter/Desktop/AER201/botL.X/i2c_common.asm
              _.code_00C0   0x0010b4    program     static /Users/mreiter/Desktop/AER201/botL.X/i2c_common.asm
              _.code_00CE   0x0010c2    program     static /Users/mreiter/Desktop/AER201/botL.X/i2c_common.asm
              _.code_00D6   0x0010ca    program     static /Users/mreiter/Desktop/AER201/botL.X/i2c_common.asm
              _.code_00DC   0x0010d0    program     static /Users/mreiter/Desktop/AER201/botL.X/i2c_common.asm
              _.code_00EA   0x0010de    program     static /Users/mreiter/Desktop/AER201/botL.X/i2c_common.asm
                  _waitl0   0x0010ea    program     static /Users/mreiter/Desktop/AER201/botL.X/i2c_common.asm
              RD_ERR1_RTC   0x0010f4    program     static /Users/mreiter/Desktop/AER201/botL.X/i2c_common.asm
              RD_ERR2_RTC   0x0010fe    program     static /Users/mreiter/Desktop/AER201/botL.X/i2c_common.asm
              RD_ERR3_RTC   0x001108    program     static /Users/mreiter/Desktop/AER201/botL.X/i2c_common.asm
               RD_END_RTC   0x001112    program     static /Users/mreiter/Desktop/AER201/botL.X/i2c_common.asm
              _.code_0122   0x001116    program     static /Users/mreiter/Desktop/AER201/botL.X/i2c_common.asm
              rtc_convert   0x00111c    program     extern /Users/mreiter/Desktop/AER201/botL.X/i2c_common.asm
          READ_COLOUR_I2C   0x001130    program     extern /Users/mreiter/Desktop/AER201/botL.X/i2c_common.asm
              _.code_0144   0x001138    program     static /Users/mreiter/Desktop/AER201/botL.X/i2c_common.asm
              _.code_014C   0x001140    program     static /Users/mreiter/Desktop/AER201/botL.X/i2c_common.asm
              _.code_0152   0x001146    program     static /Users/mreiter/Desktop/AER201/botL.X/i2c_common.asm
              _.code_0164   0x001158    program     static /Users/mreiter/Desktop/AER201/botL.X/i2c_common.asm
              _.code_016A   0x00115e    program     static /Users/mreiter/Desktop/AER201/botL.X/i2c_common.asm
              _.code_0178   0x00116c    program     static /Users/mreiter/Desktop/AER201/botL.X/i2c_common.asm
              _.code_0180   0x001174    program     static /Users/mreiter/Desktop/AER201/botL.X/i2c_common.asm
              _.code_0186   0x00117a    program     static /Users/mreiter/Desktop/AER201/botL.X/i2c_common.asm
              _.code_0194   0x001188    program     static /Users/mreiter/Desktop/AER201/botL.X/i2c_common.asm
                  _waitl1   0x001194    program     static /Users/mreiter/Desktop/AER201/botL.X/i2c_common.asm
                  RD_ERR1   0x00119e    program     static /Users/mreiter/Desktop/AER201/botL.X/i2c_common.asm
                  RD_ERR2   0x0011a8    program     static /Users/mreiter/Desktop/AER201/botL.X/i2c_common.asm
                  RD_ERR3   0x0011b2    program     static /Users/mreiter/Desktop/AER201/botL.X/i2c_common.asm
                   RD_END   0x0011bc    program     static /Users/mreiter/Desktop/AER201/botL.X/i2c_common.asm
              _.code_01CC   0x0011c0    program     static /Users/mreiter/Desktop/AER201/botL.X/i2c_common.asm
         WRITE_COLOUR_I2C   0x0011c6    program     extern /Users/mreiter/Desktop/AER201/botL.X/i2c_common.asm
              _.code_01DA   0x0011ce    program     static /Users/mreiter/Desktop/AER201/botL.X/i2c_common.asm
              _.code_01E2   0x0011d6    program     static /Users/mreiter/Desktop/AER201/botL.X/i2c_common.asm
              _.code_01E8   0x0011dc    program     static /Users/mreiter/Desktop/AER201/botL.X/i2c_common.asm
              _.code_01FA   0x0011ee    program     static /Users/mreiter/Desktop/AER201/botL.X/i2c_common.asm
              _.code_0200   0x0011f4    program     static /Users/mreiter/Desktop/AER201/botL.X/i2c_common.asm
              _.code_0210   0x001204    program     static /Users/mreiter/Desktop/AER201/botL.X/i2c_common.asm
              _.code_0216   0x00120a    program     static /Users/mreiter/Desktop/AER201/botL.X/i2c_common.asm
                  WR_ERR1   0x001218    program     static /Users/mreiter/Desktop/AER201/botL.X/i2c_common.asm
                  WR_ERR2   0x001222    program     static /Users/mreiter/Desktop/AER201/botL.X/i2c_common.asm
                  WR_ERR3   0x00122e    program     static /Users/mreiter/Desktop/AER201/botL.X/i2c_common.asm
                   WR_END   0x001238    program     static /Users/mreiter/Desktop/AER201/botL.X/i2c_common.asm
              _.code_0248   0x00123c    program     static /Users/mreiter/Desktop/AER201/botL.X/i2c_common.asm
                CHECK_ACK   0x001242    program     extern /Users/mreiter/Desktop/AER201/botL.X/i2c.asm
                 I2C_temp   0x001242    program     static /Users/mreiter/Desktop/AER201/botL.X/i2c.asm
                I2C_ACKDT   0x001242    program     extern /Users/mreiter/Desktop/AER201/botL.X/i2c.asm
               CHECK_NACK   0x001246    program     extern /Users/mreiter/Desktop/AER201/botL.X/i2c.asm
                TEST_NACK   0x00124a    program     static /Users/mreiter/Desktop/AER201/botL.X/i2c.asm
          I2C_Master_INIT   0x001252    program     extern /Users/mreiter/Desktop/AER201/botL.X/i2c.asm
          I2C_Master_WAIT   0x001264    program     extern /Users/mreiter/Desktop/AER201/botL.X/i2c.asm
                     WAIT   0x001264    program     static /Users/mreiter/Desktop/AER201/botL.X/i2c.asm
         I2C_Master_START   0x001274    program     extern /Users/mreiter/Desktop/AER201/botL.X/i2c.asm
        I2C_Master_RSTART   0x00127c    program     extern /Users/mreiter/Desktop/AER201/botL.X/i2c.asm
          I2C_Master_STOP   0x001284    program     extern /Users/mreiter/Desktop/AER201/botL.X/i2c.asm
         I2C_Master_WRITE   0x00128c    program     extern /Users/mreiter/Desktop/AER201/botL.X/i2c.asm
                  HOLD_UP   0x001292    program     static /Users/mreiter/Desktop/AER201/botL.X/i2c.asm
          I2C_Master_READ   0x00129a    program     extern /Users/mreiter/Desktop/AER201/botL.X/i2c.asm
                     LOOP   0x0012a0    program     static /Users/mreiter/Desktop/AER201/botL.X/i2c.asm
           I2C_Master_ACK   0x0012a8    program     extern /Users/mreiter/Desktop/AER201/botL.X/i2c.asm
                 TEST_ACK   0x0012ac    program     static /Users/mreiter/Desktop/AER201/botL.X/i2c.asm
               regaddress   0x000080       data     extern /Users/mreiter/Desktop/AER201/botL.X/i2c_common.asm
                 databyte   0x000081       data     extern /Users/mreiter/Desktop/AER201/botL.X/i2c_common.asm
                 datachar   0x000082       data     extern /Users/mreiter/Desktop/AER201/botL.X/i2c_common.asm
             data_colourL   0x000083       data     extern /Users/mreiter/Desktop/AER201/botL.X/i2c_common.asm
             data_colourH   0x000084       data     extern /Users/mreiter/Desktop/AER201/botL.X/i2c_common.asm
               tens_digit   0x000085       data     extern /Users/mreiter/Desktop/AER201/botL.X/i2c_common.asm
               ones_digit   0x000086       data     extern /Users/mreiter/Desktop/AER201/botL.X/i2c_common.asm
           convert_buffer   0x000087       data     extern /Users/mreiter/Desktop/AER201/botL.X/i2c_common.asm
                  d50ms_C   0x000088       data     extern /Users/mreiter/Desktop/AER201/botL.X/i2c_common.asm
                 d200us_C   0x000089       data     extern /Users/mreiter/Desktop/AER201/botL.X/i2c_common.asm


