MPLINK 5.08, LINKER
Linker Map File - Created Wed Feb 22 00:04:03 2017

                                 Section Info
                  Section       Type    Address   Location Size(Bytes)
                ---------  ---------  ---------  ---------  ---------
                   .org_0       code   0x000000    program   0x000004
                   .cinit    romdata   0x000004    program   0x000002
                   .org_1       code   0x000008    program   0x000004
                   .org_2       code   0x000018    program   0x000de6
                    .code       code   0x000dfe    program   0x0004b0
.config_300001_BUILD/DEFAULT/PRODUCTION/MAIN.O    romdata   0x300001    program   0x000001
.config_300002_BUILD/DEFAULT/PRODUCTION/MAIN.O    romdata   0x300002    program   0x000001
.config_300003_BUILD/DEFAULT/PRODUCTION/MAIN.O    romdata   0x300003    program   0x000001
.config_300005_BUILD/DEFAULT/PRODUCTION/MAIN.O    romdata   0x300005    program   0x000001
.config_300006_BUILD/DEFAULT/PRODUCTION/MAIN.O    romdata   0x300006    program   0x000001
.config_300008_BUILD/DEFAULT/PRODUCTION/MAIN.O    romdata   0x300008    program   0x000001
.config_300009_BUILD/DEFAULT/PRODUCTION/MAIN.O    romdata   0x300009    program   0x000001
.config_30000A_BUILD/DEFAULT/PRODUCTION/MAIN.O    romdata   0x30000a    program   0x000001
.config_30000B_BUILD/DEFAULT/PRODUCTION/MAIN.O    romdata   0x30000b    program   0x000001
.config_30000C_BUILD/DEFAULT/PRODUCTION/MAIN.O    romdata   0x30000c    program   0x000001
.config_30000D_BUILD/DEFAULT/PRODUCTION/MAIN.O    romdata   0x30000d    program   0x000001
                   .udata      udata   0x000080       data   0x00000a



                              Program Memory Usage 
                               Start         End      
                           ---------   ---------      
                            0x000000    0x000005      
                            0x000008    0x00000b      
                            0x000018    0x0012ad      
                            0x300001    0x300003      
                            0x300005    0x300006      
                            0x300008    0x30000d      
            4779 out of 66584 program addresses used, program memory utilization is 7%



                              Symbols - Sorted by Name
                     Name    Address   Location    Storage File                     
                ---------  ---------  ---------  --------- ---------                
                CHECK_ACK   0x00123e    program     extern /Users/mreiter/Desktop/AER201/botL.X/i2c.asm
               CHECK_BLUE   0x00036a    program     static /Users/mreiter/Desktop/AER201/botL.X/main.asm
              CHECK_CLEAR   0x0002b0    program     static /Users/mreiter/Desktop/AER201/botL.X/main.asm
              CHECK_GREEN   0x00032c    program     static /Users/mreiter/Desktop/AER201/botL.X/main.asm
               CHECK_NACK   0x001242    program     extern /Users/mreiter/Desktop/AER201/botL.X/i2c.asm
                CHECK_RED   0x0002ee    program     static /Users/mreiter/Desktop/AER201/botL.X/main.asm
              COLOUR_TEST   0x0003a8    program     static /Users/mreiter/Desktop/AER201/botL.X/main.asm
           ClearEEPROM_21   0x000c1e    program     static /Users/mreiter/Desktop/AER201/botL.X/main.asm
                ClearNext   0x000c26    program     static /Users/mreiter/Desktop/AER201/botL.X/main.asm
                   ClkLCD   0x000f8c    program     extern /Users/mreiter/Desktop/AER201/botL.X/lcd.asm
                   ClrLCD   0x000f7e    program     extern /Users/mreiter/Desktop/AER201/botL.X/lcd.asm
                   Cycles   0x000bb6    program     static /Users/mreiter/Desktop/AER201/botL.X/main.asm
              DISPLAY_RTC   0x000a4a    program     static /Users/mreiter/Desktop/AER201/botL.X/main.asm
               Delay200us   0x000b9e    program     static /Users/mreiter/Desktop/AER201/botL.X/main.asm
            Delay44usLoop   0x000fd2    program     static /Users/mreiter/Desktop/AER201/botL.X/lcd.asm
                Delay50ms   0x000bac    program     static /Users/mreiter/Desktop/AER201/botL.X/main.asm
             Delay5msLoop   0x000fe2    program     static /Users/mreiter/Desktop/AER201/botL.X/lcd.asm
                 Delay5us   0x000b90    program     static /Users/mreiter/Desktop/AER201/botL.X/main.asm
                DispOpRTC   0x000d26    program     static /Users/mreiter/Desktop/AER201/botL.X/main.asm
         DispOpRTC_Helper   0x000dc4    program     static /Users/mreiter/Desktop/AER201/botL.X/main.asm
           DisplayExeTime   0x000c94    program     static /Users/mreiter/Desktop/AER201/botL.X/main.asm
             END_ISR_HIGH   0x0000cc    program     static /Users/mreiter/Desktop/AER201/botL.X/main.asm
              END_ISR_LOW   0x0000f2    program     static /Users/mreiter/Desktop/AER201/botL.X/main.asm
                EXECUTION   0x000430    program     static /Users/mreiter/Desktop/AER201/botL.X/main.asm
                 EXIT_EXE   0x00048a    program     static /Users/mreiter/Desktop/AER201/botL.X/main.asm
                     Exe1   0x000e58    program     static /Users/mreiter/Desktop/AER201/botL.X/main.asm
                     Exe2   0x000e64    program     static /Users/mreiter/Desktop/AER201/botL.X/main.asm
                 Exe_Time   0x000e9c    program     static /Users/mreiter/Desktop/AER201/botL.X/main.asm
                 HOLD_EXE   0x00046e    program     static /Users/mreiter/Desktop/AER201/botL.X/main.asm
                 HOLD_LOG   0x000630    program     static /Users/mreiter/Desktop/AER201/botL.X/main.asm
            HOLD_LOG_INFO   0x0006a2    program     static /Users/mreiter/Desktop/AER201/botL.X/main.asm
                  HOLD_PC   0x0008d4    program     static /Users/mreiter/Desktop/AER201/botL.X/main.asm
            HOLD_PERM_LOG   0x0006fa    program     static /Users/mreiter/Desktop/AER201/botL.X/main.asm
                HOLD_PLOG   0x000870    program     static /Users/mreiter/Desktop/AER201/botL.X/main.asm
             HOLD_STANDBY   0x00023c    program     static /Users/mreiter/Desktop/AER201/botL.X/main.asm
                  HOLD_UP   0x00128e    program     static /Users/mreiter/Desktop/AER201/botL.X/i2c.asm
                I2C_ACKDT   0x00123e    program     extern /Users/mreiter/Desktop/AER201/botL.X/i2c.asm
           I2C_Master_ACK   0x0012a4    program     extern /Users/mreiter/Desktop/AER201/botL.X/i2c.asm
          I2C_Master_INIT   0x00124e    program     extern /Users/mreiter/Desktop/AER201/botL.X/i2c.asm
          I2C_Master_READ   0x001296    program     extern /Users/mreiter/Desktop/AER201/botL.X/i2c.asm
        I2C_Master_RSTART   0x001278    program     extern /Users/mreiter/Desktop/AER201/botL.X/i2c.asm
         I2C_Master_START   0x001270    program     extern /Users/mreiter/Desktop/AER201/botL.X/i2c.asm
          I2C_Master_STOP   0x001280    program     extern /Users/mreiter/Desktop/AER201/botL.X/i2c.asm
          I2C_Master_WAIT   0x001260    program     extern /Users/mreiter/Desktop/AER201/botL.X/i2c.asm
         I2C_Master_WRITE   0x001288    program     extern /Users/mreiter/Desktop/AER201/botL.X/i2c.asm
                 I2C_temp   0x00123e    program     static /Users/mreiter/Desktop/AER201/botL.X/i2c.asm
                     INIT   0x00010a    program     static /Users/mreiter/Desktop/AER201/botL.X/main.asm
               INIT_USART   0x000b80    program     static /Users/mreiter/Desktop/AER201/botL.X/main.asm
                 ISR_HIGH   0x00001c    program     static /Users/mreiter/Desktop/AER201/botL.X/main.asm
                  ISR_LOW   0x0000d6    program     static /Users/mreiter/Desktop/AER201/botL.X/main.asm
                  InitLCD   0x000ed2    program     extern /Users/mreiter/Desktop/AER201/botL.X/lcd.asm
                   LCD_L1   0x000f9e    program     extern /Users/mreiter/Desktop/AER201/botL.X/lcd.asm
                   LCD_L2   0x000fa6    program     extern /Users/mreiter/Desktop/AER201/botL.X/lcd.asm
                 LLD_LOOP   0x000fbc    program     static /Users/mreiter/Desktop/AER201/botL.X/lcd.asm
                      LOG   0x000600    program     static /Users/mreiter/Desktop/AER201/botL.X/main.asm
                 LOG_INFO   0x000662    program     static /Users/mreiter/Desktop/AER201/botL.X/main.asm
                     LOOP   0x00129c    program     static /Users/mreiter/Desktop/AER201/botL.X/i2c.asm
                  LOOPING   0x0003a8    program     static /Users/mreiter/Desktop/AER201/botL.X/main.asm
                     Log1   0x000e16    program     static /Users/mreiter/Desktop/AER201/botL.X/main.asm
                     Log2   0x000e1c    program     static /Users/mreiter/Desktop/AER201/botL.X/main.asm
                 LogInfo1   0x000e2a    program     static /Users/mreiter/Desktop/AER201/botL.X/main.asm
                 LogInfo2   0x000e32    program     static /Users/mreiter/Desktop/AER201/botL.X/main.asm
                   MovMSB   0x000fae    program     static /Users/mreiter/Desktop/AER201/botL.X/lcd.asm
                   NoData   0x000ebe    program     static /Users/mreiter/Desktop/AER201/botL.X/main.asm
        NoSkipDispExeTime   0x000cd2    program     static /Users/mreiter/Desktop/AER201/botL.X/main.asm
          NoSkipDispOpRTC   0x000d62    program     static /Users/mreiter/Desktop/AER201/botL.X/main.asm
                      PC1   0x000e6c    program     static /Users/mreiter/Desktop/AER201/botL.X/main.asm
                      PC2   0x000e7a    program     static /Users/mreiter/Desktop/AER201/botL.X/main.asm
                   PCLog1   0x000ec2    program     static /Users/mreiter/Desktop/AER201/botL.X/main.asm
               PCTransfer   0x000e84    program     static /Users/mreiter/Desktop/AER201/botL.X/main.asm
                  PC_MODE   0x00088c    program     static /Users/mreiter/Desktop/AER201/botL.X/main.asm
              PC_TRANSFER   0x000906    program     static /Users/mreiter/Desktop/AER201/botL.X/main.asm
                 PERM_LOG   0x0006be    program     static /Users/mreiter/Desktop/AER201/botL.X/main.asm
                     PLOG   0x0007dc    program     static /Users/mreiter/Desktop/AER201/botL.X/main.asm
                 PermLog1   0x000e3c    program     static /Users/mreiter/Desktop/AER201/botL.X/main.asm
                 PermLog2   0x000e4c    program     static /Users/mreiter/Desktop/AER201/botL.X/main.asm
                   RD_END   0x0011b8    program     static /Users/mreiter/Desktop/AER201/botL.X/i2c_common.asm
               RD_END_RTC   0x00110e    program     static /Users/mreiter/Desktop/AER201/botL.X/i2c_common.asm
                  RD_ERR1   0x00119a    program     static /Users/mreiter/Desktop/AER201/botL.X/i2c_common.asm
              RD_ERR1_RTC   0x0010f0    program     static /Users/mreiter/Desktop/AER201/botL.X/i2c_common.asm
                  RD_ERR2   0x0011a4    program     static /Users/mreiter/Desktop/AER201/botL.X/i2c_common.asm
              RD_ERR2_RTC   0x0010fa    program     static /Users/mreiter/Desktop/AER201/botL.X/i2c_common.asm
                  RD_ERR3   0x0011ae    program     static /Users/mreiter/Desktop/AER201/botL.X/i2c_common.asm
              RD_ERR3_RTC   0x001104    program     static /Users/mreiter/Desktop/AER201/botL.X/i2c_common.asm
          READ_COLOUR_I2C   0x00112c    program     extern /Users/mreiter/Desktop/AER201/botL.X/i2c_common.asm
                 READ_KEY   0x000c64    program     static /Users/mreiter/Desktop/AER201/botL.X/main.asm
            READ_KEY_TIME   0x000c78    program     static /Users/mreiter/Desktop/AER201/botL.X/main.asm
                 RTC_INIT   0x00092a    program     static /Users/mreiter/Desktop/AER201/botL.X/main.asm
                     SAVE   0x000ea4    program     static /Users/mreiter/Desktop/AER201/botL.X/main.asm
            SAVE_EXE_TIME   0x000994    program     static /Users/mreiter/Desktop/AER201/botL.X/main.asm
                SAVE_TIME   0x000938    program     static /Users/mreiter/Desktop/AER201/botL.X/main.asm
                 SET_TIME   0x000b18    program     static /Users/mreiter/Desktop/AER201/botL.X/main.asm
                  STANDBY   0x00021e    program     static /Users/mreiter/Desktop/AER201/botL.X/main.asm
                   Safety   0x000eae    program     static /Users/mreiter/Desktop/AER201/botL.X/main.asm
                 SaveData   0x000566    program     static /Users/mreiter/Desktop/AER201/botL.X/main.asm
                ShiftLoop   0x000598    program     static /Users/mreiter/Desktop/AER201/botL.X/main.asm
          SkipDispExeTime   0x000d24    program     static /Users/mreiter/Desktop/AER201/botL.X/main.asm
            SkipDispOpRTC   0x000dc2    program     static /Users/mreiter/Desktop/AER201/botL.X/main.asm
                  StandBy   0x000e0e    program     static /Users/mreiter/Desktop/AER201/botL.X/main.asm
                  Stopped   0x000e94    program     static /Users/mreiter/Desktop/AER201/botL.X/main.asm
                 TEST_ACK   0x0012a8    program     static /Users/mreiter/Desktop/AER201/botL.X/i2c.asm
                TEST_NACK   0x001246    program     static /Users/mreiter/Desktop/AER201/botL.X/i2c.asm
                     Team   0x000e04    program     static /Users/mreiter/Desktop/AER201/botL.X/main.asm
                     WAIT   0x001260    program     static /Users/mreiter/Desktop/AER201/botL.X/i2c.asm
         WRITE_COLOUR_I2C   0x0011c2    program     extern /Users/mreiter/Desktop/AER201/botL.X/i2c_common.asm
                  WR_DATA   0x000f46    program     extern /Users/mreiter/Desktop/AER201/botL.X/lcd.asm
                   WR_END   0x001234    program     static /Users/mreiter/Desktop/AER201/botL.X/i2c_common.asm
               WR_END_RTC   0x00107c    program     static /Users/mreiter/Desktop/AER201/botL.X/i2c_common.asm
                  WR_ERR1   0x001214    program     static /Users/mreiter/Desktop/AER201/botL.X/i2c_common.asm
              WR_ERR1_RTC   0x00105c    program     static /Users/mreiter/Desktop/AER201/botL.X/i2c_common.asm
                  WR_ERR2   0x00121e    program     static /Users/mreiter/Desktop/AER201/botL.X/i2c_common.asm
              WR_ERR2_RTC   0x001066    program     static /Users/mreiter/Desktop/AER201/botL.X/i2c_common.asm
                  WR_ERR3   0x00122a    program     static /Users/mreiter/Desktop/AER201/botL.X/i2c_common.asm
              WR_ERR3_RTC   0x001072    program     static /Users/mreiter/Desktop/AER201/botL.X/i2c_common.asm
                   WR_INS   0x000f2a    program     extern /Users/mreiter/Desktop/AER201/botL.X/lcd.asm
                  Welcome   0x000dfe    program     static /Users/mreiter/Desktop/AER201/botL.X/main.asm
              WriteEE_RTC   0x000bc0    program     static /Users/mreiter/Desktop/AER201/botL.X/main.asm
                   WrtLCD   0x000f68    program     extern /Users/mreiter/Desktop/AER201/botL.X/lcd.asm
              _.code_001A   0x00100a    program     static /Users/mreiter/Desktop/AER201/botL.X/i2c_common.asm
              _.code_0028   0x001018    program     static /Users/mreiter/Desktop/AER201/botL.X/i2c_common.asm
              _.code_0030   0x001020    program     static /Users/mreiter/Desktop/AER201/botL.X/i2c_common.asm
              _.code_0036   0x001026    program     static /Users/mreiter/Desktop/AER201/botL.X/i2c_common.asm
              _.code_0044   0x001034    program     static /Users/mreiter/Desktop/AER201/botL.X/i2c_common.asm
              _.code_004A   0x00103a    program     static /Users/mreiter/Desktop/AER201/botL.X/i2c_common.asm
              _.code_0058   0x001048    program     static /Users/mreiter/Desktop/AER201/botL.X/i2c_common.asm
              _.code_005E   0x00104e    program     static /Users/mreiter/Desktop/AER201/botL.X/i2c_common.asm
              _.code_0090   0x001080    program     static /Users/mreiter/Desktop/AER201/botL.X/i2c_common.asm
              _.code_009E   0x00108e    program     static /Users/mreiter/Desktop/AER201/botL.X/i2c_common.asm
              _.code_00A6   0x001096    program     static /Users/mreiter/Desktop/AER201/botL.X/i2c_common.asm
              _.code_00AC   0x00109c    program     static /Users/mreiter/Desktop/AER201/botL.X/i2c_common.asm
              _.code_00BA   0x0010aa    program     static /Users/mreiter/Desktop/AER201/botL.X/i2c_common.asm
              _.code_00C0   0x0010b0    program     static /Users/mreiter/Desktop/AER201/botL.X/i2c_common.asm
              _.code_00C6   0x000f98    program     static /Users/mreiter/Desktop/AER201/botL.X/lcd.asm
              _.code_00CE   0x0010be    program     static /Users/mreiter/Desktop/AER201/botL.X/i2c_common.asm
              _.code_00D6   0x0010c6    program     static /Users/mreiter/Desktop/AER201/botL.X/i2c_common.asm
              _.code_00DC   0x0010cc    program     static /Users/mreiter/Desktop/AER201/botL.X/i2c_common.asm
              _.code_00EA   0x0010da    program     static /Users/mreiter/Desktop/AER201/botL.X/i2c_common.asm
              _.code_00F0   0x000fc2    program     static /Users/mreiter/Desktop/AER201/botL.X/lcd.asm
              _.code_0122   0x001112    program     static /Users/mreiter/Desktop/AER201/botL.X/i2c_common.asm
              _.code_0144   0x001134    program     static /Users/mreiter/Desktop/AER201/botL.X/i2c_common.asm
              _.code_014C   0x00113c    program     static /Users/mreiter/Desktop/AER201/botL.X/i2c_common.asm
              _.code_0152   0x001142    program     static /Users/mreiter/Desktop/AER201/botL.X/i2c_common.asm
              _.code_0164   0x001154    program     static /Users/mreiter/Desktop/AER201/botL.X/i2c_common.asm
              _.code_016A   0x00115a    program     static /Users/mreiter/Desktop/AER201/botL.X/i2c_common.asm
              _.code_0178   0x001168    program     static /Users/mreiter/Desktop/AER201/botL.X/i2c_common.asm
              _.code_0180   0x001170    program     static /Users/mreiter/Desktop/AER201/botL.X/i2c_common.asm
              _.code_0186   0x001176    program     static /Users/mreiter/Desktop/AER201/botL.X/i2c_common.asm
              _.code_0194   0x001184    program     static /Users/mreiter/Desktop/AER201/botL.X/i2c_common.asm
              _.code_01CC   0x0011bc    program     static /Users/mreiter/Desktop/AER201/botL.X/i2c_common.asm
              _.code_01DA   0x0011ca    program     static /Users/mreiter/Desktop/AER201/botL.X/i2c_common.asm
              _.code_01E2   0x0011d2    program     static /Users/mreiter/Desktop/AER201/botL.X/i2c_common.asm
              _.code_01E8   0x0011d8    program     static /Users/mreiter/Desktop/AER201/botL.X/i2c_common.asm
              _.code_01FA   0x0011ea    program     static /Users/mreiter/Desktop/AER201/botL.X/i2c_common.asm
              _.code_0200   0x0011f0    program     static /Users/mreiter/Desktop/AER201/botL.X/i2c_common.asm
              _.code_0210   0x001200    program     static /Users/mreiter/Desktop/AER201/botL.X/i2c_common.asm
              _.code_0216   0x001206    program     static /Users/mreiter/Desktop/AER201/botL.X/i2c_common.asm
              _.code_0248   0x001238    program     static /Users/mreiter/Desktop/AER201/botL.X/i2c_common.asm
             _.org_2_04A6   0x0004a6    program     static /Users/mreiter/Desktop/AER201/botL.X/main.asm
             _.org_2_04BE   0x0004be    program     static /Users/mreiter/Desktop/AER201/botL.X/main.asm
             _.org_2_04DA   0x0004da    program     static /Users/mreiter/Desktop/AER201/botL.X/main.asm
             _.org_2_04F2   0x0004f2    program     static /Users/mreiter/Desktop/AER201/botL.X/main.asm
             _.org_2_050E   0x00050e    program     static /Users/mreiter/Desktop/AER201/botL.X/main.asm
             _.org_2_0526   0x000526    program     static /Users/mreiter/Desktop/AER201/botL.X/main.asm
             _.org_2_0542   0x000542    program     static /Users/mreiter/Desktop/AER201/botL.X/main.asm
             _.org_2_055A   0x00055a    program     static /Users/mreiter/Desktop/AER201/botL.X/main.asm
             _.org_2_05BE   0x0005be    program     static /Users/mreiter/Desktop/AER201/botL.X/main.asm
             _.org_2_05D6   0x0005d6    program     static /Users/mreiter/Desktop/AER201/botL.X/main.asm
             _.org_2_09B0   0x0009b0    program     static /Users/mreiter/Desktop/AER201/botL.X/main.asm
             _.org_2_09C8   0x0009c8    program     static /Users/mreiter/Desktop/AER201/botL.X/main.asm
             _.org_2_09EC   0x0009ec    program     static /Users/mreiter/Desktop/AER201/botL.X/main.asm
             _.org_2_0A04   0x000a04    program     static /Users/mreiter/Desktop/AER201/botL.X/main.asm
             _.org_2_0A28   0x000a28    program     static /Users/mreiter/Desktop/AER201/botL.X/main.asm
             _.org_2_0A40   0x000a40    program     static /Users/mreiter/Desktop/AER201/botL.X/main.asm
             _.org_2_0BCE   0x000bce    program     static /Users/mreiter/Desktop/AER201/botL.X/main.asm
             _.org_2_0BE6   0x000be6    program     static /Users/mreiter/Desktop/AER201/botL.X/main.asm
             _.org_2_0BFC   0x000bfc    program     static /Users/mreiter/Desktop/AER201/botL.X/main.asm
             _.org_2_0C14   0x000c14    program     static /Users/mreiter/Desktop/AER201/botL.X/main.asm
             _.org_2_0C34   0x000c34    program     static /Users/mreiter/Desktop/AER201/botL.X/main.asm
             _.org_2_0C4C   0x000c4c    program     static /Users/mreiter/Desktop/AER201/botL.X/main.asm
             _.org_2_0C72   0x000c72    program     static /Users/mreiter/Desktop/AER201/botL.X/main.asm
             _.org_2_0C8E   0x000c8e    program     static /Users/mreiter/Desktop/AER201/botL.X/main.asm
                 _106loop   0x000cbe    program     static /Users/mreiter/Desktop/AER201/botL.X/main.asm
                 _111loop   0x000d50    program     static /Users/mreiter/Desktop/AER201/botL.X/main.asm
                  _13loop   0x0001e8    program     static /Users/mreiter/Desktop/AER201/botL.X/main.asm
                  _14loop   0x000206    program     static /Users/mreiter/Desktop/AER201/botL.X/main.asm
                  _15loop   0x000214    program     static /Users/mreiter/Desktop/AER201/botL.X/main.asm
                  _16loop   0x000232    program     static /Users/mreiter/Desktop/AER201/botL.X/main.asm
                  _17Exit   0x000254    program     static /Users/mreiter/Desktop/AER201/botL.X/main.asm
                  _17Next   0x000248    program     static /Users/mreiter/Desktop/AER201/botL.X/main.asm
                  _18Exit   0x00026a    program     static /Users/mreiter/Desktop/AER201/botL.X/main.asm
                  _18Next   0x00025e    program     static /Users/mreiter/Desktop/AER201/botL.X/main.asm
                  _19Exit   0x000280    program     static /Users/mreiter/Desktop/AER201/botL.X/main.asm
                  _19Next   0x000274    program     static /Users/mreiter/Desktop/AER201/botL.X/main.asm
                  _20Exit   0x000296    program     static /Users/mreiter/Desktop/AER201/botL.X/main.asm
                  _20Next   0x00028a    program     static /Users/mreiter/Desktop/AER201/botL.X/main.asm
                  _21Exit   0x0002ac    program     static /Users/mreiter/Desktop/AER201/botL.X/main.asm
                  _21Next   0x0002a0    program     static /Users/mreiter/Desktop/AER201/botL.X/main.asm
               _22RESULTS   0x0002be    program     static /Users/mreiter/Desktop/AER201/botL.X/main.asm
               _23RESULTS   0x0002d0    program     static /Users/mreiter/Desktop/AER201/botL.X/main.asm
               _24RESULTS   0x0002e2    program     static /Users/mreiter/Desktop/AER201/botL.X/main.asm
               _25RESULTS   0x0002fc    program     static /Users/mreiter/Desktop/AER201/botL.X/main.asm
               _26RESULTS   0x00030e    program     static /Users/mreiter/Desktop/AER201/botL.X/main.asm
               _27RESULTS   0x000320    program     static /Users/mreiter/Desktop/AER201/botL.X/main.asm
               _28RESULTS   0x00033a    program     static /Users/mreiter/Desktop/AER201/botL.X/main.asm
               _29RESULTS   0x00034c    program     static /Users/mreiter/Desktop/AER201/botL.X/main.asm
                 _2endBCD   0x000098    program     static /Users/mreiter/Desktop/AER201/botL.X/main.asm
                   _2ones   0x000092    program     static /Users/mreiter/Desktop/AER201/botL.X/main.asm
               _30RESULTS   0x00035e    program     static /Users/mreiter/Desktop/AER201/botL.X/main.asm
               _31RESULTS   0x000378    program     static /Users/mreiter/Desktop/AER201/botL.X/main.asm
               _32RESULTS   0x00038a    program     static /Users/mreiter/Desktop/AER201/botL.X/main.asm
               _33RESULTS   0x00039c    program     static /Users/mreiter/Desktop/AER201/botL.X/main.asm
                  _34loop   0x0003ac    program     static /Users/mreiter/Desktop/AER201/botL.X/main.asm
                 _3endBCD   0x0000ca    program     static /Users/mreiter/Desktop/AER201/botL.X/main.asm
                   _3ones   0x0000c4    program     static /Users/mreiter/Desktop/AER201/botL.X/main.asm
                  _44loop   0x00044a    program     static /Users/mreiter/Desktop/AER201/botL.X/main.asm
                  _45Exit   0x000486    program     static /Users/mreiter/Desktop/AER201/botL.X/main.asm
                  _45Next   0x00047a    program     static /Users/mreiter/Desktop/AER201/botL.X/main.asm
                  _50loop   0x00057a    program     static /Users/mreiter/Desktop/AER201/botL.X/main.asm
                  _53loop   0x000614    program     static /Users/mreiter/Desktop/AER201/botL.X/main.asm
                  _54Exit   0x000648    program     static /Users/mreiter/Desktop/AER201/botL.X/main.asm
                  _54Next   0x00063c    program     static /Users/mreiter/Desktop/AER201/botL.X/main.asm
                  _55Exit   0x00065e    program     static /Users/mreiter/Desktop/AER201/botL.X/main.asm
                  _55Next   0x000652    program     static /Users/mreiter/Desktop/AER201/botL.X/main.asm
                  _56loop   0x000676    program     static /Users/mreiter/Desktop/AER201/botL.X/main.asm
                  _57loop   0x000694    program     static /Users/mreiter/Desktop/AER201/botL.X/main.asm
                  _58Exit   0x0006ba    program     static /Users/mreiter/Desktop/AER201/botL.X/main.asm
                  _58Next   0x0006ae    program     static /Users/mreiter/Desktop/AER201/botL.X/main.asm
                  _59loop   0x0006d2    program     static /Users/mreiter/Desktop/AER201/botL.X/main.asm
                  _60loop   0x0006f0    program     static /Users/mreiter/Desktop/AER201/botL.X/main.asm
                  _61Exit   0x000712    program     static /Users/mreiter/Desktop/AER201/botL.X/main.asm
                  _61Next   0x000706    program     static /Users/mreiter/Desktop/AER201/botL.X/main.asm
                  _62Exit   0x000728    program     static /Users/mreiter/Desktop/AER201/botL.X/main.asm
                  _62Next   0x00071c    program     static /Users/mreiter/Desktop/AER201/botL.X/main.asm
                  _63Exit   0x00073e    program     static /Users/mreiter/Desktop/AER201/botL.X/main.asm
                  _63Next   0x000732    program     static /Users/mreiter/Desktop/AER201/botL.X/main.asm
                  _64Exit   0x000754    program     static /Users/mreiter/Desktop/AER201/botL.X/main.asm
                  _64Next   0x000748    program     static /Users/mreiter/Desktop/AER201/botL.X/main.asm
                  _65Exit   0x00076a    program     static /Users/mreiter/Desktop/AER201/botL.X/main.asm
                  _65Next   0x00075e    program     static /Users/mreiter/Desktop/AER201/botL.X/main.asm
                  _66Exit   0x000780    program     static /Users/mreiter/Desktop/AER201/botL.X/main.asm
                  _66Next   0x000774    program     static /Users/mreiter/Desktop/AER201/botL.X/main.asm
                  _67Exit   0x000796    program     static /Users/mreiter/Desktop/AER201/botL.X/main.asm
                  _67Next   0x00078a    program     static /Users/mreiter/Desktop/AER201/botL.X/main.asm
                  _68Exit   0x0007ac    program     static /Users/mreiter/Desktop/AER201/botL.X/main.asm
                  _68Next   0x0007a0    program     static /Users/mreiter/Desktop/AER201/botL.X/main.asm
                  _69Exit   0x0007c2    program     static /Users/mreiter/Desktop/AER201/botL.X/main.asm
                  _69Next   0x0007b6    program     static /Users/mreiter/Desktop/AER201/botL.X/main.asm
                  _70Exit   0x0007d8    program     static /Users/mreiter/Desktop/AER201/botL.X/main.asm
                  _70Next   0x0007cc    program     static /Users/mreiter/Desktop/AER201/botL.X/main.asm
                  _71loop   0x0007f0    program     static /Users/mreiter/Desktop/AER201/botL.X/main.asm
                  _74Exit   0x000888    program     static /Users/mreiter/Desktop/AER201/botL.X/main.asm
                  _74Next   0x00087c    program     static /Users/mreiter/Desktop/AER201/botL.X/main.asm
                  _75loop   0x0008a0    program     static /Users/mreiter/Desktop/AER201/botL.X/main.asm
                  _76loop   0x0008be    program     static /Users/mreiter/Desktop/AER201/botL.X/main.asm
                  _77Exit   0x0008ec    program     static /Users/mreiter/Desktop/AER201/botL.X/main.asm
                  _77Next   0x0008e0    program     static /Users/mreiter/Desktop/AER201/botL.X/main.asm
                  _78Exit   0x000902    program     static /Users/mreiter/Desktop/AER201/botL.X/main.asm
                  _78Next   0x0008f6    program     static /Users/mreiter/Desktop/AER201/botL.X/main.asm
                  _79loop   0x00091c    program     static /Users/mreiter/Desktop/AER201/botL.X/main.asm
                  _waitl0   0x0010e6    program     static /Users/mreiter/Desktop/AER201/botL.X/i2c_common.asm
                  _waitl1   0x001190    program     static /Users/mreiter/Desktop/AER201/botL.X/i2c_common.asm
                       d2   0x000fea    program     static /Users/mreiter/Desktop/AER201/botL.X/lcd.asm
                del_loop0   0x000b1e    program     static /Users/mreiter/Desktop/AER201/botL.X/main.asm
                delay44us   0x000fce    program     static /Users/mreiter/Desktop/AER201/botL.X/lcd.asm
                 delay5ms   0x000fda    program     extern /Users/mreiter/Desktop/AER201/botL.X/lcd.asm
               displayNum   0x000816    program     static /Users/mreiter/Desktop/AER201/botL.X/main.asm
         i2c_common_setup   0x000ff0    program     extern /Users/mreiter/Desktop/AER201/botL.X/i2c_common.asm
             lcdLongDelay   0x000fb8    program     static /Users/mreiter/Desktop/AER201/botL.X/lcd.asm
                loop200us   0x000ba2    program     static /Users/mreiter/Desktop/AER201/botL.X/main.asm
                 loop50ms   0x000bb0    program     static /Users/mreiter/Desktop/AER201/botL.X/main.asm
                  loop5us   0x000b94    program     static /Users/mreiter/Desktop/AER201/botL.X/main.asm
                 read_rtc   0x001086    program     extern /Users/mreiter/Desktop/AER201/botL.X/i2c_common.asm
              rtc_convert   0x001118    program     extern /Users/mreiter/Desktop/AER201/botL.X/i2c_common.asm
                write_rtc   0x001010    program     extern /Users/mreiter/Desktop/AER201/botL.X/i2c_common.asm
           convert_buffer   0x000087       data     extern /Users/mreiter/Desktop/AER201/botL.X/i2c_common.asm
                 d200us_C   0x000089       data     extern /Users/mreiter/Desktop/AER201/botL.X/i2c_common.asm
                  d50ms_C   0x000088       data     extern /Users/mreiter/Desktop/AER201/botL.X/i2c_common.asm
             data_colourH   0x000084       data     extern /Users/mreiter/Desktop/AER201/botL.X/i2c_common.asm
             data_colourL   0x000083       data     extern /Users/mreiter/Desktop/AER201/botL.X/i2c_common.asm
                 databyte   0x000081       data     extern /Users/mreiter/Desktop/AER201/botL.X/i2c_common.asm
                 datachar   0x000082       data     extern /Users/mreiter/Desktop/AER201/botL.X/i2c_common.asm
               ones_digit   0x000086       data     extern /Users/mreiter/Desktop/AER201/botL.X/i2c_common.asm
               regaddress   0x000080       data     extern /Users/mreiter/Desktop/AER201/botL.X/i2c_common.asm
               tens_digit   0x000085       data     extern /Users/mreiter/Desktop/AER201/botL.X/i2c_common.asm



                              Symbols - Sorted by Address
                     Name    Address   Location    Storage File                     
                ---------  ---------  ---------  --------- ---------                
                 ISR_HIGH   0x00001c    program     static /Users/mreiter/Desktop/AER201/botL.X/main.asm
                   _2ones   0x000092    program     static /Users/mreiter/Desktop/AER201/botL.X/main.asm
                 _2endBCD   0x000098    program     static /Users/mreiter/Desktop/AER201/botL.X/main.asm
                   _3ones   0x0000c4    program     static /Users/mreiter/Desktop/AER201/botL.X/main.asm
                 _3endBCD   0x0000ca    program     static /Users/mreiter/Desktop/AER201/botL.X/main.asm
             END_ISR_HIGH   0x0000cc    program     static /Users/mreiter/Desktop/AER201/botL.X/main.asm
                  ISR_LOW   0x0000d6    program     static /Users/mreiter/Desktop/AER201/botL.X/main.asm
              END_ISR_LOW   0x0000f2    program     static /Users/mreiter/Desktop/AER201/botL.X/main.asm
                     INIT   0x00010a    program     static /Users/mreiter/Desktop/AER201/botL.X/main.asm
                  _13loop   0x0001e8    program     static /Users/mreiter/Desktop/AER201/botL.X/main.asm
                  _14loop   0x000206    program     static /Users/mreiter/Desktop/AER201/botL.X/main.asm
                  _15loop   0x000214    program     static /Users/mreiter/Desktop/AER201/botL.X/main.asm
                  STANDBY   0x00021e    program     static /Users/mreiter/Desktop/AER201/botL.X/main.asm
                  _16loop   0x000232    program     static /Users/mreiter/Desktop/AER201/botL.X/main.asm
             HOLD_STANDBY   0x00023c    program     static /Users/mreiter/Desktop/AER201/botL.X/main.asm
                  _17Next   0x000248    program     static /Users/mreiter/Desktop/AER201/botL.X/main.asm
                  _17Exit   0x000254    program     static /Users/mreiter/Desktop/AER201/botL.X/main.asm
                  _18Next   0x00025e    program     static /Users/mreiter/Desktop/AER201/botL.X/main.asm
                  _18Exit   0x00026a    program     static /Users/mreiter/Desktop/AER201/botL.X/main.asm
                  _19Next   0x000274    program     static /Users/mreiter/Desktop/AER201/botL.X/main.asm
                  _19Exit   0x000280    program     static /Users/mreiter/Desktop/AER201/botL.X/main.asm
                  _20Next   0x00028a    program     static /Users/mreiter/Desktop/AER201/botL.X/main.asm
                  _20Exit   0x000296    program     static /Users/mreiter/Desktop/AER201/botL.X/main.asm
                  _21Next   0x0002a0    program     static /Users/mreiter/Desktop/AER201/botL.X/main.asm
                  _21Exit   0x0002ac    program     static /Users/mreiter/Desktop/AER201/botL.X/main.asm
              CHECK_CLEAR   0x0002b0    program     static /Users/mreiter/Desktop/AER201/botL.X/main.asm
               _22RESULTS   0x0002be    program     static /Users/mreiter/Desktop/AER201/botL.X/main.asm
               _23RESULTS   0x0002d0    program     static /Users/mreiter/Desktop/AER201/botL.X/main.asm
               _24RESULTS   0x0002e2    program     static /Users/mreiter/Desktop/AER201/botL.X/main.asm
                CHECK_RED   0x0002ee    program     static /Users/mreiter/Desktop/AER201/botL.X/main.asm
               _25RESULTS   0x0002fc    program     static /Users/mreiter/Desktop/AER201/botL.X/main.asm
               _26RESULTS   0x00030e    program     static /Users/mreiter/Desktop/AER201/botL.X/main.asm
               _27RESULTS   0x000320    program     static /Users/mreiter/Desktop/AER201/botL.X/main.asm
              CHECK_GREEN   0x00032c    program     static /Users/mreiter/Desktop/AER201/botL.X/main.asm
               _28RESULTS   0x00033a    program     static /Users/mreiter/Desktop/AER201/botL.X/main.asm
               _29RESULTS   0x00034c    program     static /Users/mreiter/Desktop/AER201/botL.X/main.asm
               _30RESULTS   0x00035e    program     static /Users/mreiter/Desktop/AER201/botL.X/main.asm
               CHECK_BLUE   0x00036a    program     static /Users/mreiter/Desktop/AER201/botL.X/main.asm
               _31RESULTS   0x000378    program     static /Users/mreiter/Desktop/AER201/botL.X/main.asm
               _32RESULTS   0x00038a    program     static /Users/mreiter/Desktop/AER201/botL.X/main.asm
               _33RESULTS   0x00039c    program     static /Users/mreiter/Desktop/AER201/botL.X/main.asm
              COLOUR_TEST   0x0003a8    program     static /Users/mreiter/Desktop/AER201/botL.X/main.asm
                  LOOPING   0x0003a8    program     static /Users/mreiter/Desktop/AER201/botL.X/main.asm
                  _34loop   0x0003ac    program     static /Users/mreiter/Desktop/AER201/botL.X/main.asm
                EXECUTION   0x000430    program     static /Users/mreiter/Desktop/AER201/botL.X/main.asm
                  _44loop   0x00044a    program     static /Users/mreiter/Desktop/AER201/botL.X/main.asm
                 HOLD_EXE   0x00046e    program     static /Users/mreiter/Desktop/AER201/botL.X/main.asm
                  _45Next   0x00047a    program     static /Users/mreiter/Desktop/AER201/botL.X/main.asm
                  _45Exit   0x000486    program     static /Users/mreiter/Desktop/AER201/botL.X/main.asm
                 EXIT_EXE   0x00048a    program     static /Users/mreiter/Desktop/AER201/botL.X/main.asm
             _.org_2_04A6   0x0004a6    program     static /Users/mreiter/Desktop/AER201/botL.X/main.asm
             _.org_2_04BE   0x0004be    program     static /Users/mreiter/Desktop/AER201/botL.X/main.asm
             _.org_2_04DA   0x0004da    program     static /Users/mreiter/Desktop/AER201/botL.X/main.asm
             _.org_2_04F2   0x0004f2    program     static /Users/mreiter/Desktop/AER201/botL.X/main.asm
             _.org_2_050E   0x00050e    program     static /Users/mreiter/Desktop/AER201/botL.X/main.asm
             _.org_2_0526   0x000526    program     static /Users/mreiter/Desktop/AER201/botL.X/main.asm
             _.org_2_0542   0x000542    program     static /Users/mreiter/Desktop/AER201/botL.X/main.asm
             _.org_2_055A   0x00055a    program     static /Users/mreiter/Desktop/AER201/botL.X/main.asm
                 SaveData   0x000566    program     static /Users/mreiter/Desktop/AER201/botL.X/main.asm
                  _50loop   0x00057a    program     static /Users/mreiter/Desktop/AER201/botL.X/main.asm
                ShiftLoop   0x000598    program     static /Users/mreiter/Desktop/AER201/botL.X/main.asm
             _.org_2_05BE   0x0005be    program     static /Users/mreiter/Desktop/AER201/botL.X/main.asm
             _.org_2_05D6   0x0005d6    program     static /Users/mreiter/Desktop/AER201/botL.X/main.asm
                      LOG   0x000600    program     static /Users/mreiter/Desktop/AER201/botL.X/main.asm
                  _53loop   0x000614    program     static /Users/mreiter/Desktop/AER201/botL.X/main.asm
                 HOLD_LOG   0x000630    program     static /Users/mreiter/Desktop/AER201/botL.X/main.asm
                  _54Next   0x00063c    program     static /Users/mreiter/Desktop/AER201/botL.X/main.asm
                  _54Exit   0x000648    program     static /Users/mreiter/Desktop/AER201/botL.X/main.asm
                  _55Next   0x000652    program     static /Users/mreiter/Desktop/AER201/botL.X/main.asm
                  _55Exit   0x00065e    program     static /Users/mreiter/Desktop/AER201/botL.X/main.asm
                 LOG_INFO   0x000662    program     static /Users/mreiter/Desktop/AER201/botL.X/main.asm
                  _56loop   0x000676    program     static /Users/mreiter/Desktop/AER201/botL.X/main.asm
                  _57loop   0x000694    program     static /Users/mreiter/Desktop/AER201/botL.X/main.asm
            HOLD_LOG_INFO   0x0006a2    program     static /Users/mreiter/Desktop/AER201/botL.X/main.asm
                  _58Next   0x0006ae    program     static /Users/mreiter/Desktop/AER201/botL.X/main.asm
                  _58Exit   0x0006ba    program     static /Users/mreiter/Desktop/AER201/botL.X/main.asm
                 PERM_LOG   0x0006be    program     static /Users/mreiter/Desktop/AER201/botL.X/main.asm
                  _59loop   0x0006d2    program     static /Users/mreiter/Desktop/AER201/botL.X/main.asm
                  _60loop   0x0006f0    program     static /Users/mreiter/Desktop/AER201/botL.X/main.asm
            HOLD_PERM_LOG   0x0006fa    program     static /Users/mreiter/Desktop/AER201/botL.X/main.asm
                  _61Next   0x000706    program     static /Users/mreiter/Desktop/AER201/botL.X/main.asm
                  _61Exit   0x000712    program     static /Users/mreiter/Desktop/AER201/botL.X/main.asm
                  _62Next   0x00071c    program     static /Users/mreiter/Desktop/AER201/botL.X/main.asm
                  _62Exit   0x000728    program     static /Users/mreiter/Desktop/AER201/botL.X/main.asm
                  _63Next   0x000732    program     static /Users/mreiter/Desktop/AER201/botL.X/main.asm
                  _63Exit   0x00073e    program     static /Users/mreiter/Desktop/AER201/botL.X/main.asm
                  _64Next   0x000748    program     static /Users/mreiter/Desktop/AER201/botL.X/main.asm
                  _64Exit   0x000754    program     static /Users/mreiter/Desktop/AER201/botL.X/main.asm
                  _65Next   0x00075e    program     static /Users/mreiter/Desktop/AER201/botL.X/main.asm
                  _65Exit   0x00076a    program     static /Users/mreiter/Desktop/AER201/botL.X/main.asm
                  _66Next   0x000774    program     static /Users/mreiter/Desktop/AER201/botL.X/main.asm
                  _66Exit   0x000780    program     static /Users/mreiter/Desktop/AER201/botL.X/main.asm
                  _67Next   0x00078a    program     static /Users/mreiter/Desktop/AER201/botL.X/main.asm
                  _67Exit   0x000796    program     static /Users/mreiter/Desktop/AER201/botL.X/main.asm
                  _68Next   0x0007a0    program     static /Users/mreiter/Desktop/AER201/botL.X/main.asm
                  _68Exit   0x0007ac    program     static /Users/mreiter/Desktop/AER201/botL.X/main.asm
                  _69Next   0x0007b6    program     static /Users/mreiter/Desktop/AER201/botL.X/main.asm
                  _69Exit   0x0007c2    program     static /Users/mreiter/Desktop/AER201/botL.X/main.asm
                  _70Next   0x0007cc    program     static /Users/mreiter/Desktop/AER201/botL.X/main.asm
                  _70Exit   0x0007d8    program     static /Users/mreiter/Desktop/AER201/botL.X/main.asm
                     PLOG   0x0007dc    program     static /Users/mreiter/Desktop/AER201/botL.X/main.asm
                  _71loop   0x0007f0    program     static /Users/mreiter/Desktop/AER201/botL.X/main.asm
               displayNum   0x000816    program     static /Users/mreiter/Desktop/AER201/botL.X/main.asm
                HOLD_PLOG   0x000870    program     static /Users/mreiter/Desktop/AER201/botL.X/main.asm
                  _74Next   0x00087c    program     static /Users/mreiter/Desktop/AER201/botL.X/main.asm
                  _74Exit   0x000888    program     static /Users/mreiter/Desktop/AER201/botL.X/main.asm
                  PC_MODE   0x00088c    program     static /Users/mreiter/Desktop/AER201/botL.X/main.asm
                  _75loop   0x0008a0    program     static /Users/mreiter/Desktop/AER201/botL.X/main.asm
                  _76loop   0x0008be    program     static /Users/mreiter/Desktop/AER201/botL.X/main.asm
                  HOLD_PC   0x0008d4    program     static /Users/mreiter/Desktop/AER201/botL.X/main.asm
                  _77Next   0x0008e0    program     static /Users/mreiter/Desktop/AER201/botL.X/main.asm
                  _77Exit   0x0008ec    program     static /Users/mreiter/Desktop/AER201/botL.X/main.asm
                  _78Next   0x0008f6    program     static /Users/mreiter/Desktop/AER201/botL.X/main.asm
                  _78Exit   0x000902    program     static /Users/mreiter/Desktop/AER201/botL.X/main.asm
              PC_TRANSFER   0x000906    program     static /Users/mreiter/Desktop/AER201/botL.X/main.asm
                  _79loop   0x00091c    program     static /Users/mreiter/Desktop/AER201/botL.X/main.asm
                 RTC_INIT   0x00092a    program     static /Users/mreiter/Desktop/AER201/botL.X/main.asm
                SAVE_TIME   0x000938    program     static /Users/mreiter/Desktop/AER201/botL.X/main.asm
            SAVE_EXE_TIME   0x000994    program     static /Users/mreiter/Desktop/AER201/botL.X/main.asm
             _.org_2_09B0   0x0009b0    program     static /Users/mreiter/Desktop/AER201/botL.X/main.asm
             _.org_2_09C8   0x0009c8    program     static /Users/mreiter/Desktop/AER201/botL.X/main.asm
             _.org_2_09EC   0x0009ec    program     static /Users/mreiter/Desktop/AER201/botL.X/main.asm
             _.org_2_0A04   0x000a04    program     static /Users/mreiter/Desktop/AER201/botL.X/main.asm
             _.org_2_0A28   0x000a28    program     static /Users/mreiter/Desktop/AER201/botL.X/main.asm
             _.org_2_0A40   0x000a40    program     static /Users/mreiter/Desktop/AER201/botL.X/main.asm
              DISPLAY_RTC   0x000a4a    program     static /Users/mreiter/Desktop/AER201/botL.X/main.asm
                 SET_TIME   0x000b18    program     static /Users/mreiter/Desktop/AER201/botL.X/main.asm
                del_loop0   0x000b1e    program     static /Users/mreiter/Desktop/AER201/botL.X/main.asm
               INIT_USART   0x000b80    program     static /Users/mreiter/Desktop/AER201/botL.X/main.asm
                 Delay5us   0x000b90    program     static /Users/mreiter/Desktop/AER201/botL.X/main.asm
                  loop5us   0x000b94    program     static /Users/mreiter/Desktop/AER201/botL.X/main.asm
               Delay200us   0x000b9e    program     static /Users/mreiter/Desktop/AER201/botL.X/main.asm
                loop200us   0x000ba2    program     static /Users/mreiter/Desktop/AER201/botL.X/main.asm
                Delay50ms   0x000bac    program     static /Users/mreiter/Desktop/AER201/botL.X/main.asm
                 loop50ms   0x000bb0    program     static /Users/mreiter/Desktop/AER201/botL.X/main.asm
                   Cycles   0x000bb6    program     static /Users/mreiter/Desktop/AER201/botL.X/main.asm
              WriteEE_RTC   0x000bc0    program     static /Users/mreiter/Desktop/AER201/botL.X/main.asm
             _.org_2_0BCE   0x000bce    program     static /Users/mreiter/Desktop/AER201/botL.X/main.asm
             _.org_2_0BE6   0x000be6    program     static /Users/mreiter/Desktop/AER201/botL.X/main.asm
             _.org_2_0BFC   0x000bfc    program     static /Users/mreiter/Desktop/AER201/botL.X/main.asm
             _.org_2_0C14   0x000c14    program     static /Users/mreiter/Desktop/AER201/botL.X/main.asm
           ClearEEPROM_21   0x000c1e    program     static /Users/mreiter/Desktop/AER201/botL.X/main.asm
                ClearNext   0x000c26    program     static /Users/mreiter/Desktop/AER201/botL.X/main.asm
             _.org_2_0C34   0x000c34    program     static /Users/mreiter/Desktop/AER201/botL.X/main.asm
             _.org_2_0C4C   0x000c4c    program     static /Users/mreiter/Desktop/AER201/botL.X/main.asm
                 READ_KEY   0x000c64    program     static /Users/mreiter/Desktop/AER201/botL.X/main.asm
             _.org_2_0C72   0x000c72    program     static /Users/mreiter/Desktop/AER201/botL.X/main.asm
            READ_KEY_TIME   0x000c78    program     static /Users/mreiter/Desktop/AER201/botL.X/main.asm
             _.org_2_0C8E   0x000c8e    program     static /Users/mreiter/Desktop/AER201/botL.X/main.asm
           DisplayExeTime   0x000c94    program     static /Users/mreiter/Desktop/AER201/botL.X/main.asm
                 _106loop   0x000cbe    program     static /Users/mreiter/Desktop/AER201/botL.X/main.asm
        NoSkipDispExeTime   0x000cd2    program     static /Users/mreiter/Desktop/AER201/botL.X/main.asm
          SkipDispExeTime   0x000d24    program     static /Users/mreiter/Desktop/AER201/botL.X/main.asm
                DispOpRTC   0x000d26    program     static /Users/mreiter/Desktop/AER201/botL.X/main.asm
                 _111loop   0x000d50    program     static /Users/mreiter/Desktop/AER201/botL.X/main.asm
          NoSkipDispOpRTC   0x000d62    program     static /Users/mreiter/Desktop/AER201/botL.X/main.asm
            SkipDispOpRTC   0x000dc2    program     static /Users/mreiter/Desktop/AER201/botL.X/main.asm
         DispOpRTC_Helper   0x000dc4    program     static /Users/mreiter/Desktop/AER201/botL.X/main.asm
                  Welcome   0x000dfe    program     static /Users/mreiter/Desktop/AER201/botL.X/main.asm
                     Team   0x000e04    program     static /Users/mreiter/Desktop/AER201/botL.X/main.asm
                  StandBy   0x000e0e    program     static /Users/mreiter/Desktop/AER201/botL.X/main.asm
                     Log1   0x000e16    program     static /Users/mreiter/Desktop/AER201/botL.X/main.asm
                     Log2   0x000e1c    program     static /Users/mreiter/Desktop/AER201/botL.X/main.asm
                 LogInfo1   0x000e2a    program     static /Users/mreiter/Desktop/AER201/botL.X/main.asm
                 LogInfo2   0x000e32    program     static /Users/mreiter/Desktop/AER201/botL.X/main.asm
                 PermLog1   0x000e3c    program     static /Users/mreiter/Desktop/AER201/botL.X/main.asm
                 PermLog2   0x000e4c    program     static /Users/mreiter/Desktop/AER201/botL.X/main.asm
                     Exe1   0x000e58    program     static /Users/mreiter/Desktop/AER201/botL.X/main.asm
                     Exe2   0x000e64    program     static /Users/mreiter/Desktop/AER201/botL.X/main.asm
                      PC1   0x000e6c    program     static /Users/mreiter/Desktop/AER201/botL.X/main.asm
                      PC2   0x000e7a    program     static /Users/mreiter/Desktop/AER201/botL.X/main.asm
               PCTransfer   0x000e84    program     static /Users/mreiter/Desktop/AER201/botL.X/main.asm
                  Stopped   0x000e94    program     static /Users/mreiter/Desktop/AER201/botL.X/main.asm
                 Exe_Time   0x000e9c    program     static /Users/mreiter/Desktop/AER201/botL.X/main.asm
                     SAVE   0x000ea4    program     static /Users/mreiter/Desktop/AER201/botL.X/main.asm
                   Safety   0x000eae    program     static /Users/mreiter/Desktop/AER201/botL.X/main.asm
                   NoData   0x000ebe    program     static /Users/mreiter/Desktop/AER201/botL.X/main.asm
                   PCLog1   0x000ec2    program     static /Users/mreiter/Desktop/AER201/botL.X/main.asm
                  InitLCD   0x000ed2    program     extern /Users/mreiter/Desktop/AER201/botL.X/lcd.asm
                   WR_INS   0x000f2a    program     extern /Users/mreiter/Desktop/AER201/botL.X/lcd.asm
                  WR_DATA   0x000f46    program     extern /Users/mreiter/Desktop/AER201/botL.X/lcd.asm
                   WrtLCD   0x000f68    program     extern /Users/mreiter/Desktop/AER201/botL.X/lcd.asm
                   ClrLCD   0x000f7e    program     extern /Users/mreiter/Desktop/AER201/botL.X/lcd.asm
                   ClkLCD   0x000f8c    program     extern /Users/mreiter/Desktop/AER201/botL.X/lcd.asm
              _.code_00C6   0x000f98    program     static /Users/mreiter/Desktop/AER201/botL.X/lcd.asm
                   LCD_L1   0x000f9e    program     extern /Users/mreiter/Desktop/AER201/botL.X/lcd.asm
                   LCD_L2   0x000fa6    program     extern /Users/mreiter/Desktop/AER201/botL.X/lcd.asm
                   MovMSB   0x000fae    program     static /Users/mreiter/Desktop/AER201/botL.X/lcd.asm
             lcdLongDelay   0x000fb8    program     static /Users/mreiter/Desktop/AER201/botL.X/lcd.asm
                 LLD_LOOP   0x000fbc    program     static /Users/mreiter/Desktop/AER201/botL.X/lcd.asm
              _.code_00F0   0x000fc2    program     static /Users/mreiter/Desktop/AER201/botL.X/lcd.asm
                delay44us   0x000fce    program     static /Users/mreiter/Desktop/AER201/botL.X/lcd.asm
            Delay44usLoop   0x000fd2    program     static /Users/mreiter/Desktop/AER201/botL.X/lcd.asm
                 delay5ms   0x000fda    program     extern /Users/mreiter/Desktop/AER201/botL.X/lcd.asm
             Delay5msLoop   0x000fe2    program     static /Users/mreiter/Desktop/AER201/botL.X/lcd.asm
                       d2   0x000fea    program     static /Users/mreiter/Desktop/AER201/botL.X/lcd.asm
         i2c_common_setup   0x000ff0    program     extern /Users/mreiter/Desktop/AER201/botL.X/i2c_common.asm
              _.code_001A   0x00100a    program     static /Users/mreiter/Desktop/AER201/botL.X/i2c_common.asm
                write_rtc   0x001010    program     extern /Users/mreiter/Desktop/AER201/botL.X/i2c_common.asm
              _.code_0028   0x001018    program     static /Users/mreiter/Desktop/AER201/botL.X/i2c_common.asm
              _.code_0030   0x001020    program     static /Users/mreiter/Desktop/AER201/botL.X/i2c_common.asm
              _.code_0036   0x001026    program     static /Users/mreiter/Desktop/AER201/botL.X/i2c_common.asm
              _.code_0044   0x001034    program     static /Users/mreiter/Desktop/AER201/botL.X/i2c_common.asm
              _.code_004A   0x00103a    program     static /Users/mreiter/Desktop/AER201/botL.X/i2c_common.asm
              _.code_0058   0x001048    program     static /Users/mreiter/Desktop/AER201/botL.X/i2c_common.asm
              _.code_005E   0x00104e    program     static /Users/mreiter/Desktop/AER201/botL.X/i2c_common.asm
              WR_ERR1_RTC   0x00105c    program     static /Users/mreiter/Desktop/AER201/botL.X/i2c_common.asm
              WR_ERR2_RTC   0x001066    program     static /Users/mreiter/Desktop/AER201/botL.X/i2c_common.asm
              WR_ERR3_RTC   0x001072    program     static /Users/mreiter/Desktop/AER201/botL.X/i2c_common.asm
               WR_END_RTC   0x00107c    program     static /Users/mreiter/Desktop/AER201/botL.X/i2c_common.asm
              _.code_0090   0x001080    program     static /Users/mreiter/Desktop/AER201/botL.X/i2c_common.asm
                 read_rtc   0x001086    program     extern /Users/mreiter/Desktop/AER201/botL.X/i2c_common.asm
              _.code_009E   0x00108e    program     static /Users/mreiter/Desktop/AER201/botL.X/i2c_common.asm
              _.code_00A6   0x001096    program     static /Users/mreiter/Desktop/AER201/botL.X/i2c_common.asm
              _.code_00AC   0x00109c    program     static /Users/mreiter/Desktop/AER201/botL.X/i2c_common.asm
              _.code_00BA   0x0010aa    program     static /Users/mreiter/Desktop/AER201/botL.X/i2c_common.asm
              _.code_00C0   0x0010b0    program     static /Users/mreiter/Desktop/AER201/botL.X/i2c_common.asm
              _.code_00CE   0x0010be    program     static /Users/mreiter/Desktop/AER201/botL.X/i2c_common.asm
              _.code_00D6   0x0010c6    program     static /Users/mreiter/Desktop/AER201/botL.X/i2c_common.asm
              _.code_00DC   0x0010cc    program     static /Users/mreiter/Desktop/AER201/botL.X/i2c_common.asm
              _.code_00EA   0x0010da    program     static /Users/mreiter/Desktop/AER201/botL.X/i2c_common.asm
                  _waitl0   0x0010e6    program     static /Users/mreiter/Desktop/AER201/botL.X/i2c_common.asm
              RD_ERR1_RTC   0x0010f0    program     static /Users/mreiter/Desktop/AER201/botL.X/i2c_common.asm
              RD_ERR2_RTC   0x0010fa    program     static /Users/mreiter/Desktop/AER201/botL.X/i2c_common.asm
              RD_ERR3_RTC   0x001104    program     static /Users/mreiter/Desktop/AER201/botL.X/i2c_common.asm
               RD_END_RTC   0x00110e    program     static /Users/mreiter/Desktop/AER201/botL.X/i2c_common.asm
              _.code_0122   0x001112    program     static /Users/mreiter/Desktop/AER201/botL.X/i2c_common.asm
              rtc_convert   0x001118    program     extern /Users/mreiter/Desktop/AER201/botL.X/i2c_common.asm
          READ_COLOUR_I2C   0x00112c    program     extern /Users/mreiter/Desktop/AER201/botL.X/i2c_common.asm
              _.code_0144   0x001134    program     static /Users/mreiter/Desktop/AER201/botL.X/i2c_common.asm
              _.code_014C   0x00113c    program     static /Users/mreiter/Desktop/AER201/botL.X/i2c_common.asm
              _.code_0152   0x001142    program     static /Users/mreiter/Desktop/AER201/botL.X/i2c_common.asm
              _.code_0164   0x001154    program     static /Users/mreiter/Desktop/AER201/botL.X/i2c_common.asm
              _.code_016A   0x00115a    program     static /Users/mreiter/Desktop/AER201/botL.X/i2c_common.asm
              _.code_0178   0x001168    program     static /Users/mreiter/Desktop/AER201/botL.X/i2c_common.asm
              _.code_0180   0x001170    program     static /Users/mreiter/Desktop/AER201/botL.X/i2c_common.asm
              _.code_0186   0x001176    program     static /Users/mreiter/Desktop/AER201/botL.X/i2c_common.asm
              _.code_0194   0x001184    program     static /Users/mreiter/Desktop/AER201/botL.X/i2c_common.asm
                  _waitl1   0x001190    program     static /Users/mreiter/Desktop/AER201/botL.X/i2c_common.asm
                  RD_ERR1   0x00119a    program     static /Users/mreiter/Desktop/AER201/botL.X/i2c_common.asm
                  RD_ERR2   0x0011a4    program     static /Users/mreiter/Desktop/AER201/botL.X/i2c_common.asm
                  RD_ERR3   0x0011ae    program     static /Users/mreiter/Desktop/AER201/botL.X/i2c_common.asm
                   RD_END   0x0011b8    program     static /Users/mreiter/Desktop/AER201/botL.X/i2c_common.asm
              _.code_01CC   0x0011bc    program     static /Users/mreiter/Desktop/AER201/botL.X/i2c_common.asm
         WRITE_COLOUR_I2C   0x0011c2    program     extern /Users/mreiter/Desktop/AER201/botL.X/i2c_common.asm
              _.code_01DA   0x0011ca    program     static /Users/mreiter/Desktop/AER201/botL.X/i2c_common.asm
              _.code_01E2   0x0011d2    program     static /Users/mreiter/Desktop/AER201/botL.X/i2c_common.asm
              _.code_01E8   0x0011d8    program     static /Users/mreiter/Desktop/AER201/botL.X/i2c_common.asm
              _.code_01FA   0x0011ea    program     static /Users/mreiter/Desktop/AER201/botL.X/i2c_common.asm
              _.code_0200   0x0011f0    program     static /Users/mreiter/Desktop/AER201/botL.X/i2c_common.asm
              _.code_0210   0x001200    program     static /Users/mreiter/Desktop/AER201/botL.X/i2c_common.asm
              _.code_0216   0x001206    program     static /Users/mreiter/Desktop/AER201/botL.X/i2c_common.asm
                  WR_ERR1   0x001214    program     static /Users/mreiter/Desktop/AER201/botL.X/i2c_common.asm
                  WR_ERR2   0x00121e    program     static /Users/mreiter/Desktop/AER201/botL.X/i2c_common.asm
                  WR_ERR3   0x00122a    program     static /Users/mreiter/Desktop/AER201/botL.X/i2c_common.asm
                   WR_END   0x001234    program     static /Users/mreiter/Desktop/AER201/botL.X/i2c_common.asm
              _.code_0248   0x001238    program     static /Users/mreiter/Desktop/AER201/botL.X/i2c_common.asm
                CHECK_ACK   0x00123e    program     extern /Users/mreiter/Desktop/AER201/botL.X/i2c.asm
                 I2C_temp   0x00123e    program     static /Users/mreiter/Desktop/AER201/botL.X/i2c.asm
                I2C_ACKDT   0x00123e    program     extern /Users/mreiter/Desktop/AER201/botL.X/i2c.asm
               CHECK_NACK   0x001242    program     extern /Users/mreiter/Desktop/AER201/botL.X/i2c.asm
                TEST_NACK   0x001246    program     static /Users/mreiter/Desktop/AER201/botL.X/i2c.asm
          I2C_Master_INIT   0x00124e    program     extern /Users/mreiter/Desktop/AER201/botL.X/i2c.asm
          I2C_Master_WAIT   0x001260    program     extern /Users/mreiter/Desktop/AER201/botL.X/i2c.asm
                     WAIT   0x001260    program     static /Users/mreiter/Desktop/AER201/botL.X/i2c.asm
         I2C_Master_START   0x001270    program     extern /Users/mreiter/Desktop/AER201/botL.X/i2c.asm
        I2C_Master_RSTART   0x001278    program     extern /Users/mreiter/Desktop/AER201/botL.X/i2c.asm
          I2C_Master_STOP   0x001280    program     extern /Users/mreiter/Desktop/AER201/botL.X/i2c.asm
         I2C_Master_WRITE   0x001288    program     extern /Users/mreiter/Desktop/AER201/botL.X/i2c.asm
                  HOLD_UP   0x00128e    program     static /Users/mreiter/Desktop/AER201/botL.X/i2c.asm
          I2C_Master_READ   0x001296    program     extern /Users/mreiter/Desktop/AER201/botL.X/i2c.asm
                     LOOP   0x00129c    program     static /Users/mreiter/Desktop/AER201/botL.X/i2c.asm
           I2C_Master_ACK   0x0012a4    program     extern /Users/mreiter/Desktop/AER201/botL.X/i2c.asm
                 TEST_ACK   0x0012a8    program     static /Users/mreiter/Desktop/AER201/botL.X/i2c.asm
               regaddress   0x000080       data     extern /Users/mreiter/Desktop/AER201/botL.X/i2c_common.asm
                 databyte   0x000081       data     extern /Users/mreiter/Desktop/AER201/botL.X/i2c_common.asm
                 datachar   0x000082       data     extern /Users/mreiter/Desktop/AER201/botL.X/i2c_common.asm
             data_colourL   0x000083       data     extern /Users/mreiter/Desktop/AER201/botL.X/i2c_common.asm
             data_colourH   0x000084       data     extern /Users/mreiter/Desktop/AER201/botL.X/i2c_common.asm
               tens_digit   0x000085       data     extern /Users/mreiter/Desktop/AER201/botL.X/i2c_common.asm
               ones_digit   0x000086       data     extern /Users/mreiter/Desktop/AER201/botL.X/i2c_common.asm
           convert_buffer   0x000087       data     extern /Users/mreiter/Desktop/AER201/botL.X/i2c_common.asm
                  d50ms_C   0x000088       data     extern /Users/mreiter/Desktop/AER201/botL.X/i2c_common.asm
                 d200us_C   0x000089       data     extern /Users/mreiter/Desktop/AER201/botL.X/i2c_common.asm


