MPLINK 5.08, LINKER
Linker Map File - Created Sat Feb  4 03:18:19 2017

                                 Section Info
                  Section       Type    Address   Location Size(Bytes)
                ---------  ---------  ---------  ---------  ---------
                   .org_0       code   0x000000    program   0x000004
                   .cinit    romdata   0x000004    program   0x000002
                   .org_1       code   0x000008    program   0x000004
                   .org_2       code   0x000018    program   0x0001c0
                    .code       code   0x0001d8    program   0x0002bc
.config_300001_BUILD/DEFAULT/PRODUCTION/MAIN.O    romdata   0x300001    program   0x000001
.config_300002_BUILD/DEFAULT/PRODUCTION/MAIN.O    romdata   0x300002    program   0x000001
.config_300003_BUILD/DEFAULT/PRODUCTION/MAIN.O    romdata   0x300003    program   0x000001
.config_300005_BUILD/DEFAULT/PRODUCTION/MAIN.O    romdata   0x300005    program   0x000001
.config_300006_BUILD/DEFAULT/PRODUCTION/MAIN.O    romdata   0x300006    program   0x000001
.config_300008_BUILD/DEFAULT/PRODUCTION/MAIN.O    romdata   0x300008    program   0x000001
.config_300009_BUILD/DEFAULT/PRODUCTION/MAIN.O    romdata   0x300009    program   0x000001
.config_30000A_BUILD/DEFAULT/PRODUCTION/MAIN.O    romdata   0x30000a    program   0x000001
.config_30000B_BUILD/DEFAULT/PRODUCTION/MAIN.O    romdata   0x30000b    program   0x000001
.config_30000C_BUILD/DEFAULT/PRODUCTION/MAIN.O    romdata   0x30000c    program   0x000001
.config_30000D_BUILD/DEFAULT/PRODUCTION/MAIN.O    romdata   0x30000d    program   0x000001
                   .udata      udata   0x0000b0       data   0x000006



                              Program Memory Usage 
                               Start         End      
                           ---------   ---------      
                            0x000000    0x000005      
                            0x000008    0x00000b      
                            0x000018    0x000493      
                            0x300001    0x300003      
                            0x300005    0x300006      
                            0x300008    0x30000d      
            1169 out of 66584 program addresses used, program memory utilization is 1%



                              Symbols - Sorted by Name
                     Name    Address   Location    Storage File                     
                ---------  ---------  ---------  --------- ---------                
                   ClkLCD   0x0002fe    program     extern /Users/mreiter/Desktop/AER201/botL.X/lcd.asm
                   ClrLCD   0x0002f0    program     extern /Users/mreiter/Desktop/AER201/botL.X/lcd.asm
                   Cycles   0x000112    program     static /Users/mreiter/Desktop/AER201/botL.X/main.asm
               Delay200us   0x0000fa    program     static /Users/mreiter/Desktop/AER201/botL.X/main.asm
            Delay44usLoop   0x000344    program     static /Users/mreiter/Desktop/AER201/botL.X/lcd.asm
                Delay50ms   0x000108    program     static /Users/mreiter/Desktop/AER201/botL.X/main.asm
             Delay5msLoop   0x000354    program     static /Users/mreiter/Desktop/AER201/botL.X/lcd.asm
                 Delay5us   0x0000ec    program     static /Users/mreiter/Desktop/AER201/botL.X/main.asm
                      Exe   0x0001fe    program     static /Users/mreiter/Desktop/AER201/botL.X/main.asm
             HOLD_KEY_RTC   0x00011c    program     static /Users/mreiter/Desktop/AER201/botL.X/main.asm
             HOLD_STANDBY   0x0000e6    program     static /Users/mreiter/Desktop/AER201/botL.X/main.asm
                     INIT   0x00003c    program     static /Users/mreiter/Desktop/AER201/botL.X/main.asm
                 ISR_High   0x00001c    program     static /Users/mreiter/Desktop/AER201/botL.X/main.asm
                  ISR_LOW   0x00002c    program     static /Users/mreiter/Desktop/AER201/botL.X/main.asm
                  InitLCD   0x000244    program     extern /Users/mreiter/Desktop/AER201/botL.X/lcd.asm
                   LCD_L1   0x000310    program     extern /Users/mreiter/Desktop/AER201/botL.X/lcd.asm
                   LCD_L2   0x000318    program     extern /Users/mreiter/Desktop/AER201/botL.X/lcd.asm
                 LLD_LOOP   0x00032e    program     static /Users/mreiter/Desktop/AER201/botL.X/lcd.asm
                      Log   0x0001f0    program     static /Users/mreiter/Desktop/AER201/botL.X/main.asm
                   MovMSB   0x000320    program     static /Users/mreiter/Desktop/AER201/botL.X/lcd.asm
                  Op_Time   0x000212    program     static /Users/mreiter/Desktop/AER201/botL.X/main.asm
                   RD_END   0x000476    program     static /Users/mreiter/Desktop/AER201/botL.X/i2c_common.asm
                  RD_ERR1   0x000458    program     static /Users/mreiter/Desktop/AER201/botL.X/i2c_common.asm
                  RD_ERR2   0x000462    program     static /Users/mreiter/Desktop/AER201/botL.X/i2c_common.asm
                  RD_ERR3   0x00046c    program     static /Users/mreiter/Desktop/AER201/botL.X/i2c_common.asm
             READ_KEY_RTC   0x00011c    program     static /Users/mreiter/Desktop/AER201/botL.X/main.asm
                  STANDBY   0x0000c8    program     static /Users/mreiter/Desktop/AER201/botL.X/main.asm
                   Safety   0x000234    program     static /Users/mreiter/Desktop/AER201/botL.X/main.asm
                     Save   0x00021a    program     static /Users/mreiter/Desktop/AER201/botL.X/main.asm
                  StandBy   0x0001e8    program     static /Users/mreiter/Desktop/AER201/botL.X/main.asm
                  Stopped   0x00020a    program     static /Users/mreiter/Desktop/AER201/botL.X/main.asm
                     Team   0x0001de    program     static /Users/mreiter/Desktop/AER201/botL.X/main.asm
                 Transfer   0x000224    program     static /Users/mreiter/Desktop/AER201/botL.X/main.asm
                  WR_DATA   0x0002b8    program     extern /Users/mreiter/Desktop/AER201/botL.X/lcd.asm
                   WR_END   0x0003e8    program     static /Users/mreiter/Desktop/AER201/botL.X/i2c_common.asm
                  WR_ERR1   0x0003c8    program     static /Users/mreiter/Desktop/AER201/botL.X/i2c_common.asm
                  WR_ERR2   0x0003d2    program     static /Users/mreiter/Desktop/AER201/botL.X/i2c_common.asm
                  WR_ERR3   0x0003de    program     static /Users/mreiter/Desktop/AER201/botL.X/i2c_common.asm
                   WR_INS   0x00029c    program     extern /Users/mreiter/Desktop/AER201/botL.X/lcd.asm
                  Welcome   0x0001d8    program     static /Users/mreiter/Desktop/AER201/botL.X/main.asm
                   WrtLCD   0x0002da    program     extern /Users/mreiter/Desktop/AER201/botL.X/lcd.asm
              _.code_0018   0x00037a    program     static /Users/mreiter/Desktop/AER201/botL.X/i2c_common.asm
              _.code_0022   0x000384    program     static /Users/mreiter/Desktop/AER201/botL.X/i2c_common.asm
              _.code_002A   0x00038c    program     static /Users/mreiter/Desktop/AER201/botL.X/i2c_common.asm
              _.code_0030   0x000392    program     static /Users/mreiter/Desktop/AER201/botL.X/i2c_common.asm
              _.code_003E   0x0003a0    program     static /Users/mreiter/Desktop/AER201/botL.X/i2c_common.asm
              _.code_0044   0x0003a6    program     static /Users/mreiter/Desktop/AER201/botL.X/i2c_common.asm
              _.code_0052   0x0003b4    program     static /Users/mreiter/Desktop/AER201/botL.X/i2c_common.asm
              _.code_0058   0x0003ba    program     static /Users/mreiter/Desktop/AER201/botL.X/i2c_common.asm
              _.code_008A   0x0003ec    program     static /Users/mreiter/Desktop/AER201/botL.X/i2c_common.asm
              _.code_0094   0x0003f6    program     static /Users/mreiter/Desktop/AER201/botL.X/i2c_common.asm
              _.code_009C   0x0003fe    program     static /Users/mreiter/Desktop/AER201/botL.X/i2c_common.asm
              _.code_00A2   0x000404    program     static /Users/mreiter/Desktop/AER201/botL.X/i2c_common.asm
              _.code_00B0   0x000412    program     static /Users/mreiter/Desktop/AER201/botL.X/i2c_common.asm
              _.code_00B6   0x000418    program     static /Users/mreiter/Desktop/AER201/botL.X/i2c_common.asm
              _.code_00C4   0x000426    program     static /Users/mreiter/Desktop/AER201/botL.X/i2c_common.asm
              _.code_00C6   0x00030a    program     static /Users/mreiter/Desktop/AER201/botL.X/lcd.asm
              _.code_00CC   0x00042e    program     static /Users/mreiter/Desktop/AER201/botL.X/i2c_common.asm
              _.code_00D2   0x000434    program     static /Users/mreiter/Desktop/AER201/botL.X/i2c_common.asm
              _.code_00E0   0x000442    program     static /Users/mreiter/Desktop/AER201/botL.X/i2c_common.asm
              _.code_00F0   0x000334    program     static /Users/mreiter/Desktop/AER201/botL.X/lcd.asm
              _.code_0118   0x00047a    program     static /Users/mreiter/Desktop/AER201/botL.X/i2c_common.asm
             _.org_2_01D2   0x0001d2    program     static /Users/mreiter/Desktop/AER201/botL.X/main.asm
                 _19Again   0x00044e    program     static /Users/mreiter/Desktop/AER201/botL.X/i2c_common.asm
                   _1loop   0x000092    program     static /Users/mreiter/Desktop/AER201/botL.X/main.asm
                   _2loop   0x0000b0    program     static /Users/mreiter/Desktop/AER201/botL.X/main.asm
                   _3loop   0x0000be    program     static /Users/mreiter/Desktop/AER201/botL.X/main.asm
                   _4loop   0x0000dc    program     static /Users/mreiter/Desktop/AER201/botL.X/main.asm
                       d2   0x00035c    program     static /Users/mreiter/Desktop/AER201/botL.X/lcd.asm
                delay44us   0x000340    program     static /Users/mreiter/Desktop/AER201/botL.X/lcd.asm
                 delay5ms   0x00034c    program     static /Users/mreiter/Desktop/AER201/botL.X/lcd.asm
         i2c_common_setup   0x000362    program     extern /Users/mreiter/Desktop/AER201/botL.X/i2c_common.asm
             lcdLongDelay   0x00032a    program     static /Users/mreiter/Desktop/AER201/botL.X/lcd.asm
                loop200us   0x0000fe    program     static /Users/mreiter/Desktop/AER201/botL.X/main.asm
                 loop50ms   0x00010c    program     static /Users/mreiter/Desktop/AER201/botL.X/main.asm
                  loop5us   0x0000f0    program     static /Users/mreiter/Desktop/AER201/botL.X/main.asm
                 read_rtc   0x0003f2    program     extern /Users/mreiter/Desktop/AER201/botL.X/i2c_common.asm
              rtc_convert   0x000480    program     extern /Users/mreiter/Desktop/AER201/botL.X/i2c_common.asm
                write_rtc   0x000380    program     extern /Users/mreiter/Desktop/AER201/botL.X/i2c_common.asm
           convert_buffer   0x0000b5       data     extern /Users/mreiter/Desktop/AER201/botL.X/i2c_common.asm
                 databyte   0x0000b1       data     extern /Users/mreiter/Desktop/AER201/botL.X/i2c_common.asm
                 datachar   0x0000b2       data     extern /Users/mreiter/Desktop/AER201/botL.X/i2c_common.asm
               ones_digit   0x0000b4       data     extern /Users/mreiter/Desktop/AER201/botL.X/i2c_common.asm
               regaddress   0x0000b0       data     extern /Users/mreiter/Desktop/AER201/botL.X/i2c_common.asm
               tens_digit   0x0000b3       data     extern /Users/mreiter/Desktop/AER201/botL.X/i2c_common.asm



                              Symbols - Sorted by Address
                     Name    Address   Location    Storage File                     
                ---------  ---------  ---------  --------- ---------                
                 ISR_High   0x00001c    program     static /Users/mreiter/Desktop/AER201/botL.X/main.asm
                  ISR_LOW   0x00002c    program     static /Users/mreiter/Desktop/AER201/botL.X/main.asm
                     INIT   0x00003c    program     static /Users/mreiter/Desktop/AER201/botL.X/main.asm
                   _1loop   0x000092    program     static /Users/mreiter/Desktop/AER201/botL.X/main.asm
                   _2loop   0x0000b0    program     static /Users/mreiter/Desktop/AER201/botL.X/main.asm
                   _3loop   0x0000be    program     static /Users/mreiter/Desktop/AER201/botL.X/main.asm
                  STANDBY   0x0000c8    program     static /Users/mreiter/Desktop/AER201/botL.X/main.asm
                   _4loop   0x0000dc    program     static /Users/mreiter/Desktop/AER201/botL.X/main.asm
             HOLD_STANDBY   0x0000e6    program     static /Users/mreiter/Desktop/AER201/botL.X/main.asm
                 Delay5us   0x0000ec    program     static /Users/mreiter/Desktop/AER201/botL.X/main.asm
                  loop5us   0x0000f0    program     static /Users/mreiter/Desktop/AER201/botL.X/main.asm
               Delay200us   0x0000fa    program     static /Users/mreiter/Desktop/AER201/botL.X/main.asm
                loop200us   0x0000fe    program     static /Users/mreiter/Desktop/AER201/botL.X/main.asm
                Delay50ms   0x000108    program     static /Users/mreiter/Desktop/AER201/botL.X/main.asm
                 loop50ms   0x00010c    program     static /Users/mreiter/Desktop/AER201/botL.X/main.asm
                   Cycles   0x000112    program     static /Users/mreiter/Desktop/AER201/botL.X/main.asm
             HOLD_KEY_RTC   0x00011c    program     static /Users/mreiter/Desktop/AER201/botL.X/main.asm
             READ_KEY_RTC   0x00011c    program     static /Users/mreiter/Desktop/AER201/botL.X/main.asm
             _.org_2_01D2   0x0001d2    program     static /Users/mreiter/Desktop/AER201/botL.X/main.asm
                  Welcome   0x0001d8    program     static /Users/mreiter/Desktop/AER201/botL.X/main.asm
                     Team   0x0001de    program     static /Users/mreiter/Desktop/AER201/botL.X/main.asm
                  StandBy   0x0001e8    program     static /Users/mreiter/Desktop/AER201/botL.X/main.asm
                      Log   0x0001f0    program     static /Users/mreiter/Desktop/AER201/botL.X/main.asm
                      Exe   0x0001fe    program     static /Users/mreiter/Desktop/AER201/botL.X/main.asm
                  Stopped   0x00020a    program     static /Users/mreiter/Desktop/AER201/botL.X/main.asm
                  Op_Time   0x000212    program     static /Users/mreiter/Desktop/AER201/botL.X/main.asm
                     Save   0x00021a    program     static /Users/mreiter/Desktop/AER201/botL.X/main.asm
                 Transfer   0x000224    program     static /Users/mreiter/Desktop/AER201/botL.X/main.asm
                   Safety   0x000234    program     static /Users/mreiter/Desktop/AER201/botL.X/main.asm
                  InitLCD   0x000244    program     extern /Users/mreiter/Desktop/AER201/botL.X/lcd.asm
                   WR_INS   0x00029c    program     extern /Users/mreiter/Desktop/AER201/botL.X/lcd.asm
                  WR_DATA   0x0002b8    program     extern /Users/mreiter/Desktop/AER201/botL.X/lcd.asm
                   WrtLCD   0x0002da    program     extern /Users/mreiter/Desktop/AER201/botL.X/lcd.asm
                   ClrLCD   0x0002f0    program     extern /Users/mreiter/Desktop/AER201/botL.X/lcd.asm
                   ClkLCD   0x0002fe    program     extern /Users/mreiter/Desktop/AER201/botL.X/lcd.asm
              _.code_00C6   0x00030a    program     static /Users/mreiter/Desktop/AER201/botL.X/lcd.asm
                   LCD_L1   0x000310    program     extern /Users/mreiter/Desktop/AER201/botL.X/lcd.asm
                   LCD_L2   0x000318    program     extern /Users/mreiter/Desktop/AER201/botL.X/lcd.asm
                   MovMSB   0x000320    program     static /Users/mreiter/Desktop/AER201/botL.X/lcd.asm
             lcdLongDelay   0x00032a    program     static /Users/mreiter/Desktop/AER201/botL.X/lcd.asm
                 LLD_LOOP   0x00032e    program     static /Users/mreiter/Desktop/AER201/botL.X/lcd.asm
              _.code_00F0   0x000334    program     static /Users/mreiter/Desktop/AER201/botL.X/lcd.asm
                delay44us   0x000340    program     static /Users/mreiter/Desktop/AER201/botL.X/lcd.asm
            Delay44usLoop   0x000344    program     static /Users/mreiter/Desktop/AER201/botL.X/lcd.asm
                 delay5ms   0x00034c    program     static /Users/mreiter/Desktop/AER201/botL.X/lcd.asm
             Delay5msLoop   0x000354    program     static /Users/mreiter/Desktop/AER201/botL.X/lcd.asm
                       d2   0x00035c    program     static /Users/mreiter/Desktop/AER201/botL.X/lcd.asm
         i2c_common_setup   0x000362    program     extern /Users/mreiter/Desktop/AER201/botL.X/i2c_common.asm
              _.code_0018   0x00037a    program     static /Users/mreiter/Desktop/AER201/botL.X/i2c_common.asm
                write_rtc   0x000380    program     extern /Users/mreiter/Desktop/AER201/botL.X/i2c_common.asm
              _.code_0022   0x000384    program     static /Users/mreiter/Desktop/AER201/botL.X/i2c_common.asm
              _.code_002A   0x00038c    program     static /Users/mreiter/Desktop/AER201/botL.X/i2c_common.asm
              _.code_0030   0x000392    program     static /Users/mreiter/Desktop/AER201/botL.X/i2c_common.asm
              _.code_003E   0x0003a0    program     static /Users/mreiter/Desktop/AER201/botL.X/i2c_common.asm
              _.code_0044   0x0003a6    program     static /Users/mreiter/Desktop/AER201/botL.X/i2c_common.asm
              _.code_0052   0x0003b4    program     static /Users/mreiter/Desktop/AER201/botL.X/i2c_common.asm
              _.code_0058   0x0003ba    program     static /Users/mreiter/Desktop/AER201/botL.X/i2c_common.asm
                  WR_ERR1   0x0003c8    program     static /Users/mreiter/Desktop/AER201/botL.X/i2c_common.asm
                  WR_ERR2   0x0003d2    program     static /Users/mreiter/Desktop/AER201/botL.X/i2c_common.asm
                  WR_ERR3   0x0003de    program     static /Users/mreiter/Desktop/AER201/botL.X/i2c_common.asm
                   WR_END   0x0003e8    program     static /Users/mreiter/Desktop/AER201/botL.X/i2c_common.asm
              _.code_008A   0x0003ec    program     static /Users/mreiter/Desktop/AER201/botL.X/i2c_common.asm
                 read_rtc   0x0003f2    program     extern /Users/mreiter/Desktop/AER201/botL.X/i2c_common.asm
              _.code_0094   0x0003f6    program     static /Users/mreiter/Desktop/AER201/botL.X/i2c_common.asm
              _.code_009C   0x0003fe    program     static /Users/mreiter/Desktop/AER201/botL.X/i2c_common.asm
              _.code_00A2   0x000404    program     static /Users/mreiter/Desktop/AER201/botL.X/i2c_common.asm
              _.code_00B0   0x000412    program     static /Users/mreiter/Desktop/AER201/botL.X/i2c_common.asm
              _.code_00B6   0x000418    program     static /Users/mreiter/Desktop/AER201/botL.X/i2c_common.asm
              _.code_00C4   0x000426    program     static /Users/mreiter/Desktop/AER201/botL.X/i2c_common.asm
              _.code_00CC   0x00042e    program     static /Users/mreiter/Desktop/AER201/botL.X/i2c_common.asm
              _.code_00D2   0x000434    program     static /Users/mreiter/Desktop/AER201/botL.X/i2c_common.asm
              _.code_00E0   0x000442    program     static /Users/mreiter/Desktop/AER201/botL.X/i2c_common.asm
                 _19Again   0x00044e    program     static /Users/mreiter/Desktop/AER201/botL.X/i2c_common.asm
                  RD_ERR1   0x000458    program     static /Users/mreiter/Desktop/AER201/botL.X/i2c_common.asm
                  RD_ERR2   0x000462    program     static /Users/mreiter/Desktop/AER201/botL.X/i2c_common.asm
                  RD_ERR3   0x00046c    program     static /Users/mreiter/Desktop/AER201/botL.X/i2c_common.asm
                   RD_END   0x000476    program     static /Users/mreiter/Desktop/AER201/botL.X/i2c_common.asm
              _.code_0118   0x00047a    program     static /Users/mreiter/Desktop/AER201/botL.X/i2c_common.asm
              rtc_convert   0x000480    program     extern /Users/mreiter/Desktop/AER201/botL.X/i2c_common.asm
               regaddress   0x0000b0       data     extern /Users/mreiter/Desktop/AER201/botL.X/i2c_common.asm
                 databyte   0x0000b1       data     extern /Users/mreiter/Desktop/AER201/botL.X/i2c_common.asm
                 datachar   0x0000b2       data     extern /Users/mreiter/Desktop/AER201/botL.X/i2c_common.asm
               tens_digit   0x0000b3       data     extern /Users/mreiter/Desktop/AER201/botL.X/i2c_common.asm
               ones_digit   0x0000b4       data     extern /Users/mreiter/Desktop/AER201/botL.X/i2c_common.asm
           convert_buffer   0x0000b5       data     extern /Users/mreiter/Desktop/AER201/botL.X/i2c_common.asm


