MPLINK 5.08, LINKER
Linker Map File - Created Sun Feb  5 23:18:11 2017

                                 Section Info
                  Section       Type    Address   Location Size(Bytes)
                ---------  ---------  ---------  ---------  ---------
                   .org_0       code   0x000000    program   0x000004
                   .cinit    romdata   0x000004    program   0x000002
                   .org_1       code   0x000008    program   0x000004
                   .org_2       code   0x000018    program   0x00061e
                    .code       code   0x000636    program   0x000302
.config_300001_BUILD/DEFAULT/PRODUCTION/MAIN.O    romdata   0x300001    program   0x000001
.config_300002_BUILD/DEFAULT/PRODUCTION/MAIN.O    romdata   0x300002    program   0x000001
.config_300003_BUILD/DEFAULT/PRODUCTION/MAIN.O    romdata   0x300003    program   0x000001
.config_300005_BUILD/DEFAULT/PRODUCTION/MAIN.O    romdata   0x300005    program   0x000001
.config_300006_BUILD/DEFAULT/PRODUCTION/MAIN.O    romdata   0x300006    program   0x000001
.config_300008_BUILD/DEFAULT/PRODUCTION/MAIN.O    romdata   0x300008    program   0x000001
.config_300009_BUILD/DEFAULT/PRODUCTION/MAIN.O    romdata   0x300009    program   0x000001
.config_30000A_BUILD/DEFAULT/PRODUCTION/MAIN.O    romdata   0x30000a    program   0x000001
.config_30000B_BUILD/DEFAULT/PRODUCTION/MAIN.O    romdata   0x30000b    program   0x000001
.config_30000C_BUILD/DEFAULT/PRODUCTION/MAIN.O    romdata   0x30000c    program   0x000001
.config_30000D_BUILD/DEFAULT/PRODUCTION/MAIN.O    romdata   0x30000d    program   0x000001
                   .udata      udata   0x000080       data   0x000006



                              Program Memory Usage 
                               Start         End      
                           ---------   ---------      
                            0x000000    0x000005      
                            0x000008    0x00000b      
                            0x000018    0x000937      
                            0x300001    0x300003      
                            0x300005    0x300006      
                            0x300008    0x30000d      
            2357 out of 66584 program addresses used, program memory utilization is 3%



                              Symbols - Sorted by Name
                     Name    Address   Location    Storage File                     
                ---------  ---------  ---------  --------- ---------                
           ClearEEPROM_21   0x000474    program     static /Users/mreiter/Desktop/AER201/botL.X/main.asm
                ClearNext   0x00047c    program     static /Users/mreiter/Desktop/AER201/botL.X/main.asm
                   ClkLCD   0x000780    program     extern /Users/mreiter/Desktop/AER201/botL.X/lcd.asm
                   ClrLCD   0x000772    program     extern /Users/mreiter/Desktop/AER201/botL.X/lcd.asm
                   Cycles   0x00040c    program     static /Users/mreiter/Desktop/AER201/botL.X/main.asm
               Delay200us   0x0003f4    program     static /Users/mreiter/Desktop/AER201/botL.X/main.asm
            Delay44usLoop   0x0007c6    program     static /Users/mreiter/Desktop/AER201/botL.X/lcd.asm
                Delay50ms   0x000402    program     static /Users/mreiter/Desktop/AER201/botL.X/main.asm
             Delay5msLoop   0x0007d6    program     static /Users/mreiter/Desktop/AER201/botL.X/lcd.asm
                 Delay5us   0x0003e6    program     static /Users/mreiter/Desktop/AER201/botL.X/main.asm
                DispOpRTC   0x000558    program     static /Users/mreiter/Desktop/AER201/botL.X/main.asm
         DispOpRTC_Helper   0x0005fc    program     static /Users/mreiter/Desktop/AER201/botL.X/main.asm
              DisplayTime   0x0004e6    program     static /Users/mreiter/Desktop/AER201/botL.X/main.asm
              END_ISR_LOW   0x000048    program     static /Users/mreiter/Desktop/AER201/botL.X/main.asm
                EXECUTION   0x000148    program     static /Users/mreiter/Desktop/AER201/botL.X/main.asm
                 EXIT_EXE   0x0001a6    program     static /Users/mreiter/Desktop/AER201/botL.X/main.asm
                     Exe1   0x000674    program     static /Users/mreiter/Desktop/AER201/botL.X/main.asm
                     Exe2   0x000680    program     static /Users/mreiter/Desktop/AER201/botL.X/main.asm
                 HOLD_EXE   0x00018a    program     static /Users/mreiter/Desktop/AER201/botL.X/main.asm
                 HOLD_KEY   0x0004ba    program     static /Users/mreiter/Desktop/AER201/botL.X/main.asm
             HOLD_KEY_RTC   0x0004ce    program     static /Users/mreiter/Desktop/AER201/botL.X/main.asm
                 HOLD_LOG   0x00035c    program     static /Users/mreiter/Desktop/AER201/botL.X/main.asm
            HOLD_LOG_INFO   0x0003ca    program     static /Users/mreiter/Desktop/AER201/botL.X/main.asm
             HOLD_STANDBY   0x000116    program     static /Users/mreiter/Desktop/AER201/botL.X/main.asm
                I2C_ACKDT   0x0008e2    program     extern /Users/mreiter/Desktop/AER201/botL.X/i2c.asm
          I2C_Master_INIT   0x0008e2    program     extern /Users/mreiter/Desktop/AER201/botL.X/i2c.asm
          I2C_Master_READ   0x000920    program     extern /Users/mreiter/Desktop/AER201/botL.X/i2c.asm
        I2C_Master_RSTART   0x000908    program     extern /Users/mreiter/Desktop/AER201/botL.X/i2c.asm
         I2C_Master_START   0x000900    program     extern /Users/mreiter/Desktop/AER201/botL.X/i2c.asm
          I2C_Master_STOP   0x000910    program     extern /Users/mreiter/Desktop/AER201/botL.X/i2c.asm
          I2C_Master_WAIT   0x0008f8    program     extern /Users/mreiter/Desktop/AER201/botL.X/i2c.asm
         I2C_Master_WRITE   0x000918    program     extern /Users/mreiter/Desktop/AER201/botL.X/i2c.asm
                 I2C_temp   0x0008e2    program     static /Users/mreiter/Desktop/AER201/botL.X/i2c.asm
                     INIT   0x000060    program     static /Users/mreiter/Desktop/AER201/botL.X/main.asm
                 ISR_High   0x00001c    program     static /Users/mreiter/Desktop/AER201/botL.X/main.asm
                  ISR_LOW   0x00002c    program     static /Users/mreiter/Desktop/AER201/botL.X/main.asm
                  InitLCD   0x0006c6    program     extern /Users/mreiter/Desktop/AER201/botL.X/lcd.asm
                   LCD_L1   0x000792    program     extern /Users/mreiter/Desktop/AER201/botL.X/lcd.asm
                   LCD_L2   0x00079a    program     extern /Users/mreiter/Desktop/AER201/botL.X/lcd.asm
                 LLD_LOOP   0x0007b0    program     static /Users/mreiter/Desktop/AER201/botL.X/lcd.asm
                      LOG   0x000304    program     static /Users/mreiter/Desktop/AER201/botL.X/main.asm
                 LOG_INFO   0x00038e    program     static /Users/mreiter/Desktop/AER201/botL.X/main.asm
                     Log1   0x00064e    program     static /Users/mreiter/Desktop/AER201/botL.X/main.asm
                     Log2   0x000654    program     static /Users/mreiter/Desktop/AER201/botL.X/main.asm
                 LogInfo1   0x000662    program     static /Users/mreiter/Desktop/AER201/botL.X/main.asm
                 LogInfo2   0x00066a    program     static /Users/mreiter/Desktop/AER201/botL.X/main.asm
                   MovMSB   0x0007a2    program     static /Users/mreiter/Desktop/AER201/botL.X/lcd.asm
                   NoData   0x0006c2    program     static /Users/mreiter/Desktop/AER201/botL.X/main.asm
          NoSkipDispOpRTC   0x000598    program     static /Users/mreiter/Desktop/AER201/botL.X/main.asm
         NoSkipDispOpTime   0x000522    program     static /Users/mreiter/Desktop/AER201/botL.X/main.asm
                  Op_Time   0x000690    program     static /Users/mreiter/Desktop/AER201/botL.X/main.asm
                   RD_END   0x0008c8    program     static /Users/mreiter/Desktop/AER201/botL.X/i2c_common.asm
                  RD_ERR1   0x0008aa    program     static /Users/mreiter/Desktop/AER201/botL.X/i2c_common.asm
                  RD_ERR2   0x0008b4    program     static /Users/mreiter/Desktop/AER201/botL.X/i2c_common.asm
                  RD_ERR3   0x0008be    program     static /Users/mreiter/Desktop/AER201/botL.X/i2c_common.asm
                 READ_KEY   0x0004ba    program     static /Users/mreiter/Desktop/AER201/botL.X/main.asm
             READ_KEY_RTC   0x0004ce    program     static /Users/mreiter/Desktop/AER201/botL.X/main.asm
                     SAVE   0x000698    program     static /Users/mreiter/Desktop/AER201/botL.X/main.asm
                  STANDBY   0x0000f8    program     static /Users/mreiter/Desktop/AER201/botL.X/main.asm
                   Safety   0x0006b2    program     static /Users/mreiter/Desktop/AER201/botL.X/main.asm
                 SaveData   0x000208    program     static /Users/mreiter/Desktop/AER201/botL.X/main.asm
                ShiftLoop   0x00023a    program     static /Users/mreiter/Desktop/AER201/botL.X/main.asm
            SkipDispOpRTC   0x0005fa    program     static /Users/mreiter/Desktop/AER201/botL.X/main.asm
           SkipDispOpTime   0x000556    program     static /Users/mreiter/Desktop/AER201/botL.X/main.asm
                  StandBy   0x000646    program     static /Users/mreiter/Desktop/AER201/botL.X/main.asm
                  Stopped   0x000688    program     static /Users/mreiter/Desktop/AER201/botL.X/main.asm
                     Team   0x00063c    program     static /Users/mreiter/Desktop/AER201/botL.X/main.asm
                 Transfer   0x0006a2    program     static /Users/mreiter/Desktop/AER201/botL.X/main.asm
                     WAIT   0x0008f8    program     static /Users/mreiter/Desktop/AER201/botL.X/i2c.asm
                  WR_DATA   0x00073a    program     extern /Users/mreiter/Desktop/AER201/botL.X/lcd.asm
                   WR_END   0x000856    program     static /Users/mreiter/Desktop/AER201/botL.X/i2c_common.asm
                  WR_ERR1   0x000836    program     static /Users/mreiter/Desktop/AER201/botL.X/i2c_common.asm
                  WR_ERR2   0x000840    program     static /Users/mreiter/Desktop/AER201/botL.X/i2c_common.asm
                  WR_ERR3   0x00084c    program     static /Users/mreiter/Desktop/AER201/botL.X/i2c_common.asm
                   WR_INS   0x00071e    program     extern /Users/mreiter/Desktop/AER201/botL.X/lcd.asm
                  Welcome   0x000636    program     static /Users/mreiter/Desktop/AER201/botL.X/main.asm
              WriteEE_RTC   0x000416    program     static /Users/mreiter/Desktop/AER201/botL.X/main.asm
                   WrtLCD   0x00075c    program     extern /Users/mreiter/Desktop/AER201/botL.X/lcd.asm
              _.code_0024   0x000808    program     static /Users/mreiter/Desktop/AER201/botL.X/i2c_common.asm
              _.code_0034   0x000818    program     static /Users/mreiter/Desktop/AER201/botL.X/i2c_common.asm
              _.code_0044   0x000828    program     static /Users/mreiter/Desktop/AER201/botL.X/i2c_common.asm
              _.code_0082   0x000866    program     static /Users/mreiter/Desktop/AER201/botL.X/i2c_common.asm
              _.code_0092   0x000876    program     static /Users/mreiter/Desktop/AER201/botL.X/i2c_common.asm
              _.code_00A6   0x00088a    program     static /Users/mreiter/Desktop/AER201/botL.X/i2c_common.asm
              _.code_00C6   0x00078c    program     static /Users/mreiter/Desktop/AER201/botL.X/lcd.asm
              _.code_00F0   0x0007b6    program     static /Users/mreiter/Desktop/AER201/botL.X/lcd.asm
             _.org_2_01B4   0x0001b4    program     static /Users/mreiter/Desktop/AER201/botL.X/main.asm
             _.org_2_01CC   0x0001cc    program     static /Users/mreiter/Desktop/AER201/botL.X/main.asm
             _.org_2_01E2   0x0001e2    program     static /Users/mreiter/Desktop/AER201/botL.X/main.asm
             _.org_2_01FA   0x0001fa    program     static /Users/mreiter/Desktop/AER201/botL.X/main.asm
             _.org_2_0260   0x000260    program     static /Users/mreiter/Desktop/AER201/botL.X/main.asm
             _.org_2_0278   0x000278    program     static /Users/mreiter/Desktop/AER201/botL.X/main.asm
             _.org_2_02B2   0x0002b2    program     static /Users/mreiter/Desktop/AER201/botL.X/main.asm
             _.org_2_02CA   0x0002ca    program     static /Users/mreiter/Desktop/AER201/botL.X/main.asm
             _.org_2_02E0   0x0002e0    program     static /Users/mreiter/Desktop/AER201/botL.X/main.asm
             _.org_2_02F8   0x0002f8    program     static /Users/mreiter/Desktop/AER201/botL.X/main.asm
             _.org_2_0424   0x000424    program     static /Users/mreiter/Desktop/AER201/botL.X/main.asm
             _.org_2_043C   0x00043c    program     static /Users/mreiter/Desktop/AER201/botL.X/main.asm
             _.org_2_0452   0x000452    program     static /Users/mreiter/Desktop/AER201/botL.X/main.asm
             _.org_2_046A   0x00046a    program     static /Users/mreiter/Desktop/AER201/botL.X/main.asm
             _.org_2_048A   0x00048a    program     static /Users/mreiter/Desktop/AER201/botL.X/main.asm
             _.org_2_04A2   0x0004a2    program     static /Users/mreiter/Desktop/AER201/botL.X/main.asm
             _.org_2_04C8   0x0004c8    program     static /Users/mreiter/Desktop/AER201/botL.X/main.asm
             _.org_2_04E0   0x0004e0    program     static /Users/mreiter/Desktop/AER201/botL.X/main.asm
                  _10loop   0x00017c    program     static /Users/mreiter/Desktop/AER201/botL.X/main.asm
                  _11Exit   0x0001a2    program     static /Users/mreiter/Desktop/AER201/botL.X/main.asm
                  _11Next   0x000196    program     static /Users/mreiter/Desktop/AER201/botL.X/main.asm
                  _14loop   0x00021c    program     static /Users/mreiter/Desktop/AER201/botL.X/main.asm
                  _19loop   0x000318    program     static /Users/mreiter/Desktop/AER201/botL.X/main.asm
                  _22Exit   0x000374    program     static /Users/mreiter/Desktop/AER201/botL.X/main.asm
                  _22Next   0x000368    program     static /Users/mreiter/Desktop/AER201/botL.X/main.asm
                  _23Exit   0x00038a    program     static /Users/mreiter/Desktop/AER201/botL.X/main.asm
                  _23Next   0x00037e    program     static /Users/mreiter/Desktop/AER201/botL.X/main.asm
                  _24loop   0x0003a2    program     static /Users/mreiter/Desktop/AER201/botL.X/main.asm
                  _25loop   0x0003c0    program     static /Users/mreiter/Desktop/AER201/botL.X/main.asm
                  _26Exit   0x0003e2    program     static /Users/mreiter/Desktop/AER201/botL.X/main.asm
                  _26Next   0x0003d6    program     static /Users/mreiter/Desktop/AER201/botL.X/main.asm
                  _31loop   0x000510    program     static /Users/mreiter/Desktop/AER201/botL.X/main.asm
                  _33loop   0x000586    program     static /Users/mreiter/Desktop/AER201/botL.X/main.asm
                   _3loop   0x0000c2    program     static /Users/mreiter/Desktop/AER201/botL.X/main.asm
                   _4loop   0x0000e0    program     static /Users/mreiter/Desktop/AER201/botL.X/main.asm
                   _5loop   0x0000ee    program     static /Users/mreiter/Desktop/AER201/botL.X/main.asm
                   _6loop   0x00010c    program     static /Users/mreiter/Desktop/AER201/botL.X/main.asm
                   _7Exit   0x00012e    program     static /Users/mreiter/Desktop/AER201/botL.X/main.asm
                   _7Next   0x000122    program     static /Users/mreiter/Desktop/AER201/botL.X/main.asm
                   _8Exit   0x000144    program     static /Users/mreiter/Desktop/AER201/botL.X/main.asm
                   _8Next   0x000138    program     static /Users/mreiter/Desktop/AER201/botL.X/main.asm
                   _9loop   0x00015e    program     static /Users/mreiter/Desktop/AER201/botL.X/main.asm
                  _waitl0   0x0008a0    program     static /Users/mreiter/Desktop/AER201/botL.X/i2c_common.asm
                       d2   0x0007de    program     static /Users/mreiter/Desktop/AER201/botL.X/lcd.asm
                delay44us   0x0007c2    program     static /Users/mreiter/Desktop/AER201/botL.X/lcd.asm
                 delay5ms   0x0007ce    program     static /Users/mreiter/Desktop/AER201/botL.X/lcd.asm
         i2c_common_setup   0x0007e4    program     extern /Users/mreiter/Desktop/AER201/botL.X/i2c_common.asm
             lcdLongDelay   0x0007ac    program     static /Users/mreiter/Desktop/AER201/botL.X/lcd.asm
                loop200us   0x0003f8    program     static /Users/mreiter/Desktop/AER201/botL.X/main.asm
                 loop50ms   0x000406    program     static /Users/mreiter/Desktop/AER201/botL.X/main.asm
                  loop5us   0x0003ea    program     static /Users/mreiter/Desktop/AER201/botL.X/main.asm
                 read_rtc   0x00085c    program     extern /Users/mreiter/Desktop/AER201/botL.X/i2c_common.asm
              rtc_convert   0x0008ce    program     extern /Users/mreiter/Desktop/AER201/botL.X/i2c_common.asm
                write_rtc   0x0007fe    program     extern /Users/mreiter/Desktop/AER201/botL.X/i2c_common.asm
           convert_buffer   0x000085       data     extern /Users/mreiter/Desktop/AER201/botL.X/i2c_common.asm
                 databyte   0x000081       data     extern /Users/mreiter/Desktop/AER201/botL.X/i2c_common.asm
                 datachar   0x000082       data     extern /Users/mreiter/Desktop/AER201/botL.X/i2c_common.asm
               ones_digit   0x000084       data     extern /Users/mreiter/Desktop/AER201/botL.X/i2c_common.asm
               regaddress   0x000080       data     extern /Users/mreiter/Desktop/AER201/botL.X/i2c_common.asm
               tens_digit   0x000083       data     extern /Users/mreiter/Desktop/AER201/botL.X/i2c_common.asm



                              Symbols - Sorted by Address
                     Name    Address   Location    Storage File                     
                ---------  ---------  ---------  --------- ---------                
                 ISR_High   0x00001c    program     static /Users/mreiter/Desktop/AER201/botL.X/main.asm
                  ISR_LOW   0x00002c    program     static /Users/mreiter/Desktop/AER201/botL.X/main.asm
              END_ISR_LOW   0x000048    program     static /Users/mreiter/Desktop/AER201/botL.X/main.asm
                     INIT   0x000060    program     static /Users/mreiter/Desktop/AER201/botL.X/main.asm
                   _3loop   0x0000c2    program     static /Users/mreiter/Desktop/AER201/botL.X/main.asm
                   _4loop   0x0000e0    program     static /Users/mreiter/Desktop/AER201/botL.X/main.asm
                   _5loop   0x0000ee    program     static /Users/mreiter/Desktop/AER201/botL.X/main.asm
                  STANDBY   0x0000f8    program     static /Users/mreiter/Desktop/AER201/botL.X/main.asm
                   _6loop   0x00010c    program     static /Users/mreiter/Desktop/AER201/botL.X/main.asm
             HOLD_STANDBY   0x000116    program     static /Users/mreiter/Desktop/AER201/botL.X/main.asm
                   _7Next   0x000122    program     static /Users/mreiter/Desktop/AER201/botL.X/main.asm
                   _7Exit   0x00012e    program     static /Users/mreiter/Desktop/AER201/botL.X/main.asm
                   _8Next   0x000138    program     static /Users/mreiter/Desktop/AER201/botL.X/main.asm
                   _8Exit   0x000144    program     static /Users/mreiter/Desktop/AER201/botL.X/main.asm
                EXECUTION   0x000148    program     static /Users/mreiter/Desktop/AER201/botL.X/main.asm
                   _9loop   0x00015e    program     static /Users/mreiter/Desktop/AER201/botL.X/main.asm
                  _10loop   0x00017c    program     static /Users/mreiter/Desktop/AER201/botL.X/main.asm
                 HOLD_EXE   0x00018a    program     static /Users/mreiter/Desktop/AER201/botL.X/main.asm
                  _11Next   0x000196    program     static /Users/mreiter/Desktop/AER201/botL.X/main.asm
                  _11Exit   0x0001a2    program     static /Users/mreiter/Desktop/AER201/botL.X/main.asm
                 EXIT_EXE   0x0001a6    program     static /Users/mreiter/Desktop/AER201/botL.X/main.asm
             _.org_2_01B4   0x0001b4    program     static /Users/mreiter/Desktop/AER201/botL.X/main.asm
             _.org_2_01CC   0x0001cc    program     static /Users/mreiter/Desktop/AER201/botL.X/main.asm
             _.org_2_01E2   0x0001e2    program     static /Users/mreiter/Desktop/AER201/botL.X/main.asm
             _.org_2_01FA   0x0001fa    program     static /Users/mreiter/Desktop/AER201/botL.X/main.asm
                 SaveData   0x000208    program     static /Users/mreiter/Desktop/AER201/botL.X/main.asm
                  _14loop   0x00021c    program     static /Users/mreiter/Desktop/AER201/botL.X/main.asm
                ShiftLoop   0x00023a    program     static /Users/mreiter/Desktop/AER201/botL.X/main.asm
             _.org_2_0260   0x000260    program     static /Users/mreiter/Desktop/AER201/botL.X/main.asm
             _.org_2_0278   0x000278    program     static /Users/mreiter/Desktop/AER201/botL.X/main.asm
             _.org_2_02B2   0x0002b2    program     static /Users/mreiter/Desktop/AER201/botL.X/main.asm
             _.org_2_02CA   0x0002ca    program     static /Users/mreiter/Desktop/AER201/botL.X/main.asm
             _.org_2_02E0   0x0002e0    program     static /Users/mreiter/Desktop/AER201/botL.X/main.asm
             _.org_2_02F8   0x0002f8    program     static /Users/mreiter/Desktop/AER201/botL.X/main.asm
                      LOG   0x000304    program     static /Users/mreiter/Desktop/AER201/botL.X/main.asm
                  _19loop   0x000318    program     static /Users/mreiter/Desktop/AER201/botL.X/main.asm
                 HOLD_LOG   0x00035c    program     static /Users/mreiter/Desktop/AER201/botL.X/main.asm
                  _22Next   0x000368    program     static /Users/mreiter/Desktop/AER201/botL.X/main.asm
                  _22Exit   0x000374    program     static /Users/mreiter/Desktop/AER201/botL.X/main.asm
                  _23Next   0x00037e    program     static /Users/mreiter/Desktop/AER201/botL.X/main.asm
                  _23Exit   0x00038a    program     static /Users/mreiter/Desktop/AER201/botL.X/main.asm
                 LOG_INFO   0x00038e    program     static /Users/mreiter/Desktop/AER201/botL.X/main.asm
                  _24loop   0x0003a2    program     static /Users/mreiter/Desktop/AER201/botL.X/main.asm
                  _25loop   0x0003c0    program     static /Users/mreiter/Desktop/AER201/botL.X/main.asm
            HOLD_LOG_INFO   0x0003ca    program     static /Users/mreiter/Desktop/AER201/botL.X/main.asm
                  _26Next   0x0003d6    program     static /Users/mreiter/Desktop/AER201/botL.X/main.asm
                  _26Exit   0x0003e2    program     static /Users/mreiter/Desktop/AER201/botL.X/main.asm
                 Delay5us   0x0003e6    program     static /Users/mreiter/Desktop/AER201/botL.X/main.asm
                  loop5us   0x0003ea    program     static /Users/mreiter/Desktop/AER201/botL.X/main.asm
               Delay200us   0x0003f4    program     static /Users/mreiter/Desktop/AER201/botL.X/main.asm
                loop200us   0x0003f8    program     static /Users/mreiter/Desktop/AER201/botL.X/main.asm
                Delay50ms   0x000402    program     static /Users/mreiter/Desktop/AER201/botL.X/main.asm
                 loop50ms   0x000406    program     static /Users/mreiter/Desktop/AER201/botL.X/main.asm
                   Cycles   0x00040c    program     static /Users/mreiter/Desktop/AER201/botL.X/main.asm
              WriteEE_RTC   0x000416    program     static /Users/mreiter/Desktop/AER201/botL.X/main.asm
             _.org_2_0424   0x000424    program     static /Users/mreiter/Desktop/AER201/botL.X/main.asm
             _.org_2_043C   0x00043c    program     static /Users/mreiter/Desktop/AER201/botL.X/main.asm
             _.org_2_0452   0x000452    program     static /Users/mreiter/Desktop/AER201/botL.X/main.asm
             _.org_2_046A   0x00046a    program     static /Users/mreiter/Desktop/AER201/botL.X/main.asm
           ClearEEPROM_21   0x000474    program     static /Users/mreiter/Desktop/AER201/botL.X/main.asm
                ClearNext   0x00047c    program     static /Users/mreiter/Desktop/AER201/botL.X/main.asm
             _.org_2_048A   0x00048a    program     static /Users/mreiter/Desktop/AER201/botL.X/main.asm
             _.org_2_04A2   0x0004a2    program     static /Users/mreiter/Desktop/AER201/botL.X/main.asm
                 HOLD_KEY   0x0004ba    program     static /Users/mreiter/Desktop/AER201/botL.X/main.asm
                 READ_KEY   0x0004ba    program     static /Users/mreiter/Desktop/AER201/botL.X/main.asm
             _.org_2_04C8   0x0004c8    program     static /Users/mreiter/Desktop/AER201/botL.X/main.asm
             HOLD_KEY_RTC   0x0004ce    program     static /Users/mreiter/Desktop/AER201/botL.X/main.asm
             READ_KEY_RTC   0x0004ce    program     static /Users/mreiter/Desktop/AER201/botL.X/main.asm
             _.org_2_04E0   0x0004e0    program     static /Users/mreiter/Desktop/AER201/botL.X/main.asm
              DisplayTime   0x0004e6    program     static /Users/mreiter/Desktop/AER201/botL.X/main.asm
                  _31loop   0x000510    program     static /Users/mreiter/Desktop/AER201/botL.X/main.asm
         NoSkipDispOpTime   0x000522    program     static /Users/mreiter/Desktop/AER201/botL.X/main.asm
           SkipDispOpTime   0x000556    program     static /Users/mreiter/Desktop/AER201/botL.X/main.asm
                DispOpRTC   0x000558    program     static /Users/mreiter/Desktop/AER201/botL.X/main.asm
                  _33loop   0x000586    program     static /Users/mreiter/Desktop/AER201/botL.X/main.asm
          NoSkipDispOpRTC   0x000598    program     static /Users/mreiter/Desktop/AER201/botL.X/main.asm
            SkipDispOpRTC   0x0005fa    program     static /Users/mreiter/Desktop/AER201/botL.X/main.asm
         DispOpRTC_Helper   0x0005fc    program     static /Users/mreiter/Desktop/AER201/botL.X/main.asm
                  Welcome   0x000636    program     static /Users/mreiter/Desktop/AER201/botL.X/main.asm
                     Team   0x00063c    program     static /Users/mreiter/Desktop/AER201/botL.X/main.asm
                  StandBy   0x000646    program     static /Users/mreiter/Desktop/AER201/botL.X/main.asm
                     Log1   0x00064e    program     static /Users/mreiter/Desktop/AER201/botL.X/main.asm
                     Log2   0x000654    program     static /Users/mreiter/Desktop/AER201/botL.X/main.asm
                 LogInfo1   0x000662    program     static /Users/mreiter/Desktop/AER201/botL.X/main.asm
                 LogInfo2   0x00066a    program     static /Users/mreiter/Desktop/AER201/botL.X/main.asm
                     Exe1   0x000674    program     static /Users/mreiter/Desktop/AER201/botL.X/main.asm
                     Exe2   0x000680    program     static /Users/mreiter/Desktop/AER201/botL.X/main.asm
                  Stopped   0x000688    program     static /Users/mreiter/Desktop/AER201/botL.X/main.asm
                  Op_Time   0x000690    program     static /Users/mreiter/Desktop/AER201/botL.X/main.asm
                     SAVE   0x000698    program     static /Users/mreiter/Desktop/AER201/botL.X/main.asm
                 Transfer   0x0006a2    program     static /Users/mreiter/Desktop/AER201/botL.X/main.asm
                   Safety   0x0006b2    program     static /Users/mreiter/Desktop/AER201/botL.X/main.asm
                   NoData   0x0006c2    program     static /Users/mreiter/Desktop/AER201/botL.X/main.asm
                  InitLCD   0x0006c6    program     extern /Users/mreiter/Desktop/AER201/botL.X/lcd.asm
                   WR_INS   0x00071e    program     extern /Users/mreiter/Desktop/AER201/botL.X/lcd.asm
                  WR_DATA   0x00073a    program     extern /Users/mreiter/Desktop/AER201/botL.X/lcd.asm
                   WrtLCD   0x00075c    program     extern /Users/mreiter/Desktop/AER201/botL.X/lcd.asm
                   ClrLCD   0x000772    program     extern /Users/mreiter/Desktop/AER201/botL.X/lcd.asm
                   ClkLCD   0x000780    program     extern /Users/mreiter/Desktop/AER201/botL.X/lcd.asm
              _.code_00C6   0x00078c    program     static /Users/mreiter/Desktop/AER201/botL.X/lcd.asm
                   LCD_L1   0x000792    program     extern /Users/mreiter/Desktop/AER201/botL.X/lcd.asm
                   LCD_L2   0x00079a    program     extern /Users/mreiter/Desktop/AER201/botL.X/lcd.asm
                   MovMSB   0x0007a2    program     static /Users/mreiter/Desktop/AER201/botL.X/lcd.asm
             lcdLongDelay   0x0007ac    program     static /Users/mreiter/Desktop/AER201/botL.X/lcd.asm
                 LLD_LOOP   0x0007b0    program     static /Users/mreiter/Desktop/AER201/botL.X/lcd.asm
              _.code_00F0   0x0007b6    program     static /Users/mreiter/Desktop/AER201/botL.X/lcd.asm
                delay44us   0x0007c2    program     static /Users/mreiter/Desktop/AER201/botL.X/lcd.asm
            Delay44usLoop   0x0007c6    program     static /Users/mreiter/Desktop/AER201/botL.X/lcd.asm
                 delay5ms   0x0007ce    program     static /Users/mreiter/Desktop/AER201/botL.X/lcd.asm
             Delay5msLoop   0x0007d6    program     static /Users/mreiter/Desktop/AER201/botL.X/lcd.asm
                       d2   0x0007de    program     static /Users/mreiter/Desktop/AER201/botL.X/lcd.asm
         i2c_common_setup   0x0007e4    program     extern /Users/mreiter/Desktop/AER201/botL.X/i2c_common.asm
                write_rtc   0x0007fe    program     extern /Users/mreiter/Desktop/AER201/botL.X/i2c_common.asm
              _.code_0024   0x000808    program     static /Users/mreiter/Desktop/AER201/botL.X/i2c_common.asm
              _.code_0034   0x000818    program     static /Users/mreiter/Desktop/AER201/botL.X/i2c_common.asm
              _.code_0044   0x000828    program     static /Users/mreiter/Desktop/AER201/botL.X/i2c_common.asm
                  WR_ERR1   0x000836    program     static /Users/mreiter/Desktop/AER201/botL.X/i2c_common.asm
                  WR_ERR2   0x000840    program     static /Users/mreiter/Desktop/AER201/botL.X/i2c_common.asm
                  WR_ERR3   0x00084c    program     static /Users/mreiter/Desktop/AER201/botL.X/i2c_common.asm
                   WR_END   0x000856    program     static /Users/mreiter/Desktop/AER201/botL.X/i2c_common.asm
                 read_rtc   0x00085c    program     extern /Users/mreiter/Desktop/AER201/botL.X/i2c_common.asm
              _.code_0082   0x000866    program     static /Users/mreiter/Desktop/AER201/botL.X/i2c_common.asm
              _.code_0092   0x000876    program     static /Users/mreiter/Desktop/AER201/botL.X/i2c_common.asm
              _.code_00A6   0x00088a    program     static /Users/mreiter/Desktop/AER201/botL.X/i2c_common.asm
                  _waitl0   0x0008a0    program     static /Users/mreiter/Desktop/AER201/botL.X/i2c_common.asm
                  RD_ERR1   0x0008aa    program     static /Users/mreiter/Desktop/AER201/botL.X/i2c_common.asm
                  RD_ERR2   0x0008b4    program     static /Users/mreiter/Desktop/AER201/botL.X/i2c_common.asm
                  RD_ERR3   0x0008be    program     static /Users/mreiter/Desktop/AER201/botL.X/i2c_common.asm
                   RD_END   0x0008c8    program     static /Users/mreiter/Desktop/AER201/botL.X/i2c_common.asm
              rtc_convert   0x0008ce    program     extern /Users/mreiter/Desktop/AER201/botL.X/i2c_common.asm
                 I2C_temp   0x0008e2    program     static /Users/mreiter/Desktop/AER201/botL.X/i2c.asm
          I2C_Master_INIT   0x0008e2    program     extern /Users/mreiter/Desktop/AER201/botL.X/i2c.asm
                I2C_ACKDT   0x0008e2    program     extern /Users/mreiter/Desktop/AER201/botL.X/i2c.asm
          I2C_Master_WAIT   0x0008f8    program     extern /Users/mreiter/Desktop/AER201/botL.X/i2c.asm
                     WAIT   0x0008f8    program     static /Users/mreiter/Desktop/AER201/botL.X/i2c.asm
         I2C_Master_START   0x000900    program     extern /Users/mreiter/Desktop/AER201/botL.X/i2c.asm
        I2C_Master_RSTART   0x000908    program     extern /Users/mreiter/Desktop/AER201/botL.X/i2c.asm
          I2C_Master_STOP   0x000910    program     extern /Users/mreiter/Desktop/AER201/botL.X/i2c.asm
         I2C_Master_WRITE   0x000918    program     extern /Users/mreiter/Desktop/AER201/botL.X/i2c.asm
          I2C_Master_READ   0x000920    program     extern /Users/mreiter/Desktop/AER201/botL.X/i2c.asm
               regaddress   0x000080       data     extern /Users/mreiter/Desktop/AER201/botL.X/i2c_common.asm
                 databyte   0x000081       data     extern /Users/mreiter/Desktop/AER201/botL.X/i2c_common.asm
                 datachar   0x000082       data     extern /Users/mreiter/Desktop/AER201/botL.X/i2c_common.asm
               tens_digit   0x000083       data     extern /Users/mreiter/Desktop/AER201/botL.X/i2c_common.asm
               ones_digit   0x000084       data     extern /Users/mreiter/Desktop/AER201/botL.X/i2c_common.asm
           convert_buffer   0x000085       data     extern /Users/mreiter/Desktop/AER201/botL.X/i2c_common.asm


