MPLINK 5.08, LINKER
Linker Map File - Created Thu Feb 23 11:45:25 2017

                                 Section Info
                  Section       Type    Address   Location Size(Bytes)
                ---------  ---------  ---------  ---------  ---------
                   .org_0       code   0x000000    program   0x000004
                   .cinit    romdata   0x000004    program   0x000002
                   .org_1       code   0x000008    program   0x000004
                   .org_2       code   0x000018    program   0x000e1a
                    .code       code   0x000e32    program   0x000500
.config_300001_BUILD/DEFAULT/PRODUCTION/MAIN.O    romdata   0x300001    program   0x000001
.config_300002_BUILD/DEFAULT/PRODUCTION/MAIN.O    romdata   0x300002    program   0x000001
.config_300003_BUILD/DEFAULT/PRODUCTION/MAIN.O    romdata   0x300003    program   0x000001
.config_300005_BUILD/DEFAULT/PRODUCTION/MAIN.O    romdata   0x300005    program   0x000001
.config_300006_BUILD/DEFAULT/PRODUCTION/MAIN.O    romdata   0x300006    program   0x000001
.config_300008_BUILD/DEFAULT/PRODUCTION/MAIN.O    romdata   0x300008    program   0x000001
.config_300009_BUILD/DEFAULT/PRODUCTION/MAIN.O    romdata   0x300009    program   0x000001
.config_30000A_BUILD/DEFAULT/PRODUCTION/MAIN.O    romdata   0x30000a    program   0x000001
.config_30000B_BUILD/DEFAULT/PRODUCTION/MAIN.O    romdata   0x30000b    program   0x000001
.config_30000C_BUILD/DEFAULT/PRODUCTION/MAIN.O    romdata   0x30000c    program   0x000001
.config_30000D_BUILD/DEFAULT/PRODUCTION/MAIN.O    romdata   0x30000d    program   0x000001
                   .udata      udata   0x000080       data   0x000008



                              Program Memory Usage 
                               Start         End      
                           ---------   ---------      
                            0x000000    0x000005      
                            0x000008    0x00000b      
                            0x000018    0x001331      
                            0x300001    0x300003      
                            0x300005    0x300006      
                            0x300008    0x30000d      
            4911 out of 66584 program addresses used, program memory utilization is 7%



                              Symbols - Sorted by Name
                     Name    Address   Location    Storage File                     
                ---------  ---------  ---------  --------- ---------                
                CHECK_ACK   0x0012c2    program     extern /Users/mreiter/Desktop/AER201/botL.X/i2c.asm
               CHECK_BLUE   0x0003ca    program     static /Users/mreiter/Desktop/AER201/botL.X/main.asm
              CHECK_CLEAR   0x0002ec    program     static /Users/mreiter/Desktop/AER201/botL.X/main.asm
              CHECK_GREEN   0x000380    program     static /Users/mreiter/Desktop/AER201/botL.X/main.asm
               CHECK_NACK   0x0012c6    program     extern /Users/mreiter/Desktop/AER201/botL.X/i2c.asm
                CHECK_RED   0x000336    program     static /Users/mreiter/Desktop/AER201/botL.X/main.asm
              COLOUR_TEST   0x000414    program     static /Users/mreiter/Desktop/AER201/botL.X/main.asm
           ClearEEPROM_21   0x000c52    program     static /Users/mreiter/Desktop/AER201/botL.X/main.asm
                ClearNext   0x000c5a    program     static /Users/mreiter/Desktop/AER201/botL.X/main.asm
                   ClkLCD   0x000fc0    program     extern /Users/mreiter/Desktop/AER201/botL.X/lcd.asm
                   ClrLCD   0x000fb2    program     extern /Users/mreiter/Desktop/AER201/botL.X/lcd.asm
                   Cycles   0x000bea    program     static /Users/mreiter/Desktop/AER201/botL.X/main.asm
              DISPLAY_RTC   0x000a72    program     static /Users/mreiter/Desktop/AER201/botL.X/main.asm
               Delay200us   0x000bd2    program     static /Users/mreiter/Desktop/AER201/botL.X/main.asm
            Delay44usLoop   0x001006    program     static /Users/mreiter/Desktop/AER201/botL.X/lcd.asm
                Delay50ms   0x000be0    program     static /Users/mreiter/Desktop/AER201/botL.X/main.asm
             Delay5msLoop   0x001016    program     static /Users/mreiter/Desktop/AER201/botL.X/lcd.asm
                 Delay5us   0x000bc4    program     static /Users/mreiter/Desktop/AER201/botL.X/main.asm
                DispOpRTC   0x000d5a    program     static /Users/mreiter/Desktop/AER201/botL.X/main.asm
         DispOpRTC_Helper   0x000df8    program     static /Users/mreiter/Desktop/AER201/botL.X/main.asm
           DisplayExeTime   0x000cc8    program     static /Users/mreiter/Desktop/AER201/botL.X/main.asm
             END_ISR_HIGH   0x0000cc    program     static /Users/mreiter/Desktop/AER201/botL.X/main.asm
              END_ISR_LOW   0x0000f2    program     static /Users/mreiter/Desktop/AER201/botL.X/main.asm
                EXECUTION   0x00043a    program     static /Users/mreiter/Desktop/AER201/botL.X/main.asm
                 EXIT_EXE   0x0004a8    program     static /Users/mreiter/Desktop/AER201/botL.X/main.asm
                     Exe1   0x000e8c    program     static /Users/mreiter/Desktop/AER201/botL.X/main.asm
                     Exe2   0x000e98    program     static /Users/mreiter/Desktop/AER201/botL.X/main.asm
                 Exe_Time   0x000ed0    program     static /Users/mreiter/Desktop/AER201/botL.X/main.asm
                 HOLD_EXE   0x00048c    program     static /Users/mreiter/Desktop/AER201/botL.X/main.asm
                 HOLD_LOG   0x00064e    program     static /Users/mreiter/Desktop/AER201/botL.X/main.asm
            HOLD_LOG_INFO   0x0006c0    program     static /Users/mreiter/Desktop/AER201/botL.X/main.asm
                  HOLD_PC   0x0008f2    program     static /Users/mreiter/Desktop/AER201/botL.X/main.asm
            HOLD_PERM_LOG   0x000718    program     static /Users/mreiter/Desktop/AER201/botL.X/main.asm
                HOLD_PLOG   0x00088e    program     static /Users/mreiter/Desktop/AER201/botL.X/main.asm
             HOLD_STANDBY   0x000240    program     static /Users/mreiter/Desktop/AER201/botL.X/main.asm
                  HOLD_UP   0x001312    program     static /Users/mreiter/Desktop/AER201/botL.X/i2c.asm
                I2C_ACKDT   0x0012c2    program     extern /Users/mreiter/Desktop/AER201/botL.X/i2c.asm
           I2C_Master_ACK   0x001328    program     extern /Users/mreiter/Desktop/AER201/botL.X/i2c.asm
          I2C_Master_INIT   0x0012d2    program     extern /Users/mreiter/Desktop/AER201/botL.X/i2c.asm
          I2C_Master_READ   0x00131a    program     extern /Users/mreiter/Desktop/AER201/botL.X/i2c.asm
        I2C_Master_RSTART   0x0012fc    program     extern /Users/mreiter/Desktop/AER201/botL.X/i2c.asm
         I2C_Master_START   0x0012f4    program     extern /Users/mreiter/Desktop/AER201/botL.X/i2c.asm
          I2C_Master_STOP   0x001304    program     extern /Users/mreiter/Desktop/AER201/botL.X/i2c.asm
          I2C_Master_WAIT   0x0012e4    program     extern /Users/mreiter/Desktop/AER201/botL.X/i2c.asm
         I2C_Master_WRITE   0x00130c    program     extern /Users/mreiter/Desktop/AER201/botL.X/i2c.asm
                 I2C_temp   0x0012c2    program     static /Users/mreiter/Desktop/AER201/botL.X/i2c.asm
                     INIT   0x0000fc    program     static /Users/mreiter/Desktop/AER201/botL.X/main.asm
               INIT_USART   0x000bb4    program     static /Users/mreiter/Desktop/AER201/botL.X/main.asm
                 ISR_HIGH   0x00001c    program     static /Users/mreiter/Desktop/AER201/botL.X/main.asm
                  ISR_LOW   0x0000d6    program     static /Users/mreiter/Desktop/AER201/botL.X/main.asm
                  InitLCD   0x000f06    program     extern /Users/mreiter/Desktop/AER201/botL.X/lcd.asm
                   LCD_L1   0x000fd2    program     extern /Users/mreiter/Desktop/AER201/botL.X/lcd.asm
                   LCD_L2   0x000fda    program     extern /Users/mreiter/Desktop/AER201/botL.X/lcd.asm
                 LLD_LOOP   0x000ff0    program     static /Users/mreiter/Desktop/AER201/botL.X/lcd.asm
                      LOG   0x00061e    program     static /Users/mreiter/Desktop/AER201/botL.X/main.asm
                 LOG_INFO   0x000680    program     static /Users/mreiter/Desktop/AER201/botL.X/main.asm
                     LOOP   0x001320    program     static /Users/mreiter/Desktop/AER201/botL.X/i2c.asm
                  LOOPING   0x000414    program     static /Users/mreiter/Desktop/AER201/botL.X/main.asm
                     Log1   0x000e4a    program     static /Users/mreiter/Desktop/AER201/botL.X/main.asm
                     Log2   0x000e50    program     static /Users/mreiter/Desktop/AER201/botL.X/main.asm
                 LogInfo1   0x000e5e    program     static /Users/mreiter/Desktop/AER201/botL.X/main.asm
                 LogInfo2   0x000e66    program     static /Users/mreiter/Desktop/AER201/botL.X/main.asm
                   MovMSB   0x000fe2    program     static /Users/mreiter/Desktop/AER201/botL.X/lcd.asm
                   NoData   0x000ef2    program     static /Users/mreiter/Desktop/AER201/botL.X/main.asm
        NoSkipDispExeTime   0x000d06    program     static /Users/mreiter/Desktop/AER201/botL.X/main.asm
          NoSkipDispOpRTC   0x000d96    program     static /Users/mreiter/Desktop/AER201/botL.X/main.asm
                      PC1   0x000ea0    program     static /Users/mreiter/Desktop/AER201/botL.X/main.asm
                      PC2   0x000eae    program     static /Users/mreiter/Desktop/AER201/botL.X/main.asm
                   PCLog1   0x000ef6    program     static /Users/mreiter/Desktop/AER201/botL.X/main.asm
               PCTransfer   0x000eb8    program     static /Users/mreiter/Desktop/AER201/botL.X/main.asm
                  PC_MODE   0x0008aa    program     static /Users/mreiter/Desktop/AER201/botL.X/main.asm
              PC_TRANSFER   0x000924    program     static /Users/mreiter/Desktop/AER201/botL.X/main.asm
                 PERM_LOG   0x0006dc    program     static /Users/mreiter/Desktop/AER201/botL.X/main.asm
                     PLOG   0x0007fa    program     static /Users/mreiter/Desktop/AER201/botL.X/main.asm
                 PermLog1   0x000e70    program     static /Users/mreiter/Desktop/AER201/botL.X/main.asm
                 PermLog2   0x000e80    program     static /Users/mreiter/Desktop/AER201/botL.X/main.asm
                   RD_END   0x0011f8    program     static /Users/mreiter/Desktop/AER201/botL.X/i2c_common.asm
               RD_END_RTC   0x00114a    program     static /Users/mreiter/Desktop/AER201/botL.X/i2c_common.asm
                  RD_ERR1   0x0011da    program     static /Users/mreiter/Desktop/AER201/botL.X/i2c_common.asm
              RD_ERR1_RTC   0x00112c    program     static /Users/mreiter/Desktop/AER201/botL.X/i2c_common.asm
                  RD_ERR2   0x0011e4    program     static /Users/mreiter/Desktop/AER201/botL.X/i2c_common.asm
              RD_ERR2_RTC   0x001136    program     static /Users/mreiter/Desktop/AER201/botL.X/i2c_common.asm
                  RD_ERR3   0x0011ee    program     static /Users/mreiter/Desktop/AER201/botL.X/i2c_common.asm
              RD_ERR3_RTC   0x001140    program     static /Users/mreiter/Desktop/AER201/botL.X/i2c_common.asm
             READ_ARDUINO   0x001280    program     extern /Users/mreiter/Desktop/AER201/botL.X/i2c_common.asm
          READ_COLOUR_I2C   0x00116a    program     extern /Users/mreiter/Desktop/AER201/botL.X/i2c_common.asm
                 READ_KEY   0x000c98    program     static /Users/mreiter/Desktop/AER201/botL.X/main.asm
            READ_KEY_TIME   0x000cac    program     static /Users/mreiter/Desktop/AER201/botL.X/main.asm
                 RTC_INIT   0x000948    program     static /Users/mreiter/Desktop/AER201/botL.X/main.asm
                     SAVE   0x000ed8    program     static /Users/mreiter/Desktop/AER201/botL.X/main.asm
            SAVE_EXE_TIME   0x0009bc    program     static /Users/mreiter/Desktop/AER201/botL.X/main.asm
                SAVE_TIME   0x000956    program     static /Users/mreiter/Desktop/AER201/botL.X/main.asm
                 SET_TIME   0x000b4c    program     static /Users/mreiter/Desktop/AER201/botL.X/main.asm
                  STANDBY   0x000222    program     static /Users/mreiter/Desktop/AER201/botL.X/main.asm
                STEP_TEST   0x0002ca    program     static /Users/mreiter/Desktop/AER201/botL.X/main.asm
                   Safety   0x000ee2    program     static /Users/mreiter/Desktop/AER201/botL.X/main.asm
                 SaveData   0x000584    program     static /Users/mreiter/Desktop/AER201/botL.X/main.asm
                ShiftLoop   0x0005b6    program     static /Users/mreiter/Desktop/AER201/botL.X/main.asm
          SkipDispExeTime   0x000d58    program     static /Users/mreiter/Desktop/AER201/botL.X/main.asm
            SkipDispOpRTC   0x000df6    program     static /Users/mreiter/Desktop/AER201/botL.X/main.asm
                  StandBy   0x000e42    program     static /Users/mreiter/Desktop/AER201/botL.X/main.asm
                  Stopped   0x000ec8    program     static /Users/mreiter/Desktop/AER201/botL.X/main.asm
                 TEST_ACK   0x00132c    program     static /Users/mreiter/Desktop/AER201/botL.X/i2c.asm
                TEST_NACK   0x0012ca    program     static /Users/mreiter/Desktop/AER201/botL.X/i2c.asm
                     Team   0x000e38    program     static /Users/mreiter/Desktop/AER201/botL.X/main.asm
                     WAIT   0x0012e4    program     static /Users/mreiter/Desktop/AER201/botL.X/i2c.asm
         WRITE_COLOUR_I2C   0x001202    program     extern /Users/mreiter/Desktop/AER201/botL.X/i2c_common.asm
                  WR_DATA   0x000f7a    program     extern /Users/mreiter/Desktop/AER201/botL.X/lcd.asm
                   WR_END   0x001276    program     static /Users/mreiter/Desktop/AER201/botL.X/i2c_common.asm
               WR_END_RTC   0x0010b4    program     static /Users/mreiter/Desktop/AER201/botL.X/i2c_common.asm
                  WR_ERR1   0x001256    program     static /Users/mreiter/Desktop/AER201/botL.X/i2c_common.asm
              WR_ERR1_RTC   0x001094    program     static /Users/mreiter/Desktop/AER201/botL.X/i2c_common.asm
                  WR_ERR2   0x001260    program     static /Users/mreiter/Desktop/AER201/botL.X/i2c_common.asm
              WR_ERR2_RTC   0x00109e    program     static /Users/mreiter/Desktop/AER201/botL.X/i2c_common.asm
                  WR_ERR3   0x00126c    program     static /Users/mreiter/Desktop/AER201/botL.X/i2c_common.asm
              WR_ERR3_RTC   0x0010aa    program     static /Users/mreiter/Desktop/AER201/botL.X/i2c_common.asm
                   WR_INS   0x000f5e    program     extern /Users/mreiter/Desktop/AER201/botL.X/lcd.asm
                  Welcome   0x000e32    program     static /Users/mreiter/Desktop/AER201/botL.X/main.asm
              WriteEE_RTC   0x000bf4    program     static /Users/mreiter/Desktop/AER201/botL.X/main.asm
                   WrtLCD   0x000f9c    program     extern /Users/mreiter/Desktop/AER201/botL.X/lcd.asm
              _.code_001A   0x00103e    program     static /Users/mreiter/Desktop/AER201/botL.X/i2c_common.asm
              _.code_0028   0x00104c    program     static /Users/mreiter/Desktop/AER201/botL.X/i2c_common.asm
              _.code_0030   0x001054    program     static /Users/mreiter/Desktop/AER201/botL.X/i2c_common.asm
              _.code_0036   0x00105a    program     static /Users/mreiter/Desktop/AER201/botL.X/i2c_common.asm
              _.code_0046   0x00106a    program     static /Users/mreiter/Desktop/AER201/botL.X/i2c_common.asm
              _.code_004C   0x001070    program     static /Users/mreiter/Desktop/AER201/botL.X/i2c_common.asm
              _.code_005C   0x001080    program     static /Users/mreiter/Desktop/AER201/botL.X/i2c_common.asm
              _.code_0062   0x001086    program     static /Users/mreiter/Desktop/AER201/botL.X/i2c_common.asm
              _.code_0094   0x0010b8    program     static /Users/mreiter/Desktop/AER201/botL.X/i2c_common.asm
              _.code_00A2   0x0010c6    program     static /Users/mreiter/Desktop/AER201/botL.X/i2c_common.asm
              _.code_00AA   0x0010ce    program     static /Users/mreiter/Desktop/AER201/botL.X/i2c_common.asm
              _.code_00B0   0x0010d4    program     static /Users/mreiter/Desktop/AER201/botL.X/i2c_common.asm
              _.code_00C0   0x0010e4    program     static /Users/mreiter/Desktop/AER201/botL.X/i2c_common.asm
              _.code_00C6   0x0010ea    program     static /Users/mreiter/Desktop/AER201/botL.X/i2c_common.asm
              _.code_00C6   0x000fcc    program     static /Users/mreiter/Desktop/AER201/botL.X/lcd.asm
              _.code_00D4   0x0010f8    program     static /Users/mreiter/Desktop/AER201/botL.X/i2c_common.asm
              _.code_00DC   0x001100    program     static /Users/mreiter/Desktop/AER201/botL.X/i2c_common.asm
              _.code_00E2   0x001106    program     static /Users/mreiter/Desktop/AER201/botL.X/i2c_common.asm
              _.code_00F0   0x001114    program     static /Users/mreiter/Desktop/AER201/botL.X/i2c_common.asm
              _.code_00F0   0x000ff6    program     static /Users/mreiter/Desktop/AER201/botL.X/lcd.asm
              _.code_012A   0x00114e    program     static /Users/mreiter/Desktop/AER201/botL.X/i2c_common.asm
              _.code_014E   0x001172    program     static /Users/mreiter/Desktop/AER201/botL.X/i2c_common.asm
              _.code_0156   0x00117a    program     static /Users/mreiter/Desktop/AER201/botL.X/i2c_common.asm
              _.code_015C   0x001180    program     static /Users/mreiter/Desktop/AER201/botL.X/i2c_common.asm
              _.code_016E   0x001192    program     static /Users/mreiter/Desktop/AER201/botL.X/i2c_common.asm
              _.code_0174   0x001198    program     static /Users/mreiter/Desktop/AER201/botL.X/i2c_common.asm
              _.code_0182   0x0011a6    program     static /Users/mreiter/Desktop/AER201/botL.X/i2c_common.asm
              _.code_018A   0x0011ae    program     static /Users/mreiter/Desktop/AER201/botL.X/i2c_common.asm
              _.code_0190   0x0011b4    program     static /Users/mreiter/Desktop/AER201/botL.X/i2c_common.asm
              _.code_019E   0x0011c2    program     static /Users/mreiter/Desktop/AER201/botL.X/i2c_common.asm
              _.code_01D8   0x0011fc    program     static /Users/mreiter/Desktop/AER201/botL.X/i2c_common.asm
              _.code_01E6   0x00120a    program     static /Users/mreiter/Desktop/AER201/botL.X/i2c_common.asm
              _.code_01EE   0x001212    program     static /Users/mreiter/Desktop/AER201/botL.X/i2c_common.asm
              _.code_01F4   0x001218    program     static /Users/mreiter/Desktop/AER201/botL.X/i2c_common.asm
              _.code_0206   0x00122a    program     static /Users/mreiter/Desktop/AER201/botL.X/i2c_common.asm
              _.code_020C   0x001230    program     static /Users/mreiter/Desktop/AER201/botL.X/i2c_common.asm
              _.code_021E   0x001242    program     static /Users/mreiter/Desktop/AER201/botL.X/i2c_common.asm
              _.code_0224   0x001248    program     static /Users/mreiter/Desktop/AER201/botL.X/i2c_common.asm
              _.code_0256   0x00127a    program     static /Users/mreiter/Desktop/AER201/botL.X/i2c_common.asm
              _.code_0264   0x001288    program     static /Users/mreiter/Desktop/AER201/botL.X/i2c_common.asm
              _.code_026C   0x001290    program     static /Users/mreiter/Desktop/AER201/botL.X/i2c_common.asm
              _.code_0272   0x001296    program     static /Users/mreiter/Desktop/AER201/botL.X/i2c_common.asm
              _.code_0280   0x0012a4    program     static /Users/mreiter/Desktop/AER201/botL.X/i2c_common.asm
              _.code_0298   0x0012bc    program     static /Users/mreiter/Desktop/AER201/botL.X/i2c_common.asm
             _.org_2_04C4   0x0004c4    program     static /Users/mreiter/Desktop/AER201/botL.X/main.asm
             _.org_2_04DC   0x0004dc    program     static /Users/mreiter/Desktop/AER201/botL.X/main.asm
             _.org_2_04F8   0x0004f8    program     static /Users/mreiter/Desktop/AER201/botL.X/main.asm
             _.org_2_0510   0x000510    program     static /Users/mreiter/Desktop/AER201/botL.X/main.asm
             _.org_2_052C   0x00052c    program     static /Users/mreiter/Desktop/AER201/botL.X/main.asm
             _.org_2_0544   0x000544    program     static /Users/mreiter/Desktop/AER201/botL.X/main.asm
             _.org_2_0560   0x000560    program     static /Users/mreiter/Desktop/AER201/botL.X/main.asm
             _.org_2_0578   0x000578    program     static /Users/mreiter/Desktop/AER201/botL.X/main.asm
             _.org_2_05DC   0x0005dc    program     static /Users/mreiter/Desktop/AER201/botL.X/main.asm
             _.org_2_05F4   0x0005f4    program     static /Users/mreiter/Desktop/AER201/botL.X/main.asm
             _.org_2_09D8   0x0009d8    program     static /Users/mreiter/Desktop/AER201/botL.X/main.asm
             _.org_2_09F0   0x0009f0    program     static /Users/mreiter/Desktop/AER201/botL.X/main.asm
             _.org_2_0A14   0x000a14    program     static /Users/mreiter/Desktop/AER201/botL.X/main.asm
             _.org_2_0A2C   0x000a2c    program     static /Users/mreiter/Desktop/AER201/botL.X/main.asm
             _.org_2_0A50   0x000a50    program     static /Users/mreiter/Desktop/AER201/botL.X/main.asm
             _.org_2_0A68   0x000a68    program     static /Users/mreiter/Desktop/AER201/botL.X/main.asm
             _.org_2_0C02   0x000c02    program     static /Users/mreiter/Desktop/AER201/botL.X/main.asm
             _.org_2_0C1A   0x000c1a    program     static /Users/mreiter/Desktop/AER201/botL.X/main.asm
             _.org_2_0C30   0x000c30    program     static /Users/mreiter/Desktop/AER201/botL.X/main.asm
             _.org_2_0C48   0x000c48    program     static /Users/mreiter/Desktop/AER201/botL.X/main.asm
             _.org_2_0C68   0x000c68    program     static /Users/mreiter/Desktop/AER201/botL.X/main.asm
             _.org_2_0C80   0x000c80    program     static /Users/mreiter/Desktop/AER201/botL.X/main.asm
             _.org_2_0CA6   0x000ca6    program     static /Users/mreiter/Desktop/AER201/botL.X/main.asm
             _.org_2_0CC2   0x000cc2    program     static /Users/mreiter/Desktop/AER201/botL.X/main.asm
                 _104loop   0x000d84    program     static /Users/mreiter/Desktop/AER201/botL.X/main.asm
                  _13loop   0x0001ec    program     static /Users/mreiter/Desktop/AER201/botL.X/main.asm
                  _14loop   0x00020a    program     static /Users/mreiter/Desktop/AER201/botL.X/main.asm
                  _15loop   0x000218    program     static /Users/mreiter/Desktop/AER201/botL.X/main.asm
                  _16loop   0x000236    program     static /Users/mreiter/Desktop/AER201/botL.X/main.asm
                  _17Exit   0x000258    program     static /Users/mreiter/Desktop/AER201/botL.X/main.asm
                  _17Next   0x00024c    program     static /Users/mreiter/Desktop/AER201/botL.X/main.asm
                  _18Exit   0x00026e    program     static /Users/mreiter/Desktop/AER201/botL.X/main.asm
                  _18Next   0x000262    program     static /Users/mreiter/Desktop/AER201/botL.X/main.asm
                  _19Exit   0x000284    program     static /Users/mreiter/Desktop/AER201/botL.X/main.asm
                  _19Next   0x000278    program     static /Users/mreiter/Desktop/AER201/botL.X/main.asm
                  _20Exit   0x00029a    program     static /Users/mreiter/Desktop/AER201/botL.X/main.asm
                  _20Next   0x00028e    program     static /Users/mreiter/Desktop/AER201/botL.X/main.asm
                  _21Exit   0x0002b0    program     static /Users/mreiter/Desktop/AER201/botL.X/main.asm
                  _21Next   0x0002a4    program     static /Users/mreiter/Desktop/AER201/botL.X/main.asm
                  _22Exit   0x0002c6    program     static /Users/mreiter/Desktop/AER201/botL.X/main.asm
                  _22Next   0x0002ba    program     static /Users/mreiter/Desktop/AER201/botL.X/main.asm
               _23RESULTS   0x0002fe    program     static /Users/mreiter/Desktop/AER201/botL.X/main.asm
               _24RESULTS   0x000314    program     static /Users/mreiter/Desktop/AER201/botL.X/main.asm
               _25RESULTS   0x00032a    program     static /Users/mreiter/Desktop/AER201/botL.X/main.asm
               _26RESULTS   0x000348    program     static /Users/mreiter/Desktop/AER201/botL.X/main.asm
               _27RESULTS   0x00035e    program     static /Users/mreiter/Desktop/AER201/botL.X/main.asm
               _28RESULTS   0x000374    program     static /Users/mreiter/Desktop/AER201/botL.X/main.asm
               _29RESULTS   0x000392    program     static /Users/mreiter/Desktop/AER201/botL.X/main.asm
                 _2endBCD   0x000098    program     static /Users/mreiter/Desktop/AER201/botL.X/main.asm
                   _2ones   0x000092    program     static /Users/mreiter/Desktop/AER201/botL.X/main.asm
               _30RESULTS   0x0003a8    program     static /Users/mreiter/Desktop/AER201/botL.X/main.asm
               _31RESULTS   0x0003be    program     static /Users/mreiter/Desktop/AER201/botL.X/main.asm
               _32RESULTS   0x0003dc    program     static /Users/mreiter/Desktop/AER201/botL.X/main.asm
               _33RESULTS   0x0003f2    program     static /Users/mreiter/Desktop/AER201/botL.X/main.asm
               _34RESULTS   0x000408    program     static /Users/mreiter/Desktop/AER201/botL.X/main.asm
                  _35loop   0x000418    program     static /Users/mreiter/Desktop/AER201/botL.X/main.asm
                  _37loop   0x000458    program     static /Users/mreiter/Desktop/AER201/botL.X/main.asm
                  _38Exit   0x0004a4    program     static /Users/mreiter/Desktop/AER201/botL.X/main.asm
                  _38Next   0x000498    program     static /Users/mreiter/Desktop/AER201/botL.X/main.asm
                 _3endBCD   0x0000ca    program     static /Users/mreiter/Desktop/AER201/botL.X/main.asm
                   _3ones   0x0000c4    program     static /Users/mreiter/Desktop/AER201/botL.X/main.asm
                  _43loop   0x000598    program     static /Users/mreiter/Desktop/AER201/botL.X/main.asm
                  _46loop   0x000632    program     static /Users/mreiter/Desktop/AER201/botL.X/main.asm
                  _47Exit   0x000666    program     static /Users/mreiter/Desktop/AER201/botL.X/main.asm
                  _47Next   0x00065a    program     static /Users/mreiter/Desktop/AER201/botL.X/main.asm
                  _48Exit   0x00067c    program     static /Users/mreiter/Desktop/AER201/botL.X/main.asm
                  _48Next   0x000670    program     static /Users/mreiter/Desktop/AER201/botL.X/main.asm
                  _49loop   0x000694    program     static /Users/mreiter/Desktop/AER201/botL.X/main.asm
                  _50loop   0x0006b2    program     static /Users/mreiter/Desktop/AER201/botL.X/main.asm
                  _51Exit   0x0006d8    program     static /Users/mreiter/Desktop/AER201/botL.X/main.asm
                  _51Next   0x0006cc    program     static /Users/mreiter/Desktop/AER201/botL.X/main.asm
                  _52loop   0x0006f0    program     static /Users/mreiter/Desktop/AER201/botL.X/main.asm
                  _53loop   0x00070e    program     static /Users/mreiter/Desktop/AER201/botL.X/main.asm
                  _54Exit   0x000730    program     static /Users/mreiter/Desktop/AER201/botL.X/main.asm
                  _54Next   0x000724    program     static /Users/mreiter/Desktop/AER201/botL.X/main.asm
                  _55Exit   0x000746    program     static /Users/mreiter/Desktop/AER201/botL.X/main.asm
                  _55Next   0x00073a    program     static /Users/mreiter/Desktop/AER201/botL.X/main.asm
                  _56Exit   0x00075c    program     static /Users/mreiter/Desktop/AER201/botL.X/main.asm
                  _56Next   0x000750    program     static /Users/mreiter/Desktop/AER201/botL.X/main.asm
                  _57Exit   0x000772    program     static /Users/mreiter/Desktop/AER201/botL.X/main.asm
                  _57Next   0x000766    program     static /Users/mreiter/Desktop/AER201/botL.X/main.asm
                  _58Exit   0x000788    program     static /Users/mreiter/Desktop/AER201/botL.X/main.asm
                  _58Next   0x00077c    program     static /Users/mreiter/Desktop/AER201/botL.X/main.asm
                  _59Exit   0x00079e    program     static /Users/mreiter/Desktop/AER201/botL.X/main.asm
                  _59Next   0x000792    program     static /Users/mreiter/Desktop/AER201/botL.X/main.asm
                  _60Exit   0x0007b4    program     static /Users/mreiter/Desktop/AER201/botL.X/main.asm
                  _60Next   0x0007a8    program     static /Users/mreiter/Desktop/AER201/botL.X/main.asm
                  _61Exit   0x0007ca    program     static /Users/mreiter/Desktop/AER201/botL.X/main.asm
                  _61Next   0x0007be    program     static /Users/mreiter/Desktop/AER201/botL.X/main.asm
                  _62Exit   0x0007e0    program     static /Users/mreiter/Desktop/AER201/botL.X/main.asm
                  _62Next   0x0007d4    program     static /Users/mreiter/Desktop/AER201/botL.X/main.asm
                  _63Exit   0x0007f6    program     static /Users/mreiter/Desktop/AER201/botL.X/main.asm
                  _63Next   0x0007ea    program     static /Users/mreiter/Desktop/AER201/botL.X/main.asm
                  _64loop   0x00080e    program     static /Users/mreiter/Desktop/AER201/botL.X/main.asm
                  _67Exit   0x0008a6    program     static /Users/mreiter/Desktop/AER201/botL.X/main.asm
                  _67Next   0x00089a    program     static /Users/mreiter/Desktop/AER201/botL.X/main.asm
                  _68loop   0x0008be    program     static /Users/mreiter/Desktop/AER201/botL.X/main.asm
                  _69loop   0x0008dc    program     static /Users/mreiter/Desktop/AER201/botL.X/main.asm
                  _70Exit   0x00090a    program     static /Users/mreiter/Desktop/AER201/botL.X/main.asm
                  _70Next   0x0008fe    program     static /Users/mreiter/Desktop/AER201/botL.X/main.asm
                  _71Exit   0x000920    program     static /Users/mreiter/Desktop/AER201/botL.X/main.asm
                  _71Next   0x000914    program     static /Users/mreiter/Desktop/AER201/botL.X/main.asm
                  _72loop   0x00093a    program     static /Users/mreiter/Desktop/AER201/botL.X/main.asm
                  _99loop   0x000cf2    program     static /Users/mreiter/Desktop/AER201/botL.X/main.asm
                  _waitl0   0x001122    program     static /Users/mreiter/Desktop/AER201/botL.X/i2c_common.asm
                  _waitl1   0x0011d0    program     static /Users/mreiter/Desktop/AER201/botL.X/i2c_common.asm
                  _waitl2   0x0012b2    program     static /Users/mreiter/Desktop/AER201/botL.X/i2c_common.asm
                       d2   0x00101e    program     static /Users/mreiter/Desktop/AER201/botL.X/lcd.asm
                del_loop0   0x000b52    program     static /Users/mreiter/Desktop/AER201/botL.X/main.asm
                delay44us   0x001002    program     static /Users/mreiter/Desktop/AER201/botL.X/lcd.asm
                 delay5ms   0x00100e    program     extern /Users/mreiter/Desktop/AER201/botL.X/lcd.asm
               displayNum   0x000834    program     static /Users/mreiter/Desktop/AER201/botL.X/main.asm
         i2c_common_setup   0x001024    program     extern /Users/mreiter/Desktop/AER201/botL.X/i2c_common.asm
             lcdLongDelay   0x000fec    program     static /Users/mreiter/Desktop/AER201/botL.X/lcd.asm
                loop200us   0x000bd6    program     static /Users/mreiter/Desktop/AER201/botL.X/main.asm
                 loop50ms   0x000be4    program     static /Users/mreiter/Desktop/AER201/botL.X/main.asm
                  loop5us   0x000bc8    program     static /Users/mreiter/Desktop/AER201/botL.X/main.asm
                 read_rtc   0x0010be    program     extern /Users/mreiter/Desktop/AER201/botL.X/i2c_common.asm
              rtc_convert   0x001154    program     extern /Users/mreiter/Desktop/AER201/botL.X/i2c_common.asm
                write_rtc   0x001044    program     extern /Users/mreiter/Desktop/AER201/botL.X/i2c_common.asm
           convert_buffer   0x000087       data     extern /Users/mreiter/Desktop/AER201/botL.X/i2c_common.asm
             data_colourH   0x000084       data     extern /Users/mreiter/Desktop/AER201/botL.X/i2c_common.asm
             data_colourL   0x000083       data     extern /Users/mreiter/Desktop/AER201/botL.X/i2c_common.asm
                 databyte   0x000081       data     extern /Users/mreiter/Desktop/AER201/botL.X/i2c_common.asm
                 datachar   0x000082       data     extern /Users/mreiter/Desktop/AER201/botL.X/i2c_common.asm
               ones_digit   0x000086       data     extern /Users/mreiter/Desktop/AER201/botL.X/i2c_common.asm
               regaddress   0x000080       data     extern /Users/mreiter/Desktop/AER201/botL.X/i2c_common.asm
               tens_digit   0x000085       data     extern /Users/mreiter/Desktop/AER201/botL.X/i2c_common.asm



                              Symbols - Sorted by Address
                     Name    Address   Location    Storage File                     
                ---------  ---------  ---------  --------- ---------                
                 ISR_HIGH   0x00001c    program     static /Users/mreiter/Desktop/AER201/botL.X/main.asm
                   _2ones   0x000092    program     static /Users/mreiter/Desktop/AER201/botL.X/main.asm
                 _2endBCD   0x000098    program     static /Users/mreiter/Desktop/AER201/botL.X/main.asm
                   _3ones   0x0000c4    program     static /Users/mreiter/Desktop/AER201/botL.X/main.asm
                 _3endBCD   0x0000ca    program     static /Users/mreiter/Desktop/AER201/botL.X/main.asm
             END_ISR_HIGH   0x0000cc    program     static /Users/mreiter/Desktop/AER201/botL.X/main.asm
                  ISR_LOW   0x0000d6    program     static /Users/mreiter/Desktop/AER201/botL.X/main.asm
              END_ISR_LOW   0x0000f2    program     static /Users/mreiter/Desktop/AER201/botL.X/main.asm
                     INIT   0x0000fc    program     static /Users/mreiter/Desktop/AER201/botL.X/main.asm
                  _13loop   0x0001ec    program     static /Users/mreiter/Desktop/AER201/botL.X/main.asm
                  _14loop   0x00020a    program     static /Users/mreiter/Desktop/AER201/botL.X/main.asm
                  _15loop   0x000218    program     static /Users/mreiter/Desktop/AER201/botL.X/main.asm
                  STANDBY   0x000222    program     static /Users/mreiter/Desktop/AER201/botL.X/main.asm
                  _16loop   0x000236    program     static /Users/mreiter/Desktop/AER201/botL.X/main.asm
             HOLD_STANDBY   0x000240    program     static /Users/mreiter/Desktop/AER201/botL.X/main.asm
                  _17Next   0x00024c    program     static /Users/mreiter/Desktop/AER201/botL.X/main.asm
                  _17Exit   0x000258    program     static /Users/mreiter/Desktop/AER201/botL.X/main.asm
                  _18Next   0x000262    program     static /Users/mreiter/Desktop/AER201/botL.X/main.asm
                  _18Exit   0x00026e    program     static /Users/mreiter/Desktop/AER201/botL.X/main.asm
                  _19Next   0x000278    program     static /Users/mreiter/Desktop/AER201/botL.X/main.asm
                  _19Exit   0x000284    program     static /Users/mreiter/Desktop/AER201/botL.X/main.asm
                  _20Next   0x00028e    program     static /Users/mreiter/Desktop/AER201/botL.X/main.asm
                  _20Exit   0x00029a    program     static /Users/mreiter/Desktop/AER201/botL.X/main.asm
                  _21Next   0x0002a4    program     static /Users/mreiter/Desktop/AER201/botL.X/main.asm
                  _21Exit   0x0002b0    program     static /Users/mreiter/Desktop/AER201/botL.X/main.asm
                  _22Next   0x0002ba    program     static /Users/mreiter/Desktop/AER201/botL.X/main.asm
                  _22Exit   0x0002c6    program     static /Users/mreiter/Desktop/AER201/botL.X/main.asm
                STEP_TEST   0x0002ca    program     static /Users/mreiter/Desktop/AER201/botL.X/main.asm
              CHECK_CLEAR   0x0002ec    program     static /Users/mreiter/Desktop/AER201/botL.X/main.asm
               _23RESULTS   0x0002fe    program     static /Users/mreiter/Desktop/AER201/botL.X/main.asm
               _24RESULTS   0x000314    program     static /Users/mreiter/Desktop/AER201/botL.X/main.asm
               _25RESULTS   0x00032a    program     static /Users/mreiter/Desktop/AER201/botL.X/main.asm
                CHECK_RED   0x000336    program     static /Users/mreiter/Desktop/AER201/botL.X/main.asm
               _26RESULTS   0x000348    program     static /Users/mreiter/Desktop/AER201/botL.X/main.asm
               _27RESULTS   0x00035e    program     static /Users/mreiter/Desktop/AER201/botL.X/main.asm
               _28RESULTS   0x000374    program     static /Users/mreiter/Desktop/AER201/botL.X/main.asm
              CHECK_GREEN   0x000380    program     static /Users/mreiter/Desktop/AER201/botL.X/main.asm
               _29RESULTS   0x000392    program     static /Users/mreiter/Desktop/AER201/botL.X/main.asm
               _30RESULTS   0x0003a8    program     static /Users/mreiter/Desktop/AER201/botL.X/main.asm
               _31RESULTS   0x0003be    program     static /Users/mreiter/Desktop/AER201/botL.X/main.asm
               CHECK_BLUE   0x0003ca    program     static /Users/mreiter/Desktop/AER201/botL.X/main.asm
               _32RESULTS   0x0003dc    program     static /Users/mreiter/Desktop/AER201/botL.X/main.asm
               _33RESULTS   0x0003f2    program     static /Users/mreiter/Desktop/AER201/botL.X/main.asm
               _34RESULTS   0x000408    program     static /Users/mreiter/Desktop/AER201/botL.X/main.asm
              COLOUR_TEST   0x000414    program     static /Users/mreiter/Desktop/AER201/botL.X/main.asm
                  LOOPING   0x000414    program     static /Users/mreiter/Desktop/AER201/botL.X/main.asm
                  _35loop   0x000418    program     static /Users/mreiter/Desktop/AER201/botL.X/main.asm
                EXECUTION   0x00043a    program     static /Users/mreiter/Desktop/AER201/botL.X/main.asm
                  _37loop   0x000458    program     static /Users/mreiter/Desktop/AER201/botL.X/main.asm
                 HOLD_EXE   0x00048c    program     static /Users/mreiter/Desktop/AER201/botL.X/main.asm
                  _38Next   0x000498    program     static /Users/mreiter/Desktop/AER201/botL.X/main.asm
                  _38Exit   0x0004a4    program     static /Users/mreiter/Desktop/AER201/botL.X/main.asm
                 EXIT_EXE   0x0004a8    program     static /Users/mreiter/Desktop/AER201/botL.X/main.asm
             _.org_2_04C4   0x0004c4    program     static /Users/mreiter/Desktop/AER201/botL.X/main.asm
             _.org_2_04DC   0x0004dc    program     static /Users/mreiter/Desktop/AER201/botL.X/main.asm
             _.org_2_04F8   0x0004f8    program     static /Users/mreiter/Desktop/AER201/botL.X/main.asm
             _.org_2_0510   0x000510    program     static /Users/mreiter/Desktop/AER201/botL.X/main.asm
             _.org_2_052C   0x00052c    program     static /Users/mreiter/Desktop/AER201/botL.X/main.asm
             _.org_2_0544   0x000544    program     static /Users/mreiter/Desktop/AER201/botL.X/main.asm
             _.org_2_0560   0x000560    program     static /Users/mreiter/Desktop/AER201/botL.X/main.asm
             _.org_2_0578   0x000578    program     static /Users/mreiter/Desktop/AER201/botL.X/main.asm
                 SaveData   0x000584    program     static /Users/mreiter/Desktop/AER201/botL.X/main.asm
                  _43loop   0x000598    program     static /Users/mreiter/Desktop/AER201/botL.X/main.asm
                ShiftLoop   0x0005b6    program     static /Users/mreiter/Desktop/AER201/botL.X/main.asm
             _.org_2_05DC   0x0005dc    program     static /Users/mreiter/Desktop/AER201/botL.X/main.asm
             _.org_2_05F4   0x0005f4    program     static /Users/mreiter/Desktop/AER201/botL.X/main.asm
                      LOG   0x00061e    program     static /Users/mreiter/Desktop/AER201/botL.X/main.asm
                  _46loop   0x000632    program     static /Users/mreiter/Desktop/AER201/botL.X/main.asm
                 HOLD_LOG   0x00064e    program     static /Users/mreiter/Desktop/AER201/botL.X/main.asm
                  _47Next   0x00065a    program     static /Users/mreiter/Desktop/AER201/botL.X/main.asm
                  _47Exit   0x000666    program     static /Users/mreiter/Desktop/AER201/botL.X/main.asm
                  _48Next   0x000670    program     static /Users/mreiter/Desktop/AER201/botL.X/main.asm
                  _48Exit   0x00067c    program     static /Users/mreiter/Desktop/AER201/botL.X/main.asm
                 LOG_INFO   0x000680    program     static /Users/mreiter/Desktop/AER201/botL.X/main.asm
                  _49loop   0x000694    program     static /Users/mreiter/Desktop/AER201/botL.X/main.asm
                  _50loop   0x0006b2    program     static /Users/mreiter/Desktop/AER201/botL.X/main.asm
            HOLD_LOG_INFO   0x0006c0    program     static /Users/mreiter/Desktop/AER201/botL.X/main.asm
                  _51Next   0x0006cc    program     static /Users/mreiter/Desktop/AER201/botL.X/main.asm
                  _51Exit   0x0006d8    program     static /Users/mreiter/Desktop/AER201/botL.X/main.asm
                 PERM_LOG   0x0006dc    program     static /Users/mreiter/Desktop/AER201/botL.X/main.asm
                  _52loop   0x0006f0    program     static /Users/mreiter/Desktop/AER201/botL.X/main.asm
                  _53loop   0x00070e    program     static /Users/mreiter/Desktop/AER201/botL.X/main.asm
            HOLD_PERM_LOG   0x000718    program     static /Users/mreiter/Desktop/AER201/botL.X/main.asm
                  _54Next   0x000724    program     static /Users/mreiter/Desktop/AER201/botL.X/main.asm
                  _54Exit   0x000730    program     static /Users/mreiter/Desktop/AER201/botL.X/main.asm
                  _55Next   0x00073a    program     static /Users/mreiter/Desktop/AER201/botL.X/main.asm
                  _55Exit   0x000746    program     static /Users/mreiter/Desktop/AER201/botL.X/main.asm
                  _56Next   0x000750    program     static /Users/mreiter/Desktop/AER201/botL.X/main.asm
                  _56Exit   0x00075c    program     static /Users/mreiter/Desktop/AER201/botL.X/main.asm
                  _57Next   0x000766    program     static /Users/mreiter/Desktop/AER201/botL.X/main.asm
                  _57Exit   0x000772    program     static /Users/mreiter/Desktop/AER201/botL.X/main.asm
                  _58Next   0x00077c    program     static /Users/mreiter/Desktop/AER201/botL.X/main.asm
                  _58Exit   0x000788    program     static /Users/mreiter/Desktop/AER201/botL.X/main.asm
                  _59Next   0x000792    program     static /Users/mreiter/Desktop/AER201/botL.X/main.asm
                  _59Exit   0x00079e    program     static /Users/mreiter/Desktop/AER201/botL.X/main.asm
                  _60Next   0x0007a8    program     static /Users/mreiter/Desktop/AER201/botL.X/main.asm
                  _60Exit   0x0007b4    program     static /Users/mreiter/Desktop/AER201/botL.X/main.asm
                  _61Next   0x0007be    program     static /Users/mreiter/Desktop/AER201/botL.X/main.asm
                  _61Exit   0x0007ca    program     static /Users/mreiter/Desktop/AER201/botL.X/main.asm
                  _62Next   0x0007d4    program     static /Users/mreiter/Desktop/AER201/botL.X/main.asm
                  _62Exit   0x0007e0    program     static /Users/mreiter/Desktop/AER201/botL.X/main.asm
                  _63Next   0x0007ea    program     static /Users/mreiter/Desktop/AER201/botL.X/main.asm
                  _63Exit   0x0007f6    program     static /Users/mreiter/Desktop/AER201/botL.X/main.asm
                     PLOG   0x0007fa    program     static /Users/mreiter/Desktop/AER201/botL.X/main.asm
                  _64loop   0x00080e    program     static /Users/mreiter/Desktop/AER201/botL.X/main.asm
               displayNum   0x000834    program     static /Users/mreiter/Desktop/AER201/botL.X/main.asm
                HOLD_PLOG   0x00088e    program     static /Users/mreiter/Desktop/AER201/botL.X/main.asm
                  _67Next   0x00089a    program     static /Users/mreiter/Desktop/AER201/botL.X/main.asm
                  _67Exit   0x0008a6    program     static /Users/mreiter/Desktop/AER201/botL.X/main.asm
                  PC_MODE   0x0008aa    program     static /Users/mreiter/Desktop/AER201/botL.X/main.asm
                  _68loop   0x0008be    program     static /Users/mreiter/Desktop/AER201/botL.X/main.asm
                  _69loop   0x0008dc    program     static /Users/mreiter/Desktop/AER201/botL.X/main.asm
                  HOLD_PC   0x0008f2    program     static /Users/mreiter/Desktop/AER201/botL.X/main.asm
                  _70Next   0x0008fe    program     static /Users/mreiter/Desktop/AER201/botL.X/main.asm
                  _70Exit   0x00090a    program     static /Users/mreiter/Desktop/AER201/botL.X/main.asm
                  _71Next   0x000914    program     static /Users/mreiter/Desktop/AER201/botL.X/main.asm
                  _71Exit   0x000920    program     static /Users/mreiter/Desktop/AER201/botL.X/main.asm
              PC_TRANSFER   0x000924    program     static /Users/mreiter/Desktop/AER201/botL.X/main.asm
                  _72loop   0x00093a    program     static /Users/mreiter/Desktop/AER201/botL.X/main.asm
                 RTC_INIT   0x000948    program     static /Users/mreiter/Desktop/AER201/botL.X/main.asm
                SAVE_TIME   0x000956    program     static /Users/mreiter/Desktop/AER201/botL.X/main.asm
            SAVE_EXE_TIME   0x0009bc    program     static /Users/mreiter/Desktop/AER201/botL.X/main.asm
             _.org_2_09D8   0x0009d8    program     static /Users/mreiter/Desktop/AER201/botL.X/main.asm
             _.org_2_09F0   0x0009f0    program     static /Users/mreiter/Desktop/AER201/botL.X/main.asm
             _.org_2_0A14   0x000a14    program     static /Users/mreiter/Desktop/AER201/botL.X/main.asm
             _.org_2_0A2C   0x000a2c    program     static /Users/mreiter/Desktop/AER201/botL.X/main.asm
             _.org_2_0A50   0x000a50    program     static /Users/mreiter/Desktop/AER201/botL.X/main.asm
             _.org_2_0A68   0x000a68    program     static /Users/mreiter/Desktop/AER201/botL.X/main.asm
              DISPLAY_RTC   0x000a72    program     static /Users/mreiter/Desktop/AER201/botL.X/main.asm
                 SET_TIME   0x000b4c    program     static /Users/mreiter/Desktop/AER201/botL.X/main.asm
                del_loop0   0x000b52    program     static /Users/mreiter/Desktop/AER201/botL.X/main.asm
               INIT_USART   0x000bb4    program     static /Users/mreiter/Desktop/AER201/botL.X/main.asm
                 Delay5us   0x000bc4    program     static /Users/mreiter/Desktop/AER201/botL.X/main.asm
                  loop5us   0x000bc8    program     static /Users/mreiter/Desktop/AER201/botL.X/main.asm
               Delay200us   0x000bd2    program     static /Users/mreiter/Desktop/AER201/botL.X/main.asm
                loop200us   0x000bd6    program     static /Users/mreiter/Desktop/AER201/botL.X/main.asm
                Delay50ms   0x000be0    program     static /Users/mreiter/Desktop/AER201/botL.X/main.asm
                 loop50ms   0x000be4    program     static /Users/mreiter/Desktop/AER201/botL.X/main.asm
                   Cycles   0x000bea    program     static /Users/mreiter/Desktop/AER201/botL.X/main.asm
              WriteEE_RTC   0x000bf4    program     static /Users/mreiter/Desktop/AER201/botL.X/main.asm
             _.org_2_0C02   0x000c02    program     static /Users/mreiter/Desktop/AER201/botL.X/main.asm
             _.org_2_0C1A   0x000c1a    program     static /Users/mreiter/Desktop/AER201/botL.X/main.asm
             _.org_2_0C30   0x000c30    program     static /Users/mreiter/Desktop/AER201/botL.X/main.asm
             _.org_2_0C48   0x000c48    program     static /Users/mreiter/Desktop/AER201/botL.X/main.asm
           ClearEEPROM_21   0x000c52    program     static /Users/mreiter/Desktop/AER201/botL.X/main.asm
                ClearNext   0x000c5a    program     static /Users/mreiter/Desktop/AER201/botL.X/main.asm
             _.org_2_0C68   0x000c68    program     static /Users/mreiter/Desktop/AER201/botL.X/main.asm
             _.org_2_0C80   0x000c80    program     static /Users/mreiter/Desktop/AER201/botL.X/main.asm
                 READ_KEY   0x000c98    program     static /Users/mreiter/Desktop/AER201/botL.X/main.asm
             _.org_2_0CA6   0x000ca6    program     static /Users/mreiter/Desktop/AER201/botL.X/main.asm
            READ_KEY_TIME   0x000cac    program     static /Users/mreiter/Desktop/AER201/botL.X/main.asm
             _.org_2_0CC2   0x000cc2    program     static /Users/mreiter/Desktop/AER201/botL.X/main.asm
           DisplayExeTime   0x000cc8    program     static /Users/mreiter/Desktop/AER201/botL.X/main.asm
                  _99loop   0x000cf2    program     static /Users/mreiter/Desktop/AER201/botL.X/main.asm
        NoSkipDispExeTime   0x000d06    program     static /Users/mreiter/Desktop/AER201/botL.X/main.asm
          SkipDispExeTime   0x000d58    program     static /Users/mreiter/Desktop/AER201/botL.X/main.asm
                DispOpRTC   0x000d5a    program     static /Users/mreiter/Desktop/AER201/botL.X/main.asm
                 _104loop   0x000d84    program     static /Users/mreiter/Desktop/AER201/botL.X/main.asm
          NoSkipDispOpRTC   0x000d96    program     static /Users/mreiter/Desktop/AER201/botL.X/main.asm
            SkipDispOpRTC   0x000df6    program     static /Users/mreiter/Desktop/AER201/botL.X/main.asm
         DispOpRTC_Helper   0x000df8    program     static /Users/mreiter/Desktop/AER201/botL.X/main.asm
                  Welcome   0x000e32    program     static /Users/mreiter/Desktop/AER201/botL.X/main.asm
                     Team   0x000e38    program     static /Users/mreiter/Desktop/AER201/botL.X/main.asm
                  StandBy   0x000e42    program     static /Users/mreiter/Desktop/AER201/botL.X/main.asm
                     Log1   0x000e4a    program     static /Users/mreiter/Desktop/AER201/botL.X/main.asm
                     Log2   0x000e50    program     static /Users/mreiter/Desktop/AER201/botL.X/main.asm
                 LogInfo1   0x000e5e    program     static /Users/mreiter/Desktop/AER201/botL.X/main.asm
                 LogInfo2   0x000e66    program     static /Users/mreiter/Desktop/AER201/botL.X/main.asm
                 PermLog1   0x000e70    program     static /Users/mreiter/Desktop/AER201/botL.X/main.asm
                 PermLog2   0x000e80    program     static /Users/mreiter/Desktop/AER201/botL.X/main.asm
                     Exe1   0x000e8c    program     static /Users/mreiter/Desktop/AER201/botL.X/main.asm
                     Exe2   0x000e98    program     static /Users/mreiter/Desktop/AER201/botL.X/main.asm
                      PC1   0x000ea0    program     static /Users/mreiter/Desktop/AER201/botL.X/main.asm
                      PC2   0x000eae    program     static /Users/mreiter/Desktop/AER201/botL.X/main.asm
               PCTransfer   0x000eb8    program     static /Users/mreiter/Desktop/AER201/botL.X/main.asm
                  Stopped   0x000ec8    program     static /Users/mreiter/Desktop/AER201/botL.X/main.asm
                 Exe_Time   0x000ed0    program     static /Users/mreiter/Desktop/AER201/botL.X/main.asm
                     SAVE   0x000ed8    program     static /Users/mreiter/Desktop/AER201/botL.X/main.asm
                   Safety   0x000ee2    program     static /Users/mreiter/Desktop/AER201/botL.X/main.asm
                   NoData   0x000ef2    program     static /Users/mreiter/Desktop/AER201/botL.X/main.asm
                   PCLog1   0x000ef6    program     static /Users/mreiter/Desktop/AER201/botL.X/main.asm
                  InitLCD   0x000f06    program     extern /Users/mreiter/Desktop/AER201/botL.X/lcd.asm
                   WR_INS   0x000f5e    program     extern /Users/mreiter/Desktop/AER201/botL.X/lcd.asm
                  WR_DATA   0x000f7a    program     extern /Users/mreiter/Desktop/AER201/botL.X/lcd.asm
                   WrtLCD   0x000f9c    program     extern /Users/mreiter/Desktop/AER201/botL.X/lcd.asm
                   ClrLCD   0x000fb2    program     extern /Users/mreiter/Desktop/AER201/botL.X/lcd.asm
                   ClkLCD   0x000fc0    program     extern /Users/mreiter/Desktop/AER201/botL.X/lcd.asm
              _.code_00C6   0x000fcc    program     static /Users/mreiter/Desktop/AER201/botL.X/lcd.asm
                   LCD_L1   0x000fd2    program     extern /Users/mreiter/Desktop/AER201/botL.X/lcd.asm
                   LCD_L2   0x000fda    program     extern /Users/mreiter/Desktop/AER201/botL.X/lcd.asm
                   MovMSB   0x000fe2    program     static /Users/mreiter/Desktop/AER201/botL.X/lcd.asm
             lcdLongDelay   0x000fec    program     static /Users/mreiter/Desktop/AER201/botL.X/lcd.asm
                 LLD_LOOP   0x000ff0    program     static /Users/mreiter/Desktop/AER201/botL.X/lcd.asm
              _.code_00F0   0x000ff6    program     static /Users/mreiter/Desktop/AER201/botL.X/lcd.asm
                delay44us   0x001002    program     static /Users/mreiter/Desktop/AER201/botL.X/lcd.asm
            Delay44usLoop   0x001006    program     static /Users/mreiter/Desktop/AER201/botL.X/lcd.asm
                 delay5ms   0x00100e    program     extern /Users/mreiter/Desktop/AER201/botL.X/lcd.asm
             Delay5msLoop   0x001016    program     static /Users/mreiter/Desktop/AER201/botL.X/lcd.asm
                       d2   0x00101e    program     static /Users/mreiter/Desktop/AER201/botL.X/lcd.asm
         i2c_common_setup   0x001024    program     extern /Users/mreiter/Desktop/AER201/botL.X/i2c_common.asm
              _.code_001A   0x00103e    program     static /Users/mreiter/Desktop/AER201/botL.X/i2c_common.asm
                write_rtc   0x001044    program     extern /Users/mreiter/Desktop/AER201/botL.X/i2c_common.asm
              _.code_0028   0x00104c    program     static /Users/mreiter/Desktop/AER201/botL.X/i2c_common.asm
              _.code_0030   0x001054    program     static /Users/mreiter/Desktop/AER201/botL.X/i2c_common.asm
              _.code_0036   0x00105a    program     static /Users/mreiter/Desktop/AER201/botL.X/i2c_common.asm
              _.code_0046   0x00106a    program     static /Users/mreiter/Desktop/AER201/botL.X/i2c_common.asm
              _.code_004C   0x001070    program     static /Users/mreiter/Desktop/AER201/botL.X/i2c_common.asm
              _.code_005C   0x001080    program     static /Users/mreiter/Desktop/AER201/botL.X/i2c_common.asm
              _.code_0062   0x001086    program     static /Users/mreiter/Desktop/AER201/botL.X/i2c_common.asm
              WR_ERR1_RTC   0x001094    program     static /Users/mreiter/Desktop/AER201/botL.X/i2c_common.asm
              WR_ERR2_RTC   0x00109e    program     static /Users/mreiter/Desktop/AER201/botL.X/i2c_common.asm
              WR_ERR3_RTC   0x0010aa    program     static /Users/mreiter/Desktop/AER201/botL.X/i2c_common.asm
               WR_END_RTC   0x0010b4    program     static /Users/mreiter/Desktop/AER201/botL.X/i2c_common.asm
              _.code_0094   0x0010b8    program     static /Users/mreiter/Desktop/AER201/botL.X/i2c_common.asm
                 read_rtc   0x0010be    program     extern /Users/mreiter/Desktop/AER201/botL.X/i2c_common.asm
              _.code_00A2   0x0010c6    program     static /Users/mreiter/Desktop/AER201/botL.X/i2c_common.asm
              _.code_00AA   0x0010ce    program     static /Users/mreiter/Desktop/AER201/botL.X/i2c_common.asm
              _.code_00B0   0x0010d4    program     static /Users/mreiter/Desktop/AER201/botL.X/i2c_common.asm
              _.code_00C0   0x0010e4    program     static /Users/mreiter/Desktop/AER201/botL.X/i2c_common.asm
              _.code_00C6   0x0010ea    program     static /Users/mreiter/Desktop/AER201/botL.X/i2c_common.asm
              _.code_00D4   0x0010f8    program     static /Users/mreiter/Desktop/AER201/botL.X/i2c_common.asm
              _.code_00DC   0x001100    program     static /Users/mreiter/Desktop/AER201/botL.X/i2c_common.asm
              _.code_00E2   0x001106    program     static /Users/mreiter/Desktop/AER201/botL.X/i2c_common.asm
              _.code_00F0   0x001114    program     static /Users/mreiter/Desktop/AER201/botL.X/i2c_common.asm
                  _waitl0   0x001122    program     static /Users/mreiter/Desktop/AER201/botL.X/i2c_common.asm
              RD_ERR1_RTC   0x00112c    program     static /Users/mreiter/Desktop/AER201/botL.X/i2c_common.asm
              RD_ERR2_RTC   0x001136    program     static /Users/mreiter/Desktop/AER201/botL.X/i2c_common.asm
              RD_ERR3_RTC   0x001140    program     static /Users/mreiter/Desktop/AER201/botL.X/i2c_common.asm
               RD_END_RTC   0x00114a    program     static /Users/mreiter/Desktop/AER201/botL.X/i2c_common.asm
              _.code_012A   0x00114e    program     static /Users/mreiter/Desktop/AER201/botL.X/i2c_common.asm
              rtc_convert   0x001154    program     extern /Users/mreiter/Desktop/AER201/botL.X/i2c_common.asm
          READ_COLOUR_I2C   0x00116a    program     extern /Users/mreiter/Desktop/AER201/botL.X/i2c_common.asm
              _.code_014E   0x001172    program     static /Users/mreiter/Desktop/AER201/botL.X/i2c_common.asm
              _.code_0156   0x00117a    program     static /Users/mreiter/Desktop/AER201/botL.X/i2c_common.asm
              _.code_015C   0x001180    program     static /Users/mreiter/Desktop/AER201/botL.X/i2c_common.asm
              _.code_016E   0x001192    program     static /Users/mreiter/Desktop/AER201/botL.X/i2c_common.asm
              _.code_0174   0x001198    program     static /Users/mreiter/Desktop/AER201/botL.X/i2c_common.asm
              _.code_0182   0x0011a6    program     static /Users/mreiter/Desktop/AER201/botL.X/i2c_common.asm
              _.code_018A   0x0011ae    program     static /Users/mreiter/Desktop/AER201/botL.X/i2c_common.asm
              _.code_0190   0x0011b4    program     static /Users/mreiter/Desktop/AER201/botL.X/i2c_common.asm
              _.code_019E   0x0011c2    program     static /Users/mreiter/Desktop/AER201/botL.X/i2c_common.asm
                  _waitl1   0x0011d0    program     static /Users/mreiter/Desktop/AER201/botL.X/i2c_common.asm
                  RD_ERR1   0x0011da    program     static /Users/mreiter/Desktop/AER201/botL.X/i2c_common.asm
                  RD_ERR2   0x0011e4    program     static /Users/mreiter/Desktop/AER201/botL.X/i2c_common.asm
                  RD_ERR3   0x0011ee    program     static /Users/mreiter/Desktop/AER201/botL.X/i2c_common.asm
                   RD_END   0x0011f8    program     static /Users/mreiter/Desktop/AER201/botL.X/i2c_common.asm
              _.code_01D8   0x0011fc    program     static /Users/mreiter/Desktop/AER201/botL.X/i2c_common.asm
         WRITE_COLOUR_I2C   0x001202    program     extern /Users/mreiter/Desktop/AER201/botL.X/i2c_common.asm
              _.code_01E6   0x00120a    program     static /Users/mreiter/Desktop/AER201/botL.X/i2c_common.asm
              _.code_01EE   0x001212    program     static /Users/mreiter/Desktop/AER201/botL.X/i2c_common.asm
              _.code_01F4   0x001218    program     static /Users/mreiter/Desktop/AER201/botL.X/i2c_common.asm
              _.code_0206   0x00122a    program     static /Users/mreiter/Desktop/AER201/botL.X/i2c_common.asm
              _.code_020C   0x001230    program     static /Users/mreiter/Desktop/AER201/botL.X/i2c_common.asm
              _.code_021E   0x001242    program     static /Users/mreiter/Desktop/AER201/botL.X/i2c_common.asm
              _.code_0224   0x001248    program     static /Users/mreiter/Desktop/AER201/botL.X/i2c_common.asm
                  WR_ERR1   0x001256    program     static /Users/mreiter/Desktop/AER201/botL.X/i2c_common.asm
                  WR_ERR2   0x001260    program     static /Users/mreiter/Desktop/AER201/botL.X/i2c_common.asm
                  WR_ERR3   0x00126c    program     static /Users/mreiter/Desktop/AER201/botL.X/i2c_common.asm
                   WR_END   0x001276    program     static /Users/mreiter/Desktop/AER201/botL.X/i2c_common.asm
              _.code_0256   0x00127a    program     static /Users/mreiter/Desktop/AER201/botL.X/i2c_common.asm
             READ_ARDUINO   0x001280    program     extern /Users/mreiter/Desktop/AER201/botL.X/i2c_common.asm
              _.code_0264   0x001288    program     static /Users/mreiter/Desktop/AER201/botL.X/i2c_common.asm
              _.code_026C   0x001290    program     static /Users/mreiter/Desktop/AER201/botL.X/i2c_common.asm
              _.code_0272   0x001296    program     static /Users/mreiter/Desktop/AER201/botL.X/i2c_common.asm
              _.code_0280   0x0012a4    program     static /Users/mreiter/Desktop/AER201/botL.X/i2c_common.asm
                  _waitl2   0x0012b2    program     static /Users/mreiter/Desktop/AER201/botL.X/i2c_common.asm
              _.code_0298   0x0012bc    program     static /Users/mreiter/Desktop/AER201/botL.X/i2c_common.asm
                CHECK_ACK   0x0012c2    program     extern /Users/mreiter/Desktop/AER201/botL.X/i2c.asm
                 I2C_temp   0x0012c2    program     static /Users/mreiter/Desktop/AER201/botL.X/i2c.asm
                I2C_ACKDT   0x0012c2    program     extern /Users/mreiter/Desktop/AER201/botL.X/i2c.asm
               CHECK_NACK   0x0012c6    program     extern /Users/mreiter/Desktop/AER201/botL.X/i2c.asm
                TEST_NACK   0x0012ca    program     static /Users/mreiter/Desktop/AER201/botL.X/i2c.asm
          I2C_Master_INIT   0x0012d2    program     extern /Users/mreiter/Desktop/AER201/botL.X/i2c.asm
                     WAIT   0x0012e4    program     static /Users/mreiter/Desktop/AER201/botL.X/i2c.asm
          I2C_Master_WAIT   0x0012e4    program     extern /Users/mreiter/Desktop/AER201/botL.X/i2c.asm
         I2C_Master_START   0x0012f4    program     extern /Users/mreiter/Desktop/AER201/botL.X/i2c.asm
        I2C_Master_RSTART   0x0012fc    program     extern /Users/mreiter/Desktop/AER201/botL.X/i2c.asm
          I2C_Master_STOP   0x001304    program     extern /Users/mreiter/Desktop/AER201/botL.X/i2c.asm
         I2C_Master_WRITE   0x00130c    program     extern /Users/mreiter/Desktop/AER201/botL.X/i2c.asm
                  HOLD_UP   0x001312    program     static /Users/mreiter/Desktop/AER201/botL.X/i2c.asm
          I2C_Master_READ   0x00131a    program     extern /Users/mreiter/Desktop/AER201/botL.X/i2c.asm
                     LOOP   0x001320    program     static /Users/mreiter/Desktop/AER201/botL.X/i2c.asm
           I2C_Master_ACK   0x001328    program     extern /Users/mreiter/Desktop/AER201/botL.X/i2c.asm
                 TEST_ACK   0x00132c    program     static /Users/mreiter/Desktop/AER201/botL.X/i2c.asm
               regaddress   0x000080       data     extern /Users/mreiter/Desktop/AER201/botL.X/i2c_common.asm
                 databyte   0x000081       data     extern /Users/mreiter/Desktop/AER201/botL.X/i2c_common.asm
                 datachar   0x000082       data     extern /Users/mreiter/Desktop/AER201/botL.X/i2c_common.asm
             data_colourL   0x000083       data     extern /Users/mreiter/Desktop/AER201/botL.X/i2c_common.asm
             data_colourH   0x000084       data     extern /Users/mreiter/Desktop/AER201/botL.X/i2c_common.asm
               tens_digit   0x000085       data     extern /Users/mreiter/Desktop/AER201/botL.X/i2c_common.asm
               ones_digit   0x000086       data     extern /Users/mreiter/Desktop/AER201/botL.X/i2c_common.asm
           convert_buffer   0x000087       data     extern /Users/mreiter/Desktop/AER201/botL.X/i2c_common.asm


