MPLINK 5.08, LINKER
Linker Map File - Created Wed Feb 22 09:50:57 2017

                                 Section Info
                  Section       Type    Address   Location Size(Bytes)
                ---------  ---------  ---------  ---------  ---------
                   .org_0       code   0x000000    program   0x000004
                   .cinit    romdata   0x000004    program   0x000002
                   .org_1       code   0x000008    program   0x000004
                   .org_2       code   0x000018    program   0x000dbc
                    .code       code   0x000dd4    program   0x0004c4
.config_300001_BUILD/DEFAULT/PRODUCTION/MAIN.O    romdata   0x300001    program   0x000001
.config_300002_BUILD/DEFAULT/PRODUCTION/MAIN.O    romdata   0x300002    program   0x000001
.config_300003_BUILD/DEFAULT/PRODUCTION/MAIN.O    romdata   0x300003    program   0x000001
.config_300005_BUILD/DEFAULT/PRODUCTION/MAIN.O    romdata   0x300005    program   0x000001
.config_300006_BUILD/DEFAULT/PRODUCTION/MAIN.O    romdata   0x300006    program   0x000001
.config_300008_BUILD/DEFAULT/PRODUCTION/MAIN.O    romdata   0x300008    program   0x000001
.config_300009_BUILD/DEFAULT/PRODUCTION/MAIN.O    romdata   0x300009    program   0x000001
.config_30000A_BUILD/DEFAULT/PRODUCTION/MAIN.O    romdata   0x30000a    program   0x000001
.config_30000B_BUILD/DEFAULT/PRODUCTION/MAIN.O    romdata   0x30000b    program   0x000001
.config_30000C_BUILD/DEFAULT/PRODUCTION/MAIN.O    romdata   0x30000c    program   0x000001
.config_30000D_BUILD/DEFAULT/PRODUCTION/MAIN.O    romdata   0x30000d    program   0x000001
                   .udata      udata   0x000080       data   0x00000a



                              Program Memory Usage 
                               Start         End      
                           ---------   ---------      
                            0x000000    0x000005      
                            0x000008    0x00000b      
                            0x000018    0x001297      
                            0x300001    0x300003      
                            0x300005    0x300006      
                            0x300008    0x30000d      
            4757 out of 66584 program addresses used, program memory utilization is 7%



                              Symbols - Sorted by Name
                     Name    Address   Location    Storage File                     
                ---------  ---------  ---------  --------- ---------                
                CHECK_ACK   0x001228    program     extern /Users/mreiter/Desktop/AER201/botL.X/i2c.asm
               CHECK_BLUE   0x00035c    program     static /Users/mreiter/Desktop/AER201/botL.X/main.asm
              CHECK_CLEAR   0x0002a2    program     static /Users/mreiter/Desktop/AER201/botL.X/main.asm
              CHECK_GREEN   0x00031e    program     static /Users/mreiter/Desktop/AER201/botL.X/main.asm
               CHECK_NACK   0x00122c    program     extern /Users/mreiter/Desktop/AER201/botL.X/i2c.asm
                CHECK_RED   0x0002e0    program     static /Users/mreiter/Desktop/AER201/botL.X/main.asm
              COLOUR_TEST   0x00039a    program     static /Users/mreiter/Desktop/AER201/botL.X/main.asm
           ClearEEPROM_21   0x000bf4    program     static /Users/mreiter/Desktop/AER201/botL.X/main.asm
                ClearNext   0x000bfc    program     static /Users/mreiter/Desktop/AER201/botL.X/main.asm
                   ClkLCD   0x000f62    program     extern /Users/mreiter/Desktop/AER201/botL.X/lcd.asm
                   ClrLCD   0x000f54    program     extern /Users/mreiter/Desktop/AER201/botL.X/lcd.asm
                   Cycles   0x000b8c    program     static /Users/mreiter/Desktop/AER201/botL.X/main.asm
              DISPLAY_RTC   0x000a20    program     static /Users/mreiter/Desktop/AER201/botL.X/main.asm
               Delay200us   0x000b74    program     static /Users/mreiter/Desktop/AER201/botL.X/main.asm
            Delay44usLoop   0x000fa8    program     static /Users/mreiter/Desktop/AER201/botL.X/lcd.asm
                Delay50ms   0x000b82    program     static /Users/mreiter/Desktop/AER201/botL.X/main.asm
             Delay5msLoop   0x000fb8    program     static /Users/mreiter/Desktop/AER201/botL.X/lcd.asm
                 Delay5us   0x000b66    program     static /Users/mreiter/Desktop/AER201/botL.X/main.asm
                DispOpRTC   0x000cfc    program     static /Users/mreiter/Desktop/AER201/botL.X/main.asm
         DispOpRTC_Helper   0x000d9a    program     static /Users/mreiter/Desktop/AER201/botL.X/main.asm
           DisplayExeTime   0x000c6a    program     static /Users/mreiter/Desktop/AER201/botL.X/main.asm
             END_ISR_HIGH   0x0000cc    program     static /Users/mreiter/Desktop/AER201/botL.X/main.asm
              END_ISR_LOW   0x0000f2    program     static /Users/mreiter/Desktop/AER201/botL.X/main.asm
                EXECUTION   0x000402    program     static /Users/mreiter/Desktop/AER201/botL.X/main.asm
                 EXIT_EXE   0x000460    program     static /Users/mreiter/Desktop/AER201/botL.X/main.asm
                     Exe1   0x000e2e    program     static /Users/mreiter/Desktop/AER201/botL.X/main.asm
                     Exe2   0x000e3a    program     static /Users/mreiter/Desktop/AER201/botL.X/main.asm
                 Exe_Time   0x000e72    program     static /Users/mreiter/Desktop/AER201/botL.X/main.asm
                 HOLD_EXE   0x000444    program     static /Users/mreiter/Desktop/AER201/botL.X/main.asm
                 HOLD_LOG   0x000606    program     static /Users/mreiter/Desktop/AER201/botL.X/main.asm
            HOLD_LOG_INFO   0x000678    program     static /Users/mreiter/Desktop/AER201/botL.X/main.asm
                  HOLD_PC   0x0008aa    program     static /Users/mreiter/Desktop/AER201/botL.X/main.asm
            HOLD_PERM_LOG   0x0006d0    program     static /Users/mreiter/Desktop/AER201/botL.X/main.asm
                HOLD_PLOG   0x000846    program     static /Users/mreiter/Desktop/AER201/botL.X/main.asm
             HOLD_STANDBY   0x00022e    program     static /Users/mreiter/Desktop/AER201/botL.X/main.asm
                  HOLD_UP   0x001278    program     static /Users/mreiter/Desktop/AER201/botL.X/i2c.asm
                I2C_ACKDT   0x001228    program     extern /Users/mreiter/Desktop/AER201/botL.X/i2c.asm
           I2C_Master_ACK   0x00128e    program     extern /Users/mreiter/Desktop/AER201/botL.X/i2c.asm
          I2C_Master_INIT   0x001238    program     extern /Users/mreiter/Desktop/AER201/botL.X/i2c.asm
          I2C_Master_READ   0x001280    program     extern /Users/mreiter/Desktop/AER201/botL.X/i2c.asm
        I2C_Master_RSTART   0x001262    program     extern /Users/mreiter/Desktop/AER201/botL.X/i2c.asm
         I2C_Master_START   0x00125a    program     extern /Users/mreiter/Desktop/AER201/botL.X/i2c.asm
          I2C_Master_STOP   0x00126a    program     extern /Users/mreiter/Desktop/AER201/botL.X/i2c.asm
          I2C_Master_WAIT   0x00124a    program     extern /Users/mreiter/Desktop/AER201/botL.X/i2c.asm
         I2C_Master_WRITE   0x001272    program     extern /Users/mreiter/Desktop/AER201/botL.X/i2c.asm
                 I2C_temp   0x001228    program     static /Users/mreiter/Desktop/AER201/botL.X/i2c.asm
                     INIT   0x0000fc    program     static /Users/mreiter/Desktop/AER201/botL.X/main.asm
               INIT_USART   0x000b56    program     static /Users/mreiter/Desktop/AER201/botL.X/main.asm
                 ISR_HIGH   0x00001c    program     static /Users/mreiter/Desktop/AER201/botL.X/main.asm
                  ISR_LOW   0x0000d6    program     static /Users/mreiter/Desktop/AER201/botL.X/main.asm
                  InitLCD   0x000ea8    program     extern /Users/mreiter/Desktop/AER201/botL.X/lcd.asm
                   LCD_L1   0x000f74    program     extern /Users/mreiter/Desktop/AER201/botL.X/lcd.asm
                   LCD_L2   0x000f7c    program     extern /Users/mreiter/Desktop/AER201/botL.X/lcd.asm
                 LLD_LOOP   0x000f92    program     static /Users/mreiter/Desktop/AER201/botL.X/lcd.asm
                      LOG   0x0005d6    program     static /Users/mreiter/Desktop/AER201/botL.X/main.asm
                 LOG_INFO   0x000638    program     static /Users/mreiter/Desktop/AER201/botL.X/main.asm
                     LOOP   0x001286    program     static /Users/mreiter/Desktop/AER201/botL.X/i2c.asm
                  LOOPING   0x00039a    program     static /Users/mreiter/Desktop/AER201/botL.X/main.asm
                     Log1   0x000dec    program     static /Users/mreiter/Desktop/AER201/botL.X/main.asm
                     Log2   0x000df2    program     static /Users/mreiter/Desktop/AER201/botL.X/main.asm
                 LogInfo1   0x000e00    program     static /Users/mreiter/Desktop/AER201/botL.X/main.asm
                 LogInfo2   0x000e08    program     static /Users/mreiter/Desktop/AER201/botL.X/main.asm
                   MovMSB   0x000f84    program     static /Users/mreiter/Desktop/AER201/botL.X/lcd.asm
                   NoData   0x000e94    program     static /Users/mreiter/Desktop/AER201/botL.X/main.asm
        NoSkipDispExeTime   0x000ca8    program     static /Users/mreiter/Desktop/AER201/botL.X/main.asm
          NoSkipDispOpRTC   0x000d38    program     static /Users/mreiter/Desktop/AER201/botL.X/main.asm
                      PC1   0x000e42    program     static /Users/mreiter/Desktop/AER201/botL.X/main.asm
                      PC2   0x000e50    program     static /Users/mreiter/Desktop/AER201/botL.X/main.asm
                   PCLog1   0x000e98    program     static /Users/mreiter/Desktop/AER201/botL.X/main.asm
               PCTransfer   0x000e5a    program     static /Users/mreiter/Desktop/AER201/botL.X/main.asm
                  PC_MODE   0x000862    program     static /Users/mreiter/Desktop/AER201/botL.X/main.asm
              PC_TRANSFER   0x0008dc    program     static /Users/mreiter/Desktop/AER201/botL.X/main.asm
                 PERM_LOG   0x000694    program     static /Users/mreiter/Desktop/AER201/botL.X/main.asm
                     PLOG   0x0007b2    program     static /Users/mreiter/Desktop/AER201/botL.X/main.asm
                 PermLog1   0x000e12    program     static /Users/mreiter/Desktop/AER201/botL.X/main.asm
                 PermLog2   0x000e22    program     static /Users/mreiter/Desktop/AER201/botL.X/main.asm
                   RD_END   0x0011a2    program     static /Users/mreiter/Desktop/AER201/botL.X/i2c_common.asm
               RD_END_RTC   0x0010e4    program     static /Users/mreiter/Desktop/AER201/botL.X/i2c_common.asm
                  RD_ERR1   0x001184    program     static /Users/mreiter/Desktop/AER201/botL.X/i2c_common.asm
              RD_ERR1_RTC   0x0010c6    program     static /Users/mreiter/Desktop/AER201/botL.X/i2c_common.asm
                  RD_ERR2   0x00118e    program     static /Users/mreiter/Desktop/AER201/botL.X/i2c_common.asm
              RD_ERR2_RTC   0x0010d0    program     static /Users/mreiter/Desktop/AER201/botL.X/i2c_common.asm
                  RD_ERR3   0x001198    program     static /Users/mreiter/Desktop/AER201/botL.X/i2c_common.asm
              RD_ERR3_RTC   0x0010da    program     static /Users/mreiter/Desktop/AER201/botL.X/i2c_common.asm
          READ_COLOUR_I2C   0x001102    program     extern /Users/mreiter/Desktop/AER201/botL.X/i2c_common.asm
                 READ_KEY   0x000c3a    program     static /Users/mreiter/Desktop/AER201/botL.X/main.asm
            READ_KEY_TIME   0x000c4e    program     static /Users/mreiter/Desktop/AER201/botL.X/main.asm
                 RTC_INIT   0x000900    program     static /Users/mreiter/Desktop/AER201/botL.X/main.asm
                     SAVE   0x000e7a    program     static /Users/mreiter/Desktop/AER201/botL.X/main.asm
            SAVE_EXE_TIME   0x00096a    program     static /Users/mreiter/Desktop/AER201/botL.X/main.asm
                SAVE_TIME   0x00090e    program     static /Users/mreiter/Desktop/AER201/botL.X/main.asm
                 SET_TIME   0x000aee    program     static /Users/mreiter/Desktop/AER201/botL.X/main.asm
                  STANDBY   0x000210    program     static /Users/mreiter/Desktop/AER201/botL.X/main.asm
                   Safety   0x000e84    program     static /Users/mreiter/Desktop/AER201/botL.X/main.asm
                 SaveData   0x00053c    program     static /Users/mreiter/Desktop/AER201/botL.X/main.asm
                ShiftLoop   0x00056e    program     static /Users/mreiter/Desktop/AER201/botL.X/main.asm
          SkipDispExeTime   0x000cfa    program     static /Users/mreiter/Desktop/AER201/botL.X/main.asm
            SkipDispOpRTC   0x000d98    program     static /Users/mreiter/Desktop/AER201/botL.X/main.asm
                  StandBy   0x000de4    program     static /Users/mreiter/Desktop/AER201/botL.X/main.asm
                  Stopped   0x000e6a    program     static /Users/mreiter/Desktop/AER201/botL.X/main.asm
                 TEST_ACK   0x001292    program     static /Users/mreiter/Desktop/AER201/botL.X/i2c.asm
                TEST_NACK   0x001230    program     static /Users/mreiter/Desktop/AER201/botL.X/i2c.asm
                     Team   0x000dda    program     static /Users/mreiter/Desktop/AER201/botL.X/main.asm
                     WAIT   0x00124a    program     static /Users/mreiter/Desktop/AER201/botL.X/i2c.asm
         WRITE_COLOUR_I2C   0x0011ac    program     extern /Users/mreiter/Desktop/AER201/botL.X/i2c_common.asm
                  WR_DATA   0x000f1c    program     extern /Users/mreiter/Desktop/AER201/botL.X/lcd.asm
                   WR_END   0x00121e    program     static /Users/mreiter/Desktop/AER201/botL.X/i2c_common.asm
               WR_END_RTC   0x001052    program     static /Users/mreiter/Desktop/AER201/botL.X/i2c_common.asm
                  WR_ERR1   0x0011fe    program     static /Users/mreiter/Desktop/AER201/botL.X/i2c_common.asm
              WR_ERR1_RTC   0x001032    program     static /Users/mreiter/Desktop/AER201/botL.X/i2c_common.asm
                  WR_ERR2   0x001208    program     static /Users/mreiter/Desktop/AER201/botL.X/i2c_common.asm
              WR_ERR2_RTC   0x00103c    program     static /Users/mreiter/Desktop/AER201/botL.X/i2c_common.asm
                  WR_ERR3   0x001214    program     static /Users/mreiter/Desktop/AER201/botL.X/i2c_common.asm
              WR_ERR3_RTC   0x001048    program     static /Users/mreiter/Desktop/AER201/botL.X/i2c_common.asm
                   WR_INS   0x000f00    program     extern /Users/mreiter/Desktop/AER201/botL.X/lcd.asm
                  Welcome   0x000dd4    program     static /Users/mreiter/Desktop/AER201/botL.X/main.asm
              WriteEE_RTC   0x000b96    program     static /Users/mreiter/Desktop/AER201/botL.X/main.asm
                   WrtLCD   0x000f3e    program     extern /Users/mreiter/Desktop/AER201/botL.X/lcd.asm
              _.code_001A   0x000fe0    program     static /Users/mreiter/Desktop/AER201/botL.X/i2c_common.asm
              _.code_0028   0x000fee    program     static /Users/mreiter/Desktop/AER201/botL.X/i2c_common.asm
              _.code_0030   0x000ff6    program     static /Users/mreiter/Desktop/AER201/botL.X/i2c_common.asm
              _.code_0036   0x000ffc    program     static /Users/mreiter/Desktop/AER201/botL.X/i2c_common.asm
              _.code_0044   0x00100a    program     static /Users/mreiter/Desktop/AER201/botL.X/i2c_common.asm
              _.code_004A   0x001010    program     static /Users/mreiter/Desktop/AER201/botL.X/i2c_common.asm
              _.code_0058   0x00101e    program     static /Users/mreiter/Desktop/AER201/botL.X/i2c_common.asm
              _.code_005E   0x001024    program     static /Users/mreiter/Desktop/AER201/botL.X/i2c_common.asm
              _.code_0090   0x001056    program     static /Users/mreiter/Desktop/AER201/botL.X/i2c_common.asm
              _.code_009E   0x001064    program     static /Users/mreiter/Desktop/AER201/botL.X/i2c_common.asm
              _.code_00A6   0x00106c    program     static /Users/mreiter/Desktop/AER201/botL.X/i2c_common.asm
              _.code_00AC   0x001072    program     static /Users/mreiter/Desktop/AER201/botL.X/i2c_common.asm
              _.code_00BA   0x001080    program     static /Users/mreiter/Desktop/AER201/botL.X/i2c_common.asm
              _.code_00C0   0x001086    program     static /Users/mreiter/Desktop/AER201/botL.X/i2c_common.asm
              _.code_00C6   0x000f6e    program     static /Users/mreiter/Desktop/AER201/botL.X/lcd.asm
              _.code_00CE   0x001094    program     static /Users/mreiter/Desktop/AER201/botL.X/i2c_common.asm
              _.code_00D6   0x00109c    program     static /Users/mreiter/Desktop/AER201/botL.X/i2c_common.asm
              _.code_00DC   0x0010a2    program     static /Users/mreiter/Desktop/AER201/botL.X/i2c_common.asm
              _.code_00EA   0x0010b0    program     static /Users/mreiter/Desktop/AER201/botL.X/i2c_common.asm
              _.code_00F0   0x000f98    program     static /Users/mreiter/Desktop/AER201/botL.X/lcd.asm
              _.code_0122   0x0010e8    program     static /Users/mreiter/Desktop/AER201/botL.X/i2c_common.asm
              _.code_0144   0x00110a    program     static /Users/mreiter/Desktop/AER201/botL.X/i2c_common.asm
              _.code_014C   0x001112    program     static /Users/mreiter/Desktop/AER201/botL.X/i2c_common.asm
              _.code_0152   0x001118    program     static /Users/mreiter/Desktop/AER201/botL.X/i2c_common.asm
              _.code_0164   0x00112a    program     static /Users/mreiter/Desktop/AER201/botL.X/i2c_common.asm
              _.code_016A   0x001130    program     static /Users/mreiter/Desktop/AER201/botL.X/i2c_common.asm
              _.code_0178   0x00113e    program     static /Users/mreiter/Desktop/AER201/botL.X/i2c_common.asm
              _.code_0180   0x001146    program     static /Users/mreiter/Desktop/AER201/botL.X/i2c_common.asm
              _.code_0186   0x00114c    program     static /Users/mreiter/Desktop/AER201/botL.X/i2c_common.asm
              _.code_0194   0x00115a    program     static /Users/mreiter/Desktop/AER201/botL.X/i2c_common.asm
              _.code_01A2   0x001168    program     static /Users/mreiter/Desktop/AER201/botL.X/i2c_common.asm
              _.code_01A8   0x00116e    program     static /Users/mreiter/Desktop/AER201/botL.X/i2c_common.asm
              _.code_01E0   0x0011a6    program     static /Users/mreiter/Desktop/AER201/botL.X/i2c_common.asm
              _.code_01EE   0x0011b4    program     static /Users/mreiter/Desktop/AER201/botL.X/i2c_common.asm
              _.code_01F6   0x0011bc    program     static /Users/mreiter/Desktop/AER201/botL.X/i2c_common.asm
              _.code_01FC   0x0011c2    program     static /Users/mreiter/Desktop/AER201/botL.X/i2c_common.asm
              _.code_020E   0x0011d4    program     static /Users/mreiter/Desktop/AER201/botL.X/i2c_common.asm
              _.code_0214   0x0011da    program     static /Users/mreiter/Desktop/AER201/botL.X/i2c_common.asm
              _.code_0224   0x0011ea    program     static /Users/mreiter/Desktop/AER201/botL.X/i2c_common.asm
              _.code_022A   0x0011f0    program     static /Users/mreiter/Desktop/AER201/botL.X/i2c_common.asm
              _.code_025C   0x001222    program     static /Users/mreiter/Desktop/AER201/botL.X/i2c_common.asm
             _.org_2_047C   0x00047c    program     static /Users/mreiter/Desktop/AER201/botL.X/main.asm
             _.org_2_0494   0x000494    program     static /Users/mreiter/Desktop/AER201/botL.X/main.asm
             _.org_2_04B0   0x0004b0    program     static /Users/mreiter/Desktop/AER201/botL.X/main.asm
             _.org_2_04C8   0x0004c8    program     static /Users/mreiter/Desktop/AER201/botL.X/main.asm
             _.org_2_04E4   0x0004e4    program     static /Users/mreiter/Desktop/AER201/botL.X/main.asm
             _.org_2_04FC   0x0004fc    program     static /Users/mreiter/Desktop/AER201/botL.X/main.asm
             _.org_2_0518   0x000518    program     static /Users/mreiter/Desktop/AER201/botL.X/main.asm
             _.org_2_0530   0x000530    program     static /Users/mreiter/Desktop/AER201/botL.X/main.asm
             _.org_2_0594   0x000594    program     static /Users/mreiter/Desktop/AER201/botL.X/main.asm
             _.org_2_05AC   0x0005ac    program     static /Users/mreiter/Desktop/AER201/botL.X/main.asm
             _.org_2_0986   0x000986    program     static /Users/mreiter/Desktop/AER201/botL.X/main.asm
             _.org_2_099E   0x00099e    program     static /Users/mreiter/Desktop/AER201/botL.X/main.asm
             _.org_2_09C2   0x0009c2    program     static /Users/mreiter/Desktop/AER201/botL.X/main.asm
             _.org_2_09DA   0x0009da    program     static /Users/mreiter/Desktop/AER201/botL.X/main.asm
             _.org_2_09FE   0x0009fe    program     static /Users/mreiter/Desktop/AER201/botL.X/main.asm
             _.org_2_0A16   0x000a16    program     static /Users/mreiter/Desktop/AER201/botL.X/main.asm
             _.org_2_0BA4   0x000ba4    program     static /Users/mreiter/Desktop/AER201/botL.X/main.asm
             _.org_2_0BBC   0x000bbc    program     static /Users/mreiter/Desktop/AER201/botL.X/main.asm
             _.org_2_0BD2   0x000bd2    program     static /Users/mreiter/Desktop/AER201/botL.X/main.asm
             _.org_2_0BEA   0x000bea    program     static /Users/mreiter/Desktop/AER201/botL.X/main.asm
             _.org_2_0C0A   0x000c0a    program     static /Users/mreiter/Desktop/AER201/botL.X/main.asm
             _.org_2_0C22   0x000c22    program     static /Users/mreiter/Desktop/AER201/botL.X/main.asm
             _.org_2_0C48   0x000c48    program     static /Users/mreiter/Desktop/AER201/botL.X/main.asm
             _.org_2_0C64   0x000c64    program     static /Users/mreiter/Desktop/AER201/botL.X/main.asm
                 _102loop   0x000c94    program     static /Users/mreiter/Desktop/AER201/botL.X/main.asm
                 _107loop   0x000d26    program     static /Users/mreiter/Desktop/AER201/botL.X/main.asm
                  _13loop   0x0001da    program     static /Users/mreiter/Desktop/AER201/botL.X/main.asm
                  _14loop   0x0001f8    program     static /Users/mreiter/Desktop/AER201/botL.X/main.asm
                  _15loop   0x000206    program     static /Users/mreiter/Desktop/AER201/botL.X/main.asm
                  _16loop   0x000224    program     static /Users/mreiter/Desktop/AER201/botL.X/main.asm
                  _17Exit   0x000246    program     static /Users/mreiter/Desktop/AER201/botL.X/main.asm
                  _17Next   0x00023a    program     static /Users/mreiter/Desktop/AER201/botL.X/main.asm
                  _18Exit   0x00025c    program     static /Users/mreiter/Desktop/AER201/botL.X/main.asm
                  _18Next   0x000250    program     static /Users/mreiter/Desktop/AER201/botL.X/main.asm
                  _19Exit   0x000272    program     static /Users/mreiter/Desktop/AER201/botL.X/main.asm
                  _19Next   0x000266    program     static /Users/mreiter/Desktop/AER201/botL.X/main.asm
                  _20Exit   0x000288    program     static /Users/mreiter/Desktop/AER201/botL.X/main.asm
                  _20Next   0x00027c    program     static /Users/mreiter/Desktop/AER201/botL.X/main.asm
                  _21Exit   0x00029e    program     static /Users/mreiter/Desktop/AER201/botL.X/main.asm
                  _21Next   0x000292    program     static /Users/mreiter/Desktop/AER201/botL.X/main.asm
               _22RESULTS   0x0002b0    program     static /Users/mreiter/Desktop/AER201/botL.X/main.asm
               _23RESULTS   0x0002c2    program     static /Users/mreiter/Desktop/AER201/botL.X/main.asm
               _24RESULTS   0x0002d4    program     static /Users/mreiter/Desktop/AER201/botL.X/main.asm
               _25RESULTS   0x0002ee    program     static /Users/mreiter/Desktop/AER201/botL.X/main.asm
               _26RESULTS   0x000300    program     static /Users/mreiter/Desktop/AER201/botL.X/main.asm
               _27RESULTS   0x000312    program     static /Users/mreiter/Desktop/AER201/botL.X/main.asm
               _28RESULTS   0x00032c    program     static /Users/mreiter/Desktop/AER201/botL.X/main.asm
               _29RESULTS   0x00033e    program     static /Users/mreiter/Desktop/AER201/botL.X/main.asm
                 _2endBCD   0x000098    program     static /Users/mreiter/Desktop/AER201/botL.X/main.asm
                   _2ones   0x000092    program     static /Users/mreiter/Desktop/AER201/botL.X/main.asm
               _30RESULTS   0x000350    program     static /Users/mreiter/Desktop/AER201/botL.X/main.asm
               _31RESULTS   0x00036a    program     static /Users/mreiter/Desktop/AER201/botL.X/main.asm
               _32RESULTS   0x00037c    program     static /Users/mreiter/Desktop/AER201/botL.X/main.asm
               _33RESULTS   0x00038e    program     static /Users/mreiter/Desktop/AER201/botL.X/main.asm
                  _34loop   0x00039e    program     static /Users/mreiter/Desktop/AER201/botL.X/main.asm
                 _3endBCD   0x0000ca    program     static /Users/mreiter/Desktop/AER201/botL.X/main.asm
                   _3ones   0x0000c4    program     static /Users/mreiter/Desktop/AER201/botL.X/main.asm
                  _40loop   0x000420    program     static /Users/mreiter/Desktop/AER201/botL.X/main.asm
                  _41Exit   0x00045c    program     static /Users/mreiter/Desktop/AER201/botL.X/main.asm
                  _41Next   0x000450    program     static /Users/mreiter/Desktop/AER201/botL.X/main.asm
                  _46loop   0x000550    program     static /Users/mreiter/Desktop/AER201/botL.X/main.asm
                  _49loop   0x0005ea    program     static /Users/mreiter/Desktop/AER201/botL.X/main.asm
                  _50Exit   0x00061e    program     static /Users/mreiter/Desktop/AER201/botL.X/main.asm
                  _50Next   0x000612    program     static /Users/mreiter/Desktop/AER201/botL.X/main.asm
                  _51Exit   0x000634    program     static /Users/mreiter/Desktop/AER201/botL.X/main.asm
                  _51Next   0x000628    program     static /Users/mreiter/Desktop/AER201/botL.X/main.asm
                  _52loop   0x00064c    program     static /Users/mreiter/Desktop/AER201/botL.X/main.asm
                  _53loop   0x00066a    program     static /Users/mreiter/Desktop/AER201/botL.X/main.asm
                  _54Exit   0x000690    program     static /Users/mreiter/Desktop/AER201/botL.X/main.asm
                  _54Next   0x000684    program     static /Users/mreiter/Desktop/AER201/botL.X/main.asm
                  _55loop   0x0006a8    program     static /Users/mreiter/Desktop/AER201/botL.X/main.asm
                  _56loop   0x0006c6    program     static /Users/mreiter/Desktop/AER201/botL.X/main.asm
                  _57Exit   0x0006e8    program     static /Users/mreiter/Desktop/AER201/botL.X/main.asm
                  _57Next   0x0006dc    program     static /Users/mreiter/Desktop/AER201/botL.X/main.asm
                  _58Exit   0x0006fe    program     static /Users/mreiter/Desktop/AER201/botL.X/main.asm
                  _58Next   0x0006f2    program     static /Users/mreiter/Desktop/AER201/botL.X/main.asm
                  _59Exit   0x000714    program     static /Users/mreiter/Desktop/AER201/botL.X/main.asm
                  _59Next   0x000708    program     static /Users/mreiter/Desktop/AER201/botL.X/main.asm
                  _60Exit   0x00072a    program     static /Users/mreiter/Desktop/AER201/botL.X/main.asm
                  _60Next   0x00071e    program     static /Users/mreiter/Desktop/AER201/botL.X/main.asm
                  _61Exit   0x000740    program     static /Users/mreiter/Desktop/AER201/botL.X/main.asm
                  _61Next   0x000734    program     static /Users/mreiter/Desktop/AER201/botL.X/main.asm
                  _62Exit   0x000756    program     static /Users/mreiter/Desktop/AER201/botL.X/main.asm
                  _62Next   0x00074a    program     static /Users/mreiter/Desktop/AER201/botL.X/main.asm
                  _63Exit   0x00076c    program     static /Users/mreiter/Desktop/AER201/botL.X/main.asm
                  _63Next   0x000760    program     static /Users/mreiter/Desktop/AER201/botL.X/main.asm
                  _64Exit   0x000782    program     static /Users/mreiter/Desktop/AER201/botL.X/main.asm
                  _64Next   0x000776    program     static /Users/mreiter/Desktop/AER201/botL.X/main.asm
                  _65Exit   0x000798    program     static /Users/mreiter/Desktop/AER201/botL.X/main.asm
                  _65Next   0x00078c    program     static /Users/mreiter/Desktop/AER201/botL.X/main.asm
                  _66Exit   0x0007ae    program     static /Users/mreiter/Desktop/AER201/botL.X/main.asm
                  _66Next   0x0007a2    program     static /Users/mreiter/Desktop/AER201/botL.X/main.asm
                  _67loop   0x0007c6    program     static /Users/mreiter/Desktop/AER201/botL.X/main.asm
                  _70Exit   0x00085e    program     static /Users/mreiter/Desktop/AER201/botL.X/main.asm
                  _70Next   0x000852    program     static /Users/mreiter/Desktop/AER201/botL.X/main.asm
                  _71loop   0x000876    program     static /Users/mreiter/Desktop/AER201/botL.X/main.asm
                  _72loop   0x000894    program     static /Users/mreiter/Desktop/AER201/botL.X/main.asm
                  _73Exit   0x0008c2    program     static /Users/mreiter/Desktop/AER201/botL.X/main.asm
                  _73Next   0x0008b6    program     static /Users/mreiter/Desktop/AER201/botL.X/main.asm
                  _74Exit   0x0008d8    program     static /Users/mreiter/Desktop/AER201/botL.X/main.asm
                  _74Next   0x0008cc    program     static /Users/mreiter/Desktop/AER201/botL.X/main.asm
                  _75loop   0x0008f2    program     static /Users/mreiter/Desktop/AER201/botL.X/main.asm
                  _waitl0   0x0010bc    program     static /Users/mreiter/Desktop/AER201/botL.X/i2c_common.asm
                  _waitl1   0x00117a    program     static /Users/mreiter/Desktop/AER201/botL.X/i2c_common.asm
                       d2   0x000fc0    program     static /Users/mreiter/Desktop/AER201/botL.X/lcd.asm
                del_loop0   0x000af4    program     static /Users/mreiter/Desktop/AER201/botL.X/main.asm
                delay44us   0x000fa4    program     static /Users/mreiter/Desktop/AER201/botL.X/lcd.asm
                 delay5ms   0x000fb0    program     extern /Users/mreiter/Desktop/AER201/botL.X/lcd.asm
               displayNum   0x0007ec    program     static /Users/mreiter/Desktop/AER201/botL.X/main.asm
         i2c_common_setup   0x000fc6    program     extern /Users/mreiter/Desktop/AER201/botL.X/i2c_common.asm
             lcdLongDelay   0x000f8e    program     static /Users/mreiter/Desktop/AER201/botL.X/lcd.asm
                loop200us   0x000b78    program     static /Users/mreiter/Desktop/AER201/botL.X/main.asm
                 loop50ms   0x000b86    program     static /Users/mreiter/Desktop/AER201/botL.X/main.asm
                  loop5us   0x000b6a    program     static /Users/mreiter/Desktop/AER201/botL.X/main.asm
                 read_rtc   0x00105c    program     extern /Users/mreiter/Desktop/AER201/botL.X/i2c_common.asm
              rtc_convert   0x0010ee    program     extern /Users/mreiter/Desktop/AER201/botL.X/i2c_common.asm
                write_rtc   0x000fe6    program     extern /Users/mreiter/Desktop/AER201/botL.X/i2c_common.asm
           convert_buffer   0x000087       data     extern /Users/mreiter/Desktop/AER201/botL.X/i2c_common.asm
                 d200us_C   0x000089       data     extern /Users/mreiter/Desktop/AER201/botL.X/i2c_common.asm
                  d50ms_C   0x000088       data     extern /Users/mreiter/Desktop/AER201/botL.X/i2c_common.asm
             data_colourH   0x000084       data     extern /Users/mreiter/Desktop/AER201/botL.X/i2c_common.asm
             data_colourL   0x000083       data     extern /Users/mreiter/Desktop/AER201/botL.X/i2c_common.asm
                 databyte   0x000081       data     extern /Users/mreiter/Desktop/AER201/botL.X/i2c_common.asm
                 datachar   0x000082       data     extern /Users/mreiter/Desktop/AER201/botL.X/i2c_common.asm
               ones_digit   0x000086       data     extern /Users/mreiter/Desktop/AER201/botL.X/i2c_common.asm
               regaddress   0x000080       data     extern /Users/mreiter/Desktop/AER201/botL.X/i2c_common.asm
               tens_digit   0x000085       data     extern /Users/mreiter/Desktop/AER201/botL.X/i2c_common.asm



                              Symbols - Sorted by Address
                     Name    Address   Location    Storage File                     
                ---------  ---------  ---------  --------- ---------                
                 ISR_HIGH   0x00001c    program     static /Users/mreiter/Desktop/AER201/botL.X/main.asm
                   _2ones   0x000092    program     static /Users/mreiter/Desktop/AER201/botL.X/main.asm
                 _2endBCD   0x000098    program     static /Users/mreiter/Desktop/AER201/botL.X/main.asm
                   _3ones   0x0000c4    program     static /Users/mreiter/Desktop/AER201/botL.X/main.asm
                 _3endBCD   0x0000ca    program     static /Users/mreiter/Desktop/AER201/botL.X/main.asm
             END_ISR_HIGH   0x0000cc    program     static /Users/mreiter/Desktop/AER201/botL.X/main.asm
                  ISR_LOW   0x0000d6    program     static /Users/mreiter/Desktop/AER201/botL.X/main.asm
              END_ISR_LOW   0x0000f2    program     static /Users/mreiter/Desktop/AER201/botL.X/main.asm
                     INIT   0x0000fc    program     static /Users/mreiter/Desktop/AER201/botL.X/main.asm
                  _13loop   0x0001da    program     static /Users/mreiter/Desktop/AER201/botL.X/main.asm
                  _14loop   0x0001f8    program     static /Users/mreiter/Desktop/AER201/botL.X/main.asm
                  _15loop   0x000206    program     static /Users/mreiter/Desktop/AER201/botL.X/main.asm
                  STANDBY   0x000210    program     static /Users/mreiter/Desktop/AER201/botL.X/main.asm
                  _16loop   0x000224    program     static /Users/mreiter/Desktop/AER201/botL.X/main.asm
             HOLD_STANDBY   0x00022e    program     static /Users/mreiter/Desktop/AER201/botL.X/main.asm
                  _17Next   0x00023a    program     static /Users/mreiter/Desktop/AER201/botL.X/main.asm
                  _17Exit   0x000246    program     static /Users/mreiter/Desktop/AER201/botL.X/main.asm
                  _18Next   0x000250    program     static /Users/mreiter/Desktop/AER201/botL.X/main.asm
                  _18Exit   0x00025c    program     static /Users/mreiter/Desktop/AER201/botL.X/main.asm
                  _19Next   0x000266    program     static /Users/mreiter/Desktop/AER201/botL.X/main.asm
                  _19Exit   0x000272    program     static /Users/mreiter/Desktop/AER201/botL.X/main.asm
                  _20Next   0x00027c    program     static /Users/mreiter/Desktop/AER201/botL.X/main.asm
                  _20Exit   0x000288    program     static /Users/mreiter/Desktop/AER201/botL.X/main.asm
                  _21Next   0x000292    program     static /Users/mreiter/Desktop/AER201/botL.X/main.asm
                  _21Exit   0x00029e    program     static /Users/mreiter/Desktop/AER201/botL.X/main.asm
              CHECK_CLEAR   0x0002a2    program     static /Users/mreiter/Desktop/AER201/botL.X/main.asm
               _22RESULTS   0x0002b0    program     static /Users/mreiter/Desktop/AER201/botL.X/main.asm
               _23RESULTS   0x0002c2    program     static /Users/mreiter/Desktop/AER201/botL.X/main.asm
               _24RESULTS   0x0002d4    program     static /Users/mreiter/Desktop/AER201/botL.X/main.asm
                CHECK_RED   0x0002e0    program     static /Users/mreiter/Desktop/AER201/botL.X/main.asm
               _25RESULTS   0x0002ee    program     static /Users/mreiter/Desktop/AER201/botL.X/main.asm
               _26RESULTS   0x000300    program     static /Users/mreiter/Desktop/AER201/botL.X/main.asm
               _27RESULTS   0x000312    program     static /Users/mreiter/Desktop/AER201/botL.X/main.asm
              CHECK_GREEN   0x00031e    program     static /Users/mreiter/Desktop/AER201/botL.X/main.asm
               _28RESULTS   0x00032c    program     static /Users/mreiter/Desktop/AER201/botL.X/main.asm
               _29RESULTS   0x00033e    program     static /Users/mreiter/Desktop/AER201/botL.X/main.asm
               _30RESULTS   0x000350    program     static /Users/mreiter/Desktop/AER201/botL.X/main.asm
               CHECK_BLUE   0x00035c    program     static /Users/mreiter/Desktop/AER201/botL.X/main.asm
               _31RESULTS   0x00036a    program     static /Users/mreiter/Desktop/AER201/botL.X/main.asm
               _32RESULTS   0x00037c    program     static /Users/mreiter/Desktop/AER201/botL.X/main.asm
               _33RESULTS   0x00038e    program     static /Users/mreiter/Desktop/AER201/botL.X/main.asm
              COLOUR_TEST   0x00039a    program     static /Users/mreiter/Desktop/AER201/botL.X/main.asm
                  LOOPING   0x00039a    program     static /Users/mreiter/Desktop/AER201/botL.X/main.asm
                  _34loop   0x00039e    program     static /Users/mreiter/Desktop/AER201/botL.X/main.asm
                EXECUTION   0x000402    program     static /Users/mreiter/Desktop/AER201/botL.X/main.asm
                  _40loop   0x000420    program     static /Users/mreiter/Desktop/AER201/botL.X/main.asm
                 HOLD_EXE   0x000444    program     static /Users/mreiter/Desktop/AER201/botL.X/main.asm
                  _41Next   0x000450    program     static /Users/mreiter/Desktop/AER201/botL.X/main.asm
                  _41Exit   0x00045c    program     static /Users/mreiter/Desktop/AER201/botL.X/main.asm
                 EXIT_EXE   0x000460    program     static /Users/mreiter/Desktop/AER201/botL.X/main.asm
             _.org_2_047C   0x00047c    program     static /Users/mreiter/Desktop/AER201/botL.X/main.asm
             _.org_2_0494   0x000494    program     static /Users/mreiter/Desktop/AER201/botL.X/main.asm
             _.org_2_04B0   0x0004b0    program     static /Users/mreiter/Desktop/AER201/botL.X/main.asm
             _.org_2_04C8   0x0004c8    program     static /Users/mreiter/Desktop/AER201/botL.X/main.asm
             _.org_2_04E4   0x0004e4    program     static /Users/mreiter/Desktop/AER201/botL.X/main.asm
             _.org_2_04FC   0x0004fc    program     static /Users/mreiter/Desktop/AER201/botL.X/main.asm
             _.org_2_0518   0x000518    program     static /Users/mreiter/Desktop/AER201/botL.X/main.asm
             _.org_2_0530   0x000530    program     static /Users/mreiter/Desktop/AER201/botL.X/main.asm
                 SaveData   0x00053c    program     static /Users/mreiter/Desktop/AER201/botL.X/main.asm
                  _46loop   0x000550    program     static /Users/mreiter/Desktop/AER201/botL.X/main.asm
                ShiftLoop   0x00056e    program     static /Users/mreiter/Desktop/AER201/botL.X/main.asm
             _.org_2_0594   0x000594    program     static /Users/mreiter/Desktop/AER201/botL.X/main.asm
             _.org_2_05AC   0x0005ac    program     static /Users/mreiter/Desktop/AER201/botL.X/main.asm
                      LOG   0x0005d6    program     static /Users/mreiter/Desktop/AER201/botL.X/main.asm
                  _49loop   0x0005ea    program     static /Users/mreiter/Desktop/AER201/botL.X/main.asm
                 HOLD_LOG   0x000606    program     static /Users/mreiter/Desktop/AER201/botL.X/main.asm
                  _50Next   0x000612    program     static /Users/mreiter/Desktop/AER201/botL.X/main.asm
                  _50Exit   0x00061e    program     static /Users/mreiter/Desktop/AER201/botL.X/main.asm
                  _51Next   0x000628    program     static /Users/mreiter/Desktop/AER201/botL.X/main.asm
                  _51Exit   0x000634    program     static /Users/mreiter/Desktop/AER201/botL.X/main.asm
                 LOG_INFO   0x000638    program     static /Users/mreiter/Desktop/AER201/botL.X/main.asm
                  _52loop   0x00064c    program     static /Users/mreiter/Desktop/AER201/botL.X/main.asm
                  _53loop   0x00066a    program     static /Users/mreiter/Desktop/AER201/botL.X/main.asm
            HOLD_LOG_INFO   0x000678    program     static /Users/mreiter/Desktop/AER201/botL.X/main.asm
                  _54Next   0x000684    program     static /Users/mreiter/Desktop/AER201/botL.X/main.asm
                  _54Exit   0x000690    program     static /Users/mreiter/Desktop/AER201/botL.X/main.asm
                 PERM_LOG   0x000694    program     static /Users/mreiter/Desktop/AER201/botL.X/main.asm
                  _55loop   0x0006a8    program     static /Users/mreiter/Desktop/AER201/botL.X/main.asm
                  _56loop   0x0006c6    program     static /Users/mreiter/Desktop/AER201/botL.X/main.asm
            HOLD_PERM_LOG   0x0006d0    program     static /Users/mreiter/Desktop/AER201/botL.X/main.asm
                  _57Next   0x0006dc    program     static /Users/mreiter/Desktop/AER201/botL.X/main.asm
                  _57Exit   0x0006e8    program     static /Users/mreiter/Desktop/AER201/botL.X/main.asm
                  _58Next   0x0006f2    program     static /Users/mreiter/Desktop/AER201/botL.X/main.asm
                  _58Exit   0x0006fe    program     static /Users/mreiter/Desktop/AER201/botL.X/main.asm
                  _59Next   0x000708    program     static /Users/mreiter/Desktop/AER201/botL.X/main.asm
                  _59Exit   0x000714    program     static /Users/mreiter/Desktop/AER201/botL.X/main.asm
                  _60Next   0x00071e    program     static /Users/mreiter/Desktop/AER201/botL.X/main.asm
                  _60Exit   0x00072a    program     static /Users/mreiter/Desktop/AER201/botL.X/main.asm
                  _61Next   0x000734    program     static /Users/mreiter/Desktop/AER201/botL.X/main.asm
                  _61Exit   0x000740    program     static /Users/mreiter/Desktop/AER201/botL.X/main.asm
                  _62Next   0x00074a    program     static /Users/mreiter/Desktop/AER201/botL.X/main.asm
                  _62Exit   0x000756    program     static /Users/mreiter/Desktop/AER201/botL.X/main.asm
                  _63Next   0x000760    program     static /Users/mreiter/Desktop/AER201/botL.X/main.asm
                  _63Exit   0x00076c    program     static /Users/mreiter/Desktop/AER201/botL.X/main.asm
                  _64Next   0x000776    program     static /Users/mreiter/Desktop/AER201/botL.X/main.asm
                  _64Exit   0x000782    program     static /Users/mreiter/Desktop/AER201/botL.X/main.asm
                  _65Next   0x00078c    program     static /Users/mreiter/Desktop/AER201/botL.X/main.asm
                  _65Exit   0x000798    program     static /Users/mreiter/Desktop/AER201/botL.X/main.asm
                  _66Next   0x0007a2    program     static /Users/mreiter/Desktop/AER201/botL.X/main.asm
                  _66Exit   0x0007ae    program     static /Users/mreiter/Desktop/AER201/botL.X/main.asm
                     PLOG   0x0007b2    program     static /Users/mreiter/Desktop/AER201/botL.X/main.asm
                  _67loop   0x0007c6    program     static /Users/mreiter/Desktop/AER201/botL.X/main.asm
               displayNum   0x0007ec    program     static /Users/mreiter/Desktop/AER201/botL.X/main.asm
                HOLD_PLOG   0x000846    program     static /Users/mreiter/Desktop/AER201/botL.X/main.asm
                  _70Next   0x000852    program     static /Users/mreiter/Desktop/AER201/botL.X/main.asm
                  _70Exit   0x00085e    program     static /Users/mreiter/Desktop/AER201/botL.X/main.asm
                  PC_MODE   0x000862    program     static /Users/mreiter/Desktop/AER201/botL.X/main.asm
                  _71loop   0x000876    program     static /Users/mreiter/Desktop/AER201/botL.X/main.asm
                  _72loop   0x000894    program     static /Users/mreiter/Desktop/AER201/botL.X/main.asm
                  HOLD_PC   0x0008aa    program     static /Users/mreiter/Desktop/AER201/botL.X/main.asm
                  _73Next   0x0008b6    program     static /Users/mreiter/Desktop/AER201/botL.X/main.asm
                  _73Exit   0x0008c2    program     static /Users/mreiter/Desktop/AER201/botL.X/main.asm
                  _74Next   0x0008cc    program     static /Users/mreiter/Desktop/AER201/botL.X/main.asm
                  _74Exit   0x0008d8    program     static /Users/mreiter/Desktop/AER201/botL.X/main.asm
              PC_TRANSFER   0x0008dc    program     static /Users/mreiter/Desktop/AER201/botL.X/main.asm
                  _75loop   0x0008f2    program     static /Users/mreiter/Desktop/AER201/botL.X/main.asm
                 RTC_INIT   0x000900    program     static /Users/mreiter/Desktop/AER201/botL.X/main.asm
                SAVE_TIME   0x00090e    program     static /Users/mreiter/Desktop/AER201/botL.X/main.asm
            SAVE_EXE_TIME   0x00096a    program     static /Users/mreiter/Desktop/AER201/botL.X/main.asm
             _.org_2_0986   0x000986    program     static /Users/mreiter/Desktop/AER201/botL.X/main.asm
             _.org_2_099E   0x00099e    program     static /Users/mreiter/Desktop/AER201/botL.X/main.asm
             _.org_2_09C2   0x0009c2    program     static /Users/mreiter/Desktop/AER201/botL.X/main.asm
             _.org_2_09DA   0x0009da    program     static /Users/mreiter/Desktop/AER201/botL.X/main.asm
             _.org_2_09FE   0x0009fe    program     static /Users/mreiter/Desktop/AER201/botL.X/main.asm
             _.org_2_0A16   0x000a16    program     static /Users/mreiter/Desktop/AER201/botL.X/main.asm
              DISPLAY_RTC   0x000a20    program     static /Users/mreiter/Desktop/AER201/botL.X/main.asm
                 SET_TIME   0x000aee    program     static /Users/mreiter/Desktop/AER201/botL.X/main.asm
                del_loop0   0x000af4    program     static /Users/mreiter/Desktop/AER201/botL.X/main.asm
               INIT_USART   0x000b56    program     static /Users/mreiter/Desktop/AER201/botL.X/main.asm
                 Delay5us   0x000b66    program     static /Users/mreiter/Desktop/AER201/botL.X/main.asm
                  loop5us   0x000b6a    program     static /Users/mreiter/Desktop/AER201/botL.X/main.asm
               Delay200us   0x000b74    program     static /Users/mreiter/Desktop/AER201/botL.X/main.asm
                loop200us   0x000b78    program     static /Users/mreiter/Desktop/AER201/botL.X/main.asm
                Delay50ms   0x000b82    program     static /Users/mreiter/Desktop/AER201/botL.X/main.asm
                 loop50ms   0x000b86    program     static /Users/mreiter/Desktop/AER201/botL.X/main.asm
                   Cycles   0x000b8c    program     static /Users/mreiter/Desktop/AER201/botL.X/main.asm
              WriteEE_RTC   0x000b96    program     static /Users/mreiter/Desktop/AER201/botL.X/main.asm
             _.org_2_0BA4   0x000ba4    program     static /Users/mreiter/Desktop/AER201/botL.X/main.asm
             _.org_2_0BBC   0x000bbc    program     static /Users/mreiter/Desktop/AER201/botL.X/main.asm
             _.org_2_0BD2   0x000bd2    program     static /Users/mreiter/Desktop/AER201/botL.X/main.asm
             _.org_2_0BEA   0x000bea    program     static /Users/mreiter/Desktop/AER201/botL.X/main.asm
           ClearEEPROM_21   0x000bf4    program     static /Users/mreiter/Desktop/AER201/botL.X/main.asm
                ClearNext   0x000bfc    program     static /Users/mreiter/Desktop/AER201/botL.X/main.asm
             _.org_2_0C0A   0x000c0a    program     static /Users/mreiter/Desktop/AER201/botL.X/main.asm
             _.org_2_0C22   0x000c22    program     static /Users/mreiter/Desktop/AER201/botL.X/main.asm
                 READ_KEY   0x000c3a    program     static /Users/mreiter/Desktop/AER201/botL.X/main.asm
             _.org_2_0C48   0x000c48    program     static /Users/mreiter/Desktop/AER201/botL.X/main.asm
            READ_KEY_TIME   0x000c4e    program     static /Users/mreiter/Desktop/AER201/botL.X/main.asm
             _.org_2_0C64   0x000c64    program     static /Users/mreiter/Desktop/AER201/botL.X/main.asm
           DisplayExeTime   0x000c6a    program     static /Users/mreiter/Desktop/AER201/botL.X/main.asm
                 _102loop   0x000c94    program     static /Users/mreiter/Desktop/AER201/botL.X/main.asm
        NoSkipDispExeTime   0x000ca8    program     static /Users/mreiter/Desktop/AER201/botL.X/main.asm
          SkipDispExeTime   0x000cfa    program     static /Users/mreiter/Desktop/AER201/botL.X/main.asm
                DispOpRTC   0x000cfc    program     static /Users/mreiter/Desktop/AER201/botL.X/main.asm
                 _107loop   0x000d26    program     static /Users/mreiter/Desktop/AER201/botL.X/main.asm
          NoSkipDispOpRTC   0x000d38    program     static /Users/mreiter/Desktop/AER201/botL.X/main.asm
            SkipDispOpRTC   0x000d98    program     static /Users/mreiter/Desktop/AER201/botL.X/main.asm
         DispOpRTC_Helper   0x000d9a    program     static /Users/mreiter/Desktop/AER201/botL.X/main.asm
                  Welcome   0x000dd4    program     static /Users/mreiter/Desktop/AER201/botL.X/main.asm
                     Team   0x000dda    program     static /Users/mreiter/Desktop/AER201/botL.X/main.asm
                  StandBy   0x000de4    program     static /Users/mreiter/Desktop/AER201/botL.X/main.asm
                     Log1   0x000dec    program     static /Users/mreiter/Desktop/AER201/botL.X/main.asm
                     Log2   0x000df2    program     static /Users/mreiter/Desktop/AER201/botL.X/main.asm
                 LogInfo1   0x000e00    program     static /Users/mreiter/Desktop/AER201/botL.X/main.asm
                 LogInfo2   0x000e08    program     static /Users/mreiter/Desktop/AER201/botL.X/main.asm
                 PermLog1   0x000e12    program     static /Users/mreiter/Desktop/AER201/botL.X/main.asm
                 PermLog2   0x000e22    program     static /Users/mreiter/Desktop/AER201/botL.X/main.asm
                     Exe1   0x000e2e    program     static /Users/mreiter/Desktop/AER201/botL.X/main.asm
                     Exe2   0x000e3a    program     static /Users/mreiter/Desktop/AER201/botL.X/main.asm
                      PC1   0x000e42    program     static /Users/mreiter/Desktop/AER201/botL.X/main.asm
                      PC2   0x000e50    program     static /Users/mreiter/Desktop/AER201/botL.X/main.asm
               PCTransfer   0x000e5a    program     static /Users/mreiter/Desktop/AER201/botL.X/main.asm
                  Stopped   0x000e6a    program     static /Users/mreiter/Desktop/AER201/botL.X/main.asm
                 Exe_Time   0x000e72    program     static /Users/mreiter/Desktop/AER201/botL.X/main.asm
                     SAVE   0x000e7a    program     static /Users/mreiter/Desktop/AER201/botL.X/main.asm
                   Safety   0x000e84    program     static /Users/mreiter/Desktop/AER201/botL.X/main.asm
                   NoData   0x000e94    program     static /Users/mreiter/Desktop/AER201/botL.X/main.asm
                   PCLog1   0x000e98    program     static /Users/mreiter/Desktop/AER201/botL.X/main.asm
                  InitLCD   0x000ea8    program     extern /Users/mreiter/Desktop/AER201/botL.X/lcd.asm
                   WR_INS   0x000f00    program     extern /Users/mreiter/Desktop/AER201/botL.X/lcd.asm
                  WR_DATA   0x000f1c    program     extern /Users/mreiter/Desktop/AER201/botL.X/lcd.asm
                   WrtLCD   0x000f3e    program     extern /Users/mreiter/Desktop/AER201/botL.X/lcd.asm
                   ClrLCD   0x000f54    program     extern /Users/mreiter/Desktop/AER201/botL.X/lcd.asm
                   ClkLCD   0x000f62    program     extern /Users/mreiter/Desktop/AER201/botL.X/lcd.asm
              _.code_00C6   0x000f6e    program     static /Users/mreiter/Desktop/AER201/botL.X/lcd.asm
                   LCD_L1   0x000f74    program     extern /Users/mreiter/Desktop/AER201/botL.X/lcd.asm
                   LCD_L2   0x000f7c    program     extern /Users/mreiter/Desktop/AER201/botL.X/lcd.asm
                   MovMSB   0x000f84    program     static /Users/mreiter/Desktop/AER201/botL.X/lcd.asm
             lcdLongDelay   0x000f8e    program     static /Users/mreiter/Desktop/AER201/botL.X/lcd.asm
                 LLD_LOOP   0x000f92    program     static /Users/mreiter/Desktop/AER201/botL.X/lcd.asm
              _.code_00F0   0x000f98    program     static /Users/mreiter/Desktop/AER201/botL.X/lcd.asm
                delay44us   0x000fa4    program     static /Users/mreiter/Desktop/AER201/botL.X/lcd.asm
            Delay44usLoop   0x000fa8    program     static /Users/mreiter/Desktop/AER201/botL.X/lcd.asm
                 delay5ms   0x000fb0    program     extern /Users/mreiter/Desktop/AER201/botL.X/lcd.asm
             Delay5msLoop   0x000fb8    program     static /Users/mreiter/Desktop/AER201/botL.X/lcd.asm
                       d2   0x000fc0    program     static /Users/mreiter/Desktop/AER201/botL.X/lcd.asm
         i2c_common_setup   0x000fc6    program     extern /Users/mreiter/Desktop/AER201/botL.X/i2c_common.asm
              _.code_001A   0x000fe0    program     static /Users/mreiter/Desktop/AER201/botL.X/i2c_common.asm
                write_rtc   0x000fe6    program     extern /Users/mreiter/Desktop/AER201/botL.X/i2c_common.asm
              _.code_0028   0x000fee    program     static /Users/mreiter/Desktop/AER201/botL.X/i2c_common.asm
              _.code_0030   0x000ff6    program     static /Users/mreiter/Desktop/AER201/botL.X/i2c_common.asm
              _.code_0036   0x000ffc    program     static /Users/mreiter/Desktop/AER201/botL.X/i2c_common.asm
              _.code_0044   0x00100a    program     static /Users/mreiter/Desktop/AER201/botL.X/i2c_common.asm
              _.code_004A   0x001010    program     static /Users/mreiter/Desktop/AER201/botL.X/i2c_common.asm
              _.code_0058   0x00101e    program     static /Users/mreiter/Desktop/AER201/botL.X/i2c_common.asm
              _.code_005E   0x001024    program     static /Users/mreiter/Desktop/AER201/botL.X/i2c_common.asm
              WR_ERR1_RTC   0x001032    program     static /Users/mreiter/Desktop/AER201/botL.X/i2c_common.asm
              WR_ERR2_RTC   0x00103c    program     static /Users/mreiter/Desktop/AER201/botL.X/i2c_common.asm
              WR_ERR3_RTC   0x001048    program     static /Users/mreiter/Desktop/AER201/botL.X/i2c_common.asm
               WR_END_RTC   0x001052    program     static /Users/mreiter/Desktop/AER201/botL.X/i2c_common.asm
              _.code_0090   0x001056    program     static /Users/mreiter/Desktop/AER201/botL.X/i2c_common.asm
                 read_rtc   0x00105c    program     extern /Users/mreiter/Desktop/AER201/botL.X/i2c_common.asm
              _.code_009E   0x001064    program     static /Users/mreiter/Desktop/AER201/botL.X/i2c_common.asm
              _.code_00A6   0x00106c    program     static /Users/mreiter/Desktop/AER201/botL.X/i2c_common.asm
              _.code_00AC   0x001072    program     static /Users/mreiter/Desktop/AER201/botL.X/i2c_common.asm
              _.code_00BA   0x001080    program     static /Users/mreiter/Desktop/AER201/botL.X/i2c_common.asm
              _.code_00C0   0x001086    program     static /Users/mreiter/Desktop/AER201/botL.X/i2c_common.asm
              _.code_00CE   0x001094    program     static /Users/mreiter/Desktop/AER201/botL.X/i2c_common.asm
              _.code_00D6   0x00109c    program     static /Users/mreiter/Desktop/AER201/botL.X/i2c_common.asm
              _.code_00DC   0x0010a2    program     static /Users/mreiter/Desktop/AER201/botL.X/i2c_common.asm
              _.code_00EA   0x0010b0    program     static /Users/mreiter/Desktop/AER201/botL.X/i2c_common.asm
                  _waitl0   0x0010bc    program     static /Users/mreiter/Desktop/AER201/botL.X/i2c_common.asm
              RD_ERR1_RTC   0x0010c6    program     static /Users/mreiter/Desktop/AER201/botL.X/i2c_common.asm
              RD_ERR2_RTC   0x0010d0    program     static /Users/mreiter/Desktop/AER201/botL.X/i2c_common.asm
              RD_ERR3_RTC   0x0010da    program     static /Users/mreiter/Desktop/AER201/botL.X/i2c_common.asm
               RD_END_RTC   0x0010e4    program     static /Users/mreiter/Desktop/AER201/botL.X/i2c_common.asm
              _.code_0122   0x0010e8    program     static /Users/mreiter/Desktop/AER201/botL.X/i2c_common.asm
              rtc_convert   0x0010ee    program     extern /Users/mreiter/Desktop/AER201/botL.X/i2c_common.asm
          READ_COLOUR_I2C   0x001102    program     extern /Users/mreiter/Desktop/AER201/botL.X/i2c_common.asm
              _.code_0144   0x00110a    program     static /Users/mreiter/Desktop/AER201/botL.X/i2c_common.asm
              _.code_014C   0x001112    program     static /Users/mreiter/Desktop/AER201/botL.X/i2c_common.asm
              _.code_0152   0x001118    program     static /Users/mreiter/Desktop/AER201/botL.X/i2c_common.asm
              _.code_0164   0x00112a    program     static /Users/mreiter/Desktop/AER201/botL.X/i2c_common.asm
              _.code_016A   0x001130    program     static /Users/mreiter/Desktop/AER201/botL.X/i2c_common.asm
              _.code_0178   0x00113e    program     static /Users/mreiter/Desktop/AER201/botL.X/i2c_common.asm
              _.code_0180   0x001146    program     static /Users/mreiter/Desktop/AER201/botL.X/i2c_common.asm
              _.code_0186   0x00114c    program     static /Users/mreiter/Desktop/AER201/botL.X/i2c_common.asm
              _.code_0194   0x00115a    program     static /Users/mreiter/Desktop/AER201/botL.X/i2c_common.asm
              _.code_01A2   0x001168    program     static /Users/mreiter/Desktop/AER201/botL.X/i2c_common.asm
              _.code_01A8   0x00116e    program     static /Users/mreiter/Desktop/AER201/botL.X/i2c_common.asm
                  _waitl1   0x00117a    program     static /Users/mreiter/Desktop/AER201/botL.X/i2c_common.asm
                  RD_ERR1   0x001184    program     static /Users/mreiter/Desktop/AER201/botL.X/i2c_common.asm
                  RD_ERR2   0x00118e    program     static /Users/mreiter/Desktop/AER201/botL.X/i2c_common.asm
                  RD_ERR3   0x001198    program     static /Users/mreiter/Desktop/AER201/botL.X/i2c_common.asm
                   RD_END   0x0011a2    program     static /Users/mreiter/Desktop/AER201/botL.X/i2c_common.asm
              _.code_01E0   0x0011a6    program     static /Users/mreiter/Desktop/AER201/botL.X/i2c_common.asm
         WRITE_COLOUR_I2C   0x0011ac    program     extern /Users/mreiter/Desktop/AER201/botL.X/i2c_common.asm
              _.code_01EE   0x0011b4    program     static /Users/mreiter/Desktop/AER201/botL.X/i2c_common.asm
              _.code_01F6   0x0011bc    program     static /Users/mreiter/Desktop/AER201/botL.X/i2c_common.asm
              _.code_01FC   0x0011c2    program     static /Users/mreiter/Desktop/AER201/botL.X/i2c_common.asm
              _.code_020E   0x0011d4    program     static /Users/mreiter/Desktop/AER201/botL.X/i2c_common.asm
              _.code_0214   0x0011da    program     static /Users/mreiter/Desktop/AER201/botL.X/i2c_common.asm
              _.code_0224   0x0011ea    program     static /Users/mreiter/Desktop/AER201/botL.X/i2c_common.asm
              _.code_022A   0x0011f0    program     static /Users/mreiter/Desktop/AER201/botL.X/i2c_common.asm
                  WR_ERR1   0x0011fe    program     static /Users/mreiter/Desktop/AER201/botL.X/i2c_common.asm
                  WR_ERR2   0x001208    program     static /Users/mreiter/Desktop/AER201/botL.X/i2c_common.asm
                  WR_ERR3   0x001214    program     static /Users/mreiter/Desktop/AER201/botL.X/i2c_common.asm
                   WR_END   0x00121e    program     static /Users/mreiter/Desktop/AER201/botL.X/i2c_common.asm
              _.code_025C   0x001222    program     static /Users/mreiter/Desktop/AER201/botL.X/i2c_common.asm
                CHECK_ACK   0x001228    program     extern /Users/mreiter/Desktop/AER201/botL.X/i2c.asm
                 I2C_temp   0x001228    program     static /Users/mreiter/Desktop/AER201/botL.X/i2c.asm
                I2C_ACKDT   0x001228    program     extern /Users/mreiter/Desktop/AER201/botL.X/i2c.asm
               CHECK_NACK   0x00122c    program     extern /Users/mreiter/Desktop/AER201/botL.X/i2c.asm
                TEST_NACK   0x001230    program     static /Users/mreiter/Desktop/AER201/botL.X/i2c.asm
          I2C_Master_INIT   0x001238    program     extern /Users/mreiter/Desktop/AER201/botL.X/i2c.asm
                     WAIT   0x00124a    program     static /Users/mreiter/Desktop/AER201/botL.X/i2c.asm
          I2C_Master_WAIT   0x00124a    program     extern /Users/mreiter/Desktop/AER201/botL.X/i2c.asm
         I2C_Master_START   0x00125a    program     extern /Users/mreiter/Desktop/AER201/botL.X/i2c.asm
        I2C_Master_RSTART   0x001262    program     extern /Users/mreiter/Desktop/AER201/botL.X/i2c.asm
          I2C_Master_STOP   0x00126a    program     extern /Users/mreiter/Desktop/AER201/botL.X/i2c.asm
         I2C_Master_WRITE   0x001272    program     extern /Users/mreiter/Desktop/AER201/botL.X/i2c.asm
                  HOLD_UP   0x001278    program     static /Users/mreiter/Desktop/AER201/botL.X/i2c.asm
          I2C_Master_READ   0x001280    program     extern /Users/mreiter/Desktop/AER201/botL.X/i2c.asm
                     LOOP   0x001286    program     static /Users/mreiter/Desktop/AER201/botL.X/i2c.asm
           I2C_Master_ACK   0x00128e    program     extern /Users/mreiter/Desktop/AER201/botL.X/i2c.asm
                 TEST_ACK   0x001292    program     static /Users/mreiter/Desktop/AER201/botL.X/i2c.asm
               regaddress   0x000080       data     extern /Users/mreiter/Desktop/AER201/botL.X/i2c_common.asm
                 databyte   0x000081       data     extern /Users/mreiter/Desktop/AER201/botL.X/i2c_common.asm
                 datachar   0x000082       data     extern /Users/mreiter/Desktop/AER201/botL.X/i2c_common.asm
             data_colourL   0x000083       data     extern /Users/mreiter/Desktop/AER201/botL.X/i2c_common.asm
             data_colourH   0x000084       data     extern /Users/mreiter/Desktop/AER201/botL.X/i2c_common.asm
               tens_digit   0x000085       data     extern /Users/mreiter/Desktop/AER201/botL.X/i2c_common.asm
               ones_digit   0x000086       data     extern /Users/mreiter/Desktop/AER201/botL.X/i2c_common.asm
           convert_buffer   0x000087       data     extern /Users/mreiter/Desktop/AER201/botL.X/i2c_common.asm
                  d50ms_C   0x000088       data     extern /Users/mreiter/Desktop/AER201/botL.X/i2c_common.asm
                 d200us_C   0x000089       data     extern /Users/mreiter/Desktop/AER201/botL.X/i2c_common.asm


