MPLINK 5.08, LINKER
Linker Map File - Created Sun Feb 26 10:29:18 2017

                                 Section Info
                  Section       Type    Address   Location Size(Bytes)
                ---------  ---------  ---------  ---------  ---------
                   .org_0       code   0x000000    program   0x000004
                   .cinit    romdata   0x000004    program   0x000002
                   .org_1       code   0x000008    program   0x000004
                   .org_2       code   0x000018    program   0x000da4
                    .code       code   0x000dbc    program   0x0005ca
.config_300001_BUILD/DEFAULT/PRODUCTION/MAIN.O    romdata   0x300001    program   0x000001
.config_300002_BUILD/DEFAULT/PRODUCTION/MAIN.O    romdata   0x300002    program   0x000001
.config_300003_BUILD/DEFAULT/PRODUCTION/MAIN.O    romdata   0x300003    program   0x000001
.config_300005_BUILD/DEFAULT/PRODUCTION/MAIN.O    romdata   0x300005    program   0x000001
.config_300006_BUILD/DEFAULT/PRODUCTION/MAIN.O    romdata   0x300006    program   0x000001
.config_300008_BUILD/DEFAULT/PRODUCTION/MAIN.O    romdata   0x300008    program   0x000001
.config_300009_BUILD/DEFAULT/PRODUCTION/MAIN.O    romdata   0x300009    program   0x000001
.config_30000A_BUILD/DEFAULT/PRODUCTION/MAIN.O    romdata   0x30000a    program   0x000001
.config_30000B_BUILD/DEFAULT/PRODUCTION/MAIN.O    romdata   0x30000b    program   0x000001
.config_30000C_BUILD/DEFAULT/PRODUCTION/MAIN.O    romdata   0x30000c    program   0x000001
.config_30000D_BUILD/DEFAULT/PRODUCTION/MAIN.O    romdata   0x30000d    program   0x000001
                   .udata      udata   0x000080       data   0x000008



                              Program Memory Usage 
                               Start         End      
                           ---------   ---------      
                            0x000000    0x000005      
                            0x000008    0x00000b      
                            0x000018    0x001385      
                            0x300001    0x300003      
                            0x300005    0x300006      
                            0x300008    0x30000d      
            4995 out of 66584 program addresses used, program memory utilization is 7%



                              Symbols - Sorted by Name
                     Name    Address   Location    Storage File                     
                ---------  ---------  ---------  --------- ---------                
             ARDUINO_INIT   0x000840    program     static /Users/mreiter/Desktop/AER201/botL.X/main.asm
                CHECK_ACK   0x001316    program     extern /Users/mreiter/Desktop/AER201/botL.X/i2c.asm
               CHECK_NACK   0x00131a    program     extern /Users/mreiter/Desktop/AER201/botL.X/i2c.asm
              COLOUR_TEST   0x0002f8    program     static /Users/mreiter/Desktop/AER201/botL.X/main.asm
           ClearEEPROM_21   0x000bdc    program     static /Users/mreiter/Desktop/AER201/botL.X/main.asm
                ClearNext   0x000be4    program     static /Users/mreiter/Desktop/AER201/botL.X/main.asm
                   ClkLCD   0x000f54    program     extern /Users/mreiter/Desktop/AER201/botL.X/lcd.asm
                   ClrLCD   0x000f46    program     extern /Users/mreiter/Desktop/AER201/botL.X/lcd.asm
                   Cycles   0x000b74    program     static /Users/mreiter/Desktop/AER201/botL.X/main.asm
              DISPLAY_RTC   0x00096c    program     static /Users/mreiter/Desktop/AER201/botL.X/main.asm
                DataUSART   0x000ac2    program     static /Users/mreiter/Desktop/AER201/botL.X/main.asm
               Delay200us   0x000b5c    program     static /Users/mreiter/Desktop/AER201/botL.X/main.asm
            Delay44usLoop   0x000f9a    program     static /Users/mreiter/Desktop/AER201/botL.X/lcd.asm
                Delay50ms   0x000b6a    program     static /Users/mreiter/Desktop/AER201/botL.X/main.asm
             Delay5msLoop   0x000faa    program     static /Users/mreiter/Desktop/AER201/botL.X/lcd.asm
                 Delay5us   0x000b4e    program     static /Users/mreiter/Desktop/AER201/botL.X/main.asm
                DispOpRTC   0x000ce4    program     static /Users/mreiter/Desktop/AER201/botL.X/main.asm
         DispOpRTC_Helper   0x000d82    program     static /Users/mreiter/Desktop/AER201/botL.X/main.asm
           DisplayExeTime   0x000c52    program     static /Users/mreiter/Desktop/AER201/botL.X/main.asm
             END_ISR_HIGH   0x0000cc    program     static /Users/mreiter/Desktop/AER201/botL.X/main.asm
              END_ISR_LOW   0x0000f2    program     static /Users/mreiter/Desktop/AER201/botL.X/main.asm
                EXECUTION   0x00032e    program     static /Users/mreiter/Desktop/AER201/botL.X/main.asm
                 EXIT_EXE   0x00039c    program     static /Users/mreiter/Desktop/AER201/botL.X/main.asm
                     Exe1   0x000e16    program     static /Users/mreiter/Desktop/AER201/botL.X/main.asm
                     Exe2   0x000e22    program     static /Users/mreiter/Desktop/AER201/botL.X/main.asm
                 Exe_Time   0x000e64    program     static /Users/mreiter/Desktop/AER201/botL.X/main.asm
                 HOLD_EXE   0x000380    program     static /Users/mreiter/Desktop/AER201/botL.X/main.asm
                 HOLD_LOG   0x000542    program     static /Users/mreiter/Desktop/AER201/botL.X/main.asm
            HOLD_LOG_INFO   0x0005b4    program     static /Users/mreiter/Desktop/AER201/botL.X/main.asm
                  HOLD_PC   0x0007e6    program     static /Users/mreiter/Desktop/AER201/botL.X/main.asm
            HOLD_PERM_LOG   0x00060c    program     static /Users/mreiter/Desktop/AER201/botL.X/main.asm
                HOLD_PLOG   0x000782    program     static /Users/mreiter/Desktop/AER201/botL.X/main.asm
             HOLD_STANDBY   0x00020a    program     static /Users/mreiter/Desktop/AER201/botL.X/main.asm
                  HOLD_UP   0x001366    program     static /Users/mreiter/Desktop/AER201/botL.X/i2c.asm
                I2C_ACKDT   0x001316    program     extern /Users/mreiter/Desktop/AER201/botL.X/i2c.asm
           I2C_Master_ACK   0x00137c    program     extern /Users/mreiter/Desktop/AER201/botL.X/i2c.asm
          I2C_Master_INIT   0x001326    program     extern /Users/mreiter/Desktop/AER201/botL.X/i2c.asm
          I2C_Master_READ   0x00136e    program     extern /Users/mreiter/Desktop/AER201/botL.X/i2c.asm
        I2C_Master_RSTART   0x001350    program     extern /Users/mreiter/Desktop/AER201/botL.X/i2c.asm
         I2C_Master_START   0x001348    program     extern /Users/mreiter/Desktop/AER201/botL.X/i2c.asm
          I2C_Master_STOP   0x001358    program     extern /Users/mreiter/Desktop/AER201/botL.X/i2c.asm
          I2C_Master_WAIT   0x001338    program     extern /Users/mreiter/Desktop/AER201/botL.X/i2c.asm
         I2C_Master_WRITE   0x001360    program     extern /Users/mreiter/Desktop/AER201/botL.X/i2c.asm
                 I2C_temp   0x001316    program     static /Users/mreiter/Desktop/AER201/botL.X/i2c.asm
                     INIT   0x0000fc    program     static /Users/mreiter/Desktop/AER201/botL.X/main.asm
             INIT_ARDUINO   0x00129e    program     extern /Users/mreiter/Desktop/AER201/botL.X/i2c_common.asm
                 INIT_RTC   0x001120    program     extern /Users/mreiter/Desktop/AER201/botL.X/i2c_common.asm
               INIT_USART   0x000aae    program     static /Users/mreiter/Desktop/AER201/botL.X/main.asm
                  IR_TEST   0x0002aa    program     static /Users/mreiter/Desktop/AER201/botL.X/main.asm
                 ISR_HIGH   0x00001c    program     static /Users/mreiter/Desktop/AER201/botL.X/main.asm
                  ISR_LOW   0x0000d6    program     static /Users/mreiter/Desktop/AER201/botL.X/main.asm
                  InitLCD   0x000e9a    program     extern /Users/mreiter/Desktop/AER201/botL.X/lcd.asm
                   LCD_L1   0x000f66    program     extern /Users/mreiter/Desktop/AER201/botL.X/lcd.asm
                   LCD_L2   0x000f6e    program     extern /Users/mreiter/Desktop/AER201/botL.X/lcd.asm
                 LLD_LOOP   0x000f84    program     static /Users/mreiter/Desktop/AER201/botL.X/lcd.asm
                      LOG   0x000512    program     static /Users/mreiter/Desktop/AER201/botL.X/main.asm
                 LOG_INFO   0x000574    program     static /Users/mreiter/Desktop/AER201/botL.X/main.asm
                     LOOP   0x001374    program     static /Users/mreiter/Desktop/AER201/botL.X/i2c.asm
                  LOOPING   0x0002f8    program     static /Users/mreiter/Desktop/AER201/botL.X/main.asm
                     Log1   0x000dd4    program     static /Users/mreiter/Desktop/AER201/botL.X/main.asm
                     Log2   0x000dda    program     static /Users/mreiter/Desktop/AER201/botL.X/main.asm
                 LogInfo1   0x000de8    program     static /Users/mreiter/Desktop/AER201/botL.X/main.asm
                 LogInfo2   0x000df0    program     static /Users/mreiter/Desktop/AER201/botL.X/main.asm
                   MovMSB   0x000f76    program     static /Users/mreiter/Desktop/AER201/botL.X/lcd.asm
                   NoData   0x000e86    program     static /Users/mreiter/Desktop/AER201/botL.X/main.asm
        NoSkipDispExeTime   0x000c90    program     static /Users/mreiter/Desktop/AER201/botL.X/main.asm
          NoSkipDispOpRTC   0x000d20    program     static /Users/mreiter/Desktop/AER201/botL.X/main.asm
                      PC1   0x000e2a    program     static /Users/mreiter/Desktop/AER201/botL.X/main.asm
                      PC2   0x000e38    program     static /Users/mreiter/Desktop/AER201/botL.X/main.asm
               PCComplete   0x000e52    program     static /Users/mreiter/Desktop/AER201/botL.X/main.asm
                   PCLog1   0x000e8a    program     static /Users/mreiter/Desktop/AER201/botL.X/main.asm
               PCTransfer   0x000e42    program     static /Users/mreiter/Desktop/AER201/botL.X/main.asm
                  PC_MODE   0x00079e    program     static /Users/mreiter/Desktop/AER201/botL.X/main.asm
              PC_TRANSFER   0x000818    program     static /Users/mreiter/Desktop/AER201/botL.X/main.asm
                 PERM_LOG   0x0005d0    program     static /Users/mreiter/Desktop/AER201/botL.X/main.asm
                     PLOG   0x0006ee    program     static /Users/mreiter/Desktop/AER201/botL.X/main.asm
                 PermLog1   0x000dfa    program     static /Users/mreiter/Desktop/AER201/botL.X/main.asm
                 PermLog2   0x000e0a    program     static /Users/mreiter/Desktop/AER201/botL.X/main.asm
                   RD_END   0x00120a    program     static /Users/mreiter/Desktop/AER201/botL.X/i2c_common.asm
               RD_END_RTC   0x001100    program     static /Users/mreiter/Desktop/AER201/botL.X/i2c_common.asm
                  RD_ERR1   0x0011ec    program     static /Users/mreiter/Desktop/AER201/botL.X/i2c_common.asm
              RD_ERR1_RTC   0x0010e2    program     static /Users/mreiter/Desktop/AER201/botL.X/i2c_common.asm
                  RD_ERR2   0x0011f6    program     static /Users/mreiter/Desktop/AER201/botL.X/i2c_common.asm
              RD_ERR2_RTC   0x0010ec    program     static /Users/mreiter/Desktop/AER201/botL.X/i2c_common.asm
                  RD_ERR3   0x001200    program     static /Users/mreiter/Desktop/AER201/botL.X/i2c_common.asm
              RD_ERR3_RTC   0x0010f6    program     static /Users/mreiter/Desktop/AER201/botL.X/i2c_common.asm
             READ_ARDUINO   0x0012cc    program     extern /Users/mreiter/Desktop/AER201/botL.X/i2c_common.asm
          READ_COLOUR_I2C   0x00116c    program     extern /Users/mreiter/Desktop/AER201/botL.X/i2c_common.asm
                 READ_KEY   0x000c22    program     static /Users/mreiter/Desktop/AER201/botL.X/main.asm
            READ_KEY_TIME   0x000c36    program     static /Users/mreiter/Desktop/AER201/botL.X/main.asm
                 RTC_INIT   0x000842    program     static /Users/mreiter/Desktop/AER201/botL.X/main.asm
                     SAVE   0x000e6c    program     static /Users/mreiter/Desktop/AER201/botL.X/main.asm
            SAVE_EXE_TIME   0x0008b6    program     static /Users/mreiter/Desktop/AER201/botL.X/main.asm
                SAVE_TIME   0x000850    program     static /Users/mreiter/Desktop/AER201/botL.X/main.asm
                 SET_TIME   0x000a46    program     static /Users/mreiter/Desktop/AER201/botL.X/main.asm
                  STANDBY   0x0001ec    program     static /Users/mreiter/Desktop/AER201/botL.X/main.asm
                STEP_TEST   0x0002d6    program     static /Users/mreiter/Desktop/AER201/botL.X/main.asm
                   Safety   0x000e76    program     static /Users/mreiter/Desktop/AER201/botL.X/main.asm
                 SaveData   0x000478    program     static /Users/mreiter/Desktop/AER201/botL.X/main.asm
                ShiftLoop   0x0004aa    program     static /Users/mreiter/Desktop/AER201/botL.X/main.asm
          SkipDispExeTime   0x000ce2    program     static /Users/mreiter/Desktop/AER201/botL.X/main.asm
            SkipDispOpRTC   0x000d80    program     static /Users/mreiter/Desktop/AER201/botL.X/main.asm
                  StandBy   0x000dcc    program     static /Users/mreiter/Desktop/AER201/botL.X/main.asm
                  Stopped   0x000e5c    program     static /Users/mreiter/Desktop/AER201/botL.X/main.asm
                 TEST_ACK   0x001380    program     static /Users/mreiter/Desktop/AER201/botL.X/i2c.asm
                TEST_NACK   0x00131e    program     static /Users/mreiter/Desktop/AER201/botL.X/i2c.asm
            TRANSFER_DATA   0x000adc    program     static /Users/mreiter/Desktop/AER201/botL.X/main.asm
            TRANSFER_LOGS   0x000ad2    program     static /Users/mreiter/Desktop/AER201/botL.X/main.asm
                     Team   0x000dc2    program     static /Users/mreiter/Desktop/AER201/botL.X/main.asm
               USART_LINE   0x000b40    program     static /Users/mreiter/Desktop/AER201/botL.X/main.asm
               USART_WAIT   0x000b36    program     static /Users/mreiter/Desktop/AER201/botL.X/main.asm
                     WAIT   0x001338    program     static /Users/mreiter/Desktop/AER201/botL.X/i2c.asm
         WRITE_COLOUR_I2C   0x001214    program     extern /Users/mreiter/Desktop/AER201/botL.X/i2c_common.asm
                  WR_DATA   0x000f0e    program     extern /Users/mreiter/Desktop/AER201/botL.X/lcd.asm
                   WR_END   0x001294    program     static /Users/mreiter/Desktop/AER201/botL.X/i2c_common.asm
               WR_END_RTC   0x001056    program     static /Users/mreiter/Desktop/AER201/botL.X/i2c_common.asm
                  WR_ERR1   0x001274    program     static /Users/mreiter/Desktop/AER201/botL.X/i2c_common.asm
              WR_ERR1_RTC   0x001036    program     static /Users/mreiter/Desktop/AER201/botL.X/i2c_common.asm
                  WR_ERR2   0x00127e    program     static /Users/mreiter/Desktop/AER201/botL.X/i2c_common.asm
              WR_ERR2_RTC   0x001040    program     static /Users/mreiter/Desktop/AER201/botL.X/i2c_common.asm
                  WR_ERR3   0x00128a    program     static /Users/mreiter/Desktop/AER201/botL.X/i2c_common.asm
              WR_ERR3_RTC   0x00104c    program     static /Users/mreiter/Desktop/AER201/botL.X/i2c_common.asm
                   WR_INS   0x000ef2    program     extern /Users/mreiter/Desktop/AER201/botL.X/lcd.asm
                  Welcome   0x000dbc    program     static /Users/mreiter/Desktop/AER201/botL.X/main.asm
              WriteEE_RTC   0x000b7e    program     static /Users/mreiter/Desktop/AER201/botL.X/main.asm
                   WrtLCD   0x000f30    program     extern /Users/mreiter/Desktop/AER201/botL.X/lcd.asm
              _.code_001C   0x000fd4    program     static /Users/mreiter/Desktop/AER201/botL.X/i2c_common.asm
              _.code_002A   0x000fe2    program     static /Users/mreiter/Desktop/AER201/botL.X/i2c_common.asm
              _.code_0032   0x000fea    program     static /Users/mreiter/Desktop/AER201/botL.X/i2c_common.asm
              _.code_0038   0x000ff0    program     static /Users/mreiter/Desktop/AER201/botL.X/i2c_common.asm
              _.code_004C   0x001004    program     static /Users/mreiter/Desktop/AER201/botL.X/i2c_common.asm
              _.code_0052   0x00100a    program     static /Users/mreiter/Desktop/AER201/botL.X/i2c_common.asm
              _.code_0066   0x00101e    program     static /Users/mreiter/Desktop/AER201/botL.X/i2c_common.asm
              _.code_006C   0x001024    program     static /Users/mreiter/Desktop/AER201/botL.X/i2c_common.asm
              _.code_00A2   0x00105a    program     static /Users/mreiter/Desktop/AER201/botL.X/i2c_common.asm
              _.code_00B0   0x001068    program     static /Users/mreiter/Desktop/AER201/botL.X/i2c_common.asm
              _.code_00B8   0x001070    program     static /Users/mreiter/Desktop/AER201/botL.X/i2c_common.asm
              _.code_00BE   0x001076    program     static /Users/mreiter/Desktop/AER201/botL.X/i2c_common.asm
              _.code_00C6   0x000f60    program     static /Users/mreiter/Desktop/AER201/botL.X/lcd.asm
              _.code_00D2   0x00108a    program     static /Users/mreiter/Desktop/AER201/botL.X/i2c_common.asm
              _.code_00D8   0x001090    program     static /Users/mreiter/Desktop/AER201/botL.X/i2c_common.asm
              _.code_00EE   0x0010a6    program     static /Users/mreiter/Desktop/AER201/botL.X/i2c_common.asm
              _.code_00F0   0x000f8a    program     static /Users/mreiter/Desktop/AER201/botL.X/lcd.asm
              _.code_00F6   0x0010ae    program     static /Users/mreiter/Desktop/AER201/botL.X/i2c_common.asm
              _.code_00FC   0x0010b4    program     static /Users/mreiter/Desktop/AER201/botL.X/i2c_common.asm
              _.code_010E   0x0010c6    program     static /Users/mreiter/Desktop/AER201/botL.X/i2c_common.asm
              _.code_014C   0x001104    program     static /Users/mreiter/Desktop/AER201/botL.X/i2c_common.asm
              _.code_0170   0x001128    program     static /Users/mreiter/Desktop/AER201/botL.X/i2c_common.asm
              _.code_0178   0x001130    program     static /Users/mreiter/Desktop/AER201/botL.X/i2c_common.asm
              _.code_017E   0x001136    program     static /Users/mreiter/Desktop/AER201/botL.X/i2c_common.asm
              _.code_018A   0x001142    program     static /Users/mreiter/Desktop/AER201/botL.X/i2c_common.asm
              _.code_0190   0x001148    program     static /Users/mreiter/Desktop/AER201/botL.X/i2c_common.asm
              _.code_019C   0x001154    program     static /Users/mreiter/Desktop/AER201/botL.X/i2c_common.asm
              _.code_01A2   0x00115a    program     static /Users/mreiter/Desktop/AER201/botL.X/i2c_common.asm
              _.code_01AE   0x001166    program     static /Users/mreiter/Desktop/AER201/botL.X/i2c_common.asm
              _.code_01BC   0x001174    program     static /Users/mreiter/Desktop/AER201/botL.X/i2c_common.asm
              _.code_01C4   0x00117c    program     static /Users/mreiter/Desktop/AER201/botL.X/i2c_common.asm
              _.code_01CA   0x001182    program     static /Users/mreiter/Desktop/AER201/botL.X/i2c_common.asm
              _.code_01E0   0x001198    program     static /Users/mreiter/Desktop/AER201/botL.X/i2c_common.asm
              _.code_01E6   0x00119e    program     static /Users/mreiter/Desktop/AER201/botL.X/i2c_common.asm
              _.code_01F8   0x0011b0    program     static /Users/mreiter/Desktop/AER201/botL.X/i2c_common.asm
              _.code_0200   0x0011b8    program     static /Users/mreiter/Desktop/AER201/botL.X/i2c_common.asm
              _.code_0206   0x0011be    program     static /Users/mreiter/Desktop/AER201/botL.X/i2c_common.asm
              _.code_0218   0x0011d0    program     static /Users/mreiter/Desktop/AER201/botL.X/i2c_common.asm
              _.code_0256   0x00120e    program     static /Users/mreiter/Desktop/AER201/botL.X/i2c_common.asm
              _.code_0264   0x00121c    program     static /Users/mreiter/Desktop/AER201/botL.X/i2c_common.asm
              _.code_026C   0x001224    program     static /Users/mreiter/Desktop/AER201/botL.X/i2c_common.asm
              _.code_0272   0x00122a    program     static /Users/mreiter/Desktop/AER201/botL.X/i2c_common.asm
              _.code_0288   0x001240    program     static /Users/mreiter/Desktop/AER201/botL.X/i2c_common.asm
              _.code_028E   0x001246    program     static /Users/mreiter/Desktop/AER201/botL.X/i2c_common.asm
              _.code_02A4   0x00125c    program     static /Users/mreiter/Desktop/AER201/botL.X/i2c_common.asm
              _.code_02AA   0x001262    program     static /Users/mreiter/Desktop/AER201/botL.X/i2c_common.asm
              _.code_02E0   0x001298    program     static /Users/mreiter/Desktop/AER201/botL.X/i2c_common.asm
              _.code_02EE   0x0012a6    program     static /Users/mreiter/Desktop/AER201/botL.X/i2c_common.asm
              _.code_02F6   0x0012ae    program     static /Users/mreiter/Desktop/AER201/botL.X/i2c_common.asm
              _.code_02FC   0x0012b4    program     static /Users/mreiter/Desktop/AER201/botL.X/i2c_common.asm
              _.code_030E   0x0012c6    program     static /Users/mreiter/Desktop/AER201/botL.X/i2c_common.asm
              _.code_031C   0x0012d4    program     static /Users/mreiter/Desktop/AER201/botL.X/i2c_common.asm
              _.code_0324   0x0012dc    program     static /Users/mreiter/Desktop/AER201/botL.X/i2c_common.asm
              _.code_032C   0x0012e4    program     static /Users/mreiter/Desktop/AER201/botL.X/i2c_common.asm
              _.code_0332   0x0012ea    program     static /Users/mreiter/Desktop/AER201/botL.X/i2c_common.asm
              _.code_033E   0x0012f6    program     static /Users/mreiter/Desktop/AER201/botL.X/i2c_common.asm
              _.code_0358   0x001310    program     static /Users/mreiter/Desktop/AER201/botL.X/i2c_common.asm
             _.org_2_03B8   0x0003b8    program     static /Users/mreiter/Desktop/AER201/botL.X/main.asm
             _.org_2_03D0   0x0003d0    program     static /Users/mreiter/Desktop/AER201/botL.X/main.asm
             _.org_2_03EC   0x0003ec    program     static /Users/mreiter/Desktop/AER201/botL.X/main.asm
             _.org_2_0404   0x000404    program     static /Users/mreiter/Desktop/AER201/botL.X/main.asm
             _.org_2_0420   0x000420    program     static /Users/mreiter/Desktop/AER201/botL.X/main.asm
             _.org_2_0438   0x000438    program     static /Users/mreiter/Desktop/AER201/botL.X/main.asm
             _.org_2_0454   0x000454    program     static /Users/mreiter/Desktop/AER201/botL.X/main.asm
             _.org_2_046C   0x00046c    program     static /Users/mreiter/Desktop/AER201/botL.X/main.asm
             _.org_2_04D0   0x0004d0    program     static /Users/mreiter/Desktop/AER201/botL.X/main.asm
             _.org_2_04E8   0x0004e8    program     static /Users/mreiter/Desktop/AER201/botL.X/main.asm
             _.org_2_08D2   0x0008d2    program     static /Users/mreiter/Desktop/AER201/botL.X/main.asm
             _.org_2_08EA   0x0008ea    program     static /Users/mreiter/Desktop/AER201/botL.X/main.asm
             _.org_2_090E   0x00090e    program     static /Users/mreiter/Desktop/AER201/botL.X/main.asm
             _.org_2_0926   0x000926    program     static /Users/mreiter/Desktop/AER201/botL.X/main.asm
             _.org_2_094A   0x00094a    program     static /Users/mreiter/Desktop/AER201/botL.X/main.asm
             _.org_2_0962   0x000962    program     static /Users/mreiter/Desktop/AER201/botL.X/main.asm
             _.org_2_0B3A   0x000b3a    program     static /Users/mreiter/Desktop/AER201/botL.X/main.asm
             _.org_2_0B8C   0x000b8c    program     static /Users/mreiter/Desktop/AER201/botL.X/main.asm
             _.org_2_0BA4   0x000ba4    program     static /Users/mreiter/Desktop/AER201/botL.X/main.asm
             _.org_2_0BBA   0x000bba    program     static /Users/mreiter/Desktop/AER201/botL.X/main.asm
             _.org_2_0BD2   0x000bd2    program     static /Users/mreiter/Desktop/AER201/botL.X/main.asm
             _.org_2_0BF2   0x000bf2    program     static /Users/mreiter/Desktop/AER201/botL.X/main.asm
             _.org_2_0C0A   0x000c0a    program     static /Users/mreiter/Desktop/AER201/botL.X/main.asm
             _.org_2_0C30   0x000c30    program     static /Users/mreiter/Desktop/AER201/botL.X/main.asm
             _.org_2_0C4C   0x000c4c    program     static /Users/mreiter/Desktop/AER201/botL.X/main.asm
                  _10loop   0x0001e2    program     static /Users/mreiter/Desktop/AER201/botL.X/main.asm
                  _11loop   0x000200    program     static /Users/mreiter/Desktop/AER201/botL.X/main.asm
                  _12Exit   0x000222    program     static /Users/mreiter/Desktop/AER201/botL.X/main.asm
                  _12Next   0x000216    program     static /Users/mreiter/Desktop/AER201/botL.X/main.asm
                  _13Exit   0x000238    program     static /Users/mreiter/Desktop/AER201/botL.X/main.asm
                  _13Next   0x00022c    program     static /Users/mreiter/Desktop/AER201/botL.X/main.asm
                  _14Exit   0x00024e    program     static /Users/mreiter/Desktop/AER201/botL.X/main.asm
                  _14Next   0x000242    program     static /Users/mreiter/Desktop/AER201/botL.X/main.asm
                  _15Exit   0x000264    program     static /Users/mreiter/Desktop/AER201/botL.X/main.asm
                  _15Next   0x000258    program     static /Users/mreiter/Desktop/AER201/botL.X/main.asm
                  _16Exit   0x00027a    program     static /Users/mreiter/Desktop/AER201/botL.X/main.asm
                  _16Next   0x00026e    program     static /Users/mreiter/Desktop/AER201/botL.X/main.asm
                  _17Exit   0x000290    program     static /Users/mreiter/Desktop/AER201/botL.X/main.asm
                  _17Next   0x000284    program     static /Users/mreiter/Desktop/AER201/botL.X/main.asm
                  _18Exit   0x0002a6    program     static /Users/mreiter/Desktop/AER201/botL.X/main.asm
                  _18Next   0x00029a    program     static /Users/mreiter/Desktop/AER201/botL.X/main.asm
                  _19loop   0x0002b8    program     static /Users/mreiter/Desktop/AER201/botL.X/main.asm
                  _20loop   0x0002ca    program     static /Users/mreiter/Desktop/AER201/botL.X/main.asm
                  _21loop   0x0002fc    program     static /Users/mreiter/Desktop/AER201/botL.X/main.asm
                  _22loop   0x000314    program     static /Users/mreiter/Desktop/AER201/botL.X/main.asm
                  _23loop   0x00034c    program     static /Users/mreiter/Desktop/AER201/botL.X/main.asm
                  _24Exit   0x000398    program     static /Users/mreiter/Desktop/AER201/botL.X/main.asm
                  _24Next   0x00038c    program     static /Users/mreiter/Desktop/AER201/botL.X/main.asm
                  _29loop   0x00048c    program     static /Users/mreiter/Desktop/AER201/botL.X/main.asm
                 _2endBCD   0x000098    program     static /Users/mreiter/Desktop/AER201/botL.X/main.asm
                   _2ones   0x000092    program     static /Users/mreiter/Desktop/AER201/botL.X/main.asm
                  _32loop   0x000526    program     static /Users/mreiter/Desktop/AER201/botL.X/main.asm
                  _33Exit   0x00055a    program     static /Users/mreiter/Desktop/AER201/botL.X/main.asm
                  _33Next   0x00054e    program     static /Users/mreiter/Desktop/AER201/botL.X/main.asm
                  _34Exit   0x000570    program     static /Users/mreiter/Desktop/AER201/botL.X/main.asm
                  _34Next   0x000564    program     static /Users/mreiter/Desktop/AER201/botL.X/main.asm
                  _35loop   0x000588    program     static /Users/mreiter/Desktop/AER201/botL.X/main.asm
                  _36loop   0x0005a6    program     static /Users/mreiter/Desktop/AER201/botL.X/main.asm
                  _37Exit   0x0005cc    program     static /Users/mreiter/Desktop/AER201/botL.X/main.asm
                  _37Next   0x0005c0    program     static /Users/mreiter/Desktop/AER201/botL.X/main.asm
                  _38loop   0x0005e4    program     static /Users/mreiter/Desktop/AER201/botL.X/main.asm
                  _39loop   0x000602    program     static /Users/mreiter/Desktop/AER201/botL.X/main.asm
                 _3endBCD   0x0000ca    program     static /Users/mreiter/Desktop/AER201/botL.X/main.asm
                   _3ones   0x0000c4    program     static /Users/mreiter/Desktop/AER201/botL.X/main.asm
                  _40Exit   0x000624    program     static /Users/mreiter/Desktop/AER201/botL.X/main.asm
                  _40Next   0x000618    program     static /Users/mreiter/Desktop/AER201/botL.X/main.asm
                  _41Exit   0x00063a    program     static /Users/mreiter/Desktop/AER201/botL.X/main.asm
                  _41Next   0x00062e    program     static /Users/mreiter/Desktop/AER201/botL.X/main.asm
                  _42Exit   0x000650    program     static /Users/mreiter/Desktop/AER201/botL.X/main.asm
                  _42Next   0x000644    program     static /Users/mreiter/Desktop/AER201/botL.X/main.asm
                  _43Exit   0x000666    program     static /Users/mreiter/Desktop/AER201/botL.X/main.asm
                  _43Next   0x00065a    program     static /Users/mreiter/Desktop/AER201/botL.X/main.asm
                  _44Exit   0x00067c    program     static /Users/mreiter/Desktop/AER201/botL.X/main.asm
                  _44Next   0x000670    program     static /Users/mreiter/Desktop/AER201/botL.X/main.asm
                  _45Exit   0x000692    program     static /Users/mreiter/Desktop/AER201/botL.X/main.asm
                  _45Next   0x000686    program     static /Users/mreiter/Desktop/AER201/botL.X/main.asm
                  _46Exit   0x0006a8    program     static /Users/mreiter/Desktop/AER201/botL.X/main.asm
                  _46Next   0x00069c    program     static /Users/mreiter/Desktop/AER201/botL.X/main.asm
                  _47Exit   0x0006be    program     static /Users/mreiter/Desktop/AER201/botL.X/main.asm
                  _47Next   0x0006b2    program     static /Users/mreiter/Desktop/AER201/botL.X/main.asm
                  _48Exit   0x0006d4    program     static /Users/mreiter/Desktop/AER201/botL.X/main.asm
                  _48Next   0x0006c8    program     static /Users/mreiter/Desktop/AER201/botL.X/main.asm
                  _49Exit   0x0006ea    program     static /Users/mreiter/Desktop/AER201/botL.X/main.asm
                  _49Next   0x0006de    program     static /Users/mreiter/Desktop/AER201/botL.X/main.asm
                  _50loop   0x000702    program     static /Users/mreiter/Desktop/AER201/botL.X/main.asm
                  _53Exit   0x00079a    program     static /Users/mreiter/Desktop/AER201/botL.X/main.asm
                  _53Next   0x00078e    program     static /Users/mreiter/Desktop/AER201/botL.X/main.asm
                  _54loop   0x0007b2    program     static /Users/mreiter/Desktop/AER201/botL.X/main.asm
                  _55loop   0x0007d0    program     static /Users/mreiter/Desktop/AER201/botL.X/main.asm
                  _56Exit   0x0007fe    program     static /Users/mreiter/Desktop/AER201/botL.X/main.asm
                  _56Next   0x0007f2    program     static /Users/mreiter/Desktop/AER201/botL.X/main.asm
                  _57Exit   0x000814    program     static /Users/mreiter/Desktop/AER201/botL.X/main.asm
                  _57Next   0x000808    program     static /Users/mreiter/Desktop/AER201/botL.X/main.asm
                  _58loop   0x00082e    program     static /Users/mreiter/Desktop/AER201/botL.X/main.asm
                  _82loop   0x000b1c    program     static /Users/mreiter/Desktop/AER201/botL.X/main.asm
                  _83loop   0x000b2a    program     static /Users/mreiter/Desktop/AER201/botL.X/main.asm
                  _88loop   0x000c7c    program     static /Users/mreiter/Desktop/AER201/botL.X/main.asm
                   _8loop   0x0001b6    program     static /Users/mreiter/Desktop/AER201/botL.X/main.asm
                  _93loop   0x000d0e    program     static /Users/mreiter/Desktop/AER201/botL.X/main.asm
                   _9loop   0x0001d4    program     static /Users/mreiter/Desktop/AER201/botL.X/main.asm
                  _waitl0   0x0010d8    program     static /Users/mreiter/Desktop/AER201/botL.X/i2c_common.asm
                  _waitl1   0x0011e2    program     static /Users/mreiter/Desktop/AER201/botL.X/i2c_common.asm
                  _waitl2   0x001306    program     static /Users/mreiter/Desktop/AER201/botL.X/i2c_common.asm
                       d2   0x000fb2    program     static /Users/mreiter/Desktop/AER201/botL.X/lcd.asm
                del_loop0   0x000a4c    program     static /Users/mreiter/Desktop/AER201/botL.X/main.asm
                delay44us   0x000f96    program     extern /Users/mreiter/Desktop/AER201/botL.X/lcd.asm
                 delay5ms   0x000fa2    program     extern /Users/mreiter/Desktop/AER201/botL.X/lcd.asm
               displayNum   0x000728    program     static /Users/mreiter/Desktop/AER201/botL.X/main.asm
         i2c_common_setup   0x000fb8    program     extern /Users/mreiter/Desktop/AER201/botL.X/i2c_common.asm
             lcdLongDelay   0x000f80    program     static /Users/mreiter/Desktop/AER201/botL.X/lcd.asm
                loop200us   0x000b60    program     static /Users/mreiter/Desktop/AER201/botL.X/main.asm
                 loop50ms   0x000b6e    program     static /Users/mreiter/Desktop/AER201/botL.X/main.asm
                  loop5us   0x000b52    program     static /Users/mreiter/Desktop/AER201/botL.X/main.asm
                 read_rtc   0x001060    program     extern /Users/mreiter/Desktop/AER201/botL.X/i2c_common.asm
              rtc_convert   0x00110a    program     extern /Users/mreiter/Desktop/AER201/botL.X/i2c_common.asm
                write_rtc   0x000fda    program     extern /Users/mreiter/Desktop/AER201/botL.X/i2c_common.asm
           convert_buffer   0x000087       data     extern /Users/mreiter/Desktop/AER201/botL.X/i2c_common.asm
             data_colourH   0x000084       data     extern /Users/mreiter/Desktop/AER201/botL.X/i2c_common.asm
             data_colourL   0x000083       data     extern /Users/mreiter/Desktop/AER201/botL.X/i2c_common.asm
                 databyte   0x000081       data     extern /Users/mreiter/Desktop/AER201/botL.X/i2c_common.asm
                 datachar   0x000082       data     extern /Users/mreiter/Desktop/AER201/botL.X/i2c_common.asm
               ones_digit   0x000086       data     extern /Users/mreiter/Desktop/AER201/botL.X/i2c_common.asm
               regaddress   0x000080       data     extern /Users/mreiter/Desktop/AER201/botL.X/i2c_common.asm
               tens_digit   0x000085       data     extern /Users/mreiter/Desktop/AER201/botL.X/i2c_common.asm



                              Symbols - Sorted by Address
                     Name    Address   Location    Storage File                     
                ---------  ---------  ---------  --------- ---------                
                 ISR_HIGH   0x00001c    program     static /Users/mreiter/Desktop/AER201/botL.X/main.asm
                   _2ones   0x000092    program     static /Users/mreiter/Desktop/AER201/botL.X/main.asm
                 _2endBCD   0x000098    program     static /Users/mreiter/Desktop/AER201/botL.X/main.asm
                   _3ones   0x0000c4    program     static /Users/mreiter/Desktop/AER201/botL.X/main.asm
                 _3endBCD   0x0000ca    program     static /Users/mreiter/Desktop/AER201/botL.X/main.asm
             END_ISR_HIGH   0x0000cc    program     static /Users/mreiter/Desktop/AER201/botL.X/main.asm
                  ISR_LOW   0x0000d6    program     static /Users/mreiter/Desktop/AER201/botL.X/main.asm
              END_ISR_LOW   0x0000f2    program     static /Users/mreiter/Desktop/AER201/botL.X/main.asm
                     INIT   0x0000fc    program     static /Users/mreiter/Desktop/AER201/botL.X/main.asm
                   _8loop   0x0001b6    program     static /Users/mreiter/Desktop/AER201/botL.X/main.asm
                   _9loop   0x0001d4    program     static /Users/mreiter/Desktop/AER201/botL.X/main.asm
                  _10loop   0x0001e2    program     static /Users/mreiter/Desktop/AER201/botL.X/main.asm
                  STANDBY   0x0001ec    program     static /Users/mreiter/Desktop/AER201/botL.X/main.asm
                  _11loop   0x000200    program     static /Users/mreiter/Desktop/AER201/botL.X/main.asm
             HOLD_STANDBY   0x00020a    program     static /Users/mreiter/Desktop/AER201/botL.X/main.asm
                  _12Next   0x000216    program     static /Users/mreiter/Desktop/AER201/botL.X/main.asm
                  _12Exit   0x000222    program     static /Users/mreiter/Desktop/AER201/botL.X/main.asm
                  _13Next   0x00022c    program     static /Users/mreiter/Desktop/AER201/botL.X/main.asm
                  _13Exit   0x000238    program     static /Users/mreiter/Desktop/AER201/botL.X/main.asm
                  _14Next   0x000242    program     static /Users/mreiter/Desktop/AER201/botL.X/main.asm
                  _14Exit   0x00024e    program     static /Users/mreiter/Desktop/AER201/botL.X/main.asm
                  _15Next   0x000258    program     static /Users/mreiter/Desktop/AER201/botL.X/main.asm
                  _15Exit   0x000264    program     static /Users/mreiter/Desktop/AER201/botL.X/main.asm
                  _16Next   0x00026e    program     static /Users/mreiter/Desktop/AER201/botL.X/main.asm
                  _16Exit   0x00027a    program     static /Users/mreiter/Desktop/AER201/botL.X/main.asm
                  _17Next   0x000284    program     static /Users/mreiter/Desktop/AER201/botL.X/main.asm
                  _17Exit   0x000290    program     static /Users/mreiter/Desktop/AER201/botL.X/main.asm
                  _18Next   0x00029a    program     static /Users/mreiter/Desktop/AER201/botL.X/main.asm
                  _18Exit   0x0002a6    program     static /Users/mreiter/Desktop/AER201/botL.X/main.asm
                  IR_TEST   0x0002aa    program     static /Users/mreiter/Desktop/AER201/botL.X/main.asm
                  _19loop   0x0002b8    program     static /Users/mreiter/Desktop/AER201/botL.X/main.asm
                  _20loop   0x0002ca    program     static /Users/mreiter/Desktop/AER201/botL.X/main.asm
                STEP_TEST   0x0002d6    program     static /Users/mreiter/Desktop/AER201/botL.X/main.asm
                  LOOPING   0x0002f8    program     static /Users/mreiter/Desktop/AER201/botL.X/main.asm
              COLOUR_TEST   0x0002f8    program     static /Users/mreiter/Desktop/AER201/botL.X/main.asm
                  _21loop   0x0002fc    program     static /Users/mreiter/Desktop/AER201/botL.X/main.asm
                  _22loop   0x000314    program     static /Users/mreiter/Desktop/AER201/botL.X/main.asm
                EXECUTION   0x00032e    program     static /Users/mreiter/Desktop/AER201/botL.X/main.asm
                  _23loop   0x00034c    program     static /Users/mreiter/Desktop/AER201/botL.X/main.asm
                 HOLD_EXE   0x000380    program     static /Users/mreiter/Desktop/AER201/botL.X/main.asm
                  _24Next   0x00038c    program     static /Users/mreiter/Desktop/AER201/botL.X/main.asm
                  _24Exit   0x000398    program     static /Users/mreiter/Desktop/AER201/botL.X/main.asm
                 EXIT_EXE   0x00039c    program     static /Users/mreiter/Desktop/AER201/botL.X/main.asm
             _.org_2_03B8   0x0003b8    program     static /Users/mreiter/Desktop/AER201/botL.X/main.asm
             _.org_2_03D0   0x0003d0    program     static /Users/mreiter/Desktop/AER201/botL.X/main.asm
             _.org_2_03EC   0x0003ec    program     static /Users/mreiter/Desktop/AER201/botL.X/main.asm
             _.org_2_0404   0x000404    program     static /Users/mreiter/Desktop/AER201/botL.X/main.asm
             _.org_2_0420   0x000420    program     static /Users/mreiter/Desktop/AER201/botL.X/main.asm
             _.org_2_0438   0x000438    program     static /Users/mreiter/Desktop/AER201/botL.X/main.asm
             _.org_2_0454   0x000454    program     static /Users/mreiter/Desktop/AER201/botL.X/main.asm
             _.org_2_046C   0x00046c    program     static /Users/mreiter/Desktop/AER201/botL.X/main.asm
                 SaveData   0x000478    program     static /Users/mreiter/Desktop/AER201/botL.X/main.asm
                  _29loop   0x00048c    program     static /Users/mreiter/Desktop/AER201/botL.X/main.asm
                ShiftLoop   0x0004aa    program     static /Users/mreiter/Desktop/AER201/botL.X/main.asm
             _.org_2_04D0   0x0004d0    program     static /Users/mreiter/Desktop/AER201/botL.X/main.asm
             _.org_2_04E8   0x0004e8    program     static /Users/mreiter/Desktop/AER201/botL.X/main.asm
                      LOG   0x000512    program     static /Users/mreiter/Desktop/AER201/botL.X/main.asm
                  _32loop   0x000526    program     static /Users/mreiter/Desktop/AER201/botL.X/main.asm
                 HOLD_LOG   0x000542    program     static /Users/mreiter/Desktop/AER201/botL.X/main.asm
                  _33Next   0x00054e    program     static /Users/mreiter/Desktop/AER201/botL.X/main.asm
                  _33Exit   0x00055a    program     static /Users/mreiter/Desktop/AER201/botL.X/main.asm
                  _34Next   0x000564    program     static /Users/mreiter/Desktop/AER201/botL.X/main.asm
                  _34Exit   0x000570    program     static /Users/mreiter/Desktop/AER201/botL.X/main.asm
                 LOG_INFO   0x000574    program     static /Users/mreiter/Desktop/AER201/botL.X/main.asm
                  _35loop   0x000588    program     static /Users/mreiter/Desktop/AER201/botL.X/main.asm
                  _36loop   0x0005a6    program     static /Users/mreiter/Desktop/AER201/botL.X/main.asm
            HOLD_LOG_INFO   0x0005b4    program     static /Users/mreiter/Desktop/AER201/botL.X/main.asm
                  _37Next   0x0005c0    program     static /Users/mreiter/Desktop/AER201/botL.X/main.asm
                  _37Exit   0x0005cc    program     static /Users/mreiter/Desktop/AER201/botL.X/main.asm
                 PERM_LOG   0x0005d0    program     static /Users/mreiter/Desktop/AER201/botL.X/main.asm
                  _38loop   0x0005e4    program     static /Users/mreiter/Desktop/AER201/botL.X/main.asm
                  _39loop   0x000602    program     static /Users/mreiter/Desktop/AER201/botL.X/main.asm
            HOLD_PERM_LOG   0x00060c    program     static /Users/mreiter/Desktop/AER201/botL.X/main.asm
                  _40Next   0x000618    program     static /Users/mreiter/Desktop/AER201/botL.X/main.asm
                  _40Exit   0x000624    program     static /Users/mreiter/Desktop/AER201/botL.X/main.asm
                  _41Next   0x00062e    program     static /Users/mreiter/Desktop/AER201/botL.X/main.asm
                  _41Exit   0x00063a    program     static /Users/mreiter/Desktop/AER201/botL.X/main.asm
                  _42Next   0x000644    program     static /Users/mreiter/Desktop/AER201/botL.X/main.asm
                  _42Exit   0x000650    program     static /Users/mreiter/Desktop/AER201/botL.X/main.asm
                  _43Next   0x00065a    program     static /Users/mreiter/Desktop/AER201/botL.X/main.asm
                  _43Exit   0x000666    program     static /Users/mreiter/Desktop/AER201/botL.X/main.asm
                  _44Next   0x000670    program     static /Users/mreiter/Desktop/AER201/botL.X/main.asm
                  _44Exit   0x00067c    program     static /Users/mreiter/Desktop/AER201/botL.X/main.asm
                  _45Next   0x000686    program     static /Users/mreiter/Desktop/AER201/botL.X/main.asm
                  _45Exit   0x000692    program     static /Users/mreiter/Desktop/AER201/botL.X/main.asm
                  _46Next   0x00069c    program     static /Users/mreiter/Desktop/AER201/botL.X/main.asm
                  _46Exit   0x0006a8    program     static /Users/mreiter/Desktop/AER201/botL.X/main.asm
                  _47Next   0x0006b2    program     static /Users/mreiter/Desktop/AER201/botL.X/main.asm
                  _47Exit   0x0006be    program     static /Users/mreiter/Desktop/AER201/botL.X/main.asm
                  _48Next   0x0006c8    program     static /Users/mreiter/Desktop/AER201/botL.X/main.asm
                  _48Exit   0x0006d4    program     static /Users/mreiter/Desktop/AER201/botL.X/main.asm
                  _49Next   0x0006de    program     static /Users/mreiter/Desktop/AER201/botL.X/main.asm
                  _49Exit   0x0006ea    program     static /Users/mreiter/Desktop/AER201/botL.X/main.asm
                     PLOG   0x0006ee    program     static /Users/mreiter/Desktop/AER201/botL.X/main.asm
                  _50loop   0x000702    program     static /Users/mreiter/Desktop/AER201/botL.X/main.asm
               displayNum   0x000728    program     static /Users/mreiter/Desktop/AER201/botL.X/main.asm
                HOLD_PLOG   0x000782    program     static /Users/mreiter/Desktop/AER201/botL.X/main.asm
                  _53Next   0x00078e    program     static /Users/mreiter/Desktop/AER201/botL.X/main.asm
                  _53Exit   0x00079a    program     static /Users/mreiter/Desktop/AER201/botL.X/main.asm
                  PC_MODE   0x00079e    program     static /Users/mreiter/Desktop/AER201/botL.X/main.asm
                  _54loop   0x0007b2    program     static /Users/mreiter/Desktop/AER201/botL.X/main.asm
                  _55loop   0x0007d0    program     static /Users/mreiter/Desktop/AER201/botL.X/main.asm
                  HOLD_PC   0x0007e6    program     static /Users/mreiter/Desktop/AER201/botL.X/main.asm
                  _56Next   0x0007f2    program     static /Users/mreiter/Desktop/AER201/botL.X/main.asm
                  _56Exit   0x0007fe    program     static /Users/mreiter/Desktop/AER201/botL.X/main.asm
                  _57Next   0x000808    program     static /Users/mreiter/Desktop/AER201/botL.X/main.asm
                  _57Exit   0x000814    program     static /Users/mreiter/Desktop/AER201/botL.X/main.asm
              PC_TRANSFER   0x000818    program     static /Users/mreiter/Desktop/AER201/botL.X/main.asm
                  _58loop   0x00082e    program     static /Users/mreiter/Desktop/AER201/botL.X/main.asm
             ARDUINO_INIT   0x000840    program     static /Users/mreiter/Desktop/AER201/botL.X/main.asm
                 RTC_INIT   0x000842    program     static /Users/mreiter/Desktop/AER201/botL.X/main.asm
                SAVE_TIME   0x000850    program     static /Users/mreiter/Desktop/AER201/botL.X/main.asm
            SAVE_EXE_TIME   0x0008b6    program     static /Users/mreiter/Desktop/AER201/botL.X/main.asm
             _.org_2_08D2   0x0008d2    program     static /Users/mreiter/Desktop/AER201/botL.X/main.asm
             _.org_2_08EA   0x0008ea    program     static /Users/mreiter/Desktop/AER201/botL.X/main.asm
             _.org_2_090E   0x00090e    program     static /Users/mreiter/Desktop/AER201/botL.X/main.asm
             _.org_2_0926   0x000926    program     static /Users/mreiter/Desktop/AER201/botL.X/main.asm
             _.org_2_094A   0x00094a    program     static /Users/mreiter/Desktop/AER201/botL.X/main.asm
             _.org_2_0962   0x000962    program     static /Users/mreiter/Desktop/AER201/botL.X/main.asm
              DISPLAY_RTC   0x00096c    program     static /Users/mreiter/Desktop/AER201/botL.X/main.asm
                 SET_TIME   0x000a46    program     static /Users/mreiter/Desktop/AER201/botL.X/main.asm
                del_loop0   0x000a4c    program     static /Users/mreiter/Desktop/AER201/botL.X/main.asm
               INIT_USART   0x000aae    program     static /Users/mreiter/Desktop/AER201/botL.X/main.asm
                DataUSART   0x000ac2    program     static /Users/mreiter/Desktop/AER201/botL.X/main.asm
            TRANSFER_LOGS   0x000ad2    program     static /Users/mreiter/Desktop/AER201/botL.X/main.asm
            TRANSFER_DATA   0x000adc    program     static /Users/mreiter/Desktop/AER201/botL.X/main.asm
                  _82loop   0x000b1c    program     static /Users/mreiter/Desktop/AER201/botL.X/main.asm
                  _83loop   0x000b2a    program     static /Users/mreiter/Desktop/AER201/botL.X/main.asm
               USART_WAIT   0x000b36    program     static /Users/mreiter/Desktop/AER201/botL.X/main.asm
             _.org_2_0B3A   0x000b3a    program     static /Users/mreiter/Desktop/AER201/botL.X/main.asm
               USART_LINE   0x000b40    program     static /Users/mreiter/Desktop/AER201/botL.X/main.asm
                 Delay5us   0x000b4e    program     static /Users/mreiter/Desktop/AER201/botL.X/main.asm
                  loop5us   0x000b52    program     static /Users/mreiter/Desktop/AER201/botL.X/main.asm
               Delay200us   0x000b5c    program     static /Users/mreiter/Desktop/AER201/botL.X/main.asm
                loop200us   0x000b60    program     static /Users/mreiter/Desktop/AER201/botL.X/main.asm
                Delay50ms   0x000b6a    program     static /Users/mreiter/Desktop/AER201/botL.X/main.asm
                 loop50ms   0x000b6e    program     static /Users/mreiter/Desktop/AER201/botL.X/main.asm
                   Cycles   0x000b74    program     static /Users/mreiter/Desktop/AER201/botL.X/main.asm
              WriteEE_RTC   0x000b7e    program     static /Users/mreiter/Desktop/AER201/botL.X/main.asm
             _.org_2_0B8C   0x000b8c    program     static /Users/mreiter/Desktop/AER201/botL.X/main.asm
             _.org_2_0BA4   0x000ba4    program     static /Users/mreiter/Desktop/AER201/botL.X/main.asm
             _.org_2_0BBA   0x000bba    program     static /Users/mreiter/Desktop/AER201/botL.X/main.asm
             _.org_2_0BD2   0x000bd2    program     static /Users/mreiter/Desktop/AER201/botL.X/main.asm
           ClearEEPROM_21   0x000bdc    program     static /Users/mreiter/Desktop/AER201/botL.X/main.asm
                ClearNext   0x000be4    program     static /Users/mreiter/Desktop/AER201/botL.X/main.asm
             _.org_2_0BF2   0x000bf2    program     static /Users/mreiter/Desktop/AER201/botL.X/main.asm
             _.org_2_0C0A   0x000c0a    program     static /Users/mreiter/Desktop/AER201/botL.X/main.asm
                 READ_KEY   0x000c22    program     static /Users/mreiter/Desktop/AER201/botL.X/main.asm
             _.org_2_0C30   0x000c30    program     static /Users/mreiter/Desktop/AER201/botL.X/main.asm
            READ_KEY_TIME   0x000c36    program     static /Users/mreiter/Desktop/AER201/botL.X/main.asm
             _.org_2_0C4C   0x000c4c    program     static /Users/mreiter/Desktop/AER201/botL.X/main.asm
           DisplayExeTime   0x000c52    program     static /Users/mreiter/Desktop/AER201/botL.X/main.asm
                  _88loop   0x000c7c    program     static /Users/mreiter/Desktop/AER201/botL.X/main.asm
        NoSkipDispExeTime   0x000c90    program     static /Users/mreiter/Desktop/AER201/botL.X/main.asm
          SkipDispExeTime   0x000ce2    program     static /Users/mreiter/Desktop/AER201/botL.X/main.asm
                DispOpRTC   0x000ce4    program     static /Users/mreiter/Desktop/AER201/botL.X/main.asm
                  _93loop   0x000d0e    program     static /Users/mreiter/Desktop/AER201/botL.X/main.asm
          NoSkipDispOpRTC   0x000d20    program     static /Users/mreiter/Desktop/AER201/botL.X/main.asm
            SkipDispOpRTC   0x000d80    program     static /Users/mreiter/Desktop/AER201/botL.X/main.asm
         DispOpRTC_Helper   0x000d82    program     static /Users/mreiter/Desktop/AER201/botL.X/main.asm
                  Welcome   0x000dbc    program     static /Users/mreiter/Desktop/AER201/botL.X/main.asm
                     Team   0x000dc2    program     static /Users/mreiter/Desktop/AER201/botL.X/main.asm
                  StandBy   0x000dcc    program     static /Users/mreiter/Desktop/AER201/botL.X/main.asm
                     Log1   0x000dd4    program     static /Users/mreiter/Desktop/AER201/botL.X/main.asm
                     Log2   0x000dda    program     static /Users/mreiter/Desktop/AER201/botL.X/main.asm
                 LogInfo1   0x000de8    program     static /Users/mreiter/Desktop/AER201/botL.X/main.asm
                 LogInfo2   0x000df0    program     static /Users/mreiter/Desktop/AER201/botL.X/main.asm
                 PermLog1   0x000dfa    program     static /Users/mreiter/Desktop/AER201/botL.X/main.asm
                 PermLog2   0x000e0a    program     static /Users/mreiter/Desktop/AER201/botL.X/main.asm
                     Exe1   0x000e16    program     static /Users/mreiter/Desktop/AER201/botL.X/main.asm
                     Exe2   0x000e22    program     static /Users/mreiter/Desktop/AER201/botL.X/main.asm
                      PC1   0x000e2a    program     static /Users/mreiter/Desktop/AER201/botL.X/main.asm
                      PC2   0x000e38    program     static /Users/mreiter/Desktop/AER201/botL.X/main.asm
               PCTransfer   0x000e42    program     static /Users/mreiter/Desktop/AER201/botL.X/main.asm
               PCComplete   0x000e52    program     static /Users/mreiter/Desktop/AER201/botL.X/main.asm
                  Stopped   0x000e5c    program     static /Users/mreiter/Desktop/AER201/botL.X/main.asm
                 Exe_Time   0x000e64    program     static /Users/mreiter/Desktop/AER201/botL.X/main.asm
                     SAVE   0x000e6c    program     static /Users/mreiter/Desktop/AER201/botL.X/main.asm
                   Safety   0x000e76    program     static /Users/mreiter/Desktop/AER201/botL.X/main.asm
                   NoData   0x000e86    program     static /Users/mreiter/Desktop/AER201/botL.X/main.asm
                   PCLog1   0x000e8a    program     static /Users/mreiter/Desktop/AER201/botL.X/main.asm
                  InitLCD   0x000e9a    program     extern /Users/mreiter/Desktop/AER201/botL.X/lcd.asm
                   WR_INS   0x000ef2    program     extern /Users/mreiter/Desktop/AER201/botL.X/lcd.asm
                  WR_DATA   0x000f0e    program     extern /Users/mreiter/Desktop/AER201/botL.X/lcd.asm
                   WrtLCD   0x000f30    program     extern /Users/mreiter/Desktop/AER201/botL.X/lcd.asm
                   ClrLCD   0x000f46    program     extern /Users/mreiter/Desktop/AER201/botL.X/lcd.asm
                   ClkLCD   0x000f54    program     extern /Users/mreiter/Desktop/AER201/botL.X/lcd.asm
              _.code_00C6   0x000f60    program     static /Users/mreiter/Desktop/AER201/botL.X/lcd.asm
                   LCD_L1   0x000f66    program     extern /Users/mreiter/Desktop/AER201/botL.X/lcd.asm
                   LCD_L2   0x000f6e    program     extern /Users/mreiter/Desktop/AER201/botL.X/lcd.asm
                   MovMSB   0x000f76    program     static /Users/mreiter/Desktop/AER201/botL.X/lcd.asm
             lcdLongDelay   0x000f80    program     static /Users/mreiter/Desktop/AER201/botL.X/lcd.asm
                 LLD_LOOP   0x000f84    program     static /Users/mreiter/Desktop/AER201/botL.X/lcd.asm
              _.code_00F0   0x000f8a    program     static /Users/mreiter/Desktop/AER201/botL.X/lcd.asm
                delay44us   0x000f96    program     extern /Users/mreiter/Desktop/AER201/botL.X/lcd.asm
            Delay44usLoop   0x000f9a    program     static /Users/mreiter/Desktop/AER201/botL.X/lcd.asm
                 delay5ms   0x000fa2    program     extern /Users/mreiter/Desktop/AER201/botL.X/lcd.asm
             Delay5msLoop   0x000faa    program     static /Users/mreiter/Desktop/AER201/botL.X/lcd.asm
                       d2   0x000fb2    program     static /Users/mreiter/Desktop/AER201/botL.X/lcd.asm
         i2c_common_setup   0x000fb8    program     extern /Users/mreiter/Desktop/AER201/botL.X/i2c_common.asm
              _.code_001C   0x000fd4    program     static /Users/mreiter/Desktop/AER201/botL.X/i2c_common.asm
                write_rtc   0x000fda    program     extern /Users/mreiter/Desktop/AER201/botL.X/i2c_common.asm
              _.code_002A   0x000fe2    program     static /Users/mreiter/Desktop/AER201/botL.X/i2c_common.asm
              _.code_0032   0x000fea    program     static /Users/mreiter/Desktop/AER201/botL.X/i2c_common.asm
              _.code_0038   0x000ff0    program     static /Users/mreiter/Desktop/AER201/botL.X/i2c_common.asm
              _.code_004C   0x001004    program     static /Users/mreiter/Desktop/AER201/botL.X/i2c_common.asm
              _.code_0052   0x00100a    program     static /Users/mreiter/Desktop/AER201/botL.X/i2c_common.asm
              _.code_0066   0x00101e    program     static /Users/mreiter/Desktop/AER201/botL.X/i2c_common.asm
              _.code_006C   0x001024    program     static /Users/mreiter/Desktop/AER201/botL.X/i2c_common.asm
              WR_ERR1_RTC   0x001036    program     static /Users/mreiter/Desktop/AER201/botL.X/i2c_common.asm
              WR_ERR2_RTC   0x001040    program     static /Users/mreiter/Desktop/AER201/botL.X/i2c_common.asm
              WR_ERR3_RTC   0x00104c    program     static /Users/mreiter/Desktop/AER201/botL.X/i2c_common.asm
               WR_END_RTC   0x001056    program     static /Users/mreiter/Desktop/AER201/botL.X/i2c_common.asm
              _.code_00A2   0x00105a    program     static /Users/mreiter/Desktop/AER201/botL.X/i2c_common.asm
                 read_rtc   0x001060    program     extern /Users/mreiter/Desktop/AER201/botL.X/i2c_common.asm
              _.code_00B0   0x001068    program     static /Users/mreiter/Desktop/AER201/botL.X/i2c_common.asm
              _.code_00B8   0x001070    program     static /Users/mreiter/Desktop/AER201/botL.X/i2c_common.asm
              _.code_00BE   0x001076    program     static /Users/mreiter/Desktop/AER201/botL.X/i2c_common.asm
              _.code_00D2   0x00108a    program     static /Users/mreiter/Desktop/AER201/botL.X/i2c_common.asm
              _.code_00D8   0x001090    program     static /Users/mreiter/Desktop/AER201/botL.X/i2c_common.asm
              _.code_00EE   0x0010a6    program     static /Users/mreiter/Desktop/AER201/botL.X/i2c_common.asm
              _.code_00F6   0x0010ae    program     static /Users/mreiter/Desktop/AER201/botL.X/i2c_common.asm
              _.code_00FC   0x0010b4    program     static /Users/mreiter/Desktop/AER201/botL.X/i2c_common.asm
              _.code_010E   0x0010c6    program     static /Users/mreiter/Desktop/AER201/botL.X/i2c_common.asm
                  _waitl0   0x0010d8    program     static /Users/mreiter/Desktop/AER201/botL.X/i2c_common.asm
              RD_ERR1_RTC   0x0010e2    program     static /Users/mreiter/Desktop/AER201/botL.X/i2c_common.asm
              RD_ERR2_RTC   0x0010ec    program     static /Users/mreiter/Desktop/AER201/botL.X/i2c_common.asm
              RD_ERR3_RTC   0x0010f6    program     static /Users/mreiter/Desktop/AER201/botL.X/i2c_common.asm
               RD_END_RTC   0x001100    program     static /Users/mreiter/Desktop/AER201/botL.X/i2c_common.asm
              _.code_014C   0x001104    program     static /Users/mreiter/Desktop/AER201/botL.X/i2c_common.asm
              rtc_convert   0x00110a    program     extern /Users/mreiter/Desktop/AER201/botL.X/i2c_common.asm
                 INIT_RTC   0x001120    program     extern /Users/mreiter/Desktop/AER201/botL.X/i2c_common.asm
              _.code_0170   0x001128    program     static /Users/mreiter/Desktop/AER201/botL.X/i2c_common.asm
              _.code_0178   0x001130    program     static /Users/mreiter/Desktop/AER201/botL.X/i2c_common.asm
              _.code_017E   0x001136    program     static /Users/mreiter/Desktop/AER201/botL.X/i2c_common.asm
              _.code_018A   0x001142    program     static /Users/mreiter/Desktop/AER201/botL.X/i2c_common.asm
              _.code_0190   0x001148    program     static /Users/mreiter/Desktop/AER201/botL.X/i2c_common.asm
              _.code_019C   0x001154    program     static /Users/mreiter/Desktop/AER201/botL.X/i2c_common.asm
              _.code_01A2   0x00115a    program     static /Users/mreiter/Desktop/AER201/botL.X/i2c_common.asm
              _.code_01AE   0x001166    program     static /Users/mreiter/Desktop/AER201/botL.X/i2c_common.asm
          READ_COLOUR_I2C   0x00116c    program     extern /Users/mreiter/Desktop/AER201/botL.X/i2c_common.asm
              _.code_01BC   0x001174    program     static /Users/mreiter/Desktop/AER201/botL.X/i2c_common.asm
              _.code_01C4   0x00117c    program     static /Users/mreiter/Desktop/AER201/botL.X/i2c_common.asm
              _.code_01CA   0x001182    program     static /Users/mreiter/Desktop/AER201/botL.X/i2c_common.asm
              _.code_01E0   0x001198    program     static /Users/mreiter/Desktop/AER201/botL.X/i2c_common.asm
              _.code_01E6   0x00119e    program     static /Users/mreiter/Desktop/AER201/botL.X/i2c_common.asm
              _.code_01F8   0x0011b0    program     static /Users/mreiter/Desktop/AER201/botL.X/i2c_common.asm
              _.code_0200   0x0011b8    program     static /Users/mreiter/Desktop/AER201/botL.X/i2c_common.asm
              _.code_0206   0x0011be    program     static /Users/mreiter/Desktop/AER201/botL.X/i2c_common.asm
              _.code_0218   0x0011d0    program     static /Users/mreiter/Desktop/AER201/botL.X/i2c_common.asm
                  _waitl1   0x0011e2    program     static /Users/mreiter/Desktop/AER201/botL.X/i2c_common.asm
                  RD_ERR1   0x0011ec    program     static /Users/mreiter/Desktop/AER201/botL.X/i2c_common.asm
                  RD_ERR2   0x0011f6    program     static /Users/mreiter/Desktop/AER201/botL.X/i2c_common.asm
                  RD_ERR3   0x001200    program     static /Users/mreiter/Desktop/AER201/botL.X/i2c_common.asm
                   RD_END   0x00120a    program     static /Users/mreiter/Desktop/AER201/botL.X/i2c_common.asm
              _.code_0256   0x00120e    program     static /Users/mreiter/Desktop/AER201/botL.X/i2c_common.asm
         WRITE_COLOUR_I2C   0x001214    program     extern /Users/mreiter/Desktop/AER201/botL.X/i2c_common.asm
              _.code_0264   0x00121c    program     static /Users/mreiter/Desktop/AER201/botL.X/i2c_common.asm
              _.code_026C   0x001224    program     static /Users/mreiter/Desktop/AER201/botL.X/i2c_common.asm
              _.code_0272   0x00122a    program     static /Users/mreiter/Desktop/AER201/botL.X/i2c_common.asm
              _.code_0288   0x001240    program     static /Users/mreiter/Desktop/AER201/botL.X/i2c_common.asm
              _.code_028E   0x001246    program     static /Users/mreiter/Desktop/AER201/botL.X/i2c_common.asm
              _.code_02A4   0x00125c    program     static /Users/mreiter/Desktop/AER201/botL.X/i2c_common.asm
              _.code_02AA   0x001262    program     static /Users/mreiter/Desktop/AER201/botL.X/i2c_common.asm
                  WR_ERR1   0x001274    program     static /Users/mreiter/Desktop/AER201/botL.X/i2c_common.asm
                  WR_ERR2   0x00127e    program     static /Users/mreiter/Desktop/AER201/botL.X/i2c_common.asm
                  WR_ERR3   0x00128a    program     static /Users/mreiter/Desktop/AER201/botL.X/i2c_common.asm
                   WR_END   0x001294    program     static /Users/mreiter/Desktop/AER201/botL.X/i2c_common.asm
              _.code_02E0   0x001298    program     static /Users/mreiter/Desktop/AER201/botL.X/i2c_common.asm
             INIT_ARDUINO   0x00129e    program     extern /Users/mreiter/Desktop/AER201/botL.X/i2c_common.asm
              _.code_02EE   0x0012a6    program     static /Users/mreiter/Desktop/AER201/botL.X/i2c_common.asm
              _.code_02F6   0x0012ae    program     static /Users/mreiter/Desktop/AER201/botL.X/i2c_common.asm
              _.code_02FC   0x0012b4    program     static /Users/mreiter/Desktop/AER201/botL.X/i2c_common.asm
              _.code_030E   0x0012c6    program     static /Users/mreiter/Desktop/AER201/botL.X/i2c_common.asm
             READ_ARDUINO   0x0012cc    program     extern /Users/mreiter/Desktop/AER201/botL.X/i2c_common.asm
              _.code_031C   0x0012d4    program     static /Users/mreiter/Desktop/AER201/botL.X/i2c_common.asm
              _.code_0324   0x0012dc    program     static /Users/mreiter/Desktop/AER201/botL.X/i2c_common.asm
              _.code_032C   0x0012e4    program     static /Users/mreiter/Desktop/AER201/botL.X/i2c_common.asm
              _.code_0332   0x0012ea    program     static /Users/mreiter/Desktop/AER201/botL.X/i2c_common.asm
              _.code_033E   0x0012f6    program     static /Users/mreiter/Desktop/AER201/botL.X/i2c_common.asm
                  _waitl2   0x001306    program     static /Users/mreiter/Desktop/AER201/botL.X/i2c_common.asm
              _.code_0358   0x001310    program     static /Users/mreiter/Desktop/AER201/botL.X/i2c_common.asm
                CHECK_ACK   0x001316    program     extern /Users/mreiter/Desktop/AER201/botL.X/i2c.asm
                I2C_ACKDT   0x001316    program     extern /Users/mreiter/Desktop/AER201/botL.X/i2c.asm
                 I2C_temp   0x001316    program     static /Users/mreiter/Desktop/AER201/botL.X/i2c.asm
               CHECK_NACK   0x00131a    program     extern /Users/mreiter/Desktop/AER201/botL.X/i2c.asm
                TEST_NACK   0x00131e    program     static /Users/mreiter/Desktop/AER201/botL.X/i2c.asm
          I2C_Master_INIT   0x001326    program     extern /Users/mreiter/Desktop/AER201/botL.X/i2c.asm
          I2C_Master_WAIT   0x001338    program     extern /Users/mreiter/Desktop/AER201/botL.X/i2c.asm
                     WAIT   0x001338    program     static /Users/mreiter/Desktop/AER201/botL.X/i2c.asm
         I2C_Master_START   0x001348    program     extern /Users/mreiter/Desktop/AER201/botL.X/i2c.asm
        I2C_Master_RSTART   0x001350    program     extern /Users/mreiter/Desktop/AER201/botL.X/i2c.asm
          I2C_Master_STOP   0x001358    program     extern /Users/mreiter/Desktop/AER201/botL.X/i2c.asm
         I2C_Master_WRITE   0x001360    program     extern /Users/mreiter/Desktop/AER201/botL.X/i2c.asm
                  HOLD_UP   0x001366    program     static /Users/mreiter/Desktop/AER201/botL.X/i2c.asm
          I2C_Master_READ   0x00136e    program     extern /Users/mreiter/Desktop/AER201/botL.X/i2c.asm
                     LOOP   0x001374    program     static /Users/mreiter/Desktop/AER201/botL.X/i2c.asm
           I2C_Master_ACK   0x00137c    program     extern /Users/mreiter/Desktop/AER201/botL.X/i2c.asm
                 TEST_ACK   0x001380    program     static /Users/mreiter/Desktop/AER201/botL.X/i2c.asm
               regaddress   0x000080       data     extern /Users/mreiter/Desktop/AER201/botL.X/i2c_common.asm
                 databyte   0x000081       data     extern /Users/mreiter/Desktop/AER201/botL.X/i2c_common.asm
                 datachar   0x000082       data     extern /Users/mreiter/Desktop/AER201/botL.X/i2c_common.asm
             data_colourL   0x000083       data     extern /Users/mreiter/Desktop/AER201/botL.X/i2c_common.asm
             data_colourH   0x000084       data     extern /Users/mreiter/Desktop/AER201/botL.X/i2c_common.asm
               tens_digit   0x000085       data     extern /Users/mreiter/Desktop/AER201/botL.X/i2c_common.asm
               ones_digit   0x000086       data     extern /Users/mreiter/Desktop/AER201/botL.X/i2c_common.asm
           convert_buffer   0x000087       data     extern /Users/mreiter/Desktop/AER201/botL.X/i2c_common.asm


