MPLINK 5.08, LINKER
Linker Map File - Created Fri Mar 10 21:26:01 2017

                                 Section Info
                  Section       Type    Address   Location Size(Bytes)
                ---------  ---------  ---------  ---------  ---------
                   .org_0       code   0x000000    program   0x000004
                   .cinit    romdata   0x000004    program   0x000002
                   .org_1       code   0x000008    program   0x000004
                   .org_2       code   0x000018    program   0x0010fa
                    .code       code   0x001112    program   0x00058e
.config_300001_BUILD/DEFAULT/PRODUCTION/MAIN.O    romdata   0x300001    program   0x000001
.config_300002_BUILD/DEFAULT/PRODUCTION/MAIN.O    romdata   0x300002    program   0x000001
.config_300003_BUILD/DEFAULT/PRODUCTION/MAIN.O    romdata   0x300003    program   0x000001
.config_300005_BUILD/DEFAULT/PRODUCTION/MAIN.O    romdata   0x300005    program   0x000001
.config_300006_BUILD/DEFAULT/PRODUCTION/MAIN.O    romdata   0x300006    program   0x000001
.config_300008_BUILD/DEFAULT/PRODUCTION/MAIN.O    romdata   0x300008    program   0x000001
.config_300009_BUILD/DEFAULT/PRODUCTION/MAIN.O    romdata   0x300009    program   0x000001
.config_30000A_BUILD/DEFAULT/PRODUCTION/MAIN.O    romdata   0x30000a    program   0x000001
.config_30000B_BUILD/DEFAULT/PRODUCTION/MAIN.O    romdata   0x30000b    program   0x000001
.config_30000C_BUILD/DEFAULT/PRODUCTION/MAIN.O    romdata   0x30000c    program   0x000001
.config_30000D_BUILD/DEFAULT/PRODUCTION/MAIN.O    romdata   0x30000d    program   0x000001
               .udata_acs      udata   0x000060       data   0x000006



                              Program Memory Usage 
                               Start         End      
                           ---------   ---------      
                            0x000000    0x000005      
                            0x000008    0x00000b      
                            0x000018    0x00169f      
                            0x300001    0x300003      
                            0x300005    0x300006      
                            0x300008    0x30000d      
            5789 out of 66584 program addresses used, program memory utilization is 8%



                              Symbols - Sorted by Name
                     Name    Address   Location    Storage File                     
                ---------  ---------  ---------  --------- ---------                
                CHECK_ACK   0x001630    program     extern /Users/mreiter/Desktop/AER201/botL.X/i2c.asm
               CHECK_DONE   0x000530    program     static /Users/mreiter/Desktop/AER201/botL.X/main.asm
               CHECK_NACK   0x001634    program     extern /Users/mreiter/Desktop/AER201/botL.X/i2c.asm
         COLLECTIONS_STEP   0x000428    program     static /Users/mreiter/Desktop/AER201/botL.X/main.asm
              COLOUR_TEST   0x0003b6    program     static /Users/mreiter/Desktop/AER201/botL.X/main.asm
           ClearEEPROM_21   0x000e76    program     static /Users/mreiter/Desktop/AER201/botL.X/main.asm
                ClearNext   0x000e7e    program     static /Users/mreiter/Desktop/AER201/botL.X/main.asm
                   ClkLCD   0x0012b6    program     extern /Users/mreiter/Desktop/AER201/botL.X/lcd.asm
                   ClrLCD   0x0012a8    program     extern /Users/mreiter/Desktop/AER201/botL.X/lcd.asm
                   Cycles   0x000e0e    program     static /Users/mreiter/Desktop/AER201/botL.X/main.asm
              DC_TEST_CCW   0x000346    program     static /Users/mreiter/Desktop/AER201/botL.X/main.asm
         DC_TEST_CCW_HOLD   0x00035a    program     static /Users/mreiter/Desktop/AER201/botL.X/main.asm
               DC_TEST_CW   0x000312    program     static /Users/mreiter/Desktop/AER201/botL.X/main.asm
          DC_TEST_CW_HOLD   0x000326    program     static /Users/mreiter/Desktop/AER201/botL.X/main.asm
               DETECTIONS   0x000454    program     static /Users/mreiter/Desktop/AER201/botL.X/main.asm
              DISPLAY_RTC   0x000c06    program     static /Users/mreiter/Desktop/AER201/botL.X/main.asm
                DataUSART   0x000d5c    program     static /Users/mreiter/Desktop/AER201/botL.X/main.asm
               Delay200us   0x000df6    program     static /Users/mreiter/Desktop/AER201/botL.X/main.asm
            Delay44usLoop   0x001308    program     static /Users/mreiter/Desktop/AER201/botL.X/lcd.asm
                Delay50ms   0x000e04    program     static /Users/mreiter/Desktop/AER201/botL.X/main.asm
             Delay5msLoop   0x001318    program     static /Users/mreiter/Desktop/AER201/botL.X/lcd.asm
                 Delay5us   0x000de8    program     static /Users/mreiter/Desktop/AER201/botL.X/main.asm
                DispOpRTC   0x00103a    program     static /Users/mreiter/Desktop/AER201/botL.X/main.asm
         DispOpRTC_Helper   0x0010d8    program     static /Users/mreiter/Desktop/AER201/botL.X/main.asm
               DispOpSort   0x000f62    program     static /Users/mreiter/Desktop/AER201/botL.X/main.asm
           DisplayExeTime   0x000ed0    program     static /Users/mreiter/Desktop/AER201/botL.X/main.asm
           EMERGENCY_STOP   0x000030    program     static /Users/mreiter/Desktop/AER201/botL.X/main.asm
             END_ISR_HIGH   0x0000da    program     static /Users/mreiter/Desktop/AER201/botL.X/main.asm
              END_ISR_LOW   0x00011e    program     static /Users/mreiter/Desktop/AER201/botL.X/main.asm
                EXECUTION   0x0003d6    program     static /Users/mreiter/Desktop/AER201/botL.X/main.asm
                 EXIT_EXE   0x00058a    program     static /Users/mreiter/Desktop/AER201/botL.X/main.asm
            EXIT_EXE_SAVE   0x0005a8    program     static /Users/mreiter/Desktop/AER201/botL.X/main.asm
                     Exe1   0x0011a6    program     static /Users/mreiter/Desktop/AER201/botL.X/main.asm
                     Exe2   0x0011b2    program     static /Users/mreiter/Desktop/AER201/botL.X/main.asm
                 HOLD_LOG   0x000602    program     static /Users/mreiter/Desktop/AER201/botL.X/main.asm
            HOLD_LOG_INFO   0x000660    program     static /Users/mreiter/Desktop/AER201/botL.X/main.asm
                  HOLD_PC   0x0008f2    program     static /Users/mreiter/Desktop/AER201/botL.X/main.asm
            HOLD_PERM_LOG   0x0006ba    program     static /Users/mreiter/Desktop/AER201/botL.X/main.asm
                HOLD_PLOG   0x000830    program     static /Users/mreiter/Desktop/AER201/botL.X/main.asm
        HOLD_PLOG_DETAILS   0x00088c    program     static /Users/mreiter/Desktop/AER201/botL.X/main.asm
             HOLD_STANDBY   0x00025c    program     static /Users/mreiter/Desktop/AER201/botL.X/main.asm
                  HOLD_UP   0x001680    program     static /Users/mreiter/Desktop/AER201/botL.X/i2c.asm
                I2C_ACKDT   0x001630    program     extern /Users/mreiter/Desktop/AER201/botL.X/i2c.asm
           I2C_Master_ACK   0x001696    program     extern /Users/mreiter/Desktop/AER201/botL.X/i2c.asm
          I2C_Master_INIT   0x001640    program     extern /Users/mreiter/Desktop/AER201/botL.X/i2c.asm
          I2C_Master_READ   0x001688    program     extern /Users/mreiter/Desktop/AER201/botL.X/i2c.asm
        I2C_Master_RSTART   0x00166a    program     extern /Users/mreiter/Desktop/AER201/botL.X/i2c.asm
         I2C_Master_START   0x001662    program     extern /Users/mreiter/Desktop/AER201/botL.X/i2c.asm
          I2C_Master_STOP   0x001672    program     extern /Users/mreiter/Desktop/AER201/botL.X/i2c.asm
          I2C_Master_WAIT   0x001652    program     extern /Users/mreiter/Desktop/AER201/botL.X/i2c.asm
         I2C_Master_WRITE   0x00167a    program     extern /Users/mreiter/Desktop/AER201/botL.X/i2c.asm
                 I2C_temp   0x001630    program     static /Users/mreiter/Desktop/AER201/botL.X/i2c.asm
              INC_ESKACAP   0x0004d0    program     static /Users/mreiter/Desktop/AER201/botL.X/main.asm
            INC_ESKANOCAP   0x0004b4    program     static /Users/mreiter/Desktop/AER201/botL.X/main.asm
               INC_YOPCAP   0x000498    program     static /Users/mreiter/Desktop/AER201/botL.X/main.asm
             INC_YOPNOCAP   0x00047c    program     static /Users/mreiter/Desktop/AER201/botL.X/main.asm
                     INIT   0x000128    program     static /Users/mreiter/Desktop/AER201/botL.X/main.asm
             INIT_ARDUINO   0x0015c4    program     extern /Users/mreiter/Desktop/AER201/botL.X/i2c_common.asm
                 INIT_RTC   0x00146e    program     extern /Users/mreiter/Desktop/AER201/botL.X/i2c_common.asm
               INIT_USART   0x000d48    program     static /Users/mreiter/Desktop/AER201/botL.X/main.asm
                 ISR_HIGH   0x00005a    program     static /Users/mreiter/Desktop/AER201/botL.X/main.asm
                  ISR_LOW   0x0000e4    program     static /Users/mreiter/Desktop/AER201/botL.X/main.asm
                  InitLCD   0x0011fa    program     extern /Users/mreiter/Desktop/AER201/botL.X/lcd.asm
                   LCD_L1   0x0012d4    program     extern /Users/mreiter/Desktop/AER201/botL.X/lcd.asm
                   LCD_L2   0x0012dc    program     extern /Users/mreiter/Desktop/AER201/botL.X/lcd.asm
                 LLD_LOOP   0x0012f2    program     static /Users/mreiter/Desktop/AER201/botL.X/lcd.asm
            LOAD_EXE_TIME   0x000026    program     static /Users/mreiter/Desktop/AER201/botL.X/main.asm
        LOAD_STANDBY_TIME   0x00001c    program     static /Users/mreiter/Desktop/AER201/botL.X/main.asm
                      LOG   0x0005ce    program     static /Users/mreiter/Desktop/AER201/botL.X/main.asm
                 LOG_INFO   0x000634    program     static /Users/mreiter/Desktop/AER201/botL.X/main.asm
                     LOOP   0x00168e    program     static /Users/mreiter/Desktop/AER201/botL.X/i2c.asm
                  LOOPING   0x0003b8    program     static /Users/mreiter/Desktop/AER201/botL.X/main.asm
                     Log1   0x001172    program     static /Users/mreiter/Desktop/AER201/botL.X/main.asm
                 LogInfo1   0x001178    program     static /Users/mreiter/Desktop/AER201/botL.X/main.asm
                 LogInfo2   0x001180    program     static /Users/mreiter/Desktop/AER201/botL.X/main.asm
                   MovMSB   0x0012e4    program     static /Users/mreiter/Desktop/AER201/botL.X/lcd.asm
                   NoData   0x0011f6    program     static /Users/mreiter/Desktop/AER201/botL.X/main.asm
        NoSkipDispExeTime   0x000f0e    program     static /Users/mreiter/Desktop/AER201/botL.X/main.asm
          NoSkipDispOpRTC   0x001076    program     static /Users/mreiter/Desktop/AER201/botL.X/main.asm
         NoSkipDispOpSort   0x000f9e    program     static /Users/mreiter/Desktop/AER201/botL.X/main.asm
                      PC1   0x0011ba    program     static /Users/mreiter/Desktop/AER201/botL.X/main.asm
                      PC2   0x0011c8    program     static /Users/mreiter/Desktop/AER201/botL.X/main.asm
               PCComplete   0x0011e2    program     static /Users/mreiter/Desktop/AER201/botL.X/main.asm
               PCTransfer   0x0011d2    program     static /Users/mreiter/Desktop/AER201/botL.X/main.asm
                  PC_MODE   0x0008a8    program     static /Users/mreiter/Desktop/AER201/botL.X/main.asm
              PC_TRANSFER   0x000924    program     static /Users/mreiter/Desktop/AER201/botL.X/main.asm
                 PERM_LOG   0x00067c    program     static /Users/mreiter/Desktop/AER201/botL.X/main.asm
                     PLOG   0x00079c    program     static /Users/mreiter/Desktop/AER201/botL.X/main.asm
             PLOG_DETAILS   0x000862    program     static /Users/mreiter/Desktop/AER201/botL.X/main.asm
                 PermLog1   0x00118a    program     static /Users/mreiter/Desktop/AER201/botL.X/main.asm
                 PermLog2   0x00119a    program     static /Users/mreiter/Desktop/AER201/botL.X/main.asm
                   RD_END   0x00153c    program     static /Users/mreiter/Desktop/AER201/botL.X/i2c_common.asm
               RD_END_RTC   0x00144e    program     static /Users/mreiter/Desktop/AER201/botL.X/i2c_common.asm
                  RD_ERR1   0x00151e    program     static /Users/mreiter/Desktop/AER201/botL.X/i2c_common.asm
              RD_ERR1_RTC   0x001430    program     static /Users/mreiter/Desktop/AER201/botL.X/i2c_common.asm
                  RD_ERR2   0x001528    program     static /Users/mreiter/Desktop/AER201/botL.X/i2c_common.asm
              RD_ERR2_RTC   0x00143a    program     static /Users/mreiter/Desktop/AER201/botL.X/i2c_common.asm
                  RD_ERR3   0x001532    program     static /Users/mreiter/Desktop/AER201/botL.X/i2c_common.asm
              RD_ERR3_RTC   0x001444    program     static /Users/mreiter/Desktop/AER201/botL.X/i2c_common.asm
             READ_ARDUINO   0x0015ee    program     extern /Users/mreiter/Desktop/AER201/botL.X/i2c_common.asm
          READ_COLOUR_I2C   0x0014ae    program     extern /Users/mreiter/Desktop/AER201/botL.X/i2c_common.asm
                 READ_KEY   0x000ebc    program     static /Users/mreiter/Desktop/AER201/botL.X/main.asm
                ROTATE_90   0x00042a    program     static /Users/mreiter/Desktop/AER201/botL.X/main.asm
           ROTATE_90_TEST   0x00038c    program     static /Users/mreiter/Desktop/AER201/botL.X/main.asm
                 RTC_INIT   0x000acc    program     static /Users/mreiter/Desktop/AER201/botL.X/main.asm
                     SAVE   0x0011ec    program     static /Users/mreiter/Desktop/AER201/botL.X/main.asm
            SAVE_EXE_TIME   0x000b50    program     static /Users/mreiter/Desktop/AER201/botL.X/main.asm
                SAVE_TIME   0x000ada    program     static /Users/mreiter/Desktop/AER201/botL.X/main.asm
                 SET_TIME   0x000ce0    program     static /Users/mreiter/Desktop/AER201/botL.X/main.asm
                  STANDBY   0x00020c    program     static /Users/mreiter/Desktop/AER201/botL.X/main.asm
                STEP_TEST   0x00037a    program     static /Users/mreiter/Desktop/AER201/botL.X/main.asm
                 SaveData   0x00094e    program     static /Users/mreiter/Desktop/AER201/botL.X/main.asm
                    Shift   0x0012c8    program     extern /Users/mreiter/Desktop/AER201/botL.X/lcd.asm
                ShiftLoop   0x000a66    program     static /Users/mreiter/Desktop/AER201/botL.X/main.asm
          SkipDispExeTime   0x000f60    program     static /Users/mreiter/Desktop/AER201/botL.X/main.asm
            SkipDispOpRTC   0x0010d6    program     static /Users/mreiter/Desktop/AER201/botL.X/main.asm
           SkipDispOpSort   0x001038    program     static /Users/mreiter/Desktop/AER201/botL.X/main.asm
                  StandBy   0x001122    program     static /Users/mreiter/Desktop/AER201/botL.X/main.asm
              StandbyInfo   0x00114a    program     static /Users/mreiter/Desktop/AER201/botL.X/main.asm
                 TEST_ACK   0x00169a    program     static /Users/mreiter/Desktop/AER201/botL.X/i2c.asm
                TEST_NACK   0x001638    program     static /Users/mreiter/Desktop/AER201/botL.X/i2c.asm
            TRANSFER_DATA   0x000d76    program     static /Users/mreiter/Desktop/AER201/botL.X/main.asm
            TRANSFER_LOGS   0x000d6c    program     static /Users/mreiter/Desktop/AER201/botL.X/main.asm
            TRAY_CCW_HOLD   0x00050c    program     static /Users/mreiter/Desktop/AER201/botL.X/main.asm
             TRAY_CW_HOLD   0x0004f2    program     static /Users/mreiter/Desktop/AER201/botL.X/main.asm
            TRAY_STEP_CCW   0x000506    program     static /Users/mreiter/Desktop/AER201/botL.X/main.asm
             TRAY_STEP_CW   0x0004ec    program     static /Users/mreiter/Desktop/AER201/botL.X/main.asm
            TRAY_STEP_END   0x000520    program     static /Users/mreiter/Desktop/AER201/botL.X/main.asm
                     Team   0x001118    program     static /Users/mreiter/Desktop/AER201/botL.X/main.asm
               USART_LINE   0x000dda    program     static /Users/mreiter/Desktop/AER201/botL.X/main.asm
               USART_WAIT   0x000dd0    program     static /Users/mreiter/Desktop/AER201/botL.X/main.asm
                     WAIT   0x001652    program     static /Users/mreiter/Desktop/AER201/botL.X/i2c.asm
         WRITE_COLOUR_I2C   0x001546    program     extern /Users/mreiter/Desktop/AER201/botL.X/i2c_common.asm
                  WR_DATA   0x00126e    program     extern /Users/mreiter/Desktop/AER201/botL.X/lcd.asm
                   WR_END   0x0015ba    program     static /Users/mreiter/Desktop/AER201/botL.X/i2c_common.asm
               WR_END_RTC   0x0013b8    program     static /Users/mreiter/Desktop/AER201/botL.X/i2c_common.asm
                  WR_ERR1   0x00159a    program     static /Users/mreiter/Desktop/AER201/botL.X/i2c_common.asm
              WR_ERR1_RTC   0x001398    program     static /Users/mreiter/Desktop/AER201/botL.X/i2c_common.asm
                  WR_ERR2   0x0015a4    program     static /Users/mreiter/Desktop/AER201/botL.X/i2c_common.asm
              WR_ERR2_RTC   0x0013a2    program     static /Users/mreiter/Desktop/AER201/botL.X/i2c_common.asm
                  WR_ERR3   0x0015b0    program     static /Users/mreiter/Desktop/AER201/botL.X/i2c_common.asm
              WR_ERR3_RTC   0x0013ae    program     static /Users/mreiter/Desktop/AER201/botL.X/i2c_common.asm
                   WR_INS   0x001252    program     extern /Users/mreiter/Desktop/AER201/botL.X/lcd.asm
                  Welcome   0x001112    program     static /Users/mreiter/Desktop/AER201/botL.X/main.asm
              WriteEE_RTC   0x000e18    program     static /Users/mreiter/Desktop/AER201/botL.X/main.asm
                   WrtLCD   0x001292    program     extern /Users/mreiter/Desktop/AER201/botL.X/lcd.asm
              _.code_001C   0x001342    program     static /Users/mreiter/Desktop/AER201/botL.X/i2c_common.asm
              _.code_002A   0x001350    program     static /Users/mreiter/Desktop/AER201/botL.X/i2c_common.asm
              _.code_0032   0x001358    program     static /Users/mreiter/Desktop/AER201/botL.X/i2c_common.asm
              _.code_0038   0x00135e    program     static /Users/mreiter/Desktop/AER201/botL.X/i2c_common.asm
              _.code_0048   0x00136e    program     static /Users/mreiter/Desktop/AER201/botL.X/i2c_common.asm
              _.code_004E   0x001374    program     static /Users/mreiter/Desktop/AER201/botL.X/i2c_common.asm
              _.code_005E   0x001384    program     static /Users/mreiter/Desktop/AER201/botL.X/i2c_common.asm
              _.code_0064   0x00138a    program     static /Users/mreiter/Desktop/AER201/botL.X/i2c_common.asm
              _.code_0096   0x0013bc    program     static /Users/mreiter/Desktop/AER201/botL.X/i2c_common.asm
              _.code_00A4   0x0013ca    program     static /Users/mreiter/Desktop/AER201/botL.X/i2c_common.asm
              _.code_00AC   0x0013d2    program     static /Users/mreiter/Desktop/AER201/botL.X/i2c_common.asm
              _.code_00B2   0x0013d8    program     static /Users/mreiter/Desktop/AER201/botL.X/i2c_common.asm
              _.code_00C2   0x0013e8    program     static /Users/mreiter/Desktop/AER201/botL.X/i2c_common.asm
              _.code_00C8   0x0013ee    program     static /Users/mreiter/Desktop/AER201/botL.X/i2c_common.asm
              _.code_00C8   0x0012c2    program     static /Users/mreiter/Desktop/AER201/botL.X/lcd.asm
              _.code_00D6   0x0013fc    program     static /Users/mreiter/Desktop/AER201/botL.X/i2c_common.asm
              _.code_00DE   0x001404    program     static /Users/mreiter/Desktop/AER201/botL.X/i2c_common.asm
              _.code_00E4   0x00140a    program     static /Users/mreiter/Desktop/AER201/botL.X/i2c_common.asm
              _.code_00F2   0x001418    program     static /Users/mreiter/Desktop/AER201/botL.X/i2c_common.asm
              _.code_00FE   0x0012f8    program     static /Users/mreiter/Desktop/AER201/botL.X/lcd.asm
              _.code_012C   0x001452    program     static /Users/mreiter/Desktop/AER201/botL.X/i2c_common.asm
              _.code_0150   0x001476    program     static /Users/mreiter/Desktop/AER201/botL.X/i2c_common.asm
              _.code_0158   0x00147e    program     static /Users/mreiter/Desktop/AER201/botL.X/i2c_common.asm
              _.code_015E   0x001484    program     static /Users/mreiter/Desktop/AER201/botL.X/i2c_common.asm
              _.code_0166   0x00148c    program     static /Users/mreiter/Desktop/AER201/botL.X/i2c_common.asm
              _.code_016C   0x001492    program     static /Users/mreiter/Desktop/AER201/botL.X/i2c_common.asm
              _.code_0174   0x00149a    program     static /Users/mreiter/Desktop/AER201/botL.X/i2c_common.asm
              _.code_017A   0x0014a0    program     static /Users/mreiter/Desktop/AER201/botL.X/i2c_common.asm
              _.code_0182   0x0014a8    program     static /Users/mreiter/Desktop/AER201/botL.X/i2c_common.asm
              _.code_0190   0x0014b6    program     static /Users/mreiter/Desktop/AER201/botL.X/i2c_common.asm
              _.code_0198   0x0014be    program     static /Users/mreiter/Desktop/AER201/botL.X/i2c_common.asm
              _.code_019E   0x0014c4    program     static /Users/mreiter/Desktop/AER201/botL.X/i2c_common.asm
              _.code_01B0   0x0014d6    program     static /Users/mreiter/Desktop/AER201/botL.X/i2c_common.asm
              _.code_01B6   0x0014dc    program     static /Users/mreiter/Desktop/AER201/botL.X/i2c_common.asm
              _.code_01C4   0x0014ea    program     static /Users/mreiter/Desktop/AER201/botL.X/i2c_common.asm
              _.code_01CC   0x0014f2    program     static /Users/mreiter/Desktop/AER201/botL.X/i2c_common.asm
              _.code_01D2   0x0014f8    program     static /Users/mreiter/Desktop/AER201/botL.X/i2c_common.asm
              _.code_01E0   0x001506    program     static /Users/mreiter/Desktop/AER201/botL.X/i2c_common.asm
              _.code_021A   0x001540    program     static /Users/mreiter/Desktop/AER201/botL.X/i2c_common.asm
              _.code_0228   0x00154e    program     static /Users/mreiter/Desktop/AER201/botL.X/i2c_common.asm
              _.code_0230   0x001556    program     static /Users/mreiter/Desktop/AER201/botL.X/i2c_common.asm
              _.code_0236   0x00155c    program     static /Users/mreiter/Desktop/AER201/botL.X/i2c_common.asm
              _.code_0248   0x00156e    program     static /Users/mreiter/Desktop/AER201/botL.X/i2c_common.asm
              _.code_024E   0x001574    program     static /Users/mreiter/Desktop/AER201/botL.X/i2c_common.asm
              _.code_0260   0x001586    program     static /Users/mreiter/Desktop/AER201/botL.X/i2c_common.asm
              _.code_0266   0x00158c    program     static /Users/mreiter/Desktop/AER201/botL.X/i2c_common.asm
              _.code_0298   0x0015be    program     static /Users/mreiter/Desktop/AER201/botL.X/i2c_common.asm
              _.code_02A6   0x0015cc    program     static /Users/mreiter/Desktop/AER201/botL.X/i2c_common.asm
              _.code_02AE   0x0015d4    program     static /Users/mreiter/Desktop/AER201/botL.X/i2c_common.asm
              _.code_02B4   0x0015da    program     static /Users/mreiter/Desktop/AER201/botL.X/i2c_common.asm
              _.code_02C2   0x0015e8    program     static /Users/mreiter/Desktop/AER201/botL.X/i2c_common.asm
              _.code_02D0   0x0015f6    program     static /Users/mreiter/Desktop/AER201/botL.X/i2c_common.asm
              _.code_02D8   0x0015fe    program     static /Users/mreiter/Desktop/AER201/botL.X/i2c_common.asm
              _.code_02E0   0x001606    program     static /Users/mreiter/Desktop/AER201/botL.X/i2c_common.asm
              _.code_02E6   0x00160c    program     static /Users/mreiter/Desktop/AER201/botL.X/i2c_common.asm
              _.code_02EE   0x001614    program     static /Users/mreiter/Desktop/AER201/botL.X/i2c_common.asm
              _.code_0304   0x00162a    program     static /Users/mreiter/Desktop/AER201/botL.X/i2c_common.asm
             _.org_2_0962   0x000962    program     static /Users/mreiter/Desktop/AER201/botL.X/main.asm
             _.org_2_097A   0x00097a    program     static /Users/mreiter/Desktop/AER201/botL.X/main.asm
             _.org_2_0996   0x000996    program     static /Users/mreiter/Desktop/AER201/botL.X/main.asm
             _.org_2_09AE   0x0009ae    program     static /Users/mreiter/Desktop/AER201/botL.X/main.asm
             _.org_2_09CA   0x0009ca    program     static /Users/mreiter/Desktop/AER201/botL.X/main.asm
             _.org_2_09E2   0x0009e2    program     static /Users/mreiter/Desktop/AER201/botL.X/main.asm
             _.org_2_09FE   0x0009fe    program     static /Users/mreiter/Desktop/AER201/botL.X/main.asm
             _.org_2_0A16   0x000a16    program     static /Users/mreiter/Desktop/AER201/botL.X/main.asm
             _.org_2_0A32   0x000a32    program     static /Users/mreiter/Desktop/AER201/botL.X/main.asm
             _.org_2_0A4A   0x000a4a    program     static /Users/mreiter/Desktop/AER201/botL.X/main.asm
             _.org_2_0A8C   0x000a8c    program     static /Users/mreiter/Desktop/AER201/botL.X/main.asm
             _.org_2_0AA4   0x000aa4    program     static /Users/mreiter/Desktop/AER201/botL.X/main.asm
             _.org_2_0B6C   0x000b6c    program     static /Users/mreiter/Desktop/AER201/botL.X/main.asm
             _.org_2_0B84   0x000b84    program     static /Users/mreiter/Desktop/AER201/botL.X/main.asm
             _.org_2_0BA8   0x000ba8    program     static /Users/mreiter/Desktop/AER201/botL.X/main.asm
             _.org_2_0BC0   0x000bc0    program     static /Users/mreiter/Desktop/AER201/botL.X/main.asm
             _.org_2_0BE4   0x000be4    program     static /Users/mreiter/Desktop/AER201/botL.X/main.asm
             _.org_2_0BFC   0x000bfc    program     static /Users/mreiter/Desktop/AER201/botL.X/main.asm
             _.org_2_0DD4   0x000dd4    program     static /Users/mreiter/Desktop/AER201/botL.X/main.asm
             _.org_2_0E26   0x000e26    program     static /Users/mreiter/Desktop/AER201/botL.X/main.asm
             _.org_2_0E3E   0x000e3e    program     static /Users/mreiter/Desktop/AER201/botL.X/main.asm
             _.org_2_0E54   0x000e54    program     static /Users/mreiter/Desktop/AER201/botL.X/main.asm
             _.org_2_0E6C   0x000e6c    program     static /Users/mreiter/Desktop/AER201/botL.X/main.asm
             _.org_2_0E8C   0x000e8c    program     static /Users/mreiter/Desktop/AER201/botL.X/main.asm
             _.org_2_0EA4   0x000ea4    program     static /Users/mreiter/Desktop/AER201/botL.X/main.asm
             _.org_2_0ECA   0x000eca    program     static /Users/mreiter/Desktop/AER201/botL.X/main.asm
                 _103loop   0x000f8c    program     static /Users/mreiter/Desktop/AER201/botL.X/main.asm
                 _109loop   0x001064    program     static /Users/mreiter/Desktop/AER201/botL.X/main.asm
                  _10loop   0x0001f4    program     static /Users/mreiter/Desktop/AER201/botL.X/main.asm
                  _11loop   0x000202    program     static /Users/mreiter/Desktop/AER201/botL.X/main.asm
                  _12loop   0x00022a    program     static /Users/mreiter/Desktop/AER201/botL.X/main.asm
                  _13loop   0x000248    program     static /Users/mreiter/Desktop/AER201/botL.X/main.asm
                  _14Exit   0x000274    program     static /Users/mreiter/Desktop/AER201/botL.X/main.asm
                  _14Next   0x000268    program     static /Users/mreiter/Desktop/AER201/botL.X/main.asm
                  _15Exit   0x00028a    program     static /Users/mreiter/Desktop/AER201/botL.X/main.asm
                  _15Next   0x00027e    program     static /Users/mreiter/Desktop/AER201/botL.X/main.asm
                  _16Exit   0x0002a0    program     static /Users/mreiter/Desktop/AER201/botL.X/main.asm
                  _16Next   0x000294    program     static /Users/mreiter/Desktop/AER201/botL.X/main.asm
                  _17Exit   0x0002b6    program     static /Users/mreiter/Desktop/AER201/botL.X/main.asm
                  _17Next   0x0002aa    program     static /Users/mreiter/Desktop/AER201/botL.X/main.asm
                  _18Exit   0x0002cc    program     static /Users/mreiter/Desktop/AER201/botL.X/main.asm
                  _18Next   0x0002c0    program     static /Users/mreiter/Desktop/AER201/botL.X/main.asm
                  _19Exit   0x0002e2    program     static /Users/mreiter/Desktop/AER201/botL.X/main.asm
                  _19Next   0x0002d6    program     static /Users/mreiter/Desktop/AER201/botL.X/main.asm
                  _20Exit   0x0002f8    program     static /Users/mreiter/Desktop/AER201/botL.X/main.asm
                  _20Next   0x0002ec    program     static /Users/mreiter/Desktop/AER201/botL.X/main.asm
                  _21Exit   0x00030e    program     static /Users/mreiter/Desktop/AER201/botL.X/main.asm
                  _21Next   0x000302    program     static /Users/mreiter/Desktop/AER201/botL.X/main.asm
                  _22loop   0x00031c    program     static /Users/mreiter/Desktop/AER201/botL.X/main.asm
                  _23Exit   0x000342    program     static /Users/mreiter/Desktop/AER201/botL.X/main.asm
                  _23Next   0x000336    program     static /Users/mreiter/Desktop/AER201/botL.X/main.asm
                  _24loop   0x000350    program     static /Users/mreiter/Desktop/AER201/botL.X/main.asm
                  _25Exit   0x000376    program     static /Users/mreiter/Desktop/AER201/botL.X/main.asm
                  _25Next   0x00036a    program     static /Users/mreiter/Desktop/AER201/botL.X/main.asm
                  _26loop   0x000382    program     static /Users/mreiter/Desktop/AER201/botL.X/main.asm
                  _27loop   0x0003bc    program     static /Users/mreiter/Desktop/AER201/botL.X/main.asm
                  _28loop   0x0003f8    program     static /Users/mreiter/Desktop/AER201/botL.X/main.asm
                  _29loop   0x0004fa    program     static /Users/mreiter/Desktop/AER201/botL.X/main.asm
                  _30loop   0x000514    program     static /Users/mreiter/Desktop/AER201/botL.X/main.asm
                  _31loop   0x0005bc    program     static /Users/mreiter/Desktop/AER201/botL.X/main.asm
                  _32loop   0x0005e4    program     static /Users/mreiter/Desktop/AER201/botL.X/main.asm
                  _33Exit   0x00061a    program     static /Users/mreiter/Desktop/AER201/botL.X/main.asm
                  _33Next   0x00060e    program     static /Users/mreiter/Desktop/AER201/botL.X/main.asm
                  _34Exit   0x000630    program     static /Users/mreiter/Desktop/AER201/botL.X/main.asm
                  _34Next   0x000624    program     static /Users/mreiter/Desktop/AER201/botL.X/main.asm
                  _35loop   0x000652    program     static /Users/mreiter/Desktop/AER201/botL.X/main.asm
                  _36Exit   0x000678    program     static /Users/mreiter/Desktop/AER201/botL.X/main.asm
                  _36Next   0x00066c    program     static /Users/mreiter/Desktop/AER201/botL.X/main.asm
                  _37loop   0x000692    program     static /Users/mreiter/Desktop/AER201/botL.X/main.asm
                  _38loop   0x0006b0    program     static /Users/mreiter/Desktop/AER201/botL.X/main.asm
                  _39Exit   0x0006d2    program     static /Users/mreiter/Desktop/AER201/botL.X/main.asm
                  _39Next   0x0006c6    program     static /Users/mreiter/Desktop/AER201/botL.X/main.asm
                 _3endBCD   0x0000a6    program     static /Users/mreiter/Desktop/AER201/botL.X/main.asm
                   _3ones   0x0000a0    program     static /Users/mreiter/Desktop/AER201/botL.X/main.asm
                  _40Exit   0x0006e8    program     static /Users/mreiter/Desktop/AER201/botL.X/main.asm
                  _40Next   0x0006dc    program     static /Users/mreiter/Desktop/AER201/botL.X/main.asm
                  _41Exit   0x0006fe    program     static /Users/mreiter/Desktop/AER201/botL.X/main.asm
                  _41Next   0x0006f2    program     static /Users/mreiter/Desktop/AER201/botL.X/main.asm
                  _42Exit   0x000714    program     static /Users/mreiter/Desktop/AER201/botL.X/main.asm
                  _42Next   0x000708    program     static /Users/mreiter/Desktop/AER201/botL.X/main.asm
                  _43Exit   0x00072a    program     static /Users/mreiter/Desktop/AER201/botL.X/main.asm
                  _43Next   0x00071e    program     static /Users/mreiter/Desktop/AER201/botL.X/main.asm
                  _44Exit   0x000740    program     static /Users/mreiter/Desktop/AER201/botL.X/main.asm
                  _44Next   0x000734    program     static /Users/mreiter/Desktop/AER201/botL.X/main.asm
                  _45Exit   0x000756    program     static /Users/mreiter/Desktop/AER201/botL.X/main.asm
                  _45Next   0x00074a    program     static /Users/mreiter/Desktop/AER201/botL.X/main.asm
                  _46Exit   0x00076c    program     static /Users/mreiter/Desktop/AER201/botL.X/main.asm
                  _46Next   0x000760    program     static /Users/mreiter/Desktop/AER201/botL.X/main.asm
                  _47Exit   0x000782    program     static /Users/mreiter/Desktop/AER201/botL.X/main.asm
                  _47Next   0x000776    program     static /Users/mreiter/Desktop/AER201/botL.X/main.asm
                  _48Exit   0x000798    program     static /Users/mreiter/Desktop/AER201/botL.X/main.asm
                  _48Next   0x00078c    program     static /Users/mreiter/Desktop/AER201/botL.X/main.asm
                  _49loop   0x0007b0    program     static /Users/mreiter/Desktop/AER201/botL.X/main.asm
                 _4endBCD   0x0000d8    program     static /Users/mreiter/Desktop/AER201/botL.X/main.asm
                   _4ones   0x0000d2    program     static /Users/mreiter/Desktop/AER201/botL.X/main.asm
                  _52Exit   0x000848    program     static /Users/mreiter/Desktop/AER201/botL.X/main.asm
                  _52Next   0x00083c    program     static /Users/mreiter/Desktop/AER201/botL.X/main.asm
                  _53Exit   0x00085e    program     static /Users/mreiter/Desktop/AER201/botL.X/main.asm
                  _53Next   0x000852    program     static /Users/mreiter/Desktop/AER201/botL.X/main.asm
                  _54loop   0x000876    program     static /Users/mreiter/Desktop/AER201/botL.X/main.asm
                  _55Exit   0x0008a4    program     static /Users/mreiter/Desktop/AER201/botL.X/main.asm
                  _55Next   0x000898    program     static /Users/mreiter/Desktop/AER201/botL.X/main.asm
                  _56loop   0x0008be    program     static /Users/mreiter/Desktop/AER201/botL.X/main.asm
                  _57loop   0x0008dc    program     static /Users/mreiter/Desktop/AER201/botL.X/main.asm
                  _58Exit   0x00090a    program     static /Users/mreiter/Desktop/AER201/botL.X/main.asm
                  _58Next   0x0008fe    program     static /Users/mreiter/Desktop/AER201/botL.X/main.asm
                  _59Exit   0x000920    program     static /Users/mreiter/Desktop/AER201/botL.X/main.asm
                  _59Next   0x000914    program     static /Users/mreiter/Desktop/AER201/botL.X/main.asm
                  _60loop   0x00093a    program     static /Users/mreiter/Desktop/AER201/botL.X/main.asm
                  _92loop   0x000db6    program     static /Users/mreiter/Desktop/AER201/botL.X/main.asm
                  _93loop   0x000dc4    program     static /Users/mreiter/Desktop/AER201/botL.X/main.asm
                  _98loop   0x000efa    program     static /Users/mreiter/Desktop/AER201/botL.X/main.asm
                   _9loop   0x0001d6    program     static /Users/mreiter/Desktop/AER201/botL.X/main.asm
                  _waitl0   0x001426    program     static /Users/mreiter/Desktop/AER201/botL.X/i2c_common.asm
                  _waitl1   0x001514    program     static /Users/mreiter/Desktop/AER201/botL.X/i2c_common.asm
                  _waitl2   0x001620    program     static /Users/mreiter/Desktop/AER201/botL.X/i2c_common.asm
                       d2   0x001320    program     static /Users/mreiter/Desktop/AER201/botL.X/lcd.asm
                del_loop0   0x000ce6    program     static /Users/mreiter/Desktop/AER201/botL.X/main.asm
                delay44us   0x001304    program     extern /Users/mreiter/Desktop/AER201/botL.X/lcd.asm
                 delay5ms   0x001310    program     extern /Users/mreiter/Desktop/AER201/botL.X/lcd.asm
               displayNum   0x0007d6    program     static /Users/mreiter/Desktop/AER201/botL.X/main.asm
         i2c_common_setup   0x001326    program     extern /Users/mreiter/Desktop/AER201/botL.X/i2c_common.asm
             lcdLongDelay   0x0012ee    program     static /Users/mreiter/Desktop/AER201/botL.X/lcd.asm
                loop200us   0x000dfa    program     static /Users/mreiter/Desktop/AER201/botL.X/main.asm
                 loop50ms   0x000e08    program     static /Users/mreiter/Desktop/AER201/botL.X/main.asm
                  loop5us   0x000dec    program     static /Users/mreiter/Desktop/AER201/botL.X/main.asm
                 read_rtc   0x0013c2    program     extern /Users/mreiter/Desktop/AER201/botL.X/i2c_common.asm
              rtc_convert   0x001458    program     extern /Users/mreiter/Desktop/AER201/botL.X/i2c_common.asm
                write_rtc   0x001348    program     extern /Users/mreiter/Desktop/AER201/botL.X/i2c_common.asm
           convert_buffer   0x000065       data     extern /Users/mreiter/Desktop/AER201/botL.X/i2c_common.asm
                 databyte   0x000061       data     extern /Users/mreiter/Desktop/AER201/botL.X/i2c_common.asm
                 datachar   0x000062       data     extern /Users/mreiter/Desktop/AER201/botL.X/i2c_common.asm
               ones_digit   0x000064       data     extern /Users/mreiter/Desktop/AER201/botL.X/i2c_common.asm
               regaddress   0x000060       data     extern /Users/mreiter/Desktop/AER201/botL.X/i2c_common.asm
               tens_digit   0x000063       data     extern /Users/mreiter/Desktop/AER201/botL.X/i2c_common.asm



                              Symbols - Sorted by Address
                     Name    Address   Location    Storage File                     
                ---------  ---------  ---------  --------- ---------                
        LOAD_STANDBY_TIME   0x00001c    program     static /Users/mreiter/Desktop/AER201/botL.X/main.asm
            LOAD_EXE_TIME   0x000026    program     static /Users/mreiter/Desktop/AER201/botL.X/main.asm
           EMERGENCY_STOP   0x000030    program     static /Users/mreiter/Desktop/AER201/botL.X/main.asm
                 ISR_HIGH   0x00005a    program     static /Users/mreiter/Desktop/AER201/botL.X/main.asm
                   _3ones   0x0000a0    program     static /Users/mreiter/Desktop/AER201/botL.X/main.asm
                 _3endBCD   0x0000a6    program     static /Users/mreiter/Desktop/AER201/botL.X/main.asm
                   _4ones   0x0000d2    program     static /Users/mreiter/Desktop/AER201/botL.X/main.asm
                 _4endBCD   0x0000d8    program     static /Users/mreiter/Desktop/AER201/botL.X/main.asm
             END_ISR_HIGH   0x0000da    program     static /Users/mreiter/Desktop/AER201/botL.X/main.asm
                  ISR_LOW   0x0000e4    program     static /Users/mreiter/Desktop/AER201/botL.X/main.asm
              END_ISR_LOW   0x00011e    program     static /Users/mreiter/Desktop/AER201/botL.X/main.asm
                     INIT   0x000128    program     static /Users/mreiter/Desktop/AER201/botL.X/main.asm
                   _9loop   0x0001d6    program     static /Users/mreiter/Desktop/AER201/botL.X/main.asm
                  _10loop   0x0001f4    program     static /Users/mreiter/Desktop/AER201/botL.X/main.asm
                  _11loop   0x000202    program     static /Users/mreiter/Desktop/AER201/botL.X/main.asm
                  STANDBY   0x00020c    program     static /Users/mreiter/Desktop/AER201/botL.X/main.asm
                  _12loop   0x00022a    program     static /Users/mreiter/Desktop/AER201/botL.X/main.asm
                  _13loop   0x000248    program     static /Users/mreiter/Desktop/AER201/botL.X/main.asm
             HOLD_STANDBY   0x00025c    program     static /Users/mreiter/Desktop/AER201/botL.X/main.asm
                  _14Next   0x000268    program     static /Users/mreiter/Desktop/AER201/botL.X/main.asm
                  _14Exit   0x000274    program     static /Users/mreiter/Desktop/AER201/botL.X/main.asm
                  _15Next   0x00027e    program     static /Users/mreiter/Desktop/AER201/botL.X/main.asm
                  _15Exit   0x00028a    program     static /Users/mreiter/Desktop/AER201/botL.X/main.asm
                  _16Next   0x000294    program     static /Users/mreiter/Desktop/AER201/botL.X/main.asm
                  _16Exit   0x0002a0    program     static /Users/mreiter/Desktop/AER201/botL.X/main.asm
                  _17Next   0x0002aa    program     static /Users/mreiter/Desktop/AER201/botL.X/main.asm
                  _17Exit   0x0002b6    program     static /Users/mreiter/Desktop/AER201/botL.X/main.asm
                  _18Next   0x0002c0    program     static /Users/mreiter/Desktop/AER201/botL.X/main.asm
                  _18Exit   0x0002cc    program     static /Users/mreiter/Desktop/AER201/botL.X/main.asm
                  _19Next   0x0002d6    program     static /Users/mreiter/Desktop/AER201/botL.X/main.asm
                  _19Exit   0x0002e2    program     static /Users/mreiter/Desktop/AER201/botL.X/main.asm
                  _20Next   0x0002ec    program     static /Users/mreiter/Desktop/AER201/botL.X/main.asm
                  _20Exit   0x0002f8    program     static /Users/mreiter/Desktop/AER201/botL.X/main.asm
                  _21Next   0x000302    program     static /Users/mreiter/Desktop/AER201/botL.X/main.asm
                  _21Exit   0x00030e    program     static /Users/mreiter/Desktop/AER201/botL.X/main.asm
               DC_TEST_CW   0x000312    program     static /Users/mreiter/Desktop/AER201/botL.X/main.asm
                  _22loop   0x00031c    program     static /Users/mreiter/Desktop/AER201/botL.X/main.asm
          DC_TEST_CW_HOLD   0x000326    program     static /Users/mreiter/Desktop/AER201/botL.X/main.asm
                  _23Next   0x000336    program     static /Users/mreiter/Desktop/AER201/botL.X/main.asm
                  _23Exit   0x000342    program     static /Users/mreiter/Desktop/AER201/botL.X/main.asm
              DC_TEST_CCW   0x000346    program     static /Users/mreiter/Desktop/AER201/botL.X/main.asm
                  _24loop   0x000350    program     static /Users/mreiter/Desktop/AER201/botL.X/main.asm
         DC_TEST_CCW_HOLD   0x00035a    program     static /Users/mreiter/Desktop/AER201/botL.X/main.asm
                  _25Next   0x00036a    program     static /Users/mreiter/Desktop/AER201/botL.X/main.asm
                  _25Exit   0x000376    program     static /Users/mreiter/Desktop/AER201/botL.X/main.asm
                STEP_TEST   0x00037a    program     static /Users/mreiter/Desktop/AER201/botL.X/main.asm
                  _26loop   0x000382    program     static /Users/mreiter/Desktop/AER201/botL.X/main.asm
           ROTATE_90_TEST   0x00038c    program     static /Users/mreiter/Desktop/AER201/botL.X/main.asm
              COLOUR_TEST   0x0003b6    program     static /Users/mreiter/Desktop/AER201/botL.X/main.asm
                  LOOPING   0x0003b8    program     static /Users/mreiter/Desktop/AER201/botL.X/main.asm
                  _27loop   0x0003bc    program     static /Users/mreiter/Desktop/AER201/botL.X/main.asm
                EXECUTION   0x0003d6    program     static /Users/mreiter/Desktop/AER201/botL.X/main.asm
                  _28loop   0x0003f8    program     static /Users/mreiter/Desktop/AER201/botL.X/main.asm
         COLLECTIONS_STEP   0x000428    program     static /Users/mreiter/Desktop/AER201/botL.X/main.asm
                ROTATE_90   0x00042a    program     static /Users/mreiter/Desktop/AER201/botL.X/main.asm
               DETECTIONS   0x000454    program     static /Users/mreiter/Desktop/AER201/botL.X/main.asm
             INC_YOPNOCAP   0x00047c    program     static /Users/mreiter/Desktop/AER201/botL.X/main.asm
               INC_YOPCAP   0x000498    program     static /Users/mreiter/Desktop/AER201/botL.X/main.asm
            INC_ESKANOCAP   0x0004b4    program     static /Users/mreiter/Desktop/AER201/botL.X/main.asm
              INC_ESKACAP   0x0004d0    program     static /Users/mreiter/Desktop/AER201/botL.X/main.asm
             TRAY_STEP_CW   0x0004ec    program     static /Users/mreiter/Desktop/AER201/botL.X/main.asm
             TRAY_CW_HOLD   0x0004f2    program     static /Users/mreiter/Desktop/AER201/botL.X/main.asm
                  _29loop   0x0004fa    program     static /Users/mreiter/Desktop/AER201/botL.X/main.asm
            TRAY_STEP_CCW   0x000506    program     static /Users/mreiter/Desktop/AER201/botL.X/main.asm
            TRAY_CCW_HOLD   0x00050c    program     static /Users/mreiter/Desktop/AER201/botL.X/main.asm
                  _30loop   0x000514    program     static /Users/mreiter/Desktop/AER201/botL.X/main.asm
            TRAY_STEP_END   0x000520    program     static /Users/mreiter/Desktop/AER201/botL.X/main.asm
               CHECK_DONE   0x000530    program     static /Users/mreiter/Desktop/AER201/botL.X/main.asm
                 EXIT_EXE   0x00058a    program     static /Users/mreiter/Desktop/AER201/botL.X/main.asm
            EXIT_EXE_SAVE   0x0005a8    program     static /Users/mreiter/Desktop/AER201/botL.X/main.asm
                  _31loop   0x0005bc    program     static /Users/mreiter/Desktop/AER201/botL.X/main.asm
                      LOG   0x0005ce    program     static /Users/mreiter/Desktop/AER201/botL.X/main.asm
                  _32loop   0x0005e4    program     static /Users/mreiter/Desktop/AER201/botL.X/main.asm
                 HOLD_LOG   0x000602    program     static /Users/mreiter/Desktop/AER201/botL.X/main.asm
                  _33Next   0x00060e    program     static /Users/mreiter/Desktop/AER201/botL.X/main.asm
                  _33Exit   0x00061a    program     static /Users/mreiter/Desktop/AER201/botL.X/main.asm
                  _34Next   0x000624    program     static /Users/mreiter/Desktop/AER201/botL.X/main.asm
                  _34Exit   0x000630    program     static /Users/mreiter/Desktop/AER201/botL.X/main.asm
                 LOG_INFO   0x000634    program     static /Users/mreiter/Desktop/AER201/botL.X/main.asm
                  _35loop   0x000652    program     static /Users/mreiter/Desktop/AER201/botL.X/main.asm
            HOLD_LOG_INFO   0x000660    program     static /Users/mreiter/Desktop/AER201/botL.X/main.asm
                  _36Next   0x00066c    program     static /Users/mreiter/Desktop/AER201/botL.X/main.asm
                  _36Exit   0x000678    program     static /Users/mreiter/Desktop/AER201/botL.X/main.asm
                 PERM_LOG   0x00067c    program     static /Users/mreiter/Desktop/AER201/botL.X/main.asm
                  _37loop   0x000692    program     static /Users/mreiter/Desktop/AER201/botL.X/main.asm
                  _38loop   0x0006b0    program     static /Users/mreiter/Desktop/AER201/botL.X/main.asm
            HOLD_PERM_LOG   0x0006ba    program     static /Users/mreiter/Desktop/AER201/botL.X/main.asm
                  _39Next   0x0006c6    program     static /Users/mreiter/Desktop/AER201/botL.X/main.asm
                  _39Exit   0x0006d2    program     static /Users/mreiter/Desktop/AER201/botL.X/main.asm
                  _40Next   0x0006dc    program     static /Users/mreiter/Desktop/AER201/botL.X/main.asm
                  _40Exit   0x0006e8    program     static /Users/mreiter/Desktop/AER201/botL.X/main.asm
                  _41Next   0x0006f2    program     static /Users/mreiter/Desktop/AER201/botL.X/main.asm
                  _41Exit   0x0006fe    program     static /Users/mreiter/Desktop/AER201/botL.X/main.asm
                  _42Next   0x000708    program     static /Users/mreiter/Desktop/AER201/botL.X/main.asm
                  _42Exit   0x000714    program     static /Users/mreiter/Desktop/AER201/botL.X/main.asm
                  _43Next   0x00071e    program     static /Users/mreiter/Desktop/AER201/botL.X/main.asm
                  _43Exit   0x00072a    program     static /Users/mreiter/Desktop/AER201/botL.X/main.asm
                  _44Next   0x000734    program     static /Users/mreiter/Desktop/AER201/botL.X/main.asm
                  _44Exit   0x000740    program     static /Users/mreiter/Desktop/AER201/botL.X/main.asm
                  _45Next   0x00074a    program     static /Users/mreiter/Desktop/AER201/botL.X/main.asm
                  _45Exit   0x000756    program     static /Users/mreiter/Desktop/AER201/botL.X/main.asm
                  _46Next   0x000760    program     static /Users/mreiter/Desktop/AER201/botL.X/main.asm
                  _46Exit   0x00076c    program     static /Users/mreiter/Desktop/AER201/botL.X/main.asm
                  _47Next   0x000776    program     static /Users/mreiter/Desktop/AER201/botL.X/main.asm
                  _47Exit   0x000782    program     static /Users/mreiter/Desktop/AER201/botL.X/main.asm
                  _48Next   0x00078c    program     static /Users/mreiter/Desktop/AER201/botL.X/main.asm
                  _48Exit   0x000798    program     static /Users/mreiter/Desktop/AER201/botL.X/main.asm
                     PLOG   0x00079c    program     static /Users/mreiter/Desktop/AER201/botL.X/main.asm
                  _49loop   0x0007b0    program     static /Users/mreiter/Desktop/AER201/botL.X/main.asm
               displayNum   0x0007d6    program     static /Users/mreiter/Desktop/AER201/botL.X/main.asm
                HOLD_PLOG   0x000830    program     static /Users/mreiter/Desktop/AER201/botL.X/main.asm
                  _52Next   0x00083c    program     static /Users/mreiter/Desktop/AER201/botL.X/main.asm
                  _52Exit   0x000848    program     static /Users/mreiter/Desktop/AER201/botL.X/main.asm
                  _53Next   0x000852    program     static /Users/mreiter/Desktop/AER201/botL.X/main.asm
                  _53Exit   0x00085e    program     static /Users/mreiter/Desktop/AER201/botL.X/main.asm
             PLOG_DETAILS   0x000862    program     static /Users/mreiter/Desktop/AER201/botL.X/main.asm
                  _54loop   0x000876    program     static /Users/mreiter/Desktop/AER201/botL.X/main.asm
        HOLD_PLOG_DETAILS   0x00088c    program     static /Users/mreiter/Desktop/AER201/botL.X/main.asm
                  _55Next   0x000898    program     static /Users/mreiter/Desktop/AER201/botL.X/main.asm
                  _55Exit   0x0008a4    program     static /Users/mreiter/Desktop/AER201/botL.X/main.asm
                  PC_MODE   0x0008a8    program     static /Users/mreiter/Desktop/AER201/botL.X/main.asm
                  _56loop   0x0008be    program     static /Users/mreiter/Desktop/AER201/botL.X/main.asm
                  _57loop   0x0008dc    program     static /Users/mreiter/Desktop/AER201/botL.X/main.asm
                  HOLD_PC   0x0008f2    program     static /Users/mreiter/Desktop/AER201/botL.X/main.asm
                  _58Next   0x0008fe    program     static /Users/mreiter/Desktop/AER201/botL.X/main.asm
                  _58Exit   0x00090a    program     static /Users/mreiter/Desktop/AER201/botL.X/main.asm
                  _59Next   0x000914    program     static /Users/mreiter/Desktop/AER201/botL.X/main.asm
                  _59Exit   0x000920    program     static /Users/mreiter/Desktop/AER201/botL.X/main.asm
              PC_TRANSFER   0x000924    program     static /Users/mreiter/Desktop/AER201/botL.X/main.asm
                  _60loop   0x00093a    program     static /Users/mreiter/Desktop/AER201/botL.X/main.asm
                 SaveData   0x00094e    program     static /Users/mreiter/Desktop/AER201/botL.X/main.asm
             _.org_2_0962   0x000962    program     static /Users/mreiter/Desktop/AER201/botL.X/main.asm
             _.org_2_097A   0x00097a    program     static /Users/mreiter/Desktop/AER201/botL.X/main.asm
             _.org_2_0996   0x000996    program     static /Users/mreiter/Desktop/AER201/botL.X/main.asm
             _.org_2_09AE   0x0009ae    program     static /Users/mreiter/Desktop/AER201/botL.X/main.asm
             _.org_2_09CA   0x0009ca    program     static /Users/mreiter/Desktop/AER201/botL.X/main.asm
             _.org_2_09E2   0x0009e2    program     static /Users/mreiter/Desktop/AER201/botL.X/main.asm
             _.org_2_09FE   0x0009fe    program     static /Users/mreiter/Desktop/AER201/botL.X/main.asm
             _.org_2_0A16   0x000a16    program     static /Users/mreiter/Desktop/AER201/botL.X/main.asm
             _.org_2_0A32   0x000a32    program     static /Users/mreiter/Desktop/AER201/botL.X/main.asm
             _.org_2_0A4A   0x000a4a    program     static /Users/mreiter/Desktop/AER201/botL.X/main.asm
                ShiftLoop   0x000a66    program     static /Users/mreiter/Desktop/AER201/botL.X/main.asm
             _.org_2_0A8C   0x000a8c    program     static /Users/mreiter/Desktop/AER201/botL.X/main.asm
             _.org_2_0AA4   0x000aa4    program     static /Users/mreiter/Desktop/AER201/botL.X/main.asm
                 RTC_INIT   0x000acc    program     static /Users/mreiter/Desktop/AER201/botL.X/main.asm
                SAVE_TIME   0x000ada    program     static /Users/mreiter/Desktop/AER201/botL.X/main.asm
            SAVE_EXE_TIME   0x000b50    program     static /Users/mreiter/Desktop/AER201/botL.X/main.asm
             _.org_2_0B6C   0x000b6c    program     static /Users/mreiter/Desktop/AER201/botL.X/main.asm
             _.org_2_0B84   0x000b84    program     static /Users/mreiter/Desktop/AER201/botL.X/main.asm
             _.org_2_0BA8   0x000ba8    program     static /Users/mreiter/Desktop/AER201/botL.X/main.asm
             _.org_2_0BC0   0x000bc0    program     static /Users/mreiter/Desktop/AER201/botL.X/main.asm
             _.org_2_0BE4   0x000be4    program     static /Users/mreiter/Desktop/AER201/botL.X/main.asm
             _.org_2_0BFC   0x000bfc    program     static /Users/mreiter/Desktop/AER201/botL.X/main.asm
              DISPLAY_RTC   0x000c06    program     static /Users/mreiter/Desktop/AER201/botL.X/main.asm
                 SET_TIME   0x000ce0    program     static /Users/mreiter/Desktop/AER201/botL.X/main.asm
                del_loop0   0x000ce6    program     static /Users/mreiter/Desktop/AER201/botL.X/main.asm
               INIT_USART   0x000d48    program     static /Users/mreiter/Desktop/AER201/botL.X/main.asm
                DataUSART   0x000d5c    program     static /Users/mreiter/Desktop/AER201/botL.X/main.asm
            TRANSFER_LOGS   0x000d6c    program     static /Users/mreiter/Desktop/AER201/botL.X/main.asm
            TRANSFER_DATA   0x000d76    program     static /Users/mreiter/Desktop/AER201/botL.X/main.asm
                  _92loop   0x000db6    program     static /Users/mreiter/Desktop/AER201/botL.X/main.asm
                  _93loop   0x000dc4    program     static /Users/mreiter/Desktop/AER201/botL.X/main.asm
               USART_WAIT   0x000dd0    program     static /Users/mreiter/Desktop/AER201/botL.X/main.asm
             _.org_2_0DD4   0x000dd4    program     static /Users/mreiter/Desktop/AER201/botL.X/main.asm
               USART_LINE   0x000dda    program     static /Users/mreiter/Desktop/AER201/botL.X/main.asm
                 Delay5us   0x000de8    program     static /Users/mreiter/Desktop/AER201/botL.X/main.asm
                  loop5us   0x000dec    program     static /Users/mreiter/Desktop/AER201/botL.X/main.asm
               Delay200us   0x000df6    program     static /Users/mreiter/Desktop/AER201/botL.X/main.asm
                loop200us   0x000dfa    program     static /Users/mreiter/Desktop/AER201/botL.X/main.asm
                Delay50ms   0x000e04    program     static /Users/mreiter/Desktop/AER201/botL.X/main.asm
                 loop50ms   0x000e08    program     static /Users/mreiter/Desktop/AER201/botL.X/main.asm
                   Cycles   0x000e0e    program     static /Users/mreiter/Desktop/AER201/botL.X/main.asm
              WriteEE_RTC   0x000e18    program     static /Users/mreiter/Desktop/AER201/botL.X/main.asm
             _.org_2_0E26   0x000e26    program     static /Users/mreiter/Desktop/AER201/botL.X/main.asm
             _.org_2_0E3E   0x000e3e    program     static /Users/mreiter/Desktop/AER201/botL.X/main.asm
             _.org_2_0E54   0x000e54    program     static /Users/mreiter/Desktop/AER201/botL.X/main.asm
             _.org_2_0E6C   0x000e6c    program     static /Users/mreiter/Desktop/AER201/botL.X/main.asm
           ClearEEPROM_21   0x000e76    program     static /Users/mreiter/Desktop/AER201/botL.X/main.asm
                ClearNext   0x000e7e    program     static /Users/mreiter/Desktop/AER201/botL.X/main.asm
             _.org_2_0E8C   0x000e8c    program     static /Users/mreiter/Desktop/AER201/botL.X/main.asm
             _.org_2_0EA4   0x000ea4    program     static /Users/mreiter/Desktop/AER201/botL.X/main.asm
                 READ_KEY   0x000ebc    program     static /Users/mreiter/Desktop/AER201/botL.X/main.asm
             _.org_2_0ECA   0x000eca    program     static /Users/mreiter/Desktop/AER201/botL.X/main.asm
           DisplayExeTime   0x000ed0    program     static /Users/mreiter/Desktop/AER201/botL.X/main.asm
                  _98loop   0x000efa    program     static /Users/mreiter/Desktop/AER201/botL.X/main.asm
        NoSkipDispExeTime   0x000f0e    program     static /Users/mreiter/Desktop/AER201/botL.X/main.asm
          SkipDispExeTime   0x000f60    program     static /Users/mreiter/Desktop/AER201/botL.X/main.asm
               DispOpSort   0x000f62    program     static /Users/mreiter/Desktop/AER201/botL.X/main.asm
                 _103loop   0x000f8c    program     static /Users/mreiter/Desktop/AER201/botL.X/main.asm
         NoSkipDispOpSort   0x000f9e    program     static /Users/mreiter/Desktop/AER201/botL.X/main.asm
           SkipDispOpSort   0x001038    program     static /Users/mreiter/Desktop/AER201/botL.X/main.asm
                DispOpRTC   0x00103a    program     static /Users/mreiter/Desktop/AER201/botL.X/main.asm
                 _109loop   0x001064    program     static /Users/mreiter/Desktop/AER201/botL.X/main.asm
          NoSkipDispOpRTC   0x001076    program     static /Users/mreiter/Desktop/AER201/botL.X/main.asm
            SkipDispOpRTC   0x0010d6    program     static /Users/mreiter/Desktop/AER201/botL.X/main.asm
         DispOpRTC_Helper   0x0010d8    program     static /Users/mreiter/Desktop/AER201/botL.X/main.asm
                  Welcome   0x001112    program     static /Users/mreiter/Desktop/AER201/botL.X/main.asm
                     Team   0x001118    program     static /Users/mreiter/Desktop/AER201/botL.X/main.asm
                  StandBy   0x001122    program     static /Users/mreiter/Desktop/AER201/botL.X/main.asm
              StandbyInfo   0x00114a    program     static /Users/mreiter/Desktop/AER201/botL.X/main.asm
                     Log1   0x001172    program     static /Users/mreiter/Desktop/AER201/botL.X/main.asm
                 LogInfo1   0x001178    program     static /Users/mreiter/Desktop/AER201/botL.X/main.asm
                 LogInfo2   0x001180    program     static /Users/mreiter/Desktop/AER201/botL.X/main.asm
                 PermLog1   0x00118a    program     static /Users/mreiter/Desktop/AER201/botL.X/main.asm
                 PermLog2   0x00119a    program     static /Users/mreiter/Desktop/AER201/botL.X/main.asm
                     Exe1   0x0011a6    program     static /Users/mreiter/Desktop/AER201/botL.X/main.asm
                     Exe2   0x0011b2    program     static /Users/mreiter/Desktop/AER201/botL.X/main.asm
                      PC1   0x0011ba    program     static /Users/mreiter/Desktop/AER201/botL.X/main.asm
                      PC2   0x0011c8    program     static /Users/mreiter/Desktop/AER201/botL.X/main.asm
               PCTransfer   0x0011d2    program     static /Users/mreiter/Desktop/AER201/botL.X/main.asm
               PCComplete   0x0011e2    program     static /Users/mreiter/Desktop/AER201/botL.X/main.asm
                     SAVE   0x0011ec    program     static /Users/mreiter/Desktop/AER201/botL.X/main.asm
                   NoData   0x0011f6    program     static /Users/mreiter/Desktop/AER201/botL.X/main.asm
                  InitLCD   0x0011fa    program     extern /Users/mreiter/Desktop/AER201/botL.X/lcd.asm
                   WR_INS   0x001252    program     extern /Users/mreiter/Desktop/AER201/botL.X/lcd.asm
                  WR_DATA   0x00126e    program     extern /Users/mreiter/Desktop/AER201/botL.X/lcd.asm
                   WrtLCD   0x001292    program     extern /Users/mreiter/Desktop/AER201/botL.X/lcd.asm
                   ClrLCD   0x0012a8    program     extern /Users/mreiter/Desktop/AER201/botL.X/lcd.asm
                   ClkLCD   0x0012b6    program     extern /Users/mreiter/Desktop/AER201/botL.X/lcd.asm
              _.code_00C8   0x0012c2    program     static /Users/mreiter/Desktop/AER201/botL.X/lcd.asm
                    Shift   0x0012c8    program     extern /Users/mreiter/Desktop/AER201/botL.X/lcd.asm
                   LCD_L1   0x0012d4    program     extern /Users/mreiter/Desktop/AER201/botL.X/lcd.asm
                   LCD_L2   0x0012dc    program     extern /Users/mreiter/Desktop/AER201/botL.X/lcd.asm
                   MovMSB   0x0012e4    program     static /Users/mreiter/Desktop/AER201/botL.X/lcd.asm
             lcdLongDelay   0x0012ee    program     static /Users/mreiter/Desktop/AER201/botL.X/lcd.asm
                 LLD_LOOP   0x0012f2    program     static /Users/mreiter/Desktop/AER201/botL.X/lcd.asm
              _.code_00FE   0x0012f8    program     static /Users/mreiter/Desktop/AER201/botL.X/lcd.asm
                delay44us   0x001304    program     extern /Users/mreiter/Desktop/AER201/botL.X/lcd.asm
            Delay44usLoop   0x001308    program     static /Users/mreiter/Desktop/AER201/botL.X/lcd.asm
                 delay5ms   0x001310    program     extern /Users/mreiter/Desktop/AER201/botL.X/lcd.asm
             Delay5msLoop   0x001318    program     static /Users/mreiter/Desktop/AER201/botL.X/lcd.asm
                       d2   0x001320    program     static /Users/mreiter/Desktop/AER201/botL.X/lcd.asm
         i2c_common_setup   0x001326    program     extern /Users/mreiter/Desktop/AER201/botL.X/i2c_common.asm
              _.code_001C   0x001342    program     static /Users/mreiter/Desktop/AER201/botL.X/i2c_common.asm
                write_rtc   0x001348    program     extern /Users/mreiter/Desktop/AER201/botL.X/i2c_common.asm
              _.code_002A   0x001350    program     static /Users/mreiter/Desktop/AER201/botL.X/i2c_common.asm
              _.code_0032   0x001358    program     static /Users/mreiter/Desktop/AER201/botL.X/i2c_common.asm
              _.code_0038   0x00135e    program     static /Users/mreiter/Desktop/AER201/botL.X/i2c_common.asm
              _.code_0048   0x00136e    program     static /Users/mreiter/Desktop/AER201/botL.X/i2c_common.asm
              _.code_004E   0x001374    program     static /Users/mreiter/Desktop/AER201/botL.X/i2c_common.asm
              _.code_005E   0x001384    program     static /Users/mreiter/Desktop/AER201/botL.X/i2c_common.asm
              _.code_0064   0x00138a    program     static /Users/mreiter/Desktop/AER201/botL.X/i2c_common.asm
              WR_ERR1_RTC   0x001398    program     static /Users/mreiter/Desktop/AER201/botL.X/i2c_common.asm
              WR_ERR2_RTC   0x0013a2    program     static /Users/mreiter/Desktop/AER201/botL.X/i2c_common.asm
              WR_ERR3_RTC   0x0013ae    program     static /Users/mreiter/Desktop/AER201/botL.X/i2c_common.asm
               WR_END_RTC   0x0013b8    program     static /Users/mreiter/Desktop/AER201/botL.X/i2c_common.asm
              _.code_0096   0x0013bc    program     static /Users/mreiter/Desktop/AER201/botL.X/i2c_common.asm
                 read_rtc   0x0013c2    program     extern /Users/mreiter/Desktop/AER201/botL.X/i2c_common.asm
              _.code_00A4   0x0013ca    program     static /Users/mreiter/Desktop/AER201/botL.X/i2c_common.asm
              _.code_00AC   0x0013d2    program     static /Users/mreiter/Desktop/AER201/botL.X/i2c_common.asm
              _.code_00B2   0x0013d8    program     static /Users/mreiter/Desktop/AER201/botL.X/i2c_common.asm
              _.code_00C2   0x0013e8    program     static /Users/mreiter/Desktop/AER201/botL.X/i2c_common.asm
              _.code_00C8   0x0013ee    program     static /Users/mreiter/Desktop/AER201/botL.X/i2c_common.asm
              _.code_00D6   0x0013fc    program     static /Users/mreiter/Desktop/AER201/botL.X/i2c_common.asm
              _.code_00DE   0x001404    program     static /Users/mreiter/Desktop/AER201/botL.X/i2c_common.asm
              _.code_00E4   0x00140a    program     static /Users/mreiter/Desktop/AER201/botL.X/i2c_common.asm
              _.code_00F2   0x001418    program     static /Users/mreiter/Desktop/AER201/botL.X/i2c_common.asm
                  _waitl0   0x001426    program     static /Users/mreiter/Desktop/AER201/botL.X/i2c_common.asm
              RD_ERR1_RTC   0x001430    program     static /Users/mreiter/Desktop/AER201/botL.X/i2c_common.asm
              RD_ERR2_RTC   0x00143a    program     static /Users/mreiter/Desktop/AER201/botL.X/i2c_common.asm
              RD_ERR3_RTC   0x001444    program     static /Users/mreiter/Desktop/AER201/botL.X/i2c_common.asm
               RD_END_RTC   0x00144e    program     static /Users/mreiter/Desktop/AER201/botL.X/i2c_common.asm
              _.code_012C   0x001452    program     static /Users/mreiter/Desktop/AER201/botL.X/i2c_common.asm
              rtc_convert   0x001458    program     extern /Users/mreiter/Desktop/AER201/botL.X/i2c_common.asm
                 INIT_RTC   0x00146e    program     extern /Users/mreiter/Desktop/AER201/botL.X/i2c_common.asm
              _.code_0150   0x001476    program     static /Users/mreiter/Desktop/AER201/botL.X/i2c_common.asm
              _.code_0158   0x00147e    program     static /Users/mreiter/Desktop/AER201/botL.X/i2c_common.asm
              _.code_015E   0x001484    program     static /Users/mreiter/Desktop/AER201/botL.X/i2c_common.asm
              _.code_0166   0x00148c    program     static /Users/mreiter/Desktop/AER201/botL.X/i2c_common.asm
              _.code_016C   0x001492    program     static /Users/mreiter/Desktop/AER201/botL.X/i2c_common.asm
              _.code_0174   0x00149a    program     static /Users/mreiter/Desktop/AER201/botL.X/i2c_common.asm
              _.code_017A   0x0014a0    program     static /Users/mreiter/Desktop/AER201/botL.X/i2c_common.asm
              _.code_0182   0x0014a8    program     static /Users/mreiter/Desktop/AER201/botL.X/i2c_common.asm
          READ_COLOUR_I2C   0x0014ae    program     extern /Users/mreiter/Desktop/AER201/botL.X/i2c_common.asm
              _.code_0190   0x0014b6    program     static /Users/mreiter/Desktop/AER201/botL.X/i2c_common.asm
              _.code_0198   0x0014be    program     static /Users/mreiter/Desktop/AER201/botL.X/i2c_common.asm
              _.code_019E   0x0014c4    program     static /Users/mreiter/Desktop/AER201/botL.X/i2c_common.asm
              _.code_01B0   0x0014d6    program     static /Users/mreiter/Desktop/AER201/botL.X/i2c_common.asm
              _.code_01B6   0x0014dc    program     static /Users/mreiter/Desktop/AER201/botL.X/i2c_common.asm
              _.code_01C4   0x0014ea    program     static /Users/mreiter/Desktop/AER201/botL.X/i2c_common.asm
              _.code_01CC   0x0014f2    program     static /Users/mreiter/Desktop/AER201/botL.X/i2c_common.asm
              _.code_01D2   0x0014f8    program     static /Users/mreiter/Desktop/AER201/botL.X/i2c_common.asm
              _.code_01E0   0x001506    program     static /Users/mreiter/Desktop/AER201/botL.X/i2c_common.asm
                  _waitl1   0x001514    program     static /Users/mreiter/Desktop/AER201/botL.X/i2c_common.asm
                  RD_ERR1   0x00151e    program     static /Users/mreiter/Desktop/AER201/botL.X/i2c_common.asm
                  RD_ERR2   0x001528    program     static /Users/mreiter/Desktop/AER201/botL.X/i2c_common.asm
                  RD_ERR3   0x001532    program     static /Users/mreiter/Desktop/AER201/botL.X/i2c_common.asm
                   RD_END   0x00153c    program     static /Users/mreiter/Desktop/AER201/botL.X/i2c_common.asm
              _.code_021A   0x001540    program     static /Users/mreiter/Desktop/AER201/botL.X/i2c_common.asm
         WRITE_COLOUR_I2C   0x001546    program     extern /Users/mreiter/Desktop/AER201/botL.X/i2c_common.asm
              _.code_0228   0x00154e    program     static /Users/mreiter/Desktop/AER201/botL.X/i2c_common.asm
              _.code_0230   0x001556    program     static /Users/mreiter/Desktop/AER201/botL.X/i2c_common.asm
              _.code_0236   0x00155c    program     static /Users/mreiter/Desktop/AER201/botL.X/i2c_common.asm
              _.code_0248   0x00156e    program     static /Users/mreiter/Desktop/AER201/botL.X/i2c_common.asm
              _.code_024E   0x001574    program     static /Users/mreiter/Desktop/AER201/botL.X/i2c_common.asm
              _.code_0260   0x001586    program     static /Users/mreiter/Desktop/AER201/botL.X/i2c_common.asm
              _.code_0266   0x00158c    program     static /Users/mreiter/Desktop/AER201/botL.X/i2c_common.asm
                  WR_ERR1   0x00159a    program     static /Users/mreiter/Desktop/AER201/botL.X/i2c_common.asm
                  WR_ERR2   0x0015a4    program     static /Users/mreiter/Desktop/AER201/botL.X/i2c_common.asm
                  WR_ERR3   0x0015b0    program     static /Users/mreiter/Desktop/AER201/botL.X/i2c_common.asm
                   WR_END   0x0015ba    program     static /Users/mreiter/Desktop/AER201/botL.X/i2c_common.asm
              _.code_0298   0x0015be    program     static /Users/mreiter/Desktop/AER201/botL.X/i2c_common.asm
             INIT_ARDUINO   0x0015c4    program     extern /Users/mreiter/Desktop/AER201/botL.X/i2c_common.asm
              _.code_02A6   0x0015cc    program     static /Users/mreiter/Desktop/AER201/botL.X/i2c_common.asm
              _.code_02AE   0x0015d4    program     static /Users/mreiter/Desktop/AER201/botL.X/i2c_common.asm
              _.code_02B4   0x0015da    program     static /Users/mreiter/Desktop/AER201/botL.X/i2c_common.asm
              _.code_02C2   0x0015e8    program     static /Users/mreiter/Desktop/AER201/botL.X/i2c_common.asm
             READ_ARDUINO   0x0015ee    program     extern /Users/mreiter/Desktop/AER201/botL.X/i2c_common.asm
              _.code_02D0   0x0015f6    program     static /Users/mreiter/Desktop/AER201/botL.X/i2c_common.asm
              _.code_02D8   0x0015fe    program     static /Users/mreiter/Desktop/AER201/botL.X/i2c_common.asm
              _.code_02E0   0x001606    program     static /Users/mreiter/Desktop/AER201/botL.X/i2c_common.asm
              _.code_02E6   0x00160c    program     static /Users/mreiter/Desktop/AER201/botL.X/i2c_common.asm
              _.code_02EE   0x001614    program     static /Users/mreiter/Desktop/AER201/botL.X/i2c_common.asm
                  _waitl2   0x001620    program     static /Users/mreiter/Desktop/AER201/botL.X/i2c_common.asm
              _.code_0304   0x00162a    program     static /Users/mreiter/Desktop/AER201/botL.X/i2c_common.asm
                CHECK_ACK   0x001630    program     extern /Users/mreiter/Desktop/AER201/botL.X/i2c.asm
                 I2C_temp   0x001630    program     static /Users/mreiter/Desktop/AER201/botL.X/i2c.asm
                I2C_ACKDT   0x001630    program     extern /Users/mreiter/Desktop/AER201/botL.X/i2c.asm
               CHECK_NACK   0x001634    program     extern /Users/mreiter/Desktop/AER201/botL.X/i2c.asm
                TEST_NACK   0x001638    program     static /Users/mreiter/Desktop/AER201/botL.X/i2c.asm
          I2C_Master_INIT   0x001640    program     extern /Users/mreiter/Desktop/AER201/botL.X/i2c.asm
                     WAIT   0x001652    program     static /Users/mreiter/Desktop/AER201/botL.X/i2c.asm
          I2C_Master_WAIT   0x001652    program     extern /Users/mreiter/Desktop/AER201/botL.X/i2c.asm
         I2C_Master_START   0x001662    program     extern /Users/mreiter/Desktop/AER201/botL.X/i2c.asm
        I2C_Master_RSTART   0x00166a    program     extern /Users/mreiter/Desktop/AER201/botL.X/i2c.asm
          I2C_Master_STOP   0x001672    program     extern /Users/mreiter/Desktop/AER201/botL.X/i2c.asm
         I2C_Master_WRITE   0x00167a    program     extern /Users/mreiter/Desktop/AER201/botL.X/i2c.asm
                  HOLD_UP   0x001680    program     static /Users/mreiter/Desktop/AER201/botL.X/i2c.asm
          I2C_Master_READ   0x001688    program     extern /Users/mreiter/Desktop/AER201/botL.X/i2c.asm
                     LOOP   0x00168e    program     static /Users/mreiter/Desktop/AER201/botL.X/i2c.asm
           I2C_Master_ACK   0x001696    program     extern /Users/mreiter/Desktop/AER201/botL.X/i2c.asm
                 TEST_ACK   0x00169a    program     static /Users/mreiter/Desktop/AER201/botL.X/i2c.asm
               regaddress   0x000060       data     extern /Users/mreiter/Desktop/AER201/botL.X/i2c_common.asm
                 databyte   0x000061       data     extern /Users/mreiter/Desktop/AER201/botL.X/i2c_common.asm
                 datachar   0x000062       data     extern /Users/mreiter/Desktop/AER201/botL.X/i2c_common.asm
               tens_digit   0x000063       data     extern /Users/mreiter/Desktop/AER201/botL.X/i2c_common.asm
               ones_digit   0x000064       data     extern /Users/mreiter/Desktop/AER201/botL.X/i2c_common.asm
           convert_buffer   0x000065       data     extern /Users/mreiter/Desktop/AER201/botL.X/i2c_common.asm


