MPLINK 5.08, LINKER
Linker Map File - Created Fri Feb  3 23:53:27 2017

                                 Section Info
                  Section       Type    Address   Location Size(Bytes)
                ---------  ---------  ---------  ---------  ---------
                   .org_0       code   0x000000    program   0x000004
                   .cinit    romdata   0x000004    program   0x000002
                   .org_1       code   0x000008    program   0x000004
                   .org_2       code   0x000018    program   0x000136
                    .code       code   0x00014e    program   0x0002c6
.config_300001_BUILD/DEFAULT/PRODUCTION/MAIN.O    romdata   0x300001    program   0x000001
.config_300002_BUILD/DEFAULT/PRODUCTION/MAIN.O    romdata   0x300002    program   0x000001
.config_300003_BUILD/DEFAULT/PRODUCTION/MAIN.O    romdata   0x300003    program   0x000001
.config_300005_BUILD/DEFAULT/PRODUCTION/MAIN.O    romdata   0x300005    program   0x000001
.config_300006_BUILD/DEFAULT/PRODUCTION/MAIN.O    romdata   0x300006    program   0x000001
.config_300008_BUILD/DEFAULT/PRODUCTION/MAIN.O    romdata   0x300008    program   0x000001
.config_300009_BUILD/DEFAULT/PRODUCTION/MAIN.O    romdata   0x300009    program   0x000001
.config_30000A_BUILD/DEFAULT/PRODUCTION/MAIN.O    romdata   0x30000a    program   0x000001
.config_30000B_BUILD/DEFAULT/PRODUCTION/MAIN.O    romdata   0x30000b    program   0x000001
.config_30000C_BUILD/DEFAULT/PRODUCTION/MAIN.O    romdata   0x30000c    program   0x000001
.config_30000D_BUILD/DEFAULT/PRODUCTION/MAIN.O    romdata   0x30000d    program   0x000001
                   .udata      udata   0x0000b0       data   0x000006



                              Program Memory Usage 
                               Start         End      
                           ---------   ---------      
                            0x000000    0x000005      
                            0x000008    0x00000b      
                            0x000018    0x000413      
                            0x300001    0x300003      
                            0x300005    0x300006      
                            0x300008    0x30000d      
            1041 out of 66584 program addresses used, program memory utilization is 1%



                              Symbols - Sorted by Name
                     Name    Address   Location    Storage File                     
                ---------  ---------  ---------  --------- ---------                
                   ClkLCD   0x00027e    program     extern /Users/mreiter/Desktop/AER201/botL.X/lcd.asm
                   ClrLCD   0x000270    program     extern /Users/mreiter/Desktop/AER201/botL.X/lcd.asm
                   Cycles   0x000144    program     static /Users/mreiter/Desktop/AER201/botL.X/main.asm
               Delay200us   0x00012c    program     static /Users/mreiter/Desktop/AER201/botL.X/main.asm
            Delay44usLoop   0x0002c4    program     static /Users/mreiter/Desktop/AER201/botL.X/lcd.asm
                Delay50ms   0x00013a    program     static /Users/mreiter/Desktop/AER201/botL.X/main.asm
             Delay5msLoop   0x0002d4    program     static /Users/mreiter/Desktop/AER201/botL.X/lcd.asm
                 Delay5us   0x00011e    program     static /Users/mreiter/Desktop/AER201/botL.X/main.asm
                     INIT   0x00003c    program     static /Users/mreiter/Desktop/AER201/botL.X/main.asm
                 ISR_High   0x00001c    program     static /Users/mreiter/Desktop/AER201/botL.X/main.asm
                  ISR_LOW   0x00002c    program     static /Users/mreiter/Desktop/AER201/botL.X/main.asm
                  InitLCD   0x0001c4    program     extern /Users/mreiter/Desktop/AER201/botL.X/lcd.asm
                   LCD_L1   0x000290    program     extern /Users/mreiter/Desktop/AER201/botL.X/lcd.asm
                   LCD_L2   0x000298    program     extern /Users/mreiter/Desktop/AER201/botL.X/lcd.asm
                 LLD_LOOP   0x0002ae    program     static /Users/mreiter/Desktop/AER201/botL.X/lcd.asm
                   MovMSB   0x0002a0    program     static /Users/mreiter/Desktop/AER201/botL.X/lcd.asm
                    OpExe   0x000166    program     static /Users/mreiter/Desktop/AER201/botL.X/main.asm
                   OpStop   0x000172    program     static /Users/mreiter/Desktop/AER201/botL.X/main.asm
                   Op_RTC   0x000182    program     static /Users/mreiter/Desktop/AER201/botL.X/main.asm
                  Op_Time   0x00017a    program     static /Users/mreiter/Desktop/AER201/botL.X/main.asm
                   RD_END   0x0003f6    program     static /Users/mreiter/Desktop/AER201/botL.X/i2c_common.asm
                  RD_ERR1   0x0003d8    program     static /Users/mreiter/Desktop/AER201/botL.X/i2c_common.asm
                  RD_ERR2   0x0003e2    program     static /Users/mreiter/Desktop/AER201/botL.X/i2c_common.asm
                  RD_ERR3   0x0003ec    program     static /Users/mreiter/Desktop/AER201/botL.X/i2c_common.asm
                  STANDBY   0x0000c0    program     static /Users/mreiter/Desktop/AER201/botL.X/main.asm
                   Safety   0x0001b4    program     static /Users/mreiter/Desktop/AER201/botL.X/main.asm
                     Save   0x000194    program     static /Users/mreiter/Desktop/AER201/botL.X/main.asm
                  StandBy   0x00015e    program     static /Users/mreiter/Desktop/AER201/botL.X/main.asm
                     Team   0x000154    program     static /Users/mreiter/Desktop/AER201/botL.X/main.asm
                 Transfer   0x0001a4    program     static /Users/mreiter/Desktop/AER201/botL.X/main.asm
                     WAIT   0x0000c2    program     static /Users/mreiter/Desktop/AER201/botL.X/main.asm
                  WR_DATA   0x000238    program     extern /Users/mreiter/Desktop/AER201/botL.X/lcd.asm
                   WR_END   0x000368    program     static /Users/mreiter/Desktop/AER201/botL.X/i2c_common.asm
                  WR_ERR1   0x000348    program     static /Users/mreiter/Desktop/AER201/botL.X/i2c_common.asm
                  WR_ERR2   0x000352    program     static /Users/mreiter/Desktop/AER201/botL.X/i2c_common.asm
                  WR_ERR3   0x00035e    program     static /Users/mreiter/Desktop/AER201/botL.X/i2c_common.asm
                   WR_INS   0x00021c    program     extern /Users/mreiter/Desktop/AER201/botL.X/lcd.asm
                  Welcome   0x00014e    program     static /Users/mreiter/Desktop/AER201/botL.X/main.asm
                   WrtLCD   0x00025a    program     extern /Users/mreiter/Desktop/AER201/botL.X/lcd.asm
              _.code_0018   0x0002fa    program     static /Users/mreiter/Desktop/AER201/botL.X/i2c_common.asm
              _.code_0022   0x000304    program     static /Users/mreiter/Desktop/AER201/botL.X/i2c_common.asm
              _.code_002A   0x00030c    program     static /Users/mreiter/Desktop/AER201/botL.X/i2c_common.asm
              _.code_0030   0x000312    program     static /Users/mreiter/Desktop/AER201/botL.X/i2c_common.asm
              _.code_003E   0x000320    program     static /Users/mreiter/Desktop/AER201/botL.X/i2c_common.asm
              _.code_0044   0x000326    program     static /Users/mreiter/Desktop/AER201/botL.X/i2c_common.asm
              _.code_0052   0x000334    program     static /Users/mreiter/Desktop/AER201/botL.X/i2c_common.asm
              _.code_0058   0x00033a    program     static /Users/mreiter/Desktop/AER201/botL.X/i2c_common.asm
              _.code_008A   0x00036c    program     static /Users/mreiter/Desktop/AER201/botL.X/i2c_common.asm
              _.code_0094   0x000376    program     static /Users/mreiter/Desktop/AER201/botL.X/i2c_common.asm
              _.code_009C   0x00037e    program     static /Users/mreiter/Desktop/AER201/botL.X/i2c_common.asm
              _.code_00A2   0x000384    program     static /Users/mreiter/Desktop/AER201/botL.X/i2c_common.asm
              _.code_00B0   0x000392    program     static /Users/mreiter/Desktop/AER201/botL.X/i2c_common.asm
              _.code_00B6   0x000398    program     static /Users/mreiter/Desktop/AER201/botL.X/i2c_common.asm
              _.code_00C4   0x0003a6    program     static /Users/mreiter/Desktop/AER201/botL.X/i2c_common.asm
              _.code_00C6   0x00028a    program     static /Users/mreiter/Desktop/AER201/botL.X/lcd.asm
              _.code_00CC   0x0003ae    program     static /Users/mreiter/Desktop/AER201/botL.X/i2c_common.asm
              _.code_00D2   0x0003b4    program     static /Users/mreiter/Desktop/AER201/botL.X/i2c_common.asm
              _.code_00E0   0x0003c2    program     static /Users/mreiter/Desktop/AER201/botL.X/i2c_common.asm
              _.code_00F0   0x0002b4    program     static /Users/mreiter/Desktop/AER201/botL.X/lcd.asm
              _.code_0118   0x0003fa    program     static /Users/mreiter/Desktop/AER201/botL.X/i2c_common.asm
                 _19Again   0x0003ce    program     static /Users/mreiter/Desktop/AER201/botL.X/i2c_common.asm
                   _1loop   0x00008a    program     static /Users/mreiter/Desktop/AER201/botL.X/main.asm
                   _2loop   0x000098    program     static /Users/mreiter/Desktop/AER201/botL.X/main.asm
                   _3loop   0x0000b6    program     static /Users/mreiter/Desktop/AER201/botL.X/main.asm
                  _4Again   0x0000c8    program     static /Users/mreiter/Desktop/AER201/botL.X/main.asm
                       d2   0x0002dc    program     static /Users/mreiter/Desktop/AER201/botL.X/lcd.asm
                delay44us   0x0002c0    program     static /Users/mreiter/Desktop/AER201/botL.X/lcd.asm
                 delay5ms   0x0002cc    program     static /Users/mreiter/Desktop/AER201/botL.X/lcd.asm
         i2c_common_setup   0x0002e2    program     extern /Users/mreiter/Desktop/AER201/botL.X/i2c_common.asm
                  initRTC   0x0000c2    program     static /Users/mreiter/Desktop/AER201/botL.X/main.asm
             lcdLongDelay   0x0002aa    program     static /Users/mreiter/Desktop/AER201/botL.X/lcd.asm
                loop200us   0x000130    program     static /Users/mreiter/Desktop/AER201/botL.X/main.asm
                 loop50ms   0x00013e    program     static /Users/mreiter/Desktop/AER201/botL.X/main.asm
                  loop5us   0x000122    program     static /Users/mreiter/Desktop/AER201/botL.X/main.asm
                 read_rtc   0x000372    program     extern /Users/mreiter/Desktop/AER201/botL.X/i2c_common.asm
              rtc_convert   0x000400    program     extern /Users/mreiter/Desktop/AER201/botL.X/i2c_common.asm
                write_rtc   0x000300    program     extern /Users/mreiter/Desktop/AER201/botL.X/i2c_common.asm
           convert_buffer   0x0000b5       data     extern /Users/mreiter/Desktop/AER201/botL.X/i2c_common.asm
                 databyte   0x0000b1       data     extern /Users/mreiter/Desktop/AER201/botL.X/i2c_common.asm
                 datachar   0x0000b2       data     extern /Users/mreiter/Desktop/AER201/botL.X/i2c_common.asm
               ones_digit   0x0000b4       data     extern /Users/mreiter/Desktop/AER201/botL.X/i2c_common.asm
               regaddress   0x0000b0       data     extern /Users/mreiter/Desktop/AER201/botL.X/i2c_common.asm
               tens_digit   0x0000b3       data     extern /Users/mreiter/Desktop/AER201/botL.X/i2c_common.asm



                              Symbols - Sorted by Address
                     Name    Address   Location    Storage File                     
                ---------  ---------  ---------  --------- ---------                
                 ISR_High   0x00001c    program     static /Users/mreiter/Desktop/AER201/botL.X/main.asm
                  ISR_LOW   0x00002c    program     static /Users/mreiter/Desktop/AER201/botL.X/main.asm
                     INIT   0x00003c    program     static /Users/mreiter/Desktop/AER201/botL.X/main.asm
                   _1loop   0x00008a    program     static /Users/mreiter/Desktop/AER201/botL.X/main.asm
                   _2loop   0x000098    program     static /Users/mreiter/Desktop/AER201/botL.X/main.asm
                   _3loop   0x0000b6    program     static /Users/mreiter/Desktop/AER201/botL.X/main.asm
                  STANDBY   0x0000c0    program     static /Users/mreiter/Desktop/AER201/botL.X/main.asm
                     WAIT   0x0000c2    program     static /Users/mreiter/Desktop/AER201/botL.X/main.asm
                  initRTC   0x0000c2    program     static /Users/mreiter/Desktop/AER201/botL.X/main.asm
                  _4Again   0x0000c8    program     static /Users/mreiter/Desktop/AER201/botL.X/main.asm
                 Delay5us   0x00011e    program     static /Users/mreiter/Desktop/AER201/botL.X/main.asm
                  loop5us   0x000122    program     static /Users/mreiter/Desktop/AER201/botL.X/main.asm
               Delay200us   0x00012c    program     static /Users/mreiter/Desktop/AER201/botL.X/main.asm
                loop200us   0x000130    program     static /Users/mreiter/Desktop/AER201/botL.X/main.asm
                Delay50ms   0x00013a    program     static /Users/mreiter/Desktop/AER201/botL.X/main.asm
                 loop50ms   0x00013e    program     static /Users/mreiter/Desktop/AER201/botL.X/main.asm
                   Cycles   0x000144    program     static /Users/mreiter/Desktop/AER201/botL.X/main.asm
                  Welcome   0x00014e    program     static /Users/mreiter/Desktop/AER201/botL.X/main.asm
                     Team   0x000154    program     static /Users/mreiter/Desktop/AER201/botL.X/main.asm
                  StandBy   0x00015e    program     static /Users/mreiter/Desktop/AER201/botL.X/main.asm
                    OpExe   0x000166    program     static /Users/mreiter/Desktop/AER201/botL.X/main.asm
                   OpStop   0x000172    program     static /Users/mreiter/Desktop/AER201/botL.X/main.asm
                  Op_Time   0x00017a    program     static /Users/mreiter/Desktop/AER201/botL.X/main.asm
                   Op_RTC   0x000182    program     static /Users/mreiter/Desktop/AER201/botL.X/main.asm
                     Save   0x000194    program     static /Users/mreiter/Desktop/AER201/botL.X/main.asm
                 Transfer   0x0001a4    program     static /Users/mreiter/Desktop/AER201/botL.X/main.asm
                   Safety   0x0001b4    program     static /Users/mreiter/Desktop/AER201/botL.X/main.asm
                  InitLCD   0x0001c4    program     extern /Users/mreiter/Desktop/AER201/botL.X/lcd.asm
                   WR_INS   0x00021c    program     extern /Users/mreiter/Desktop/AER201/botL.X/lcd.asm
                  WR_DATA   0x000238    program     extern /Users/mreiter/Desktop/AER201/botL.X/lcd.asm
                   WrtLCD   0x00025a    program     extern /Users/mreiter/Desktop/AER201/botL.X/lcd.asm
                   ClrLCD   0x000270    program     extern /Users/mreiter/Desktop/AER201/botL.X/lcd.asm
                   ClkLCD   0x00027e    program     extern /Users/mreiter/Desktop/AER201/botL.X/lcd.asm
              _.code_00C6   0x00028a    program     static /Users/mreiter/Desktop/AER201/botL.X/lcd.asm
                   LCD_L1   0x000290    program     extern /Users/mreiter/Desktop/AER201/botL.X/lcd.asm
                   LCD_L2   0x000298    program     extern /Users/mreiter/Desktop/AER201/botL.X/lcd.asm
                   MovMSB   0x0002a0    program     static /Users/mreiter/Desktop/AER201/botL.X/lcd.asm
             lcdLongDelay   0x0002aa    program     static /Users/mreiter/Desktop/AER201/botL.X/lcd.asm
                 LLD_LOOP   0x0002ae    program     static /Users/mreiter/Desktop/AER201/botL.X/lcd.asm
              _.code_00F0   0x0002b4    program     static /Users/mreiter/Desktop/AER201/botL.X/lcd.asm
                delay44us   0x0002c0    program     static /Users/mreiter/Desktop/AER201/botL.X/lcd.asm
            Delay44usLoop   0x0002c4    program     static /Users/mreiter/Desktop/AER201/botL.X/lcd.asm
                 delay5ms   0x0002cc    program     static /Users/mreiter/Desktop/AER201/botL.X/lcd.asm
             Delay5msLoop   0x0002d4    program     static /Users/mreiter/Desktop/AER201/botL.X/lcd.asm
                       d2   0x0002dc    program     static /Users/mreiter/Desktop/AER201/botL.X/lcd.asm
         i2c_common_setup   0x0002e2    program     extern /Users/mreiter/Desktop/AER201/botL.X/i2c_common.asm
              _.code_0018   0x0002fa    program     static /Users/mreiter/Desktop/AER201/botL.X/i2c_common.asm
                write_rtc   0x000300    program     extern /Users/mreiter/Desktop/AER201/botL.X/i2c_common.asm
              _.code_0022   0x000304    program     static /Users/mreiter/Desktop/AER201/botL.X/i2c_common.asm
              _.code_002A   0x00030c    program     static /Users/mreiter/Desktop/AER201/botL.X/i2c_common.asm
              _.code_0030   0x000312    program     static /Users/mreiter/Desktop/AER201/botL.X/i2c_common.asm
              _.code_003E   0x000320    program     static /Users/mreiter/Desktop/AER201/botL.X/i2c_common.asm
              _.code_0044   0x000326    program     static /Users/mreiter/Desktop/AER201/botL.X/i2c_common.asm
              _.code_0052   0x000334    program     static /Users/mreiter/Desktop/AER201/botL.X/i2c_common.asm
              _.code_0058   0x00033a    program     static /Users/mreiter/Desktop/AER201/botL.X/i2c_common.asm
                  WR_ERR1   0x000348    program     static /Users/mreiter/Desktop/AER201/botL.X/i2c_common.asm
                  WR_ERR2   0x000352    program     static /Users/mreiter/Desktop/AER201/botL.X/i2c_common.asm
                  WR_ERR3   0x00035e    program     static /Users/mreiter/Desktop/AER201/botL.X/i2c_common.asm
                   WR_END   0x000368    program     static /Users/mreiter/Desktop/AER201/botL.X/i2c_common.asm
              _.code_008A   0x00036c    program     static /Users/mreiter/Desktop/AER201/botL.X/i2c_common.asm
                 read_rtc   0x000372    program     extern /Users/mreiter/Desktop/AER201/botL.X/i2c_common.asm
              _.code_0094   0x000376    program     static /Users/mreiter/Desktop/AER201/botL.X/i2c_common.asm
              _.code_009C   0x00037e    program     static /Users/mreiter/Desktop/AER201/botL.X/i2c_common.asm
              _.code_00A2   0x000384    program     static /Users/mreiter/Desktop/AER201/botL.X/i2c_common.asm
              _.code_00B0   0x000392    program     static /Users/mreiter/Desktop/AER201/botL.X/i2c_common.asm
              _.code_00B6   0x000398    program     static /Users/mreiter/Desktop/AER201/botL.X/i2c_common.asm
              _.code_00C4   0x0003a6    program     static /Users/mreiter/Desktop/AER201/botL.X/i2c_common.asm
              _.code_00CC   0x0003ae    program     static /Users/mreiter/Desktop/AER201/botL.X/i2c_common.asm
              _.code_00D2   0x0003b4    program     static /Users/mreiter/Desktop/AER201/botL.X/i2c_common.asm
              _.code_00E0   0x0003c2    program     static /Users/mreiter/Desktop/AER201/botL.X/i2c_common.asm
                 _19Again   0x0003ce    program     static /Users/mreiter/Desktop/AER201/botL.X/i2c_common.asm
                  RD_ERR1   0x0003d8    program     static /Users/mreiter/Desktop/AER201/botL.X/i2c_common.asm
                  RD_ERR2   0x0003e2    program     static /Users/mreiter/Desktop/AER201/botL.X/i2c_common.asm
                  RD_ERR3   0x0003ec    program     static /Users/mreiter/Desktop/AER201/botL.X/i2c_common.asm
                   RD_END   0x0003f6    program     static /Users/mreiter/Desktop/AER201/botL.X/i2c_common.asm
              _.code_0118   0x0003fa    program     static /Users/mreiter/Desktop/AER201/botL.X/i2c_common.asm
              rtc_convert   0x000400    program     extern /Users/mreiter/Desktop/AER201/botL.X/i2c_common.asm
               regaddress   0x0000b0       data     extern /Users/mreiter/Desktop/AER201/botL.X/i2c_common.asm
                 databyte   0x0000b1       data     extern /Users/mreiter/Desktop/AER201/botL.X/i2c_common.asm
                 datachar   0x0000b2       data     extern /Users/mreiter/Desktop/AER201/botL.X/i2c_common.asm
               tens_digit   0x0000b3       data     extern /Users/mreiter/Desktop/AER201/botL.X/i2c_common.asm
               ones_digit   0x0000b4       data     extern /Users/mreiter/Desktop/AER201/botL.X/i2c_common.asm
           convert_buffer   0x0000b5       data     extern /Users/mreiter/Desktop/AER201/botL.X/i2c_common.asm


