MPLINK 5.08, LINKER
Linker Map File - Created Wed Feb 22 10:48:09 2017

                                 Section Info
                  Section       Type    Address   Location Size(Bytes)
                ---------  ---------  ---------  ---------  ---------
                   .org_0       code   0x000000    program   0x000004
                   .cinit    romdata   0x000004    program   0x000002
                   .org_1       code   0x000008    program   0x000004
                   .org_2       code   0x000018    program   0x000e30
                    .code       code   0x000e48    program   0x0004bc
.config_300001_BUILD/DEFAULT/PRODUCTION/MAIN.O    romdata   0x300001    program   0x000001
.config_300002_BUILD/DEFAULT/PRODUCTION/MAIN.O    romdata   0x300002    program   0x000001
.config_300003_BUILD/DEFAULT/PRODUCTION/MAIN.O    romdata   0x300003    program   0x000001
.config_300005_BUILD/DEFAULT/PRODUCTION/MAIN.O    romdata   0x300005    program   0x000001
.config_300006_BUILD/DEFAULT/PRODUCTION/MAIN.O    romdata   0x300006    program   0x000001
.config_300008_BUILD/DEFAULT/PRODUCTION/MAIN.O    romdata   0x300008    program   0x000001
.config_300009_BUILD/DEFAULT/PRODUCTION/MAIN.O    romdata   0x300009    program   0x000001
.config_30000A_BUILD/DEFAULT/PRODUCTION/MAIN.O    romdata   0x30000a    program   0x000001
.config_30000B_BUILD/DEFAULT/PRODUCTION/MAIN.O    romdata   0x30000b    program   0x000001
.config_30000C_BUILD/DEFAULT/PRODUCTION/MAIN.O    romdata   0x30000c    program   0x000001
.config_30000D_BUILD/DEFAULT/PRODUCTION/MAIN.O    romdata   0x30000d    program   0x000001
                   .udata      udata   0x000080       data   0x000008



                              Program Memory Usage 
                               Start         End      
                           ---------   ---------      
                            0x000000    0x000005      
                            0x000008    0x00000b      
                            0x000018    0x001303      
                            0x300001    0x300003      
                            0x300005    0x300006      
                            0x300008    0x30000d      
            4865 out of 66584 program addresses used, program memory utilization is 7%



                              Symbols - Sorted by Name
                     Name    Address   Location    Storage File                     
                ---------  ---------  ---------  --------- ---------                
                CHECK_ACK   0x001294    program     extern /Users/mreiter/Desktop/AER201/botL.X/i2c.asm
               CHECK_BLUE   0x000380    program     static /Users/mreiter/Desktop/AER201/botL.X/main.asm
              CHECK_CLEAR   0x0002a2    program     static /Users/mreiter/Desktop/AER201/botL.X/main.asm
              CHECK_GREEN   0x000336    program     static /Users/mreiter/Desktop/AER201/botL.X/main.asm
               CHECK_NACK   0x001298    program     extern /Users/mreiter/Desktop/AER201/botL.X/i2c.asm
                CHECK_RED   0x0002ec    program     static /Users/mreiter/Desktop/AER201/botL.X/main.asm
              COLOUR_TEST   0x0003ca    program     static /Users/mreiter/Desktop/AER201/botL.X/main.asm
           ClearEEPROM_21   0x000c68    program     static /Users/mreiter/Desktop/AER201/botL.X/main.asm
                ClearNext   0x000c70    program     static /Users/mreiter/Desktop/AER201/botL.X/main.asm
                   ClkLCD   0x000fd6    program     extern /Users/mreiter/Desktop/AER201/botL.X/lcd.asm
                   ClrLCD   0x000fc8    program     extern /Users/mreiter/Desktop/AER201/botL.X/lcd.asm
                   Cycles   0x000c00    program     static /Users/mreiter/Desktop/AER201/botL.X/main.asm
              DISPLAY_RTC   0x000a88    program     static /Users/mreiter/Desktop/AER201/botL.X/main.asm
               Delay200us   0x000be8    program     static /Users/mreiter/Desktop/AER201/botL.X/main.asm
            Delay44usLoop   0x00101c    program     static /Users/mreiter/Desktop/AER201/botL.X/lcd.asm
                Delay50ms   0x000bf6    program     static /Users/mreiter/Desktop/AER201/botL.X/main.asm
             Delay5msLoop   0x00102c    program     static /Users/mreiter/Desktop/AER201/botL.X/lcd.asm
                 Delay5us   0x000bda    program     static /Users/mreiter/Desktop/AER201/botL.X/main.asm
                DispOpRTC   0x000d70    program     static /Users/mreiter/Desktop/AER201/botL.X/main.asm
         DispOpRTC_Helper   0x000e0e    program     static /Users/mreiter/Desktop/AER201/botL.X/main.asm
           DisplayExeTime   0x000cde    program     static /Users/mreiter/Desktop/AER201/botL.X/main.asm
             END_ISR_HIGH   0x0000cc    program     static /Users/mreiter/Desktop/AER201/botL.X/main.asm
              END_ISR_LOW   0x0000f2    program     static /Users/mreiter/Desktop/AER201/botL.X/main.asm
                EXECUTION   0x000460    program     static /Users/mreiter/Desktop/AER201/botL.X/main.asm
                 EXIT_EXE   0x0004be    program     static /Users/mreiter/Desktop/AER201/botL.X/main.asm
                     Exe1   0x000ea2    program     static /Users/mreiter/Desktop/AER201/botL.X/main.asm
                     Exe2   0x000eae    program     static /Users/mreiter/Desktop/AER201/botL.X/main.asm
                 Exe_Time   0x000ee6    program     static /Users/mreiter/Desktop/AER201/botL.X/main.asm
                 HOLD_EXE   0x0004a2    program     static /Users/mreiter/Desktop/AER201/botL.X/main.asm
                 HOLD_LOG   0x000664    program     static /Users/mreiter/Desktop/AER201/botL.X/main.asm
            HOLD_LOG_INFO   0x0006d6    program     static /Users/mreiter/Desktop/AER201/botL.X/main.asm
                  HOLD_PC   0x000908    program     static /Users/mreiter/Desktop/AER201/botL.X/main.asm
            HOLD_PERM_LOG   0x00072e    program     static /Users/mreiter/Desktop/AER201/botL.X/main.asm
                HOLD_PLOG   0x0008a4    program     static /Users/mreiter/Desktop/AER201/botL.X/main.asm
             HOLD_STANDBY   0x00022e    program     static /Users/mreiter/Desktop/AER201/botL.X/main.asm
                  HOLD_UP   0x0012e4    program     static /Users/mreiter/Desktop/AER201/botL.X/i2c.asm
                I2C_ACKDT   0x001294    program     extern /Users/mreiter/Desktop/AER201/botL.X/i2c.asm
           I2C_Master_ACK   0x0012fa    program     extern /Users/mreiter/Desktop/AER201/botL.X/i2c.asm
          I2C_Master_INIT   0x0012a4    program     extern /Users/mreiter/Desktop/AER201/botL.X/i2c.asm
          I2C_Master_READ   0x0012ec    program     extern /Users/mreiter/Desktop/AER201/botL.X/i2c.asm
        I2C_Master_RSTART   0x0012ce    program     extern /Users/mreiter/Desktop/AER201/botL.X/i2c.asm
         I2C_Master_START   0x0012c6    program     extern /Users/mreiter/Desktop/AER201/botL.X/i2c.asm
          I2C_Master_STOP   0x0012d6    program     extern /Users/mreiter/Desktop/AER201/botL.X/i2c.asm
          I2C_Master_WAIT   0x0012b6    program     extern /Users/mreiter/Desktop/AER201/botL.X/i2c.asm
         I2C_Master_WRITE   0x0012de    program     extern /Users/mreiter/Desktop/AER201/botL.X/i2c.asm
                 I2C_temp   0x001294    program     static /Users/mreiter/Desktop/AER201/botL.X/i2c.asm
                     INIT   0x0000fc    program     static /Users/mreiter/Desktop/AER201/botL.X/main.asm
               INIT_USART   0x000bca    program     static /Users/mreiter/Desktop/AER201/botL.X/main.asm
                 ISR_HIGH   0x00001c    program     static /Users/mreiter/Desktop/AER201/botL.X/main.asm
                  ISR_LOW   0x0000d6    program     static /Users/mreiter/Desktop/AER201/botL.X/main.asm
                  InitLCD   0x000f1c    program     extern /Users/mreiter/Desktop/AER201/botL.X/lcd.asm
                   LCD_L1   0x000fe8    program     extern /Users/mreiter/Desktop/AER201/botL.X/lcd.asm
                   LCD_L2   0x000ff0    program     extern /Users/mreiter/Desktop/AER201/botL.X/lcd.asm
                 LLD_LOOP   0x001006    program     static /Users/mreiter/Desktop/AER201/botL.X/lcd.asm
                      LOG   0x000634    program     static /Users/mreiter/Desktop/AER201/botL.X/main.asm
                 LOG_INFO   0x000696    program     static /Users/mreiter/Desktop/AER201/botL.X/main.asm
                     LOOP   0x0012f2    program     static /Users/mreiter/Desktop/AER201/botL.X/i2c.asm
                  LOOPING   0x0003ca    program     static /Users/mreiter/Desktop/AER201/botL.X/main.asm
                     Log1   0x000e60    program     static /Users/mreiter/Desktop/AER201/botL.X/main.asm
                     Log2   0x000e66    program     static /Users/mreiter/Desktop/AER201/botL.X/main.asm
                 LogInfo1   0x000e74    program     static /Users/mreiter/Desktop/AER201/botL.X/main.asm
                 LogInfo2   0x000e7c    program     static /Users/mreiter/Desktop/AER201/botL.X/main.asm
                   MovMSB   0x000ff8    program     static /Users/mreiter/Desktop/AER201/botL.X/lcd.asm
                   NoData   0x000f08    program     static /Users/mreiter/Desktop/AER201/botL.X/main.asm
        NoSkipDispExeTime   0x000d1c    program     static /Users/mreiter/Desktop/AER201/botL.X/main.asm
          NoSkipDispOpRTC   0x000dac    program     static /Users/mreiter/Desktop/AER201/botL.X/main.asm
                      PC1   0x000eb6    program     static /Users/mreiter/Desktop/AER201/botL.X/main.asm
                      PC2   0x000ec4    program     static /Users/mreiter/Desktop/AER201/botL.X/main.asm
                   PCLog1   0x000f0c    program     static /Users/mreiter/Desktop/AER201/botL.X/main.asm
               PCTransfer   0x000ece    program     static /Users/mreiter/Desktop/AER201/botL.X/main.asm
                  PC_MODE   0x0008c0    program     static /Users/mreiter/Desktop/AER201/botL.X/main.asm
              PC_TRANSFER   0x00093a    program     static /Users/mreiter/Desktop/AER201/botL.X/main.asm
                 PERM_LOG   0x0006f2    program     static /Users/mreiter/Desktop/AER201/botL.X/main.asm
                     PLOG   0x000810    program     static /Users/mreiter/Desktop/AER201/botL.X/main.asm
                 PermLog1   0x000e86    program     static /Users/mreiter/Desktop/AER201/botL.X/main.asm
                 PermLog2   0x000e96    program     static /Users/mreiter/Desktop/AER201/botL.X/main.asm
                   RD_END   0x00120e    program     static /Users/mreiter/Desktop/AER201/botL.X/i2c_common.asm
               RD_END_RTC   0x001160    program     static /Users/mreiter/Desktop/AER201/botL.X/i2c_common.asm
                  RD_ERR1   0x0011f0    program     static /Users/mreiter/Desktop/AER201/botL.X/i2c_common.asm
              RD_ERR1_RTC   0x001142    program     static /Users/mreiter/Desktop/AER201/botL.X/i2c_common.asm
                  RD_ERR2   0x0011fa    program     static /Users/mreiter/Desktop/AER201/botL.X/i2c_common.asm
              RD_ERR2_RTC   0x00114c    program     static /Users/mreiter/Desktop/AER201/botL.X/i2c_common.asm
                  RD_ERR3   0x001204    program     static /Users/mreiter/Desktop/AER201/botL.X/i2c_common.asm
              RD_ERR3_RTC   0x001156    program     static /Users/mreiter/Desktop/AER201/botL.X/i2c_common.asm
          READ_COLOUR_I2C   0x001180    program     extern /Users/mreiter/Desktop/AER201/botL.X/i2c_common.asm
                 READ_KEY   0x000cae    program     static /Users/mreiter/Desktop/AER201/botL.X/main.asm
            READ_KEY_TIME   0x000cc2    program     static /Users/mreiter/Desktop/AER201/botL.X/main.asm
                 RTC_INIT   0x00095e    program     static /Users/mreiter/Desktop/AER201/botL.X/main.asm
                     SAVE   0x000eee    program     static /Users/mreiter/Desktop/AER201/botL.X/main.asm
            SAVE_EXE_TIME   0x0009d2    program     static /Users/mreiter/Desktop/AER201/botL.X/main.asm
                SAVE_TIME   0x00096c    program     static /Users/mreiter/Desktop/AER201/botL.X/main.asm
                 SET_TIME   0x000b62    program     static /Users/mreiter/Desktop/AER201/botL.X/main.asm
                  STANDBY   0x000210    program     static /Users/mreiter/Desktop/AER201/botL.X/main.asm
                   Safety   0x000ef8    program     static /Users/mreiter/Desktop/AER201/botL.X/main.asm
                 SaveData   0x00059a    program     static /Users/mreiter/Desktop/AER201/botL.X/main.asm
                ShiftLoop   0x0005cc    program     static /Users/mreiter/Desktop/AER201/botL.X/main.asm
          SkipDispExeTime   0x000d6e    program     static /Users/mreiter/Desktop/AER201/botL.X/main.asm
            SkipDispOpRTC   0x000e0c    program     static /Users/mreiter/Desktop/AER201/botL.X/main.asm
                  StandBy   0x000e58    program     static /Users/mreiter/Desktop/AER201/botL.X/main.asm
                  Stopped   0x000ede    program     static /Users/mreiter/Desktop/AER201/botL.X/main.asm
                 TEST_ACK   0x0012fe    program     static /Users/mreiter/Desktop/AER201/botL.X/i2c.asm
                TEST_NACK   0x00129c    program     static /Users/mreiter/Desktop/AER201/botL.X/i2c.asm
                     Team   0x000e4e    program     static /Users/mreiter/Desktop/AER201/botL.X/main.asm
                     WAIT   0x0012b6    program     static /Users/mreiter/Desktop/AER201/botL.X/i2c.asm
         WRITE_COLOUR_I2C   0x001218    program     extern /Users/mreiter/Desktop/AER201/botL.X/i2c_common.asm
                  WR_DATA   0x000f90    program     extern /Users/mreiter/Desktop/AER201/botL.X/lcd.asm
                   WR_END   0x00128a    program     static /Users/mreiter/Desktop/AER201/botL.X/i2c_common.asm
               WR_END_RTC   0x0010ca    program     static /Users/mreiter/Desktop/AER201/botL.X/i2c_common.asm
                  WR_ERR1   0x00126a    program     static /Users/mreiter/Desktop/AER201/botL.X/i2c_common.asm
              WR_ERR1_RTC   0x0010aa    program     static /Users/mreiter/Desktop/AER201/botL.X/i2c_common.asm
                  WR_ERR2   0x001274    program     static /Users/mreiter/Desktop/AER201/botL.X/i2c_common.asm
              WR_ERR2_RTC   0x0010b4    program     static /Users/mreiter/Desktop/AER201/botL.X/i2c_common.asm
                  WR_ERR3   0x001280    program     static /Users/mreiter/Desktop/AER201/botL.X/i2c_common.asm
              WR_ERR3_RTC   0x0010c0    program     static /Users/mreiter/Desktop/AER201/botL.X/i2c_common.asm
                   WR_INS   0x000f74    program     extern /Users/mreiter/Desktop/AER201/botL.X/lcd.asm
                  Welcome   0x000e48    program     static /Users/mreiter/Desktop/AER201/botL.X/main.asm
              WriteEE_RTC   0x000c0a    program     static /Users/mreiter/Desktop/AER201/botL.X/main.asm
                   WrtLCD   0x000fb2    program     extern /Users/mreiter/Desktop/AER201/botL.X/lcd.asm
              _.code_001A   0x001054    program     static /Users/mreiter/Desktop/AER201/botL.X/i2c_common.asm
              _.code_0028   0x001062    program     static /Users/mreiter/Desktop/AER201/botL.X/i2c_common.asm
              _.code_0030   0x00106a    program     static /Users/mreiter/Desktop/AER201/botL.X/i2c_common.asm
              _.code_0036   0x001070    program     static /Users/mreiter/Desktop/AER201/botL.X/i2c_common.asm
              _.code_0046   0x001080    program     static /Users/mreiter/Desktop/AER201/botL.X/i2c_common.asm
              _.code_004C   0x001086    program     static /Users/mreiter/Desktop/AER201/botL.X/i2c_common.asm
              _.code_005C   0x001096    program     static /Users/mreiter/Desktop/AER201/botL.X/i2c_common.asm
              _.code_0062   0x00109c    program     static /Users/mreiter/Desktop/AER201/botL.X/i2c_common.asm
              _.code_0094   0x0010ce    program     static /Users/mreiter/Desktop/AER201/botL.X/i2c_common.asm
              _.code_00A2   0x0010dc    program     static /Users/mreiter/Desktop/AER201/botL.X/i2c_common.asm
              _.code_00AA   0x0010e4    program     static /Users/mreiter/Desktop/AER201/botL.X/i2c_common.asm
              _.code_00B0   0x0010ea    program     static /Users/mreiter/Desktop/AER201/botL.X/i2c_common.asm
              _.code_00C0   0x0010fa    program     static /Users/mreiter/Desktop/AER201/botL.X/i2c_common.asm
              _.code_00C6   0x001100    program     static /Users/mreiter/Desktop/AER201/botL.X/i2c_common.asm
              _.code_00C6   0x000fe2    program     static /Users/mreiter/Desktop/AER201/botL.X/lcd.asm
              _.code_00D4   0x00110e    program     static /Users/mreiter/Desktop/AER201/botL.X/i2c_common.asm
              _.code_00DC   0x001116    program     static /Users/mreiter/Desktop/AER201/botL.X/i2c_common.asm
              _.code_00E2   0x00111c    program     static /Users/mreiter/Desktop/AER201/botL.X/i2c_common.asm
              _.code_00F0   0x00100c    program     static /Users/mreiter/Desktop/AER201/botL.X/lcd.asm
              _.code_00F0   0x00112a    program     static /Users/mreiter/Desktop/AER201/botL.X/i2c_common.asm
              _.code_012A   0x001164    program     static /Users/mreiter/Desktop/AER201/botL.X/i2c_common.asm
              _.code_014E   0x001188    program     static /Users/mreiter/Desktop/AER201/botL.X/i2c_common.asm
              _.code_0156   0x001190    program     static /Users/mreiter/Desktop/AER201/botL.X/i2c_common.asm
              _.code_015C   0x001196    program     static /Users/mreiter/Desktop/AER201/botL.X/i2c_common.asm
              _.code_016E   0x0011a8    program     static /Users/mreiter/Desktop/AER201/botL.X/i2c_common.asm
              _.code_0174   0x0011ae    program     static /Users/mreiter/Desktop/AER201/botL.X/i2c_common.asm
              _.code_0182   0x0011bc    program     static /Users/mreiter/Desktop/AER201/botL.X/i2c_common.asm
              _.code_018A   0x0011c4    program     static /Users/mreiter/Desktop/AER201/botL.X/i2c_common.asm
              _.code_0190   0x0011ca    program     static /Users/mreiter/Desktop/AER201/botL.X/i2c_common.asm
              _.code_019E   0x0011d8    program     static /Users/mreiter/Desktop/AER201/botL.X/i2c_common.asm
              _.code_01D8   0x001212    program     static /Users/mreiter/Desktop/AER201/botL.X/i2c_common.asm
              _.code_01E6   0x001220    program     static /Users/mreiter/Desktop/AER201/botL.X/i2c_common.asm
              _.code_01EE   0x001228    program     static /Users/mreiter/Desktop/AER201/botL.X/i2c_common.asm
              _.code_01F4   0x00122e    program     static /Users/mreiter/Desktop/AER201/botL.X/i2c_common.asm
              _.code_0206   0x001240    program     static /Users/mreiter/Desktop/AER201/botL.X/i2c_common.asm
              _.code_020C   0x001246    program     static /Users/mreiter/Desktop/AER201/botL.X/i2c_common.asm
              _.code_021C   0x001256    program     static /Users/mreiter/Desktop/AER201/botL.X/i2c_common.asm
              _.code_0222   0x00125c    program     static /Users/mreiter/Desktop/AER201/botL.X/i2c_common.asm
              _.code_0254   0x00128e    program     static /Users/mreiter/Desktop/AER201/botL.X/i2c_common.asm
             _.org_2_04DA   0x0004da    program     static /Users/mreiter/Desktop/AER201/botL.X/main.asm
             _.org_2_04F2   0x0004f2    program     static /Users/mreiter/Desktop/AER201/botL.X/main.asm
             _.org_2_050E   0x00050e    program     static /Users/mreiter/Desktop/AER201/botL.X/main.asm
             _.org_2_0526   0x000526    program     static /Users/mreiter/Desktop/AER201/botL.X/main.asm
             _.org_2_0542   0x000542    program     static /Users/mreiter/Desktop/AER201/botL.X/main.asm
             _.org_2_055A   0x00055a    program     static /Users/mreiter/Desktop/AER201/botL.X/main.asm
             _.org_2_0576   0x000576    program     static /Users/mreiter/Desktop/AER201/botL.X/main.asm
             _.org_2_058E   0x00058e    program     static /Users/mreiter/Desktop/AER201/botL.X/main.asm
             _.org_2_05F2   0x0005f2    program     static /Users/mreiter/Desktop/AER201/botL.X/main.asm
             _.org_2_060A   0x00060a    program     static /Users/mreiter/Desktop/AER201/botL.X/main.asm
             _.org_2_09EE   0x0009ee    program     static /Users/mreiter/Desktop/AER201/botL.X/main.asm
             _.org_2_0A06   0x000a06    program     static /Users/mreiter/Desktop/AER201/botL.X/main.asm
             _.org_2_0A2A   0x000a2a    program     static /Users/mreiter/Desktop/AER201/botL.X/main.asm
             _.org_2_0A42   0x000a42    program     static /Users/mreiter/Desktop/AER201/botL.X/main.asm
             _.org_2_0A66   0x000a66    program     static /Users/mreiter/Desktop/AER201/botL.X/main.asm
             _.org_2_0A7E   0x000a7e    program     static /Users/mreiter/Desktop/AER201/botL.X/main.asm
             _.org_2_0C18   0x000c18    program     static /Users/mreiter/Desktop/AER201/botL.X/main.asm
             _.org_2_0C30   0x000c30    program     static /Users/mreiter/Desktop/AER201/botL.X/main.asm
             _.org_2_0C46   0x000c46    program     static /Users/mreiter/Desktop/AER201/botL.X/main.asm
             _.org_2_0C5E   0x000c5e    program     static /Users/mreiter/Desktop/AER201/botL.X/main.asm
             _.org_2_0C7E   0x000c7e    program     static /Users/mreiter/Desktop/AER201/botL.X/main.asm
             _.org_2_0C96   0x000c96    program     static /Users/mreiter/Desktop/AER201/botL.X/main.asm
             _.org_2_0CBC   0x000cbc    program     static /Users/mreiter/Desktop/AER201/botL.X/main.asm
             _.org_2_0CD8   0x000cd8    program     static /Users/mreiter/Desktop/AER201/botL.X/main.asm
                 _107loop   0x000d08    program     static /Users/mreiter/Desktop/AER201/botL.X/main.asm
                 _112loop   0x000d9a    program     static /Users/mreiter/Desktop/AER201/botL.X/main.asm
                  _13loop   0x0001da    program     static /Users/mreiter/Desktop/AER201/botL.X/main.asm
                  _14loop   0x0001f8    program     static /Users/mreiter/Desktop/AER201/botL.X/main.asm
                  _15loop   0x000206    program     static /Users/mreiter/Desktop/AER201/botL.X/main.asm
                  _16loop   0x000224    program     static /Users/mreiter/Desktop/AER201/botL.X/main.asm
                  _17Exit   0x000246    program     static /Users/mreiter/Desktop/AER201/botL.X/main.asm
                  _17Next   0x00023a    program     static /Users/mreiter/Desktop/AER201/botL.X/main.asm
                  _18Exit   0x00025c    program     static /Users/mreiter/Desktop/AER201/botL.X/main.asm
                  _18Next   0x000250    program     static /Users/mreiter/Desktop/AER201/botL.X/main.asm
                  _19Exit   0x000272    program     static /Users/mreiter/Desktop/AER201/botL.X/main.asm
                  _19Next   0x000266    program     static /Users/mreiter/Desktop/AER201/botL.X/main.asm
                  _20Exit   0x000288    program     static /Users/mreiter/Desktop/AER201/botL.X/main.asm
                  _20Next   0x00027c    program     static /Users/mreiter/Desktop/AER201/botL.X/main.asm
                  _21Exit   0x00029e    program     static /Users/mreiter/Desktop/AER201/botL.X/main.asm
                  _21Next   0x000292    program     static /Users/mreiter/Desktop/AER201/botL.X/main.asm
               _22RESULTS   0x0002b4    program     static /Users/mreiter/Desktop/AER201/botL.X/main.asm
               _23RESULTS   0x0002ca    program     static /Users/mreiter/Desktop/AER201/botL.X/main.asm
               _24RESULTS   0x0002e0    program     static /Users/mreiter/Desktop/AER201/botL.X/main.asm
               _25RESULTS   0x0002fe    program     static /Users/mreiter/Desktop/AER201/botL.X/main.asm
               _26RESULTS   0x000314    program     static /Users/mreiter/Desktop/AER201/botL.X/main.asm
               _27RESULTS   0x00032a    program     static /Users/mreiter/Desktop/AER201/botL.X/main.asm
               _28RESULTS   0x000348    program     static /Users/mreiter/Desktop/AER201/botL.X/main.asm
               _29RESULTS   0x00035e    program     static /Users/mreiter/Desktop/AER201/botL.X/main.asm
                 _2endBCD   0x000098    program     static /Users/mreiter/Desktop/AER201/botL.X/main.asm
                   _2ones   0x000092    program     static /Users/mreiter/Desktop/AER201/botL.X/main.asm
               _30RESULTS   0x000374    program     static /Users/mreiter/Desktop/AER201/botL.X/main.asm
               _31RESULTS   0x000392    program     static /Users/mreiter/Desktop/AER201/botL.X/main.asm
               _32RESULTS   0x0003a8    program     static /Users/mreiter/Desktop/AER201/botL.X/main.asm
               _33RESULTS   0x0003be    program     static /Users/mreiter/Desktop/AER201/botL.X/main.asm
                  _34loop   0x0003ce    program     static /Users/mreiter/Desktop/AER201/botL.X/main.asm
                 _3endBCD   0x0000ca    program     static /Users/mreiter/Desktop/AER201/botL.X/main.asm
                   _3ones   0x0000c4    program     static /Users/mreiter/Desktop/AER201/botL.X/main.asm
                  _44loop   0x000444    program     static /Users/mreiter/Desktop/AER201/botL.X/main.asm
                  _45loop   0x00047e    program     static /Users/mreiter/Desktop/AER201/botL.X/main.asm
                  _46Exit   0x0004ba    program     static /Users/mreiter/Desktop/AER201/botL.X/main.asm
                  _46Next   0x0004ae    program     static /Users/mreiter/Desktop/AER201/botL.X/main.asm
                  _51loop   0x0005ae    program     static /Users/mreiter/Desktop/AER201/botL.X/main.asm
                  _54loop   0x000648    program     static /Users/mreiter/Desktop/AER201/botL.X/main.asm
                  _55Exit   0x00067c    program     static /Users/mreiter/Desktop/AER201/botL.X/main.asm
                  _55Next   0x000670    program     static /Users/mreiter/Desktop/AER201/botL.X/main.asm
                  _56Exit   0x000692    program     static /Users/mreiter/Desktop/AER201/botL.X/main.asm
                  _56Next   0x000686    program     static /Users/mreiter/Desktop/AER201/botL.X/main.asm
                  _57loop   0x0006aa    program     static /Users/mreiter/Desktop/AER201/botL.X/main.asm
                  _58loop   0x0006c8    program     static /Users/mreiter/Desktop/AER201/botL.X/main.asm
                  _59Exit   0x0006ee    program     static /Users/mreiter/Desktop/AER201/botL.X/main.asm
                  _59Next   0x0006e2    program     static /Users/mreiter/Desktop/AER201/botL.X/main.asm
                  _60loop   0x000706    program     static /Users/mreiter/Desktop/AER201/botL.X/main.asm
                  _61loop   0x000724    program     static /Users/mreiter/Desktop/AER201/botL.X/main.asm
                  _62Exit   0x000746    program     static /Users/mreiter/Desktop/AER201/botL.X/main.asm
                  _62Next   0x00073a    program     static /Users/mreiter/Desktop/AER201/botL.X/main.asm
                  _63Exit   0x00075c    program     static /Users/mreiter/Desktop/AER201/botL.X/main.asm
                  _63Next   0x000750    program     static /Users/mreiter/Desktop/AER201/botL.X/main.asm
                  _64Exit   0x000772    program     static /Users/mreiter/Desktop/AER201/botL.X/main.asm
                  _64Next   0x000766    program     static /Users/mreiter/Desktop/AER201/botL.X/main.asm
                  _65Exit   0x000788    program     static /Users/mreiter/Desktop/AER201/botL.X/main.asm
                  _65Next   0x00077c    program     static /Users/mreiter/Desktop/AER201/botL.X/main.asm
                  _66Exit   0x00079e    program     static /Users/mreiter/Desktop/AER201/botL.X/main.asm
                  _66Next   0x000792    program     static /Users/mreiter/Desktop/AER201/botL.X/main.asm
                  _67Exit   0x0007b4    program     static /Users/mreiter/Desktop/AER201/botL.X/main.asm
                  _67Next   0x0007a8    program     static /Users/mreiter/Desktop/AER201/botL.X/main.asm
                  _68Exit   0x0007ca    program     static /Users/mreiter/Desktop/AER201/botL.X/main.asm
                  _68Next   0x0007be    program     static /Users/mreiter/Desktop/AER201/botL.X/main.asm
                  _69Exit   0x0007e0    program     static /Users/mreiter/Desktop/AER201/botL.X/main.asm
                  _69Next   0x0007d4    program     static /Users/mreiter/Desktop/AER201/botL.X/main.asm
                  _70Exit   0x0007f6    program     static /Users/mreiter/Desktop/AER201/botL.X/main.asm
                  _70Next   0x0007ea    program     static /Users/mreiter/Desktop/AER201/botL.X/main.asm
                  _71Exit   0x00080c    program     static /Users/mreiter/Desktop/AER201/botL.X/main.asm
                  _71Next   0x000800    program     static /Users/mreiter/Desktop/AER201/botL.X/main.asm
                  _72loop   0x000824    program     static /Users/mreiter/Desktop/AER201/botL.X/main.asm
                  _75Exit   0x0008bc    program     static /Users/mreiter/Desktop/AER201/botL.X/main.asm
                  _75Next   0x0008b0    program     static /Users/mreiter/Desktop/AER201/botL.X/main.asm
                  _76loop   0x0008d4    program     static /Users/mreiter/Desktop/AER201/botL.X/main.asm
                  _77loop   0x0008f2    program     static /Users/mreiter/Desktop/AER201/botL.X/main.asm
                  _78Exit   0x000920    program     static /Users/mreiter/Desktop/AER201/botL.X/main.asm
                  _78Next   0x000914    program     static /Users/mreiter/Desktop/AER201/botL.X/main.asm
                  _79Exit   0x000936    program     static /Users/mreiter/Desktop/AER201/botL.X/main.asm
                  _79Next   0x00092a    program     static /Users/mreiter/Desktop/AER201/botL.X/main.asm
                  _80loop   0x000950    program     static /Users/mreiter/Desktop/AER201/botL.X/main.asm
                  _waitl0   0x001138    program     static /Users/mreiter/Desktop/AER201/botL.X/i2c_common.asm
                  _waitl1   0x0011e6    program     static /Users/mreiter/Desktop/AER201/botL.X/i2c_common.asm
                       d2   0x001034    program     static /Users/mreiter/Desktop/AER201/botL.X/lcd.asm
                del_loop0   0x000b68    program     static /Users/mreiter/Desktop/AER201/botL.X/main.asm
                delay44us   0x001018    program     static /Users/mreiter/Desktop/AER201/botL.X/lcd.asm
                 delay5ms   0x001024    program     extern /Users/mreiter/Desktop/AER201/botL.X/lcd.asm
               displayNum   0x00084a    program     static /Users/mreiter/Desktop/AER201/botL.X/main.asm
         i2c_common_setup   0x00103a    program     extern /Users/mreiter/Desktop/AER201/botL.X/i2c_common.asm
             lcdLongDelay   0x001002    program     static /Users/mreiter/Desktop/AER201/botL.X/lcd.asm
                loop200us   0x000bec    program     static /Users/mreiter/Desktop/AER201/botL.X/main.asm
                 loop50ms   0x000bfa    program     static /Users/mreiter/Desktop/AER201/botL.X/main.asm
                  loop5us   0x000bde    program     static /Users/mreiter/Desktop/AER201/botL.X/main.asm
                 read_rtc   0x0010d4    program     extern /Users/mreiter/Desktop/AER201/botL.X/i2c_common.asm
              rtc_convert   0x00116a    program     extern /Users/mreiter/Desktop/AER201/botL.X/i2c_common.asm
                write_rtc   0x00105a    program     extern /Users/mreiter/Desktop/AER201/botL.X/i2c_common.asm
           convert_buffer   0x000087       data     extern /Users/mreiter/Desktop/AER201/botL.X/i2c_common.asm
             data_colourH   0x000084       data     extern /Users/mreiter/Desktop/AER201/botL.X/i2c_common.asm
             data_colourL   0x000083       data     extern /Users/mreiter/Desktop/AER201/botL.X/i2c_common.asm
                 databyte   0x000081       data     extern /Users/mreiter/Desktop/AER201/botL.X/i2c_common.asm
                 datachar   0x000082       data     extern /Users/mreiter/Desktop/AER201/botL.X/i2c_common.asm
               ones_digit   0x000086       data     extern /Users/mreiter/Desktop/AER201/botL.X/i2c_common.asm
               regaddress   0x000080       data     extern /Users/mreiter/Desktop/AER201/botL.X/i2c_common.asm
               tens_digit   0x000085       data     extern /Users/mreiter/Desktop/AER201/botL.X/i2c_common.asm



                              Symbols - Sorted by Address
                     Name    Address   Location    Storage File                     
                ---------  ---------  ---------  --------- ---------                
                 ISR_HIGH   0x00001c    program     static /Users/mreiter/Desktop/AER201/botL.X/main.asm
                   _2ones   0x000092    program     static /Users/mreiter/Desktop/AER201/botL.X/main.asm
                 _2endBCD   0x000098    program     static /Users/mreiter/Desktop/AER201/botL.X/main.asm
                   _3ones   0x0000c4    program     static /Users/mreiter/Desktop/AER201/botL.X/main.asm
                 _3endBCD   0x0000ca    program     static /Users/mreiter/Desktop/AER201/botL.X/main.asm
             END_ISR_HIGH   0x0000cc    program     static /Users/mreiter/Desktop/AER201/botL.X/main.asm
                  ISR_LOW   0x0000d6    program     static /Users/mreiter/Desktop/AER201/botL.X/main.asm
              END_ISR_LOW   0x0000f2    program     static /Users/mreiter/Desktop/AER201/botL.X/main.asm
                     INIT   0x0000fc    program     static /Users/mreiter/Desktop/AER201/botL.X/main.asm
                  _13loop   0x0001da    program     static /Users/mreiter/Desktop/AER201/botL.X/main.asm
                  _14loop   0x0001f8    program     static /Users/mreiter/Desktop/AER201/botL.X/main.asm
                  _15loop   0x000206    program     static /Users/mreiter/Desktop/AER201/botL.X/main.asm
                  STANDBY   0x000210    program     static /Users/mreiter/Desktop/AER201/botL.X/main.asm
                  _16loop   0x000224    program     static /Users/mreiter/Desktop/AER201/botL.X/main.asm
             HOLD_STANDBY   0x00022e    program     static /Users/mreiter/Desktop/AER201/botL.X/main.asm
                  _17Next   0x00023a    program     static /Users/mreiter/Desktop/AER201/botL.X/main.asm
                  _17Exit   0x000246    program     static /Users/mreiter/Desktop/AER201/botL.X/main.asm
                  _18Next   0x000250    program     static /Users/mreiter/Desktop/AER201/botL.X/main.asm
                  _18Exit   0x00025c    program     static /Users/mreiter/Desktop/AER201/botL.X/main.asm
                  _19Next   0x000266    program     static /Users/mreiter/Desktop/AER201/botL.X/main.asm
                  _19Exit   0x000272    program     static /Users/mreiter/Desktop/AER201/botL.X/main.asm
                  _20Next   0x00027c    program     static /Users/mreiter/Desktop/AER201/botL.X/main.asm
                  _20Exit   0x000288    program     static /Users/mreiter/Desktop/AER201/botL.X/main.asm
                  _21Next   0x000292    program     static /Users/mreiter/Desktop/AER201/botL.X/main.asm
                  _21Exit   0x00029e    program     static /Users/mreiter/Desktop/AER201/botL.X/main.asm
              CHECK_CLEAR   0x0002a2    program     static /Users/mreiter/Desktop/AER201/botL.X/main.asm
               _22RESULTS   0x0002b4    program     static /Users/mreiter/Desktop/AER201/botL.X/main.asm
               _23RESULTS   0x0002ca    program     static /Users/mreiter/Desktop/AER201/botL.X/main.asm
               _24RESULTS   0x0002e0    program     static /Users/mreiter/Desktop/AER201/botL.X/main.asm
                CHECK_RED   0x0002ec    program     static /Users/mreiter/Desktop/AER201/botL.X/main.asm
               _25RESULTS   0x0002fe    program     static /Users/mreiter/Desktop/AER201/botL.X/main.asm
               _26RESULTS   0x000314    program     static /Users/mreiter/Desktop/AER201/botL.X/main.asm
               _27RESULTS   0x00032a    program     static /Users/mreiter/Desktop/AER201/botL.X/main.asm
              CHECK_GREEN   0x000336    program     static /Users/mreiter/Desktop/AER201/botL.X/main.asm
               _28RESULTS   0x000348    program     static /Users/mreiter/Desktop/AER201/botL.X/main.asm
               _29RESULTS   0x00035e    program     static /Users/mreiter/Desktop/AER201/botL.X/main.asm
               _30RESULTS   0x000374    program     static /Users/mreiter/Desktop/AER201/botL.X/main.asm
               CHECK_BLUE   0x000380    program     static /Users/mreiter/Desktop/AER201/botL.X/main.asm
               _31RESULTS   0x000392    program     static /Users/mreiter/Desktop/AER201/botL.X/main.asm
               _32RESULTS   0x0003a8    program     static /Users/mreiter/Desktop/AER201/botL.X/main.asm
               _33RESULTS   0x0003be    program     static /Users/mreiter/Desktop/AER201/botL.X/main.asm
                  LOOPING   0x0003ca    program     static /Users/mreiter/Desktop/AER201/botL.X/main.asm
              COLOUR_TEST   0x0003ca    program     static /Users/mreiter/Desktop/AER201/botL.X/main.asm
                  _34loop   0x0003ce    program     static /Users/mreiter/Desktop/AER201/botL.X/main.asm
                  _44loop   0x000444    program     static /Users/mreiter/Desktop/AER201/botL.X/main.asm
                EXECUTION   0x000460    program     static /Users/mreiter/Desktop/AER201/botL.X/main.asm
                  _45loop   0x00047e    program     static /Users/mreiter/Desktop/AER201/botL.X/main.asm
                 HOLD_EXE   0x0004a2    program     static /Users/mreiter/Desktop/AER201/botL.X/main.asm
                  _46Next   0x0004ae    program     static /Users/mreiter/Desktop/AER201/botL.X/main.asm
                  _46Exit   0x0004ba    program     static /Users/mreiter/Desktop/AER201/botL.X/main.asm
                 EXIT_EXE   0x0004be    program     static /Users/mreiter/Desktop/AER201/botL.X/main.asm
             _.org_2_04DA   0x0004da    program     static /Users/mreiter/Desktop/AER201/botL.X/main.asm
             _.org_2_04F2   0x0004f2    program     static /Users/mreiter/Desktop/AER201/botL.X/main.asm
             _.org_2_050E   0x00050e    program     static /Users/mreiter/Desktop/AER201/botL.X/main.asm
             _.org_2_0526   0x000526    program     static /Users/mreiter/Desktop/AER201/botL.X/main.asm
             _.org_2_0542   0x000542    program     static /Users/mreiter/Desktop/AER201/botL.X/main.asm
             _.org_2_055A   0x00055a    program     static /Users/mreiter/Desktop/AER201/botL.X/main.asm
             _.org_2_0576   0x000576    program     static /Users/mreiter/Desktop/AER201/botL.X/main.asm
             _.org_2_058E   0x00058e    program     static /Users/mreiter/Desktop/AER201/botL.X/main.asm
                 SaveData   0x00059a    program     static /Users/mreiter/Desktop/AER201/botL.X/main.asm
                  _51loop   0x0005ae    program     static /Users/mreiter/Desktop/AER201/botL.X/main.asm
                ShiftLoop   0x0005cc    program     static /Users/mreiter/Desktop/AER201/botL.X/main.asm
             _.org_2_05F2   0x0005f2    program     static /Users/mreiter/Desktop/AER201/botL.X/main.asm
             _.org_2_060A   0x00060a    program     static /Users/mreiter/Desktop/AER201/botL.X/main.asm
                      LOG   0x000634    program     static /Users/mreiter/Desktop/AER201/botL.X/main.asm
                  _54loop   0x000648    program     static /Users/mreiter/Desktop/AER201/botL.X/main.asm
                 HOLD_LOG   0x000664    program     static /Users/mreiter/Desktop/AER201/botL.X/main.asm
                  _55Next   0x000670    program     static /Users/mreiter/Desktop/AER201/botL.X/main.asm
                  _55Exit   0x00067c    program     static /Users/mreiter/Desktop/AER201/botL.X/main.asm
                  _56Next   0x000686    program     static /Users/mreiter/Desktop/AER201/botL.X/main.asm
                  _56Exit   0x000692    program     static /Users/mreiter/Desktop/AER201/botL.X/main.asm
                 LOG_INFO   0x000696    program     static /Users/mreiter/Desktop/AER201/botL.X/main.asm
                  _57loop   0x0006aa    program     static /Users/mreiter/Desktop/AER201/botL.X/main.asm
                  _58loop   0x0006c8    program     static /Users/mreiter/Desktop/AER201/botL.X/main.asm
            HOLD_LOG_INFO   0x0006d6    program     static /Users/mreiter/Desktop/AER201/botL.X/main.asm
                  _59Next   0x0006e2    program     static /Users/mreiter/Desktop/AER201/botL.X/main.asm
                  _59Exit   0x0006ee    program     static /Users/mreiter/Desktop/AER201/botL.X/main.asm
                 PERM_LOG   0x0006f2    program     static /Users/mreiter/Desktop/AER201/botL.X/main.asm
                  _60loop   0x000706    program     static /Users/mreiter/Desktop/AER201/botL.X/main.asm
                  _61loop   0x000724    program     static /Users/mreiter/Desktop/AER201/botL.X/main.asm
            HOLD_PERM_LOG   0x00072e    program     static /Users/mreiter/Desktop/AER201/botL.X/main.asm
                  _62Next   0x00073a    program     static /Users/mreiter/Desktop/AER201/botL.X/main.asm
                  _62Exit   0x000746    program     static /Users/mreiter/Desktop/AER201/botL.X/main.asm
                  _63Next   0x000750    program     static /Users/mreiter/Desktop/AER201/botL.X/main.asm
                  _63Exit   0x00075c    program     static /Users/mreiter/Desktop/AER201/botL.X/main.asm
                  _64Next   0x000766    program     static /Users/mreiter/Desktop/AER201/botL.X/main.asm
                  _64Exit   0x000772    program     static /Users/mreiter/Desktop/AER201/botL.X/main.asm
                  _65Next   0x00077c    program     static /Users/mreiter/Desktop/AER201/botL.X/main.asm
                  _65Exit   0x000788    program     static /Users/mreiter/Desktop/AER201/botL.X/main.asm
                  _66Next   0x000792    program     static /Users/mreiter/Desktop/AER201/botL.X/main.asm
                  _66Exit   0x00079e    program     static /Users/mreiter/Desktop/AER201/botL.X/main.asm
                  _67Next   0x0007a8    program     static /Users/mreiter/Desktop/AER201/botL.X/main.asm
                  _67Exit   0x0007b4    program     static /Users/mreiter/Desktop/AER201/botL.X/main.asm
                  _68Next   0x0007be    program     static /Users/mreiter/Desktop/AER201/botL.X/main.asm
                  _68Exit   0x0007ca    program     static /Users/mreiter/Desktop/AER201/botL.X/main.asm
                  _69Next   0x0007d4    program     static /Users/mreiter/Desktop/AER201/botL.X/main.asm
                  _69Exit   0x0007e0    program     static /Users/mreiter/Desktop/AER201/botL.X/main.asm
                  _70Next   0x0007ea    program     static /Users/mreiter/Desktop/AER201/botL.X/main.asm
                  _70Exit   0x0007f6    program     static /Users/mreiter/Desktop/AER201/botL.X/main.asm
                  _71Next   0x000800    program     static /Users/mreiter/Desktop/AER201/botL.X/main.asm
                  _71Exit   0x00080c    program     static /Users/mreiter/Desktop/AER201/botL.X/main.asm
                     PLOG   0x000810    program     static /Users/mreiter/Desktop/AER201/botL.X/main.asm
                  _72loop   0x000824    program     static /Users/mreiter/Desktop/AER201/botL.X/main.asm
               displayNum   0x00084a    program     static /Users/mreiter/Desktop/AER201/botL.X/main.asm
                HOLD_PLOG   0x0008a4    program     static /Users/mreiter/Desktop/AER201/botL.X/main.asm
                  _75Next   0x0008b0    program     static /Users/mreiter/Desktop/AER201/botL.X/main.asm
                  _75Exit   0x0008bc    program     static /Users/mreiter/Desktop/AER201/botL.X/main.asm
                  PC_MODE   0x0008c0    program     static /Users/mreiter/Desktop/AER201/botL.X/main.asm
                  _76loop   0x0008d4    program     static /Users/mreiter/Desktop/AER201/botL.X/main.asm
                  _77loop   0x0008f2    program     static /Users/mreiter/Desktop/AER201/botL.X/main.asm
                  HOLD_PC   0x000908    program     static /Users/mreiter/Desktop/AER201/botL.X/main.asm
                  _78Next   0x000914    program     static /Users/mreiter/Desktop/AER201/botL.X/main.asm
                  _78Exit   0x000920    program     static /Users/mreiter/Desktop/AER201/botL.X/main.asm
                  _79Next   0x00092a    program     static /Users/mreiter/Desktop/AER201/botL.X/main.asm
                  _79Exit   0x000936    program     static /Users/mreiter/Desktop/AER201/botL.X/main.asm
              PC_TRANSFER   0x00093a    program     static /Users/mreiter/Desktop/AER201/botL.X/main.asm
                  _80loop   0x000950    program     static /Users/mreiter/Desktop/AER201/botL.X/main.asm
                 RTC_INIT   0x00095e    program     static /Users/mreiter/Desktop/AER201/botL.X/main.asm
                SAVE_TIME   0x00096c    program     static /Users/mreiter/Desktop/AER201/botL.X/main.asm
            SAVE_EXE_TIME   0x0009d2    program     static /Users/mreiter/Desktop/AER201/botL.X/main.asm
             _.org_2_09EE   0x0009ee    program     static /Users/mreiter/Desktop/AER201/botL.X/main.asm
             _.org_2_0A06   0x000a06    program     static /Users/mreiter/Desktop/AER201/botL.X/main.asm
             _.org_2_0A2A   0x000a2a    program     static /Users/mreiter/Desktop/AER201/botL.X/main.asm
             _.org_2_0A42   0x000a42    program     static /Users/mreiter/Desktop/AER201/botL.X/main.asm
             _.org_2_0A66   0x000a66    program     static /Users/mreiter/Desktop/AER201/botL.X/main.asm
             _.org_2_0A7E   0x000a7e    program     static /Users/mreiter/Desktop/AER201/botL.X/main.asm
              DISPLAY_RTC   0x000a88    program     static /Users/mreiter/Desktop/AER201/botL.X/main.asm
                 SET_TIME   0x000b62    program     static /Users/mreiter/Desktop/AER201/botL.X/main.asm
                del_loop0   0x000b68    program     static /Users/mreiter/Desktop/AER201/botL.X/main.asm
               INIT_USART   0x000bca    program     static /Users/mreiter/Desktop/AER201/botL.X/main.asm
                 Delay5us   0x000bda    program     static /Users/mreiter/Desktop/AER201/botL.X/main.asm
                  loop5us   0x000bde    program     static /Users/mreiter/Desktop/AER201/botL.X/main.asm
               Delay200us   0x000be8    program     static /Users/mreiter/Desktop/AER201/botL.X/main.asm
                loop200us   0x000bec    program     static /Users/mreiter/Desktop/AER201/botL.X/main.asm
                Delay50ms   0x000bf6    program     static /Users/mreiter/Desktop/AER201/botL.X/main.asm
                 loop50ms   0x000bfa    program     static /Users/mreiter/Desktop/AER201/botL.X/main.asm
                   Cycles   0x000c00    program     static /Users/mreiter/Desktop/AER201/botL.X/main.asm
              WriteEE_RTC   0x000c0a    program     static /Users/mreiter/Desktop/AER201/botL.X/main.asm
             _.org_2_0C18   0x000c18    program     static /Users/mreiter/Desktop/AER201/botL.X/main.asm
             _.org_2_0C30   0x000c30    program     static /Users/mreiter/Desktop/AER201/botL.X/main.asm
             _.org_2_0C46   0x000c46    program     static /Users/mreiter/Desktop/AER201/botL.X/main.asm
             _.org_2_0C5E   0x000c5e    program     static /Users/mreiter/Desktop/AER201/botL.X/main.asm
           ClearEEPROM_21   0x000c68    program     static /Users/mreiter/Desktop/AER201/botL.X/main.asm
                ClearNext   0x000c70    program     static /Users/mreiter/Desktop/AER201/botL.X/main.asm
             _.org_2_0C7E   0x000c7e    program     static /Users/mreiter/Desktop/AER201/botL.X/main.asm
             _.org_2_0C96   0x000c96    program     static /Users/mreiter/Desktop/AER201/botL.X/main.asm
                 READ_KEY   0x000cae    program     static /Users/mreiter/Desktop/AER201/botL.X/main.asm
             _.org_2_0CBC   0x000cbc    program     static /Users/mreiter/Desktop/AER201/botL.X/main.asm
            READ_KEY_TIME   0x000cc2    program     static /Users/mreiter/Desktop/AER201/botL.X/main.asm
             _.org_2_0CD8   0x000cd8    program     static /Users/mreiter/Desktop/AER201/botL.X/main.asm
           DisplayExeTime   0x000cde    program     static /Users/mreiter/Desktop/AER201/botL.X/main.asm
                 _107loop   0x000d08    program     static /Users/mreiter/Desktop/AER201/botL.X/main.asm
        NoSkipDispExeTime   0x000d1c    program     static /Users/mreiter/Desktop/AER201/botL.X/main.asm
          SkipDispExeTime   0x000d6e    program     static /Users/mreiter/Desktop/AER201/botL.X/main.asm
                DispOpRTC   0x000d70    program     static /Users/mreiter/Desktop/AER201/botL.X/main.asm
                 _112loop   0x000d9a    program     static /Users/mreiter/Desktop/AER201/botL.X/main.asm
          NoSkipDispOpRTC   0x000dac    program     static /Users/mreiter/Desktop/AER201/botL.X/main.asm
            SkipDispOpRTC   0x000e0c    program     static /Users/mreiter/Desktop/AER201/botL.X/main.asm
         DispOpRTC_Helper   0x000e0e    program     static /Users/mreiter/Desktop/AER201/botL.X/main.asm
                  Welcome   0x000e48    program     static /Users/mreiter/Desktop/AER201/botL.X/main.asm
                     Team   0x000e4e    program     static /Users/mreiter/Desktop/AER201/botL.X/main.asm
                  StandBy   0x000e58    program     static /Users/mreiter/Desktop/AER201/botL.X/main.asm
                     Log1   0x000e60    program     static /Users/mreiter/Desktop/AER201/botL.X/main.asm
                     Log2   0x000e66    program     static /Users/mreiter/Desktop/AER201/botL.X/main.asm
                 LogInfo1   0x000e74    program     static /Users/mreiter/Desktop/AER201/botL.X/main.asm
                 LogInfo2   0x000e7c    program     static /Users/mreiter/Desktop/AER201/botL.X/main.asm
                 PermLog1   0x000e86    program     static /Users/mreiter/Desktop/AER201/botL.X/main.asm
                 PermLog2   0x000e96    program     static /Users/mreiter/Desktop/AER201/botL.X/main.asm
                     Exe1   0x000ea2    program     static /Users/mreiter/Desktop/AER201/botL.X/main.asm
                     Exe2   0x000eae    program     static /Users/mreiter/Desktop/AER201/botL.X/main.asm
                      PC1   0x000eb6    program     static /Users/mreiter/Desktop/AER201/botL.X/main.asm
                      PC2   0x000ec4    program     static /Users/mreiter/Desktop/AER201/botL.X/main.asm
               PCTransfer   0x000ece    program     static /Users/mreiter/Desktop/AER201/botL.X/main.asm
                  Stopped   0x000ede    program     static /Users/mreiter/Desktop/AER201/botL.X/main.asm
                 Exe_Time   0x000ee6    program     static /Users/mreiter/Desktop/AER201/botL.X/main.asm
                     SAVE   0x000eee    program     static /Users/mreiter/Desktop/AER201/botL.X/main.asm
                   Safety   0x000ef8    program     static /Users/mreiter/Desktop/AER201/botL.X/main.asm
                   NoData   0x000f08    program     static /Users/mreiter/Desktop/AER201/botL.X/main.asm
                   PCLog1   0x000f0c    program     static /Users/mreiter/Desktop/AER201/botL.X/main.asm
                  InitLCD   0x000f1c    program     extern /Users/mreiter/Desktop/AER201/botL.X/lcd.asm
                   WR_INS   0x000f74    program     extern /Users/mreiter/Desktop/AER201/botL.X/lcd.asm
                  WR_DATA   0x000f90    program     extern /Users/mreiter/Desktop/AER201/botL.X/lcd.asm
                   WrtLCD   0x000fb2    program     extern /Users/mreiter/Desktop/AER201/botL.X/lcd.asm
                   ClrLCD   0x000fc8    program     extern /Users/mreiter/Desktop/AER201/botL.X/lcd.asm
                   ClkLCD   0x000fd6    program     extern /Users/mreiter/Desktop/AER201/botL.X/lcd.asm
              _.code_00C6   0x000fe2    program     static /Users/mreiter/Desktop/AER201/botL.X/lcd.asm
                   LCD_L1   0x000fe8    program     extern /Users/mreiter/Desktop/AER201/botL.X/lcd.asm
                   LCD_L2   0x000ff0    program     extern /Users/mreiter/Desktop/AER201/botL.X/lcd.asm
                   MovMSB   0x000ff8    program     static /Users/mreiter/Desktop/AER201/botL.X/lcd.asm
             lcdLongDelay   0x001002    program     static /Users/mreiter/Desktop/AER201/botL.X/lcd.asm
                 LLD_LOOP   0x001006    program     static /Users/mreiter/Desktop/AER201/botL.X/lcd.asm
              _.code_00F0   0x00100c    program     static /Users/mreiter/Desktop/AER201/botL.X/lcd.asm
                delay44us   0x001018    program     static /Users/mreiter/Desktop/AER201/botL.X/lcd.asm
            Delay44usLoop   0x00101c    program     static /Users/mreiter/Desktop/AER201/botL.X/lcd.asm
                 delay5ms   0x001024    program     extern /Users/mreiter/Desktop/AER201/botL.X/lcd.asm
             Delay5msLoop   0x00102c    program     static /Users/mreiter/Desktop/AER201/botL.X/lcd.asm
                       d2   0x001034    program     static /Users/mreiter/Desktop/AER201/botL.X/lcd.asm
         i2c_common_setup   0x00103a    program     extern /Users/mreiter/Desktop/AER201/botL.X/i2c_common.asm
              _.code_001A   0x001054    program     static /Users/mreiter/Desktop/AER201/botL.X/i2c_common.asm
                write_rtc   0x00105a    program     extern /Users/mreiter/Desktop/AER201/botL.X/i2c_common.asm
              _.code_0028   0x001062    program     static /Users/mreiter/Desktop/AER201/botL.X/i2c_common.asm
              _.code_0030   0x00106a    program     static /Users/mreiter/Desktop/AER201/botL.X/i2c_common.asm
              _.code_0036   0x001070    program     static /Users/mreiter/Desktop/AER201/botL.X/i2c_common.asm
              _.code_0046   0x001080    program     static /Users/mreiter/Desktop/AER201/botL.X/i2c_common.asm
              _.code_004C   0x001086    program     static /Users/mreiter/Desktop/AER201/botL.X/i2c_common.asm
              _.code_005C   0x001096    program     static /Users/mreiter/Desktop/AER201/botL.X/i2c_common.asm
              _.code_0062   0x00109c    program     static /Users/mreiter/Desktop/AER201/botL.X/i2c_common.asm
              WR_ERR1_RTC   0x0010aa    program     static /Users/mreiter/Desktop/AER201/botL.X/i2c_common.asm
              WR_ERR2_RTC   0x0010b4    program     static /Users/mreiter/Desktop/AER201/botL.X/i2c_common.asm
              WR_ERR3_RTC   0x0010c0    program     static /Users/mreiter/Desktop/AER201/botL.X/i2c_common.asm
               WR_END_RTC   0x0010ca    program     static /Users/mreiter/Desktop/AER201/botL.X/i2c_common.asm
              _.code_0094   0x0010ce    program     static /Users/mreiter/Desktop/AER201/botL.X/i2c_common.asm
                 read_rtc   0x0010d4    program     extern /Users/mreiter/Desktop/AER201/botL.X/i2c_common.asm
              _.code_00A2   0x0010dc    program     static /Users/mreiter/Desktop/AER201/botL.X/i2c_common.asm
              _.code_00AA   0x0010e4    program     static /Users/mreiter/Desktop/AER201/botL.X/i2c_common.asm
              _.code_00B0   0x0010ea    program     static /Users/mreiter/Desktop/AER201/botL.X/i2c_common.asm
              _.code_00C0   0x0010fa    program     static /Users/mreiter/Desktop/AER201/botL.X/i2c_common.asm
              _.code_00C6   0x001100    program     static /Users/mreiter/Desktop/AER201/botL.X/i2c_common.asm
              _.code_00D4   0x00110e    program     static /Users/mreiter/Desktop/AER201/botL.X/i2c_common.asm
              _.code_00DC   0x001116    program     static /Users/mreiter/Desktop/AER201/botL.X/i2c_common.asm
              _.code_00E2   0x00111c    program     static /Users/mreiter/Desktop/AER201/botL.X/i2c_common.asm
              _.code_00F0   0x00112a    program     static /Users/mreiter/Desktop/AER201/botL.X/i2c_common.asm
                  _waitl0   0x001138    program     static /Users/mreiter/Desktop/AER201/botL.X/i2c_common.asm
              RD_ERR1_RTC   0x001142    program     static /Users/mreiter/Desktop/AER201/botL.X/i2c_common.asm
              RD_ERR2_RTC   0x00114c    program     static /Users/mreiter/Desktop/AER201/botL.X/i2c_common.asm
              RD_ERR3_RTC   0x001156    program     static /Users/mreiter/Desktop/AER201/botL.X/i2c_common.asm
               RD_END_RTC   0x001160    program     static /Users/mreiter/Desktop/AER201/botL.X/i2c_common.asm
              _.code_012A   0x001164    program     static /Users/mreiter/Desktop/AER201/botL.X/i2c_common.asm
              rtc_convert   0x00116a    program     extern /Users/mreiter/Desktop/AER201/botL.X/i2c_common.asm
          READ_COLOUR_I2C   0x001180    program     extern /Users/mreiter/Desktop/AER201/botL.X/i2c_common.asm
              _.code_014E   0x001188    program     static /Users/mreiter/Desktop/AER201/botL.X/i2c_common.asm
              _.code_0156   0x001190    program     static /Users/mreiter/Desktop/AER201/botL.X/i2c_common.asm
              _.code_015C   0x001196    program     static /Users/mreiter/Desktop/AER201/botL.X/i2c_common.asm
              _.code_016E   0x0011a8    program     static /Users/mreiter/Desktop/AER201/botL.X/i2c_common.asm
              _.code_0174   0x0011ae    program     static /Users/mreiter/Desktop/AER201/botL.X/i2c_common.asm
              _.code_0182   0x0011bc    program     static /Users/mreiter/Desktop/AER201/botL.X/i2c_common.asm
              _.code_018A   0x0011c4    program     static /Users/mreiter/Desktop/AER201/botL.X/i2c_common.asm
              _.code_0190   0x0011ca    program     static /Users/mreiter/Desktop/AER201/botL.X/i2c_common.asm
              _.code_019E   0x0011d8    program     static /Users/mreiter/Desktop/AER201/botL.X/i2c_common.asm
                  _waitl1   0x0011e6    program     static /Users/mreiter/Desktop/AER201/botL.X/i2c_common.asm
                  RD_ERR1   0x0011f0    program     static /Users/mreiter/Desktop/AER201/botL.X/i2c_common.asm
                  RD_ERR2   0x0011fa    program     static /Users/mreiter/Desktop/AER201/botL.X/i2c_common.asm
                  RD_ERR3   0x001204    program     static /Users/mreiter/Desktop/AER201/botL.X/i2c_common.asm
                   RD_END   0x00120e    program     static /Users/mreiter/Desktop/AER201/botL.X/i2c_common.asm
              _.code_01D8   0x001212    program     static /Users/mreiter/Desktop/AER201/botL.X/i2c_common.asm
         WRITE_COLOUR_I2C   0x001218    program     extern /Users/mreiter/Desktop/AER201/botL.X/i2c_common.asm
              _.code_01E6   0x001220    program     static /Users/mreiter/Desktop/AER201/botL.X/i2c_common.asm
              _.code_01EE   0x001228    program     static /Users/mreiter/Desktop/AER201/botL.X/i2c_common.asm
              _.code_01F4   0x00122e    program     static /Users/mreiter/Desktop/AER201/botL.X/i2c_common.asm
              _.code_0206   0x001240    program     static /Users/mreiter/Desktop/AER201/botL.X/i2c_common.asm
              _.code_020C   0x001246    program     static /Users/mreiter/Desktop/AER201/botL.X/i2c_common.asm
              _.code_021C   0x001256    program     static /Users/mreiter/Desktop/AER201/botL.X/i2c_common.asm
              _.code_0222   0x00125c    program     static /Users/mreiter/Desktop/AER201/botL.X/i2c_common.asm
                  WR_ERR1   0x00126a    program     static /Users/mreiter/Desktop/AER201/botL.X/i2c_common.asm
                  WR_ERR2   0x001274    program     static /Users/mreiter/Desktop/AER201/botL.X/i2c_common.asm
                  WR_ERR3   0x001280    program     static /Users/mreiter/Desktop/AER201/botL.X/i2c_common.asm
                   WR_END   0x00128a    program     static /Users/mreiter/Desktop/AER201/botL.X/i2c_common.asm
              _.code_0254   0x00128e    program     static /Users/mreiter/Desktop/AER201/botL.X/i2c_common.asm
                I2C_ACKDT   0x001294    program     extern /Users/mreiter/Desktop/AER201/botL.X/i2c.asm
                CHECK_ACK   0x001294    program     extern /Users/mreiter/Desktop/AER201/botL.X/i2c.asm
                 I2C_temp   0x001294    program     static /Users/mreiter/Desktop/AER201/botL.X/i2c.asm
               CHECK_NACK   0x001298    program     extern /Users/mreiter/Desktop/AER201/botL.X/i2c.asm
                TEST_NACK   0x00129c    program     static /Users/mreiter/Desktop/AER201/botL.X/i2c.asm
          I2C_Master_INIT   0x0012a4    program     extern /Users/mreiter/Desktop/AER201/botL.X/i2c.asm
          I2C_Master_WAIT   0x0012b6    program     extern /Users/mreiter/Desktop/AER201/botL.X/i2c.asm
                     WAIT   0x0012b6    program     static /Users/mreiter/Desktop/AER201/botL.X/i2c.asm
         I2C_Master_START   0x0012c6    program     extern /Users/mreiter/Desktop/AER201/botL.X/i2c.asm
        I2C_Master_RSTART   0x0012ce    program     extern /Users/mreiter/Desktop/AER201/botL.X/i2c.asm
          I2C_Master_STOP   0x0012d6    program     extern /Users/mreiter/Desktop/AER201/botL.X/i2c.asm
         I2C_Master_WRITE   0x0012de    program     extern /Users/mreiter/Desktop/AER201/botL.X/i2c.asm
                  HOLD_UP   0x0012e4    program     static /Users/mreiter/Desktop/AER201/botL.X/i2c.asm
          I2C_Master_READ   0x0012ec    program     extern /Users/mreiter/Desktop/AER201/botL.X/i2c.asm
                     LOOP   0x0012f2    program     static /Users/mreiter/Desktop/AER201/botL.X/i2c.asm
           I2C_Master_ACK   0x0012fa    program     extern /Users/mreiter/Desktop/AER201/botL.X/i2c.asm
                 TEST_ACK   0x0012fe    program     static /Users/mreiter/Desktop/AER201/botL.X/i2c.asm
               regaddress   0x000080       data     extern /Users/mreiter/Desktop/AER201/botL.X/i2c_common.asm
                 databyte   0x000081       data     extern /Users/mreiter/Desktop/AER201/botL.X/i2c_common.asm
                 datachar   0x000082       data     extern /Users/mreiter/Desktop/AER201/botL.X/i2c_common.asm
             data_colourL   0x000083       data     extern /Users/mreiter/Desktop/AER201/botL.X/i2c_common.asm
             data_colourH   0x000084       data     extern /Users/mreiter/Desktop/AER201/botL.X/i2c_common.asm
               tens_digit   0x000085       data     extern /Users/mreiter/Desktop/AER201/botL.X/i2c_common.asm
               ones_digit   0x000086       data     extern /Users/mreiter/Desktop/AER201/botL.X/i2c_common.asm
           convert_buffer   0x000087       data     extern /Users/mreiter/Desktop/AER201/botL.X/i2c_common.asm


