MPLINK 5.08, LINKER
Linker Map File - Created Sat Feb 25 13:15:56 2017

                                 Section Info
                  Section       Type    Address   Location Size(Bytes)
                ---------  ---------  ---------  ---------  ---------
                   .org_0       code   0x000000    program   0x000004
                   .cinit    romdata   0x000004    program   0x000002
                   .org_1       code   0x000008    program   0x000004
                   .org_2       code   0x000018    program   0x000ea6
                    .code       code   0x000ebe    program   0x000596
.config_300001_BUILD/DEFAULT/PRODUCTION/MAIN.O    romdata   0x300001    program   0x000001
.config_300002_BUILD/DEFAULT/PRODUCTION/MAIN.O    romdata   0x300002    program   0x000001
.config_300003_BUILD/DEFAULT/PRODUCTION/MAIN.O    romdata   0x300003    program   0x000001
.config_300005_BUILD/DEFAULT/PRODUCTION/MAIN.O    romdata   0x300005    program   0x000001
.config_300006_BUILD/DEFAULT/PRODUCTION/MAIN.O    romdata   0x300006    program   0x000001
.config_300008_BUILD/DEFAULT/PRODUCTION/MAIN.O    romdata   0x300008    program   0x000001
.config_300009_BUILD/DEFAULT/PRODUCTION/MAIN.O    romdata   0x300009    program   0x000001
.config_30000A_BUILD/DEFAULT/PRODUCTION/MAIN.O    romdata   0x30000a    program   0x000001
.config_30000B_BUILD/DEFAULT/PRODUCTION/MAIN.O    romdata   0x30000b    program   0x000001
.config_30000C_BUILD/DEFAULT/PRODUCTION/MAIN.O    romdata   0x30000c    program   0x000001
.config_30000D_BUILD/DEFAULT/PRODUCTION/MAIN.O    romdata   0x30000d    program   0x000001
                   .udata      udata   0x000080       data   0x000008



                              Program Memory Usage 
                               Start         End      
                           ---------   ---------      
                            0x000000    0x000005      
                            0x000008    0x00000b      
                            0x000018    0x001453      
                            0x300001    0x300003      
                            0x300005    0x300006      
                            0x300008    0x30000d      
            5201 out of 66584 program addresses used, program memory utilization is 7%



                              Symbols - Sorted by Name
                     Name    Address   Location    Storage File                     
                ---------  ---------  ---------  --------- ---------                
                CHECK_ACK   0x0013e4    program     extern /Users/mreiter/Desktop/AER201/botL.X/i2c.asm
               CHECK_BLUE   0x0003c2    program     static /Users/mreiter/Desktop/AER201/botL.X/main.asm
              CHECK_CLEAR   0x0002e4    program     static /Users/mreiter/Desktop/AER201/botL.X/main.asm
              CHECK_GREEN   0x000378    program     static /Users/mreiter/Desktop/AER201/botL.X/main.asm
               CHECK_NACK   0x0013e8    program     extern /Users/mreiter/Desktop/AER201/botL.X/i2c.asm
                CHECK_RED   0x00032e    program     static /Users/mreiter/Desktop/AER201/botL.X/main.asm
              COLOUR_TEST   0x00040c    program     static /Users/mreiter/Desktop/AER201/botL.X/main.asm
           ClearEEPROM_21   0x000cde    program     static /Users/mreiter/Desktop/AER201/botL.X/main.asm
                ClearNext   0x000ce6    program     static /Users/mreiter/Desktop/AER201/botL.X/main.asm
                   ClkLCD   0x001056    program     extern /Users/mreiter/Desktop/AER201/botL.X/lcd.asm
                   ClrLCD   0x001048    program     extern /Users/mreiter/Desktop/AER201/botL.X/lcd.asm
                   Cycles   0x000c76    program     static /Users/mreiter/Desktop/AER201/botL.X/main.asm
              DISPLAY_RTC   0x000a6e    program     static /Users/mreiter/Desktop/AER201/botL.X/main.asm
                DataUSART   0x000bc4    program     static /Users/mreiter/Desktop/AER201/botL.X/main.asm
               Delay200us   0x000c5e    program     static /Users/mreiter/Desktop/AER201/botL.X/main.asm
            Delay44usLoop   0x00109c    program     static /Users/mreiter/Desktop/AER201/botL.X/lcd.asm
                Delay50ms   0x000c6c    program     static /Users/mreiter/Desktop/AER201/botL.X/main.asm
             Delay5msLoop   0x0010ac    program     static /Users/mreiter/Desktop/AER201/botL.X/lcd.asm
                 Delay5us   0x000c50    program     static /Users/mreiter/Desktop/AER201/botL.X/main.asm
                DispOpRTC   0x000de6    program     static /Users/mreiter/Desktop/AER201/botL.X/main.asm
         DispOpRTC_Helper   0x000e84    program     static /Users/mreiter/Desktop/AER201/botL.X/main.asm
           DisplayExeTime   0x000d54    program     static /Users/mreiter/Desktop/AER201/botL.X/main.asm
             END_ISR_HIGH   0x0000cc    program     static /Users/mreiter/Desktop/AER201/botL.X/main.asm
              END_ISR_LOW   0x0000f2    program     static /Users/mreiter/Desktop/AER201/botL.X/main.asm
                EXECUTION   0x000432    program     static /Users/mreiter/Desktop/AER201/botL.X/main.asm
                 EXIT_EXE   0x0004a0    program     static /Users/mreiter/Desktop/AER201/botL.X/main.asm
                     Exe1   0x000f18    program     static /Users/mreiter/Desktop/AER201/botL.X/main.asm
                     Exe2   0x000f24    program     static /Users/mreiter/Desktop/AER201/botL.X/main.asm
                 Exe_Time   0x000f66    program     static /Users/mreiter/Desktop/AER201/botL.X/main.asm
                 HOLD_EXE   0x000484    program     static /Users/mreiter/Desktop/AER201/botL.X/main.asm
                 HOLD_LOG   0x000646    program     static /Users/mreiter/Desktop/AER201/botL.X/main.asm
            HOLD_LOG_INFO   0x0006b8    program     static /Users/mreiter/Desktop/AER201/botL.X/main.asm
                  HOLD_PC   0x0008ea    program     static /Users/mreiter/Desktop/AER201/botL.X/main.asm
            HOLD_PERM_LOG   0x000710    program     static /Users/mreiter/Desktop/AER201/botL.X/main.asm
                HOLD_PLOG   0x000886    program     static /Users/mreiter/Desktop/AER201/botL.X/main.asm
             HOLD_STANDBY   0x000238    program     static /Users/mreiter/Desktop/AER201/botL.X/main.asm
                  HOLD_UP   0x0012da    program     static /Users/mreiter/Desktop/AER201/botL.X/i2c_common.asm
                  HOLD_UP   0x001434    program     static /Users/mreiter/Desktop/AER201/botL.X/i2c.asm
                I2C_ACKDT   0x0013e4    program     extern /Users/mreiter/Desktop/AER201/botL.X/i2c.asm
           I2C_Master_ACK   0x00144a    program     extern /Users/mreiter/Desktop/AER201/botL.X/i2c.asm
           I2C_Master_ACK   0x0012f2    program     static /Users/mreiter/Desktop/AER201/botL.X/i2c_common.asm
          I2C_Master_INIT   0x0013f4    program     extern /Users/mreiter/Desktop/AER201/botL.X/i2c.asm
          I2C_Master_INIT   0x00129a    program     static /Users/mreiter/Desktop/AER201/botL.X/i2c_common.asm
          I2C_Master_READ   0x0012e2    program     static /Users/mreiter/Desktop/AER201/botL.X/i2c_common.asm
          I2C_Master_READ   0x00143c    program     extern /Users/mreiter/Desktop/AER201/botL.X/i2c.asm
        I2C_Master_RSTART   0x0012c4    program     static /Users/mreiter/Desktop/AER201/botL.X/i2c_common.asm
        I2C_Master_RSTART   0x00141e    program     extern /Users/mreiter/Desktop/AER201/botL.X/i2c.asm
         I2C_Master_START   0x001416    program     extern /Users/mreiter/Desktop/AER201/botL.X/i2c.asm
         I2C_Master_START   0x0012bc    program     static /Users/mreiter/Desktop/AER201/botL.X/i2c_common.asm
          I2C_Master_STOP   0x001426    program     extern /Users/mreiter/Desktop/AER201/botL.X/i2c.asm
          I2C_Master_STOP   0x0012cc    program     static /Users/mreiter/Desktop/AER201/botL.X/i2c_common.asm
          I2C_Master_WAIT   0x001406    program     extern /Users/mreiter/Desktop/AER201/botL.X/i2c.asm
          I2C_Master_WAIT   0x0012ac    program     static /Users/mreiter/Desktop/AER201/botL.X/i2c_common.asm
         I2C_Master_WRITE   0x0012d4    program     static /Users/mreiter/Desktop/AER201/botL.X/i2c_common.asm
         I2C_Master_WRITE   0x00142e    program     extern /Users/mreiter/Desktop/AER201/botL.X/i2c.asm
                 I2C_temp   0x0013e4    program     static /Users/mreiter/Desktop/AER201/botL.X/i2c.asm
                     INIT   0x0000fc    program     static /Users/mreiter/Desktop/AER201/botL.X/main.asm
             INIT_ARDUINO   0x00137a    program     extern /Users/mreiter/Desktop/AER201/botL.X/i2c_common.asm
               INIT_USART   0x000bb0    program     static /Users/mreiter/Desktop/AER201/botL.X/main.asm
                 ISR_HIGH   0x00001c    program     static /Users/mreiter/Desktop/AER201/botL.X/main.asm
                  ISR_LOW   0x0000d6    program     static /Users/mreiter/Desktop/AER201/botL.X/main.asm
                  InitLCD   0x000f9c    program     extern /Users/mreiter/Desktop/AER201/botL.X/lcd.asm
                   LCD_L1   0x001068    program     extern /Users/mreiter/Desktop/AER201/botL.X/lcd.asm
                   LCD_L2   0x001070    program     extern /Users/mreiter/Desktop/AER201/botL.X/lcd.asm
                 LLD_LOOP   0x001086    program     static /Users/mreiter/Desktop/AER201/botL.X/lcd.asm
                      LOG   0x000616    program     static /Users/mreiter/Desktop/AER201/botL.X/main.asm
                 LOG_INFO   0x000678    program     static /Users/mreiter/Desktop/AER201/botL.X/main.asm
                     LOOP   0x0012e8    program     static /Users/mreiter/Desktop/AER201/botL.X/i2c_common.asm
                     LOOP   0x001442    program     static /Users/mreiter/Desktop/AER201/botL.X/i2c.asm
                  LOOPING   0x00040c    program     static /Users/mreiter/Desktop/AER201/botL.X/main.asm
                     Log1   0x000ed6    program     static /Users/mreiter/Desktop/AER201/botL.X/main.asm
                     Log2   0x000edc    program     static /Users/mreiter/Desktop/AER201/botL.X/main.asm
                 LogInfo1   0x000eea    program     static /Users/mreiter/Desktop/AER201/botL.X/main.asm
                 LogInfo2   0x000ef2    program     static /Users/mreiter/Desktop/AER201/botL.X/main.asm
                   MovMSB   0x001078    program     static /Users/mreiter/Desktop/AER201/botL.X/lcd.asm
                   NoData   0x000f88    program     static /Users/mreiter/Desktop/AER201/botL.X/main.asm
        NoSkipDispExeTime   0x000d92    program     static /Users/mreiter/Desktop/AER201/botL.X/main.asm
          NoSkipDispOpRTC   0x000e22    program     static /Users/mreiter/Desktop/AER201/botL.X/main.asm
                      PC1   0x000f2c    program     static /Users/mreiter/Desktop/AER201/botL.X/main.asm
                      PC2   0x000f3a    program     static /Users/mreiter/Desktop/AER201/botL.X/main.asm
               PCComplete   0x000f54    program     static /Users/mreiter/Desktop/AER201/botL.X/main.asm
                   PCLog1   0x000f8c    program     static /Users/mreiter/Desktop/AER201/botL.X/main.asm
               PCTransfer   0x000f44    program     static /Users/mreiter/Desktop/AER201/botL.X/main.asm
                  PC_MODE   0x0008a2    program     static /Users/mreiter/Desktop/AER201/botL.X/main.asm
              PC_TRANSFER   0x00091c    program     static /Users/mreiter/Desktop/AER201/botL.X/main.asm
                 PERM_LOG   0x0006d4    program     static /Users/mreiter/Desktop/AER201/botL.X/main.asm
                     PLOG   0x0007f2    program     static /Users/mreiter/Desktop/AER201/botL.X/main.asm
                 PermLog1   0x000efc    program     static /Users/mreiter/Desktop/AER201/botL.X/main.asm
                 PermLog2   0x000f0c    program     static /Users/mreiter/Desktop/AER201/botL.X/main.asm
                   RD_END   0x001290    program     static /Users/mreiter/Desktop/AER201/botL.X/i2c_common.asm
               RD_END_RTC   0x0011e2    program     static /Users/mreiter/Desktop/AER201/botL.X/i2c_common.asm
                  RD_ERR1   0x001272    program     static /Users/mreiter/Desktop/AER201/botL.X/i2c_common.asm
              RD_ERR1_RTC   0x0011c4    program     static /Users/mreiter/Desktop/AER201/botL.X/i2c_common.asm
                  RD_ERR2   0x00127c    program     static /Users/mreiter/Desktop/AER201/botL.X/i2c_common.asm
              RD_ERR2_RTC   0x0011ce    program     static /Users/mreiter/Desktop/AER201/botL.X/i2c_common.asm
                  RD_ERR3   0x001286    program     static /Users/mreiter/Desktop/AER201/botL.X/i2c_common.asm
              RD_ERR3_RTC   0x0011d8    program     static /Users/mreiter/Desktop/AER201/botL.X/i2c_common.asm
             READ_ARDUINO   0x0013a4    program     extern /Users/mreiter/Desktop/AER201/botL.X/i2c_common.asm
          READ_COLOUR_I2C   0x001202    program     extern /Users/mreiter/Desktop/AER201/botL.X/i2c_common.asm
                 READ_KEY   0x000d24    program     static /Users/mreiter/Desktop/AER201/botL.X/main.asm
            READ_KEY_TIME   0x000d38    program     static /Users/mreiter/Desktop/AER201/botL.X/main.asm
                 RTC_INIT   0x000944    program     static /Users/mreiter/Desktop/AER201/botL.X/main.asm
                     SAVE   0x000f6e    program     static /Users/mreiter/Desktop/AER201/botL.X/main.asm
            SAVE_EXE_TIME   0x0009b8    program     static /Users/mreiter/Desktop/AER201/botL.X/main.asm
                SAVE_TIME   0x000952    program     static /Users/mreiter/Desktop/AER201/botL.X/main.asm
                 SET_TIME   0x000b48    program     static /Users/mreiter/Desktop/AER201/botL.X/main.asm
                  STANDBY   0x00021a    program     static /Users/mreiter/Desktop/AER201/botL.X/main.asm
                STEP_TEST   0x0002c2    program     static /Users/mreiter/Desktop/AER201/botL.X/main.asm
                   Safety   0x000f78    program     static /Users/mreiter/Desktop/AER201/botL.X/main.asm
                 SaveData   0x00057c    program     static /Users/mreiter/Desktop/AER201/botL.X/main.asm
                ShiftLoop   0x0005ae    program     static /Users/mreiter/Desktop/AER201/botL.X/main.asm
          SkipDispExeTime   0x000de4    program     static /Users/mreiter/Desktop/AER201/botL.X/main.asm
            SkipDispOpRTC   0x000e82    program     static /Users/mreiter/Desktop/AER201/botL.X/main.asm
                  StandBy   0x000ece    program     static /Users/mreiter/Desktop/AER201/botL.X/main.asm
                  Stopped   0x000f5e    program     static /Users/mreiter/Desktop/AER201/botL.X/main.asm
                 TEST_ACK   0x0012f6    program     static /Users/mreiter/Desktop/AER201/botL.X/i2c_common.asm
                 TEST_ACK   0x00144e    program     static /Users/mreiter/Desktop/AER201/botL.X/i2c.asm
                TEST_NACK   0x0013ec    program     static /Users/mreiter/Desktop/AER201/botL.X/i2c.asm
            TRANSFER_DATA   0x000bde    program     static /Users/mreiter/Desktop/AER201/botL.X/main.asm
            TRANSFER_LOGS   0x000bd4    program     static /Users/mreiter/Desktop/AER201/botL.X/main.asm
                     Team   0x000ec4    program     static /Users/mreiter/Desktop/AER201/botL.X/main.asm
               USART_LINE   0x000c42    program     static /Users/mreiter/Desktop/AER201/botL.X/main.asm
               USART_WAIT   0x000c38    program     static /Users/mreiter/Desktop/AER201/botL.X/main.asm
                     WAIT   0x001406    program     static /Users/mreiter/Desktop/AER201/botL.X/i2c.asm
                     WAIT   0x0012ac    program     static /Users/mreiter/Desktop/AER201/botL.X/i2c_common.asm
         WRITE_COLOUR_I2C   0x0012fc    program     extern /Users/mreiter/Desktop/AER201/botL.X/i2c_common.asm
                  WR_DATA   0x001010    program     extern /Users/mreiter/Desktop/AER201/botL.X/lcd.asm
                   WR_END   0x001370    program     static /Users/mreiter/Desktop/AER201/botL.X/i2c_common.asm
               WR_END_RTC   0x00114c    program     static /Users/mreiter/Desktop/AER201/botL.X/i2c_common.asm
                  WR_ERR1   0x001350    program     static /Users/mreiter/Desktop/AER201/botL.X/i2c_common.asm
              WR_ERR1_RTC   0x00112c    program     static /Users/mreiter/Desktop/AER201/botL.X/i2c_common.asm
                  WR_ERR2   0x00135a    program     static /Users/mreiter/Desktop/AER201/botL.X/i2c_common.asm
              WR_ERR2_RTC   0x001136    program     static /Users/mreiter/Desktop/AER201/botL.X/i2c_common.asm
                  WR_ERR3   0x001366    program     static /Users/mreiter/Desktop/AER201/botL.X/i2c_common.asm
              WR_ERR3_RTC   0x001142    program     static /Users/mreiter/Desktop/AER201/botL.X/i2c_common.asm
                   WR_INS   0x000ff4    program     extern /Users/mreiter/Desktop/AER201/botL.X/lcd.asm
                  Welcome   0x000ebe    program     static /Users/mreiter/Desktop/AER201/botL.X/main.asm
              WriteEE_RTC   0x000c80    program     static /Users/mreiter/Desktop/AER201/botL.X/main.asm
                   WrtLCD   0x001032    program     extern /Users/mreiter/Desktop/AER201/botL.X/lcd.asm
              _.code_001C   0x0010d6    program     static /Users/mreiter/Desktop/AER201/botL.X/i2c_common.asm
              _.code_002A   0x0010e4    program     static /Users/mreiter/Desktop/AER201/botL.X/i2c_common.asm
              _.code_0032   0x0010ec    program     static /Users/mreiter/Desktop/AER201/botL.X/i2c_common.asm
              _.code_0038   0x0010f2    program     static /Users/mreiter/Desktop/AER201/botL.X/i2c_common.asm
              _.code_0048   0x001102    program     static /Users/mreiter/Desktop/AER201/botL.X/i2c_common.asm
              _.code_004E   0x001108    program     static /Users/mreiter/Desktop/AER201/botL.X/i2c_common.asm
              _.code_005E   0x001118    program     static /Users/mreiter/Desktop/AER201/botL.X/i2c_common.asm
              _.code_0064   0x00111e    program     static /Users/mreiter/Desktop/AER201/botL.X/i2c_common.asm
              _.code_0096   0x001150    program     static /Users/mreiter/Desktop/AER201/botL.X/i2c_common.asm
              _.code_00A4   0x00115e    program     static /Users/mreiter/Desktop/AER201/botL.X/i2c_common.asm
              _.code_00AC   0x001166    program     static /Users/mreiter/Desktop/AER201/botL.X/i2c_common.asm
              _.code_00B2   0x00116c    program     static /Users/mreiter/Desktop/AER201/botL.X/i2c_common.asm
              _.code_00C2   0x00117c    program     static /Users/mreiter/Desktop/AER201/botL.X/i2c_common.asm
              _.code_00C6   0x001062    program     static /Users/mreiter/Desktop/AER201/botL.X/lcd.asm
              _.code_00C8   0x001182    program     static /Users/mreiter/Desktop/AER201/botL.X/i2c_common.asm
              _.code_00D6   0x001190    program     static /Users/mreiter/Desktop/AER201/botL.X/i2c_common.asm
              _.code_00DE   0x001198    program     static /Users/mreiter/Desktop/AER201/botL.X/i2c_common.asm
              _.code_00E4   0x00119e    program     static /Users/mreiter/Desktop/AER201/botL.X/i2c_common.asm
              _.code_00F0   0x00108c    program     static /Users/mreiter/Desktop/AER201/botL.X/lcd.asm
              _.code_00F2   0x0011ac    program     static /Users/mreiter/Desktop/AER201/botL.X/i2c_common.asm
              _.code_012C   0x0011e6    program     static /Users/mreiter/Desktop/AER201/botL.X/i2c_common.asm
              _.code_0150   0x00120a    program     static /Users/mreiter/Desktop/AER201/botL.X/i2c_common.asm
              _.code_0158   0x001212    program     static /Users/mreiter/Desktop/AER201/botL.X/i2c_common.asm
              _.code_015E   0x001218    program     static /Users/mreiter/Desktop/AER201/botL.X/i2c_common.asm
              _.code_0170   0x00122a    program     static /Users/mreiter/Desktop/AER201/botL.X/i2c_common.asm
              _.code_0176   0x001230    program     static /Users/mreiter/Desktop/AER201/botL.X/i2c_common.asm
              _.code_0184   0x00123e    program     static /Users/mreiter/Desktop/AER201/botL.X/i2c_common.asm
              _.code_018C   0x001246    program     static /Users/mreiter/Desktop/AER201/botL.X/i2c_common.asm
              _.code_0192   0x00124c    program     static /Users/mreiter/Desktop/AER201/botL.X/i2c_common.asm
              _.code_01A0   0x00125a    program     static /Users/mreiter/Desktop/AER201/botL.X/i2c_common.asm
              _.code_01DA   0x001294    program     static /Users/mreiter/Desktop/AER201/botL.X/i2c_common.asm
              _.code_024A   0x001304    program     static /Users/mreiter/Desktop/AER201/botL.X/i2c_common.asm
              _.code_0252   0x00130c    program     static /Users/mreiter/Desktop/AER201/botL.X/i2c_common.asm
              _.code_0258   0x001312    program     static /Users/mreiter/Desktop/AER201/botL.X/i2c_common.asm
              _.code_026A   0x001324    program     static /Users/mreiter/Desktop/AER201/botL.X/i2c_common.asm
              _.code_0270   0x00132a    program     static /Users/mreiter/Desktop/AER201/botL.X/i2c_common.asm
              _.code_0282   0x00133c    program     static /Users/mreiter/Desktop/AER201/botL.X/i2c_common.asm
              _.code_0288   0x001342    program     static /Users/mreiter/Desktop/AER201/botL.X/i2c_common.asm
              _.code_02BA   0x001374    program     static /Users/mreiter/Desktop/AER201/botL.X/i2c_common.asm
              _.code_02C8   0x001382    program     static /Users/mreiter/Desktop/AER201/botL.X/i2c_common.asm
              _.code_02D0   0x00138a    program     static /Users/mreiter/Desktop/AER201/botL.X/i2c_common.asm
              _.code_02D6   0x001390    program     static /Users/mreiter/Desktop/AER201/botL.X/i2c_common.asm
              _.code_02E4   0x00139e    program     static /Users/mreiter/Desktop/AER201/botL.X/i2c_common.asm
              _.code_02F2   0x0013ac    program     static /Users/mreiter/Desktop/AER201/botL.X/i2c_common.asm
              _.code_02FA   0x0013b4    program     static /Users/mreiter/Desktop/AER201/botL.X/i2c_common.asm
              _.code_0300   0x0013ba    program     static /Users/mreiter/Desktop/AER201/botL.X/i2c_common.asm
              _.code_030E   0x0013c8    program     static /Users/mreiter/Desktop/AER201/botL.X/i2c_common.asm
              _.code_0324   0x0013de    program     static /Users/mreiter/Desktop/AER201/botL.X/i2c_common.asm
             _.org_2_04BC   0x0004bc    program     static /Users/mreiter/Desktop/AER201/botL.X/main.asm
             _.org_2_04D4   0x0004d4    program     static /Users/mreiter/Desktop/AER201/botL.X/main.asm
             _.org_2_04F0   0x0004f0    program     static /Users/mreiter/Desktop/AER201/botL.X/main.asm
             _.org_2_0508   0x000508    program     static /Users/mreiter/Desktop/AER201/botL.X/main.asm
             _.org_2_0524   0x000524    program     static /Users/mreiter/Desktop/AER201/botL.X/main.asm
             _.org_2_053C   0x00053c    program     static /Users/mreiter/Desktop/AER201/botL.X/main.asm
             _.org_2_0558   0x000558    program     static /Users/mreiter/Desktop/AER201/botL.X/main.asm
             _.org_2_0570   0x000570    program     static /Users/mreiter/Desktop/AER201/botL.X/main.asm
             _.org_2_05D4   0x0005d4    program     static /Users/mreiter/Desktop/AER201/botL.X/main.asm
             _.org_2_05EC   0x0005ec    program     static /Users/mreiter/Desktop/AER201/botL.X/main.asm
             _.org_2_09D4   0x0009d4    program     static /Users/mreiter/Desktop/AER201/botL.X/main.asm
             _.org_2_09EC   0x0009ec    program     static /Users/mreiter/Desktop/AER201/botL.X/main.asm
             _.org_2_0A10   0x000a10    program     static /Users/mreiter/Desktop/AER201/botL.X/main.asm
             _.org_2_0A28   0x000a28    program     static /Users/mreiter/Desktop/AER201/botL.X/main.asm
             _.org_2_0A4C   0x000a4c    program     static /Users/mreiter/Desktop/AER201/botL.X/main.asm
             _.org_2_0A64   0x000a64    program     static /Users/mreiter/Desktop/AER201/botL.X/main.asm
             _.org_2_0C3C   0x000c3c    program     static /Users/mreiter/Desktop/AER201/botL.X/main.asm
             _.org_2_0C8E   0x000c8e    program     static /Users/mreiter/Desktop/AER201/botL.X/main.asm
             _.org_2_0CA6   0x000ca6    program     static /Users/mreiter/Desktop/AER201/botL.X/main.asm
             _.org_2_0CBC   0x000cbc    program     static /Users/mreiter/Desktop/AER201/botL.X/main.asm
             _.org_2_0CD4   0x000cd4    program     static /Users/mreiter/Desktop/AER201/botL.X/main.asm
             _.org_2_0CF4   0x000cf4    program     static /Users/mreiter/Desktop/AER201/botL.X/main.asm
             _.org_2_0D0C   0x000d0c    program     static /Users/mreiter/Desktop/AER201/botL.X/main.asm
             _.org_2_0D32   0x000d32    program     static /Users/mreiter/Desktop/AER201/botL.X/main.asm
             _.org_2_0D4E   0x000d4e    program     static /Users/mreiter/Desktop/AER201/botL.X/main.asm
                 _102loop   0x000d7e    program     static /Users/mreiter/Desktop/AER201/botL.X/main.asm
                 _107loop   0x000e10    program     static /Users/mreiter/Desktop/AER201/botL.X/main.asm
                  _13loop   0x0001e4    program     static /Users/mreiter/Desktop/AER201/botL.X/main.asm
                  _14loop   0x000202    program     static /Users/mreiter/Desktop/AER201/botL.X/main.asm
                  _15loop   0x000210    program     static /Users/mreiter/Desktop/AER201/botL.X/main.asm
                  _16loop   0x00022e    program     static /Users/mreiter/Desktop/AER201/botL.X/main.asm
                  _17Exit   0x000250    program     static /Users/mreiter/Desktop/AER201/botL.X/main.asm
                  _17Next   0x000244    program     static /Users/mreiter/Desktop/AER201/botL.X/main.asm
                  _18Exit   0x000266    program     static /Users/mreiter/Desktop/AER201/botL.X/main.asm
                  _18Next   0x00025a    program     static /Users/mreiter/Desktop/AER201/botL.X/main.asm
                  _19Exit   0x00027c    program     static /Users/mreiter/Desktop/AER201/botL.X/main.asm
                  _19Next   0x000270    program     static /Users/mreiter/Desktop/AER201/botL.X/main.asm
                  _20Exit   0x000292    program     static /Users/mreiter/Desktop/AER201/botL.X/main.asm
                  _20Next   0x000286    program     static /Users/mreiter/Desktop/AER201/botL.X/main.asm
                  _21Exit   0x0002a8    program     static /Users/mreiter/Desktop/AER201/botL.X/main.asm
                  _21Next   0x00029c    program     static /Users/mreiter/Desktop/AER201/botL.X/main.asm
                  _22Exit   0x0002be    program     static /Users/mreiter/Desktop/AER201/botL.X/main.asm
                  _22Next   0x0002b2    program     static /Users/mreiter/Desktop/AER201/botL.X/main.asm
               _23RESULTS   0x0002f6    program     static /Users/mreiter/Desktop/AER201/botL.X/main.asm
               _24RESULTS   0x00030c    program     static /Users/mreiter/Desktop/AER201/botL.X/main.asm
               _25RESULTS   0x000322    program     static /Users/mreiter/Desktop/AER201/botL.X/main.asm
               _26RESULTS   0x000340    program     static /Users/mreiter/Desktop/AER201/botL.X/main.asm
               _27RESULTS   0x000356    program     static /Users/mreiter/Desktop/AER201/botL.X/main.asm
               _28RESULTS   0x00036c    program     static /Users/mreiter/Desktop/AER201/botL.X/main.asm
               _29RESULTS   0x00038a    program     static /Users/mreiter/Desktop/AER201/botL.X/main.asm
                 _2endBCD   0x000098    program     static /Users/mreiter/Desktop/AER201/botL.X/main.asm
                   _2ones   0x000092    program     static /Users/mreiter/Desktop/AER201/botL.X/main.asm
               _30RESULTS   0x0003a0    program     static /Users/mreiter/Desktop/AER201/botL.X/main.asm
               _31RESULTS   0x0003b6    program     static /Users/mreiter/Desktop/AER201/botL.X/main.asm
               _32RESULTS   0x0003d4    program     static /Users/mreiter/Desktop/AER201/botL.X/main.asm
               _33RESULTS   0x0003ea    program     static /Users/mreiter/Desktop/AER201/botL.X/main.asm
               _34RESULTS   0x000400    program     static /Users/mreiter/Desktop/AER201/botL.X/main.asm
                  _35loop   0x000410    program     static /Users/mreiter/Desktop/AER201/botL.X/main.asm
                  _37loop   0x000450    program     static /Users/mreiter/Desktop/AER201/botL.X/main.asm
                  _38Exit   0x00049c    program     static /Users/mreiter/Desktop/AER201/botL.X/main.asm
                  _38Next   0x000490    program     static /Users/mreiter/Desktop/AER201/botL.X/main.asm
                 _3endBCD   0x0000ca    program     static /Users/mreiter/Desktop/AER201/botL.X/main.asm
                   _3ones   0x0000c4    program     static /Users/mreiter/Desktop/AER201/botL.X/main.asm
                  _43loop   0x000590    program     static /Users/mreiter/Desktop/AER201/botL.X/main.asm
                  _46loop   0x00062a    program     static /Users/mreiter/Desktop/AER201/botL.X/main.asm
                  _47Exit   0x00065e    program     static /Users/mreiter/Desktop/AER201/botL.X/main.asm
                  _47Next   0x000652    program     static /Users/mreiter/Desktop/AER201/botL.X/main.asm
                  _48Exit   0x000674    program     static /Users/mreiter/Desktop/AER201/botL.X/main.asm
                  _48Next   0x000668    program     static /Users/mreiter/Desktop/AER201/botL.X/main.asm
                  _49loop   0x00068c    program     static /Users/mreiter/Desktop/AER201/botL.X/main.asm
                  _50loop   0x0006aa    program     static /Users/mreiter/Desktop/AER201/botL.X/main.asm
                  _51Exit   0x0006d0    program     static /Users/mreiter/Desktop/AER201/botL.X/main.asm
                  _51Next   0x0006c4    program     static /Users/mreiter/Desktop/AER201/botL.X/main.asm
                  _52loop   0x0006e8    program     static /Users/mreiter/Desktop/AER201/botL.X/main.asm
                  _53loop   0x000706    program     static /Users/mreiter/Desktop/AER201/botL.X/main.asm
                  _54Exit   0x000728    program     static /Users/mreiter/Desktop/AER201/botL.X/main.asm
                  _54Next   0x00071c    program     static /Users/mreiter/Desktop/AER201/botL.X/main.asm
                  _55Exit   0x00073e    program     static /Users/mreiter/Desktop/AER201/botL.X/main.asm
                  _55Next   0x000732    program     static /Users/mreiter/Desktop/AER201/botL.X/main.asm
                  _56Exit   0x000754    program     static /Users/mreiter/Desktop/AER201/botL.X/main.asm
                  _56Next   0x000748    program     static /Users/mreiter/Desktop/AER201/botL.X/main.asm
                  _57Exit   0x00076a    program     static /Users/mreiter/Desktop/AER201/botL.X/main.asm
                  _57Next   0x00075e    program     static /Users/mreiter/Desktop/AER201/botL.X/main.asm
                  _58Exit   0x000780    program     static /Users/mreiter/Desktop/AER201/botL.X/main.asm
                  _58Next   0x000774    program     static /Users/mreiter/Desktop/AER201/botL.X/main.asm
                  _59Exit   0x000796    program     static /Users/mreiter/Desktop/AER201/botL.X/main.asm
                  _59Next   0x00078a    program     static /Users/mreiter/Desktop/AER201/botL.X/main.asm
                  _60Exit   0x0007ac    program     static /Users/mreiter/Desktop/AER201/botL.X/main.asm
                  _60Next   0x0007a0    program     static /Users/mreiter/Desktop/AER201/botL.X/main.asm
                  _61Exit   0x0007c2    program     static /Users/mreiter/Desktop/AER201/botL.X/main.asm
                  _61Next   0x0007b6    program     static /Users/mreiter/Desktop/AER201/botL.X/main.asm
                  _62Exit   0x0007d8    program     static /Users/mreiter/Desktop/AER201/botL.X/main.asm
                  _62Next   0x0007cc    program     static /Users/mreiter/Desktop/AER201/botL.X/main.asm
                  _63Exit   0x0007ee    program     static /Users/mreiter/Desktop/AER201/botL.X/main.asm
                  _63Next   0x0007e2    program     static /Users/mreiter/Desktop/AER201/botL.X/main.asm
                  _64loop   0x000806    program     static /Users/mreiter/Desktop/AER201/botL.X/main.asm
                  _67Exit   0x00089e    program     static /Users/mreiter/Desktop/AER201/botL.X/main.asm
                  _67Next   0x000892    program     static /Users/mreiter/Desktop/AER201/botL.X/main.asm
                  _68loop   0x0008b6    program     static /Users/mreiter/Desktop/AER201/botL.X/main.asm
                  _69loop   0x0008d4    program     static /Users/mreiter/Desktop/AER201/botL.X/main.asm
                  _70Exit   0x000902    program     static /Users/mreiter/Desktop/AER201/botL.X/main.asm
                  _70Next   0x0008f6    program     static /Users/mreiter/Desktop/AER201/botL.X/main.asm
                  _71Exit   0x000918    program     static /Users/mreiter/Desktop/AER201/botL.X/main.asm
                  _71Next   0x00090c    program     static /Users/mreiter/Desktop/AER201/botL.X/main.asm
                  _72loop   0x000932    program     static /Users/mreiter/Desktop/AER201/botL.X/main.asm
                  _96loop   0x000c1e    program     static /Users/mreiter/Desktop/AER201/botL.X/main.asm
                  _97loop   0x000c2c    program     static /Users/mreiter/Desktop/AER201/botL.X/main.asm
                  _waitl0   0x0011ba    program     static /Users/mreiter/Desktop/AER201/botL.X/i2c_common.asm
                  _waitl1   0x001268    program     static /Users/mreiter/Desktop/AER201/botL.X/i2c_common.asm
                  _waitl2   0x0013d4    program     static /Users/mreiter/Desktop/AER201/botL.X/i2c_common.asm
                       d2   0x0010b4    program     static /Users/mreiter/Desktop/AER201/botL.X/lcd.asm
                del_loop0   0x000b4e    program     static /Users/mreiter/Desktop/AER201/botL.X/main.asm
                delay44us   0x001098    program     static /Users/mreiter/Desktop/AER201/botL.X/lcd.asm
                 delay5ms   0x0010a4    program     extern /Users/mreiter/Desktop/AER201/botL.X/lcd.asm
               displayNum   0x00082c    program     static /Users/mreiter/Desktop/AER201/botL.X/main.asm
         i2c_common_setup   0x0010ba    program     extern /Users/mreiter/Desktop/AER201/botL.X/i2c_common.asm
             lcdLongDelay   0x001082    program     static /Users/mreiter/Desktop/AER201/botL.X/lcd.asm
                loop200us   0x000c62    program     static /Users/mreiter/Desktop/AER201/botL.X/main.asm
                 loop50ms   0x000c70    program     static /Users/mreiter/Desktop/AER201/botL.X/main.asm
                  loop5us   0x000c54    program     static /Users/mreiter/Desktop/AER201/botL.X/main.asm
                 read_rtc   0x001156    program     extern /Users/mreiter/Desktop/AER201/botL.X/i2c_common.asm
              rtc_convert   0x0011ec    program     extern /Users/mreiter/Desktop/AER201/botL.X/i2c_common.asm
                write_rtc   0x0010dc    program     extern /Users/mreiter/Desktop/AER201/botL.X/i2c_common.asm
           convert_buffer   0x000087       data     extern /Users/mreiter/Desktop/AER201/botL.X/i2c_common.asm
             data_colourH   0x000084       data     extern /Users/mreiter/Desktop/AER201/botL.X/i2c_common.asm
             data_colourL   0x000083       data     extern /Users/mreiter/Desktop/AER201/botL.X/i2c_common.asm
                 databyte   0x000081       data     extern /Users/mreiter/Desktop/AER201/botL.X/i2c_common.asm
                 datachar   0x000082       data     extern /Users/mreiter/Desktop/AER201/botL.X/i2c_common.asm
               ones_digit   0x000086       data     extern /Users/mreiter/Desktop/AER201/botL.X/i2c_common.asm
               regaddress   0x000080       data     extern /Users/mreiter/Desktop/AER201/botL.X/i2c_common.asm
               tens_digit   0x000085       data     extern /Users/mreiter/Desktop/AER201/botL.X/i2c_common.asm



                              Symbols - Sorted by Address
                     Name    Address   Location    Storage File                     
                ---------  ---------  ---------  --------- ---------                
                 ISR_HIGH   0x00001c    program     static /Users/mreiter/Desktop/AER201/botL.X/main.asm
                   _2ones   0x000092    program     static /Users/mreiter/Desktop/AER201/botL.X/main.asm
                 _2endBCD   0x000098    program     static /Users/mreiter/Desktop/AER201/botL.X/main.asm
                   _3ones   0x0000c4    program     static /Users/mreiter/Desktop/AER201/botL.X/main.asm
                 _3endBCD   0x0000ca    program     static /Users/mreiter/Desktop/AER201/botL.X/main.asm
             END_ISR_HIGH   0x0000cc    program     static /Users/mreiter/Desktop/AER201/botL.X/main.asm
                  ISR_LOW   0x0000d6    program     static /Users/mreiter/Desktop/AER201/botL.X/main.asm
              END_ISR_LOW   0x0000f2    program     static /Users/mreiter/Desktop/AER201/botL.X/main.asm
                     INIT   0x0000fc    program     static /Users/mreiter/Desktop/AER201/botL.X/main.asm
                  _13loop   0x0001e4    program     static /Users/mreiter/Desktop/AER201/botL.X/main.asm
                  _14loop   0x000202    program     static /Users/mreiter/Desktop/AER201/botL.X/main.asm
                  _15loop   0x000210    program     static /Users/mreiter/Desktop/AER201/botL.X/main.asm
                  STANDBY   0x00021a    program     static /Users/mreiter/Desktop/AER201/botL.X/main.asm
                  _16loop   0x00022e    program     static /Users/mreiter/Desktop/AER201/botL.X/main.asm
             HOLD_STANDBY   0x000238    program     static /Users/mreiter/Desktop/AER201/botL.X/main.asm
                  _17Next   0x000244    program     static /Users/mreiter/Desktop/AER201/botL.X/main.asm
                  _17Exit   0x000250    program     static /Users/mreiter/Desktop/AER201/botL.X/main.asm
                  _18Next   0x00025a    program     static /Users/mreiter/Desktop/AER201/botL.X/main.asm
                  _18Exit   0x000266    program     static /Users/mreiter/Desktop/AER201/botL.X/main.asm
                  _19Next   0x000270    program     static /Users/mreiter/Desktop/AER201/botL.X/main.asm
                  _19Exit   0x00027c    program     static /Users/mreiter/Desktop/AER201/botL.X/main.asm
                  _20Next   0x000286    program     static /Users/mreiter/Desktop/AER201/botL.X/main.asm
                  _20Exit   0x000292    program     static /Users/mreiter/Desktop/AER201/botL.X/main.asm
                  _21Next   0x00029c    program     static /Users/mreiter/Desktop/AER201/botL.X/main.asm
                  _21Exit   0x0002a8    program     static /Users/mreiter/Desktop/AER201/botL.X/main.asm
                  _22Next   0x0002b2    program     static /Users/mreiter/Desktop/AER201/botL.X/main.asm
                  _22Exit   0x0002be    program     static /Users/mreiter/Desktop/AER201/botL.X/main.asm
                STEP_TEST   0x0002c2    program     static /Users/mreiter/Desktop/AER201/botL.X/main.asm
              CHECK_CLEAR   0x0002e4    program     static /Users/mreiter/Desktop/AER201/botL.X/main.asm
               _23RESULTS   0x0002f6    program     static /Users/mreiter/Desktop/AER201/botL.X/main.asm
               _24RESULTS   0x00030c    program     static /Users/mreiter/Desktop/AER201/botL.X/main.asm
               _25RESULTS   0x000322    program     static /Users/mreiter/Desktop/AER201/botL.X/main.asm
                CHECK_RED   0x00032e    program     static /Users/mreiter/Desktop/AER201/botL.X/main.asm
               _26RESULTS   0x000340    program     static /Users/mreiter/Desktop/AER201/botL.X/main.asm
               _27RESULTS   0x000356    program     static /Users/mreiter/Desktop/AER201/botL.X/main.asm
               _28RESULTS   0x00036c    program     static /Users/mreiter/Desktop/AER201/botL.X/main.asm
              CHECK_GREEN   0x000378    program     static /Users/mreiter/Desktop/AER201/botL.X/main.asm
               _29RESULTS   0x00038a    program     static /Users/mreiter/Desktop/AER201/botL.X/main.asm
               _30RESULTS   0x0003a0    program     static /Users/mreiter/Desktop/AER201/botL.X/main.asm
               _31RESULTS   0x0003b6    program     static /Users/mreiter/Desktop/AER201/botL.X/main.asm
               CHECK_BLUE   0x0003c2    program     static /Users/mreiter/Desktop/AER201/botL.X/main.asm
               _32RESULTS   0x0003d4    program     static /Users/mreiter/Desktop/AER201/botL.X/main.asm
               _33RESULTS   0x0003ea    program     static /Users/mreiter/Desktop/AER201/botL.X/main.asm
               _34RESULTS   0x000400    program     static /Users/mreiter/Desktop/AER201/botL.X/main.asm
                  LOOPING   0x00040c    program     static /Users/mreiter/Desktop/AER201/botL.X/main.asm
              COLOUR_TEST   0x00040c    program     static /Users/mreiter/Desktop/AER201/botL.X/main.asm
                  _35loop   0x000410    program     static /Users/mreiter/Desktop/AER201/botL.X/main.asm
                EXECUTION   0x000432    program     static /Users/mreiter/Desktop/AER201/botL.X/main.asm
                  _37loop   0x000450    program     static /Users/mreiter/Desktop/AER201/botL.X/main.asm
                 HOLD_EXE   0x000484    program     static /Users/mreiter/Desktop/AER201/botL.X/main.asm
                  _38Next   0x000490    program     static /Users/mreiter/Desktop/AER201/botL.X/main.asm
                  _38Exit   0x00049c    program     static /Users/mreiter/Desktop/AER201/botL.X/main.asm
                 EXIT_EXE   0x0004a0    program     static /Users/mreiter/Desktop/AER201/botL.X/main.asm
             _.org_2_04BC   0x0004bc    program     static /Users/mreiter/Desktop/AER201/botL.X/main.asm
             _.org_2_04D4   0x0004d4    program     static /Users/mreiter/Desktop/AER201/botL.X/main.asm
             _.org_2_04F0   0x0004f0    program     static /Users/mreiter/Desktop/AER201/botL.X/main.asm
             _.org_2_0508   0x000508    program     static /Users/mreiter/Desktop/AER201/botL.X/main.asm
             _.org_2_0524   0x000524    program     static /Users/mreiter/Desktop/AER201/botL.X/main.asm
             _.org_2_053C   0x00053c    program     static /Users/mreiter/Desktop/AER201/botL.X/main.asm
             _.org_2_0558   0x000558    program     static /Users/mreiter/Desktop/AER201/botL.X/main.asm
             _.org_2_0570   0x000570    program     static /Users/mreiter/Desktop/AER201/botL.X/main.asm
                 SaveData   0x00057c    program     static /Users/mreiter/Desktop/AER201/botL.X/main.asm
                  _43loop   0x000590    program     static /Users/mreiter/Desktop/AER201/botL.X/main.asm
                ShiftLoop   0x0005ae    program     static /Users/mreiter/Desktop/AER201/botL.X/main.asm
             _.org_2_05D4   0x0005d4    program     static /Users/mreiter/Desktop/AER201/botL.X/main.asm
             _.org_2_05EC   0x0005ec    program     static /Users/mreiter/Desktop/AER201/botL.X/main.asm
                      LOG   0x000616    program     static /Users/mreiter/Desktop/AER201/botL.X/main.asm
                  _46loop   0x00062a    program     static /Users/mreiter/Desktop/AER201/botL.X/main.asm
                 HOLD_LOG   0x000646    program     static /Users/mreiter/Desktop/AER201/botL.X/main.asm
                  _47Next   0x000652    program     static /Users/mreiter/Desktop/AER201/botL.X/main.asm
                  _47Exit   0x00065e    program     static /Users/mreiter/Desktop/AER201/botL.X/main.asm
                  _48Next   0x000668    program     static /Users/mreiter/Desktop/AER201/botL.X/main.asm
                  _48Exit   0x000674    program     static /Users/mreiter/Desktop/AER201/botL.X/main.asm
                 LOG_INFO   0x000678    program     static /Users/mreiter/Desktop/AER201/botL.X/main.asm
                  _49loop   0x00068c    program     static /Users/mreiter/Desktop/AER201/botL.X/main.asm
                  _50loop   0x0006aa    program     static /Users/mreiter/Desktop/AER201/botL.X/main.asm
            HOLD_LOG_INFO   0x0006b8    program     static /Users/mreiter/Desktop/AER201/botL.X/main.asm
                  _51Next   0x0006c4    program     static /Users/mreiter/Desktop/AER201/botL.X/main.asm
                  _51Exit   0x0006d0    program     static /Users/mreiter/Desktop/AER201/botL.X/main.asm
                 PERM_LOG   0x0006d4    program     static /Users/mreiter/Desktop/AER201/botL.X/main.asm
                  _52loop   0x0006e8    program     static /Users/mreiter/Desktop/AER201/botL.X/main.asm
                  _53loop   0x000706    program     static /Users/mreiter/Desktop/AER201/botL.X/main.asm
            HOLD_PERM_LOG   0x000710    program     static /Users/mreiter/Desktop/AER201/botL.X/main.asm
                  _54Next   0x00071c    program     static /Users/mreiter/Desktop/AER201/botL.X/main.asm
                  _54Exit   0x000728    program     static /Users/mreiter/Desktop/AER201/botL.X/main.asm
                  _55Next   0x000732    program     static /Users/mreiter/Desktop/AER201/botL.X/main.asm
                  _55Exit   0x00073e    program     static /Users/mreiter/Desktop/AER201/botL.X/main.asm
                  _56Next   0x000748    program     static /Users/mreiter/Desktop/AER201/botL.X/main.asm
                  _56Exit   0x000754    program     static /Users/mreiter/Desktop/AER201/botL.X/main.asm
                  _57Next   0x00075e    program     static /Users/mreiter/Desktop/AER201/botL.X/main.asm
                  _57Exit   0x00076a    program     static /Users/mreiter/Desktop/AER201/botL.X/main.asm
                  _58Next   0x000774    program     static /Users/mreiter/Desktop/AER201/botL.X/main.asm
                  _58Exit   0x000780    program     static /Users/mreiter/Desktop/AER201/botL.X/main.asm
                  _59Next   0x00078a    program     static /Users/mreiter/Desktop/AER201/botL.X/main.asm
                  _59Exit   0x000796    program     static /Users/mreiter/Desktop/AER201/botL.X/main.asm
                  _60Next   0x0007a0    program     static /Users/mreiter/Desktop/AER201/botL.X/main.asm
                  _60Exit   0x0007ac    program     static /Users/mreiter/Desktop/AER201/botL.X/main.asm
                  _61Next   0x0007b6    program     static /Users/mreiter/Desktop/AER201/botL.X/main.asm
                  _61Exit   0x0007c2    program     static /Users/mreiter/Desktop/AER201/botL.X/main.asm
                  _62Next   0x0007cc    program     static /Users/mreiter/Desktop/AER201/botL.X/main.asm
                  _62Exit   0x0007d8    program     static /Users/mreiter/Desktop/AER201/botL.X/main.asm
                  _63Next   0x0007e2    program     static /Users/mreiter/Desktop/AER201/botL.X/main.asm
                  _63Exit   0x0007ee    program     static /Users/mreiter/Desktop/AER201/botL.X/main.asm
                     PLOG   0x0007f2    program     static /Users/mreiter/Desktop/AER201/botL.X/main.asm
                  _64loop   0x000806    program     static /Users/mreiter/Desktop/AER201/botL.X/main.asm
               displayNum   0x00082c    program     static /Users/mreiter/Desktop/AER201/botL.X/main.asm
                HOLD_PLOG   0x000886    program     static /Users/mreiter/Desktop/AER201/botL.X/main.asm
                  _67Next   0x000892    program     static /Users/mreiter/Desktop/AER201/botL.X/main.asm
                  _67Exit   0x00089e    program     static /Users/mreiter/Desktop/AER201/botL.X/main.asm
                  PC_MODE   0x0008a2    program     static /Users/mreiter/Desktop/AER201/botL.X/main.asm
                  _68loop   0x0008b6    program     static /Users/mreiter/Desktop/AER201/botL.X/main.asm
                  _69loop   0x0008d4    program     static /Users/mreiter/Desktop/AER201/botL.X/main.asm
                  HOLD_PC   0x0008ea    program     static /Users/mreiter/Desktop/AER201/botL.X/main.asm
                  _70Next   0x0008f6    program     static /Users/mreiter/Desktop/AER201/botL.X/main.asm
                  _70Exit   0x000902    program     static /Users/mreiter/Desktop/AER201/botL.X/main.asm
                  _71Next   0x00090c    program     static /Users/mreiter/Desktop/AER201/botL.X/main.asm
                  _71Exit   0x000918    program     static /Users/mreiter/Desktop/AER201/botL.X/main.asm
              PC_TRANSFER   0x00091c    program     static /Users/mreiter/Desktop/AER201/botL.X/main.asm
                  _72loop   0x000932    program     static /Users/mreiter/Desktop/AER201/botL.X/main.asm
                 RTC_INIT   0x000944    program     static /Users/mreiter/Desktop/AER201/botL.X/main.asm
                SAVE_TIME   0x000952    program     static /Users/mreiter/Desktop/AER201/botL.X/main.asm
            SAVE_EXE_TIME   0x0009b8    program     static /Users/mreiter/Desktop/AER201/botL.X/main.asm
             _.org_2_09D4   0x0009d4    program     static /Users/mreiter/Desktop/AER201/botL.X/main.asm
             _.org_2_09EC   0x0009ec    program     static /Users/mreiter/Desktop/AER201/botL.X/main.asm
             _.org_2_0A10   0x000a10    program     static /Users/mreiter/Desktop/AER201/botL.X/main.asm
             _.org_2_0A28   0x000a28    program     static /Users/mreiter/Desktop/AER201/botL.X/main.asm
             _.org_2_0A4C   0x000a4c    program     static /Users/mreiter/Desktop/AER201/botL.X/main.asm
             _.org_2_0A64   0x000a64    program     static /Users/mreiter/Desktop/AER201/botL.X/main.asm
              DISPLAY_RTC   0x000a6e    program     static /Users/mreiter/Desktop/AER201/botL.X/main.asm
                 SET_TIME   0x000b48    program     static /Users/mreiter/Desktop/AER201/botL.X/main.asm
                del_loop0   0x000b4e    program     static /Users/mreiter/Desktop/AER201/botL.X/main.asm
               INIT_USART   0x000bb0    program     static /Users/mreiter/Desktop/AER201/botL.X/main.asm
                DataUSART   0x000bc4    program     static /Users/mreiter/Desktop/AER201/botL.X/main.asm
            TRANSFER_LOGS   0x000bd4    program     static /Users/mreiter/Desktop/AER201/botL.X/main.asm
            TRANSFER_DATA   0x000bde    program     static /Users/mreiter/Desktop/AER201/botL.X/main.asm
                  _96loop   0x000c1e    program     static /Users/mreiter/Desktop/AER201/botL.X/main.asm
                  _97loop   0x000c2c    program     static /Users/mreiter/Desktop/AER201/botL.X/main.asm
               USART_WAIT   0x000c38    program     static /Users/mreiter/Desktop/AER201/botL.X/main.asm
             _.org_2_0C3C   0x000c3c    program     static /Users/mreiter/Desktop/AER201/botL.X/main.asm
               USART_LINE   0x000c42    program     static /Users/mreiter/Desktop/AER201/botL.X/main.asm
                 Delay5us   0x000c50    program     static /Users/mreiter/Desktop/AER201/botL.X/main.asm
                  loop5us   0x000c54    program     static /Users/mreiter/Desktop/AER201/botL.X/main.asm
               Delay200us   0x000c5e    program     static /Users/mreiter/Desktop/AER201/botL.X/main.asm
                loop200us   0x000c62    program     static /Users/mreiter/Desktop/AER201/botL.X/main.asm
                Delay50ms   0x000c6c    program     static /Users/mreiter/Desktop/AER201/botL.X/main.asm
                 loop50ms   0x000c70    program     static /Users/mreiter/Desktop/AER201/botL.X/main.asm
                   Cycles   0x000c76    program     static /Users/mreiter/Desktop/AER201/botL.X/main.asm
              WriteEE_RTC   0x000c80    program     static /Users/mreiter/Desktop/AER201/botL.X/main.asm
             _.org_2_0C8E   0x000c8e    program     static /Users/mreiter/Desktop/AER201/botL.X/main.asm
             _.org_2_0CA6   0x000ca6    program     static /Users/mreiter/Desktop/AER201/botL.X/main.asm
             _.org_2_0CBC   0x000cbc    program     static /Users/mreiter/Desktop/AER201/botL.X/main.asm
             _.org_2_0CD4   0x000cd4    program     static /Users/mreiter/Desktop/AER201/botL.X/main.asm
           ClearEEPROM_21   0x000cde    program     static /Users/mreiter/Desktop/AER201/botL.X/main.asm
                ClearNext   0x000ce6    program     static /Users/mreiter/Desktop/AER201/botL.X/main.asm
             _.org_2_0CF4   0x000cf4    program     static /Users/mreiter/Desktop/AER201/botL.X/main.asm
             _.org_2_0D0C   0x000d0c    program     static /Users/mreiter/Desktop/AER201/botL.X/main.asm
                 READ_KEY   0x000d24    program     static /Users/mreiter/Desktop/AER201/botL.X/main.asm
             _.org_2_0D32   0x000d32    program     static /Users/mreiter/Desktop/AER201/botL.X/main.asm
            READ_KEY_TIME   0x000d38    program     static /Users/mreiter/Desktop/AER201/botL.X/main.asm
             _.org_2_0D4E   0x000d4e    program     static /Users/mreiter/Desktop/AER201/botL.X/main.asm
           DisplayExeTime   0x000d54    program     static /Users/mreiter/Desktop/AER201/botL.X/main.asm
                 _102loop   0x000d7e    program     static /Users/mreiter/Desktop/AER201/botL.X/main.asm
        NoSkipDispExeTime   0x000d92    program     static /Users/mreiter/Desktop/AER201/botL.X/main.asm
          SkipDispExeTime   0x000de4    program     static /Users/mreiter/Desktop/AER201/botL.X/main.asm
                DispOpRTC   0x000de6    program     static /Users/mreiter/Desktop/AER201/botL.X/main.asm
                 _107loop   0x000e10    program     static /Users/mreiter/Desktop/AER201/botL.X/main.asm
          NoSkipDispOpRTC   0x000e22    program     static /Users/mreiter/Desktop/AER201/botL.X/main.asm
            SkipDispOpRTC   0x000e82    program     static /Users/mreiter/Desktop/AER201/botL.X/main.asm
         DispOpRTC_Helper   0x000e84    program     static /Users/mreiter/Desktop/AER201/botL.X/main.asm
                  Welcome   0x000ebe    program     static /Users/mreiter/Desktop/AER201/botL.X/main.asm
                     Team   0x000ec4    program     static /Users/mreiter/Desktop/AER201/botL.X/main.asm
                  StandBy   0x000ece    program     static /Users/mreiter/Desktop/AER201/botL.X/main.asm
                     Log1   0x000ed6    program     static /Users/mreiter/Desktop/AER201/botL.X/main.asm
                     Log2   0x000edc    program     static /Users/mreiter/Desktop/AER201/botL.X/main.asm
                 LogInfo1   0x000eea    program     static /Users/mreiter/Desktop/AER201/botL.X/main.asm
                 LogInfo2   0x000ef2    program     static /Users/mreiter/Desktop/AER201/botL.X/main.asm
                 PermLog1   0x000efc    program     static /Users/mreiter/Desktop/AER201/botL.X/main.asm
                 PermLog2   0x000f0c    program     static /Users/mreiter/Desktop/AER201/botL.X/main.asm
                     Exe1   0x000f18    program     static /Users/mreiter/Desktop/AER201/botL.X/main.asm
                     Exe2   0x000f24    program     static /Users/mreiter/Desktop/AER201/botL.X/main.asm
                      PC1   0x000f2c    program     static /Users/mreiter/Desktop/AER201/botL.X/main.asm
                      PC2   0x000f3a    program     static /Users/mreiter/Desktop/AER201/botL.X/main.asm
               PCTransfer   0x000f44    program     static /Users/mreiter/Desktop/AER201/botL.X/main.asm
               PCComplete   0x000f54    program     static /Users/mreiter/Desktop/AER201/botL.X/main.asm
                  Stopped   0x000f5e    program     static /Users/mreiter/Desktop/AER201/botL.X/main.asm
                 Exe_Time   0x000f66    program     static /Users/mreiter/Desktop/AER201/botL.X/main.asm
                     SAVE   0x000f6e    program     static /Users/mreiter/Desktop/AER201/botL.X/main.asm
                   Safety   0x000f78    program     static /Users/mreiter/Desktop/AER201/botL.X/main.asm
                   NoData   0x000f88    program     static /Users/mreiter/Desktop/AER201/botL.X/main.asm
                   PCLog1   0x000f8c    program     static /Users/mreiter/Desktop/AER201/botL.X/main.asm
                  InitLCD   0x000f9c    program     extern /Users/mreiter/Desktop/AER201/botL.X/lcd.asm
                   WR_INS   0x000ff4    program     extern /Users/mreiter/Desktop/AER201/botL.X/lcd.asm
                  WR_DATA   0x001010    program     extern /Users/mreiter/Desktop/AER201/botL.X/lcd.asm
                   WrtLCD   0x001032    program     extern /Users/mreiter/Desktop/AER201/botL.X/lcd.asm
                   ClrLCD   0x001048    program     extern /Users/mreiter/Desktop/AER201/botL.X/lcd.asm
                   ClkLCD   0x001056    program     extern /Users/mreiter/Desktop/AER201/botL.X/lcd.asm
              _.code_00C6   0x001062    program     static /Users/mreiter/Desktop/AER201/botL.X/lcd.asm
                   LCD_L1   0x001068    program     extern /Users/mreiter/Desktop/AER201/botL.X/lcd.asm
                   LCD_L2   0x001070    program     extern /Users/mreiter/Desktop/AER201/botL.X/lcd.asm
                   MovMSB   0x001078    program     static /Users/mreiter/Desktop/AER201/botL.X/lcd.asm
             lcdLongDelay   0x001082    program     static /Users/mreiter/Desktop/AER201/botL.X/lcd.asm
                 LLD_LOOP   0x001086    program     static /Users/mreiter/Desktop/AER201/botL.X/lcd.asm
              _.code_00F0   0x00108c    program     static /Users/mreiter/Desktop/AER201/botL.X/lcd.asm
                delay44us   0x001098    program     static /Users/mreiter/Desktop/AER201/botL.X/lcd.asm
            Delay44usLoop   0x00109c    program     static /Users/mreiter/Desktop/AER201/botL.X/lcd.asm
                 delay5ms   0x0010a4    program     extern /Users/mreiter/Desktop/AER201/botL.X/lcd.asm
             Delay5msLoop   0x0010ac    program     static /Users/mreiter/Desktop/AER201/botL.X/lcd.asm
                       d2   0x0010b4    program     static /Users/mreiter/Desktop/AER201/botL.X/lcd.asm
         i2c_common_setup   0x0010ba    program     extern /Users/mreiter/Desktop/AER201/botL.X/i2c_common.asm
              _.code_001C   0x0010d6    program     static /Users/mreiter/Desktop/AER201/botL.X/i2c_common.asm
                write_rtc   0x0010dc    program     extern /Users/mreiter/Desktop/AER201/botL.X/i2c_common.asm
              _.code_002A   0x0010e4    program     static /Users/mreiter/Desktop/AER201/botL.X/i2c_common.asm
              _.code_0032   0x0010ec    program     static /Users/mreiter/Desktop/AER201/botL.X/i2c_common.asm
              _.code_0038   0x0010f2    program     static /Users/mreiter/Desktop/AER201/botL.X/i2c_common.asm
              _.code_0048   0x001102    program     static /Users/mreiter/Desktop/AER201/botL.X/i2c_common.asm
              _.code_004E   0x001108    program     static /Users/mreiter/Desktop/AER201/botL.X/i2c_common.asm
              _.code_005E   0x001118    program     static /Users/mreiter/Desktop/AER201/botL.X/i2c_common.asm
              _.code_0064   0x00111e    program     static /Users/mreiter/Desktop/AER201/botL.X/i2c_common.asm
              WR_ERR1_RTC   0x00112c    program     static /Users/mreiter/Desktop/AER201/botL.X/i2c_common.asm
              WR_ERR2_RTC   0x001136    program     static /Users/mreiter/Desktop/AER201/botL.X/i2c_common.asm
              WR_ERR3_RTC   0x001142    program     static /Users/mreiter/Desktop/AER201/botL.X/i2c_common.asm
               WR_END_RTC   0x00114c    program     static /Users/mreiter/Desktop/AER201/botL.X/i2c_common.asm
              _.code_0096   0x001150    program     static /Users/mreiter/Desktop/AER201/botL.X/i2c_common.asm
                 read_rtc   0x001156    program     extern /Users/mreiter/Desktop/AER201/botL.X/i2c_common.asm
              _.code_00A4   0x00115e    program     static /Users/mreiter/Desktop/AER201/botL.X/i2c_common.asm
              _.code_00AC   0x001166    program     static /Users/mreiter/Desktop/AER201/botL.X/i2c_common.asm
              _.code_00B2   0x00116c    program     static /Users/mreiter/Desktop/AER201/botL.X/i2c_common.asm
              _.code_00C2   0x00117c    program     static /Users/mreiter/Desktop/AER201/botL.X/i2c_common.asm
              _.code_00C8   0x001182    program     static /Users/mreiter/Desktop/AER201/botL.X/i2c_common.asm
              _.code_00D6   0x001190    program     static /Users/mreiter/Desktop/AER201/botL.X/i2c_common.asm
              _.code_00DE   0x001198    program     static /Users/mreiter/Desktop/AER201/botL.X/i2c_common.asm
              _.code_00E4   0x00119e    program     static /Users/mreiter/Desktop/AER201/botL.X/i2c_common.asm
              _.code_00F2   0x0011ac    program     static /Users/mreiter/Desktop/AER201/botL.X/i2c_common.asm
                  _waitl0   0x0011ba    program     static /Users/mreiter/Desktop/AER201/botL.X/i2c_common.asm
              RD_ERR1_RTC   0x0011c4    program     static /Users/mreiter/Desktop/AER201/botL.X/i2c_common.asm
              RD_ERR2_RTC   0x0011ce    program     static /Users/mreiter/Desktop/AER201/botL.X/i2c_common.asm
              RD_ERR3_RTC   0x0011d8    program     static /Users/mreiter/Desktop/AER201/botL.X/i2c_common.asm
               RD_END_RTC   0x0011e2    program     static /Users/mreiter/Desktop/AER201/botL.X/i2c_common.asm
              _.code_012C   0x0011e6    program     static /Users/mreiter/Desktop/AER201/botL.X/i2c_common.asm
              rtc_convert   0x0011ec    program     extern /Users/mreiter/Desktop/AER201/botL.X/i2c_common.asm
          READ_COLOUR_I2C   0x001202    program     extern /Users/mreiter/Desktop/AER201/botL.X/i2c_common.asm
              _.code_0150   0x00120a    program     static /Users/mreiter/Desktop/AER201/botL.X/i2c_common.asm
              _.code_0158   0x001212    program     static /Users/mreiter/Desktop/AER201/botL.X/i2c_common.asm
              _.code_015E   0x001218    program     static /Users/mreiter/Desktop/AER201/botL.X/i2c_common.asm
              _.code_0170   0x00122a    program     static /Users/mreiter/Desktop/AER201/botL.X/i2c_common.asm
              _.code_0176   0x001230    program     static /Users/mreiter/Desktop/AER201/botL.X/i2c_common.asm
              _.code_0184   0x00123e    program     static /Users/mreiter/Desktop/AER201/botL.X/i2c_common.asm
              _.code_018C   0x001246    program     static /Users/mreiter/Desktop/AER201/botL.X/i2c_common.asm
              _.code_0192   0x00124c    program     static /Users/mreiter/Desktop/AER201/botL.X/i2c_common.asm
              _.code_01A0   0x00125a    program     static /Users/mreiter/Desktop/AER201/botL.X/i2c_common.asm
                  _waitl1   0x001268    program     static /Users/mreiter/Desktop/AER201/botL.X/i2c_common.asm
                  RD_ERR1   0x001272    program     static /Users/mreiter/Desktop/AER201/botL.X/i2c_common.asm
                  RD_ERR2   0x00127c    program     static /Users/mreiter/Desktop/AER201/botL.X/i2c_common.asm
                  RD_ERR3   0x001286    program     static /Users/mreiter/Desktop/AER201/botL.X/i2c_common.asm
                   RD_END   0x001290    program     static /Users/mreiter/Desktop/AER201/botL.X/i2c_common.asm
              _.code_01DA   0x001294    program     static /Users/mreiter/Desktop/AER201/botL.X/i2c_common.asm
          I2C_Master_INIT   0x00129a    program     static /Users/mreiter/Desktop/AER201/botL.X/i2c_common.asm
          I2C_Master_WAIT   0x0012ac    program     static /Users/mreiter/Desktop/AER201/botL.X/i2c_common.asm
                     WAIT   0x0012ac    program     static /Users/mreiter/Desktop/AER201/botL.X/i2c_common.asm
         I2C_Master_START   0x0012bc    program     static /Users/mreiter/Desktop/AER201/botL.X/i2c_common.asm
        I2C_Master_RSTART   0x0012c4    program     static /Users/mreiter/Desktop/AER201/botL.X/i2c_common.asm
          I2C_Master_STOP   0x0012cc    program     static /Users/mreiter/Desktop/AER201/botL.X/i2c_common.asm
         I2C_Master_WRITE   0x0012d4    program     static /Users/mreiter/Desktop/AER201/botL.X/i2c_common.asm
                  HOLD_UP   0x0012da    program     static /Users/mreiter/Desktop/AER201/botL.X/i2c_common.asm
          I2C_Master_READ   0x0012e2    program     static /Users/mreiter/Desktop/AER201/botL.X/i2c_common.asm
                     LOOP   0x0012e8    program     static /Users/mreiter/Desktop/AER201/botL.X/i2c_common.asm
           I2C_Master_ACK   0x0012f2    program     static /Users/mreiter/Desktop/AER201/botL.X/i2c_common.asm
                 TEST_ACK   0x0012f6    program     static /Users/mreiter/Desktop/AER201/botL.X/i2c_common.asm
         WRITE_COLOUR_I2C   0x0012fc    program     extern /Users/mreiter/Desktop/AER201/botL.X/i2c_common.asm
              _.code_024A   0x001304    program     static /Users/mreiter/Desktop/AER201/botL.X/i2c_common.asm
              _.code_0252   0x00130c    program     static /Users/mreiter/Desktop/AER201/botL.X/i2c_common.asm
              _.code_0258   0x001312    program     static /Users/mreiter/Desktop/AER201/botL.X/i2c_common.asm
              _.code_026A   0x001324    program     static /Users/mreiter/Desktop/AER201/botL.X/i2c_common.asm
              _.code_0270   0x00132a    program     static /Users/mreiter/Desktop/AER201/botL.X/i2c_common.asm
              _.code_0282   0x00133c    program     static /Users/mreiter/Desktop/AER201/botL.X/i2c_common.asm
              _.code_0288   0x001342    program     static /Users/mreiter/Desktop/AER201/botL.X/i2c_common.asm
                  WR_ERR1   0x001350    program     static /Users/mreiter/Desktop/AER201/botL.X/i2c_common.asm
                  WR_ERR2   0x00135a    program     static /Users/mreiter/Desktop/AER201/botL.X/i2c_common.asm
                  WR_ERR3   0x001366    program     static /Users/mreiter/Desktop/AER201/botL.X/i2c_common.asm
                   WR_END   0x001370    program     static /Users/mreiter/Desktop/AER201/botL.X/i2c_common.asm
              _.code_02BA   0x001374    program     static /Users/mreiter/Desktop/AER201/botL.X/i2c_common.asm
             INIT_ARDUINO   0x00137a    program     extern /Users/mreiter/Desktop/AER201/botL.X/i2c_common.asm
              _.code_02C8   0x001382    program     static /Users/mreiter/Desktop/AER201/botL.X/i2c_common.asm
              _.code_02D0   0x00138a    program     static /Users/mreiter/Desktop/AER201/botL.X/i2c_common.asm
              _.code_02D6   0x001390    program     static /Users/mreiter/Desktop/AER201/botL.X/i2c_common.asm
              _.code_02E4   0x00139e    program     static /Users/mreiter/Desktop/AER201/botL.X/i2c_common.asm
             READ_ARDUINO   0x0013a4    program     extern /Users/mreiter/Desktop/AER201/botL.X/i2c_common.asm
              _.code_02F2   0x0013ac    program     static /Users/mreiter/Desktop/AER201/botL.X/i2c_common.asm
              _.code_02FA   0x0013b4    program     static /Users/mreiter/Desktop/AER201/botL.X/i2c_common.asm
              _.code_0300   0x0013ba    program     static /Users/mreiter/Desktop/AER201/botL.X/i2c_common.asm
              _.code_030E   0x0013c8    program     static /Users/mreiter/Desktop/AER201/botL.X/i2c_common.asm
                  _waitl2   0x0013d4    program     static /Users/mreiter/Desktop/AER201/botL.X/i2c_common.asm
              _.code_0324   0x0013de    program     static /Users/mreiter/Desktop/AER201/botL.X/i2c_common.asm
                CHECK_ACK   0x0013e4    program     extern /Users/mreiter/Desktop/AER201/botL.X/i2c.asm
                I2C_ACKDT   0x0013e4    program     extern /Users/mreiter/Desktop/AER201/botL.X/i2c.asm
                 I2C_temp   0x0013e4    program     static /Users/mreiter/Desktop/AER201/botL.X/i2c.asm
               CHECK_NACK   0x0013e8    program     extern /Users/mreiter/Desktop/AER201/botL.X/i2c.asm
                TEST_NACK   0x0013ec    program     static /Users/mreiter/Desktop/AER201/botL.X/i2c.asm
          I2C_Master_INIT   0x0013f4    program     extern /Users/mreiter/Desktop/AER201/botL.X/i2c.asm
          I2C_Master_WAIT   0x001406    program     extern /Users/mreiter/Desktop/AER201/botL.X/i2c.asm
                     WAIT   0x001406    program     static /Users/mreiter/Desktop/AER201/botL.X/i2c.asm
         I2C_Master_START   0x001416    program     extern /Users/mreiter/Desktop/AER201/botL.X/i2c.asm
        I2C_Master_RSTART   0x00141e    program     extern /Users/mreiter/Desktop/AER201/botL.X/i2c.asm
          I2C_Master_STOP   0x001426    program     extern /Users/mreiter/Desktop/AER201/botL.X/i2c.asm
         I2C_Master_WRITE   0x00142e    program     extern /Users/mreiter/Desktop/AER201/botL.X/i2c.asm
                  HOLD_UP   0x001434    program     static /Users/mreiter/Desktop/AER201/botL.X/i2c.asm
          I2C_Master_READ   0x00143c    program     extern /Users/mreiter/Desktop/AER201/botL.X/i2c.asm
                     LOOP   0x001442    program     static /Users/mreiter/Desktop/AER201/botL.X/i2c.asm
           I2C_Master_ACK   0x00144a    program     extern /Users/mreiter/Desktop/AER201/botL.X/i2c.asm
                 TEST_ACK   0x00144e    program     static /Users/mreiter/Desktop/AER201/botL.X/i2c.asm
               regaddress   0x000080       data     extern /Users/mreiter/Desktop/AER201/botL.X/i2c_common.asm
                 databyte   0x000081       data     extern /Users/mreiter/Desktop/AER201/botL.X/i2c_common.asm
                 datachar   0x000082       data     extern /Users/mreiter/Desktop/AER201/botL.X/i2c_common.asm
             data_colourL   0x000083       data     extern /Users/mreiter/Desktop/AER201/botL.X/i2c_common.asm
             data_colourH   0x000084       data     extern /Users/mreiter/Desktop/AER201/botL.X/i2c_common.asm
               tens_digit   0x000085       data     extern /Users/mreiter/Desktop/AER201/botL.X/i2c_common.asm
               ones_digit   0x000086       data     extern /Users/mreiter/Desktop/AER201/botL.X/i2c_common.asm
           convert_buffer   0x000087       data     extern /Users/mreiter/Desktop/AER201/botL.X/i2c_common.asm


