MPLINK 5.08, LINKER
Linker Map File - Created Sun Mar 19 11:00:57 2017

                                 Section Info
                  Section       Type    Address   Location Size(Bytes)
                ---------  ---------  ---------  ---------  ---------
                   .org_0       code   0x000000    program   0x000004
                   .cinit    romdata   0x000004    program   0x000002
                   .org_1       code   0x000008    program   0x000004
                   .org_2       code   0x000018    program   0x0010ac
                    .code       code   0x0010c4    program   0x0004c2
.config_300001_BUILD/DEFAULT/PRODUCTION/MAIN.O    romdata   0x300001    program   0x000001
.config_300002_BUILD/DEFAULT/PRODUCTION/MAIN.O    romdata   0x300002    program   0x000001
.config_300003_BUILD/DEFAULT/PRODUCTION/MAIN.O    romdata   0x300003    program   0x000001
.config_300005_BUILD/DEFAULT/PRODUCTION/MAIN.O    romdata   0x300005    program   0x000001
.config_300006_BUILD/DEFAULT/PRODUCTION/MAIN.O    romdata   0x300006    program   0x000001
.config_300008_BUILD/DEFAULT/PRODUCTION/MAIN.O    romdata   0x300008    program   0x000001
.config_300009_BUILD/DEFAULT/PRODUCTION/MAIN.O    romdata   0x300009    program   0x000001
.config_30000A_BUILD/DEFAULT/PRODUCTION/MAIN.O    romdata   0x30000a    program   0x000001
.config_30000B_BUILD/DEFAULT/PRODUCTION/MAIN.O    romdata   0x30000b    program   0x000001
.config_30000C_BUILD/DEFAULT/PRODUCTION/MAIN.O    romdata   0x30000c    program   0x000001
.config_30000D_BUILD/DEFAULT/PRODUCTION/MAIN.O    romdata   0x30000d    program   0x000001
               .udata_acs      udata   0x000060       data   0x000006



                              Program Memory Usage 
                               Start         End      
                           ---------   ---------      
                            0x000000    0x000005      
                            0x000008    0x00000b      
                            0x000018    0x001585      
                            0x300001    0x300003      
                            0x300005    0x300006      
                            0x300008    0x30000d      
            5507 out of 66584 program addresses used, program memory utilization is 8%



                              Symbols - Sorted by Name
                     Name    Address   Location    Storage File                     
                ---------  ---------  ---------  --------- ---------                
                CHECK_ACK   0x001516    program     extern /Users/mreiter/Desktop/AER201/botL.X/i2c.asm
               CHECK_DONE   0x0004e0    program     static /Users/mreiter/Desktop/AER201/botL.X/main.asm
               CHECK_NACK   0x00151a    program     extern /Users/mreiter/Desktop/AER201/botL.X/i2c.asm
         COLLECTIONS_STEP   0x0003e2    program     static /Users/mreiter/Desktop/AER201/botL.X/main.asm
              COLOUR_TEST   0x000372    program     static /Users/mreiter/Desktop/AER201/botL.X/main.asm
           ClearEEPROM_21   0x000e10    program     static /Users/mreiter/Desktop/AER201/botL.X/main.asm
                ClearNext   0x000e18    program     static /Users/mreiter/Desktop/AER201/botL.X/main.asm
                   ClkLCD   0x001276    program     extern /Users/mreiter/Desktop/AER201/botL.X/lcd.asm
                   ClrLCD   0x001268    program     extern /Users/mreiter/Desktop/AER201/botL.X/lcd.asm
                   Cycles   0x000da8    program     static /Users/mreiter/Desktop/AER201/botL.X/main.asm
              DC_TEST_CCW   0x000312    program     static /Users/mreiter/Desktop/AER201/botL.X/main.asm
         DC_TEST_CCW_HOLD   0x000324    program     static /Users/mreiter/Desktop/AER201/botL.X/main.asm
               DC_TEST_CW   0x0002ec    program     static /Users/mreiter/Desktop/AER201/botL.X/main.asm
          DC_TEST_CW_HOLD   0x0002fe    program     static /Users/mreiter/Desktop/AER201/botL.X/main.asm
               DETECTIONS   0x0003fe    program     static /Users/mreiter/Desktop/AER201/botL.X/main.asm
              DISPLAY_RTC   0x000ba0    program     static /Users/mreiter/Desktop/AER201/botL.X/main.asm
                DataUSART   0x000cf6    program     static /Users/mreiter/Desktop/AER201/botL.X/main.asm
               Delay200us   0x000d90    program     static /Users/mreiter/Desktop/AER201/botL.X/main.asm
            Delay44usLoop   0x0012c8    program     static /Users/mreiter/Desktop/AER201/botL.X/lcd.asm
                Delay50ms   0x000d9e    program     static /Users/mreiter/Desktop/AER201/botL.X/main.asm
             Delay5msLoop   0x0012d8    program     static /Users/mreiter/Desktop/AER201/botL.X/lcd.asm
                 Delay5us   0x000d82    program     static /Users/mreiter/Desktop/AER201/botL.X/main.asm
                DispOpRTC   0x000fec    program     static /Users/mreiter/Desktop/AER201/botL.X/main.asm
         DispOpRTC_Helper   0x00108a    program     static /Users/mreiter/Desktop/AER201/botL.X/main.asm
               DispOpSort   0x000f14    program     static /Users/mreiter/Desktop/AER201/botL.X/main.asm
           DisplayExeTime   0x000e82    program     static /Users/mreiter/Desktop/AER201/botL.X/main.asm
             END_ISR_HIGH   0x0000b0    program     static /Users/mreiter/Desktop/AER201/botL.X/main.asm
              END_ISR_LOW   0x0000fc    program     static /Users/mreiter/Desktop/AER201/botL.X/main.asm
                EXECUTION   0x000390    program     static /Users/mreiter/Desktop/AER201/botL.X/main.asm
                 EXIT_EXE   0x00053a    program     static /Users/mreiter/Desktop/AER201/botL.X/main.asm
                     Exe1   0x001166    program     static /Users/mreiter/Desktop/AER201/botL.X/main.asm
                     Exe2   0x001172    program     static /Users/mreiter/Desktop/AER201/botL.X/main.asm
                 HOLD_LOG   0x00059c    program     static /Users/mreiter/Desktop/AER201/botL.X/main.asm
            HOLD_LOG_INFO   0x0005fa    program     static /Users/mreiter/Desktop/AER201/botL.X/main.asm
                  HOLD_PC   0x00088c    program     static /Users/mreiter/Desktop/AER201/botL.X/main.asm
            HOLD_PERM_LOG   0x000654    program     static /Users/mreiter/Desktop/AER201/botL.X/main.asm
                HOLD_PLOG   0x0007ca    program     static /Users/mreiter/Desktop/AER201/botL.X/main.asm
        HOLD_PLOG_DETAILS   0x000826    program     static /Users/mreiter/Desktop/AER201/botL.X/main.asm
             HOLD_STANDBY   0x000236    program     static /Users/mreiter/Desktop/AER201/botL.X/main.asm
                  HOLD_UP   0x001566    program     static /Users/mreiter/Desktop/AER201/botL.X/i2c.asm
                I2C_ACKDT   0x001516    program     extern /Users/mreiter/Desktop/AER201/botL.X/i2c.asm
           I2C_Master_ACK   0x00157c    program     extern /Users/mreiter/Desktop/AER201/botL.X/i2c.asm
          I2C_Master_INIT   0x001526    program     extern /Users/mreiter/Desktop/AER201/botL.X/i2c.asm
          I2C_Master_READ   0x00156e    program     extern /Users/mreiter/Desktop/AER201/botL.X/i2c.asm
        I2C_Master_RSTART   0x001550    program     extern /Users/mreiter/Desktop/AER201/botL.X/i2c.asm
         I2C_Master_START   0x001548    program     extern /Users/mreiter/Desktop/AER201/botL.X/i2c.asm
          I2C_Master_STOP   0x001558    program     extern /Users/mreiter/Desktop/AER201/botL.X/i2c.asm
          I2C_Master_WAIT   0x001538    program     extern /Users/mreiter/Desktop/AER201/botL.X/i2c.asm
         I2C_Master_WRITE   0x001560    program     extern /Users/mreiter/Desktop/AER201/botL.X/i2c.asm
                 I2C_temp   0x001516    program     static /Users/mreiter/Desktop/AER201/botL.X/i2c.asm
              INC_ESKACAP   0x000488    program     static /Users/mreiter/Desktop/AER201/botL.X/main.asm
            INC_ESKANOCAP   0x00046c    program     static /Users/mreiter/Desktop/AER201/botL.X/main.asm
               INC_YOPCAP   0x000450    program     static /Users/mreiter/Desktop/AER201/botL.X/main.asm
             INC_YOPNOCAP   0x000434    program     static /Users/mreiter/Desktop/AER201/botL.X/main.asm
                     INIT   0x000106    program     static /Users/mreiter/Desktop/AER201/botL.X/main.asm
             INIT_ARDUINO   0x0014b0    program     extern /Users/mreiter/Desktop/AER201/botL.X/i2c_common.asm
                 INIT_RTC   0x0013c4    program     extern /Users/mreiter/Desktop/AER201/botL.X/i2c_common.asm
               INIT_USART   0x000ce2    program     static /Users/mreiter/Desktop/AER201/botL.X/main.asm
                 ISR_HIGH   0x000030    program     static /Users/mreiter/Desktop/AER201/botL.X/main.asm
                  ISR_LOW   0x0000ba    program     static /Users/mreiter/Desktop/AER201/botL.X/main.asm
                  InitLCD   0x0011ba    program     extern /Users/mreiter/Desktop/AER201/botL.X/lcd.asm
                   LCD_L1   0x001294    program     extern /Users/mreiter/Desktop/AER201/botL.X/lcd.asm
                   LCD_L2   0x00129c    program     extern /Users/mreiter/Desktop/AER201/botL.X/lcd.asm
                 LLD_LOOP   0x0012b2    program     static /Users/mreiter/Desktop/AER201/botL.X/lcd.asm
            LOAD_EXE_TIME   0x000026    program     static /Users/mreiter/Desktop/AER201/botL.X/main.asm
        LOAD_STANDBY_TIME   0x00001c    program     static /Users/mreiter/Desktop/AER201/botL.X/main.asm
                      LOG   0x000568    program     static /Users/mreiter/Desktop/AER201/botL.X/main.asm
                 LOG_INFO   0x0005ce    program     static /Users/mreiter/Desktop/AER201/botL.X/main.asm
                     LOOP   0x001574    program     static /Users/mreiter/Desktop/AER201/botL.X/i2c.asm
                  LOOPING   0x000372    program     static /Users/mreiter/Desktop/AER201/botL.X/main.asm
                     Log1   0x001124    program     static /Users/mreiter/Desktop/AER201/botL.X/main.asm
                     Log2   0x00112a    program     static /Users/mreiter/Desktop/AER201/botL.X/main.asm
                 LogInfo1   0x001138    program     static /Users/mreiter/Desktop/AER201/botL.X/main.asm
                 LogInfo2   0x001140    program     static /Users/mreiter/Desktop/AER201/botL.X/main.asm
                   MovMSB   0x0012a4    program     static /Users/mreiter/Desktop/AER201/botL.X/lcd.asm
                   NoData   0x0011b6    program     static /Users/mreiter/Desktop/AER201/botL.X/main.asm
        NoSkipDispExeTime   0x000ec0    program     static /Users/mreiter/Desktop/AER201/botL.X/main.asm
          NoSkipDispOpRTC   0x001028    program     static /Users/mreiter/Desktop/AER201/botL.X/main.asm
         NoSkipDispOpSort   0x000f50    program     static /Users/mreiter/Desktop/AER201/botL.X/main.asm
                      PC1   0x00117a    program     static /Users/mreiter/Desktop/AER201/botL.X/main.asm
                      PC2   0x001188    program     static /Users/mreiter/Desktop/AER201/botL.X/main.asm
               PCComplete   0x0011a2    program     static /Users/mreiter/Desktop/AER201/botL.X/main.asm
               PCTransfer   0x001192    program     static /Users/mreiter/Desktop/AER201/botL.X/main.asm
                  PC_MODE   0x000842    program     static /Users/mreiter/Desktop/AER201/botL.X/main.asm
              PC_TRANSFER   0x0008be    program     static /Users/mreiter/Desktop/AER201/botL.X/main.asm
                 PERM_LOG   0x000616    program     static /Users/mreiter/Desktop/AER201/botL.X/main.asm
                     PLOG   0x000736    program     static /Users/mreiter/Desktop/AER201/botL.X/main.asm
             PLOG_DETAILS   0x0007fc    program     static /Users/mreiter/Desktop/AER201/botL.X/main.asm
                 PermLog1   0x00114a    program     static /Users/mreiter/Desktop/AER201/botL.X/main.asm
                 PermLog2   0x00115a    program     static /Users/mreiter/Desktop/AER201/botL.X/main.asm
             READ_ARDUINO   0x0014d4    program     extern /Users/mreiter/Desktop/AER201/botL.X/i2c_common.asm
          READ_COLOUR_I2C   0x001404    program     extern /Users/mreiter/Desktop/AER201/botL.X/i2c_common.asm
                 READ_KEY   0x000e56    program     static /Users/mreiter/Desktop/AER201/botL.X/main.asm
            READ_KEY_TIME   0x000e6a    program     static /Users/mreiter/Desktop/AER201/botL.X/main.asm
                ROTATE_90   0x0003e4    program     static /Users/mreiter/Desktop/AER201/botL.X/main.asm
           ROTATE_90_TEST   0x000348    program     static /Users/mreiter/Desktop/AER201/botL.X/main.asm
                 RTC_INIT   0x000a66    program     static /Users/mreiter/Desktop/AER201/botL.X/main.asm
                     SAVE   0x0011ac    program     static /Users/mreiter/Desktop/AER201/botL.X/main.asm
            SAVE_EXE_TIME   0x000aea    program     static /Users/mreiter/Desktop/AER201/botL.X/main.asm
                SAVE_TIME   0x000a74    program     static /Users/mreiter/Desktop/AER201/botL.X/main.asm
                 SET_TIME   0x000c7a    program     static /Users/mreiter/Desktop/AER201/botL.X/main.asm
                  STANDBY   0x0001e6    program     static /Users/mreiter/Desktop/AER201/botL.X/main.asm
                STEP_TEST   0x000338    program     static /Users/mreiter/Desktop/AER201/botL.X/main.asm
                 SaveData   0x0008e8    program     static /Users/mreiter/Desktop/AER201/botL.X/main.asm
                    Shift   0x001288    program     extern /Users/mreiter/Desktop/AER201/botL.X/lcd.asm
                ShiftLoop   0x000a00    program     static /Users/mreiter/Desktop/AER201/botL.X/main.asm
          SkipDispExeTime   0x000f12    program     static /Users/mreiter/Desktop/AER201/botL.X/main.asm
            SkipDispOpRTC   0x001088    program     static /Users/mreiter/Desktop/AER201/botL.X/main.asm
           SkipDispOpSort   0x000fea    program     static /Users/mreiter/Desktop/AER201/botL.X/main.asm
                  StandBy   0x0010d4    program     static /Users/mreiter/Desktop/AER201/botL.X/main.asm
              StandbyInfo   0x0010fc    program     static /Users/mreiter/Desktop/AER201/botL.X/main.asm
                 TEST_ACK   0x001580    program     static /Users/mreiter/Desktop/AER201/botL.X/i2c.asm
                TEST_NACK   0x00151e    program     static /Users/mreiter/Desktop/AER201/botL.X/i2c.asm
            TRANSFER_DATA   0x000d10    program     static /Users/mreiter/Desktop/AER201/botL.X/main.asm
            TRANSFER_LOGS   0x000d06    program     static /Users/mreiter/Desktop/AER201/botL.X/main.asm
            TRAY_CCW_HOLD   0x0004c4    program     static /Users/mreiter/Desktop/AER201/botL.X/main.asm
             TRAY_CW_HOLD   0x0004aa    program     static /Users/mreiter/Desktop/AER201/botL.X/main.asm
            TRAY_STEP_CCW   0x0004be    program     static /Users/mreiter/Desktop/AER201/botL.X/main.asm
             TRAY_STEP_CW   0x0004a4    program     static /Users/mreiter/Desktop/AER201/botL.X/main.asm
            TRAY_STEP_END   0x0004d8    program     static /Users/mreiter/Desktop/AER201/botL.X/main.asm
                     Team   0x0010ca    program     static /Users/mreiter/Desktop/AER201/botL.X/main.asm
               USART_LINE   0x000d74    program     static /Users/mreiter/Desktop/AER201/botL.X/main.asm
               USART_WAIT   0x000d6a    program     static /Users/mreiter/Desktop/AER201/botL.X/main.asm
                     WAIT   0x001538    program     static /Users/mreiter/Desktop/AER201/botL.X/i2c.asm
         WRITE_COLOUR_I2C   0x001468    program     extern /Users/mreiter/Desktop/AER201/botL.X/i2c_common.asm
                  WR_DATA   0x00122e    program     extern /Users/mreiter/Desktop/AER201/botL.X/lcd.asm
                   WR_INS   0x001212    program     extern /Users/mreiter/Desktop/AER201/botL.X/lcd.asm
                  Welcome   0x0010c4    program     static /Users/mreiter/Desktop/AER201/botL.X/main.asm
              WriteEE_RTC   0x000db2    program     static /Users/mreiter/Desktop/AER201/botL.X/main.asm
                   WrtLCD   0x001252    program     extern /Users/mreiter/Desktop/AER201/botL.X/lcd.asm
              _.code_001C   0x001302    program     static /Users/mreiter/Desktop/AER201/botL.X/i2c_common.asm
              _.code_002A   0x001310    program     static /Users/mreiter/Desktop/AER201/botL.X/i2c_common.asm
              _.code_0032   0x001318    program     static /Users/mreiter/Desktop/AER201/botL.X/i2c_common.asm
              _.code_0038   0x00131e    program     static /Users/mreiter/Desktop/AER201/botL.X/i2c_common.asm
              _.code_0042   0x001328    program     static /Users/mreiter/Desktop/AER201/botL.X/i2c_common.asm
              _.code_0048   0x00132e    program     static /Users/mreiter/Desktop/AER201/botL.X/i2c_common.asm
              _.code_0052   0x001338    program     static /Users/mreiter/Desktop/AER201/botL.X/i2c_common.asm
              _.code_0058   0x00133e    program     static /Users/mreiter/Desktop/AER201/botL.X/i2c_common.asm
              _.code_0060   0x001346    program     static /Users/mreiter/Desktop/AER201/botL.X/i2c_common.asm
              _.code_006E   0x001354    program     static /Users/mreiter/Desktop/AER201/botL.X/i2c_common.asm
              _.code_0076   0x00135c    program     static /Users/mreiter/Desktop/AER201/botL.X/i2c_common.asm
              _.code_007C   0x001362    program     static /Users/mreiter/Desktop/AER201/botL.X/i2c_common.asm
              _.code_0086   0x00136c    program     static /Users/mreiter/Desktop/AER201/botL.X/i2c_common.asm
              _.code_008C   0x001372    program     static /Users/mreiter/Desktop/AER201/botL.X/i2c_common.asm
              _.code_0094   0x00137a    program     static /Users/mreiter/Desktop/AER201/botL.X/i2c_common.asm
              _.code_009C   0x001382    program     static /Users/mreiter/Desktop/AER201/botL.X/i2c_common.asm
              _.code_00A2   0x001388    program     static /Users/mreiter/Desktop/AER201/botL.X/i2c_common.asm
              _.code_00AA   0x001390    program     static /Users/mreiter/Desktop/AER201/botL.X/i2c_common.asm
              _.code_00C2   0x0013a8    program     static /Users/mreiter/Desktop/AER201/botL.X/i2c_common.asm
              _.code_00C8   0x001282    program     static /Users/mreiter/Desktop/AER201/botL.X/lcd.asm
              _.code_00E6   0x0013cc    program     static /Users/mreiter/Desktop/AER201/botL.X/i2c_common.asm
              _.code_00EE   0x0013d4    program     static /Users/mreiter/Desktop/AER201/botL.X/i2c_common.asm
              _.code_00F4   0x0013da    program     static /Users/mreiter/Desktop/AER201/botL.X/i2c_common.asm
              _.code_00FC   0x0013e2    program     static /Users/mreiter/Desktop/AER201/botL.X/i2c_common.asm
              _.code_00FE   0x0012b8    program     static /Users/mreiter/Desktop/AER201/botL.X/lcd.asm
              _.code_0102   0x0013e8    program     static /Users/mreiter/Desktop/AER201/botL.X/i2c_common.asm
              _.code_010A   0x0013f0    program     static /Users/mreiter/Desktop/AER201/botL.X/i2c_common.asm
              _.code_0110   0x0013f6    program     static /Users/mreiter/Desktop/AER201/botL.X/i2c_common.asm
              _.code_0118   0x0013fe    program     static /Users/mreiter/Desktop/AER201/botL.X/i2c_common.asm
              _.code_0126   0x00140c    program     static /Users/mreiter/Desktop/AER201/botL.X/i2c_common.asm
              _.code_012E   0x001414    program     static /Users/mreiter/Desktop/AER201/botL.X/i2c_common.asm
              _.code_0134   0x00141a    program     static /Users/mreiter/Desktop/AER201/botL.X/i2c_common.asm
              _.code_0140   0x001426    program     static /Users/mreiter/Desktop/AER201/botL.X/i2c_common.asm
              _.code_0146   0x00142c    program     static /Users/mreiter/Desktop/AER201/botL.X/i2c_common.asm
              _.code_014E   0x001434    program     static /Users/mreiter/Desktop/AER201/botL.X/i2c_common.asm
              _.code_0156   0x00143c    program     static /Users/mreiter/Desktop/AER201/botL.X/i2c_common.asm
              _.code_015C   0x001442    program     static /Users/mreiter/Desktop/AER201/botL.X/i2c_common.asm
              _.code_0164   0x00144a    program     static /Users/mreiter/Desktop/AER201/botL.X/i2c_common.asm
              _.code_017C   0x001462    program     static /Users/mreiter/Desktop/AER201/botL.X/i2c_common.asm
              _.code_018A   0x001470    program     static /Users/mreiter/Desktop/AER201/botL.X/i2c_common.asm
              _.code_0192   0x001478    program     static /Users/mreiter/Desktop/AER201/botL.X/i2c_common.asm
              _.code_0198   0x00147e    program     static /Users/mreiter/Desktop/AER201/botL.X/i2c_common.asm
              _.code_01A4   0x00148a    program     static /Users/mreiter/Desktop/AER201/botL.X/i2c_common.asm
              _.code_01AA   0x001490    program     static /Users/mreiter/Desktop/AER201/botL.X/i2c_common.asm
              _.code_01B6   0x00149c    program     static /Users/mreiter/Desktop/AER201/botL.X/i2c_common.asm
              _.code_01BC   0x0014a2    program     static /Users/mreiter/Desktop/AER201/botL.X/i2c_common.asm
              _.code_01C4   0x0014aa    program     static /Users/mreiter/Desktop/AER201/botL.X/i2c_common.asm
              _.code_01D2   0x0014b8    program     static /Users/mreiter/Desktop/AER201/botL.X/i2c_common.asm
              _.code_01DA   0x0014c0    program     static /Users/mreiter/Desktop/AER201/botL.X/i2c_common.asm
              _.code_01E0   0x0014c6    program     static /Users/mreiter/Desktop/AER201/botL.X/i2c_common.asm
              _.code_01E8   0x0014ce    program     static /Users/mreiter/Desktop/AER201/botL.X/i2c_common.asm
              _.code_01F6   0x0014dc    program     static /Users/mreiter/Desktop/AER201/botL.X/i2c_common.asm
              _.code_01FE   0x0014e4    program     static /Users/mreiter/Desktop/AER201/botL.X/i2c_common.asm
              _.code_0206   0x0014ec    program     static /Users/mreiter/Desktop/AER201/botL.X/i2c_common.asm
              _.code_020C   0x0014f2    program     static /Users/mreiter/Desktop/AER201/botL.X/i2c_common.asm
              _.code_0214   0x0014fa    program     static /Users/mreiter/Desktop/AER201/botL.X/i2c_common.asm
              _.code_022A   0x001510    program     static /Users/mreiter/Desktop/AER201/botL.X/i2c_common.asm
             _.org_2_08FC   0x0008fc    program     static /Users/mreiter/Desktop/AER201/botL.X/main.asm
             _.org_2_0914   0x000914    program     static /Users/mreiter/Desktop/AER201/botL.X/main.asm
             _.org_2_0930   0x000930    program     static /Users/mreiter/Desktop/AER201/botL.X/main.asm
             _.org_2_0948   0x000948    program     static /Users/mreiter/Desktop/AER201/botL.X/main.asm
             _.org_2_0964   0x000964    program     static /Users/mreiter/Desktop/AER201/botL.X/main.asm
             _.org_2_097C   0x00097c    program     static /Users/mreiter/Desktop/AER201/botL.X/main.asm
             _.org_2_0998   0x000998    program     static /Users/mreiter/Desktop/AER201/botL.X/main.asm
             _.org_2_09B0   0x0009b0    program     static /Users/mreiter/Desktop/AER201/botL.X/main.asm
             _.org_2_09CC   0x0009cc    program     static /Users/mreiter/Desktop/AER201/botL.X/main.asm
             _.org_2_09E4   0x0009e4    program     static /Users/mreiter/Desktop/AER201/botL.X/main.asm
             _.org_2_0A26   0x000a26    program     static /Users/mreiter/Desktop/AER201/botL.X/main.asm
             _.org_2_0A3E   0x000a3e    program     static /Users/mreiter/Desktop/AER201/botL.X/main.asm
             _.org_2_0B06   0x000b06    program     static /Users/mreiter/Desktop/AER201/botL.X/main.asm
             _.org_2_0B1E   0x000b1e    program     static /Users/mreiter/Desktop/AER201/botL.X/main.asm
             _.org_2_0B42   0x000b42    program     static /Users/mreiter/Desktop/AER201/botL.X/main.asm
             _.org_2_0B5A   0x000b5a    program     static /Users/mreiter/Desktop/AER201/botL.X/main.asm
             _.org_2_0B7E   0x000b7e    program     static /Users/mreiter/Desktop/AER201/botL.X/main.asm
             _.org_2_0B96   0x000b96    program     static /Users/mreiter/Desktop/AER201/botL.X/main.asm
             _.org_2_0D6E   0x000d6e    program     static /Users/mreiter/Desktop/AER201/botL.X/main.asm
             _.org_2_0DC0   0x000dc0    program     static /Users/mreiter/Desktop/AER201/botL.X/main.asm
             _.org_2_0DD8   0x000dd8    program     static /Users/mreiter/Desktop/AER201/botL.X/main.asm
             _.org_2_0DEE   0x000dee    program     static /Users/mreiter/Desktop/AER201/botL.X/main.asm
             _.org_2_0E06   0x000e06    program     static /Users/mreiter/Desktop/AER201/botL.X/main.asm
             _.org_2_0E26   0x000e26    program     static /Users/mreiter/Desktop/AER201/botL.X/main.asm
             _.org_2_0E3E   0x000e3e    program     static /Users/mreiter/Desktop/AER201/botL.X/main.asm
             _.org_2_0E64   0x000e64    program     static /Users/mreiter/Desktop/AER201/botL.X/main.asm
             _.org_2_0E7C   0x000e7c    program     static /Users/mreiter/Desktop/AER201/botL.X/main.asm
                 _104loop   0x000f3e    program     static /Users/mreiter/Desktop/AER201/botL.X/main.asm
                  _10loop   0x0001ce    program     static /Users/mreiter/Desktop/AER201/botL.X/main.asm
                 _110loop   0x001016    program     static /Users/mreiter/Desktop/AER201/botL.X/main.asm
                  _11loop   0x0001dc    program     static /Users/mreiter/Desktop/AER201/botL.X/main.asm
                  _12loop   0x000204    program     static /Users/mreiter/Desktop/AER201/botL.X/main.asm
                  _13loop   0x000222    program     static /Users/mreiter/Desktop/AER201/botL.X/main.asm
                  _14Exit   0x00024e    program     static /Users/mreiter/Desktop/AER201/botL.X/main.asm
                  _14Next   0x000242    program     static /Users/mreiter/Desktop/AER201/botL.X/main.asm
                  _15Exit   0x000264    program     static /Users/mreiter/Desktop/AER201/botL.X/main.asm
                  _15Next   0x000258    program     static /Users/mreiter/Desktop/AER201/botL.X/main.asm
                  _16Exit   0x00027a    program     static /Users/mreiter/Desktop/AER201/botL.X/main.asm
                  _16Next   0x00026e    program     static /Users/mreiter/Desktop/AER201/botL.X/main.asm
                  _17Exit   0x000290    program     static /Users/mreiter/Desktop/AER201/botL.X/main.asm
                  _17Next   0x000284    program     static /Users/mreiter/Desktop/AER201/botL.X/main.asm
                  _18Exit   0x0002a6    program     static /Users/mreiter/Desktop/AER201/botL.X/main.asm
                  _18Next   0x00029a    program     static /Users/mreiter/Desktop/AER201/botL.X/main.asm
                  _19Exit   0x0002bc    program     static /Users/mreiter/Desktop/AER201/botL.X/main.asm
                  _19Next   0x0002b0    program     static /Users/mreiter/Desktop/AER201/botL.X/main.asm
                  _20Exit   0x0002d2    program     static /Users/mreiter/Desktop/AER201/botL.X/main.asm
                  _20Next   0x0002c6    program     static /Users/mreiter/Desktop/AER201/botL.X/main.asm
                  _21Exit   0x0002e8    program     static /Users/mreiter/Desktop/AER201/botL.X/main.asm
                  _21Next   0x0002dc    program     static /Users/mreiter/Desktop/AER201/botL.X/main.asm
                  _22loop   0x0002f4    program     static /Users/mreiter/Desktop/AER201/botL.X/main.asm
                  _23loop   0x000306    program     static /Users/mreiter/Desktop/AER201/botL.X/main.asm
                  _24loop   0x00031a    program     static /Users/mreiter/Desktop/AER201/botL.X/main.asm
                  _25loop   0x00032c    program     static /Users/mreiter/Desktop/AER201/botL.X/main.asm
                  _26loop   0x00033e    program     static /Users/mreiter/Desktop/AER201/botL.X/main.asm
                  _27loop   0x000376    program     static /Users/mreiter/Desktop/AER201/botL.X/main.asm
                  _28loop   0x0003b2    program     static /Users/mreiter/Desktop/AER201/botL.X/main.asm
                  _29loop   0x000402    program     static /Users/mreiter/Desktop/AER201/botL.X/main.asm
                 _2endBCD   0x00007c    program     static /Users/mreiter/Desktop/AER201/botL.X/main.asm
                   _2ones   0x000076    program     static /Users/mreiter/Desktop/AER201/botL.X/main.asm
                  _30loop   0x0004b2    program     static /Users/mreiter/Desktop/AER201/botL.X/main.asm
                  _31loop   0x0004cc    program     static /Users/mreiter/Desktop/AER201/botL.X/main.asm
                  _32loop   0x000556    program     static /Users/mreiter/Desktop/AER201/botL.X/main.asm
                  _33loop   0x00057e    program     static /Users/mreiter/Desktop/AER201/botL.X/main.asm
                  _34Exit   0x0005b4    program     static /Users/mreiter/Desktop/AER201/botL.X/main.asm
                  _34Next   0x0005a8    program     static /Users/mreiter/Desktop/AER201/botL.X/main.asm
                  _35Exit   0x0005ca    program     static /Users/mreiter/Desktop/AER201/botL.X/main.asm
                  _35Next   0x0005be    program     static /Users/mreiter/Desktop/AER201/botL.X/main.asm
                  _36loop   0x0005ec    program     static /Users/mreiter/Desktop/AER201/botL.X/main.asm
                  _37Exit   0x000612    program     static /Users/mreiter/Desktop/AER201/botL.X/main.asm
                  _37Next   0x000606    program     static /Users/mreiter/Desktop/AER201/botL.X/main.asm
                  _38loop   0x00062c    program     static /Users/mreiter/Desktop/AER201/botL.X/main.asm
                  _39loop   0x00064a    program     static /Users/mreiter/Desktop/AER201/botL.X/main.asm
                 _3endBCD   0x0000ae    program     static /Users/mreiter/Desktop/AER201/botL.X/main.asm
                   _3ones   0x0000a8    program     static /Users/mreiter/Desktop/AER201/botL.X/main.asm
                  _40Exit   0x00066c    program     static /Users/mreiter/Desktop/AER201/botL.X/main.asm
                  _40Next   0x000660    program     static /Users/mreiter/Desktop/AER201/botL.X/main.asm
                  _41Exit   0x000682    program     static /Users/mreiter/Desktop/AER201/botL.X/main.asm
                  _41Next   0x000676    program     static /Users/mreiter/Desktop/AER201/botL.X/main.asm
                  _42Exit   0x000698    program     static /Users/mreiter/Desktop/AER201/botL.X/main.asm
                  _42Next   0x00068c    program     static /Users/mreiter/Desktop/AER201/botL.X/main.asm
                  _43Exit   0x0006ae    program     static /Users/mreiter/Desktop/AER201/botL.X/main.asm
                  _43Next   0x0006a2    program     static /Users/mreiter/Desktop/AER201/botL.X/main.asm
                  _44Exit   0x0006c4    program     static /Users/mreiter/Desktop/AER201/botL.X/main.asm
                  _44Next   0x0006b8    program     static /Users/mreiter/Desktop/AER201/botL.X/main.asm
                  _45Exit   0x0006da    program     static /Users/mreiter/Desktop/AER201/botL.X/main.asm
                  _45Next   0x0006ce    program     static /Users/mreiter/Desktop/AER201/botL.X/main.asm
                  _46Exit   0x0006f0    program     static /Users/mreiter/Desktop/AER201/botL.X/main.asm
                  _46Next   0x0006e4    program     static /Users/mreiter/Desktop/AER201/botL.X/main.asm
                  _47Exit   0x000706    program     static /Users/mreiter/Desktop/AER201/botL.X/main.asm
                  _47Next   0x0006fa    program     static /Users/mreiter/Desktop/AER201/botL.X/main.asm
                  _48Exit   0x00071c    program     static /Users/mreiter/Desktop/AER201/botL.X/main.asm
                  _48Next   0x000710    program     static /Users/mreiter/Desktop/AER201/botL.X/main.asm
                  _49Exit   0x000732    program     static /Users/mreiter/Desktop/AER201/botL.X/main.asm
                  _49Next   0x000726    program     static /Users/mreiter/Desktop/AER201/botL.X/main.asm
                  _50loop   0x00074a    program     static /Users/mreiter/Desktop/AER201/botL.X/main.asm
                  _53Exit   0x0007e2    program     static /Users/mreiter/Desktop/AER201/botL.X/main.asm
                  _53Next   0x0007d6    program     static /Users/mreiter/Desktop/AER201/botL.X/main.asm
                  _54Exit   0x0007f8    program     static /Users/mreiter/Desktop/AER201/botL.X/main.asm
                  _54Next   0x0007ec    program     static /Users/mreiter/Desktop/AER201/botL.X/main.asm
                  _55loop   0x000810    program     static /Users/mreiter/Desktop/AER201/botL.X/main.asm
                  _56Exit   0x00083e    program     static /Users/mreiter/Desktop/AER201/botL.X/main.asm
                  _56Next   0x000832    program     static /Users/mreiter/Desktop/AER201/botL.X/main.asm
                  _57loop   0x000858    program     static /Users/mreiter/Desktop/AER201/botL.X/main.asm
                  _58loop   0x000876    program     static /Users/mreiter/Desktop/AER201/botL.X/main.asm
                  _59Exit   0x0008a4    program     static /Users/mreiter/Desktop/AER201/botL.X/main.asm
                  _59Next   0x000898    program     static /Users/mreiter/Desktop/AER201/botL.X/main.asm
                  _60Exit   0x0008ba    program     static /Users/mreiter/Desktop/AER201/botL.X/main.asm
                  _60Next   0x0008ae    program     static /Users/mreiter/Desktop/AER201/botL.X/main.asm
                  _61loop   0x0008d4    program     static /Users/mreiter/Desktop/AER201/botL.X/main.asm
                  _93loop   0x000d50    program     static /Users/mreiter/Desktop/AER201/botL.X/main.asm
                  _94loop   0x000d5e    program     static /Users/mreiter/Desktop/AER201/botL.X/main.asm
                  _99loop   0x000eac    program     static /Users/mreiter/Desktop/AER201/botL.X/main.asm
                   _9loop   0x0001b0    program     static /Users/mreiter/Desktop/AER201/botL.X/main.asm
                  _waitl0   0x00139e    program     static /Users/mreiter/Desktop/AER201/botL.X/i2c_common.asm
                  _waitl1   0x001458    program     static /Users/mreiter/Desktop/AER201/botL.X/i2c_common.asm
                  _waitl2   0x001506    program     static /Users/mreiter/Desktop/AER201/botL.X/i2c_common.asm
                       d2   0x0012e0    program     static /Users/mreiter/Desktop/AER201/botL.X/lcd.asm
                del_loop0   0x000c80    program     static /Users/mreiter/Desktop/AER201/botL.X/main.asm
                delay44us   0x0012c4    program     extern /Users/mreiter/Desktop/AER201/botL.X/lcd.asm
                 delay5ms   0x0012d0    program     extern /Users/mreiter/Desktop/AER201/botL.X/lcd.asm
               displayNum   0x000770    program     static /Users/mreiter/Desktop/AER201/botL.X/main.asm
         i2c_common_setup   0x0012e6    program     extern /Users/mreiter/Desktop/AER201/botL.X/i2c_common.asm
             lcdLongDelay   0x0012ae    program     static /Users/mreiter/Desktop/AER201/botL.X/lcd.asm
                loop200us   0x000d94    program     static /Users/mreiter/Desktop/AER201/botL.X/main.asm
                 loop50ms   0x000da2    program     static /Users/mreiter/Desktop/AER201/botL.X/main.asm
                  loop5us   0x000d86    program     static /Users/mreiter/Desktop/AER201/botL.X/main.asm
                 read_rtc   0x00134c    program     extern /Users/mreiter/Desktop/AER201/botL.X/i2c_common.asm
              rtc_convert   0x0013ae    program     extern /Users/mreiter/Desktop/AER201/botL.X/i2c_common.asm
                write_rtc   0x001308    program     extern /Users/mreiter/Desktop/AER201/botL.X/i2c_common.asm
           convert_buffer   0x000065       data     extern /Users/mreiter/Desktop/AER201/botL.X/i2c_common.asm
                 databyte   0x000061       data     extern /Users/mreiter/Desktop/AER201/botL.X/i2c_common.asm
                 datachar   0x000062       data     extern /Users/mreiter/Desktop/AER201/botL.X/i2c_common.asm
               ones_digit   0x000064       data     extern /Users/mreiter/Desktop/AER201/botL.X/i2c_common.asm
               regaddress   0x000060       data     extern /Users/mreiter/Desktop/AER201/botL.X/i2c_common.asm
               tens_digit   0x000063       data     extern /Users/mreiter/Desktop/AER201/botL.X/i2c_common.asm



                              Symbols - Sorted by Address
                     Name    Address   Location    Storage File                     
                ---------  ---------  ---------  --------- ---------                
        LOAD_STANDBY_TIME   0x00001c    program     static /Users/mreiter/Desktop/AER201/botL.X/main.asm
            LOAD_EXE_TIME   0x000026    program     static /Users/mreiter/Desktop/AER201/botL.X/main.asm
                 ISR_HIGH   0x000030    program     static /Users/mreiter/Desktop/AER201/botL.X/main.asm
                   _2ones   0x000076    program     static /Users/mreiter/Desktop/AER201/botL.X/main.asm
                 _2endBCD   0x00007c    program     static /Users/mreiter/Desktop/AER201/botL.X/main.asm
                   _3ones   0x0000a8    program     static /Users/mreiter/Desktop/AER201/botL.X/main.asm
                 _3endBCD   0x0000ae    program     static /Users/mreiter/Desktop/AER201/botL.X/main.asm
             END_ISR_HIGH   0x0000b0    program     static /Users/mreiter/Desktop/AER201/botL.X/main.asm
                  ISR_LOW   0x0000ba    program     static /Users/mreiter/Desktop/AER201/botL.X/main.asm
              END_ISR_LOW   0x0000fc    program     static /Users/mreiter/Desktop/AER201/botL.X/main.asm
                     INIT   0x000106    program     static /Users/mreiter/Desktop/AER201/botL.X/main.asm
                   _9loop   0x0001b0    program     static /Users/mreiter/Desktop/AER201/botL.X/main.asm
                  _10loop   0x0001ce    program     static /Users/mreiter/Desktop/AER201/botL.X/main.asm
                  _11loop   0x0001dc    program     static /Users/mreiter/Desktop/AER201/botL.X/main.asm
                  STANDBY   0x0001e6    program     static /Users/mreiter/Desktop/AER201/botL.X/main.asm
                  _12loop   0x000204    program     static /Users/mreiter/Desktop/AER201/botL.X/main.asm
                  _13loop   0x000222    program     static /Users/mreiter/Desktop/AER201/botL.X/main.asm
             HOLD_STANDBY   0x000236    program     static /Users/mreiter/Desktop/AER201/botL.X/main.asm
                  _14Next   0x000242    program     static /Users/mreiter/Desktop/AER201/botL.X/main.asm
                  _14Exit   0x00024e    program     static /Users/mreiter/Desktop/AER201/botL.X/main.asm
                  _15Next   0x000258    program     static /Users/mreiter/Desktop/AER201/botL.X/main.asm
                  _15Exit   0x000264    program     static /Users/mreiter/Desktop/AER201/botL.X/main.asm
                  _16Next   0x00026e    program     static /Users/mreiter/Desktop/AER201/botL.X/main.asm
                  _16Exit   0x00027a    program     static /Users/mreiter/Desktop/AER201/botL.X/main.asm
                  _17Next   0x000284    program     static /Users/mreiter/Desktop/AER201/botL.X/main.asm
                  _17Exit   0x000290    program     static /Users/mreiter/Desktop/AER201/botL.X/main.asm
                  _18Next   0x00029a    program     static /Users/mreiter/Desktop/AER201/botL.X/main.asm
                  _18Exit   0x0002a6    program     static /Users/mreiter/Desktop/AER201/botL.X/main.asm
                  _19Next   0x0002b0    program     static /Users/mreiter/Desktop/AER201/botL.X/main.asm
                  _19Exit   0x0002bc    program     static /Users/mreiter/Desktop/AER201/botL.X/main.asm
                  _20Next   0x0002c6    program     static /Users/mreiter/Desktop/AER201/botL.X/main.asm
                  _20Exit   0x0002d2    program     static /Users/mreiter/Desktop/AER201/botL.X/main.asm
                  _21Next   0x0002dc    program     static /Users/mreiter/Desktop/AER201/botL.X/main.asm
                  _21Exit   0x0002e8    program     static /Users/mreiter/Desktop/AER201/botL.X/main.asm
               DC_TEST_CW   0x0002ec    program     static /Users/mreiter/Desktop/AER201/botL.X/main.asm
                  _22loop   0x0002f4    program     static /Users/mreiter/Desktop/AER201/botL.X/main.asm
          DC_TEST_CW_HOLD   0x0002fe    program     static /Users/mreiter/Desktop/AER201/botL.X/main.asm
                  _23loop   0x000306    program     static /Users/mreiter/Desktop/AER201/botL.X/main.asm
              DC_TEST_CCW   0x000312    program     static /Users/mreiter/Desktop/AER201/botL.X/main.asm
                  _24loop   0x00031a    program     static /Users/mreiter/Desktop/AER201/botL.X/main.asm
         DC_TEST_CCW_HOLD   0x000324    program     static /Users/mreiter/Desktop/AER201/botL.X/main.asm
                  _25loop   0x00032c    program     static /Users/mreiter/Desktop/AER201/botL.X/main.asm
                STEP_TEST   0x000338    program     static /Users/mreiter/Desktop/AER201/botL.X/main.asm
                  _26loop   0x00033e    program     static /Users/mreiter/Desktop/AER201/botL.X/main.asm
           ROTATE_90_TEST   0x000348    program     static /Users/mreiter/Desktop/AER201/botL.X/main.asm
              COLOUR_TEST   0x000372    program     static /Users/mreiter/Desktop/AER201/botL.X/main.asm
                  LOOPING   0x000372    program     static /Users/mreiter/Desktop/AER201/botL.X/main.asm
                  _27loop   0x000376    program     static /Users/mreiter/Desktop/AER201/botL.X/main.asm
                EXECUTION   0x000390    program     static /Users/mreiter/Desktop/AER201/botL.X/main.asm
                  _28loop   0x0003b2    program     static /Users/mreiter/Desktop/AER201/botL.X/main.asm
         COLLECTIONS_STEP   0x0003e2    program     static /Users/mreiter/Desktop/AER201/botL.X/main.asm
                ROTATE_90   0x0003e4    program     static /Users/mreiter/Desktop/AER201/botL.X/main.asm
               DETECTIONS   0x0003fe    program     static /Users/mreiter/Desktop/AER201/botL.X/main.asm
                  _29loop   0x000402    program     static /Users/mreiter/Desktop/AER201/botL.X/main.asm
             INC_YOPNOCAP   0x000434    program     static /Users/mreiter/Desktop/AER201/botL.X/main.asm
               INC_YOPCAP   0x000450    program     static /Users/mreiter/Desktop/AER201/botL.X/main.asm
            INC_ESKANOCAP   0x00046c    program     static /Users/mreiter/Desktop/AER201/botL.X/main.asm
              INC_ESKACAP   0x000488    program     static /Users/mreiter/Desktop/AER201/botL.X/main.asm
             TRAY_STEP_CW   0x0004a4    program     static /Users/mreiter/Desktop/AER201/botL.X/main.asm
             TRAY_CW_HOLD   0x0004aa    program     static /Users/mreiter/Desktop/AER201/botL.X/main.asm
                  _30loop   0x0004b2    program     static /Users/mreiter/Desktop/AER201/botL.X/main.asm
            TRAY_STEP_CCW   0x0004be    program     static /Users/mreiter/Desktop/AER201/botL.X/main.asm
            TRAY_CCW_HOLD   0x0004c4    program     static /Users/mreiter/Desktop/AER201/botL.X/main.asm
                  _31loop   0x0004cc    program     static /Users/mreiter/Desktop/AER201/botL.X/main.asm
            TRAY_STEP_END   0x0004d8    program     static /Users/mreiter/Desktop/AER201/botL.X/main.asm
               CHECK_DONE   0x0004e0    program     static /Users/mreiter/Desktop/AER201/botL.X/main.asm
                 EXIT_EXE   0x00053a    program     static /Users/mreiter/Desktop/AER201/botL.X/main.asm
                  _32loop   0x000556    program     static /Users/mreiter/Desktop/AER201/botL.X/main.asm
                      LOG   0x000568    program     static /Users/mreiter/Desktop/AER201/botL.X/main.asm
                  _33loop   0x00057e    program     static /Users/mreiter/Desktop/AER201/botL.X/main.asm
                 HOLD_LOG   0x00059c    program     static /Users/mreiter/Desktop/AER201/botL.X/main.asm
                  _34Next   0x0005a8    program     static /Users/mreiter/Desktop/AER201/botL.X/main.asm
                  _34Exit   0x0005b4    program     static /Users/mreiter/Desktop/AER201/botL.X/main.asm
                  _35Next   0x0005be    program     static /Users/mreiter/Desktop/AER201/botL.X/main.asm
                  _35Exit   0x0005ca    program     static /Users/mreiter/Desktop/AER201/botL.X/main.asm
                 LOG_INFO   0x0005ce    program     static /Users/mreiter/Desktop/AER201/botL.X/main.asm
                  _36loop   0x0005ec    program     static /Users/mreiter/Desktop/AER201/botL.X/main.asm
            HOLD_LOG_INFO   0x0005fa    program     static /Users/mreiter/Desktop/AER201/botL.X/main.asm
                  _37Next   0x000606    program     static /Users/mreiter/Desktop/AER201/botL.X/main.asm
                  _37Exit   0x000612    program     static /Users/mreiter/Desktop/AER201/botL.X/main.asm
                 PERM_LOG   0x000616    program     static /Users/mreiter/Desktop/AER201/botL.X/main.asm
                  _38loop   0x00062c    program     static /Users/mreiter/Desktop/AER201/botL.X/main.asm
                  _39loop   0x00064a    program     static /Users/mreiter/Desktop/AER201/botL.X/main.asm
            HOLD_PERM_LOG   0x000654    program     static /Users/mreiter/Desktop/AER201/botL.X/main.asm
                  _40Next   0x000660    program     static /Users/mreiter/Desktop/AER201/botL.X/main.asm
                  _40Exit   0x00066c    program     static /Users/mreiter/Desktop/AER201/botL.X/main.asm
                  _41Next   0x000676    program     static /Users/mreiter/Desktop/AER201/botL.X/main.asm
                  _41Exit   0x000682    program     static /Users/mreiter/Desktop/AER201/botL.X/main.asm
                  _42Next   0x00068c    program     static /Users/mreiter/Desktop/AER201/botL.X/main.asm
                  _42Exit   0x000698    program     static /Users/mreiter/Desktop/AER201/botL.X/main.asm
                  _43Next   0x0006a2    program     static /Users/mreiter/Desktop/AER201/botL.X/main.asm
                  _43Exit   0x0006ae    program     static /Users/mreiter/Desktop/AER201/botL.X/main.asm
                  _44Next   0x0006b8    program     static /Users/mreiter/Desktop/AER201/botL.X/main.asm
                  _44Exit   0x0006c4    program     static /Users/mreiter/Desktop/AER201/botL.X/main.asm
                  _45Next   0x0006ce    program     static /Users/mreiter/Desktop/AER201/botL.X/main.asm
                  _45Exit   0x0006da    program     static /Users/mreiter/Desktop/AER201/botL.X/main.asm
                  _46Next   0x0006e4    program     static /Users/mreiter/Desktop/AER201/botL.X/main.asm
                  _46Exit   0x0006f0    program     static /Users/mreiter/Desktop/AER201/botL.X/main.asm
                  _47Next   0x0006fa    program     static /Users/mreiter/Desktop/AER201/botL.X/main.asm
                  _47Exit   0x000706    program     static /Users/mreiter/Desktop/AER201/botL.X/main.asm
                  _48Next   0x000710    program     static /Users/mreiter/Desktop/AER201/botL.X/main.asm
                  _48Exit   0x00071c    program     static /Users/mreiter/Desktop/AER201/botL.X/main.asm
                  _49Next   0x000726    program     static /Users/mreiter/Desktop/AER201/botL.X/main.asm
                  _49Exit   0x000732    program     static /Users/mreiter/Desktop/AER201/botL.X/main.asm
                     PLOG   0x000736    program     static /Users/mreiter/Desktop/AER201/botL.X/main.asm
                  _50loop   0x00074a    program     static /Users/mreiter/Desktop/AER201/botL.X/main.asm
               displayNum   0x000770    program     static /Users/mreiter/Desktop/AER201/botL.X/main.asm
                HOLD_PLOG   0x0007ca    program     static /Users/mreiter/Desktop/AER201/botL.X/main.asm
                  _53Next   0x0007d6    program     static /Users/mreiter/Desktop/AER201/botL.X/main.asm
                  _53Exit   0x0007e2    program     static /Users/mreiter/Desktop/AER201/botL.X/main.asm
                  _54Next   0x0007ec    program     static /Users/mreiter/Desktop/AER201/botL.X/main.asm
                  _54Exit   0x0007f8    program     static /Users/mreiter/Desktop/AER201/botL.X/main.asm
             PLOG_DETAILS   0x0007fc    program     static /Users/mreiter/Desktop/AER201/botL.X/main.asm
                  _55loop   0x000810    program     static /Users/mreiter/Desktop/AER201/botL.X/main.asm
        HOLD_PLOG_DETAILS   0x000826    program     static /Users/mreiter/Desktop/AER201/botL.X/main.asm
                  _56Next   0x000832    program     static /Users/mreiter/Desktop/AER201/botL.X/main.asm
                  _56Exit   0x00083e    program     static /Users/mreiter/Desktop/AER201/botL.X/main.asm
                  PC_MODE   0x000842    program     static /Users/mreiter/Desktop/AER201/botL.X/main.asm
                  _57loop   0x000858    program     static /Users/mreiter/Desktop/AER201/botL.X/main.asm
                  _58loop   0x000876    program     static /Users/mreiter/Desktop/AER201/botL.X/main.asm
                  HOLD_PC   0x00088c    program     static /Users/mreiter/Desktop/AER201/botL.X/main.asm
                  _59Next   0x000898    program     static /Users/mreiter/Desktop/AER201/botL.X/main.asm
                  _59Exit   0x0008a4    program     static /Users/mreiter/Desktop/AER201/botL.X/main.asm
                  _60Next   0x0008ae    program     static /Users/mreiter/Desktop/AER201/botL.X/main.asm
                  _60Exit   0x0008ba    program     static /Users/mreiter/Desktop/AER201/botL.X/main.asm
              PC_TRANSFER   0x0008be    program     static /Users/mreiter/Desktop/AER201/botL.X/main.asm
                  _61loop   0x0008d4    program     static /Users/mreiter/Desktop/AER201/botL.X/main.asm
                 SaveData   0x0008e8    program     static /Users/mreiter/Desktop/AER201/botL.X/main.asm
             _.org_2_08FC   0x0008fc    program     static /Users/mreiter/Desktop/AER201/botL.X/main.asm
             _.org_2_0914   0x000914    program     static /Users/mreiter/Desktop/AER201/botL.X/main.asm
             _.org_2_0930   0x000930    program     static /Users/mreiter/Desktop/AER201/botL.X/main.asm
             _.org_2_0948   0x000948    program     static /Users/mreiter/Desktop/AER201/botL.X/main.asm
             _.org_2_0964   0x000964    program     static /Users/mreiter/Desktop/AER201/botL.X/main.asm
             _.org_2_097C   0x00097c    program     static /Users/mreiter/Desktop/AER201/botL.X/main.asm
             _.org_2_0998   0x000998    program     static /Users/mreiter/Desktop/AER201/botL.X/main.asm
             _.org_2_09B0   0x0009b0    program     static /Users/mreiter/Desktop/AER201/botL.X/main.asm
             _.org_2_09CC   0x0009cc    program     static /Users/mreiter/Desktop/AER201/botL.X/main.asm
             _.org_2_09E4   0x0009e4    program     static /Users/mreiter/Desktop/AER201/botL.X/main.asm
                ShiftLoop   0x000a00    program     static /Users/mreiter/Desktop/AER201/botL.X/main.asm
             _.org_2_0A26   0x000a26    program     static /Users/mreiter/Desktop/AER201/botL.X/main.asm
             _.org_2_0A3E   0x000a3e    program     static /Users/mreiter/Desktop/AER201/botL.X/main.asm
                 RTC_INIT   0x000a66    program     static /Users/mreiter/Desktop/AER201/botL.X/main.asm
                SAVE_TIME   0x000a74    program     static /Users/mreiter/Desktop/AER201/botL.X/main.asm
            SAVE_EXE_TIME   0x000aea    program     static /Users/mreiter/Desktop/AER201/botL.X/main.asm
             _.org_2_0B06   0x000b06    program     static /Users/mreiter/Desktop/AER201/botL.X/main.asm
             _.org_2_0B1E   0x000b1e    program     static /Users/mreiter/Desktop/AER201/botL.X/main.asm
             _.org_2_0B42   0x000b42    program     static /Users/mreiter/Desktop/AER201/botL.X/main.asm
             _.org_2_0B5A   0x000b5a    program     static /Users/mreiter/Desktop/AER201/botL.X/main.asm
             _.org_2_0B7E   0x000b7e    program     static /Users/mreiter/Desktop/AER201/botL.X/main.asm
             _.org_2_0B96   0x000b96    program     static /Users/mreiter/Desktop/AER201/botL.X/main.asm
              DISPLAY_RTC   0x000ba0    program     static /Users/mreiter/Desktop/AER201/botL.X/main.asm
                 SET_TIME   0x000c7a    program     static /Users/mreiter/Desktop/AER201/botL.X/main.asm
                del_loop0   0x000c80    program     static /Users/mreiter/Desktop/AER201/botL.X/main.asm
               INIT_USART   0x000ce2    program     static /Users/mreiter/Desktop/AER201/botL.X/main.asm
                DataUSART   0x000cf6    program     static /Users/mreiter/Desktop/AER201/botL.X/main.asm
            TRANSFER_LOGS   0x000d06    program     static /Users/mreiter/Desktop/AER201/botL.X/main.asm
            TRANSFER_DATA   0x000d10    program     static /Users/mreiter/Desktop/AER201/botL.X/main.asm
                  _93loop   0x000d50    program     static /Users/mreiter/Desktop/AER201/botL.X/main.asm
                  _94loop   0x000d5e    program     static /Users/mreiter/Desktop/AER201/botL.X/main.asm
               USART_WAIT   0x000d6a    program     static /Users/mreiter/Desktop/AER201/botL.X/main.asm
             _.org_2_0D6E   0x000d6e    program     static /Users/mreiter/Desktop/AER201/botL.X/main.asm
               USART_LINE   0x000d74    program     static /Users/mreiter/Desktop/AER201/botL.X/main.asm
                 Delay5us   0x000d82    program     static /Users/mreiter/Desktop/AER201/botL.X/main.asm
                  loop5us   0x000d86    program     static /Users/mreiter/Desktop/AER201/botL.X/main.asm
               Delay200us   0x000d90    program     static /Users/mreiter/Desktop/AER201/botL.X/main.asm
                loop200us   0x000d94    program     static /Users/mreiter/Desktop/AER201/botL.X/main.asm
                Delay50ms   0x000d9e    program     static /Users/mreiter/Desktop/AER201/botL.X/main.asm
                 loop50ms   0x000da2    program     static /Users/mreiter/Desktop/AER201/botL.X/main.asm
                   Cycles   0x000da8    program     static /Users/mreiter/Desktop/AER201/botL.X/main.asm
              WriteEE_RTC   0x000db2    program     static /Users/mreiter/Desktop/AER201/botL.X/main.asm
             _.org_2_0DC0   0x000dc0    program     static /Users/mreiter/Desktop/AER201/botL.X/main.asm
             _.org_2_0DD8   0x000dd8    program     static /Users/mreiter/Desktop/AER201/botL.X/main.asm
             _.org_2_0DEE   0x000dee    program     static /Users/mreiter/Desktop/AER201/botL.X/main.asm
             _.org_2_0E06   0x000e06    program     static /Users/mreiter/Desktop/AER201/botL.X/main.asm
           ClearEEPROM_21   0x000e10    program     static /Users/mreiter/Desktop/AER201/botL.X/main.asm
                ClearNext   0x000e18    program     static /Users/mreiter/Desktop/AER201/botL.X/main.asm
             _.org_2_0E26   0x000e26    program     static /Users/mreiter/Desktop/AER201/botL.X/main.asm
             _.org_2_0E3E   0x000e3e    program     static /Users/mreiter/Desktop/AER201/botL.X/main.asm
                 READ_KEY   0x000e56    program     static /Users/mreiter/Desktop/AER201/botL.X/main.asm
             _.org_2_0E64   0x000e64    program     static /Users/mreiter/Desktop/AER201/botL.X/main.asm
            READ_KEY_TIME   0x000e6a    program     static /Users/mreiter/Desktop/AER201/botL.X/main.asm
             _.org_2_0E7C   0x000e7c    program     static /Users/mreiter/Desktop/AER201/botL.X/main.asm
           DisplayExeTime   0x000e82    program     static /Users/mreiter/Desktop/AER201/botL.X/main.asm
                  _99loop   0x000eac    program     static /Users/mreiter/Desktop/AER201/botL.X/main.asm
        NoSkipDispExeTime   0x000ec0    program     static /Users/mreiter/Desktop/AER201/botL.X/main.asm
          SkipDispExeTime   0x000f12    program     static /Users/mreiter/Desktop/AER201/botL.X/main.asm
               DispOpSort   0x000f14    program     static /Users/mreiter/Desktop/AER201/botL.X/main.asm
                 _104loop   0x000f3e    program     static /Users/mreiter/Desktop/AER201/botL.X/main.asm
         NoSkipDispOpSort   0x000f50    program     static /Users/mreiter/Desktop/AER201/botL.X/main.asm
           SkipDispOpSort   0x000fea    program     static /Users/mreiter/Desktop/AER201/botL.X/main.asm
                DispOpRTC   0x000fec    program     static /Users/mreiter/Desktop/AER201/botL.X/main.asm
                 _110loop   0x001016    program     static /Users/mreiter/Desktop/AER201/botL.X/main.asm
          NoSkipDispOpRTC   0x001028    program     static /Users/mreiter/Desktop/AER201/botL.X/main.asm
            SkipDispOpRTC   0x001088    program     static /Users/mreiter/Desktop/AER201/botL.X/main.asm
         DispOpRTC_Helper   0x00108a    program     static /Users/mreiter/Desktop/AER201/botL.X/main.asm
                  Welcome   0x0010c4    program     static /Users/mreiter/Desktop/AER201/botL.X/main.asm
                     Team   0x0010ca    program     static /Users/mreiter/Desktop/AER201/botL.X/main.asm
                  StandBy   0x0010d4    program     static /Users/mreiter/Desktop/AER201/botL.X/main.asm
              StandbyInfo   0x0010fc    program     static /Users/mreiter/Desktop/AER201/botL.X/main.asm
                     Log1   0x001124    program     static /Users/mreiter/Desktop/AER201/botL.X/main.asm
                     Log2   0x00112a    program     static /Users/mreiter/Desktop/AER201/botL.X/main.asm
                 LogInfo1   0x001138    program     static /Users/mreiter/Desktop/AER201/botL.X/main.asm
                 LogInfo2   0x001140    program     static /Users/mreiter/Desktop/AER201/botL.X/main.asm
                 PermLog1   0x00114a    program     static /Users/mreiter/Desktop/AER201/botL.X/main.asm
                 PermLog2   0x00115a    program     static /Users/mreiter/Desktop/AER201/botL.X/main.asm
                     Exe1   0x001166    program     static /Users/mreiter/Desktop/AER201/botL.X/main.asm
                     Exe2   0x001172    program     static /Users/mreiter/Desktop/AER201/botL.X/main.asm
                      PC1   0x00117a    program     static /Users/mreiter/Desktop/AER201/botL.X/main.asm
                      PC2   0x001188    program     static /Users/mreiter/Desktop/AER201/botL.X/main.asm
               PCTransfer   0x001192    program     static /Users/mreiter/Desktop/AER201/botL.X/main.asm
               PCComplete   0x0011a2    program     static /Users/mreiter/Desktop/AER201/botL.X/main.asm
                     SAVE   0x0011ac    program     static /Users/mreiter/Desktop/AER201/botL.X/main.asm
                   NoData   0x0011b6    program     static /Users/mreiter/Desktop/AER201/botL.X/main.asm
                  InitLCD   0x0011ba    program     extern /Users/mreiter/Desktop/AER201/botL.X/lcd.asm
                   WR_INS   0x001212    program     extern /Users/mreiter/Desktop/AER201/botL.X/lcd.asm
                  WR_DATA   0x00122e    program     extern /Users/mreiter/Desktop/AER201/botL.X/lcd.asm
                   WrtLCD   0x001252    program     extern /Users/mreiter/Desktop/AER201/botL.X/lcd.asm
                   ClrLCD   0x001268    program     extern /Users/mreiter/Desktop/AER201/botL.X/lcd.asm
                   ClkLCD   0x001276    program     extern /Users/mreiter/Desktop/AER201/botL.X/lcd.asm
              _.code_00C8   0x001282    program     static /Users/mreiter/Desktop/AER201/botL.X/lcd.asm
                    Shift   0x001288    program     extern /Users/mreiter/Desktop/AER201/botL.X/lcd.asm
                   LCD_L1   0x001294    program     extern /Users/mreiter/Desktop/AER201/botL.X/lcd.asm
                   LCD_L2   0x00129c    program     extern /Users/mreiter/Desktop/AER201/botL.X/lcd.asm
                   MovMSB   0x0012a4    program     static /Users/mreiter/Desktop/AER201/botL.X/lcd.asm
             lcdLongDelay   0x0012ae    program     static /Users/mreiter/Desktop/AER201/botL.X/lcd.asm
                 LLD_LOOP   0x0012b2    program     static /Users/mreiter/Desktop/AER201/botL.X/lcd.asm
              _.code_00FE   0x0012b8    program     static /Users/mreiter/Desktop/AER201/botL.X/lcd.asm
                delay44us   0x0012c4    program     extern /Users/mreiter/Desktop/AER201/botL.X/lcd.asm
            Delay44usLoop   0x0012c8    program     static /Users/mreiter/Desktop/AER201/botL.X/lcd.asm
                 delay5ms   0x0012d0    program     extern /Users/mreiter/Desktop/AER201/botL.X/lcd.asm
             Delay5msLoop   0x0012d8    program     static /Users/mreiter/Desktop/AER201/botL.X/lcd.asm
                       d2   0x0012e0    program     static /Users/mreiter/Desktop/AER201/botL.X/lcd.asm
         i2c_common_setup   0x0012e6    program     extern /Users/mreiter/Desktop/AER201/botL.X/i2c_common.asm
              _.code_001C   0x001302    program     static /Users/mreiter/Desktop/AER201/botL.X/i2c_common.asm
                write_rtc   0x001308    program     extern /Users/mreiter/Desktop/AER201/botL.X/i2c_common.asm
              _.code_002A   0x001310    program     static /Users/mreiter/Desktop/AER201/botL.X/i2c_common.asm
              _.code_0032   0x001318    program     static /Users/mreiter/Desktop/AER201/botL.X/i2c_common.asm
              _.code_0038   0x00131e    program     static /Users/mreiter/Desktop/AER201/botL.X/i2c_common.asm
              _.code_0042   0x001328    program     static /Users/mreiter/Desktop/AER201/botL.X/i2c_common.asm
              _.code_0048   0x00132e    program     static /Users/mreiter/Desktop/AER201/botL.X/i2c_common.asm
              _.code_0052   0x001338    program     static /Users/mreiter/Desktop/AER201/botL.X/i2c_common.asm
              _.code_0058   0x00133e    program     static /Users/mreiter/Desktop/AER201/botL.X/i2c_common.asm
              _.code_0060   0x001346    program     static /Users/mreiter/Desktop/AER201/botL.X/i2c_common.asm
                 read_rtc   0x00134c    program     extern /Users/mreiter/Desktop/AER201/botL.X/i2c_common.asm
              _.code_006E   0x001354    program     static /Users/mreiter/Desktop/AER201/botL.X/i2c_common.asm
              _.code_0076   0x00135c    program     static /Users/mreiter/Desktop/AER201/botL.X/i2c_common.asm
              _.code_007C   0x001362    program     static /Users/mreiter/Desktop/AER201/botL.X/i2c_common.asm
              _.code_0086   0x00136c    program     static /Users/mreiter/Desktop/AER201/botL.X/i2c_common.asm
              _.code_008C   0x001372    program     static /Users/mreiter/Desktop/AER201/botL.X/i2c_common.asm
              _.code_0094   0x00137a    program     static /Users/mreiter/Desktop/AER201/botL.X/i2c_common.asm
              _.code_009C   0x001382    program     static /Users/mreiter/Desktop/AER201/botL.X/i2c_common.asm
              _.code_00A2   0x001388    program     static /Users/mreiter/Desktop/AER201/botL.X/i2c_common.asm
              _.code_00AA   0x001390    program     static /Users/mreiter/Desktop/AER201/botL.X/i2c_common.asm
                  _waitl0   0x00139e    program     static /Users/mreiter/Desktop/AER201/botL.X/i2c_common.asm
              _.code_00C2   0x0013a8    program     static /Users/mreiter/Desktop/AER201/botL.X/i2c_common.asm
              rtc_convert   0x0013ae    program     extern /Users/mreiter/Desktop/AER201/botL.X/i2c_common.asm
                 INIT_RTC   0x0013c4    program     extern /Users/mreiter/Desktop/AER201/botL.X/i2c_common.asm
              _.code_00E6   0x0013cc    program     static /Users/mreiter/Desktop/AER201/botL.X/i2c_common.asm
              _.code_00EE   0x0013d4    program     static /Users/mreiter/Desktop/AER201/botL.X/i2c_common.asm
              _.code_00F4   0x0013da    program     static /Users/mreiter/Desktop/AER201/botL.X/i2c_common.asm
              _.code_00FC   0x0013e2    program     static /Users/mreiter/Desktop/AER201/botL.X/i2c_common.asm
              _.code_0102   0x0013e8    program     static /Users/mreiter/Desktop/AER201/botL.X/i2c_common.asm
              _.code_010A   0x0013f0    program     static /Users/mreiter/Desktop/AER201/botL.X/i2c_common.asm
              _.code_0110   0x0013f6    program     static /Users/mreiter/Desktop/AER201/botL.X/i2c_common.asm
              _.code_0118   0x0013fe    program     static /Users/mreiter/Desktop/AER201/botL.X/i2c_common.asm
          READ_COLOUR_I2C   0x001404    program     extern /Users/mreiter/Desktop/AER201/botL.X/i2c_common.asm
              _.code_0126   0x00140c    program     static /Users/mreiter/Desktop/AER201/botL.X/i2c_common.asm
              _.code_012E   0x001414    program     static /Users/mreiter/Desktop/AER201/botL.X/i2c_common.asm
              _.code_0134   0x00141a    program     static /Users/mreiter/Desktop/AER201/botL.X/i2c_common.asm
              _.code_0140   0x001426    program     static /Users/mreiter/Desktop/AER201/botL.X/i2c_common.asm
              _.code_0146   0x00142c    program     static /Users/mreiter/Desktop/AER201/botL.X/i2c_common.asm
              _.code_014E   0x001434    program     static /Users/mreiter/Desktop/AER201/botL.X/i2c_common.asm
              _.code_0156   0x00143c    program     static /Users/mreiter/Desktop/AER201/botL.X/i2c_common.asm
              _.code_015C   0x001442    program     static /Users/mreiter/Desktop/AER201/botL.X/i2c_common.asm
              _.code_0164   0x00144a    program     static /Users/mreiter/Desktop/AER201/botL.X/i2c_common.asm
                  _waitl1   0x001458    program     static /Users/mreiter/Desktop/AER201/botL.X/i2c_common.asm
              _.code_017C   0x001462    program     static /Users/mreiter/Desktop/AER201/botL.X/i2c_common.asm
         WRITE_COLOUR_I2C   0x001468    program     extern /Users/mreiter/Desktop/AER201/botL.X/i2c_common.asm
              _.code_018A   0x001470    program     static /Users/mreiter/Desktop/AER201/botL.X/i2c_common.asm
              _.code_0192   0x001478    program     static /Users/mreiter/Desktop/AER201/botL.X/i2c_common.asm
              _.code_0198   0x00147e    program     static /Users/mreiter/Desktop/AER201/botL.X/i2c_common.asm
              _.code_01A4   0x00148a    program     static /Users/mreiter/Desktop/AER201/botL.X/i2c_common.asm
              _.code_01AA   0x001490    program     static /Users/mreiter/Desktop/AER201/botL.X/i2c_common.asm
              _.code_01B6   0x00149c    program     static /Users/mreiter/Desktop/AER201/botL.X/i2c_common.asm
              _.code_01BC   0x0014a2    program     static /Users/mreiter/Desktop/AER201/botL.X/i2c_common.asm
              _.code_01C4   0x0014aa    program     static /Users/mreiter/Desktop/AER201/botL.X/i2c_common.asm
             INIT_ARDUINO   0x0014b0    program     extern /Users/mreiter/Desktop/AER201/botL.X/i2c_common.asm
              _.code_01D2   0x0014b8    program     static /Users/mreiter/Desktop/AER201/botL.X/i2c_common.asm
              _.code_01DA   0x0014c0    program     static /Users/mreiter/Desktop/AER201/botL.X/i2c_common.asm
              _.code_01E0   0x0014c6    program     static /Users/mreiter/Desktop/AER201/botL.X/i2c_common.asm
              _.code_01E8   0x0014ce    program     static /Users/mreiter/Desktop/AER201/botL.X/i2c_common.asm
             READ_ARDUINO   0x0014d4    program     extern /Users/mreiter/Desktop/AER201/botL.X/i2c_common.asm
              _.code_01F6   0x0014dc    program     static /Users/mreiter/Desktop/AER201/botL.X/i2c_common.asm
              _.code_01FE   0x0014e4    program     static /Users/mreiter/Desktop/AER201/botL.X/i2c_common.asm
              _.code_0206   0x0014ec    program     static /Users/mreiter/Desktop/AER201/botL.X/i2c_common.asm
              _.code_020C   0x0014f2    program     static /Users/mreiter/Desktop/AER201/botL.X/i2c_common.asm
              _.code_0214   0x0014fa    program     static /Users/mreiter/Desktop/AER201/botL.X/i2c_common.asm
                  _waitl2   0x001506    program     static /Users/mreiter/Desktop/AER201/botL.X/i2c_common.asm
              _.code_022A   0x001510    program     static /Users/mreiter/Desktop/AER201/botL.X/i2c_common.asm
                CHECK_ACK   0x001516    program     extern /Users/mreiter/Desktop/AER201/botL.X/i2c.asm
                 I2C_temp   0x001516    program     static /Users/mreiter/Desktop/AER201/botL.X/i2c.asm
                I2C_ACKDT   0x001516    program     extern /Users/mreiter/Desktop/AER201/botL.X/i2c.asm
               CHECK_NACK   0x00151a    program     extern /Users/mreiter/Desktop/AER201/botL.X/i2c.asm
                TEST_NACK   0x00151e    program     static /Users/mreiter/Desktop/AER201/botL.X/i2c.asm
          I2C_Master_INIT   0x001526    program     extern /Users/mreiter/Desktop/AER201/botL.X/i2c.asm
                     WAIT   0x001538    program     static /Users/mreiter/Desktop/AER201/botL.X/i2c.asm
          I2C_Master_WAIT   0x001538    program     extern /Users/mreiter/Desktop/AER201/botL.X/i2c.asm
         I2C_Master_START   0x001548    program     extern /Users/mreiter/Desktop/AER201/botL.X/i2c.asm
        I2C_Master_RSTART   0x001550    program     extern /Users/mreiter/Desktop/AER201/botL.X/i2c.asm
          I2C_Master_STOP   0x001558    program     extern /Users/mreiter/Desktop/AER201/botL.X/i2c.asm
         I2C_Master_WRITE   0x001560    program     extern /Users/mreiter/Desktop/AER201/botL.X/i2c.asm
                  HOLD_UP   0x001566    program     static /Users/mreiter/Desktop/AER201/botL.X/i2c.asm
          I2C_Master_READ   0x00156e    program     extern /Users/mreiter/Desktop/AER201/botL.X/i2c.asm
                     LOOP   0x001574    program     static /Users/mreiter/Desktop/AER201/botL.X/i2c.asm
           I2C_Master_ACK   0x00157c    program     extern /Users/mreiter/Desktop/AER201/botL.X/i2c.asm
                 TEST_ACK   0x001580    program     static /Users/mreiter/Desktop/AER201/botL.X/i2c.asm
               regaddress   0x000060       data     extern /Users/mreiter/Desktop/AER201/botL.X/i2c_common.asm
                 databyte   0x000061       data     extern /Users/mreiter/Desktop/AER201/botL.X/i2c_common.asm
                 datachar   0x000062       data     extern /Users/mreiter/Desktop/AER201/botL.X/i2c_common.asm
               tens_digit   0x000063       data     extern /Users/mreiter/Desktop/AER201/botL.X/i2c_common.asm
               ones_digit   0x000064       data     extern /Users/mreiter/Desktop/AER201/botL.X/i2c_common.asm
           convert_buffer   0x000065       data     extern /Users/mreiter/Desktop/AER201/botL.X/i2c_common.asm


