MPLINK 5.08, LINKER
Linker Map File - Created Fri Feb 17 17:32:31 2017

                                 Section Info
                  Section       Type    Address   Location Size(Bytes)
                ---------  ---------  ---------  ---------  ---------
                   .org_0       code   0x000000    program   0x000004
                   .cinit    romdata   0x000004    program   0x000002
                   .org_1       code   0x000008    program   0x000004
                   .org_2       code   0x000018    program   0x000bf2
                    .code       code   0x000c0a    program   0x0004c0
.config_300001_BUILD/DEFAULT/PRODUCTION/MAIN.O    romdata   0x300001    program   0x000001
.config_300002_BUILD/DEFAULT/PRODUCTION/MAIN.O    romdata   0x300002    program   0x000001
.config_300003_BUILD/DEFAULT/PRODUCTION/MAIN.O    romdata   0x300003    program   0x000001
.config_300005_BUILD/DEFAULT/PRODUCTION/MAIN.O    romdata   0x300005    program   0x000001
.config_300006_BUILD/DEFAULT/PRODUCTION/MAIN.O    romdata   0x300006    program   0x000001
.config_300008_BUILD/DEFAULT/PRODUCTION/MAIN.O    romdata   0x300008    program   0x000001
.config_300009_BUILD/DEFAULT/PRODUCTION/MAIN.O    romdata   0x300009    program   0x000001
.config_30000A_BUILD/DEFAULT/PRODUCTION/MAIN.O    romdata   0x30000a    program   0x000001
.config_30000B_BUILD/DEFAULT/PRODUCTION/MAIN.O    romdata   0x30000b    program   0x000001
.config_30000C_BUILD/DEFAULT/PRODUCTION/MAIN.O    romdata   0x30000c    program   0x000001
.config_30000D_BUILD/DEFAULT/PRODUCTION/MAIN.O    romdata   0x30000d    program   0x000001
                   .udata      udata   0x000080       data   0x00000a



                              Program Memory Usage 
                               Start         End      
                           ---------   ---------      
                            0x000000    0x000005      
                            0x000008    0x00000b      
                            0x000018    0x0010c9      
                            0x300001    0x300003      
                            0x300005    0x300006      
                            0x300008    0x30000d      
            4295 out of 66584 program addresses used, program memory utilization is 6%



                              Symbols - Sorted by Name
                     Name    Address   Location    Storage File                     
                ---------  ---------  ---------  --------- ---------                
                CHECK_ACK   0x00105a    program     extern /Users/mreiter/Desktop/AER201/botL.X/i2c.asm
               CHECK_NACK   0x00105e    program     extern /Users/mreiter/Desktop/AER201/botL.X/i2c.asm
               CLEAR_DISP   0x000260    program     static /Users/mreiter/Desktop/AER201/botL.X/main.asm
              COLOUR_TEST   0x000258    program     static /Users/mreiter/Desktop/AER201/botL.X/main.asm
           ClearEEPROM_21   0x000a44    program     static /Users/mreiter/Desktop/AER201/botL.X/main.asm
                ClearNext   0x000a4c    program     static /Users/mreiter/Desktop/AER201/botL.X/main.asm
                   ClkLCD   0x000d98    program     extern /Users/mreiter/Desktop/AER201/botL.X/lcd.asm
                   ClrLCD   0x000d8a    program     extern /Users/mreiter/Desktop/AER201/botL.X/lcd.asm
                   Cycles   0x0009dc    program     static /Users/mreiter/Desktop/AER201/botL.X/main.asm
              DISPLAY_RTC   0x0008be    program     static /Users/mreiter/Desktop/AER201/botL.X/main.asm
               Delay200us   0x0009c4    program     static /Users/mreiter/Desktop/AER201/botL.X/main.asm
            Delay44usLoop   0x000dde    program     static /Users/mreiter/Desktop/AER201/botL.X/lcd.asm
                Delay50ms   0x0009d2    program     static /Users/mreiter/Desktop/AER201/botL.X/main.asm
             Delay5msLoop   0x000dee    program     static /Users/mreiter/Desktop/AER201/botL.X/lcd.asm
                 Delay5us   0x0009b6    program     static /Users/mreiter/Desktop/AER201/botL.X/main.asm
                DispOpRTC   0x000b2c    program     static /Users/mreiter/Desktop/AER201/botL.X/main.asm
         DispOpRTC_Helper   0x000bd0    program     static /Users/mreiter/Desktop/AER201/botL.X/main.asm
              DisplayTime   0x000aba    program     static /Users/mreiter/Desktop/AER201/botL.X/main.asm
             END_ISR_HIGH   0x00008c    program     static /Users/mreiter/Desktop/AER201/botL.X/main.asm
              END_ISR_LOW   0x0000b2    program     static /Users/mreiter/Desktop/AER201/botL.X/main.asm
                EXECUTION   0x0002d2    program     static /Users/mreiter/Desktop/AER201/botL.X/main.asm
                 EXIT_EXE   0x000342    program     static /Users/mreiter/Desktop/AER201/botL.X/main.asm
                     Exe1   0x000c64    program     static /Users/mreiter/Desktop/AER201/botL.X/main.asm
                     Exe2   0x000c70    program     static /Users/mreiter/Desktop/AER201/botL.X/main.asm
                 HOLD_EXE   0x000326    program     static /Users/mreiter/Desktop/AER201/botL.X/main.asm
                 HOLD_LOG   0x0004fc    program     static /Users/mreiter/Desktop/AER201/botL.X/main.asm
            HOLD_LOG_INFO   0x0005cc    program     static /Users/mreiter/Desktop/AER201/botL.X/main.asm
                  HOLD_PC   0x0007fe    program     static /Users/mreiter/Desktop/AER201/botL.X/main.asm
            HOLD_PERM_LOG   0x000624    program     static /Users/mreiter/Desktop/AER201/botL.X/main.asm
                HOLD_PLOG   0x00079a    program     static /Users/mreiter/Desktop/AER201/botL.X/main.asm
             HOLD_STANDBY   0x0001e4    program     static /Users/mreiter/Desktop/AER201/botL.X/main.asm
                  HOLD_UP   0x0010aa    program     static /Users/mreiter/Desktop/AER201/botL.X/i2c.asm
                I2C_ACKDT   0x00105a    program     extern /Users/mreiter/Desktop/AER201/botL.X/i2c.asm
           I2C_Master_ACK   0x0010c0    program     extern /Users/mreiter/Desktop/AER201/botL.X/i2c.asm
          I2C_Master_INIT   0x00106a    program     extern /Users/mreiter/Desktop/AER201/botL.X/i2c.asm
          I2C_Master_READ   0x0010b2    program     extern /Users/mreiter/Desktop/AER201/botL.X/i2c.asm
        I2C_Master_RSTART   0x001094    program     extern /Users/mreiter/Desktop/AER201/botL.X/i2c.asm
         I2C_Master_START   0x00108c    program     extern /Users/mreiter/Desktop/AER201/botL.X/i2c.asm
          I2C_Master_STOP   0x00109c    program     extern /Users/mreiter/Desktop/AER201/botL.X/i2c.asm
          I2C_Master_WAIT   0x00107c    program     extern /Users/mreiter/Desktop/AER201/botL.X/i2c.asm
         I2C_Master_WRITE   0x0010a4    program     extern /Users/mreiter/Desktop/AER201/botL.X/i2c.asm
                 I2C_temp   0x00105a    program     static /Users/mreiter/Desktop/AER201/botL.X/i2c.asm
                     INIT   0x0000ca    program     static /Users/mreiter/Desktop/AER201/botL.X/main.asm
               INIT_USART   0x0009a6    program     static /Users/mreiter/Desktop/AER201/botL.X/main.asm
                 ISR_HIGH   0x00001c    program     static /Users/mreiter/Desktop/AER201/botL.X/main.asm
                  ISR_LOW   0x000096    program     static /Users/mreiter/Desktop/AER201/botL.X/main.asm
                  InitLCD   0x000cde    program     extern /Users/mreiter/Desktop/AER201/botL.X/lcd.asm
                   LCD_L1   0x000daa    program     extern /Users/mreiter/Desktop/AER201/botL.X/lcd.asm
                   LCD_L2   0x000db2    program     extern /Users/mreiter/Desktop/AER201/botL.X/lcd.asm
                 LLD_LOOP   0x000dc8    program     static /Users/mreiter/Desktop/AER201/botL.X/lcd.asm
                      LOG   0x0004a4    program     static /Users/mreiter/Desktop/AER201/botL.X/main.asm
                 LOG_INFO   0x00052e    program     static /Users/mreiter/Desktop/AER201/botL.X/main.asm
                     LOOP   0x0010b8    program     static /Users/mreiter/Desktop/AER201/botL.X/i2c.asm
                   LOOPIN   0x000292    program     static /Users/mreiter/Desktop/AER201/botL.X/main.asm
                     Log1   0x000c22    program     static /Users/mreiter/Desktop/AER201/botL.X/main.asm
                     Log2   0x000c28    program     static /Users/mreiter/Desktop/AER201/botL.X/main.asm
                 LogInfo1   0x000c36    program     static /Users/mreiter/Desktop/AER201/botL.X/main.asm
                 LogInfo2   0x000c3e    program     static /Users/mreiter/Desktop/AER201/botL.X/main.asm
                   MovMSB   0x000dba    program     static /Users/mreiter/Desktop/AER201/botL.X/lcd.asm
                   NoData   0x000cca    program     static /Users/mreiter/Desktop/AER201/botL.X/main.asm
          NoSkipDispOpRTC   0x000b6c    program     static /Users/mreiter/Desktop/AER201/botL.X/main.asm
         NoSkipDispOpTime   0x000af8    program     static /Users/mreiter/Desktop/AER201/botL.X/main.asm
                  Op_Time   0x000ca8    program     static /Users/mreiter/Desktop/AER201/botL.X/main.asm
                      PC1   0x000c78    program     static /Users/mreiter/Desktop/AER201/botL.X/main.asm
                      PC2   0x000c86    program     static /Users/mreiter/Desktop/AER201/botL.X/main.asm
                   PCLog1   0x000cce    program     static /Users/mreiter/Desktop/AER201/botL.X/main.asm
               PCTransfer   0x000c90    program     static /Users/mreiter/Desktop/AER201/botL.X/main.asm
                  PC_MODE   0x0007b6    program     static /Users/mreiter/Desktop/AER201/botL.X/main.asm
              PC_TRANSFER   0x000830    program     static /Users/mreiter/Desktop/AER201/botL.X/main.asm
                 PERM_LOG   0x0005e8    program     static /Users/mreiter/Desktop/AER201/botL.X/main.asm
                     PLOG   0x000706    program     static /Users/mreiter/Desktop/AER201/botL.X/main.asm
                 PermLog1   0x000c48    program     static /Users/mreiter/Desktop/AER201/botL.X/main.asm
                 PermLog2   0x000c58    program     static /Users/mreiter/Desktop/AER201/botL.X/main.asm
                   RD_END   0x000fda    program     static /Users/mreiter/Desktop/AER201/botL.X/i2c_common.asm
               RD_END_RTC   0x000f18    program     static /Users/mreiter/Desktop/AER201/botL.X/i2c_common.asm
                  RD_ERR1   0x000fbc    program     static /Users/mreiter/Desktop/AER201/botL.X/i2c_common.asm
              RD_ERR1_RTC   0x000efa    program     static /Users/mreiter/Desktop/AER201/botL.X/i2c_common.asm
                  RD_ERR2   0x000fc6    program     static /Users/mreiter/Desktop/AER201/botL.X/i2c_common.asm
              RD_ERR2_RTC   0x000f04    program     static /Users/mreiter/Desktop/AER201/botL.X/i2c_common.asm
                  RD_ERR3   0x000fd0    program     static /Users/mreiter/Desktop/AER201/botL.X/i2c_common.asm
              RD_ERR3_RTC   0x000f0e    program     static /Users/mreiter/Desktop/AER201/botL.X/i2c_common.asm
          READ_COLOUR_I2C   0x000f36    program     extern /Users/mreiter/Desktop/AER201/botL.X/i2c_common.asm
                 READ_KEY   0x000a8a    program     static /Users/mreiter/Desktop/AER201/botL.X/main.asm
            READ_KEY_TIME   0x000a9e    program     static /Users/mreiter/Desktop/AER201/botL.X/main.asm
                 RED_DISP   0x00027a    program     static /Users/mreiter/Desktop/AER201/botL.X/main.asm
                 RTC_INIT   0x000854    program     static /Users/mreiter/Desktop/AER201/botL.X/main.asm
                     SAVE   0x000cb0    program     static /Users/mreiter/Desktop/AER201/botL.X/main.asm
                SAVE_TIME   0x000862    program     static /Users/mreiter/Desktop/AER201/botL.X/main.asm
                 SET_TIME   0x00095a    program     static /Users/mreiter/Desktop/AER201/botL.X/main.asm
                  STANDBY   0x0001c6    program     static /Users/mreiter/Desktop/AER201/botL.X/main.asm
                   Safety   0x000cba    program     static /Users/mreiter/Desktop/AER201/botL.X/main.asm
                 SaveData   0x0003a8    program     static /Users/mreiter/Desktop/AER201/botL.X/main.asm
                ShiftLoop   0x0003da    program     static /Users/mreiter/Desktop/AER201/botL.X/main.asm
            SkipDispOpRTC   0x000bce    program     static /Users/mreiter/Desktop/AER201/botL.X/main.asm
           SkipDispOpTime   0x000b2a    program     static /Users/mreiter/Desktop/AER201/botL.X/main.asm
                  StandBy   0x000c1a    program     static /Users/mreiter/Desktop/AER201/botL.X/main.asm
                  Stopped   0x000ca0    program     static /Users/mreiter/Desktop/AER201/botL.X/main.asm
                 TEST_ACK   0x0010c4    program     static /Users/mreiter/Desktop/AER201/botL.X/i2c.asm
                TEST_NACK   0x001062    program     static /Users/mreiter/Desktop/AER201/botL.X/i2c.asm
                     Team   0x000c10    program     static /Users/mreiter/Desktop/AER201/botL.X/main.asm
                     WAIT   0x00107c    program     static /Users/mreiter/Desktop/AER201/botL.X/i2c.asm
         WRITE_COLOUR_I2C   0x000fe4    program     extern /Users/mreiter/Desktop/AER201/botL.X/i2c_common.asm
                  WR_DATA   0x000d52    program     extern /Users/mreiter/Desktop/AER201/botL.X/lcd.asm
                   WR_END   0x001050    program     static /Users/mreiter/Desktop/AER201/botL.X/i2c_common.asm
               WR_END_RTC   0x000e86    program     static /Users/mreiter/Desktop/AER201/botL.X/i2c_common.asm
                  WR_ERR1   0x001030    program     static /Users/mreiter/Desktop/AER201/botL.X/i2c_common.asm
              WR_ERR1_RTC   0x000e66    program     static /Users/mreiter/Desktop/AER201/botL.X/i2c_common.asm
                  WR_ERR2   0x00103a    program     static /Users/mreiter/Desktop/AER201/botL.X/i2c_common.asm
              WR_ERR2_RTC   0x000e70    program     static /Users/mreiter/Desktop/AER201/botL.X/i2c_common.asm
                  WR_ERR3   0x001046    program     static /Users/mreiter/Desktop/AER201/botL.X/i2c_common.asm
              WR_ERR3_RTC   0x000e7c    program     static /Users/mreiter/Desktop/AER201/botL.X/i2c_common.asm
                   WR_INS   0x000d36    program     extern /Users/mreiter/Desktop/AER201/botL.X/lcd.asm
                  Welcome   0x000c0a    program     static /Users/mreiter/Desktop/AER201/botL.X/main.asm
              WriteEE_RTC   0x0009e6    program     static /Users/mreiter/Desktop/AER201/botL.X/main.asm
                   WrtLCD   0x000d74    program     extern /Users/mreiter/Desktop/AER201/botL.X/lcd.asm
              _.code_0018   0x000e14    program     static /Users/mreiter/Desktop/AER201/botL.X/i2c_common.asm
              _.code_0026   0x000e22    program     static /Users/mreiter/Desktop/AER201/botL.X/i2c_common.asm
              _.code_002E   0x000e2a    program     static /Users/mreiter/Desktop/AER201/botL.X/i2c_common.asm
              _.code_0034   0x000e30    program     static /Users/mreiter/Desktop/AER201/botL.X/i2c_common.asm
              _.code_0042   0x000e3e    program     static /Users/mreiter/Desktop/AER201/botL.X/i2c_common.asm
              _.code_0048   0x000e44    program     static /Users/mreiter/Desktop/AER201/botL.X/i2c_common.asm
              _.code_0056   0x000e52    program     static /Users/mreiter/Desktop/AER201/botL.X/i2c_common.asm
              _.code_005C   0x000e58    program     static /Users/mreiter/Desktop/AER201/botL.X/i2c_common.asm
              _.code_008E   0x000e8a    program     static /Users/mreiter/Desktop/AER201/botL.X/i2c_common.asm
              _.code_009C   0x000e98    program     static /Users/mreiter/Desktop/AER201/botL.X/i2c_common.asm
              _.code_00A4   0x000ea0    program     static /Users/mreiter/Desktop/AER201/botL.X/i2c_common.asm
              _.code_00AA   0x000ea6    program     static /Users/mreiter/Desktop/AER201/botL.X/i2c_common.asm
              _.code_00B8   0x000eb4    program     static /Users/mreiter/Desktop/AER201/botL.X/i2c_common.asm
              _.code_00BE   0x000eba    program     static /Users/mreiter/Desktop/AER201/botL.X/i2c_common.asm
              _.code_00C6   0x000da4    program     static /Users/mreiter/Desktop/AER201/botL.X/lcd.asm
              _.code_00CC   0x000ec8    program     static /Users/mreiter/Desktop/AER201/botL.X/i2c_common.asm
              _.code_00D4   0x000ed0    program     static /Users/mreiter/Desktop/AER201/botL.X/i2c_common.asm
              _.code_00DA   0x000ed6    program     static /Users/mreiter/Desktop/AER201/botL.X/i2c_common.asm
              _.code_00E8   0x000ee4    program     static /Users/mreiter/Desktop/AER201/botL.X/i2c_common.asm
              _.code_00F0   0x000dce    program     static /Users/mreiter/Desktop/AER201/botL.X/lcd.asm
              _.code_0120   0x000f1c    program     static /Users/mreiter/Desktop/AER201/botL.X/i2c_common.asm
              _.code_0146   0x000f42    program     static /Users/mreiter/Desktop/AER201/botL.X/i2c_common.asm
              _.code_014E   0x000f4a    program     static /Users/mreiter/Desktop/AER201/botL.X/i2c_common.asm
              _.code_0154   0x000f50    program     static /Users/mreiter/Desktop/AER201/botL.X/i2c_common.asm
              _.code_0164   0x000f60    program     static /Users/mreiter/Desktop/AER201/botL.X/i2c_common.asm
              _.code_016A   0x000f66    program     static /Users/mreiter/Desktop/AER201/botL.X/i2c_common.asm
              _.code_0178   0x000f74    program     static /Users/mreiter/Desktop/AER201/botL.X/i2c_common.asm
              _.code_0180   0x000f7c    program     static /Users/mreiter/Desktop/AER201/botL.X/i2c_common.asm
              _.code_0186   0x000f82    program     static /Users/mreiter/Desktop/AER201/botL.X/i2c_common.asm
              _.code_0194   0x000f90    program     static /Users/mreiter/Desktop/AER201/botL.X/i2c_common.asm
              _.code_01AA   0x000fa6    program     static /Users/mreiter/Desktop/AER201/botL.X/i2c_common.asm
              _.code_01E2   0x000fde    program     static /Users/mreiter/Desktop/AER201/botL.X/i2c_common.asm
              _.code_01F0   0x000fec    program     static /Users/mreiter/Desktop/AER201/botL.X/i2c_common.asm
              _.code_01F8   0x000ff4    program     static /Users/mreiter/Desktop/AER201/botL.X/i2c_common.asm
              _.code_01FE   0x000ffa    program     static /Users/mreiter/Desktop/AER201/botL.X/i2c_common.asm
              _.code_020C   0x001008    program     static /Users/mreiter/Desktop/AER201/botL.X/i2c_common.asm
              _.code_0212   0x00100e    program     static /Users/mreiter/Desktop/AER201/botL.X/i2c_common.asm
              _.code_0220   0x00101c    program     static /Users/mreiter/Desktop/AER201/botL.X/i2c_common.asm
              _.code_0226   0x001022    program     static /Users/mreiter/Desktop/AER201/botL.X/i2c_common.asm
              _.code_0258   0x001054    program     static /Users/mreiter/Desktop/AER201/botL.X/i2c_common.asm
             _.org_2_0350   0x000350    program     static /Users/mreiter/Desktop/AER201/botL.X/main.asm
             _.org_2_0368   0x000368    program     static /Users/mreiter/Desktop/AER201/botL.X/main.asm
             _.org_2_037E   0x00037e    program     static /Users/mreiter/Desktop/AER201/botL.X/main.asm
             _.org_2_0396   0x000396    program     static /Users/mreiter/Desktop/AER201/botL.X/main.asm
             _.org_2_0400   0x000400    program     static /Users/mreiter/Desktop/AER201/botL.X/main.asm
             _.org_2_0418   0x000418    program     static /Users/mreiter/Desktop/AER201/botL.X/main.asm
             _.org_2_0452   0x000452    program     static /Users/mreiter/Desktop/AER201/botL.X/main.asm
             _.org_2_046A   0x00046a    program     static /Users/mreiter/Desktop/AER201/botL.X/main.asm
             _.org_2_0480   0x000480    program     static /Users/mreiter/Desktop/AER201/botL.X/main.asm
             _.org_2_0498   0x000498    program     static /Users/mreiter/Desktop/AER201/botL.X/main.asm
             _.org_2_09F4   0x0009f4    program     static /Users/mreiter/Desktop/AER201/botL.X/main.asm
             _.org_2_0A0C   0x000a0c    program     static /Users/mreiter/Desktop/AER201/botL.X/main.asm
             _.org_2_0A22   0x000a22    program     static /Users/mreiter/Desktop/AER201/botL.X/main.asm
             _.org_2_0A3A   0x000a3a    program     static /Users/mreiter/Desktop/AER201/botL.X/main.asm
             _.org_2_0A5A   0x000a5a    program     static /Users/mreiter/Desktop/AER201/botL.X/main.asm
             _.org_2_0A72   0x000a72    program     static /Users/mreiter/Desktop/AER201/botL.X/main.asm
             _.org_2_0A98   0x000a98    program     static /Users/mreiter/Desktop/AER201/botL.X/main.asm
             _.org_2_0AB4   0x000ab4    program     static /Users/mreiter/Desktop/AER201/botL.X/main.asm
                  _13loop   0x000190    program     static /Users/mreiter/Desktop/AER201/botL.X/main.asm
                  _14loop   0x0001ae    program     static /Users/mreiter/Desktop/AER201/botL.X/main.asm
                  _15loop   0x0001bc    program     static /Users/mreiter/Desktop/AER201/botL.X/main.asm
                  _16loop   0x0001da    program     static /Users/mreiter/Desktop/AER201/botL.X/main.asm
                  _17Exit   0x0001fc    program     static /Users/mreiter/Desktop/AER201/botL.X/main.asm
                  _17Next   0x0001f0    program     static /Users/mreiter/Desktop/AER201/botL.X/main.asm
                  _18Exit   0x000212    program     static /Users/mreiter/Desktop/AER201/botL.X/main.asm
                  _18Next   0x000206    program     static /Users/mreiter/Desktop/AER201/botL.X/main.asm
                  _19Exit   0x000228    program     static /Users/mreiter/Desktop/AER201/botL.X/main.asm
                  _19Next   0x00021c    program     static /Users/mreiter/Desktop/AER201/botL.X/main.asm
                  _20Exit   0x00023e    program     static /Users/mreiter/Desktop/AER201/botL.X/main.asm
                  _20Next   0x000232    program     static /Users/mreiter/Desktop/AER201/botL.X/main.asm
                  _21Exit   0x000254    program     static /Users/mreiter/Desktop/AER201/botL.X/main.asm
                  _21Next   0x000248    program     static /Users/mreiter/Desktop/AER201/botL.X/main.asm
                  _22loop   0x00026e    program     static /Users/mreiter/Desktop/AER201/botL.X/main.asm
                  _23loop   0x000288    program     static /Users/mreiter/Desktop/AER201/botL.X/main.asm
                  _29loop   0x0002be    program     static /Users/mreiter/Desktop/AER201/botL.X/main.asm
                 _2endBCD   0x000058    program     static /Users/mreiter/Desktop/AER201/botL.X/main.asm
                   _2ones   0x000052    program     static /Users/mreiter/Desktop/AER201/botL.X/main.asm
                  _30loop   0x0002ec    program     static /Users/mreiter/Desktop/AER201/botL.X/main.asm
                  _31loop   0x00030a    program     static /Users/mreiter/Desktop/AER201/botL.X/main.asm
                  _32Exit   0x00033e    program     static /Users/mreiter/Desktop/AER201/botL.X/main.asm
                  _32Next   0x000332    program     static /Users/mreiter/Desktop/AER201/botL.X/main.asm
                  _35loop   0x0003bc    program     static /Users/mreiter/Desktop/AER201/botL.X/main.asm
                 _3endBCD   0x00008a    program     static /Users/mreiter/Desktop/AER201/botL.X/main.asm
                   _3ones   0x000084    program     static /Users/mreiter/Desktop/AER201/botL.X/main.asm
                  _40loop   0x0004b8    program     static /Users/mreiter/Desktop/AER201/botL.X/main.asm
                  _43Exit   0x000514    program     static /Users/mreiter/Desktop/AER201/botL.X/main.asm
                  _43Next   0x000508    program     static /Users/mreiter/Desktop/AER201/botL.X/main.asm
                  _44Exit   0x00052a    program     static /Users/mreiter/Desktop/AER201/botL.X/main.asm
                  _44Next   0x00051e    program     static /Users/mreiter/Desktop/AER201/botL.X/main.asm
                  _45loop   0x000542    program     static /Users/mreiter/Desktop/AER201/botL.X/main.asm
                  _46loop   0x000560    program     static /Users/mreiter/Desktop/AER201/botL.X/main.asm
                 _47Again   0x0005aa    program     static /Users/mreiter/Desktop/AER201/botL.X/main.asm
                _47Finish   0x0005cc    program     static /Users/mreiter/Desktop/AER201/botL.X/main.asm
                  _49loop   0x00059c    program     static /Users/mreiter/Desktop/AER201/botL.X/main.asm
                  _51Exit   0x0005e4    program     static /Users/mreiter/Desktop/AER201/botL.X/main.asm
                  _51Next   0x0005d8    program     static /Users/mreiter/Desktop/AER201/botL.X/main.asm
                  _52loop   0x0005fc    program     static /Users/mreiter/Desktop/AER201/botL.X/main.asm
                  _53loop   0x00061a    program     static /Users/mreiter/Desktop/AER201/botL.X/main.asm
                  _54Exit   0x00063c    program     static /Users/mreiter/Desktop/AER201/botL.X/main.asm
                  _54Next   0x000630    program     static /Users/mreiter/Desktop/AER201/botL.X/main.asm
                  _55Exit   0x000652    program     static /Users/mreiter/Desktop/AER201/botL.X/main.asm
                  _55Next   0x000646    program     static /Users/mreiter/Desktop/AER201/botL.X/main.asm
                  _56Exit   0x000668    program     static /Users/mreiter/Desktop/AER201/botL.X/main.asm
                  _56Next   0x00065c    program     static /Users/mreiter/Desktop/AER201/botL.X/main.asm
                  _57Exit   0x00067e    program     static /Users/mreiter/Desktop/AER201/botL.X/main.asm
                  _57Next   0x000672    program     static /Users/mreiter/Desktop/AER201/botL.X/main.asm
                  _58Exit   0x000694    program     static /Users/mreiter/Desktop/AER201/botL.X/main.asm
                  _58Next   0x000688    program     static /Users/mreiter/Desktop/AER201/botL.X/main.asm
                  _59Exit   0x0006aa    program     static /Users/mreiter/Desktop/AER201/botL.X/main.asm
                  _59Next   0x00069e    program     static /Users/mreiter/Desktop/AER201/botL.X/main.asm
                  _60Exit   0x0006c0    program     static /Users/mreiter/Desktop/AER201/botL.X/main.asm
                  _60Next   0x0006b4    program     static /Users/mreiter/Desktop/AER201/botL.X/main.asm
                  _61Exit   0x0006d6    program     static /Users/mreiter/Desktop/AER201/botL.X/main.asm
                  _61Next   0x0006ca    program     static /Users/mreiter/Desktop/AER201/botL.X/main.asm
                  _62Exit   0x0006ec    program     static /Users/mreiter/Desktop/AER201/botL.X/main.asm
                  _62Next   0x0006e0    program     static /Users/mreiter/Desktop/AER201/botL.X/main.asm
                  _63Exit   0x000702    program     static /Users/mreiter/Desktop/AER201/botL.X/main.asm
                  _63Next   0x0006f6    program     static /Users/mreiter/Desktop/AER201/botL.X/main.asm
                  _64loop   0x00071a    program     static /Users/mreiter/Desktop/AER201/botL.X/main.asm
                  _67Exit   0x0007b2    program     static /Users/mreiter/Desktop/AER201/botL.X/main.asm
                  _67Next   0x0007a6    program     static /Users/mreiter/Desktop/AER201/botL.X/main.asm
                  _68loop   0x0007ca    program     static /Users/mreiter/Desktop/AER201/botL.X/main.asm
                  _69loop   0x0007e8    program     static /Users/mreiter/Desktop/AER201/botL.X/main.asm
                  _70Exit   0x000816    program     static /Users/mreiter/Desktop/AER201/botL.X/main.asm
                  _70Next   0x00080a    program     static /Users/mreiter/Desktop/AER201/botL.X/main.asm
                  _71Exit   0x00082c    program     static /Users/mreiter/Desktop/AER201/botL.X/main.asm
                  _71Next   0x000820    program     static /Users/mreiter/Desktop/AER201/botL.X/main.asm
                  _72loop   0x000846    program     static /Users/mreiter/Desktop/AER201/botL.X/main.asm
                  _95loop   0x000ae4    program     static /Users/mreiter/Desktop/AER201/botL.X/main.asm
                  _97loop   0x000b5a    program     static /Users/mreiter/Desktop/AER201/botL.X/main.asm
                  _waitl0   0x000ef0    program     static /Users/mreiter/Desktop/AER201/botL.X/i2c_common.asm
                  _waitl1   0x000f9c    program     static /Users/mreiter/Desktop/AER201/botL.X/i2c_common.asm
                  _waitl2   0x000fb2    program     static /Users/mreiter/Desktop/AER201/botL.X/i2c_common.asm
                       d2   0x000df6    program     static /Users/mreiter/Desktop/AER201/botL.X/lcd.asm
                del_loop0   0x000960    program     static /Users/mreiter/Desktop/AER201/botL.X/main.asm
                delay44us   0x000dda    program     static /Users/mreiter/Desktop/AER201/botL.X/lcd.asm
                 delay5ms   0x000de6    program     static /Users/mreiter/Desktop/AER201/botL.X/lcd.asm
               displayNum   0x000740    program     static /Users/mreiter/Desktop/AER201/botL.X/main.asm
         i2c_common_setup   0x000dfc    program     extern /Users/mreiter/Desktop/AER201/botL.X/i2c_common.asm
             lcdLongDelay   0x000dc4    program     static /Users/mreiter/Desktop/AER201/botL.X/lcd.asm
                loop200us   0x0009c8    program     static /Users/mreiter/Desktop/AER201/botL.X/main.asm
                 loop50ms   0x0009d6    program     static /Users/mreiter/Desktop/AER201/botL.X/main.asm
                  loop5us   0x0009ba    program     static /Users/mreiter/Desktop/AER201/botL.X/main.asm
                 read_rtc   0x000e90    program     extern /Users/mreiter/Desktop/AER201/botL.X/i2c_common.asm
              rtc_convert   0x000f22    program     extern /Users/mreiter/Desktop/AER201/botL.X/i2c_common.asm
                write_rtc   0x000e1a    program     extern /Users/mreiter/Desktop/AER201/botL.X/i2c_common.asm
           convert_buffer   0x000087       data     extern /Users/mreiter/Desktop/AER201/botL.X/i2c_common.asm
                 d200us_C   0x000089       data     extern /Users/mreiter/Desktop/AER201/botL.X/i2c_common.asm
                  d50ms_C   0x000088       data     extern /Users/mreiter/Desktop/AER201/botL.X/i2c_common.asm
             data_colourH   0x000083       data     extern /Users/mreiter/Desktop/AER201/botL.X/i2c_common.asm
             data_colourL   0x000084       data     extern /Users/mreiter/Desktop/AER201/botL.X/i2c_common.asm
                 databyte   0x000081       data     extern /Users/mreiter/Desktop/AER201/botL.X/i2c_common.asm
                 datachar   0x000082       data     extern /Users/mreiter/Desktop/AER201/botL.X/i2c_common.asm
               ones_digit   0x000086       data     extern /Users/mreiter/Desktop/AER201/botL.X/i2c_common.asm
               regaddress   0x000080       data     extern /Users/mreiter/Desktop/AER201/botL.X/i2c_common.asm
               tens_digit   0x000085       data     extern /Users/mreiter/Desktop/AER201/botL.X/i2c_common.asm



                              Symbols - Sorted by Address
                     Name    Address   Location    Storage File                     
                ---------  ---------  ---------  --------- ---------                
                 ISR_HIGH   0x00001c    program     static /Users/mreiter/Desktop/AER201/botL.X/main.asm
                   _2ones   0x000052    program     static /Users/mreiter/Desktop/AER201/botL.X/main.asm
                 _2endBCD   0x000058    program     static /Users/mreiter/Desktop/AER201/botL.X/main.asm
                   _3ones   0x000084    program     static /Users/mreiter/Desktop/AER201/botL.X/main.asm
                 _3endBCD   0x00008a    program     static /Users/mreiter/Desktop/AER201/botL.X/main.asm
             END_ISR_HIGH   0x00008c    program     static /Users/mreiter/Desktop/AER201/botL.X/main.asm
                  ISR_LOW   0x000096    program     static /Users/mreiter/Desktop/AER201/botL.X/main.asm
              END_ISR_LOW   0x0000b2    program     static /Users/mreiter/Desktop/AER201/botL.X/main.asm
                     INIT   0x0000ca    program     static /Users/mreiter/Desktop/AER201/botL.X/main.asm
                  _13loop   0x000190    program     static /Users/mreiter/Desktop/AER201/botL.X/main.asm
                  _14loop   0x0001ae    program     static /Users/mreiter/Desktop/AER201/botL.X/main.asm
                  _15loop   0x0001bc    program     static /Users/mreiter/Desktop/AER201/botL.X/main.asm
                  STANDBY   0x0001c6    program     static /Users/mreiter/Desktop/AER201/botL.X/main.asm
                  _16loop   0x0001da    program     static /Users/mreiter/Desktop/AER201/botL.X/main.asm
             HOLD_STANDBY   0x0001e4    program     static /Users/mreiter/Desktop/AER201/botL.X/main.asm
                  _17Next   0x0001f0    program     static /Users/mreiter/Desktop/AER201/botL.X/main.asm
                  _17Exit   0x0001fc    program     static /Users/mreiter/Desktop/AER201/botL.X/main.asm
                  _18Next   0x000206    program     static /Users/mreiter/Desktop/AER201/botL.X/main.asm
                  _18Exit   0x000212    program     static /Users/mreiter/Desktop/AER201/botL.X/main.asm
                  _19Next   0x00021c    program     static /Users/mreiter/Desktop/AER201/botL.X/main.asm
                  _19Exit   0x000228    program     static /Users/mreiter/Desktop/AER201/botL.X/main.asm
                  _20Next   0x000232    program     static /Users/mreiter/Desktop/AER201/botL.X/main.asm
                  _20Exit   0x00023e    program     static /Users/mreiter/Desktop/AER201/botL.X/main.asm
                  _21Next   0x000248    program     static /Users/mreiter/Desktop/AER201/botL.X/main.asm
                  _21Exit   0x000254    program     static /Users/mreiter/Desktop/AER201/botL.X/main.asm
              COLOUR_TEST   0x000258    program     static /Users/mreiter/Desktop/AER201/botL.X/main.asm
               CLEAR_DISP   0x000260    program     static /Users/mreiter/Desktop/AER201/botL.X/main.asm
                  _22loop   0x00026e    program     static /Users/mreiter/Desktop/AER201/botL.X/main.asm
                 RED_DISP   0x00027a    program     static /Users/mreiter/Desktop/AER201/botL.X/main.asm
                  _23loop   0x000288    program     static /Users/mreiter/Desktop/AER201/botL.X/main.asm
                   LOOPIN   0x000292    program     static /Users/mreiter/Desktop/AER201/botL.X/main.asm
                  _29loop   0x0002be    program     static /Users/mreiter/Desktop/AER201/botL.X/main.asm
                EXECUTION   0x0002d2    program     static /Users/mreiter/Desktop/AER201/botL.X/main.asm
                  _30loop   0x0002ec    program     static /Users/mreiter/Desktop/AER201/botL.X/main.asm
                  _31loop   0x00030a    program     static /Users/mreiter/Desktop/AER201/botL.X/main.asm
                 HOLD_EXE   0x000326    program     static /Users/mreiter/Desktop/AER201/botL.X/main.asm
                  _32Next   0x000332    program     static /Users/mreiter/Desktop/AER201/botL.X/main.asm
                  _32Exit   0x00033e    program     static /Users/mreiter/Desktop/AER201/botL.X/main.asm
                 EXIT_EXE   0x000342    program     static /Users/mreiter/Desktop/AER201/botL.X/main.asm
             _.org_2_0350   0x000350    program     static /Users/mreiter/Desktop/AER201/botL.X/main.asm
             _.org_2_0368   0x000368    program     static /Users/mreiter/Desktop/AER201/botL.X/main.asm
             _.org_2_037E   0x00037e    program     static /Users/mreiter/Desktop/AER201/botL.X/main.asm
             _.org_2_0396   0x000396    program     static /Users/mreiter/Desktop/AER201/botL.X/main.asm
                 SaveData   0x0003a8    program     static /Users/mreiter/Desktop/AER201/botL.X/main.asm
                  _35loop   0x0003bc    program     static /Users/mreiter/Desktop/AER201/botL.X/main.asm
                ShiftLoop   0x0003da    program     static /Users/mreiter/Desktop/AER201/botL.X/main.asm
             _.org_2_0400   0x000400    program     static /Users/mreiter/Desktop/AER201/botL.X/main.asm
             _.org_2_0418   0x000418    program     static /Users/mreiter/Desktop/AER201/botL.X/main.asm
             _.org_2_0452   0x000452    program     static /Users/mreiter/Desktop/AER201/botL.X/main.asm
             _.org_2_046A   0x00046a    program     static /Users/mreiter/Desktop/AER201/botL.X/main.asm
             _.org_2_0480   0x000480    program     static /Users/mreiter/Desktop/AER201/botL.X/main.asm
             _.org_2_0498   0x000498    program     static /Users/mreiter/Desktop/AER201/botL.X/main.asm
                      LOG   0x0004a4    program     static /Users/mreiter/Desktop/AER201/botL.X/main.asm
                  _40loop   0x0004b8    program     static /Users/mreiter/Desktop/AER201/botL.X/main.asm
                 HOLD_LOG   0x0004fc    program     static /Users/mreiter/Desktop/AER201/botL.X/main.asm
                  _43Next   0x000508    program     static /Users/mreiter/Desktop/AER201/botL.X/main.asm
                  _43Exit   0x000514    program     static /Users/mreiter/Desktop/AER201/botL.X/main.asm
                  _44Next   0x00051e    program     static /Users/mreiter/Desktop/AER201/botL.X/main.asm
                  _44Exit   0x00052a    program     static /Users/mreiter/Desktop/AER201/botL.X/main.asm
                 LOG_INFO   0x00052e    program     static /Users/mreiter/Desktop/AER201/botL.X/main.asm
                  _45loop   0x000542    program     static /Users/mreiter/Desktop/AER201/botL.X/main.asm
                  _46loop   0x000560    program     static /Users/mreiter/Desktop/AER201/botL.X/main.asm
                  _49loop   0x00059c    program     static /Users/mreiter/Desktop/AER201/botL.X/main.asm
                 _47Again   0x0005aa    program     static /Users/mreiter/Desktop/AER201/botL.X/main.asm
            HOLD_LOG_INFO   0x0005cc    program     static /Users/mreiter/Desktop/AER201/botL.X/main.asm
                _47Finish   0x0005cc    program     static /Users/mreiter/Desktop/AER201/botL.X/main.asm
                  _51Next   0x0005d8    program     static /Users/mreiter/Desktop/AER201/botL.X/main.asm
                  _51Exit   0x0005e4    program     static /Users/mreiter/Desktop/AER201/botL.X/main.asm
                 PERM_LOG   0x0005e8    program     static /Users/mreiter/Desktop/AER201/botL.X/main.asm
                  _52loop   0x0005fc    program     static /Users/mreiter/Desktop/AER201/botL.X/main.asm
                  _53loop   0x00061a    program     static /Users/mreiter/Desktop/AER201/botL.X/main.asm
            HOLD_PERM_LOG   0x000624    program     static /Users/mreiter/Desktop/AER201/botL.X/main.asm
                  _54Next   0x000630    program     static /Users/mreiter/Desktop/AER201/botL.X/main.asm
                  _54Exit   0x00063c    program     static /Users/mreiter/Desktop/AER201/botL.X/main.asm
                  _55Next   0x000646    program     static /Users/mreiter/Desktop/AER201/botL.X/main.asm
                  _55Exit   0x000652    program     static /Users/mreiter/Desktop/AER201/botL.X/main.asm
                  _56Next   0x00065c    program     static /Users/mreiter/Desktop/AER201/botL.X/main.asm
                  _56Exit   0x000668    program     static /Users/mreiter/Desktop/AER201/botL.X/main.asm
                  _57Next   0x000672    program     static /Users/mreiter/Desktop/AER201/botL.X/main.asm
                  _57Exit   0x00067e    program     static /Users/mreiter/Desktop/AER201/botL.X/main.asm
                  _58Next   0x000688    program     static /Users/mreiter/Desktop/AER201/botL.X/main.asm
                  _58Exit   0x000694    program     static /Users/mreiter/Desktop/AER201/botL.X/main.asm
                  _59Next   0x00069e    program     static /Users/mreiter/Desktop/AER201/botL.X/main.asm
                  _59Exit   0x0006aa    program     static /Users/mreiter/Desktop/AER201/botL.X/main.asm
                  _60Next   0x0006b4    program     static /Users/mreiter/Desktop/AER201/botL.X/main.asm
                  _60Exit   0x0006c0    program     static /Users/mreiter/Desktop/AER201/botL.X/main.asm
                  _61Next   0x0006ca    program     static /Users/mreiter/Desktop/AER201/botL.X/main.asm
                  _61Exit   0x0006d6    program     static /Users/mreiter/Desktop/AER201/botL.X/main.asm
                  _62Next   0x0006e0    program     static /Users/mreiter/Desktop/AER201/botL.X/main.asm
                  _62Exit   0x0006ec    program     static /Users/mreiter/Desktop/AER201/botL.X/main.asm
                  _63Next   0x0006f6    program     static /Users/mreiter/Desktop/AER201/botL.X/main.asm
                  _63Exit   0x000702    program     static /Users/mreiter/Desktop/AER201/botL.X/main.asm
                     PLOG   0x000706    program     static /Users/mreiter/Desktop/AER201/botL.X/main.asm
                  _64loop   0x00071a    program     static /Users/mreiter/Desktop/AER201/botL.X/main.asm
               displayNum   0x000740    program     static /Users/mreiter/Desktop/AER201/botL.X/main.asm
                HOLD_PLOG   0x00079a    program     static /Users/mreiter/Desktop/AER201/botL.X/main.asm
                  _67Next   0x0007a6    program     static /Users/mreiter/Desktop/AER201/botL.X/main.asm
                  _67Exit   0x0007b2    program     static /Users/mreiter/Desktop/AER201/botL.X/main.asm
                  PC_MODE   0x0007b6    program     static /Users/mreiter/Desktop/AER201/botL.X/main.asm
                  _68loop   0x0007ca    program     static /Users/mreiter/Desktop/AER201/botL.X/main.asm
                  _69loop   0x0007e8    program     static /Users/mreiter/Desktop/AER201/botL.X/main.asm
                  HOLD_PC   0x0007fe    program     static /Users/mreiter/Desktop/AER201/botL.X/main.asm
                  _70Next   0x00080a    program     static /Users/mreiter/Desktop/AER201/botL.X/main.asm
                  _70Exit   0x000816    program     static /Users/mreiter/Desktop/AER201/botL.X/main.asm
                  _71Next   0x000820    program     static /Users/mreiter/Desktop/AER201/botL.X/main.asm
                  _71Exit   0x00082c    program     static /Users/mreiter/Desktop/AER201/botL.X/main.asm
              PC_TRANSFER   0x000830    program     static /Users/mreiter/Desktop/AER201/botL.X/main.asm
                  _72loop   0x000846    program     static /Users/mreiter/Desktop/AER201/botL.X/main.asm
                 RTC_INIT   0x000854    program     static /Users/mreiter/Desktop/AER201/botL.X/main.asm
                SAVE_TIME   0x000862    program     static /Users/mreiter/Desktop/AER201/botL.X/main.asm
              DISPLAY_RTC   0x0008be    program     static /Users/mreiter/Desktop/AER201/botL.X/main.asm
                 SET_TIME   0x00095a    program     static /Users/mreiter/Desktop/AER201/botL.X/main.asm
                del_loop0   0x000960    program     static /Users/mreiter/Desktop/AER201/botL.X/main.asm
               INIT_USART   0x0009a6    program     static /Users/mreiter/Desktop/AER201/botL.X/main.asm
                 Delay5us   0x0009b6    program     static /Users/mreiter/Desktop/AER201/botL.X/main.asm
                  loop5us   0x0009ba    program     static /Users/mreiter/Desktop/AER201/botL.X/main.asm
               Delay200us   0x0009c4    program     static /Users/mreiter/Desktop/AER201/botL.X/main.asm
                loop200us   0x0009c8    program     static /Users/mreiter/Desktop/AER201/botL.X/main.asm
                Delay50ms   0x0009d2    program     static /Users/mreiter/Desktop/AER201/botL.X/main.asm
                 loop50ms   0x0009d6    program     static /Users/mreiter/Desktop/AER201/botL.X/main.asm
                   Cycles   0x0009dc    program     static /Users/mreiter/Desktop/AER201/botL.X/main.asm
              WriteEE_RTC   0x0009e6    program     static /Users/mreiter/Desktop/AER201/botL.X/main.asm
             _.org_2_09F4   0x0009f4    program     static /Users/mreiter/Desktop/AER201/botL.X/main.asm
             _.org_2_0A0C   0x000a0c    program     static /Users/mreiter/Desktop/AER201/botL.X/main.asm
             _.org_2_0A22   0x000a22    program     static /Users/mreiter/Desktop/AER201/botL.X/main.asm
             _.org_2_0A3A   0x000a3a    program     static /Users/mreiter/Desktop/AER201/botL.X/main.asm
           ClearEEPROM_21   0x000a44    program     static /Users/mreiter/Desktop/AER201/botL.X/main.asm
                ClearNext   0x000a4c    program     static /Users/mreiter/Desktop/AER201/botL.X/main.asm
             _.org_2_0A5A   0x000a5a    program     static /Users/mreiter/Desktop/AER201/botL.X/main.asm
             _.org_2_0A72   0x000a72    program     static /Users/mreiter/Desktop/AER201/botL.X/main.asm
                 READ_KEY   0x000a8a    program     static /Users/mreiter/Desktop/AER201/botL.X/main.asm
             _.org_2_0A98   0x000a98    program     static /Users/mreiter/Desktop/AER201/botL.X/main.asm
            READ_KEY_TIME   0x000a9e    program     static /Users/mreiter/Desktop/AER201/botL.X/main.asm
             _.org_2_0AB4   0x000ab4    program     static /Users/mreiter/Desktop/AER201/botL.X/main.asm
              DisplayTime   0x000aba    program     static /Users/mreiter/Desktop/AER201/botL.X/main.asm
                  _95loop   0x000ae4    program     static /Users/mreiter/Desktop/AER201/botL.X/main.asm
         NoSkipDispOpTime   0x000af8    program     static /Users/mreiter/Desktop/AER201/botL.X/main.asm
           SkipDispOpTime   0x000b2a    program     static /Users/mreiter/Desktop/AER201/botL.X/main.asm
                DispOpRTC   0x000b2c    program     static /Users/mreiter/Desktop/AER201/botL.X/main.asm
                  _97loop   0x000b5a    program     static /Users/mreiter/Desktop/AER201/botL.X/main.asm
          NoSkipDispOpRTC   0x000b6c    program     static /Users/mreiter/Desktop/AER201/botL.X/main.asm
            SkipDispOpRTC   0x000bce    program     static /Users/mreiter/Desktop/AER201/botL.X/main.asm
         DispOpRTC_Helper   0x000bd0    program     static /Users/mreiter/Desktop/AER201/botL.X/main.asm
                  Welcome   0x000c0a    program     static /Users/mreiter/Desktop/AER201/botL.X/main.asm
                     Team   0x000c10    program     static /Users/mreiter/Desktop/AER201/botL.X/main.asm
                  StandBy   0x000c1a    program     static /Users/mreiter/Desktop/AER201/botL.X/main.asm
                     Log1   0x000c22    program     static /Users/mreiter/Desktop/AER201/botL.X/main.asm
                     Log2   0x000c28    program     static /Users/mreiter/Desktop/AER201/botL.X/main.asm
                 LogInfo1   0x000c36    program     static /Users/mreiter/Desktop/AER201/botL.X/main.asm
                 LogInfo2   0x000c3e    program     static /Users/mreiter/Desktop/AER201/botL.X/main.asm
                 PermLog1   0x000c48    program     static /Users/mreiter/Desktop/AER201/botL.X/main.asm
                 PermLog2   0x000c58    program     static /Users/mreiter/Desktop/AER201/botL.X/main.asm
                     Exe1   0x000c64    program     static /Users/mreiter/Desktop/AER201/botL.X/main.asm
                     Exe2   0x000c70    program     static /Users/mreiter/Desktop/AER201/botL.X/main.asm
                      PC1   0x000c78    program     static /Users/mreiter/Desktop/AER201/botL.X/main.asm
                      PC2   0x000c86    program     static /Users/mreiter/Desktop/AER201/botL.X/main.asm
               PCTransfer   0x000c90    program     static /Users/mreiter/Desktop/AER201/botL.X/main.asm
                  Stopped   0x000ca0    program     static /Users/mreiter/Desktop/AER201/botL.X/main.asm
                  Op_Time   0x000ca8    program     static /Users/mreiter/Desktop/AER201/botL.X/main.asm
                     SAVE   0x000cb0    program     static /Users/mreiter/Desktop/AER201/botL.X/main.asm
                   Safety   0x000cba    program     static /Users/mreiter/Desktop/AER201/botL.X/main.asm
                   NoData   0x000cca    program     static /Users/mreiter/Desktop/AER201/botL.X/main.asm
                   PCLog1   0x000cce    program     static /Users/mreiter/Desktop/AER201/botL.X/main.asm
                  InitLCD   0x000cde    program     extern /Users/mreiter/Desktop/AER201/botL.X/lcd.asm
                   WR_INS   0x000d36    program     extern /Users/mreiter/Desktop/AER201/botL.X/lcd.asm
                  WR_DATA   0x000d52    program     extern /Users/mreiter/Desktop/AER201/botL.X/lcd.asm
                   WrtLCD   0x000d74    program     extern /Users/mreiter/Desktop/AER201/botL.X/lcd.asm
                   ClrLCD   0x000d8a    program     extern /Users/mreiter/Desktop/AER201/botL.X/lcd.asm
                   ClkLCD   0x000d98    program     extern /Users/mreiter/Desktop/AER201/botL.X/lcd.asm
              _.code_00C6   0x000da4    program     static /Users/mreiter/Desktop/AER201/botL.X/lcd.asm
                   LCD_L1   0x000daa    program     extern /Users/mreiter/Desktop/AER201/botL.X/lcd.asm
                   LCD_L2   0x000db2    program     extern /Users/mreiter/Desktop/AER201/botL.X/lcd.asm
                   MovMSB   0x000dba    program     static /Users/mreiter/Desktop/AER201/botL.X/lcd.asm
             lcdLongDelay   0x000dc4    program     static /Users/mreiter/Desktop/AER201/botL.X/lcd.asm
                 LLD_LOOP   0x000dc8    program     static /Users/mreiter/Desktop/AER201/botL.X/lcd.asm
              _.code_00F0   0x000dce    program     static /Users/mreiter/Desktop/AER201/botL.X/lcd.asm
                delay44us   0x000dda    program     static /Users/mreiter/Desktop/AER201/botL.X/lcd.asm
            Delay44usLoop   0x000dde    program     static /Users/mreiter/Desktop/AER201/botL.X/lcd.asm
                 delay5ms   0x000de6    program     static /Users/mreiter/Desktop/AER201/botL.X/lcd.asm
             Delay5msLoop   0x000dee    program     static /Users/mreiter/Desktop/AER201/botL.X/lcd.asm
                       d2   0x000df6    program     static /Users/mreiter/Desktop/AER201/botL.X/lcd.asm
         i2c_common_setup   0x000dfc    program     extern /Users/mreiter/Desktop/AER201/botL.X/i2c_common.asm
              _.code_0018   0x000e14    program     static /Users/mreiter/Desktop/AER201/botL.X/i2c_common.asm
                write_rtc   0x000e1a    program     extern /Users/mreiter/Desktop/AER201/botL.X/i2c_common.asm
              _.code_0026   0x000e22    program     static /Users/mreiter/Desktop/AER201/botL.X/i2c_common.asm
              _.code_002E   0x000e2a    program     static /Users/mreiter/Desktop/AER201/botL.X/i2c_common.asm
              _.code_0034   0x000e30    program     static /Users/mreiter/Desktop/AER201/botL.X/i2c_common.asm
              _.code_0042   0x000e3e    program     static /Users/mreiter/Desktop/AER201/botL.X/i2c_common.asm
              _.code_0048   0x000e44    program     static /Users/mreiter/Desktop/AER201/botL.X/i2c_common.asm
              _.code_0056   0x000e52    program     static /Users/mreiter/Desktop/AER201/botL.X/i2c_common.asm
              _.code_005C   0x000e58    program     static /Users/mreiter/Desktop/AER201/botL.X/i2c_common.asm
              WR_ERR1_RTC   0x000e66    program     static /Users/mreiter/Desktop/AER201/botL.X/i2c_common.asm
              WR_ERR2_RTC   0x000e70    program     static /Users/mreiter/Desktop/AER201/botL.X/i2c_common.asm
              WR_ERR3_RTC   0x000e7c    program     static /Users/mreiter/Desktop/AER201/botL.X/i2c_common.asm
               WR_END_RTC   0x000e86    program     static /Users/mreiter/Desktop/AER201/botL.X/i2c_common.asm
              _.code_008E   0x000e8a    program     static /Users/mreiter/Desktop/AER201/botL.X/i2c_common.asm
                 read_rtc   0x000e90    program     extern /Users/mreiter/Desktop/AER201/botL.X/i2c_common.asm
              _.code_009C   0x000e98    program     static /Users/mreiter/Desktop/AER201/botL.X/i2c_common.asm
              _.code_00A4   0x000ea0    program     static /Users/mreiter/Desktop/AER201/botL.X/i2c_common.asm
              _.code_00AA   0x000ea6    program     static /Users/mreiter/Desktop/AER201/botL.X/i2c_common.asm
              _.code_00B8   0x000eb4    program     static /Users/mreiter/Desktop/AER201/botL.X/i2c_common.asm
              _.code_00BE   0x000eba    program     static /Users/mreiter/Desktop/AER201/botL.X/i2c_common.asm
              _.code_00CC   0x000ec8    program     static /Users/mreiter/Desktop/AER201/botL.X/i2c_common.asm
              _.code_00D4   0x000ed0    program     static /Users/mreiter/Desktop/AER201/botL.X/i2c_common.asm
              _.code_00DA   0x000ed6    program     static /Users/mreiter/Desktop/AER201/botL.X/i2c_common.asm
              _.code_00E8   0x000ee4    program     static /Users/mreiter/Desktop/AER201/botL.X/i2c_common.asm
                  _waitl0   0x000ef0    program     static /Users/mreiter/Desktop/AER201/botL.X/i2c_common.asm
              RD_ERR1_RTC   0x000efa    program     static /Users/mreiter/Desktop/AER201/botL.X/i2c_common.asm
              RD_ERR2_RTC   0x000f04    program     static /Users/mreiter/Desktop/AER201/botL.X/i2c_common.asm
              RD_ERR3_RTC   0x000f0e    program     static /Users/mreiter/Desktop/AER201/botL.X/i2c_common.asm
               RD_END_RTC   0x000f18    program     static /Users/mreiter/Desktop/AER201/botL.X/i2c_common.asm
              _.code_0120   0x000f1c    program     static /Users/mreiter/Desktop/AER201/botL.X/i2c_common.asm
              rtc_convert   0x000f22    program     extern /Users/mreiter/Desktop/AER201/botL.X/i2c_common.asm
          READ_COLOUR_I2C   0x000f36    program     extern /Users/mreiter/Desktop/AER201/botL.X/i2c_common.asm
              _.code_0146   0x000f42    program     static /Users/mreiter/Desktop/AER201/botL.X/i2c_common.asm
              _.code_014E   0x000f4a    program     static /Users/mreiter/Desktop/AER201/botL.X/i2c_common.asm
              _.code_0154   0x000f50    program     static /Users/mreiter/Desktop/AER201/botL.X/i2c_common.asm
              _.code_0164   0x000f60    program     static /Users/mreiter/Desktop/AER201/botL.X/i2c_common.asm
              _.code_016A   0x000f66    program     static /Users/mreiter/Desktop/AER201/botL.X/i2c_common.asm
              _.code_0178   0x000f74    program     static /Users/mreiter/Desktop/AER201/botL.X/i2c_common.asm
              _.code_0180   0x000f7c    program     static /Users/mreiter/Desktop/AER201/botL.X/i2c_common.asm
              _.code_0186   0x000f82    program     static /Users/mreiter/Desktop/AER201/botL.X/i2c_common.asm
              _.code_0194   0x000f90    program     static /Users/mreiter/Desktop/AER201/botL.X/i2c_common.asm
                  _waitl1   0x000f9c    program     static /Users/mreiter/Desktop/AER201/botL.X/i2c_common.asm
              _.code_01AA   0x000fa6    program     static /Users/mreiter/Desktop/AER201/botL.X/i2c_common.asm
                  _waitl2   0x000fb2    program     static /Users/mreiter/Desktop/AER201/botL.X/i2c_common.asm
                  RD_ERR1   0x000fbc    program     static /Users/mreiter/Desktop/AER201/botL.X/i2c_common.asm
                  RD_ERR2   0x000fc6    program     static /Users/mreiter/Desktop/AER201/botL.X/i2c_common.asm
                  RD_ERR3   0x000fd0    program     static /Users/mreiter/Desktop/AER201/botL.X/i2c_common.asm
                   RD_END   0x000fda    program     static /Users/mreiter/Desktop/AER201/botL.X/i2c_common.asm
              _.code_01E2   0x000fde    program     static /Users/mreiter/Desktop/AER201/botL.X/i2c_common.asm
         WRITE_COLOUR_I2C   0x000fe4    program     extern /Users/mreiter/Desktop/AER201/botL.X/i2c_common.asm
              _.code_01F0   0x000fec    program     static /Users/mreiter/Desktop/AER201/botL.X/i2c_common.asm
              _.code_01F8   0x000ff4    program     static /Users/mreiter/Desktop/AER201/botL.X/i2c_common.asm
              _.code_01FE   0x000ffa    program     static /Users/mreiter/Desktop/AER201/botL.X/i2c_common.asm
              _.code_020C   0x001008    program     static /Users/mreiter/Desktop/AER201/botL.X/i2c_common.asm
              _.code_0212   0x00100e    program     static /Users/mreiter/Desktop/AER201/botL.X/i2c_common.asm
              _.code_0220   0x00101c    program     static /Users/mreiter/Desktop/AER201/botL.X/i2c_common.asm
              _.code_0226   0x001022    program     static /Users/mreiter/Desktop/AER201/botL.X/i2c_common.asm
                  WR_ERR1   0x001030    program     static /Users/mreiter/Desktop/AER201/botL.X/i2c_common.asm
                  WR_ERR2   0x00103a    program     static /Users/mreiter/Desktop/AER201/botL.X/i2c_common.asm
                  WR_ERR3   0x001046    program     static /Users/mreiter/Desktop/AER201/botL.X/i2c_common.asm
                   WR_END   0x001050    program     static /Users/mreiter/Desktop/AER201/botL.X/i2c_common.asm
              _.code_0258   0x001054    program     static /Users/mreiter/Desktop/AER201/botL.X/i2c_common.asm
                I2C_ACKDT   0x00105a    program     extern /Users/mreiter/Desktop/AER201/botL.X/i2c.asm
                CHECK_ACK   0x00105a    program     extern /Users/mreiter/Desktop/AER201/botL.X/i2c.asm
                 I2C_temp   0x00105a    program     static /Users/mreiter/Desktop/AER201/botL.X/i2c.asm
               CHECK_NACK   0x00105e    program     extern /Users/mreiter/Desktop/AER201/botL.X/i2c.asm
                TEST_NACK   0x001062    program     static /Users/mreiter/Desktop/AER201/botL.X/i2c.asm
          I2C_Master_INIT   0x00106a    program     extern /Users/mreiter/Desktop/AER201/botL.X/i2c.asm
          I2C_Master_WAIT   0x00107c    program     extern /Users/mreiter/Desktop/AER201/botL.X/i2c.asm
                     WAIT   0x00107c    program     static /Users/mreiter/Desktop/AER201/botL.X/i2c.asm
         I2C_Master_START   0x00108c    program     extern /Users/mreiter/Desktop/AER201/botL.X/i2c.asm
        I2C_Master_RSTART   0x001094    program     extern /Users/mreiter/Desktop/AER201/botL.X/i2c.asm
          I2C_Master_STOP   0x00109c    program     extern /Users/mreiter/Desktop/AER201/botL.X/i2c.asm
         I2C_Master_WRITE   0x0010a4    program     extern /Users/mreiter/Desktop/AER201/botL.X/i2c.asm
                  HOLD_UP   0x0010aa    program     static /Users/mreiter/Desktop/AER201/botL.X/i2c.asm
          I2C_Master_READ   0x0010b2    program     extern /Users/mreiter/Desktop/AER201/botL.X/i2c.asm
                     LOOP   0x0010b8    program     static /Users/mreiter/Desktop/AER201/botL.X/i2c.asm
           I2C_Master_ACK   0x0010c0    program     extern /Users/mreiter/Desktop/AER201/botL.X/i2c.asm
                 TEST_ACK   0x0010c4    program     static /Users/mreiter/Desktop/AER201/botL.X/i2c.asm
               regaddress   0x000080       data     extern /Users/mreiter/Desktop/AER201/botL.X/i2c_common.asm
                 databyte   0x000081       data     extern /Users/mreiter/Desktop/AER201/botL.X/i2c_common.asm
                 datachar   0x000082       data     extern /Users/mreiter/Desktop/AER201/botL.X/i2c_common.asm
             data_colourH   0x000083       data     extern /Users/mreiter/Desktop/AER201/botL.X/i2c_common.asm
             data_colourL   0x000084       data     extern /Users/mreiter/Desktop/AER201/botL.X/i2c_common.asm
               tens_digit   0x000085       data     extern /Users/mreiter/Desktop/AER201/botL.X/i2c_common.asm
               ones_digit   0x000086       data     extern /Users/mreiter/Desktop/AER201/botL.X/i2c_common.asm
           convert_buffer   0x000087       data     extern /Users/mreiter/Desktop/AER201/botL.X/i2c_common.asm
                  d50ms_C   0x000088       data     extern /Users/mreiter/Desktop/AER201/botL.X/i2c_common.asm
                 d200us_C   0x000089       data     extern /Users/mreiter/Desktop/AER201/botL.X/i2c_common.asm


