MPLINK 5.08, LINKER
Linker Map File - Created Fri Feb 10 18:28:10 2017

                                 Section Info
                  Section       Type    Address   Location Size(Bytes)
                ---------  ---------  ---------  ---------  ---------
                   .org_0       code   0x000000    program   0x000004
                   .cinit    romdata   0x000004    program   0x000002
                   .org_1       code   0x000008    program   0x000004
                   .org_2       code   0x000018    program   0x000ad2
                    .code       code   0x000aea    program   0x00039c
.config_300001_BUILD/DEFAULT/PRODUCTION/MAIN.O    romdata   0x300001    program   0x000001
.config_300002_BUILD/DEFAULT/PRODUCTION/MAIN.O    romdata   0x300002    program   0x000001
.config_300003_BUILD/DEFAULT/PRODUCTION/MAIN.O    romdata   0x300003    program   0x000001
.config_300005_BUILD/DEFAULT/PRODUCTION/MAIN.O    romdata   0x300005    program   0x000001
.config_300006_BUILD/DEFAULT/PRODUCTION/MAIN.O    romdata   0x300006    program   0x000001
.config_300008_BUILD/DEFAULT/PRODUCTION/MAIN.O    romdata   0x300008    program   0x000001
.config_300009_BUILD/DEFAULT/PRODUCTION/MAIN.O    romdata   0x300009    program   0x000001
.config_30000A_BUILD/DEFAULT/PRODUCTION/MAIN.O    romdata   0x30000a    program   0x000001
.config_30000B_BUILD/DEFAULT/PRODUCTION/MAIN.O    romdata   0x30000b    program   0x000001
.config_30000C_BUILD/DEFAULT/PRODUCTION/MAIN.O    romdata   0x30000c    program   0x000001
.config_30000D_BUILD/DEFAULT/PRODUCTION/MAIN.O    romdata   0x30000d    program   0x000001
                   .udata      udata   0x000080       data   0x000006



                              Program Memory Usage 
                               Start         End      
                           ---------   ---------      
                            0x000000    0x000005      
                            0x000008    0x00000b      
                            0x000018    0x000e85      
                            0x300001    0x300003      
                            0x300005    0x300006      
                            0x300008    0x30000d      
            3715 out of 66584 program addresses used, program memory utilization is 5%



                              Symbols - Sorted by Name
                     Name    Address   Location    Storage File                     
                ---------  ---------  ---------  --------- ---------                
                CHECK_ACK   0x000e16    program     extern /Users/mreiter/Desktop/AER201/botL.X/i2c.asm
               CHECK_NACK   0x000e1a    program     extern /Users/mreiter/Desktop/AER201/botL.X/i2c.asm
           ClearEEPROM_21   0x000924    program     static /Users/mreiter/Desktop/AER201/botL.X/main.asm
                ClearNext   0x00092c    program     static /Users/mreiter/Desktop/AER201/botL.X/main.asm
                   ClkLCD   0x000c78    program     extern /Users/mreiter/Desktop/AER201/botL.X/lcd.asm
                   ClrLCD   0x000c6a    program     extern /Users/mreiter/Desktop/AER201/botL.X/lcd.asm
                   Cycles   0x0008bc    program     static /Users/mreiter/Desktop/AER201/botL.X/main.asm
              DISPLAY_RTC   0x000782    program     static /Users/mreiter/Desktop/AER201/botL.X/main.asm
               Delay200us   0x0008a4    program     static /Users/mreiter/Desktop/AER201/botL.X/main.asm
            Delay44usLoop   0x000cbe    program     static /Users/mreiter/Desktop/AER201/botL.X/lcd.asm
                Delay50ms   0x0008b2    program     static /Users/mreiter/Desktop/AER201/botL.X/main.asm
             Delay5msLoop   0x000cce    program     static /Users/mreiter/Desktop/AER201/botL.X/lcd.asm
                 Delay5us   0x000896    program     static /Users/mreiter/Desktop/AER201/botL.X/main.asm
                DispOpRTC   0x000a0c    program     static /Users/mreiter/Desktop/AER201/botL.X/main.asm
         DispOpRTC_Helper   0x000ab0    program     static /Users/mreiter/Desktop/AER201/botL.X/main.asm
              DisplayTime   0x00099a    program     static /Users/mreiter/Desktop/AER201/botL.X/main.asm
             END_ISR_HIGH   0x00008c    program     static /Users/mreiter/Desktop/AER201/botL.X/main.asm
              END_ISR_LOW   0x0000b2    program     static /Users/mreiter/Desktop/AER201/botL.X/main.asm
                 END_TIME   0x000754    program     static /Users/mreiter/Desktop/AER201/botL.X/main.asm
                EXECUTION   0x0001fc    program     static /Users/mreiter/Desktop/AER201/botL.X/main.asm
                 EXIT_EXE   0x00026c    program     static /Users/mreiter/Desktop/AER201/botL.X/main.asm
                     Exe1   0x000b44    program     static /Users/mreiter/Desktop/AER201/botL.X/main.asm
                     Exe2   0x000b50    program     static /Users/mreiter/Desktop/AER201/botL.X/main.asm
                 HOLD_EXE   0x000250    program     static /Users/mreiter/Desktop/AER201/botL.X/main.asm
                 HOLD_LOG   0x000422    program     static /Users/mreiter/Desktop/AER201/botL.X/main.asm
            HOLD_LOG_INFO   0x000490    program     static /Users/mreiter/Desktop/AER201/botL.X/main.asm
                  HOLD_PC   0x0006c2    program     static /Users/mreiter/Desktop/AER201/botL.X/main.asm
            HOLD_PERM_LOG   0x0004e8    program     static /Users/mreiter/Desktop/AER201/botL.X/main.asm
                HOLD_PLOG   0x00065e    program     static /Users/mreiter/Desktop/AER201/botL.X/main.asm
             HOLD_STANDBY   0x00019e    program     static /Users/mreiter/Desktop/AER201/botL.X/main.asm
                  HOLD_UP   0x000e66    program     static /Users/mreiter/Desktop/AER201/botL.X/i2c.asm
                I2C_ACKDT   0x000e16    program     extern /Users/mreiter/Desktop/AER201/botL.X/i2c.asm
           I2C_Master_ACK   0x000e7c    program     extern /Users/mreiter/Desktop/AER201/botL.X/i2c.asm
          I2C_Master_INIT   0x000e26    program     extern /Users/mreiter/Desktop/AER201/botL.X/i2c.asm
          I2C_Master_READ   0x000e6e    program     extern /Users/mreiter/Desktop/AER201/botL.X/i2c.asm
        I2C_Master_RSTART   0x000e50    program     extern /Users/mreiter/Desktop/AER201/botL.X/i2c.asm
         I2C_Master_START   0x000e48    program     extern /Users/mreiter/Desktop/AER201/botL.X/i2c.asm
          I2C_Master_STOP   0x000e58    program     extern /Users/mreiter/Desktop/AER201/botL.X/i2c.asm
          I2C_Master_WAIT   0x000e38    program     extern /Users/mreiter/Desktop/AER201/botL.X/i2c.asm
         I2C_Master_WRITE   0x000e60    program     extern /Users/mreiter/Desktop/AER201/botL.X/i2c.asm
                 I2C_temp   0x000e16    program     static /Users/mreiter/Desktop/AER201/botL.X/i2c.asm
                     INIT   0x0000ca    program     static /Users/mreiter/Desktop/AER201/botL.X/main.asm
               INIT_USART   0x000886    program     static /Users/mreiter/Desktop/AER201/botL.X/main.asm
                 ISR_HIGH   0x00001c    program     static /Users/mreiter/Desktop/AER201/botL.X/main.asm
                  ISR_LOW   0x000096    program     static /Users/mreiter/Desktop/AER201/botL.X/main.asm
                  InitLCD   0x000bbe    program     extern /Users/mreiter/Desktop/AER201/botL.X/lcd.asm
                   LCD_L1   0x000c8a    program     extern /Users/mreiter/Desktop/AER201/botL.X/lcd.asm
                   LCD_L2   0x000c92    program     extern /Users/mreiter/Desktop/AER201/botL.X/lcd.asm
                 LLD_LOOP   0x000ca8    program     static /Users/mreiter/Desktop/AER201/botL.X/lcd.asm
                      LOG   0x0003ca    program     static /Users/mreiter/Desktop/AER201/botL.X/main.asm
                 LOG_INFO   0x000454    program     static /Users/mreiter/Desktop/AER201/botL.X/main.asm
                     LOOP   0x000e74    program     static /Users/mreiter/Desktop/AER201/botL.X/i2c.asm
                     Log1   0x000b02    program     static /Users/mreiter/Desktop/AER201/botL.X/main.asm
                     Log2   0x000b08    program     static /Users/mreiter/Desktop/AER201/botL.X/main.asm
                 LogInfo1   0x000b16    program     static /Users/mreiter/Desktop/AER201/botL.X/main.asm
                 LogInfo2   0x000b1e    program     static /Users/mreiter/Desktop/AER201/botL.X/main.asm
                   MovMSB   0x000c9a    program     static /Users/mreiter/Desktop/AER201/botL.X/lcd.asm
                   NoData   0x000baa    program     static /Users/mreiter/Desktop/AER201/botL.X/main.asm
          NoSkipDispOpRTC   0x000a4c    program     static /Users/mreiter/Desktop/AER201/botL.X/main.asm
         NoSkipDispOpTime   0x0009d6    program     static /Users/mreiter/Desktop/AER201/botL.X/main.asm
                  Op_Time   0x000b88    program     static /Users/mreiter/Desktop/AER201/botL.X/main.asm
                      PC1   0x000b58    program     static /Users/mreiter/Desktop/AER201/botL.X/main.asm
                      PC2   0x000b66    program     static /Users/mreiter/Desktop/AER201/botL.X/main.asm
                   PCLog1   0x000bae    program     static /Users/mreiter/Desktop/AER201/botL.X/main.asm
               PCTransfer   0x000b70    program     static /Users/mreiter/Desktop/AER201/botL.X/main.asm
                  PC_MODE   0x00067a    program     static /Users/mreiter/Desktop/AER201/botL.X/main.asm
              PC_TRANSFER   0x0006f4    program     static /Users/mreiter/Desktop/AER201/botL.X/main.asm
                 PERM_LOG   0x0004ac    program     static /Users/mreiter/Desktop/AER201/botL.X/main.asm
                     PLOG   0x0005ca    program     static /Users/mreiter/Desktop/AER201/botL.X/main.asm
                 PermLog1   0x000b28    program     static /Users/mreiter/Desktop/AER201/botL.X/main.asm
                 PermLog2   0x000b38    program     static /Users/mreiter/Desktop/AER201/botL.X/main.asm
                   RD_END   0x000df8    program     static /Users/mreiter/Desktop/AER201/botL.X/i2c_common.asm
                  RD_ERR1   0x000dda    program     static /Users/mreiter/Desktop/AER201/botL.X/i2c_common.asm
                  RD_ERR2   0x000de4    program     static /Users/mreiter/Desktop/AER201/botL.X/i2c_common.asm
                  RD_ERR3   0x000dee    program     static /Users/mreiter/Desktop/AER201/botL.X/i2c_common.asm
                 READ_KEY   0x00096a    program     static /Users/mreiter/Desktop/AER201/botL.X/main.asm
            READ_KEY_TIME   0x00097e    program     static /Users/mreiter/Desktop/AER201/botL.X/main.asm
                 RTC_INIT   0x000718    program     static /Users/mreiter/Desktop/AER201/botL.X/main.asm
                     SAVE   0x000b90    program     static /Users/mreiter/Desktop/AER201/botL.X/main.asm
                 SET_TIME   0x00081e    program     static /Users/mreiter/Desktop/AER201/botL.X/main.asm
                  STANDBY   0x000180    program     static /Users/mreiter/Desktop/AER201/botL.X/main.asm
               START_TIME   0x000726    program     static /Users/mreiter/Desktop/AER201/botL.X/main.asm
                   Safety   0x000b9a    program     static /Users/mreiter/Desktop/AER201/botL.X/main.asm
                 SaveData   0x0002ce    program     static /Users/mreiter/Desktop/AER201/botL.X/main.asm
                ShiftLoop   0x000300    program     static /Users/mreiter/Desktop/AER201/botL.X/main.asm
            SkipDispOpRTC   0x000aae    program     static /Users/mreiter/Desktop/AER201/botL.X/main.asm
           SkipDispOpTime   0x000a0a    program     static /Users/mreiter/Desktop/AER201/botL.X/main.asm
                  StandBy   0x000afa    program     static /Users/mreiter/Desktop/AER201/botL.X/main.asm
                  Stopped   0x000b80    program     static /Users/mreiter/Desktop/AER201/botL.X/main.asm
                 TEST_ACK   0x000e80    program     static /Users/mreiter/Desktop/AER201/botL.X/i2c.asm
                TEST_NACK   0x000e1e    program     static /Users/mreiter/Desktop/AER201/botL.X/i2c.asm
                     Team   0x000af0    program     static /Users/mreiter/Desktop/AER201/botL.X/main.asm
                     WAIT   0x000e38    program     static /Users/mreiter/Desktop/AER201/botL.X/i2c.asm
                  WR_DATA   0x000c32    program     extern /Users/mreiter/Desktop/AER201/botL.X/lcd.asm
                   WR_END   0x000d66    program     static /Users/mreiter/Desktop/AER201/botL.X/i2c_common.asm
                  WR_ERR1   0x000d46    program     static /Users/mreiter/Desktop/AER201/botL.X/i2c_common.asm
                  WR_ERR2   0x000d50    program     static /Users/mreiter/Desktop/AER201/botL.X/i2c_common.asm
                  WR_ERR3   0x000d5c    program     static /Users/mreiter/Desktop/AER201/botL.X/i2c_common.asm
                   WR_INS   0x000c16    program     extern /Users/mreiter/Desktop/AER201/botL.X/lcd.asm
                  Welcome   0x000aea    program     static /Users/mreiter/Desktop/AER201/botL.X/main.asm
              WriteEE_RTC   0x0008c6    program     static /Users/mreiter/Desktop/AER201/botL.X/main.asm
                   WrtLCD   0x000c54    program     extern /Users/mreiter/Desktop/AER201/botL.X/lcd.asm
              _.code_0018   0x000cf4    program     static /Users/mreiter/Desktop/AER201/botL.X/i2c_common.asm
              _.code_0026   0x000d02    program     static /Users/mreiter/Desktop/AER201/botL.X/i2c_common.asm
              _.code_002E   0x000d0a    program     static /Users/mreiter/Desktop/AER201/botL.X/i2c_common.asm
              _.code_0034   0x000d10    program     static /Users/mreiter/Desktop/AER201/botL.X/i2c_common.asm
              _.code_0042   0x000d1e    program     static /Users/mreiter/Desktop/AER201/botL.X/i2c_common.asm
              _.code_0048   0x000d24    program     static /Users/mreiter/Desktop/AER201/botL.X/i2c_common.asm
              _.code_0056   0x000d32    program     static /Users/mreiter/Desktop/AER201/botL.X/i2c_common.asm
              _.code_005C   0x000d38    program     static /Users/mreiter/Desktop/AER201/botL.X/i2c_common.asm
              _.code_008E   0x000d6a    program     static /Users/mreiter/Desktop/AER201/botL.X/i2c_common.asm
              _.code_009C   0x000d78    program     static /Users/mreiter/Desktop/AER201/botL.X/i2c_common.asm
              _.code_00A4   0x000d80    program     static /Users/mreiter/Desktop/AER201/botL.X/i2c_common.asm
              _.code_00AA   0x000d86    program     static /Users/mreiter/Desktop/AER201/botL.X/i2c_common.asm
              _.code_00B8   0x000d94    program     static /Users/mreiter/Desktop/AER201/botL.X/i2c_common.asm
              _.code_00BE   0x000d9a    program     static /Users/mreiter/Desktop/AER201/botL.X/i2c_common.asm
              _.code_00C6   0x000c84    program     static /Users/mreiter/Desktop/AER201/botL.X/lcd.asm
              _.code_00CC   0x000da8    program     static /Users/mreiter/Desktop/AER201/botL.X/i2c_common.asm
              _.code_00D4   0x000db0    program     static /Users/mreiter/Desktop/AER201/botL.X/i2c_common.asm
              _.code_00DA   0x000db6    program     static /Users/mreiter/Desktop/AER201/botL.X/i2c_common.asm
              _.code_00E8   0x000dc4    program     static /Users/mreiter/Desktop/AER201/botL.X/i2c_common.asm
              _.code_00F0   0x000cae    program     static /Users/mreiter/Desktop/AER201/botL.X/lcd.asm
              _.code_0120   0x000dfc    program     static /Users/mreiter/Desktop/AER201/botL.X/i2c_common.asm
             _.org_2_027A   0x00027a    program     static /Users/mreiter/Desktop/AER201/botL.X/main.asm
             _.org_2_0292   0x000292    program     static /Users/mreiter/Desktop/AER201/botL.X/main.asm
             _.org_2_02A8   0x0002a8    program     static /Users/mreiter/Desktop/AER201/botL.X/main.asm
             _.org_2_02C0   0x0002c0    program     static /Users/mreiter/Desktop/AER201/botL.X/main.asm
             _.org_2_0326   0x000326    program     static /Users/mreiter/Desktop/AER201/botL.X/main.asm
             _.org_2_033E   0x00033e    program     static /Users/mreiter/Desktop/AER201/botL.X/main.asm
             _.org_2_0378   0x000378    program     static /Users/mreiter/Desktop/AER201/botL.X/main.asm
             _.org_2_0390   0x000390    program     static /Users/mreiter/Desktop/AER201/botL.X/main.asm
             _.org_2_03A6   0x0003a6    program     static /Users/mreiter/Desktop/AER201/botL.X/main.asm
             _.org_2_03BE   0x0003be    program     static /Users/mreiter/Desktop/AER201/botL.X/main.asm
             _.org_2_08D4   0x0008d4    program     static /Users/mreiter/Desktop/AER201/botL.X/main.asm
             _.org_2_08EC   0x0008ec    program     static /Users/mreiter/Desktop/AER201/botL.X/main.asm
             _.org_2_0902   0x000902    program     static /Users/mreiter/Desktop/AER201/botL.X/main.asm
             _.org_2_091A   0x00091a    program     static /Users/mreiter/Desktop/AER201/botL.X/main.asm
             _.org_2_093A   0x00093a    program     static /Users/mreiter/Desktop/AER201/botL.X/main.asm
             _.org_2_0952   0x000952    program     static /Users/mreiter/Desktop/AER201/botL.X/main.asm
             _.org_2_0978   0x000978    program     static /Users/mreiter/Desktop/AER201/botL.X/main.asm
             _.org_2_0994   0x000994    program     static /Users/mreiter/Desktop/AER201/botL.X/main.asm
                  _10loop   0x000176    program     static /Users/mreiter/Desktop/AER201/botL.X/main.asm
                  _11loop   0x000194    program     static /Users/mreiter/Desktop/AER201/botL.X/main.asm
                  _12Exit   0x0001b6    program     static /Users/mreiter/Desktop/AER201/botL.X/main.asm
                  _12Next   0x0001aa    program     static /Users/mreiter/Desktop/AER201/botL.X/main.asm
                  _13Exit   0x0001cc    program     static /Users/mreiter/Desktop/AER201/botL.X/main.asm
                  _13Next   0x0001c0    program     static /Users/mreiter/Desktop/AER201/botL.X/main.asm
                  _14Exit   0x0001e2    program     static /Users/mreiter/Desktop/AER201/botL.X/main.asm
                  _14Next   0x0001d6    program     static /Users/mreiter/Desktop/AER201/botL.X/main.asm
                  _15Exit   0x0001f8    program     static /Users/mreiter/Desktop/AER201/botL.X/main.asm
                  _15Next   0x0001ec    program     static /Users/mreiter/Desktop/AER201/botL.X/main.asm
                  _16loop   0x000216    program     static /Users/mreiter/Desktop/AER201/botL.X/main.asm
                  _17loop   0x000234    program     static /Users/mreiter/Desktop/AER201/botL.X/main.asm
                  _18Exit   0x000268    program     static /Users/mreiter/Desktop/AER201/botL.X/main.asm
                  _18Next   0x00025c    program     static /Users/mreiter/Desktop/AER201/botL.X/main.asm
                  _21loop   0x0002e2    program     static /Users/mreiter/Desktop/AER201/botL.X/main.asm
                  _26loop   0x0003de    program     static /Users/mreiter/Desktop/AER201/botL.X/main.asm
                  _29Exit   0x00043a    program     static /Users/mreiter/Desktop/AER201/botL.X/main.asm
                  _29Next   0x00042e    program     static /Users/mreiter/Desktop/AER201/botL.X/main.asm
                 _2endBCD   0x000058    program     static /Users/mreiter/Desktop/AER201/botL.X/main.asm
                   _2ones   0x000052    program     static /Users/mreiter/Desktop/AER201/botL.X/main.asm
                  _30Exit   0x000450    program     static /Users/mreiter/Desktop/AER201/botL.X/main.asm
                  _30Next   0x000444    program     static /Users/mreiter/Desktop/AER201/botL.X/main.asm
                  _31loop   0x000468    program     static /Users/mreiter/Desktop/AER201/botL.X/main.asm
                  _32loop   0x000486    program     static /Users/mreiter/Desktop/AER201/botL.X/main.asm
                  _33Exit   0x0004a8    program     static /Users/mreiter/Desktop/AER201/botL.X/main.asm
                  _33Next   0x00049c    program     static /Users/mreiter/Desktop/AER201/botL.X/main.asm
                  _34loop   0x0004c0    program     static /Users/mreiter/Desktop/AER201/botL.X/main.asm
                  _35loop   0x0004de    program     static /Users/mreiter/Desktop/AER201/botL.X/main.asm
                  _36Exit   0x000500    program     static /Users/mreiter/Desktop/AER201/botL.X/main.asm
                  _36Next   0x0004f4    program     static /Users/mreiter/Desktop/AER201/botL.X/main.asm
                  _37Exit   0x000516    program     static /Users/mreiter/Desktop/AER201/botL.X/main.asm
                  _37Next   0x00050a    program     static /Users/mreiter/Desktop/AER201/botL.X/main.asm
                  _38Exit   0x00052c    program     static /Users/mreiter/Desktop/AER201/botL.X/main.asm
                  _38Next   0x000520    program     static /Users/mreiter/Desktop/AER201/botL.X/main.asm
                  _39Exit   0x000542    program     static /Users/mreiter/Desktop/AER201/botL.X/main.asm
                  _39Next   0x000536    program     static /Users/mreiter/Desktop/AER201/botL.X/main.asm
                 _3endBCD   0x00008a    program     static /Users/mreiter/Desktop/AER201/botL.X/main.asm
                   _3ones   0x000084    program     static /Users/mreiter/Desktop/AER201/botL.X/main.asm
                  _40Exit   0x000558    program     static /Users/mreiter/Desktop/AER201/botL.X/main.asm
                  _40Next   0x00054c    program     static /Users/mreiter/Desktop/AER201/botL.X/main.asm
                  _41Exit   0x00056e    program     static /Users/mreiter/Desktop/AER201/botL.X/main.asm
                  _41Next   0x000562    program     static /Users/mreiter/Desktop/AER201/botL.X/main.asm
                  _42Exit   0x000584    program     static /Users/mreiter/Desktop/AER201/botL.X/main.asm
                  _42Next   0x000578    program     static /Users/mreiter/Desktop/AER201/botL.X/main.asm
                  _43Exit   0x00059a    program     static /Users/mreiter/Desktop/AER201/botL.X/main.asm
                  _43Next   0x00058e    program     static /Users/mreiter/Desktop/AER201/botL.X/main.asm
                  _44Exit   0x0005b0    program     static /Users/mreiter/Desktop/AER201/botL.X/main.asm
                  _44Next   0x0005a4    program     static /Users/mreiter/Desktop/AER201/botL.X/main.asm
                  _45Exit   0x0005c6    program     static /Users/mreiter/Desktop/AER201/botL.X/main.asm
                  _45Next   0x0005ba    program     static /Users/mreiter/Desktop/AER201/botL.X/main.asm
                  _46loop   0x0005de    program     static /Users/mreiter/Desktop/AER201/botL.X/main.asm
                  _49Exit   0x000676    program     static /Users/mreiter/Desktop/AER201/botL.X/main.asm
                  _49Next   0x00066a    program     static /Users/mreiter/Desktop/AER201/botL.X/main.asm
                  _50loop   0x00068e    program     static /Users/mreiter/Desktop/AER201/botL.X/main.asm
                  _51loop   0x0006ac    program     static /Users/mreiter/Desktop/AER201/botL.X/main.asm
                  _52Exit   0x0006da    program     static /Users/mreiter/Desktop/AER201/botL.X/main.asm
                  _52Next   0x0006ce    program     static /Users/mreiter/Desktop/AER201/botL.X/main.asm
                  _53Exit   0x0006f0    program     static /Users/mreiter/Desktop/AER201/botL.X/main.asm
                  _53Next   0x0006e4    program     static /Users/mreiter/Desktop/AER201/botL.X/main.asm
                  _54loop   0x00070a    program     static /Users/mreiter/Desktop/AER201/botL.X/main.asm
                  _76loop   0x0009c4    program     static /Users/mreiter/Desktop/AER201/botL.X/main.asm
                  _78loop   0x000a3a    program     static /Users/mreiter/Desktop/AER201/botL.X/main.asm
                   _8loop   0x00014a    program     static /Users/mreiter/Desktop/AER201/botL.X/main.asm
                   _9loop   0x000168    program     static /Users/mreiter/Desktop/AER201/botL.X/main.asm
                  _waitl0   0x000dd0    program     static /Users/mreiter/Desktop/AER201/botL.X/i2c_common.asm
                       d2   0x000cd6    program     static /Users/mreiter/Desktop/AER201/botL.X/lcd.asm
                del_loop0   0x000824    program     static /Users/mreiter/Desktop/AER201/botL.X/main.asm
                delay44us   0x000cba    program     static /Users/mreiter/Desktop/AER201/botL.X/lcd.asm
                 delay5ms   0x000cc6    program     static /Users/mreiter/Desktop/AER201/botL.X/lcd.asm
               displayNum   0x000604    program     static /Users/mreiter/Desktop/AER201/botL.X/main.asm
         i2c_common_setup   0x000cdc    program     extern /Users/mreiter/Desktop/AER201/botL.X/i2c_common.asm
             lcdLongDelay   0x000ca4    program     static /Users/mreiter/Desktop/AER201/botL.X/lcd.asm
                loop200us   0x0008a8    program     static /Users/mreiter/Desktop/AER201/botL.X/main.asm
                 loop50ms   0x0008b6    program     static /Users/mreiter/Desktop/AER201/botL.X/main.asm
                  loop5us   0x00089a    program     static /Users/mreiter/Desktop/AER201/botL.X/main.asm
                 read_rtc   0x000d70    program     extern /Users/mreiter/Desktop/AER201/botL.X/i2c_common.asm
              rtc_convert   0x000e02    program     extern /Users/mreiter/Desktop/AER201/botL.X/i2c_common.asm
                write_rtc   0x000cfa    program     extern /Users/mreiter/Desktop/AER201/botL.X/i2c_common.asm
           convert_buffer   0x000085       data     extern /Users/mreiter/Desktop/AER201/botL.X/i2c_common.asm
                 databyte   0x000081       data     extern /Users/mreiter/Desktop/AER201/botL.X/i2c_common.asm
                 datachar   0x000082       data     extern /Users/mreiter/Desktop/AER201/botL.X/i2c_common.asm
               ones_digit   0x000084       data     extern /Users/mreiter/Desktop/AER201/botL.X/i2c_common.asm
               regaddress   0x000080       data     extern /Users/mreiter/Desktop/AER201/botL.X/i2c_common.asm
               tens_digit   0x000083       data     extern /Users/mreiter/Desktop/AER201/botL.X/i2c_common.asm



                              Symbols - Sorted by Address
                     Name    Address   Location    Storage File                     
                ---------  ---------  ---------  --------- ---------                
                 ISR_HIGH   0x00001c    program     static /Users/mreiter/Desktop/AER201/botL.X/main.asm
                   _2ones   0x000052    program     static /Users/mreiter/Desktop/AER201/botL.X/main.asm
                 _2endBCD   0x000058    program     static /Users/mreiter/Desktop/AER201/botL.X/main.asm
                   _3ones   0x000084    program     static /Users/mreiter/Desktop/AER201/botL.X/main.asm
                 _3endBCD   0x00008a    program     static /Users/mreiter/Desktop/AER201/botL.X/main.asm
             END_ISR_HIGH   0x00008c    program     static /Users/mreiter/Desktop/AER201/botL.X/main.asm
                  ISR_LOW   0x000096    program     static /Users/mreiter/Desktop/AER201/botL.X/main.asm
              END_ISR_LOW   0x0000b2    program     static /Users/mreiter/Desktop/AER201/botL.X/main.asm
                     INIT   0x0000ca    program     static /Users/mreiter/Desktop/AER201/botL.X/main.asm
                   _8loop   0x00014a    program     static /Users/mreiter/Desktop/AER201/botL.X/main.asm
                   _9loop   0x000168    program     static /Users/mreiter/Desktop/AER201/botL.X/main.asm
                  _10loop   0x000176    program     static /Users/mreiter/Desktop/AER201/botL.X/main.asm
                  STANDBY   0x000180    program     static /Users/mreiter/Desktop/AER201/botL.X/main.asm
                  _11loop   0x000194    program     static /Users/mreiter/Desktop/AER201/botL.X/main.asm
             HOLD_STANDBY   0x00019e    program     static /Users/mreiter/Desktop/AER201/botL.X/main.asm
                  _12Next   0x0001aa    program     static /Users/mreiter/Desktop/AER201/botL.X/main.asm
                  _12Exit   0x0001b6    program     static /Users/mreiter/Desktop/AER201/botL.X/main.asm
                  _13Next   0x0001c0    program     static /Users/mreiter/Desktop/AER201/botL.X/main.asm
                  _13Exit   0x0001cc    program     static /Users/mreiter/Desktop/AER201/botL.X/main.asm
                  _14Next   0x0001d6    program     static /Users/mreiter/Desktop/AER201/botL.X/main.asm
                  _14Exit   0x0001e2    program     static /Users/mreiter/Desktop/AER201/botL.X/main.asm
                  _15Next   0x0001ec    program     static /Users/mreiter/Desktop/AER201/botL.X/main.asm
                  _15Exit   0x0001f8    program     static /Users/mreiter/Desktop/AER201/botL.X/main.asm
                EXECUTION   0x0001fc    program     static /Users/mreiter/Desktop/AER201/botL.X/main.asm
                  _16loop   0x000216    program     static /Users/mreiter/Desktop/AER201/botL.X/main.asm
                  _17loop   0x000234    program     static /Users/mreiter/Desktop/AER201/botL.X/main.asm
                 HOLD_EXE   0x000250    program     static /Users/mreiter/Desktop/AER201/botL.X/main.asm
                  _18Next   0x00025c    program     static /Users/mreiter/Desktop/AER201/botL.X/main.asm
                  _18Exit   0x000268    program     static /Users/mreiter/Desktop/AER201/botL.X/main.asm
                 EXIT_EXE   0x00026c    program     static /Users/mreiter/Desktop/AER201/botL.X/main.asm
             _.org_2_027A   0x00027a    program     static /Users/mreiter/Desktop/AER201/botL.X/main.asm
             _.org_2_0292   0x000292    program     static /Users/mreiter/Desktop/AER201/botL.X/main.asm
             _.org_2_02A8   0x0002a8    program     static /Users/mreiter/Desktop/AER201/botL.X/main.asm
             _.org_2_02C0   0x0002c0    program     static /Users/mreiter/Desktop/AER201/botL.X/main.asm
                 SaveData   0x0002ce    program     static /Users/mreiter/Desktop/AER201/botL.X/main.asm
                  _21loop   0x0002e2    program     static /Users/mreiter/Desktop/AER201/botL.X/main.asm
                ShiftLoop   0x000300    program     static /Users/mreiter/Desktop/AER201/botL.X/main.asm
             _.org_2_0326   0x000326    program     static /Users/mreiter/Desktop/AER201/botL.X/main.asm
             _.org_2_033E   0x00033e    program     static /Users/mreiter/Desktop/AER201/botL.X/main.asm
             _.org_2_0378   0x000378    program     static /Users/mreiter/Desktop/AER201/botL.X/main.asm
             _.org_2_0390   0x000390    program     static /Users/mreiter/Desktop/AER201/botL.X/main.asm
             _.org_2_03A6   0x0003a6    program     static /Users/mreiter/Desktop/AER201/botL.X/main.asm
             _.org_2_03BE   0x0003be    program     static /Users/mreiter/Desktop/AER201/botL.X/main.asm
                      LOG   0x0003ca    program     static /Users/mreiter/Desktop/AER201/botL.X/main.asm
                  _26loop   0x0003de    program     static /Users/mreiter/Desktop/AER201/botL.X/main.asm
                 HOLD_LOG   0x000422    program     static /Users/mreiter/Desktop/AER201/botL.X/main.asm
                  _29Next   0x00042e    program     static /Users/mreiter/Desktop/AER201/botL.X/main.asm
                  _29Exit   0x00043a    program     static /Users/mreiter/Desktop/AER201/botL.X/main.asm
                  _30Next   0x000444    program     static /Users/mreiter/Desktop/AER201/botL.X/main.asm
                  _30Exit   0x000450    program     static /Users/mreiter/Desktop/AER201/botL.X/main.asm
                 LOG_INFO   0x000454    program     static /Users/mreiter/Desktop/AER201/botL.X/main.asm
                  _31loop   0x000468    program     static /Users/mreiter/Desktop/AER201/botL.X/main.asm
                  _32loop   0x000486    program     static /Users/mreiter/Desktop/AER201/botL.X/main.asm
            HOLD_LOG_INFO   0x000490    program     static /Users/mreiter/Desktop/AER201/botL.X/main.asm
                  _33Next   0x00049c    program     static /Users/mreiter/Desktop/AER201/botL.X/main.asm
                  _33Exit   0x0004a8    program     static /Users/mreiter/Desktop/AER201/botL.X/main.asm
                 PERM_LOG   0x0004ac    program     static /Users/mreiter/Desktop/AER201/botL.X/main.asm
                  _34loop   0x0004c0    program     static /Users/mreiter/Desktop/AER201/botL.X/main.asm
                  _35loop   0x0004de    program     static /Users/mreiter/Desktop/AER201/botL.X/main.asm
            HOLD_PERM_LOG   0x0004e8    program     static /Users/mreiter/Desktop/AER201/botL.X/main.asm
                  _36Next   0x0004f4    program     static /Users/mreiter/Desktop/AER201/botL.X/main.asm
                  _36Exit   0x000500    program     static /Users/mreiter/Desktop/AER201/botL.X/main.asm
                  _37Next   0x00050a    program     static /Users/mreiter/Desktop/AER201/botL.X/main.asm
                  _37Exit   0x000516    program     static /Users/mreiter/Desktop/AER201/botL.X/main.asm
                  _38Next   0x000520    program     static /Users/mreiter/Desktop/AER201/botL.X/main.asm
                  _38Exit   0x00052c    program     static /Users/mreiter/Desktop/AER201/botL.X/main.asm
                  _39Next   0x000536    program     static /Users/mreiter/Desktop/AER201/botL.X/main.asm
                  _39Exit   0x000542    program     static /Users/mreiter/Desktop/AER201/botL.X/main.asm
                  _40Next   0x00054c    program     static /Users/mreiter/Desktop/AER201/botL.X/main.asm
                  _40Exit   0x000558    program     static /Users/mreiter/Desktop/AER201/botL.X/main.asm
                  _41Next   0x000562    program     static /Users/mreiter/Desktop/AER201/botL.X/main.asm
                  _41Exit   0x00056e    program     static /Users/mreiter/Desktop/AER201/botL.X/main.asm
                  _42Next   0x000578    program     static /Users/mreiter/Desktop/AER201/botL.X/main.asm
                  _42Exit   0x000584    program     static /Users/mreiter/Desktop/AER201/botL.X/main.asm
                  _43Next   0x00058e    program     static /Users/mreiter/Desktop/AER201/botL.X/main.asm
                  _43Exit   0x00059a    program     static /Users/mreiter/Desktop/AER201/botL.X/main.asm
                  _44Next   0x0005a4    program     static /Users/mreiter/Desktop/AER201/botL.X/main.asm
                  _44Exit   0x0005b0    program     static /Users/mreiter/Desktop/AER201/botL.X/main.asm
                  _45Next   0x0005ba    program     static /Users/mreiter/Desktop/AER201/botL.X/main.asm
                  _45Exit   0x0005c6    program     static /Users/mreiter/Desktop/AER201/botL.X/main.asm
                     PLOG   0x0005ca    program     static /Users/mreiter/Desktop/AER201/botL.X/main.asm
                  _46loop   0x0005de    program     static /Users/mreiter/Desktop/AER201/botL.X/main.asm
               displayNum   0x000604    program     static /Users/mreiter/Desktop/AER201/botL.X/main.asm
                HOLD_PLOG   0x00065e    program     static /Users/mreiter/Desktop/AER201/botL.X/main.asm
                  _49Next   0x00066a    program     static /Users/mreiter/Desktop/AER201/botL.X/main.asm
                  _49Exit   0x000676    program     static /Users/mreiter/Desktop/AER201/botL.X/main.asm
                  PC_MODE   0x00067a    program     static /Users/mreiter/Desktop/AER201/botL.X/main.asm
                  _50loop   0x00068e    program     static /Users/mreiter/Desktop/AER201/botL.X/main.asm
                  _51loop   0x0006ac    program     static /Users/mreiter/Desktop/AER201/botL.X/main.asm
                  HOLD_PC   0x0006c2    program     static /Users/mreiter/Desktop/AER201/botL.X/main.asm
                  _52Next   0x0006ce    program     static /Users/mreiter/Desktop/AER201/botL.X/main.asm
                  _52Exit   0x0006da    program     static /Users/mreiter/Desktop/AER201/botL.X/main.asm
                  _53Next   0x0006e4    program     static /Users/mreiter/Desktop/AER201/botL.X/main.asm
                  _53Exit   0x0006f0    program     static /Users/mreiter/Desktop/AER201/botL.X/main.asm
              PC_TRANSFER   0x0006f4    program     static /Users/mreiter/Desktop/AER201/botL.X/main.asm
                  _54loop   0x00070a    program     static /Users/mreiter/Desktop/AER201/botL.X/main.asm
                 RTC_INIT   0x000718    program     static /Users/mreiter/Desktop/AER201/botL.X/main.asm
               START_TIME   0x000726    program     static /Users/mreiter/Desktop/AER201/botL.X/main.asm
                 END_TIME   0x000754    program     static /Users/mreiter/Desktop/AER201/botL.X/main.asm
              DISPLAY_RTC   0x000782    program     static /Users/mreiter/Desktop/AER201/botL.X/main.asm
                 SET_TIME   0x00081e    program     static /Users/mreiter/Desktop/AER201/botL.X/main.asm
                del_loop0   0x000824    program     static /Users/mreiter/Desktop/AER201/botL.X/main.asm
               INIT_USART   0x000886    program     static /Users/mreiter/Desktop/AER201/botL.X/main.asm
                 Delay5us   0x000896    program     static /Users/mreiter/Desktop/AER201/botL.X/main.asm
                  loop5us   0x00089a    program     static /Users/mreiter/Desktop/AER201/botL.X/main.asm
               Delay200us   0x0008a4    program     static /Users/mreiter/Desktop/AER201/botL.X/main.asm
                loop200us   0x0008a8    program     static /Users/mreiter/Desktop/AER201/botL.X/main.asm
                Delay50ms   0x0008b2    program     static /Users/mreiter/Desktop/AER201/botL.X/main.asm
                 loop50ms   0x0008b6    program     static /Users/mreiter/Desktop/AER201/botL.X/main.asm
                   Cycles   0x0008bc    program     static /Users/mreiter/Desktop/AER201/botL.X/main.asm
              WriteEE_RTC   0x0008c6    program     static /Users/mreiter/Desktop/AER201/botL.X/main.asm
             _.org_2_08D4   0x0008d4    program     static /Users/mreiter/Desktop/AER201/botL.X/main.asm
             _.org_2_08EC   0x0008ec    program     static /Users/mreiter/Desktop/AER201/botL.X/main.asm
             _.org_2_0902   0x000902    program     static /Users/mreiter/Desktop/AER201/botL.X/main.asm
             _.org_2_091A   0x00091a    program     static /Users/mreiter/Desktop/AER201/botL.X/main.asm
           ClearEEPROM_21   0x000924    program     static /Users/mreiter/Desktop/AER201/botL.X/main.asm
                ClearNext   0x00092c    program     static /Users/mreiter/Desktop/AER201/botL.X/main.asm
             _.org_2_093A   0x00093a    program     static /Users/mreiter/Desktop/AER201/botL.X/main.asm
             _.org_2_0952   0x000952    program     static /Users/mreiter/Desktop/AER201/botL.X/main.asm
                 READ_KEY   0x00096a    program     static /Users/mreiter/Desktop/AER201/botL.X/main.asm
             _.org_2_0978   0x000978    program     static /Users/mreiter/Desktop/AER201/botL.X/main.asm
            READ_KEY_TIME   0x00097e    program     static /Users/mreiter/Desktop/AER201/botL.X/main.asm
             _.org_2_0994   0x000994    program     static /Users/mreiter/Desktop/AER201/botL.X/main.asm
              DisplayTime   0x00099a    program     static /Users/mreiter/Desktop/AER201/botL.X/main.asm
                  _76loop   0x0009c4    program     static /Users/mreiter/Desktop/AER201/botL.X/main.asm
         NoSkipDispOpTime   0x0009d6    program     static /Users/mreiter/Desktop/AER201/botL.X/main.asm
           SkipDispOpTime   0x000a0a    program     static /Users/mreiter/Desktop/AER201/botL.X/main.asm
                DispOpRTC   0x000a0c    program     static /Users/mreiter/Desktop/AER201/botL.X/main.asm
                  _78loop   0x000a3a    program     static /Users/mreiter/Desktop/AER201/botL.X/main.asm
          NoSkipDispOpRTC   0x000a4c    program     static /Users/mreiter/Desktop/AER201/botL.X/main.asm
            SkipDispOpRTC   0x000aae    program     static /Users/mreiter/Desktop/AER201/botL.X/main.asm
         DispOpRTC_Helper   0x000ab0    program     static /Users/mreiter/Desktop/AER201/botL.X/main.asm
                  Welcome   0x000aea    program     static /Users/mreiter/Desktop/AER201/botL.X/main.asm
                     Team   0x000af0    program     static /Users/mreiter/Desktop/AER201/botL.X/main.asm
                  StandBy   0x000afa    program     static /Users/mreiter/Desktop/AER201/botL.X/main.asm
                     Log1   0x000b02    program     static /Users/mreiter/Desktop/AER201/botL.X/main.asm
                     Log2   0x000b08    program     static /Users/mreiter/Desktop/AER201/botL.X/main.asm
                 LogInfo1   0x000b16    program     static /Users/mreiter/Desktop/AER201/botL.X/main.asm
                 LogInfo2   0x000b1e    program     static /Users/mreiter/Desktop/AER201/botL.X/main.asm
                 PermLog1   0x000b28    program     static /Users/mreiter/Desktop/AER201/botL.X/main.asm
                 PermLog2   0x000b38    program     static /Users/mreiter/Desktop/AER201/botL.X/main.asm
                     Exe1   0x000b44    program     static /Users/mreiter/Desktop/AER201/botL.X/main.asm
                     Exe2   0x000b50    program     static /Users/mreiter/Desktop/AER201/botL.X/main.asm
                      PC1   0x000b58    program     static /Users/mreiter/Desktop/AER201/botL.X/main.asm
                      PC2   0x000b66    program     static /Users/mreiter/Desktop/AER201/botL.X/main.asm
               PCTransfer   0x000b70    program     static /Users/mreiter/Desktop/AER201/botL.X/main.asm
                  Stopped   0x000b80    program     static /Users/mreiter/Desktop/AER201/botL.X/main.asm
                  Op_Time   0x000b88    program     static /Users/mreiter/Desktop/AER201/botL.X/main.asm
                     SAVE   0x000b90    program     static /Users/mreiter/Desktop/AER201/botL.X/main.asm
                   Safety   0x000b9a    program     static /Users/mreiter/Desktop/AER201/botL.X/main.asm
                   NoData   0x000baa    program     static /Users/mreiter/Desktop/AER201/botL.X/main.asm
                   PCLog1   0x000bae    program     static /Users/mreiter/Desktop/AER201/botL.X/main.asm
                  InitLCD   0x000bbe    program     extern /Users/mreiter/Desktop/AER201/botL.X/lcd.asm
                   WR_INS   0x000c16    program     extern /Users/mreiter/Desktop/AER201/botL.X/lcd.asm
                  WR_DATA   0x000c32    program     extern /Users/mreiter/Desktop/AER201/botL.X/lcd.asm
                   WrtLCD   0x000c54    program     extern /Users/mreiter/Desktop/AER201/botL.X/lcd.asm
                   ClrLCD   0x000c6a    program     extern /Users/mreiter/Desktop/AER201/botL.X/lcd.asm
                   ClkLCD   0x000c78    program     extern /Users/mreiter/Desktop/AER201/botL.X/lcd.asm
              _.code_00C6   0x000c84    program     static /Users/mreiter/Desktop/AER201/botL.X/lcd.asm
                   LCD_L1   0x000c8a    program     extern /Users/mreiter/Desktop/AER201/botL.X/lcd.asm
                   LCD_L2   0x000c92    program     extern /Users/mreiter/Desktop/AER201/botL.X/lcd.asm
                   MovMSB   0x000c9a    program     static /Users/mreiter/Desktop/AER201/botL.X/lcd.asm
             lcdLongDelay   0x000ca4    program     static /Users/mreiter/Desktop/AER201/botL.X/lcd.asm
                 LLD_LOOP   0x000ca8    program     static /Users/mreiter/Desktop/AER201/botL.X/lcd.asm
              _.code_00F0   0x000cae    program     static /Users/mreiter/Desktop/AER201/botL.X/lcd.asm
                delay44us   0x000cba    program     static /Users/mreiter/Desktop/AER201/botL.X/lcd.asm
            Delay44usLoop   0x000cbe    program     static /Users/mreiter/Desktop/AER201/botL.X/lcd.asm
                 delay5ms   0x000cc6    program     static /Users/mreiter/Desktop/AER201/botL.X/lcd.asm
             Delay5msLoop   0x000cce    program     static /Users/mreiter/Desktop/AER201/botL.X/lcd.asm
                       d2   0x000cd6    program     static /Users/mreiter/Desktop/AER201/botL.X/lcd.asm
         i2c_common_setup   0x000cdc    program     extern /Users/mreiter/Desktop/AER201/botL.X/i2c_common.asm
              _.code_0018   0x000cf4    program     static /Users/mreiter/Desktop/AER201/botL.X/i2c_common.asm
                write_rtc   0x000cfa    program     extern /Users/mreiter/Desktop/AER201/botL.X/i2c_common.asm
              _.code_0026   0x000d02    program     static /Users/mreiter/Desktop/AER201/botL.X/i2c_common.asm
              _.code_002E   0x000d0a    program     static /Users/mreiter/Desktop/AER201/botL.X/i2c_common.asm
              _.code_0034   0x000d10    program     static /Users/mreiter/Desktop/AER201/botL.X/i2c_common.asm
              _.code_0042   0x000d1e    program     static /Users/mreiter/Desktop/AER201/botL.X/i2c_common.asm
              _.code_0048   0x000d24    program     static /Users/mreiter/Desktop/AER201/botL.X/i2c_common.asm
              _.code_0056   0x000d32    program     static /Users/mreiter/Desktop/AER201/botL.X/i2c_common.asm
              _.code_005C   0x000d38    program     static /Users/mreiter/Desktop/AER201/botL.X/i2c_common.asm
                  WR_ERR1   0x000d46    program     static /Users/mreiter/Desktop/AER201/botL.X/i2c_common.asm
                  WR_ERR2   0x000d50    program     static /Users/mreiter/Desktop/AER201/botL.X/i2c_common.asm
                  WR_ERR3   0x000d5c    program     static /Users/mreiter/Desktop/AER201/botL.X/i2c_common.asm
                   WR_END   0x000d66    program     static /Users/mreiter/Desktop/AER201/botL.X/i2c_common.asm
              _.code_008E   0x000d6a    program     static /Users/mreiter/Desktop/AER201/botL.X/i2c_common.asm
                 read_rtc   0x000d70    program     extern /Users/mreiter/Desktop/AER201/botL.X/i2c_common.asm
              _.code_009C   0x000d78    program     static /Users/mreiter/Desktop/AER201/botL.X/i2c_common.asm
              _.code_00A4   0x000d80    program     static /Users/mreiter/Desktop/AER201/botL.X/i2c_common.asm
              _.code_00AA   0x000d86    program     static /Users/mreiter/Desktop/AER201/botL.X/i2c_common.asm
              _.code_00B8   0x000d94    program     static /Users/mreiter/Desktop/AER201/botL.X/i2c_common.asm
              _.code_00BE   0x000d9a    program     static /Users/mreiter/Desktop/AER201/botL.X/i2c_common.asm
              _.code_00CC   0x000da8    program     static /Users/mreiter/Desktop/AER201/botL.X/i2c_common.asm
              _.code_00D4   0x000db0    program     static /Users/mreiter/Desktop/AER201/botL.X/i2c_common.asm
              _.code_00DA   0x000db6    program     static /Users/mreiter/Desktop/AER201/botL.X/i2c_common.asm
              _.code_00E8   0x000dc4    program     static /Users/mreiter/Desktop/AER201/botL.X/i2c_common.asm
                  _waitl0   0x000dd0    program     static /Users/mreiter/Desktop/AER201/botL.X/i2c_common.asm
                  RD_ERR1   0x000dda    program     static /Users/mreiter/Desktop/AER201/botL.X/i2c_common.asm
                  RD_ERR2   0x000de4    program     static /Users/mreiter/Desktop/AER201/botL.X/i2c_common.asm
                  RD_ERR3   0x000dee    program     static /Users/mreiter/Desktop/AER201/botL.X/i2c_common.asm
                   RD_END   0x000df8    program     static /Users/mreiter/Desktop/AER201/botL.X/i2c_common.asm
              _.code_0120   0x000dfc    program     static /Users/mreiter/Desktop/AER201/botL.X/i2c_common.asm
              rtc_convert   0x000e02    program     extern /Users/mreiter/Desktop/AER201/botL.X/i2c_common.asm
                CHECK_ACK   0x000e16    program     extern /Users/mreiter/Desktop/AER201/botL.X/i2c.asm
                 I2C_temp   0x000e16    program     static /Users/mreiter/Desktop/AER201/botL.X/i2c.asm
                I2C_ACKDT   0x000e16    program     extern /Users/mreiter/Desktop/AER201/botL.X/i2c.asm
               CHECK_NACK   0x000e1a    program     extern /Users/mreiter/Desktop/AER201/botL.X/i2c.asm
                TEST_NACK   0x000e1e    program     static /Users/mreiter/Desktop/AER201/botL.X/i2c.asm
          I2C_Master_INIT   0x000e26    program     extern /Users/mreiter/Desktop/AER201/botL.X/i2c.asm
                     WAIT   0x000e38    program     static /Users/mreiter/Desktop/AER201/botL.X/i2c.asm
          I2C_Master_WAIT   0x000e38    program     extern /Users/mreiter/Desktop/AER201/botL.X/i2c.asm
         I2C_Master_START   0x000e48    program     extern /Users/mreiter/Desktop/AER201/botL.X/i2c.asm
        I2C_Master_RSTART   0x000e50    program     extern /Users/mreiter/Desktop/AER201/botL.X/i2c.asm
          I2C_Master_STOP   0x000e58    program     extern /Users/mreiter/Desktop/AER201/botL.X/i2c.asm
         I2C_Master_WRITE   0x000e60    program     extern /Users/mreiter/Desktop/AER201/botL.X/i2c.asm
                  HOLD_UP   0x000e66    program     static /Users/mreiter/Desktop/AER201/botL.X/i2c.asm
          I2C_Master_READ   0x000e6e    program     extern /Users/mreiter/Desktop/AER201/botL.X/i2c.asm
                     LOOP   0x000e74    program     static /Users/mreiter/Desktop/AER201/botL.X/i2c.asm
           I2C_Master_ACK   0x000e7c    program     extern /Users/mreiter/Desktop/AER201/botL.X/i2c.asm
                 TEST_ACK   0x000e80    program     static /Users/mreiter/Desktop/AER201/botL.X/i2c.asm
               regaddress   0x000080       data     extern /Users/mreiter/Desktop/AER201/botL.X/i2c_common.asm
                 databyte   0x000081       data     extern /Users/mreiter/Desktop/AER201/botL.X/i2c_common.asm
                 datachar   0x000082       data     extern /Users/mreiter/Desktop/AER201/botL.X/i2c_common.asm
               tens_digit   0x000083       data     extern /Users/mreiter/Desktop/AER201/botL.X/i2c_common.asm
               ones_digit   0x000084       data     extern /Users/mreiter/Desktop/AER201/botL.X/i2c_common.asm
           convert_buffer   0x000085       data     extern /Users/mreiter/Desktop/AER201/botL.X/i2c_common.asm


