MPLINK 5.08, LINKER
Linker Map File - Created Thu Mar 30 22:15:29 2017

                                 Section Info
                  Section       Type    Address   Location Size(Bytes)
                ---------  ---------  ---------  ---------  ---------
                   .org_0       code   0x000000    program   0x000004
                   .cinit    romdata   0x000004    program   0x000002
                   .org_1       code   0x000008    program   0x000004
                   .org_2       code   0x000018    program   0x0010b6
                    .code       code   0x0010ce    program   0x0004c2
.config_300001_BUILD/DEFAULT/PRODUCTION/MAIN.O    romdata   0x300001    program   0x000001
.config_300002_BUILD/DEFAULT/PRODUCTION/MAIN.O    romdata   0x300002    program   0x000001
.config_300003_BUILD/DEFAULT/PRODUCTION/MAIN.O    romdata   0x300003    program   0x000001
.config_300005_BUILD/DEFAULT/PRODUCTION/MAIN.O    romdata   0x300005    program   0x000001
.config_300006_BUILD/DEFAULT/PRODUCTION/MAIN.O    romdata   0x300006    program   0x000001
.config_300008_BUILD/DEFAULT/PRODUCTION/MAIN.O    romdata   0x300008    program   0x000001
.config_300009_BUILD/DEFAULT/PRODUCTION/MAIN.O    romdata   0x300009    program   0x000001
.config_30000A_BUILD/DEFAULT/PRODUCTION/MAIN.O    romdata   0x30000a    program   0x000001
.config_30000B_BUILD/DEFAULT/PRODUCTION/MAIN.O    romdata   0x30000b    program   0x000001
.config_30000C_BUILD/DEFAULT/PRODUCTION/MAIN.O    romdata   0x30000c    program   0x000001
.config_30000D_BUILD/DEFAULT/PRODUCTION/MAIN.O    romdata   0x30000d    program   0x000001
               .udata_acs      udata   0x000060       data   0x000006



                              Program Memory Usage 
                               Start         End      
                           ---------   ---------      
                            0x000000    0x000005      
                            0x000008    0x00000b      
                            0x000018    0x00158f      
                            0x300001    0x300003      
                            0x300005    0x300006      
                            0x300008    0x30000d      
            5517 out of 66584 program addresses used, program memory utilization is 8%



                              Symbols - Sorted by Name
                     Name    Address   Location    Storage File                     
                ---------  ---------  ---------  --------- ---------                
                CHECK_ACK   0x001520    program     extern /Users/mreiter/Desktop/AER201/botL.X/i2c.asm
               CHECK_DONE   0x0004ea    program     static /Users/mreiter/Desktop/AER201/botL.X/main.asm
               CHECK_NACK   0x001524    program     extern /Users/mreiter/Desktop/AER201/botL.X/i2c.asm
   COLLECTIONS_CORRECTION   0x000420    program     static /Users/mreiter/Desktop/AER201/botL.X/main.asm
         COLLECTIONS_STEP   0x000434    program     static /Users/mreiter/Desktop/AER201/botL.X/main.asm
        COLLECTIONS_VALUE   0x00042a    program     static /Users/mreiter/Desktop/AER201/botL.X/main.asm
              COLOUR_TEST   0x000396    program     static /Users/mreiter/Desktop/AER201/botL.X/main.asm
           ClearEEPROM_21   0x000e1a    program     static /Users/mreiter/Desktop/AER201/botL.X/main.asm
                ClearNext   0x000e22    program     static /Users/mreiter/Desktop/AER201/botL.X/main.asm
                   ClkLCD   0x001280    program     extern /Users/mreiter/Desktop/AER201/botL.X/lcd.asm
                   ClrLCD   0x001272    program     extern /Users/mreiter/Desktop/AER201/botL.X/lcd.asm
                   Cycles   0x000db2    program     static /Users/mreiter/Desktop/AER201/botL.X/main.asm
               DETECTIONS   0x0004a4    program     static /Users/mreiter/Desktop/AER201/botL.X/main.asm
              DISPLAY_RTC   0x000baa    program     static /Users/mreiter/Desktop/AER201/botL.X/main.asm
                DataUSART   0x000d00    program     static /Users/mreiter/Desktop/AER201/botL.X/main.asm
               Delay200us   0x000d9a    program     static /Users/mreiter/Desktop/AER201/botL.X/main.asm
            Delay44usLoop   0x0012d2    program     static /Users/mreiter/Desktop/AER201/botL.X/lcd.asm
                Delay50ms   0x000da8    program     static /Users/mreiter/Desktop/AER201/botL.X/main.asm
             Delay5msLoop   0x0012e2    program     static /Users/mreiter/Desktop/AER201/botL.X/lcd.asm
                 Delay5us   0x000d8c    program     static /Users/mreiter/Desktop/AER201/botL.X/main.asm
                DispOpRTC   0x000ff6    program     static /Users/mreiter/Desktop/AER201/botL.X/main.asm
         DispOpRTC_Helper   0x001094    program     static /Users/mreiter/Desktop/AER201/botL.X/main.asm
               DispOpSort   0x000f1e    program     static /Users/mreiter/Desktop/AER201/botL.X/main.asm
           DisplayExeTime   0x000e8c    program     static /Users/mreiter/Desktop/AER201/botL.X/main.asm
           EMERGENCY_STOP   0x00001c    program     static /Users/mreiter/Desktop/AER201/botL.X/main.asm
             END_ISR_HIGH   0x0000da    program     static /Users/mreiter/Desktop/AER201/botL.X/main.asm
              END_ISR_LOW   0x000126    program     static /Users/mreiter/Desktop/AER201/botL.X/main.asm
                EXECUTION   0x0003ca    program     static /Users/mreiter/Desktop/AER201/botL.X/main.asm
                 EXIT_EXE   0x000544    program     static /Users/mreiter/Desktop/AER201/botL.X/main.asm
                     Exe1   0x001170    program     static /Users/mreiter/Desktop/AER201/botL.X/main.asm
                     Exe2   0x00117c    program     static /Users/mreiter/Desktop/AER201/botL.X/main.asm
                 HOLD_LOG   0x0005a6    program     static /Users/mreiter/Desktop/AER201/botL.X/main.asm
            HOLD_LOG_INFO   0x000604    program     static /Users/mreiter/Desktop/AER201/botL.X/main.asm
                  HOLD_PC   0x000896    program     static /Users/mreiter/Desktop/AER201/botL.X/main.asm
            HOLD_PERM_LOG   0x00065e    program     static /Users/mreiter/Desktop/AER201/botL.X/main.asm
                HOLD_PLOG   0x0007d4    program     static /Users/mreiter/Desktop/AER201/botL.X/main.asm
        HOLD_PLOG_DETAILS   0x000830    program     static /Users/mreiter/Desktop/AER201/botL.X/main.asm
             HOLD_STANDBY   0x000260    program     static /Users/mreiter/Desktop/AER201/botL.X/main.asm
                  HOLD_UP   0x001570    program     static /Users/mreiter/Desktop/AER201/botL.X/i2c.asm
                I2C_ACKDT   0x001520    program     extern /Users/mreiter/Desktop/AER201/botL.X/i2c.asm
           I2C_Master_ACK   0x001586    program     extern /Users/mreiter/Desktop/AER201/botL.X/i2c.asm
          I2C_Master_INIT   0x001530    program     extern /Users/mreiter/Desktop/AER201/botL.X/i2c.asm
          I2C_Master_READ   0x001578    program     extern /Users/mreiter/Desktop/AER201/botL.X/i2c.asm
        I2C_Master_RSTART   0x00155a    program     extern /Users/mreiter/Desktop/AER201/botL.X/i2c.asm
         I2C_Master_START   0x001552    program     extern /Users/mreiter/Desktop/AER201/botL.X/i2c.asm
          I2C_Master_STOP   0x001562    program     extern /Users/mreiter/Desktop/AER201/botL.X/i2c.asm
          I2C_Master_WAIT   0x001542    program     extern /Users/mreiter/Desktop/AER201/botL.X/i2c.asm
         I2C_Master_WRITE   0x00156a    program     extern /Users/mreiter/Desktop/AER201/botL.X/i2c.asm
                 I2C_temp   0x001520    program     static /Users/mreiter/Desktop/AER201/botL.X/i2c.asm
              INC_ESKACAP   0x0004e6    program     static /Users/mreiter/Desktop/AER201/botL.X/main.asm
            INC_ESKANOCAP   0x0004e2    program     static /Users/mreiter/Desktop/AER201/botL.X/main.asm
               INC_YOPCAP   0x0004de    program     static /Users/mreiter/Desktop/AER201/botL.X/main.asm
             INC_YOPNOCAP   0x0004da    program     static /Users/mreiter/Desktop/AER201/botL.X/main.asm
                     INIT   0x000130    program     static /Users/mreiter/Desktop/AER201/botL.X/main.asm
             INIT_ARDUINO   0x0014ba    program     extern /Users/mreiter/Desktop/AER201/botL.X/i2c_common.asm
                 INIT_RTC   0x0013ce    program     extern /Users/mreiter/Desktop/AER201/botL.X/i2c_common.asm
               INIT_USART   0x000cec    program     static /Users/mreiter/Desktop/AER201/botL.X/main.asm
                 ISR_HIGH   0x00005a    program     static /Users/mreiter/Desktop/AER201/botL.X/main.asm
                  ISR_LOW   0x0000e4    program     static /Users/mreiter/Desktop/AER201/botL.X/main.asm
                  InitLCD   0x0011c4    program     extern /Users/mreiter/Desktop/AER201/botL.X/lcd.asm
                   LCD_L1   0x00129e    program     extern /Users/mreiter/Desktop/AER201/botL.X/lcd.asm
                   LCD_L2   0x0012a6    program     extern /Users/mreiter/Desktop/AER201/botL.X/lcd.asm
                 LLD_LOOP   0x0012bc    program     static /Users/mreiter/Desktop/AER201/botL.X/lcd.asm
            LOAD_EXE_TIME   0x000050    program     static /Users/mreiter/Desktop/AER201/botL.X/main.asm
        LOAD_STANDBY_TIME   0x000046    program     static /Users/mreiter/Desktop/AER201/botL.X/main.asm
                      LOG   0x000572    program     static /Users/mreiter/Desktop/AER201/botL.X/main.asm
                 LOG_INFO   0x0005d8    program     static /Users/mreiter/Desktop/AER201/botL.X/main.asm
                     LOOP   0x00157e    program     static /Users/mreiter/Desktop/AER201/botL.X/i2c.asm
                  LOOPING   0x0003a0    program     static /Users/mreiter/Desktop/AER201/botL.X/main.asm
                     Log1   0x00112e    program     static /Users/mreiter/Desktop/AER201/botL.X/main.asm
                     Log2   0x001134    program     static /Users/mreiter/Desktop/AER201/botL.X/main.asm
                 LogInfo1   0x001142    program     static /Users/mreiter/Desktop/AER201/botL.X/main.asm
                 LogInfo2   0x00114a    program     static /Users/mreiter/Desktop/AER201/botL.X/main.asm
                   MovMSB   0x0012ae    program     static /Users/mreiter/Desktop/AER201/botL.X/lcd.asm
                   NoData   0x0011c0    program     static /Users/mreiter/Desktop/AER201/botL.X/main.asm
        NoSkipDispExeTime   0x000eca    program     static /Users/mreiter/Desktop/AER201/botL.X/main.asm
          NoSkipDispOpRTC   0x001032    program     static /Users/mreiter/Desktop/AER201/botL.X/main.asm
         NoSkipDispOpSort   0x000f5a    program     static /Users/mreiter/Desktop/AER201/botL.X/main.asm
                      PC1   0x001184    program     static /Users/mreiter/Desktop/AER201/botL.X/main.asm
                      PC2   0x001192    program     static /Users/mreiter/Desktop/AER201/botL.X/main.asm
               PCComplete   0x0011ac    program     static /Users/mreiter/Desktop/AER201/botL.X/main.asm
               PCTransfer   0x00119c    program     static /Users/mreiter/Desktop/AER201/botL.X/main.asm
                  PC_MODE   0x00084c    program     static /Users/mreiter/Desktop/AER201/botL.X/main.asm
              PC_TRANSFER   0x0008c8    program     static /Users/mreiter/Desktop/AER201/botL.X/main.asm
                 PERM_LOG   0x000620    program     static /Users/mreiter/Desktop/AER201/botL.X/main.asm
                     PLOG   0x000740    program     static /Users/mreiter/Desktop/AER201/botL.X/main.asm
             PLOG_DETAILS   0x000806    program     static /Users/mreiter/Desktop/AER201/botL.X/main.asm
                 PermLog1   0x001154    program     static /Users/mreiter/Desktop/AER201/botL.X/main.asm
                 PermLog2   0x001164    program     static /Users/mreiter/Desktop/AER201/botL.X/main.asm
             READ_ARDUINO   0x0014de    program     extern /Users/mreiter/Desktop/AER201/botL.X/i2c_common.asm
          READ_COLOUR_I2C   0x00140e    program     extern /Users/mreiter/Desktop/AER201/botL.X/i2c_common.asm
                 READ_KEY   0x000e60    program     static /Users/mreiter/Desktop/AER201/botL.X/main.asm
            READ_KEY_TIME   0x000e74    program     static /Users/mreiter/Desktop/AER201/botL.X/main.asm
                ROTATE_45   0x000446    program     static /Users/mreiter/Desktop/AER201/botL.X/main.asm
           ROTATE_90_TEST   0x0002fc    program     static /Users/mreiter/Desktop/AER201/botL.X/main.asm
                 RTC_INIT   0x000a70    program     static /Users/mreiter/Desktop/AER201/botL.X/main.asm
                     SAVE   0x0011b6    program     static /Users/mreiter/Desktop/AER201/botL.X/main.asm
            SAVE_EXE_TIME   0x000af4    program     static /Users/mreiter/Desktop/AER201/botL.X/main.asm
                SAVE_TIME   0x000a7e    program     static /Users/mreiter/Desktop/AER201/botL.X/main.asm
                 SET_TIME   0x000c84    program     static /Users/mreiter/Desktop/AER201/botL.X/main.asm
                  STANDBY   0x000210    program     static /Users/mreiter/Desktop/AER201/botL.X/main.asm
                STEP_TEST   0x0002ea    program     static /Users/mreiter/Desktop/AER201/botL.X/main.asm
                 SaveData   0x0008f2    program     static /Users/mreiter/Desktop/AER201/botL.X/main.asm
                    Shift   0x001292    program     extern /Users/mreiter/Desktop/AER201/botL.X/lcd.asm
                ShiftLoop   0x000a0a    program     static /Users/mreiter/Desktop/AER201/botL.X/main.asm
          SkipDispExeTime   0x000f1c    program     static /Users/mreiter/Desktop/AER201/botL.X/main.asm
            SkipDispOpRTC   0x001092    program     static /Users/mreiter/Desktop/AER201/botL.X/main.asm
           SkipDispOpSort   0x000ff4    program     static /Users/mreiter/Desktop/AER201/botL.X/main.asm
                  StandBy   0x0010de    program     static /Users/mreiter/Desktop/AER201/botL.X/main.asm
              StandbyInfo   0x001106    program     static /Users/mreiter/Desktop/AER201/botL.X/main.asm
                 TEST_ACK   0x00158a    program     static /Users/mreiter/Desktop/AER201/botL.X/i2c.asm
                TEST_NACK   0x001528    program     static /Users/mreiter/Desktop/AER201/botL.X/i2c.asm
            TRANSFER_DATA   0x000d1a    program     static /Users/mreiter/Desktop/AER201/botL.X/main.asm
            TRANSFER_LOGS   0x000d10    program     static /Users/mreiter/Desktop/AER201/botL.X/main.asm
                     Team   0x0010d4    program     static /Users/mreiter/Desktop/AER201/botL.X/main.asm
               USART_LINE   0x000d7e    program     static /Users/mreiter/Desktop/AER201/botL.X/main.asm
               USART_WAIT   0x000d74    program     static /Users/mreiter/Desktop/AER201/botL.X/main.asm
                     WAIT   0x001542    program     static /Users/mreiter/Desktop/AER201/botL.X/i2c.asm
         WRITE_COLOUR_I2C   0x001472    program     extern /Users/mreiter/Desktop/AER201/botL.X/i2c_common.asm
                  WR_DATA   0x001238    program     extern /Users/mreiter/Desktop/AER201/botL.X/lcd.asm
                   WR_INS   0x00121c    program     extern /Users/mreiter/Desktop/AER201/botL.X/lcd.asm
                  Welcome   0x0010ce    program     static /Users/mreiter/Desktop/AER201/botL.X/main.asm
              WriteEE_RTC   0x000dbc    program     static /Users/mreiter/Desktop/AER201/botL.X/main.asm
                   WrtLCD   0x00125c    program     extern /Users/mreiter/Desktop/AER201/botL.X/lcd.asm
              _.code_001C   0x00130c    program     static /Users/mreiter/Desktop/AER201/botL.X/i2c_common.asm
              _.code_002A   0x00131a    program     static /Users/mreiter/Desktop/AER201/botL.X/i2c_common.asm
              _.code_0032   0x001322    program     static /Users/mreiter/Desktop/AER201/botL.X/i2c_common.asm
              _.code_0038   0x001328    program     static /Users/mreiter/Desktop/AER201/botL.X/i2c_common.asm
              _.code_0042   0x001332    program     static /Users/mreiter/Desktop/AER201/botL.X/i2c_common.asm
              _.code_0048   0x001338    program     static /Users/mreiter/Desktop/AER201/botL.X/i2c_common.asm
              _.code_0052   0x001342    program     static /Users/mreiter/Desktop/AER201/botL.X/i2c_common.asm
              _.code_0058   0x001348    program     static /Users/mreiter/Desktop/AER201/botL.X/i2c_common.asm
              _.code_0060   0x001350    program     static /Users/mreiter/Desktop/AER201/botL.X/i2c_common.asm
              _.code_006E   0x00135e    program     static /Users/mreiter/Desktop/AER201/botL.X/i2c_common.asm
              _.code_0076   0x001366    program     static /Users/mreiter/Desktop/AER201/botL.X/i2c_common.asm
              _.code_007C   0x00136c    program     static /Users/mreiter/Desktop/AER201/botL.X/i2c_common.asm
              _.code_0086   0x001376    program     static /Users/mreiter/Desktop/AER201/botL.X/i2c_common.asm
              _.code_008C   0x00137c    program     static /Users/mreiter/Desktop/AER201/botL.X/i2c_common.asm
              _.code_0094   0x001384    program     static /Users/mreiter/Desktop/AER201/botL.X/i2c_common.asm
              _.code_009C   0x00138c    program     static /Users/mreiter/Desktop/AER201/botL.X/i2c_common.asm
              _.code_00A2   0x001392    program     static /Users/mreiter/Desktop/AER201/botL.X/i2c_common.asm
              _.code_00AA   0x00139a    program     static /Users/mreiter/Desktop/AER201/botL.X/i2c_common.asm
              _.code_00C2   0x0013b2    program     static /Users/mreiter/Desktop/AER201/botL.X/i2c_common.asm
              _.code_00C8   0x00128c    program     static /Users/mreiter/Desktop/AER201/botL.X/lcd.asm
              _.code_00E6   0x0013d6    program     static /Users/mreiter/Desktop/AER201/botL.X/i2c_common.asm
              _.code_00EE   0x0013de    program     static /Users/mreiter/Desktop/AER201/botL.X/i2c_common.asm
              _.code_00F4   0x0013e4    program     static /Users/mreiter/Desktop/AER201/botL.X/i2c_common.asm
              _.code_00FC   0x0013ec    program     static /Users/mreiter/Desktop/AER201/botL.X/i2c_common.asm
              _.code_00FE   0x0012c2    program     static /Users/mreiter/Desktop/AER201/botL.X/lcd.asm
              _.code_0102   0x0013f2    program     static /Users/mreiter/Desktop/AER201/botL.X/i2c_common.asm
              _.code_010A   0x0013fa    program     static /Users/mreiter/Desktop/AER201/botL.X/i2c_common.asm
              _.code_0110   0x001400    program     static /Users/mreiter/Desktop/AER201/botL.X/i2c_common.asm
              _.code_0118   0x001408    program     static /Users/mreiter/Desktop/AER201/botL.X/i2c_common.asm
              _.code_0126   0x001416    program     static /Users/mreiter/Desktop/AER201/botL.X/i2c_common.asm
              _.code_012E   0x00141e    program     static /Users/mreiter/Desktop/AER201/botL.X/i2c_common.asm
              _.code_0134   0x001424    program     static /Users/mreiter/Desktop/AER201/botL.X/i2c_common.asm
              _.code_0140   0x001430    program     static /Users/mreiter/Desktop/AER201/botL.X/i2c_common.asm
              _.code_0146   0x001436    program     static /Users/mreiter/Desktop/AER201/botL.X/i2c_common.asm
              _.code_014E   0x00143e    program     static /Users/mreiter/Desktop/AER201/botL.X/i2c_common.asm
              _.code_0156   0x001446    program     static /Users/mreiter/Desktop/AER201/botL.X/i2c_common.asm
              _.code_015C   0x00144c    program     static /Users/mreiter/Desktop/AER201/botL.X/i2c_common.asm
              _.code_0164   0x001454    program     static /Users/mreiter/Desktop/AER201/botL.X/i2c_common.asm
              _.code_017C   0x00146c    program     static /Users/mreiter/Desktop/AER201/botL.X/i2c_common.asm
              _.code_018A   0x00147a    program     static /Users/mreiter/Desktop/AER201/botL.X/i2c_common.asm
              _.code_0192   0x001482    program     static /Users/mreiter/Desktop/AER201/botL.X/i2c_common.asm
              _.code_0198   0x001488    program     static /Users/mreiter/Desktop/AER201/botL.X/i2c_common.asm
              _.code_01A4   0x001494    program     static /Users/mreiter/Desktop/AER201/botL.X/i2c_common.asm
              _.code_01AA   0x00149a    program     static /Users/mreiter/Desktop/AER201/botL.X/i2c_common.asm
              _.code_01B6   0x0014a6    program     static /Users/mreiter/Desktop/AER201/botL.X/i2c_common.asm
              _.code_01BC   0x0014ac    program     static /Users/mreiter/Desktop/AER201/botL.X/i2c_common.asm
              _.code_01C4   0x0014b4    program     static /Users/mreiter/Desktop/AER201/botL.X/i2c_common.asm
              _.code_01D2   0x0014c2    program     static /Users/mreiter/Desktop/AER201/botL.X/i2c_common.asm
              _.code_01DA   0x0014ca    program     static /Users/mreiter/Desktop/AER201/botL.X/i2c_common.asm
              _.code_01E0   0x0014d0    program     static /Users/mreiter/Desktop/AER201/botL.X/i2c_common.asm
              _.code_01E8   0x0014d8    program     static /Users/mreiter/Desktop/AER201/botL.X/i2c_common.asm
              _.code_01F6   0x0014e6    program     static /Users/mreiter/Desktop/AER201/botL.X/i2c_common.asm
              _.code_01FE   0x0014ee    program     static /Users/mreiter/Desktop/AER201/botL.X/i2c_common.asm
              _.code_0206   0x0014f6    program     static /Users/mreiter/Desktop/AER201/botL.X/i2c_common.asm
              _.code_020C   0x0014fc    program     static /Users/mreiter/Desktop/AER201/botL.X/i2c_common.asm
              _.code_0214   0x001504    program     static /Users/mreiter/Desktop/AER201/botL.X/i2c_common.asm
              _.code_022A   0x00151a    program     static /Users/mreiter/Desktop/AER201/botL.X/i2c_common.asm
             _.org_2_0906   0x000906    program     static /Users/mreiter/Desktop/AER201/botL.X/main.asm
             _.org_2_091E   0x00091e    program     static /Users/mreiter/Desktop/AER201/botL.X/main.asm
             _.org_2_093A   0x00093a    program     static /Users/mreiter/Desktop/AER201/botL.X/main.asm
             _.org_2_0952   0x000952    program     static /Users/mreiter/Desktop/AER201/botL.X/main.asm
             _.org_2_096E   0x00096e    program     static /Users/mreiter/Desktop/AER201/botL.X/main.asm
             _.org_2_0986   0x000986    program     static /Users/mreiter/Desktop/AER201/botL.X/main.asm
             _.org_2_09A2   0x0009a2    program     static /Users/mreiter/Desktop/AER201/botL.X/main.asm
             _.org_2_09BA   0x0009ba    program     static /Users/mreiter/Desktop/AER201/botL.X/main.asm
             _.org_2_09D6   0x0009d6    program     static /Users/mreiter/Desktop/AER201/botL.X/main.asm
             _.org_2_09EE   0x0009ee    program     static /Users/mreiter/Desktop/AER201/botL.X/main.asm
             _.org_2_0A30   0x000a30    program     static /Users/mreiter/Desktop/AER201/botL.X/main.asm
             _.org_2_0A48   0x000a48    program     static /Users/mreiter/Desktop/AER201/botL.X/main.asm
             _.org_2_0B10   0x000b10    program     static /Users/mreiter/Desktop/AER201/botL.X/main.asm
             _.org_2_0B28   0x000b28    program     static /Users/mreiter/Desktop/AER201/botL.X/main.asm
             _.org_2_0B4C   0x000b4c    program     static /Users/mreiter/Desktop/AER201/botL.X/main.asm
             _.org_2_0B64   0x000b64    program     static /Users/mreiter/Desktop/AER201/botL.X/main.asm
             _.org_2_0B88   0x000b88    program     static /Users/mreiter/Desktop/AER201/botL.X/main.asm
             _.org_2_0BA0   0x000ba0    program     static /Users/mreiter/Desktop/AER201/botL.X/main.asm
             _.org_2_0D78   0x000d78    program     static /Users/mreiter/Desktop/AER201/botL.X/main.asm
             _.org_2_0DCA   0x000dca    program     static /Users/mreiter/Desktop/AER201/botL.X/main.asm
             _.org_2_0DE2   0x000de2    program     static /Users/mreiter/Desktop/AER201/botL.X/main.asm
             _.org_2_0DF8   0x000df8    program     static /Users/mreiter/Desktop/AER201/botL.X/main.asm
             _.org_2_0E10   0x000e10    program     static /Users/mreiter/Desktop/AER201/botL.X/main.asm
             _.org_2_0E30   0x000e30    program     static /Users/mreiter/Desktop/AER201/botL.X/main.asm
             _.org_2_0E48   0x000e48    program     static /Users/mreiter/Desktop/AER201/botL.X/main.asm
             _.org_2_0E6E   0x000e6e    program     static /Users/mreiter/Desktop/AER201/botL.X/main.asm
             _.org_2_0E86   0x000e86    program     static /Users/mreiter/Desktop/AER201/botL.X/main.asm
                 _103loop   0x000f48    program     static /Users/mreiter/Desktop/AER201/botL.X/main.asm
                 _109loop   0x001020    program     static /Users/mreiter/Desktop/AER201/botL.X/main.asm
                  _10loop   0x0001da    program     static /Users/mreiter/Desktop/AER201/botL.X/main.asm
                  _11loop   0x0001f8    program     static /Users/mreiter/Desktop/AER201/botL.X/main.asm
                  _12loop   0x000206    program     static /Users/mreiter/Desktop/AER201/botL.X/main.asm
                  _13loop   0x00022e    program     static /Users/mreiter/Desktop/AER201/botL.X/main.asm
                  _14loop   0x00024c    program     static /Users/mreiter/Desktop/AER201/botL.X/main.asm
                  _15Exit   0x000278    program     static /Users/mreiter/Desktop/AER201/botL.X/main.asm
                  _15Next   0x00026c    program     static /Users/mreiter/Desktop/AER201/botL.X/main.asm
                  _16Exit   0x00028e    program     static /Users/mreiter/Desktop/AER201/botL.X/main.asm
                  _16Next   0x000282    program     static /Users/mreiter/Desktop/AER201/botL.X/main.asm
                  _17Exit   0x0002a4    program     static /Users/mreiter/Desktop/AER201/botL.X/main.asm
                  _17Next   0x000298    program     static /Users/mreiter/Desktop/AER201/botL.X/main.asm
                  _18Exit   0x0002ba    program     static /Users/mreiter/Desktop/AER201/botL.X/main.asm
                  _18Next   0x0002ae    program     static /Users/mreiter/Desktop/AER201/botL.X/main.asm
                  _19Exit   0x0002d0    program     static /Users/mreiter/Desktop/AER201/botL.X/main.asm
                  _19Next   0x0002c4    program     static /Users/mreiter/Desktop/AER201/botL.X/main.asm
                  _20Exit   0x0002e6    program     static /Users/mreiter/Desktop/AER201/botL.X/main.asm
                  _20Next   0x0002da    program     static /Users/mreiter/Desktop/AER201/botL.X/main.asm
                  _21loop   0x0002f2    program     static /Users/mreiter/Desktop/AER201/botL.X/main.asm
                  _22loop   0x0003a4    program     static /Users/mreiter/Desktop/AER201/botL.X/main.asm
                  _23loop   0x0003be    program     static /Users/mreiter/Desktop/AER201/botL.X/main.asm
                  _24loop   0x0003ec    program     static /Users/mreiter/Desktop/AER201/botL.X/main.asm
                  _25loop   0x00043c    program     static /Users/mreiter/Desktop/AER201/botL.X/main.asm
                  _26loop   0x00044e    program     static /Users/mreiter/Desktop/AER201/botL.X/main.asm
                  _27loop   0x00046c    program     static /Users/mreiter/Desktop/AER201/botL.X/main.asm
                  _28loop   0x000480    program     static /Users/mreiter/Desktop/AER201/botL.X/main.asm
                  _29loop   0x000494    program     static /Users/mreiter/Desktop/AER201/botL.X/main.asm
                  _30loop   0x0004a8    program     static /Users/mreiter/Desktop/AER201/botL.X/main.asm
                  _31loop   0x000560    program     static /Users/mreiter/Desktop/AER201/botL.X/main.asm
                  _32loop   0x000588    program     static /Users/mreiter/Desktop/AER201/botL.X/main.asm
                  _33Exit   0x0005be    program     static /Users/mreiter/Desktop/AER201/botL.X/main.asm
                  _33Next   0x0005b2    program     static /Users/mreiter/Desktop/AER201/botL.X/main.asm
                  _34Exit   0x0005d4    program     static /Users/mreiter/Desktop/AER201/botL.X/main.asm
                  _34Next   0x0005c8    program     static /Users/mreiter/Desktop/AER201/botL.X/main.asm
                  _35loop   0x0005f6    program     static /Users/mreiter/Desktop/AER201/botL.X/main.asm
                  _36Exit   0x00061c    program     static /Users/mreiter/Desktop/AER201/botL.X/main.asm
                  _36Next   0x000610    program     static /Users/mreiter/Desktop/AER201/botL.X/main.asm
                  _37loop   0x000636    program     static /Users/mreiter/Desktop/AER201/botL.X/main.asm
                  _38loop   0x000654    program     static /Users/mreiter/Desktop/AER201/botL.X/main.asm
                  _39Exit   0x000676    program     static /Users/mreiter/Desktop/AER201/botL.X/main.asm
                  _39Next   0x00066a    program     static /Users/mreiter/Desktop/AER201/botL.X/main.asm
                 _3endBCD   0x0000a6    program     static /Users/mreiter/Desktop/AER201/botL.X/main.asm
                   _3ones   0x0000a0    program     static /Users/mreiter/Desktop/AER201/botL.X/main.asm
                  _40Exit   0x00068c    program     static /Users/mreiter/Desktop/AER201/botL.X/main.asm
                  _40Next   0x000680    program     static /Users/mreiter/Desktop/AER201/botL.X/main.asm
                  _41Exit   0x0006a2    program     static /Users/mreiter/Desktop/AER201/botL.X/main.asm
                  _41Next   0x000696    program     static /Users/mreiter/Desktop/AER201/botL.X/main.asm
                  _42Exit   0x0006b8    program     static /Users/mreiter/Desktop/AER201/botL.X/main.asm
                  _42Next   0x0006ac    program     static /Users/mreiter/Desktop/AER201/botL.X/main.asm
                  _43Exit   0x0006ce    program     static /Users/mreiter/Desktop/AER201/botL.X/main.asm
                  _43Next   0x0006c2    program     static /Users/mreiter/Desktop/AER201/botL.X/main.asm
                  _44Exit   0x0006e4    program     static /Users/mreiter/Desktop/AER201/botL.X/main.asm
                  _44Next   0x0006d8    program     static /Users/mreiter/Desktop/AER201/botL.X/main.asm
                  _45Exit   0x0006fa    program     static /Users/mreiter/Desktop/AER201/botL.X/main.asm
                  _45Next   0x0006ee    program     static /Users/mreiter/Desktop/AER201/botL.X/main.asm
                  _46Exit   0x000710    program     static /Users/mreiter/Desktop/AER201/botL.X/main.asm
                  _46Next   0x000704    program     static /Users/mreiter/Desktop/AER201/botL.X/main.asm
                  _47Exit   0x000726    program     static /Users/mreiter/Desktop/AER201/botL.X/main.asm
                  _47Next   0x00071a    program     static /Users/mreiter/Desktop/AER201/botL.X/main.asm
                  _48Exit   0x00073c    program     static /Users/mreiter/Desktop/AER201/botL.X/main.asm
                  _48Next   0x000730    program     static /Users/mreiter/Desktop/AER201/botL.X/main.asm
                  _49loop   0x000754    program     static /Users/mreiter/Desktop/AER201/botL.X/main.asm
                 _4endBCD   0x0000d8    program     static /Users/mreiter/Desktop/AER201/botL.X/main.asm
                   _4ones   0x0000d2    program     static /Users/mreiter/Desktop/AER201/botL.X/main.asm
                  _52Exit   0x0007ec    program     static /Users/mreiter/Desktop/AER201/botL.X/main.asm
                  _52Next   0x0007e0    program     static /Users/mreiter/Desktop/AER201/botL.X/main.asm
                  _53Exit   0x000802    program     static /Users/mreiter/Desktop/AER201/botL.X/main.asm
                  _53Next   0x0007f6    program     static /Users/mreiter/Desktop/AER201/botL.X/main.asm
                  _54loop   0x00081a    program     static /Users/mreiter/Desktop/AER201/botL.X/main.asm
                  _55Exit   0x000848    program     static /Users/mreiter/Desktop/AER201/botL.X/main.asm
                  _55Next   0x00083c    program     static /Users/mreiter/Desktop/AER201/botL.X/main.asm
                  _56loop   0x000862    program     static /Users/mreiter/Desktop/AER201/botL.X/main.asm
                  _57loop   0x000880    program     static /Users/mreiter/Desktop/AER201/botL.X/main.asm
                  _58Exit   0x0008ae    program     static /Users/mreiter/Desktop/AER201/botL.X/main.asm
                  _58Next   0x0008a2    program     static /Users/mreiter/Desktop/AER201/botL.X/main.asm
                  _59Exit   0x0008c4    program     static /Users/mreiter/Desktop/AER201/botL.X/main.asm
                  _59Next   0x0008b8    program     static /Users/mreiter/Desktop/AER201/botL.X/main.asm
                  _60loop   0x0008de    program     static /Users/mreiter/Desktop/AER201/botL.X/main.asm
                  _92loop   0x000d5a    program     static /Users/mreiter/Desktop/AER201/botL.X/main.asm
                  _93loop   0x000d68    program     static /Users/mreiter/Desktop/AER201/botL.X/main.asm
                  _98loop   0x000eb6    program     static /Users/mreiter/Desktop/AER201/botL.X/main.asm
                  _waitl0   0x0013a8    program     static /Users/mreiter/Desktop/AER201/botL.X/i2c_common.asm
                  _waitl1   0x001462    program     static /Users/mreiter/Desktop/AER201/botL.X/i2c_common.asm
                  _waitl2   0x001510    program     static /Users/mreiter/Desktop/AER201/botL.X/i2c_common.asm
                       d2   0x0012ea    program     static /Users/mreiter/Desktop/AER201/botL.X/lcd.asm
                del_loop0   0x000c8a    program     static /Users/mreiter/Desktop/AER201/botL.X/main.asm
                delay44us   0x0012ce    program     extern /Users/mreiter/Desktop/AER201/botL.X/lcd.asm
                 delay5ms   0x0012da    program     extern /Users/mreiter/Desktop/AER201/botL.X/lcd.asm
               displayNum   0x00077a    program     static /Users/mreiter/Desktop/AER201/botL.X/main.asm
         i2c_common_setup   0x0012f0    program     extern /Users/mreiter/Desktop/AER201/botL.X/i2c_common.asm
             lcdLongDelay   0x0012b8    program     static /Users/mreiter/Desktop/AER201/botL.X/lcd.asm
                loop200us   0x000d9e    program     static /Users/mreiter/Desktop/AER201/botL.X/main.asm
                 loop50ms   0x000dac    program     static /Users/mreiter/Desktop/AER201/botL.X/main.asm
                  loop5us   0x000d90    program     static /Users/mreiter/Desktop/AER201/botL.X/main.asm
                 read_rtc   0x001356    program     extern /Users/mreiter/Desktop/AER201/botL.X/i2c_common.asm
              rtc_convert   0x0013b8    program     extern /Users/mreiter/Desktop/AER201/botL.X/i2c_common.asm
                write_rtc   0x001312    program     extern /Users/mreiter/Desktop/AER201/botL.X/i2c_common.asm
           convert_buffer   0x000065       data     extern /Users/mreiter/Desktop/AER201/botL.X/i2c_common.asm
                 databyte   0x000061       data     extern /Users/mreiter/Desktop/AER201/botL.X/i2c_common.asm
                 datachar   0x000062       data     extern /Users/mreiter/Desktop/AER201/botL.X/i2c_common.asm
               ones_digit   0x000064       data     extern /Users/mreiter/Desktop/AER201/botL.X/i2c_common.asm
               regaddress   0x000060       data     extern /Users/mreiter/Desktop/AER201/botL.X/i2c_common.asm
               tens_digit   0x000063       data     extern /Users/mreiter/Desktop/AER201/botL.X/i2c_common.asm



                              Symbols - Sorted by Address
                     Name    Address   Location    Storage File                     
                ---------  ---------  ---------  --------- ---------                
           EMERGENCY_STOP   0x00001c    program     static /Users/mreiter/Desktop/AER201/botL.X/main.asm
        LOAD_STANDBY_TIME   0x000046    program     static /Users/mreiter/Desktop/AER201/botL.X/main.asm
            LOAD_EXE_TIME   0x000050    program     static /Users/mreiter/Desktop/AER201/botL.X/main.asm
                 ISR_HIGH   0x00005a    program     static /Users/mreiter/Desktop/AER201/botL.X/main.asm
                   _3ones   0x0000a0    program     static /Users/mreiter/Desktop/AER201/botL.X/main.asm
                 _3endBCD   0x0000a6    program     static /Users/mreiter/Desktop/AER201/botL.X/main.asm
                   _4ones   0x0000d2    program     static /Users/mreiter/Desktop/AER201/botL.X/main.asm
                 _4endBCD   0x0000d8    program     static /Users/mreiter/Desktop/AER201/botL.X/main.asm
             END_ISR_HIGH   0x0000da    program     static /Users/mreiter/Desktop/AER201/botL.X/main.asm
                  ISR_LOW   0x0000e4    program     static /Users/mreiter/Desktop/AER201/botL.X/main.asm
              END_ISR_LOW   0x000126    program     static /Users/mreiter/Desktop/AER201/botL.X/main.asm
                     INIT   0x000130    program     static /Users/mreiter/Desktop/AER201/botL.X/main.asm
                  _10loop   0x0001da    program     static /Users/mreiter/Desktop/AER201/botL.X/main.asm
                  _11loop   0x0001f8    program     static /Users/mreiter/Desktop/AER201/botL.X/main.asm
                  _12loop   0x000206    program     static /Users/mreiter/Desktop/AER201/botL.X/main.asm
                  STANDBY   0x000210    program     static /Users/mreiter/Desktop/AER201/botL.X/main.asm
                  _13loop   0x00022e    program     static /Users/mreiter/Desktop/AER201/botL.X/main.asm
                  _14loop   0x00024c    program     static /Users/mreiter/Desktop/AER201/botL.X/main.asm
             HOLD_STANDBY   0x000260    program     static /Users/mreiter/Desktop/AER201/botL.X/main.asm
                  _15Next   0x00026c    program     static /Users/mreiter/Desktop/AER201/botL.X/main.asm
                  _15Exit   0x000278    program     static /Users/mreiter/Desktop/AER201/botL.X/main.asm
                  _16Next   0x000282    program     static /Users/mreiter/Desktop/AER201/botL.X/main.asm
                  _16Exit   0x00028e    program     static /Users/mreiter/Desktop/AER201/botL.X/main.asm
                  _17Next   0x000298    program     static /Users/mreiter/Desktop/AER201/botL.X/main.asm
                  _17Exit   0x0002a4    program     static /Users/mreiter/Desktop/AER201/botL.X/main.asm
                  _18Next   0x0002ae    program     static /Users/mreiter/Desktop/AER201/botL.X/main.asm
                  _18Exit   0x0002ba    program     static /Users/mreiter/Desktop/AER201/botL.X/main.asm
                  _19Next   0x0002c4    program     static /Users/mreiter/Desktop/AER201/botL.X/main.asm
                  _19Exit   0x0002d0    program     static /Users/mreiter/Desktop/AER201/botL.X/main.asm
                  _20Next   0x0002da    program     static /Users/mreiter/Desktop/AER201/botL.X/main.asm
                  _20Exit   0x0002e6    program     static /Users/mreiter/Desktop/AER201/botL.X/main.asm
                STEP_TEST   0x0002ea    program     static /Users/mreiter/Desktop/AER201/botL.X/main.asm
                  _21loop   0x0002f2    program     static /Users/mreiter/Desktop/AER201/botL.X/main.asm
           ROTATE_90_TEST   0x0002fc    program     static /Users/mreiter/Desktop/AER201/botL.X/main.asm
              COLOUR_TEST   0x000396    program     static /Users/mreiter/Desktop/AER201/botL.X/main.asm
                  LOOPING   0x0003a0    program     static /Users/mreiter/Desktop/AER201/botL.X/main.asm
                  _22loop   0x0003a4    program     static /Users/mreiter/Desktop/AER201/botL.X/main.asm
                  _23loop   0x0003be    program     static /Users/mreiter/Desktop/AER201/botL.X/main.asm
                EXECUTION   0x0003ca    program     static /Users/mreiter/Desktop/AER201/botL.X/main.asm
                  _24loop   0x0003ec    program     static /Users/mreiter/Desktop/AER201/botL.X/main.asm
   COLLECTIONS_CORRECTION   0x000420    program     static /Users/mreiter/Desktop/AER201/botL.X/main.asm
        COLLECTIONS_VALUE   0x00042a    program     static /Users/mreiter/Desktop/AER201/botL.X/main.asm
         COLLECTIONS_STEP   0x000434    program     static /Users/mreiter/Desktop/AER201/botL.X/main.asm
                  _25loop   0x00043c    program     static /Users/mreiter/Desktop/AER201/botL.X/main.asm
                ROTATE_45   0x000446    program     static /Users/mreiter/Desktop/AER201/botL.X/main.asm
                  _26loop   0x00044e    program     static /Users/mreiter/Desktop/AER201/botL.X/main.asm
                  _27loop   0x00046c    program     static /Users/mreiter/Desktop/AER201/botL.X/main.asm
                  _28loop   0x000480    program     static /Users/mreiter/Desktop/AER201/botL.X/main.asm
                  _29loop   0x000494    program     static /Users/mreiter/Desktop/AER201/botL.X/main.asm
               DETECTIONS   0x0004a4    program     static /Users/mreiter/Desktop/AER201/botL.X/main.asm
                  _30loop   0x0004a8    program     static /Users/mreiter/Desktop/AER201/botL.X/main.asm
             INC_YOPNOCAP   0x0004da    program     static /Users/mreiter/Desktop/AER201/botL.X/main.asm
               INC_YOPCAP   0x0004de    program     static /Users/mreiter/Desktop/AER201/botL.X/main.asm
            INC_ESKANOCAP   0x0004e2    program     static /Users/mreiter/Desktop/AER201/botL.X/main.asm
              INC_ESKACAP   0x0004e6    program     static /Users/mreiter/Desktop/AER201/botL.X/main.asm
               CHECK_DONE   0x0004ea    program     static /Users/mreiter/Desktop/AER201/botL.X/main.asm
                 EXIT_EXE   0x000544    program     static /Users/mreiter/Desktop/AER201/botL.X/main.asm
                  _31loop   0x000560    program     static /Users/mreiter/Desktop/AER201/botL.X/main.asm
                      LOG   0x000572    program     static /Users/mreiter/Desktop/AER201/botL.X/main.asm
                  _32loop   0x000588    program     static /Users/mreiter/Desktop/AER201/botL.X/main.asm
                 HOLD_LOG   0x0005a6    program     static /Users/mreiter/Desktop/AER201/botL.X/main.asm
                  _33Next   0x0005b2    program     static /Users/mreiter/Desktop/AER201/botL.X/main.asm
                  _33Exit   0x0005be    program     static /Users/mreiter/Desktop/AER201/botL.X/main.asm
                  _34Next   0x0005c8    program     static /Users/mreiter/Desktop/AER201/botL.X/main.asm
                  _34Exit   0x0005d4    program     static /Users/mreiter/Desktop/AER201/botL.X/main.asm
                 LOG_INFO   0x0005d8    program     static /Users/mreiter/Desktop/AER201/botL.X/main.asm
                  _35loop   0x0005f6    program     static /Users/mreiter/Desktop/AER201/botL.X/main.asm
            HOLD_LOG_INFO   0x000604    program     static /Users/mreiter/Desktop/AER201/botL.X/main.asm
                  _36Next   0x000610    program     static /Users/mreiter/Desktop/AER201/botL.X/main.asm
                  _36Exit   0x00061c    program     static /Users/mreiter/Desktop/AER201/botL.X/main.asm
                 PERM_LOG   0x000620    program     static /Users/mreiter/Desktop/AER201/botL.X/main.asm
                  _37loop   0x000636    program     static /Users/mreiter/Desktop/AER201/botL.X/main.asm
                  _38loop   0x000654    program     static /Users/mreiter/Desktop/AER201/botL.X/main.asm
            HOLD_PERM_LOG   0x00065e    program     static /Users/mreiter/Desktop/AER201/botL.X/main.asm
                  _39Next   0x00066a    program     static /Users/mreiter/Desktop/AER201/botL.X/main.asm
                  _39Exit   0x000676    program     static /Users/mreiter/Desktop/AER201/botL.X/main.asm
                  _40Next   0x000680    program     static /Users/mreiter/Desktop/AER201/botL.X/main.asm
                  _40Exit   0x00068c    program     static /Users/mreiter/Desktop/AER201/botL.X/main.asm
                  _41Next   0x000696    program     static /Users/mreiter/Desktop/AER201/botL.X/main.asm
                  _41Exit   0x0006a2    program     static /Users/mreiter/Desktop/AER201/botL.X/main.asm
                  _42Next   0x0006ac    program     static /Users/mreiter/Desktop/AER201/botL.X/main.asm
                  _42Exit   0x0006b8    program     static /Users/mreiter/Desktop/AER201/botL.X/main.asm
                  _43Next   0x0006c2    program     static /Users/mreiter/Desktop/AER201/botL.X/main.asm
                  _43Exit   0x0006ce    program     static /Users/mreiter/Desktop/AER201/botL.X/main.asm
                  _44Next   0x0006d8    program     static /Users/mreiter/Desktop/AER201/botL.X/main.asm
                  _44Exit   0x0006e4    program     static /Users/mreiter/Desktop/AER201/botL.X/main.asm
                  _45Next   0x0006ee    program     static /Users/mreiter/Desktop/AER201/botL.X/main.asm
                  _45Exit   0x0006fa    program     static /Users/mreiter/Desktop/AER201/botL.X/main.asm
                  _46Next   0x000704    program     static /Users/mreiter/Desktop/AER201/botL.X/main.asm
                  _46Exit   0x000710    program     static /Users/mreiter/Desktop/AER201/botL.X/main.asm
                  _47Next   0x00071a    program     static /Users/mreiter/Desktop/AER201/botL.X/main.asm
                  _47Exit   0x000726    program     static /Users/mreiter/Desktop/AER201/botL.X/main.asm
                  _48Next   0x000730    program     static /Users/mreiter/Desktop/AER201/botL.X/main.asm
                  _48Exit   0x00073c    program     static /Users/mreiter/Desktop/AER201/botL.X/main.asm
                     PLOG   0x000740    program     static /Users/mreiter/Desktop/AER201/botL.X/main.asm
                  _49loop   0x000754    program     static /Users/mreiter/Desktop/AER201/botL.X/main.asm
               displayNum   0x00077a    program     static /Users/mreiter/Desktop/AER201/botL.X/main.asm
                HOLD_PLOG   0x0007d4    program     static /Users/mreiter/Desktop/AER201/botL.X/main.asm
                  _52Next   0x0007e0    program     static /Users/mreiter/Desktop/AER201/botL.X/main.asm
                  _52Exit   0x0007ec    program     static /Users/mreiter/Desktop/AER201/botL.X/main.asm
                  _53Next   0x0007f6    program     static /Users/mreiter/Desktop/AER201/botL.X/main.asm
                  _53Exit   0x000802    program     static /Users/mreiter/Desktop/AER201/botL.X/main.asm
             PLOG_DETAILS   0x000806    program     static /Users/mreiter/Desktop/AER201/botL.X/main.asm
                  _54loop   0x00081a    program     static /Users/mreiter/Desktop/AER201/botL.X/main.asm
        HOLD_PLOG_DETAILS   0x000830    program     static /Users/mreiter/Desktop/AER201/botL.X/main.asm
                  _55Next   0x00083c    program     static /Users/mreiter/Desktop/AER201/botL.X/main.asm
                  _55Exit   0x000848    program     static /Users/mreiter/Desktop/AER201/botL.X/main.asm
                  PC_MODE   0x00084c    program     static /Users/mreiter/Desktop/AER201/botL.X/main.asm
                  _56loop   0x000862    program     static /Users/mreiter/Desktop/AER201/botL.X/main.asm
                  _57loop   0x000880    program     static /Users/mreiter/Desktop/AER201/botL.X/main.asm
                  HOLD_PC   0x000896    program     static /Users/mreiter/Desktop/AER201/botL.X/main.asm
                  _58Next   0x0008a2    program     static /Users/mreiter/Desktop/AER201/botL.X/main.asm
                  _58Exit   0x0008ae    program     static /Users/mreiter/Desktop/AER201/botL.X/main.asm
                  _59Next   0x0008b8    program     static /Users/mreiter/Desktop/AER201/botL.X/main.asm
                  _59Exit   0x0008c4    program     static /Users/mreiter/Desktop/AER201/botL.X/main.asm
              PC_TRANSFER   0x0008c8    program     static /Users/mreiter/Desktop/AER201/botL.X/main.asm
                  _60loop   0x0008de    program     static /Users/mreiter/Desktop/AER201/botL.X/main.asm
                 SaveData   0x0008f2    program     static /Users/mreiter/Desktop/AER201/botL.X/main.asm
             _.org_2_0906   0x000906    program     static /Users/mreiter/Desktop/AER201/botL.X/main.asm
             _.org_2_091E   0x00091e    program     static /Users/mreiter/Desktop/AER201/botL.X/main.asm
             _.org_2_093A   0x00093a    program     static /Users/mreiter/Desktop/AER201/botL.X/main.asm
             _.org_2_0952   0x000952    program     static /Users/mreiter/Desktop/AER201/botL.X/main.asm
             _.org_2_096E   0x00096e    program     static /Users/mreiter/Desktop/AER201/botL.X/main.asm
             _.org_2_0986   0x000986    program     static /Users/mreiter/Desktop/AER201/botL.X/main.asm
             _.org_2_09A2   0x0009a2    program     static /Users/mreiter/Desktop/AER201/botL.X/main.asm
             _.org_2_09BA   0x0009ba    program     static /Users/mreiter/Desktop/AER201/botL.X/main.asm
             _.org_2_09D6   0x0009d6    program     static /Users/mreiter/Desktop/AER201/botL.X/main.asm
             _.org_2_09EE   0x0009ee    program     static /Users/mreiter/Desktop/AER201/botL.X/main.asm
                ShiftLoop   0x000a0a    program     static /Users/mreiter/Desktop/AER201/botL.X/main.asm
             _.org_2_0A30   0x000a30    program     static /Users/mreiter/Desktop/AER201/botL.X/main.asm
             _.org_2_0A48   0x000a48    program     static /Users/mreiter/Desktop/AER201/botL.X/main.asm
                 RTC_INIT   0x000a70    program     static /Users/mreiter/Desktop/AER201/botL.X/main.asm
                SAVE_TIME   0x000a7e    program     static /Users/mreiter/Desktop/AER201/botL.X/main.asm
            SAVE_EXE_TIME   0x000af4    program     static /Users/mreiter/Desktop/AER201/botL.X/main.asm
             _.org_2_0B10   0x000b10    program     static /Users/mreiter/Desktop/AER201/botL.X/main.asm
             _.org_2_0B28   0x000b28    program     static /Users/mreiter/Desktop/AER201/botL.X/main.asm
             _.org_2_0B4C   0x000b4c    program     static /Users/mreiter/Desktop/AER201/botL.X/main.asm
             _.org_2_0B64   0x000b64    program     static /Users/mreiter/Desktop/AER201/botL.X/main.asm
             _.org_2_0B88   0x000b88    program     static /Users/mreiter/Desktop/AER201/botL.X/main.asm
             _.org_2_0BA0   0x000ba0    program     static /Users/mreiter/Desktop/AER201/botL.X/main.asm
              DISPLAY_RTC   0x000baa    program     static /Users/mreiter/Desktop/AER201/botL.X/main.asm
                 SET_TIME   0x000c84    program     static /Users/mreiter/Desktop/AER201/botL.X/main.asm
                del_loop0   0x000c8a    program     static /Users/mreiter/Desktop/AER201/botL.X/main.asm
               INIT_USART   0x000cec    program     static /Users/mreiter/Desktop/AER201/botL.X/main.asm
                DataUSART   0x000d00    program     static /Users/mreiter/Desktop/AER201/botL.X/main.asm
            TRANSFER_LOGS   0x000d10    program     static /Users/mreiter/Desktop/AER201/botL.X/main.asm
            TRANSFER_DATA   0x000d1a    program     static /Users/mreiter/Desktop/AER201/botL.X/main.asm
                  _92loop   0x000d5a    program     static /Users/mreiter/Desktop/AER201/botL.X/main.asm
                  _93loop   0x000d68    program     static /Users/mreiter/Desktop/AER201/botL.X/main.asm
               USART_WAIT   0x000d74    program     static /Users/mreiter/Desktop/AER201/botL.X/main.asm
             _.org_2_0D78   0x000d78    program     static /Users/mreiter/Desktop/AER201/botL.X/main.asm
               USART_LINE   0x000d7e    program     static /Users/mreiter/Desktop/AER201/botL.X/main.asm
                 Delay5us   0x000d8c    program     static /Users/mreiter/Desktop/AER201/botL.X/main.asm
                  loop5us   0x000d90    program     static /Users/mreiter/Desktop/AER201/botL.X/main.asm
               Delay200us   0x000d9a    program     static /Users/mreiter/Desktop/AER201/botL.X/main.asm
                loop200us   0x000d9e    program     static /Users/mreiter/Desktop/AER201/botL.X/main.asm
                Delay50ms   0x000da8    program     static /Users/mreiter/Desktop/AER201/botL.X/main.asm
                 loop50ms   0x000dac    program     static /Users/mreiter/Desktop/AER201/botL.X/main.asm
                   Cycles   0x000db2    program     static /Users/mreiter/Desktop/AER201/botL.X/main.asm
              WriteEE_RTC   0x000dbc    program     static /Users/mreiter/Desktop/AER201/botL.X/main.asm
             _.org_2_0DCA   0x000dca    program     static /Users/mreiter/Desktop/AER201/botL.X/main.asm
             _.org_2_0DE2   0x000de2    program     static /Users/mreiter/Desktop/AER201/botL.X/main.asm
             _.org_2_0DF8   0x000df8    program     static /Users/mreiter/Desktop/AER201/botL.X/main.asm
             _.org_2_0E10   0x000e10    program     static /Users/mreiter/Desktop/AER201/botL.X/main.asm
           ClearEEPROM_21   0x000e1a    program     static /Users/mreiter/Desktop/AER201/botL.X/main.asm
                ClearNext   0x000e22    program     static /Users/mreiter/Desktop/AER201/botL.X/main.asm
             _.org_2_0E30   0x000e30    program     static /Users/mreiter/Desktop/AER201/botL.X/main.asm
             _.org_2_0E48   0x000e48    program     static /Users/mreiter/Desktop/AER201/botL.X/main.asm
                 READ_KEY   0x000e60    program     static /Users/mreiter/Desktop/AER201/botL.X/main.asm
             _.org_2_0E6E   0x000e6e    program     static /Users/mreiter/Desktop/AER201/botL.X/main.asm
            READ_KEY_TIME   0x000e74    program     static /Users/mreiter/Desktop/AER201/botL.X/main.asm
             _.org_2_0E86   0x000e86    program     static /Users/mreiter/Desktop/AER201/botL.X/main.asm
           DisplayExeTime   0x000e8c    program     static /Users/mreiter/Desktop/AER201/botL.X/main.asm
                  _98loop   0x000eb6    program     static /Users/mreiter/Desktop/AER201/botL.X/main.asm
        NoSkipDispExeTime   0x000eca    program     static /Users/mreiter/Desktop/AER201/botL.X/main.asm
          SkipDispExeTime   0x000f1c    program     static /Users/mreiter/Desktop/AER201/botL.X/main.asm
               DispOpSort   0x000f1e    program     static /Users/mreiter/Desktop/AER201/botL.X/main.asm
                 _103loop   0x000f48    program     static /Users/mreiter/Desktop/AER201/botL.X/main.asm
         NoSkipDispOpSort   0x000f5a    program     static /Users/mreiter/Desktop/AER201/botL.X/main.asm
           SkipDispOpSort   0x000ff4    program     static /Users/mreiter/Desktop/AER201/botL.X/main.asm
                DispOpRTC   0x000ff6    program     static /Users/mreiter/Desktop/AER201/botL.X/main.asm
                 _109loop   0x001020    program     static /Users/mreiter/Desktop/AER201/botL.X/main.asm
          NoSkipDispOpRTC   0x001032    program     static /Users/mreiter/Desktop/AER201/botL.X/main.asm
            SkipDispOpRTC   0x001092    program     static /Users/mreiter/Desktop/AER201/botL.X/main.asm
         DispOpRTC_Helper   0x001094    program     static /Users/mreiter/Desktop/AER201/botL.X/main.asm
                  Welcome   0x0010ce    program     static /Users/mreiter/Desktop/AER201/botL.X/main.asm
                     Team   0x0010d4    program     static /Users/mreiter/Desktop/AER201/botL.X/main.asm
                  StandBy   0x0010de    program     static /Users/mreiter/Desktop/AER201/botL.X/main.asm
              StandbyInfo   0x001106    program     static /Users/mreiter/Desktop/AER201/botL.X/main.asm
                     Log1   0x00112e    program     static /Users/mreiter/Desktop/AER201/botL.X/main.asm
                     Log2   0x001134    program     static /Users/mreiter/Desktop/AER201/botL.X/main.asm
                 LogInfo1   0x001142    program     static /Users/mreiter/Desktop/AER201/botL.X/main.asm
                 LogInfo2   0x00114a    program     static /Users/mreiter/Desktop/AER201/botL.X/main.asm
                 PermLog1   0x001154    program     static /Users/mreiter/Desktop/AER201/botL.X/main.asm
                 PermLog2   0x001164    program     static /Users/mreiter/Desktop/AER201/botL.X/main.asm
                     Exe1   0x001170    program     static /Users/mreiter/Desktop/AER201/botL.X/main.asm
                     Exe2   0x00117c    program     static /Users/mreiter/Desktop/AER201/botL.X/main.asm
                      PC1   0x001184    program     static /Users/mreiter/Desktop/AER201/botL.X/main.asm
                      PC2   0x001192    program     static /Users/mreiter/Desktop/AER201/botL.X/main.asm
               PCTransfer   0x00119c    program     static /Users/mreiter/Desktop/AER201/botL.X/main.asm
               PCComplete   0x0011ac    program     static /Users/mreiter/Desktop/AER201/botL.X/main.asm
                     SAVE   0x0011b6    program     static /Users/mreiter/Desktop/AER201/botL.X/main.asm
                   NoData   0x0011c0    program     static /Users/mreiter/Desktop/AER201/botL.X/main.asm
                  InitLCD   0x0011c4    program     extern /Users/mreiter/Desktop/AER201/botL.X/lcd.asm
                   WR_INS   0x00121c    program     extern /Users/mreiter/Desktop/AER201/botL.X/lcd.asm
                  WR_DATA   0x001238    program     extern /Users/mreiter/Desktop/AER201/botL.X/lcd.asm
                   WrtLCD   0x00125c    program     extern /Users/mreiter/Desktop/AER201/botL.X/lcd.asm
                   ClrLCD   0x001272    program     extern /Users/mreiter/Desktop/AER201/botL.X/lcd.asm
                   ClkLCD   0x001280    program     extern /Users/mreiter/Desktop/AER201/botL.X/lcd.asm
              _.code_00C8   0x00128c    program     static /Users/mreiter/Desktop/AER201/botL.X/lcd.asm
                    Shift   0x001292    program     extern /Users/mreiter/Desktop/AER201/botL.X/lcd.asm
                   LCD_L1   0x00129e    program     extern /Users/mreiter/Desktop/AER201/botL.X/lcd.asm
                   LCD_L2   0x0012a6    program     extern /Users/mreiter/Desktop/AER201/botL.X/lcd.asm
                   MovMSB   0x0012ae    program     static /Users/mreiter/Desktop/AER201/botL.X/lcd.asm
             lcdLongDelay   0x0012b8    program     static /Users/mreiter/Desktop/AER201/botL.X/lcd.asm
                 LLD_LOOP   0x0012bc    program     static /Users/mreiter/Desktop/AER201/botL.X/lcd.asm
              _.code_00FE   0x0012c2    program     static /Users/mreiter/Desktop/AER201/botL.X/lcd.asm
                delay44us   0x0012ce    program     extern /Users/mreiter/Desktop/AER201/botL.X/lcd.asm
            Delay44usLoop   0x0012d2    program     static /Users/mreiter/Desktop/AER201/botL.X/lcd.asm
                 delay5ms   0x0012da    program     extern /Users/mreiter/Desktop/AER201/botL.X/lcd.asm
             Delay5msLoop   0x0012e2    program     static /Users/mreiter/Desktop/AER201/botL.X/lcd.asm
                       d2   0x0012ea    program     static /Users/mreiter/Desktop/AER201/botL.X/lcd.asm
         i2c_common_setup   0x0012f0    program     extern /Users/mreiter/Desktop/AER201/botL.X/i2c_common.asm
              _.code_001C   0x00130c    program     static /Users/mreiter/Desktop/AER201/botL.X/i2c_common.asm
                write_rtc   0x001312    program     extern /Users/mreiter/Desktop/AER201/botL.X/i2c_common.asm
              _.code_002A   0x00131a    program     static /Users/mreiter/Desktop/AER201/botL.X/i2c_common.asm
              _.code_0032   0x001322    program     static /Users/mreiter/Desktop/AER201/botL.X/i2c_common.asm
              _.code_0038   0x001328    program     static /Users/mreiter/Desktop/AER201/botL.X/i2c_common.asm
              _.code_0042   0x001332    program     static /Users/mreiter/Desktop/AER201/botL.X/i2c_common.asm
              _.code_0048   0x001338    program     static /Users/mreiter/Desktop/AER201/botL.X/i2c_common.asm
              _.code_0052   0x001342    program     static /Users/mreiter/Desktop/AER201/botL.X/i2c_common.asm
              _.code_0058   0x001348    program     static /Users/mreiter/Desktop/AER201/botL.X/i2c_common.asm
              _.code_0060   0x001350    program     static /Users/mreiter/Desktop/AER201/botL.X/i2c_common.asm
                 read_rtc   0x001356    program     extern /Users/mreiter/Desktop/AER201/botL.X/i2c_common.asm
              _.code_006E   0x00135e    program     static /Users/mreiter/Desktop/AER201/botL.X/i2c_common.asm
              _.code_0076   0x001366    program     static /Users/mreiter/Desktop/AER201/botL.X/i2c_common.asm
              _.code_007C   0x00136c    program     static /Users/mreiter/Desktop/AER201/botL.X/i2c_common.asm
              _.code_0086   0x001376    program     static /Users/mreiter/Desktop/AER201/botL.X/i2c_common.asm
              _.code_008C   0x00137c    program     static /Users/mreiter/Desktop/AER201/botL.X/i2c_common.asm
              _.code_0094   0x001384    program     static /Users/mreiter/Desktop/AER201/botL.X/i2c_common.asm
              _.code_009C   0x00138c    program     static /Users/mreiter/Desktop/AER201/botL.X/i2c_common.asm
              _.code_00A2   0x001392    program     static /Users/mreiter/Desktop/AER201/botL.X/i2c_common.asm
              _.code_00AA   0x00139a    program     static /Users/mreiter/Desktop/AER201/botL.X/i2c_common.asm
                  _waitl0   0x0013a8    program     static /Users/mreiter/Desktop/AER201/botL.X/i2c_common.asm
              _.code_00C2   0x0013b2    program     static /Users/mreiter/Desktop/AER201/botL.X/i2c_common.asm
              rtc_convert   0x0013b8    program     extern /Users/mreiter/Desktop/AER201/botL.X/i2c_common.asm
                 INIT_RTC   0x0013ce    program     extern /Users/mreiter/Desktop/AER201/botL.X/i2c_common.asm
              _.code_00E6   0x0013d6    program     static /Users/mreiter/Desktop/AER201/botL.X/i2c_common.asm
              _.code_00EE   0x0013de    program     static /Users/mreiter/Desktop/AER201/botL.X/i2c_common.asm
              _.code_00F4   0x0013e4    program     static /Users/mreiter/Desktop/AER201/botL.X/i2c_common.asm
              _.code_00FC   0x0013ec    program     static /Users/mreiter/Desktop/AER201/botL.X/i2c_common.asm
              _.code_0102   0x0013f2    program     static /Users/mreiter/Desktop/AER201/botL.X/i2c_common.asm
              _.code_010A   0x0013fa    program     static /Users/mreiter/Desktop/AER201/botL.X/i2c_common.asm
              _.code_0110   0x001400    program     static /Users/mreiter/Desktop/AER201/botL.X/i2c_common.asm
              _.code_0118   0x001408    program     static /Users/mreiter/Desktop/AER201/botL.X/i2c_common.asm
          READ_COLOUR_I2C   0x00140e    program     extern /Users/mreiter/Desktop/AER201/botL.X/i2c_common.asm
              _.code_0126   0x001416    program     static /Users/mreiter/Desktop/AER201/botL.X/i2c_common.asm
              _.code_012E   0x00141e    program     static /Users/mreiter/Desktop/AER201/botL.X/i2c_common.asm
              _.code_0134   0x001424    program     static /Users/mreiter/Desktop/AER201/botL.X/i2c_common.asm
              _.code_0140   0x001430    program     static /Users/mreiter/Desktop/AER201/botL.X/i2c_common.asm
              _.code_0146   0x001436    program     static /Users/mreiter/Desktop/AER201/botL.X/i2c_common.asm
              _.code_014E   0x00143e    program     static /Users/mreiter/Desktop/AER201/botL.X/i2c_common.asm
              _.code_0156   0x001446    program     static /Users/mreiter/Desktop/AER201/botL.X/i2c_common.asm
              _.code_015C   0x00144c    program     static /Users/mreiter/Desktop/AER201/botL.X/i2c_common.asm
              _.code_0164   0x001454    program     static /Users/mreiter/Desktop/AER201/botL.X/i2c_common.asm
                  _waitl1   0x001462    program     static /Users/mreiter/Desktop/AER201/botL.X/i2c_common.asm
              _.code_017C   0x00146c    program     static /Users/mreiter/Desktop/AER201/botL.X/i2c_common.asm
         WRITE_COLOUR_I2C   0x001472    program     extern /Users/mreiter/Desktop/AER201/botL.X/i2c_common.asm
              _.code_018A   0x00147a    program     static /Users/mreiter/Desktop/AER201/botL.X/i2c_common.asm
              _.code_0192   0x001482    program     static /Users/mreiter/Desktop/AER201/botL.X/i2c_common.asm
              _.code_0198   0x001488    program     static /Users/mreiter/Desktop/AER201/botL.X/i2c_common.asm
              _.code_01A4   0x001494    program     static /Users/mreiter/Desktop/AER201/botL.X/i2c_common.asm
              _.code_01AA   0x00149a    program     static /Users/mreiter/Desktop/AER201/botL.X/i2c_common.asm
              _.code_01B6   0x0014a6    program     static /Users/mreiter/Desktop/AER201/botL.X/i2c_common.asm
              _.code_01BC   0x0014ac    program     static /Users/mreiter/Desktop/AER201/botL.X/i2c_common.asm
              _.code_01C4   0x0014b4    program     static /Users/mreiter/Desktop/AER201/botL.X/i2c_common.asm
             INIT_ARDUINO   0x0014ba    program     extern /Users/mreiter/Desktop/AER201/botL.X/i2c_common.asm
              _.code_01D2   0x0014c2    program     static /Users/mreiter/Desktop/AER201/botL.X/i2c_common.asm
              _.code_01DA   0x0014ca    program     static /Users/mreiter/Desktop/AER201/botL.X/i2c_common.asm
              _.code_01E0   0x0014d0    program     static /Users/mreiter/Desktop/AER201/botL.X/i2c_common.asm
              _.code_01E8   0x0014d8    program     static /Users/mreiter/Desktop/AER201/botL.X/i2c_common.asm
             READ_ARDUINO   0x0014de    program     extern /Users/mreiter/Desktop/AER201/botL.X/i2c_common.asm
              _.code_01F6   0x0014e6    program     static /Users/mreiter/Desktop/AER201/botL.X/i2c_common.asm
              _.code_01FE   0x0014ee    program     static /Users/mreiter/Desktop/AER201/botL.X/i2c_common.asm
              _.code_0206   0x0014f6    program     static /Users/mreiter/Desktop/AER201/botL.X/i2c_common.asm
              _.code_020C   0x0014fc    program     static /Users/mreiter/Desktop/AER201/botL.X/i2c_common.asm
              _.code_0214   0x001504    program     static /Users/mreiter/Desktop/AER201/botL.X/i2c_common.asm
                  _waitl2   0x001510    program     static /Users/mreiter/Desktop/AER201/botL.X/i2c_common.asm
              _.code_022A   0x00151a    program     static /Users/mreiter/Desktop/AER201/botL.X/i2c_common.asm
                CHECK_ACK   0x001520    program     extern /Users/mreiter/Desktop/AER201/botL.X/i2c.asm
                 I2C_temp   0x001520    program     static /Users/mreiter/Desktop/AER201/botL.X/i2c.asm
                I2C_ACKDT   0x001520    program     extern /Users/mreiter/Desktop/AER201/botL.X/i2c.asm
               CHECK_NACK   0x001524    program     extern /Users/mreiter/Desktop/AER201/botL.X/i2c.asm
                TEST_NACK   0x001528    program     static /Users/mreiter/Desktop/AER201/botL.X/i2c.asm
          I2C_Master_INIT   0x001530    program     extern /Users/mreiter/Desktop/AER201/botL.X/i2c.asm
                     WAIT   0x001542    program     static /Users/mreiter/Desktop/AER201/botL.X/i2c.asm
          I2C_Master_WAIT   0x001542    program     extern /Users/mreiter/Desktop/AER201/botL.X/i2c.asm
         I2C_Master_START   0x001552    program     extern /Users/mreiter/Desktop/AER201/botL.X/i2c.asm
        I2C_Master_RSTART   0x00155a    program     extern /Users/mreiter/Desktop/AER201/botL.X/i2c.asm
          I2C_Master_STOP   0x001562    program     extern /Users/mreiter/Desktop/AER201/botL.X/i2c.asm
         I2C_Master_WRITE   0x00156a    program     extern /Users/mreiter/Desktop/AER201/botL.X/i2c.asm
                  HOLD_UP   0x001570    program     static /Users/mreiter/Desktop/AER201/botL.X/i2c.asm
          I2C_Master_READ   0x001578    program     extern /Users/mreiter/Desktop/AER201/botL.X/i2c.asm
                     LOOP   0x00157e    program     static /Users/mreiter/Desktop/AER201/botL.X/i2c.asm
           I2C_Master_ACK   0x001586    program     extern /Users/mreiter/Desktop/AER201/botL.X/i2c.asm
                 TEST_ACK   0x00158a    program     static /Users/mreiter/Desktop/AER201/botL.X/i2c.asm
               regaddress   0x000060       data     extern /Users/mreiter/Desktop/AER201/botL.X/i2c_common.asm
                 databyte   0x000061       data     extern /Users/mreiter/Desktop/AER201/botL.X/i2c_common.asm
                 datachar   0x000062       data     extern /Users/mreiter/Desktop/AER201/botL.X/i2c_common.asm
               tens_digit   0x000063       data     extern /Users/mreiter/Desktop/AER201/botL.X/i2c_common.asm
               ones_digit   0x000064       data     extern /Users/mreiter/Desktop/AER201/botL.X/i2c_common.asm
           convert_buffer   0x000065       data     extern /Users/mreiter/Desktop/AER201/botL.X/i2c_common.asm


