MPLINK 5.08, LINKER
Linker Map File - Created Mon Feb  6 12:26:27 2017

                                 Section Info
                  Section       Type    Address   Location Size(Bytes)
                ---------  ---------  ---------  ---------  ---------
                   .org_0       code   0x000000    program   0x000004
                   .cinit    romdata   0x000004    program   0x000002
                   .org_1       code   0x000008    program   0x000004
                   .org_2       code   0x000018    program   0x000688
                    .code       code   0x0006a0    program   0x000302
.config_300001_BUILD/DEFAULT/PRODUCTION/MAIN.O    romdata   0x300001    program   0x000001
.config_300002_BUILD/DEFAULT/PRODUCTION/MAIN.O    romdata   0x300002    program   0x000001
.config_300003_BUILD/DEFAULT/PRODUCTION/MAIN.O    romdata   0x300003    program   0x000001
.config_300005_BUILD/DEFAULT/PRODUCTION/MAIN.O    romdata   0x300005    program   0x000001
.config_300006_BUILD/DEFAULT/PRODUCTION/MAIN.O    romdata   0x300006    program   0x000001
.config_300008_BUILD/DEFAULT/PRODUCTION/MAIN.O    romdata   0x300008    program   0x000001
.config_300009_BUILD/DEFAULT/PRODUCTION/MAIN.O    romdata   0x300009    program   0x000001
.config_30000A_BUILD/DEFAULT/PRODUCTION/MAIN.O    romdata   0x30000a    program   0x000001
.config_30000B_BUILD/DEFAULT/PRODUCTION/MAIN.O    romdata   0x30000b    program   0x000001
.config_30000C_BUILD/DEFAULT/PRODUCTION/MAIN.O    romdata   0x30000c    program   0x000001
.config_30000D_BUILD/DEFAULT/PRODUCTION/MAIN.O    romdata   0x30000d    program   0x000001
                   .udata      udata   0x000080       data   0x000006



                              Program Memory Usage 
                               Start         End      
                           ---------   ---------      
                            0x000000    0x000005      
                            0x000008    0x00000b      
                            0x000018    0x0009a1      
                            0x300001    0x300003      
                            0x300005    0x300006      
                            0x300008    0x30000d      
            2463 out of 66584 program addresses used, program memory utilization is 3%



                              Symbols - Sorted by Name
                     Name    Address   Location    Storage File                     
                ---------  ---------  ---------  --------- ---------                
           ClearEEPROM_21   0x0004de    program     static /Users/mreiter/Desktop/AER201/botL.X/main.asm
                ClearNext   0x0004e6    program     static /Users/mreiter/Desktop/AER201/botL.X/main.asm
                   ClkLCD   0x0007ea    program     extern /Users/mreiter/Desktop/AER201/botL.X/lcd.asm
                   ClrLCD   0x0007dc    program     extern /Users/mreiter/Desktop/AER201/botL.X/lcd.asm
                   Cycles   0x000476    program     static /Users/mreiter/Desktop/AER201/botL.X/main.asm
               Delay200us   0x00045e    program     static /Users/mreiter/Desktop/AER201/botL.X/main.asm
            Delay44usLoop   0x000830    program     static /Users/mreiter/Desktop/AER201/botL.X/lcd.asm
                Delay50ms   0x00046c    program     static /Users/mreiter/Desktop/AER201/botL.X/main.asm
             Delay5msLoop   0x000840    program     static /Users/mreiter/Desktop/AER201/botL.X/lcd.asm
                 Delay5us   0x000450    program     static /Users/mreiter/Desktop/AER201/botL.X/main.asm
                DispOpRTC   0x0005c2    program     static /Users/mreiter/Desktop/AER201/botL.X/main.asm
         DispOpRTC_Helper   0x000666    program     static /Users/mreiter/Desktop/AER201/botL.X/main.asm
              DisplayTime   0x000550    program     static /Users/mreiter/Desktop/AER201/botL.X/main.asm
             END_ISR_HIGH   0x00008c    program     static /Users/mreiter/Desktop/AER201/botL.X/main.asm
              END_ISR_LOW   0x0000b2    program     static /Users/mreiter/Desktop/AER201/botL.X/main.asm
                EXECUTION   0x0001b2    program     static /Users/mreiter/Desktop/AER201/botL.X/main.asm
                 EXIT_EXE   0x000210    program     static /Users/mreiter/Desktop/AER201/botL.X/main.asm
                     Exe1   0x0006de    program     static /Users/mreiter/Desktop/AER201/botL.X/main.asm
                     Exe2   0x0006ea    program     static /Users/mreiter/Desktop/AER201/botL.X/main.asm
                 HOLD_EXE   0x0001f4    program     static /Users/mreiter/Desktop/AER201/botL.X/main.asm
                 HOLD_KEY   0x000524    program     static /Users/mreiter/Desktop/AER201/botL.X/main.asm
             HOLD_KEY_RTC   0x000538    program     static /Users/mreiter/Desktop/AER201/botL.X/main.asm
                 HOLD_LOG   0x0003c6    program     static /Users/mreiter/Desktop/AER201/botL.X/main.asm
            HOLD_LOG_INFO   0x000434    program     static /Users/mreiter/Desktop/AER201/botL.X/main.asm
             HOLD_STANDBY   0x000180    program     static /Users/mreiter/Desktop/AER201/botL.X/main.asm
                I2C_ACKDT   0x00094c    program     extern /Users/mreiter/Desktop/AER201/botL.X/i2c.asm
          I2C_Master_INIT   0x00094c    program     extern /Users/mreiter/Desktop/AER201/botL.X/i2c.asm
          I2C_Master_READ   0x00098a    program     extern /Users/mreiter/Desktop/AER201/botL.X/i2c.asm
        I2C_Master_RSTART   0x000972    program     extern /Users/mreiter/Desktop/AER201/botL.X/i2c.asm
         I2C_Master_START   0x00096a    program     extern /Users/mreiter/Desktop/AER201/botL.X/i2c.asm
          I2C_Master_STOP   0x00097a    program     extern /Users/mreiter/Desktop/AER201/botL.X/i2c.asm
          I2C_Master_WAIT   0x000962    program     extern /Users/mreiter/Desktop/AER201/botL.X/i2c.asm
         I2C_Master_WRITE   0x000982    program     extern /Users/mreiter/Desktop/AER201/botL.X/i2c.asm
                 I2C_temp   0x00094c    program     static /Users/mreiter/Desktop/AER201/botL.X/i2c.asm
                     INIT   0x0000ca    program     static /Users/mreiter/Desktop/AER201/botL.X/main.asm
                 ISR_HIGH   0x00001c    program     static /Users/mreiter/Desktop/AER201/botL.X/main.asm
                  ISR_LOW   0x000096    program     static /Users/mreiter/Desktop/AER201/botL.X/main.asm
                  InitLCD   0x000730    program     extern /Users/mreiter/Desktop/AER201/botL.X/lcd.asm
                   LCD_L1   0x0007fc    program     extern /Users/mreiter/Desktop/AER201/botL.X/lcd.asm
                   LCD_L2   0x000804    program     extern /Users/mreiter/Desktop/AER201/botL.X/lcd.asm
                 LLD_LOOP   0x00081a    program     static /Users/mreiter/Desktop/AER201/botL.X/lcd.asm
                      LOG   0x00036e    program     static /Users/mreiter/Desktop/AER201/botL.X/main.asm
                 LOG_INFO   0x0003f8    program     static /Users/mreiter/Desktop/AER201/botL.X/main.asm
                     Log1   0x0006b8    program     static /Users/mreiter/Desktop/AER201/botL.X/main.asm
                     Log2   0x0006be    program     static /Users/mreiter/Desktop/AER201/botL.X/main.asm
                 LogInfo1   0x0006cc    program     static /Users/mreiter/Desktop/AER201/botL.X/main.asm
                 LogInfo2   0x0006d4    program     static /Users/mreiter/Desktop/AER201/botL.X/main.asm
                   MovMSB   0x00080c    program     static /Users/mreiter/Desktop/AER201/botL.X/lcd.asm
                   NoData   0x00072c    program     static /Users/mreiter/Desktop/AER201/botL.X/main.asm
          NoSkipDispOpRTC   0x000602    program     static /Users/mreiter/Desktop/AER201/botL.X/main.asm
         NoSkipDispOpTime   0x00058c    program     static /Users/mreiter/Desktop/AER201/botL.X/main.asm
                  Op_Time   0x0006fa    program     static /Users/mreiter/Desktop/AER201/botL.X/main.asm
                   RD_END   0x000932    program     static /Users/mreiter/Desktop/AER201/botL.X/i2c_common.asm
                  RD_ERR1   0x000914    program     static /Users/mreiter/Desktop/AER201/botL.X/i2c_common.asm
                  RD_ERR2   0x00091e    program     static /Users/mreiter/Desktop/AER201/botL.X/i2c_common.asm
                  RD_ERR3   0x000928    program     static /Users/mreiter/Desktop/AER201/botL.X/i2c_common.asm
                 READ_KEY   0x000524    program     static /Users/mreiter/Desktop/AER201/botL.X/main.asm
             READ_KEY_RTC   0x000538    program     static /Users/mreiter/Desktop/AER201/botL.X/main.asm
                     SAVE   0x000702    program     static /Users/mreiter/Desktop/AER201/botL.X/main.asm
                  STANDBY   0x000162    program     static /Users/mreiter/Desktop/AER201/botL.X/main.asm
                   Safety   0x00071c    program     static /Users/mreiter/Desktop/AER201/botL.X/main.asm
                 SaveData   0x000272    program     static /Users/mreiter/Desktop/AER201/botL.X/main.asm
                ShiftLoop   0x0002a4    program     static /Users/mreiter/Desktop/AER201/botL.X/main.asm
            SkipDispOpRTC   0x000664    program     static /Users/mreiter/Desktop/AER201/botL.X/main.asm
           SkipDispOpTime   0x0005c0    program     static /Users/mreiter/Desktop/AER201/botL.X/main.asm
                  StandBy   0x0006b0    program     static /Users/mreiter/Desktop/AER201/botL.X/main.asm
                  Stopped   0x0006f2    program     static /Users/mreiter/Desktop/AER201/botL.X/main.asm
                     Team   0x0006a6    program     static /Users/mreiter/Desktop/AER201/botL.X/main.asm
                 Transfer   0x00070c    program     static /Users/mreiter/Desktop/AER201/botL.X/main.asm
                     WAIT   0x000962    program     static /Users/mreiter/Desktop/AER201/botL.X/i2c.asm
                  WR_DATA   0x0007a4    program     extern /Users/mreiter/Desktop/AER201/botL.X/lcd.asm
                   WR_END   0x0008c0    program     static /Users/mreiter/Desktop/AER201/botL.X/i2c_common.asm
                  WR_ERR1   0x0008a0    program     static /Users/mreiter/Desktop/AER201/botL.X/i2c_common.asm
                  WR_ERR2   0x0008aa    program     static /Users/mreiter/Desktop/AER201/botL.X/i2c_common.asm
                  WR_ERR3   0x0008b6    program     static /Users/mreiter/Desktop/AER201/botL.X/i2c_common.asm
                   WR_INS   0x000788    program     extern /Users/mreiter/Desktop/AER201/botL.X/lcd.asm
                  Welcome   0x0006a0    program     static /Users/mreiter/Desktop/AER201/botL.X/main.asm
              WriteEE_RTC   0x000480    program     static /Users/mreiter/Desktop/AER201/botL.X/main.asm
                   WrtLCD   0x0007c6    program     extern /Users/mreiter/Desktop/AER201/botL.X/lcd.asm
              _.code_0024   0x000872    program     static /Users/mreiter/Desktop/AER201/botL.X/i2c_common.asm
              _.code_0034   0x000882    program     static /Users/mreiter/Desktop/AER201/botL.X/i2c_common.asm
              _.code_0044   0x000892    program     static /Users/mreiter/Desktop/AER201/botL.X/i2c_common.asm
              _.code_0082   0x0008d0    program     static /Users/mreiter/Desktop/AER201/botL.X/i2c_common.asm
              _.code_0092   0x0008e0    program     static /Users/mreiter/Desktop/AER201/botL.X/i2c_common.asm
              _.code_00A6   0x0008f4    program     static /Users/mreiter/Desktop/AER201/botL.X/i2c_common.asm
              _.code_00C6   0x0007f6    program     static /Users/mreiter/Desktop/AER201/botL.X/lcd.asm
              _.code_00F0   0x000820    program     static /Users/mreiter/Desktop/AER201/botL.X/lcd.asm
             _.org_2_021E   0x00021e    program     static /Users/mreiter/Desktop/AER201/botL.X/main.asm
             _.org_2_0236   0x000236    program     static /Users/mreiter/Desktop/AER201/botL.X/main.asm
             _.org_2_024C   0x00024c    program     static /Users/mreiter/Desktop/AER201/botL.X/main.asm
             _.org_2_0264   0x000264    program     static /Users/mreiter/Desktop/AER201/botL.X/main.asm
             _.org_2_02CA   0x0002ca    program     static /Users/mreiter/Desktop/AER201/botL.X/main.asm
             _.org_2_02E2   0x0002e2    program     static /Users/mreiter/Desktop/AER201/botL.X/main.asm
             _.org_2_031C   0x00031c    program     static /Users/mreiter/Desktop/AER201/botL.X/main.asm
             _.org_2_0334   0x000334    program     static /Users/mreiter/Desktop/AER201/botL.X/main.asm
             _.org_2_034A   0x00034a    program     static /Users/mreiter/Desktop/AER201/botL.X/main.asm
             _.org_2_0362   0x000362    program     static /Users/mreiter/Desktop/AER201/botL.X/main.asm
             _.org_2_048E   0x00048e    program     static /Users/mreiter/Desktop/AER201/botL.X/main.asm
             _.org_2_04A6   0x0004a6    program     static /Users/mreiter/Desktop/AER201/botL.X/main.asm
             _.org_2_04BC   0x0004bc    program     static /Users/mreiter/Desktop/AER201/botL.X/main.asm
             _.org_2_04D4   0x0004d4    program     static /Users/mreiter/Desktop/AER201/botL.X/main.asm
             _.org_2_04F4   0x0004f4    program     static /Users/mreiter/Desktop/AER201/botL.X/main.asm
             _.org_2_050C   0x00050c    program     static /Users/mreiter/Desktop/AER201/botL.X/main.asm
             _.org_2_0532   0x000532    program     static /Users/mreiter/Desktop/AER201/botL.X/main.asm
             _.org_2_054A   0x00054a    program     static /Users/mreiter/Desktop/AER201/botL.X/main.asm
                  _10loop   0x000176    program     static /Users/mreiter/Desktop/AER201/botL.X/main.asm
                  _11Exit   0x000198    program     static /Users/mreiter/Desktop/AER201/botL.X/main.asm
                  _11Next   0x00018c    program     static /Users/mreiter/Desktop/AER201/botL.X/main.asm
                  _12Exit   0x0001ae    program     static /Users/mreiter/Desktop/AER201/botL.X/main.asm
                  _12Next   0x0001a2    program     static /Users/mreiter/Desktop/AER201/botL.X/main.asm
                  _13loop   0x0001c8    program     static /Users/mreiter/Desktop/AER201/botL.X/main.asm
                  _14loop   0x0001e6    program     static /Users/mreiter/Desktop/AER201/botL.X/main.asm
                  _15Exit   0x00020c    program     static /Users/mreiter/Desktop/AER201/botL.X/main.asm
                  _15Next   0x000200    program     static /Users/mreiter/Desktop/AER201/botL.X/main.asm
                  _18loop   0x000286    program     static /Users/mreiter/Desktop/AER201/botL.X/main.asm
                  _23loop   0x000382    program     static /Users/mreiter/Desktop/AER201/botL.X/main.asm
                  _26Exit   0x0003de    program     static /Users/mreiter/Desktop/AER201/botL.X/main.asm
                  _26Next   0x0003d2    program     static /Users/mreiter/Desktop/AER201/botL.X/main.asm
                  _27Exit   0x0003f4    program     static /Users/mreiter/Desktop/AER201/botL.X/main.asm
                  _27Next   0x0003e8    program     static /Users/mreiter/Desktop/AER201/botL.X/main.asm
                  _28loop   0x00040c    program     static /Users/mreiter/Desktop/AER201/botL.X/main.asm
                  _29loop   0x00042a    program     static /Users/mreiter/Desktop/AER201/botL.X/main.asm
                 _2endBCD   0x000058    program     static /Users/mreiter/Desktop/AER201/botL.X/main.asm
                   _2ones   0x000052    program     static /Users/mreiter/Desktop/AER201/botL.X/main.asm
                  _30Exit   0x00044c    program     static /Users/mreiter/Desktop/AER201/botL.X/main.asm
                  _30Next   0x000440    program     static /Users/mreiter/Desktop/AER201/botL.X/main.asm
                  _35loop   0x00057a    program     static /Users/mreiter/Desktop/AER201/botL.X/main.asm
                  _37loop   0x0005f0    program     static /Users/mreiter/Desktop/AER201/botL.X/main.asm
                 _3endBCD   0x00008a    program     static /Users/mreiter/Desktop/AER201/botL.X/main.asm
                   _3ones   0x000084    program     static /Users/mreiter/Desktop/AER201/botL.X/main.asm
                   _7loop   0x00012c    program     static /Users/mreiter/Desktop/AER201/botL.X/main.asm
                   _8loop   0x00014a    program     static /Users/mreiter/Desktop/AER201/botL.X/main.asm
                   _9loop   0x000158    program     static /Users/mreiter/Desktop/AER201/botL.X/main.asm
                  _waitl0   0x00090a    program     static /Users/mreiter/Desktop/AER201/botL.X/i2c_common.asm
                       d2   0x000848    program     static /Users/mreiter/Desktop/AER201/botL.X/lcd.asm
                delay44us   0x00082c    program     static /Users/mreiter/Desktop/AER201/botL.X/lcd.asm
                 delay5ms   0x000838    program     static /Users/mreiter/Desktop/AER201/botL.X/lcd.asm
         i2c_common_setup   0x00084e    program     extern /Users/mreiter/Desktop/AER201/botL.X/i2c_common.asm
             lcdLongDelay   0x000816    program     static /Users/mreiter/Desktop/AER201/botL.X/lcd.asm
                loop200us   0x000462    program     static /Users/mreiter/Desktop/AER201/botL.X/main.asm
                 loop50ms   0x000470    program     static /Users/mreiter/Desktop/AER201/botL.X/main.asm
                  loop5us   0x000454    program     static /Users/mreiter/Desktop/AER201/botL.X/main.asm
                 read_rtc   0x0008c6    program     extern /Users/mreiter/Desktop/AER201/botL.X/i2c_common.asm
              rtc_convert   0x000938    program     extern /Users/mreiter/Desktop/AER201/botL.X/i2c_common.asm
                write_rtc   0x000868    program     extern /Users/mreiter/Desktop/AER201/botL.X/i2c_common.asm
           convert_buffer   0x000085       data     extern /Users/mreiter/Desktop/AER201/botL.X/i2c_common.asm
                 databyte   0x000081       data     extern /Users/mreiter/Desktop/AER201/botL.X/i2c_common.asm
                 datachar   0x000082       data     extern /Users/mreiter/Desktop/AER201/botL.X/i2c_common.asm
               ones_digit   0x000084       data     extern /Users/mreiter/Desktop/AER201/botL.X/i2c_common.asm
               regaddress   0x000080       data     extern /Users/mreiter/Desktop/AER201/botL.X/i2c_common.asm
               tens_digit   0x000083       data     extern /Users/mreiter/Desktop/AER201/botL.X/i2c_common.asm



                              Symbols - Sorted by Address
                     Name    Address   Location    Storage File                     
                ---------  ---------  ---------  --------- ---------                
                 ISR_HIGH   0x00001c    program     static /Users/mreiter/Desktop/AER201/botL.X/main.asm
                   _2ones   0x000052    program     static /Users/mreiter/Desktop/AER201/botL.X/main.asm
                 _2endBCD   0x000058    program     static /Users/mreiter/Desktop/AER201/botL.X/main.asm
                   _3ones   0x000084    program     static /Users/mreiter/Desktop/AER201/botL.X/main.asm
                 _3endBCD   0x00008a    program     static /Users/mreiter/Desktop/AER201/botL.X/main.asm
             END_ISR_HIGH   0x00008c    program     static /Users/mreiter/Desktop/AER201/botL.X/main.asm
                  ISR_LOW   0x000096    program     static /Users/mreiter/Desktop/AER201/botL.X/main.asm
              END_ISR_LOW   0x0000b2    program     static /Users/mreiter/Desktop/AER201/botL.X/main.asm
                     INIT   0x0000ca    program     static /Users/mreiter/Desktop/AER201/botL.X/main.asm
                   _7loop   0x00012c    program     static /Users/mreiter/Desktop/AER201/botL.X/main.asm
                   _8loop   0x00014a    program     static /Users/mreiter/Desktop/AER201/botL.X/main.asm
                   _9loop   0x000158    program     static /Users/mreiter/Desktop/AER201/botL.X/main.asm
                  STANDBY   0x000162    program     static /Users/mreiter/Desktop/AER201/botL.X/main.asm
                  _10loop   0x000176    program     static /Users/mreiter/Desktop/AER201/botL.X/main.asm
             HOLD_STANDBY   0x000180    program     static /Users/mreiter/Desktop/AER201/botL.X/main.asm
                  _11Next   0x00018c    program     static /Users/mreiter/Desktop/AER201/botL.X/main.asm
                  _11Exit   0x000198    program     static /Users/mreiter/Desktop/AER201/botL.X/main.asm
                  _12Next   0x0001a2    program     static /Users/mreiter/Desktop/AER201/botL.X/main.asm
                  _12Exit   0x0001ae    program     static /Users/mreiter/Desktop/AER201/botL.X/main.asm
                EXECUTION   0x0001b2    program     static /Users/mreiter/Desktop/AER201/botL.X/main.asm
                  _13loop   0x0001c8    program     static /Users/mreiter/Desktop/AER201/botL.X/main.asm
                  _14loop   0x0001e6    program     static /Users/mreiter/Desktop/AER201/botL.X/main.asm
                 HOLD_EXE   0x0001f4    program     static /Users/mreiter/Desktop/AER201/botL.X/main.asm
                  _15Next   0x000200    program     static /Users/mreiter/Desktop/AER201/botL.X/main.asm
                  _15Exit   0x00020c    program     static /Users/mreiter/Desktop/AER201/botL.X/main.asm
                 EXIT_EXE   0x000210    program     static /Users/mreiter/Desktop/AER201/botL.X/main.asm
             _.org_2_021E   0x00021e    program     static /Users/mreiter/Desktop/AER201/botL.X/main.asm
             _.org_2_0236   0x000236    program     static /Users/mreiter/Desktop/AER201/botL.X/main.asm
             _.org_2_024C   0x00024c    program     static /Users/mreiter/Desktop/AER201/botL.X/main.asm
             _.org_2_0264   0x000264    program     static /Users/mreiter/Desktop/AER201/botL.X/main.asm
                 SaveData   0x000272    program     static /Users/mreiter/Desktop/AER201/botL.X/main.asm
                  _18loop   0x000286    program     static /Users/mreiter/Desktop/AER201/botL.X/main.asm
                ShiftLoop   0x0002a4    program     static /Users/mreiter/Desktop/AER201/botL.X/main.asm
             _.org_2_02CA   0x0002ca    program     static /Users/mreiter/Desktop/AER201/botL.X/main.asm
             _.org_2_02E2   0x0002e2    program     static /Users/mreiter/Desktop/AER201/botL.X/main.asm
             _.org_2_031C   0x00031c    program     static /Users/mreiter/Desktop/AER201/botL.X/main.asm
             _.org_2_0334   0x000334    program     static /Users/mreiter/Desktop/AER201/botL.X/main.asm
             _.org_2_034A   0x00034a    program     static /Users/mreiter/Desktop/AER201/botL.X/main.asm
             _.org_2_0362   0x000362    program     static /Users/mreiter/Desktop/AER201/botL.X/main.asm
                      LOG   0x00036e    program     static /Users/mreiter/Desktop/AER201/botL.X/main.asm
                  _23loop   0x000382    program     static /Users/mreiter/Desktop/AER201/botL.X/main.asm
                 HOLD_LOG   0x0003c6    program     static /Users/mreiter/Desktop/AER201/botL.X/main.asm
                  _26Next   0x0003d2    program     static /Users/mreiter/Desktop/AER201/botL.X/main.asm
                  _26Exit   0x0003de    program     static /Users/mreiter/Desktop/AER201/botL.X/main.asm
                  _27Next   0x0003e8    program     static /Users/mreiter/Desktop/AER201/botL.X/main.asm
                  _27Exit   0x0003f4    program     static /Users/mreiter/Desktop/AER201/botL.X/main.asm
                 LOG_INFO   0x0003f8    program     static /Users/mreiter/Desktop/AER201/botL.X/main.asm
                  _28loop   0x00040c    program     static /Users/mreiter/Desktop/AER201/botL.X/main.asm
                  _29loop   0x00042a    program     static /Users/mreiter/Desktop/AER201/botL.X/main.asm
            HOLD_LOG_INFO   0x000434    program     static /Users/mreiter/Desktop/AER201/botL.X/main.asm
                  _30Next   0x000440    program     static /Users/mreiter/Desktop/AER201/botL.X/main.asm
                  _30Exit   0x00044c    program     static /Users/mreiter/Desktop/AER201/botL.X/main.asm
                 Delay5us   0x000450    program     static /Users/mreiter/Desktop/AER201/botL.X/main.asm
                  loop5us   0x000454    program     static /Users/mreiter/Desktop/AER201/botL.X/main.asm
               Delay200us   0x00045e    program     static /Users/mreiter/Desktop/AER201/botL.X/main.asm
                loop200us   0x000462    program     static /Users/mreiter/Desktop/AER201/botL.X/main.asm
                Delay50ms   0x00046c    program     static /Users/mreiter/Desktop/AER201/botL.X/main.asm
                 loop50ms   0x000470    program     static /Users/mreiter/Desktop/AER201/botL.X/main.asm
                   Cycles   0x000476    program     static /Users/mreiter/Desktop/AER201/botL.X/main.asm
              WriteEE_RTC   0x000480    program     static /Users/mreiter/Desktop/AER201/botL.X/main.asm
             _.org_2_048E   0x00048e    program     static /Users/mreiter/Desktop/AER201/botL.X/main.asm
             _.org_2_04A6   0x0004a6    program     static /Users/mreiter/Desktop/AER201/botL.X/main.asm
             _.org_2_04BC   0x0004bc    program     static /Users/mreiter/Desktop/AER201/botL.X/main.asm
             _.org_2_04D4   0x0004d4    program     static /Users/mreiter/Desktop/AER201/botL.X/main.asm
           ClearEEPROM_21   0x0004de    program     static /Users/mreiter/Desktop/AER201/botL.X/main.asm
                ClearNext   0x0004e6    program     static /Users/mreiter/Desktop/AER201/botL.X/main.asm
             _.org_2_04F4   0x0004f4    program     static /Users/mreiter/Desktop/AER201/botL.X/main.asm
             _.org_2_050C   0x00050c    program     static /Users/mreiter/Desktop/AER201/botL.X/main.asm
                 READ_KEY   0x000524    program     static /Users/mreiter/Desktop/AER201/botL.X/main.asm
                 HOLD_KEY   0x000524    program     static /Users/mreiter/Desktop/AER201/botL.X/main.asm
             _.org_2_0532   0x000532    program     static /Users/mreiter/Desktop/AER201/botL.X/main.asm
             READ_KEY_RTC   0x000538    program     static /Users/mreiter/Desktop/AER201/botL.X/main.asm
             HOLD_KEY_RTC   0x000538    program     static /Users/mreiter/Desktop/AER201/botL.X/main.asm
             _.org_2_054A   0x00054a    program     static /Users/mreiter/Desktop/AER201/botL.X/main.asm
              DisplayTime   0x000550    program     static /Users/mreiter/Desktop/AER201/botL.X/main.asm
                  _35loop   0x00057a    program     static /Users/mreiter/Desktop/AER201/botL.X/main.asm
         NoSkipDispOpTime   0x00058c    program     static /Users/mreiter/Desktop/AER201/botL.X/main.asm
           SkipDispOpTime   0x0005c0    program     static /Users/mreiter/Desktop/AER201/botL.X/main.asm
                DispOpRTC   0x0005c2    program     static /Users/mreiter/Desktop/AER201/botL.X/main.asm
                  _37loop   0x0005f0    program     static /Users/mreiter/Desktop/AER201/botL.X/main.asm
          NoSkipDispOpRTC   0x000602    program     static /Users/mreiter/Desktop/AER201/botL.X/main.asm
            SkipDispOpRTC   0x000664    program     static /Users/mreiter/Desktop/AER201/botL.X/main.asm
         DispOpRTC_Helper   0x000666    program     static /Users/mreiter/Desktop/AER201/botL.X/main.asm
                  Welcome   0x0006a0    program     static /Users/mreiter/Desktop/AER201/botL.X/main.asm
                     Team   0x0006a6    program     static /Users/mreiter/Desktop/AER201/botL.X/main.asm
                  StandBy   0x0006b0    program     static /Users/mreiter/Desktop/AER201/botL.X/main.asm
                     Log1   0x0006b8    program     static /Users/mreiter/Desktop/AER201/botL.X/main.asm
                     Log2   0x0006be    program     static /Users/mreiter/Desktop/AER201/botL.X/main.asm
                 LogInfo1   0x0006cc    program     static /Users/mreiter/Desktop/AER201/botL.X/main.asm
                 LogInfo2   0x0006d4    program     static /Users/mreiter/Desktop/AER201/botL.X/main.asm
                     Exe1   0x0006de    program     static /Users/mreiter/Desktop/AER201/botL.X/main.asm
                     Exe2   0x0006ea    program     static /Users/mreiter/Desktop/AER201/botL.X/main.asm
                  Stopped   0x0006f2    program     static /Users/mreiter/Desktop/AER201/botL.X/main.asm
                  Op_Time   0x0006fa    program     static /Users/mreiter/Desktop/AER201/botL.X/main.asm
                     SAVE   0x000702    program     static /Users/mreiter/Desktop/AER201/botL.X/main.asm
                 Transfer   0x00070c    program     static /Users/mreiter/Desktop/AER201/botL.X/main.asm
                   Safety   0x00071c    program     static /Users/mreiter/Desktop/AER201/botL.X/main.asm
                   NoData   0x00072c    program     static /Users/mreiter/Desktop/AER201/botL.X/main.asm
                  InitLCD   0x000730    program     extern /Users/mreiter/Desktop/AER201/botL.X/lcd.asm
                   WR_INS   0x000788    program     extern /Users/mreiter/Desktop/AER201/botL.X/lcd.asm
                  WR_DATA   0x0007a4    program     extern /Users/mreiter/Desktop/AER201/botL.X/lcd.asm
                   WrtLCD   0x0007c6    program     extern /Users/mreiter/Desktop/AER201/botL.X/lcd.asm
                   ClrLCD   0x0007dc    program     extern /Users/mreiter/Desktop/AER201/botL.X/lcd.asm
                   ClkLCD   0x0007ea    program     extern /Users/mreiter/Desktop/AER201/botL.X/lcd.asm
              _.code_00C6   0x0007f6    program     static /Users/mreiter/Desktop/AER201/botL.X/lcd.asm
                   LCD_L1   0x0007fc    program     extern /Users/mreiter/Desktop/AER201/botL.X/lcd.asm
                   LCD_L2   0x000804    program     extern /Users/mreiter/Desktop/AER201/botL.X/lcd.asm
                   MovMSB   0x00080c    program     static /Users/mreiter/Desktop/AER201/botL.X/lcd.asm
             lcdLongDelay   0x000816    program     static /Users/mreiter/Desktop/AER201/botL.X/lcd.asm
                 LLD_LOOP   0x00081a    program     static /Users/mreiter/Desktop/AER201/botL.X/lcd.asm
              _.code_00F0   0x000820    program     static /Users/mreiter/Desktop/AER201/botL.X/lcd.asm
                delay44us   0x00082c    program     static /Users/mreiter/Desktop/AER201/botL.X/lcd.asm
            Delay44usLoop   0x000830    program     static /Users/mreiter/Desktop/AER201/botL.X/lcd.asm
                 delay5ms   0x000838    program     static /Users/mreiter/Desktop/AER201/botL.X/lcd.asm
             Delay5msLoop   0x000840    program     static /Users/mreiter/Desktop/AER201/botL.X/lcd.asm
                       d2   0x000848    program     static /Users/mreiter/Desktop/AER201/botL.X/lcd.asm
         i2c_common_setup   0x00084e    program     extern /Users/mreiter/Desktop/AER201/botL.X/i2c_common.asm
                write_rtc   0x000868    program     extern /Users/mreiter/Desktop/AER201/botL.X/i2c_common.asm
              _.code_0024   0x000872    program     static /Users/mreiter/Desktop/AER201/botL.X/i2c_common.asm
              _.code_0034   0x000882    program     static /Users/mreiter/Desktop/AER201/botL.X/i2c_common.asm
              _.code_0044   0x000892    program     static /Users/mreiter/Desktop/AER201/botL.X/i2c_common.asm
                  WR_ERR1   0x0008a0    program     static /Users/mreiter/Desktop/AER201/botL.X/i2c_common.asm
                  WR_ERR2   0x0008aa    program     static /Users/mreiter/Desktop/AER201/botL.X/i2c_common.asm
                  WR_ERR3   0x0008b6    program     static /Users/mreiter/Desktop/AER201/botL.X/i2c_common.asm
                   WR_END   0x0008c0    program     static /Users/mreiter/Desktop/AER201/botL.X/i2c_common.asm
                 read_rtc   0x0008c6    program     extern /Users/mreiter/Desktop/AER201/botL.X/i2c_common.asm
              _.code_0082   0x0008d0    program     static /Users/mreiter/Desktop/AER201/botL.X/i2c_common.asm
              _.code_0092   0x0008e0    program     static /Users/mreiter/Desktop/AER201/botL.X/i2c_common.asm
              _.code_00A6   0x0008f4    program     static /Users/mreiter/Desktop/AER201/botL.X/i2c_common.asm
                  _waitl0   0x00090a    program     static /Users/mreiter/Desktop/AER201/botL.X/i2c_common.asm
                  RD_ERR1   0x000914    program     static /Users/mreiter/Desktop/AER201/botL.X/i2c_common.asm
                  RD_ERR2   0x00091e    program     static /Users/mreiter/Desktop/AER201/botL.X/i2c_common.asm
                  RD_ERR3   0x000928    program     static /Users/mreiter/Desktop/AER201/botL.X/i2c_common.asm
                   RD_END   0x000932    program     static /Users/mreiter/Desktop/AER201/botL.X/i2c_common.asm
              rtc_convert   0x000938    program     extern /Users/mreiter/Desktop/AER201/botL.X/i2c_common.asm
                 I2C_temp   0x00094c    program     static /Users/mreiter/Desktop/AER201/botL.X/i2c.asm
          I2C_Master_INIT   0x00094c    program     extern /Users/mreiter/Desktop/AER201/botL.X/i2c.asm
                I2C_ACKDT   0x00094c    program     extern /Users/mreiter/Desktop/AER201/botL.X/i2c.asm
          I2C_Master_WAIT   0x000962    program     extern /Users/mreiter/Desktop/AER201/botL.X/i2c.asm
                     WAIT   0x000962    program     static /Users/mreiter/Desktop/AER201/botL.X/i2c.asm
         I2C_Master_START   0x00096a    program     extern /Users/mreiter/Desktop/AER201/botL.X/i2c.asm
        I2C_Master_RSTART   0x000972    program     extern /Users/mreiter/Desktop/AER201/botL.X/i2c.asm
          I2C_Master_STOP   0x00097a    program     extern /Users/mreiter/Desktop/AER201/botL.X/i2c.asm
         I2C_Master_WRITE   0x000982    program     extern /Users/mreiter/Desktop/AER201/botL.X/i2c.asm
          I2C_Master_READ   0x00098a    program     extern /Users/mreiter/Desktop/AER201/botL.X/i2c.asm
               regaddress   0x000080       data     extern /Users/mreiter/Desktop/AER201/botL.X/i2c_common.asm
                 databyte   0x000081       data     extern /Users/mreiter/Desktop/AER201/botL.X/i2c_common.asm
                 datachar   0x000082       data     extern /Users/mreiter/Desktop/AER201/botL.X/i2c_common.asm
               tens_digit   0x000083       data     extern /Users/mreiter/Desktop/AER201/botL.X/i2c_common.asm
               ones_digit   0x000084       data     extern /Users/mreiter/Desktop/AER201/botL.X/i2c_common.asm
           convert_buffer   0x000085       data     extern /Users/mreiter/Desktop/AER201/botL.X/i2c_common.asm


