MPLINK 5.08, LINKER
Linker Map File - Created Mon Feb 20 17:37:55 2017

                                 Section Info
                  Section       Type    Address   Location Size(Bytes)
                ---------  ---------  ---------  ---------  ---------
                   .org_0       code   0x000000    program   0x000004
                   .cinit    romdata   0x000004    program   0x000002
                   .org_1       code   0x000008    program   0x000004
                   .org_2       code   0x000018    program   0x000d66
                    .code       code   0x000d7e    program   0x0004b0
.config_300001_BUILD/DEFAULT/PRODUCTION/MAIN.O    romdata   0x300001    program   0x000001
.config_300002_BUILD/DEFAULT/PRODUCTION/MAIN.O    romdata   0x300002    program   0x000001
.config_300003_BUILD/DEFAULT/PRODUCTION/MAIN.O    romdata   0x300003    program   0x000001
.config_300005_BUILD/DEFAULT/PRODUCTION/MAIN.O    romdata   0x300005    program   0x000001
.config_300006_BUILD/DEFAULT/PRODUCTION/MAIN.O    romdata   0x300006    program   0x000001
.config_300008_BUILD/DEFAULT/PRODUCTION/MAIN.O    romdata   0x300008    program   0x000001
.config_300009_BUILD/DEFAULT/PRODUCTION/MAIN.O    romdata   0x300009    program   0x000001
.config_30000A_BUILD/DEFAULT/PRODUCTION/MAIN.O    romdata   0x30000a    program   0x000001
.config_30000B_BUILD/DEFAULT/PRODUCTION/MAIN.O    romdata   0x30000b    program   0x000001
.config_30000C_BUILD/DEFAULT/PRODUCTION/MAIN.O    romdata   0x30000c    program   0x000001
.config_30000D_BUILD/DEFAULT/PRODUCTION/MAIN.O    romdata   0x30000d    program   0x000001
                   .udata      udata   0x000080       data   0x00000a



                              Program Memory Usage 
                               Start         End      
                           ---------   ---------      
                            0x000000    0x000005      
                            0x000008    0x00000b      
                            0x000018    0x00122d      
                            0x300001    0x300003      
                            0x300005    0x300006      
                            0x300008    0x30000d      
            4651 out of 66584 program addresses used, program memory utilization is 6%



                              Symbols - Sorted by Name
                     Name    Address   Location    Storage File                     
                ---------  ---------  ---------  --------- ---------                
                CHECK_ACK   0x0011be    program     extern /Users/mreiter/Desktop/AER201/botL.X/i2c.asm
               CHECK_BLUE   0x00031c    program     static /Users/mreiter/Desktop/AER201/botL.X/main.asm
              CHECK_CLEAR   0x000262    program     static /Users/mreiter/Desktop/AER201/botL.X/main.asm
              CHECK_GREEN   0x0002de    program     static /Users/mreiter/Desktop/AER201/botL.X/main.asm
               CHECK_NACK   0x0011c2    program     extern /Users/mreiter/Desktop/AER201/botL.X/i2c.asm
                CHECK_RED   0x0002a0    program     static /Users/mreiter/Desktop/AER201/botL.X/main.asm
              COLOUR_TEST   0x00035a    program     static /Users/mreiter/Desktop/AER201/botL.X/main.asm
           ClearEEPROM_21   0x000baa    program     static /Users/mreiter/Desktop/AER201/botL.X/main.asm
                ClearNext   0x000bb2    program     static /Users/mreiter/Desktop/AER201/botL.X/main.asm
                   ClkLCD   0x000f0c    program     extern /Users/mreiter/Desktop/AER201/botL.X/lcd.asm
                   ClrLCD   0x000efe    program     extern /Users/mreiter/Desktop/AER201/botL.X/lcd.asm
                   Cycles   0x000b42    program     static /Users/mreiter/Desktop/AER201/botL.X/main.asm
              DISPLAY_RTC   0x0009d6    program     static /Users/mreiter/Desktop/AER201/botL.X/main.asm
               Delay200us   0x000b2a    program     static /Users/mreiter/Desktop/AER201/botL.X/main.asm
            Delay44usLoop   0x000f52    program     static /Users/mreiter/Desktop/AER201/botL.X/lcd.asm
                Delay50ms   0x000b38    program     static /Users/mreiter/Desktop/AER201/botL.X/main.asm
             Delay5msLoop   0x000f62    program     static /Users/mreiter/Desktop/AER201/botL.X/lcd.asm
                 Delay5us   0x000b1c    program     static /Users/mreiter/Desktop/AER201/botL.X/main.asm
                DispOpRTC   0x000ca0    program     static /Users/mreiter/Desktop/AER201/botL.X/main.asm
         DispOpRTC_Helper   0x000d44    program     static /Users/mreiter/Desktop/AER201/botL.X/main.asm
           DisplayExeTime   0x000c20    program     static /Users/mreiter/Desktop/AER201/botL.X/main.asm
             END_ISR_HIGH   0x00008c    program     static /Users/mreiter/Desktop/AER201/botL.X/main.asm
              END_ISR_LOW   0x0000b2    program     static /Users/mreiter/Desktop/AER201/botL.X/main.asm
                EXECUTION   0x0003e2    program     static /Users/mreiter/Desktop/AER201/botL.X/main.asm
                 EXIT_EXE   0x00045a    program     static /Users/mreiter/Desktop/AER201/botL.X/main.asm
                     Exe1   0x000dd8    program     static /Users/mreiter/Desktop/AER201/botL.X/main.asm
                     Exe2   0x000de4    program     static /Users/mreiter/Desktop/AER201/botL.X/main.asm
                 HOLD_EXE   0x00043e    program     static /Users/mreiter/Desktop/AER201/botL.X/main.asm
                 HOLD_LOG   0x000614    program     static /Users/mreiter/Desktop/AER201/botL.X/main.asm
            HOLD_LOG_INFO   0x0006e4    program     static /Users/mreiter/Desktop/AER201/botL.X/main.asm
                  HOLD_PC   0x000916    program     static /Users/mreiter/Desktop/AER201/botL.X/main.asm
            HOLD_PERM_LOG   0x00073c    program     static /Users/mreiter/Desktop/AER201/botL.X/main.asm
                HOLD_PLOG   0x0008b2    program     static /Users/mreiter/Desktop/AER201/botL.X/main.asm
             HOLD_STANDBY   0x0001ee    program     static /Users/mreiter/Desktop/AER201/botL.X/main.asm
                  HOLD_UP   0x00120e    program     static /Users/mreiter/Desktop/AER201/botL.X/i2c.asm
                I2C_ACKDT   0x0011be    program     extern /Users/mreiter/Desktop/AER201/botL.X/i2c.asm
           I2C_Master_ACK   0x001224    program     extern /Users/mreiter/Desktop/AER201/botL.X/i2c.asm
          I2C_Master_INIT   0x0011ce    program     extern /Users/mreiter/Desktop/AER201/botL.X/i2c.asm
          I2C_Master_READ   0x001216    program     extern /Users/mreiter/Desktop/AER201/botL.X/i2c.asm
        I2C_Master_RSTART   0x0011f8    program     extern /Users/mreiter/Desktop/AER201/botL.X/i2c.asm
         I2C_Master_START   0x0011f0    program     extern /Users/mreiter/Desktop/AER201/botL.X/i2c.asm
          I2C_Master_STOP   0x001200    program     extern /Users/mreiter/Desktop/AER201/botL.X/i2c.asm
          I2C_Master_WAIT   0x0011e0    program     extern /Users/mreiter/Desktop/AER201/botL.X/i2c.asm
         I2C_Master_WRITE   0x001208    program     extern /Users/mreiter/Desktop/AER201/botL.X/i2c.asm
                 I2C_temp   0x0011be    program     static /Users/mreiter/Desktop/AER201/botL.X/i2c.asm
                     INIT   0x0000ca    program     static /Users/mreiter/Desktop/AER201/botL.X/main.asm
               INIT_USART   0x000b0c    program     static /Users/mreiter/Desktop/AER201/botL.X/main.asm
                 ISR_HIGH   0x00001c    program     static /Users/mreiter/Desktop/AER201/botL.X/main.asm
                  ISR_LOW   0x000096    program     static /Users/mreiter/Desktop/AER201/botL.X/main.asm
                  InitLCD   0x000e52    program     extern /Users/mreiter/Desktop/AER201/botL.X/lcd.asm
                   LCD_L1   0x000f1e    program     extern /Users/mreiter/Desktop/AER201/botL.X/lcd.asm
                   LCD_L2   0x000f26    program     extern /Users/mreiter/Desktop/AER201/botL.X/lcd.asm
                 LLD_LOOP   0x000f3c    program     static /Users/mreiter/Desktop/AER201/botL.X/lcd.asm
                      LOG   0x0005bc    program     static /Users/mreiter/Desktop/AER201/botL.X/main.asm
                 LOG_INFO   0x000646    program     static /Users/mreiter/Desktop/AER201/botL.X/main.asm
                     LOOP   0x00121c    program     static /Users/mreiter/Desktop/AER201/botL.X/i2c.asm
                  LOOPING   0x00035a    program     static /Users/mreiter/Desktop/AER201/botL.X/main.asm
                     Log1   0x000d96    program     static /Users/mreiter/Desktop/AER201/botL.X/main.asm
                     Log2   0x000d9c    program     static /Users/mreiter/Desktop/AER201/botL.X/main.asm
                 LogInfo1   0x000daa    program     static /Users/mreiter/Desktop/AER201/botL.X/main.asm
                 LogInfo2   0x000db2    program     static /Users/mreiter/Desktop/AER201/botL.X/main.asm
                   MovMSB   0x000f2e    program     static /Users/mreiter/Desktop/AER201/botL.X/lcd.asm
                   NoData   0x000e3e    program     static /Users/mreiter/Desktop/AER201/botL.X/main.asm
        NoSkipDispExeTime   0x000c5e    program     static /Users/mreiter/Desktop/AER201/botL.X/main.asm
          NoSkipDispOpRTC   0x000ce0    program     static /Users/mreiter/Desktop/AER201/botL.X/main.asm
                  Op_Time   0x000e1c    program     static /Users/mreiter/Desktop/AER201/botL.X/main.asm
                      PC1   0x000dec    program     static /Users/mreiter/Desktop/AER201/botL.X/main.asm
                      PC2   0x000dfa    program     static /Users/mreiter/Desktop/AER201/botL.X/main.asm
                   PCLog1   0x000e42    program     static /Users/mreiter/Desktop/AER201/botL.X/main.asm
               PCTransfer   0x000e04    program     static /Users/mreiter/Desktop/AER201/botL.X/main.asm
                  PC_MODE   0x0008ce    program     static /Users/mreiter/Desktop/AER201/botL.X/main.asm
              PC_TRANSFER   0x000948    program     static /Users/mreiter/Desktop/AER201/botL.X/main.asm
                 PERM_LOG   0x000700    program     static /Users/mreiter/Desktop/AER201/botL.X/main.asm
                     PLOG   0x00081e    program     static /Users/mreiter/Desktop/AER201/botL.X/main.asm
                 PermLog1   0x000dbc    program     static /Users/mreiter/Desktop/AER201/botL.X/main.asm
                 PermLog2   0x000dcc    program     static /Users/mreiter/Desktop/AER201/botL.X/main.asm
                   RD_END   0x001138    program     static /Users/mreiter/Desktop/AER201/botL.X/i2c_common.asm
               RD_END_RTC   0x00108e    program     static /Users/mreiter/Desktop/AER201/botL.X/i2c_common.asm
                  RD_ERR1   0x00111a    program     static /Users/mreiter/Desktop/AER201/botL.X/i2c_common.asm
              RD_ERR1_RTC   0x001070    program     static /Users/mreiter/Desktop/AER201/botL.X/i2c_common.asm
                  RD_ERR2   0x001124    program     static /Users/mreiter/Desktop/AER201/botL.X/i2c_common.asm
              RD_ERR2_RTC   0x00107a    program     static /Users/mreiter/Desktop/AER201/botL.X/i2c_common.asm
                  RD_ERR3   0x00112e    program     static /Users/mreiter/Desktop/AER201/botL.X/i2c_common.asm
              RD_ERR3_RTC   0x001084    program     static /Users/mreiter/Desktop/AER201/botL.X/i2c_common.asm
          READ_COLOUR_I2C   0x0010ac    program     extern /Users/mreiter/Desktop/AER201/botL.X/i2c_common.asm
                 READ_KEY   0x000bf0    program     static /Users/mreiter/Desktop/AER201/botL.X/main.asm
            READ_KEY_TIME   0x000c04    program     static /Users/mreiter/Desktop/AER201/botL.X/main.asm
                 RTC_INIT   0x00096c    program     static /Users/mreiter/Desktop/AER201/botL.X/main.asm
                     SAVE   0x000e24    program     static /Users/mreiter/Desktop/AER201/botL.X/main.asm
                SAVE_TIME   0x00097a    program     static /Users/mreiter/Desktop/AER201/botL.X/main.asm
                 SET_TIME   0x000aa4    program     static /Users/mreiter/Desktop/AER201/botL.X/main.asm
                  STANDBY   0x0001d0    program     static /Users/mreiter/Desktop/AER201/botL.X/main.asm
                   Safety   0x000e2e    program     static /Users/mreiter/Desktop/AER201/botL.X/main.asm
                 SaveData   0x0004c0    program     static /Users/mreiter/Desktop/AER201/botL.X/main.asm
                ShiftLoop   0x0004f2    program     static /Users/mreiter/Desktop/AER201/botL.X/main.asm
          SkipDispExeTime   0x000c9e    program     static /Users/mreiter/Desktop/AER201/botL.X/main.asm
            SkipDispOpRTC   0x000d42    program     static /Users/mreiter/Desktop/AER201/botL.X/main.asm
                  StandBy   0x000d8e    program     static /Users/mreiter/Desktop/AER201/botL.X/main.asm
                  Stopped   0x000e14    program     static /Users/mreiter/Desktop/AER201/botL.X/main.asm
                 TEST_ACK   0x001228    program     static /Users/mreiter/Desktop/AER201/botL.X/i2c.asm
                TEST_NACK   0x0011c6    program     static /Users/mreiter/Desktop/AER201/botL.X/i2c.asm
                     Team   0x000d84    program     static /Users/mreiter/Desktop/AER201/botL.X/main.asm
                     WAIT   0x0011e0    program     static /Users/mreiter/Desktop/AER201/botL.X/i2c.asm
         WRITE_COLOUR_I2C   0x001142    program     extern /Users/mreiter/Desktop/AER201/botL.X/i2c_common.asm
                  WR_DATA   0x000ec6    program     extern /Users/mreiter/Desktop/AER201/botL.X/lcd.asm
                   WR_END   0x0011b4    program     static /Users/mreiter/Desktop/AER201/botL.X/i2c_common.asm
               WR_END_RTC   0x000ffc    program     static /Users/mreiter/Desktop/AER201/botL.X/i2c_common.asm
                  WR_ERR1   0x001194    program     static /Users/mreiter/Desktop/AER201/botL.X/i2c_common.asm
              WR_ERR1_RTC   0x000fdc    program     static /Users/mreiter/Desktop/AER201/botL.X/i2c_common.asm
                  WR_ERR2   0x00119e    program     static /Users/mreiter/Desktop/AER201/botL.X/i2c_common.asm
              WR_ERR2_RTC   0x000fe6    program     static /Users/mreiter/Desktop/AER201/botL.X/i2c_common.asm
                  WR_ERR3   0x0011aa    program     static /Users/mreiter/Desktop/AER201/botL.X/i2c_common.asm
              WR_ERR3_RTC   0x000ff2    program     static /Users/mreiter/Desktop/AER201/botL.X/i2c_common.asm
                   WR_INS   0x000eaa    program     extern /Users/mreiter/Desktop/AER201/botL.X/lcd.asm
                  Welcome   0x000d7e    program     static /Users/mreiter/Desktop/AER201/botL.X/main.asm
              WriteEE_RTC   0x000b4c    program     static /Users/mreiter/Desktop/AER201/botL.X/main.asm
                   WrtLCD   0x000ee8    program     extern /Users/mreiter/Desktop/AER201/botL.X/lcd.asm
              _.code_001A   0x000f8a    program     static /Users/mreiter/Desktop/AER201/botL.X/i2c_common.asm
              _.code_0028   0x000f98    program     static /Users/mreiter/Desktop/AER201/botL.X/i2c_common.asm
              _.code_0030   0x000fa0    program     static /Users/mreiter/Desktop/AER201/botL.X/i2c_common.asm
              _.code_0036   0x000fa6    program     static /Users/mreiter/Desktop/AER201/botL.X/i2c_common.asm
              _.code_0044   0x000fb4    program     static /Users/mreiter/Desktop/AER201/botL.X/i2c_common.asm
              _.code_004A   0x000fba    program     static /Users/mreiter/Desktop/AER201/botL.X/i2c_common.asm
              _.code_0058   0x000fc8    program     static /Users/mreiter/Desktop/AER201/botL.X/i2c_common.asm
              _.code_005E   0x000fce    program     static /Users/mreiter/Desktop/AER201/botL.X/i2c_common.asm
              _.code_0090   0x001000    program     static /Users/mreiter/Desktop/AER201/botL.X/i2c_common.asm
              _.code_009E   0x00100e    program     static /Users/mreiter/Desktop/AER201/botL.X/i2c_common.asm
              _.code_00A6   0x001016    program     static /Users/mreiter/Desktop/AER201/botL.X/i2c_common.asm
              _.code_00AC   0x00101c    program     static /Users/mreiter/Desktop/AER201/botL.X/i2c_common.asm
              _.code_00BA   0x00102a    program     static /Users/mreiter/Desktop/AER201/botL.X/i2c_common.asm
              _.code_00C0   0x001030    program     static /Users/mreiter/Desktop/AER201/botL.X/i2c_common.asm
              _.code_00C6   0x000f18    program     static /Users/mreiter/Desktop/AER201/botL.X/lcd.asm
              _.code_00CE   0x00103e    program     static /Users/mreiter/Desktop/AER201/botL.X/i2c_common.asm
              _.code_00D6   0x001046    program     static /Users/mreiter/Desktop/AER201/botL.X/i2c_common.asm
              _.code_00DC   0x00104c    program     static /Users/mreiter/Desktop/AER201/botL.X/i2c_common.asm
              _.code_00EA   0x00105a    program     static /Users/mreiter/Desktop/AER201/botL.X/i2c_common.asm
              _.code_00F0   0x000f42    program     static /Users/mreiter/Desktop/AER201/botL.X/lcd.asm
              _.code_0122   0x001092    program     static /Users/mreiter/Desktop/AER201/botL.X/i2c_common.asm
              _.code_0144   0x0010b4    program     static /Users/mreiter/Desktop/AER201/botL.X/i2c_common.asm
              _.code_014C   0x0010bc    program     static /Users/mreiter/Desktop/AER201/botL.X/i2c_common.asm
              _.code_0152   0x0010c2    program     static /Users/mreiter/Desktop/AER201/botL.X/i2c_common.asm
              _.code_0164   0x0010d4    program     static /Users/mreiter/Desktop/AER201/botL.X/i2c_common.asm
              _.code_016A   0x0010da    program     static /Users/mreiter/Desktop/AER201/botL.X/i2c_common.asm
              _.code_0178   0x0010e8    program     static /Users/mreiter/Desktop/AER201/botL.X/i2c_common.asm
              _.code_0180   0x0010f0    program     static /Users/mreiter/Desktop/AER201/botL.X/i2c_common.asm
              _.code_0186   0x0010f6    program     static /Users/mreiter/Desktop/AER201/botL.X/i2c_common.asm
              _.code_0194   0x001104    program     static /Users/mreiter/Desktop/AER201/botL.X/i2c_common.asm
              _.code_01CC   0x00113c    program     static /Users/mreiter/Desktop/AER201/botL.X/i2c_common.asm
              _.code_01DA   0x00114a    program     static /Users/mreiter/Desktop/AER201/botL.X/i2c_common.asm
              _.code_01E2   0x001152    program     static /Users/mreiter/Desktop/AER201/botL.X/i2c_common.asm
              _.code_01E8   0x001158    program     static /Users/mreiter/Desktop/AER201/botL.X/i2c_common.asm
              _.code_01FA   0x00116a    program     static /Users/mreiter/Desktop/AER201/botL.X/i2c_common.asm
              _.code_0200   0x001170    program     static /Users/mreiter/Desktop/AER201/botL.X/i2c_common.asm
              _.code_0210   0x001180    program     static /Users/mreiter/Desktop/AER201/botL.X/i2c_common.asm
              _.code_0216   0x001186    program     static /Users/mreiter/Desktop/AER201/botL.X/i2c_common.asm
              _.code_0248   0x0011b8    program     static /Users/mreiter/Desktop/AER201/botL.X/i2c_common.asm
             _.org_2_0468   0x000468    program     static /Users/mreiter/Desktop/AER201/botL.X/main.asm
             _.org_2_0480   0x000480    program     static /Users/mreiter/Desktop/AER201/botL.X/main.asm
             _.org_2_0496   0x000496    program     static /Users/mreiter/Desktop/AER201/botL.X/main.asm
             _.org_2_04AE   0x0004ae    program     static /Users/mreiter/Desktop/AER201/botL.X/main.asm
             _.org_2_0518   0x000518    program     static /Users/mreiter/Desktop/AER201/botL.X/main.asm
             _.org_2_0530   0x000530    program     static /Users/mreiter/Desktop/AER201/botL.X/main.asm
             _.org_2_056A   0x00056a    program     static /Users/mreiter/Desktop/AER201/botL.X/main.asm
             _.org_2_0582   0x000582    program     static /Users/mreiter/Desktop/AER201/botL.X/main.asm
             _.org_2_0598   0x000598    program     static /Users/mreiter/Desktop/AER201/botL.X/main.asm
             _.org_2_05B0   0x0005b0    program     static /Users/mreiter/Desktop/AER201/botL.X/main.asm
             _.org_2_0B5A   0x000b5a    program     static /Users/mreiter/Desktop/AER201/botL.X/main.asm
             _.org_2_0B72   0x000b72    program     static /Users/mreiter/Desktop/AER201/botL.X/main.asm
             _.org_2_0B88   0x000b88    program     static /Users/mreiter/Desktop/AER201/botL.X/main.asm
             _.org_2_0BA0   0x000ba0    program     static /Users/mreiter/Desktop/AER201/botL.X/main.asm
             _.org_2_0BC0   0x000bc0    program     static /Users/mreiter/Desktop/AER201/botL.X/main.asm
             _.org_2_0BD8   0x000bd8    program     static /Users/mreiter/Desktop/AER201/botL.X/main.asm
             _.org_2_0BFE   0x000bfe    program     static /Users/mreiter/Desktop/AER201/botL.X/main.asm
             _.org_2_0C1A   0x000c1a    program     static /Users/mreiter/Desktop/AER201/botL.X/main.asm
                 _110loop   0x000c4a    program     static /Users/mreiter/Desktop/AER201/botL.X/main.asm
                 _112loop   0x000cce    program     static /Users/mreiter/Desktop/AER201/botL.X/main.asm
                  _13loop   0x00019a    program     static /Users/mreiter/Desktop/AER201/botL.X/main.asm
                  _14loop   0x0001b8    program     static /Users/mreiter/Desktop/AER201/botL.X/main.asm
                  _15loop   0x0001c6    program     static /Users/mreiter/Desktop/AER201/botL.X/main.asm
                  _16loop   0x0001e4    program     static /Users/mreiter/Desktop/AER201/botL.X/main.asm
                  _17Exit   0x000206    program     static /Users/mreiter/Desktop/AER201/botL.X/main.asm
                  _17Next   0x0001fa    program     static /Users/mreiter/Desktop/AER201/botL.X/main.asm
                  _18Exit   0x00021c    program     static /Users/mreiter/Desktop/AER201/botL.X/main.asm
                  _18Next   0x000210    program     static /Users/mreiter/Desktop/AER201/botL.X/main.asm
                  _19Exit   0x000232    program     static /Users/mreiter/Desktop/AER201/botL.X/main.asm
                  _19Next   0x000226    program     static /Users/mreiter/Desktop/AER201/botL.X/main.asm
                  _20Exit   0x000248    program     static /Users/mreiter/Desktop/AER201/botL.X/main.asm
                  _20Next   0x00023c    program     static /Users/mreiter/Desktop/AER201/botL.X/main.asm
                  _21Exit   0x00025e    program     static /Users/mreiter/Desktop/AER201/botL.X/main.asm
                  _21Next   0x000252    program     static /Users/mreiter/Desktop/AER201/botL.X/main.asm
               _22RESULTS   0x000270    program     static /Users/mreiter/Desktop/AER201/botL.X/main.asm
               _23RESULTS   0x000282    program     static /Users/mreiter/Desktop/AER201/botL.X/main.asm
               _24RESULTS   0x000294    program     static /Users/mreiter/Desktop/AER201/botL.X/main.asm
               _25RESULTS   0x0002ae    program     static /Users/mreiter/Desktop/AER201/botL.X/main.asm
               _26RESULTS   0x0002c0    program     static /Users/mreiter/Desktop/AER201/botL.X/main.asm
               _27RESULTS   0x0002d2    program     static /Users/mreiter/Desktop/AER201/botL.X/main.asm
               _28RESULTS   0x0002ec    program     static /Users/mreiter/Desktop/AER201/botL.X/main.asm
               _29RESULTS   0x0002fe    program     static /Users/mreiter/Desktop/AER201/botL.X/main.asm
                 _2endBCD   0x000058    program     static /Users/mreiter/Desktop/AER201/botL.X/main.asm
                   _2ones   0x000052    program     static /Users/mreiter/Desktop/AER201/botL.X/main.asm
               _30RESULTS   0x000310    program     static /Users/mreiter/Desktop/AER201/botL.X/main.asm
               _31RESULTS   0x00032a    program     static /Users/mreiter/Desktop/AER201/botL.X/main.asm
               _32RESULTS   0x00033c    program     static /Users/mreiter/Desktop/AER201/botL.X/main.asm
               _33RESULTS   0x00034e    program     static /Users/mreiter/Desktop/AER201/botL.X/main.asm
                  _34loop   0x00035e    program     static /Users/mreiter/Desktop/AER201/botL.X/main.asm
                 _3endBCD   0x00008a    program     static /Users/mreiter/Desktop/AER201/botL.X/main.asm
                   _3ones   0x000084    program     static /Users/mreiter/Desktop/AER201/botL.X/main.asm
                  _44loop   0x0003fc    program     static /Users/mreiter/Desktop/AER201/botL.X/main.asm
                  _45loop   0x00041a    program     static /Users/mreiter/Desktop/AER201/botL.X/main.asm
                  _46Exit   0x000456    program     static /Users/mreiter/Desktop/AER201/botL.X/main.asm
                  _46Next   0x00044a    program     static /Users/mreiter/Desktop/AER201/botL.X/main.asm
                  _49loop   0x0004d4    program     static /Users/mreiter/Desktop/AER201/botL.X/main.asm
                  _54loop   0x0005d0    program     static /Users/mreiter/Desktop/AER201/botL.X/main.asm
                  _57Exit   0x00062c    program     static /Users/mreiter/Desktop/AER201/botL.X/main.asm
                  _57Next   0x000620    program     static /Users/mreiter/Desktop/AER201/botL.X/main.asm
                  _58Exit   0x000642    program     static /Users/mreiter/Desktop/AER201/botL.X/main.asm
                  _58Next   0x000636    program     static /Users/mreiter/Desktop/AER201/botL.X/main.asm
                  _59loop   0x00065a    program     static /Users/mreiter/Desktop/AER201/botL.X/main.asm
                  _60loop   0x000678    program     static /Users/mreiter/Desktop/AER201/botL.X/main.asm
                 _61Again   0x0006c2    program     static /Users/mreiter/Desktop/AER201/botL.X/main.asm
                _61Finish   0x0006e4    program     static /Users/mreiter/Desktop/AER201/botL.X/main.asm
                  _63loop   0x0006b4    program     static /Users/mreiter/Desktop/AER201/botL.X/main.asm
                  _65Exit   0x0006fc    program     static /Users/mreiter/Desktop/AER201/botL.X/main.asm
                  _65Next   0x0006f0    program     static /Users/mreiter/Desktop/AER201/botL.X/main.asm
                  _66loop   0x000714    program     static /Users/mreiter/Desktop/AER201/botL.X/main.asm
                  _67loop   0x000732    program     static /Users/mreiter/Desktop/AER201/botL.X/main.asm
                  _68Exit   0x000754    program     static /Users/mreiter/Desktop/AER201/botL.X/main.asm
                  _68Next   0x000748    program     static /Users/mreiter/Desktop/AER201/botL.X/main.asm
                  _69Exit   0x00076a    program     static /Users/mreiter/Desktop/AER201/botL.X/main.asm
                  _69Next   0x00075e    program     static /Users/mreiter/Desktop/AER201/botL.X/main.asm
                  _70Exit   0x000780    program     static /Users/mreiter/Desktop/AER201/botL.X/main.asm
                  _70Next   0x000774    program     static /Users/mreiter/Desktop/AER201/botL.X/main.asm
                  _71Exit   0x000796    program     static /Users/mreiter/Desktop/AER201/botL.X/main.asm
                  _71Next   0x00078a    program     static /Users/mreiter/Desktop/AER201/botL.X/main.asm
                  _72Exit   0x0007ac    program     static /Users/mreiter/Desktop/AER201/botL.X/main.asm
                  _72Next   0x0007a0    program     static /Users/mreiter/Desktop/AER201/botL.X/main.asm
                  _73Exit   0x0007c2    program     static /Users/mreiter/Desktop/AER201/botL.X/main.asm
                  _73Next   0x0007b6    program     static /Users/mreiter/Desktop/AER201/botL.X/main.asm
                  _74Exit   0x0007d8    program     static /Users/mreiter/Desktop/AER201/botL.X/main.asm
                  _74Next   0x0007cc    program     static /Users/mreiter/Desktop/AER201/botL.X/main.asm
                  _75Exit   0x0007ee    program     static /Users/mreiter/Desktop/AER201/botL.X/main.asm
                  _75Next   0x0007e2    program     static /Users/mreiter/Desktop/AER201/botL.X/main.asm
                  _76Exit   0x000804    program     static /Users/mreiter/Desktop/AER201/botL.X/main.asm
                  _76Next   0x0007f8    program     static /Users/mreiter/Desktop/AER201/botL.X/main.asm
                  _77Exit   0x00081a    program     static /Users/mreiter/Desktop/AER201/botL.X/main.asm
                  _77Next   0x00080e    program     static /Users/mreiter/Desktop/AER201/botL.X/main.asm
                  _78loop   0x000832    program     static /Users/mreiter/Desktop/AER201/botL.X/main.asm
                  _81Exit   0x0008ca    program     static /Users/mreiter/Desktop/AER201/botL.X/main.asm
                  _81Next   0x0008be    program     static /Users/mreiter/Desktop/AER201/botL.X/main.asm
                  _82loop   0x0008e2    program     static /Users/mreiter/Desktop/AER201/botL.X/main.asm
                  _83loop   0x000900    program     static /Users/mreiter/Desktop/AER201/botL.X/main.asm
                  _84Exit   0x00092e    program     static /Users/mreiter/Desktop/AER201/botL.X/main.asm
                  _84Next   0x000922    program     static /Users/mreiter/Desktop/AER201/botL.X/main.asm
                  _85Exit   0x000944    program     static /Users/mreiter/Desktop/AER201/botL.X/main.asm
                  _85Next   0x000938    program     static /Users/mreiter/Desktop/AER201/botL.X/main.asm
                  _86loop   0x00095e    program     static /Users/mreiter/Desktop/AER201/botL.X/main.asm
                  _waitl0   0x001066    program     static /Users/mreiter/Desktop/AER201/botL.X/i2c_common.asm
                  _waitl1   0x001110    program     static /Users/mreiter/Desktop/AER201/botL.X/i2c_common.asm
                       d2   0x000f6a    program     static /Users/mreiter/Desktop/AER201/botL.X/lcd.asm
                del_loop0   0x000aaa    program     static /Users/mreiter/Desktop/AER201/botL.X/main.asm
                delay44us   0x000f4e    program     static /Users/mreiter/Desktop/AER201/botL.X/lcd.asm
                 delay5ms   0x000f5a    program     extern /Users/mreiter/Desktop/AER201/botL.X/lcd.asm
               displayNum   0x000858    program     static /Users/mreiter/Desktop/AER201/botL.X/main.asm
         i2c_common_setup   0x000f70    program     extern /Users/mreiter/Desktop/AER201/botL.X/i2c_common.asm
             lcdLongDelay   0x000f38    program     static /Users/mreiter/Desktop/AER201/botL.X/lcd.asm
                loop200us   0x000b2e    program     static /Users/mreiter/Desktop/AER201/botL.X/main.asm
                 loop50ms   0x000b3c    program     static /Users/mreiter/Desktop/AER201/botL.X/main.asm
                  loop5us   0x000b20    program     static /Users/mreiter/Desktop/AER201/botL.X/main.asm
                 read_rtc   0x001006    program     extern /Users/mreiter/Desktop/AER201/botL.X/i2c_common.asm
              rtc_convert   0x001098    program     extern /Users/mreiter/Desktop/AER201/botL.X/i2c_common.asm
                write_rtc   0x000f90    program     extern /Users/mreiter/Desktop/AER201/botL.X/i2c_common.asm
           convert_buffer   0x000087       data     extern /Users/mreiter/Desktop/AER201/botL.X/i2c_common.asm
                 d200us_C   0x000089       data     extern /Users/mreiter/Desktop/AER201/botL.X/i2c_common.asm
                  d50ms_C   0x000088       data     extern /Users/mreiter/Desktop/AER201/botL.X/i2c_common.asm
             data_colourH   0x000084       data     extern /Users/mreiter/Desktop/AER201/botL.X/i2c_common.asm
             data_colourL   0x000083       data     extern /Users/mreiter/Desktop/AER201/botL.X/i2c_common.asm
                 databyte   0x000081       data     extern /Users/mreiter/Desktop/AER201/botL.X/i2c_common.asm
                 datachar   0x000082       data     extern /Users/mreiter/Desktop/AER201/botL.X/i2c_common.asm
               ones_digit   0x000086       data     extern /Users/mreiter/Desktop/AER201/botL.X/i2c_common.asm
               regaddress   0x000080       data     extern /Users/mreiter/Desktop/AER201/botL.X/i2c_common.asm
               tens_digit   0x000085       data     extern /Users/mreiter/Desktop/AER201/botL.X/i2c_common.asm



                              Symbols - Sorted by Address
                     Name    Address   Location    Storage File                     
                ---------  ---------  ---------  --------- ---------                
                 ISR_HIGH   0x00001c    program     static /Users/mreiter/Desktop/AER201/botL.X/main.asm
                   _2ones   0x000052    program     static /Users/mreiter/Desktop/AER201/botL.X/main.asm
                 _2endBCD   0x000058    program     static /Users/mreiter/Desktop/AER201/botL.X/main.asm
                   _3ones   0x000084    program     static /Users/mreiter/Desktop/AER201/botL.X/main.asm
                 _3endBCD   0x00008a    program     static /Users/mreiter/Desktop/AER201/botL.X/main.asm
             END_ISR_HIGH   0x00008c    program     static /Users/mreiter/Desktop/AER201/botL.X/main.asm
                  ISR_LOW   0x000096    program     static /Users/mreiter/Desktop/AER201/botL.X/main.asm
              END_ISR_LOW   0x0000b2    program     static /Users/mreiter/Desktop/AER201/botL.X/main.asm
                     INIT   0x0000ca    program     static /Users/mreiter/Desktop/AER201/botL.X/main.asm
                  _13loop   0x00019a    program     static /Users/mreiter/Desktop/AER201/botL.X/main.asm
                  _14loop   0x0001b8    program     static /Users/mreiter/Desktop/AER201/botL.X/main.asm
                  _15loop   0x0001c6    program     static /Users/mreiter/Desktop/AER201/botL.X/main.asm
                  STANDBY   0x0001d0    program     static /Users/mreiter/Desktop/AER201/botL.X/main.asm
                  _16loop   0x0001e4    program     static /Users/mreiter/Desktop/AER201/botL.X/main.asm
             HOLD_STANDBY   0x0001ee    program     static /Users/mreiter/Desktop/AER201/botL.X/main.asm
                  _17Next   0x0001fa    program     static /Users/mreiter/Desktop/AER201/botL.X/main.asm
                  _17Exit   0x000206    program     static /Users/mreiter/Desktop/AER201/botL.X/main.asm
                  _18Next   0x000210    program     static /Users/mreiter/Desktop/AER201/botL.X/main.asm
                  _18Exit   0x00021c    program     static /Users/mreiter/Desktop/AER201/botL.X/main.asm
                  _19Next   0x000226    program     static /Users/mreiter/Desktop/AER201/botL.X/main.asm
                  _19Exit   0x000232    program     static /Users/mreiter/Desktop/AER201/botL.X/main.asm
                  _20Next   0x00023c    program     static /Users/mreiter/Desktop/AER201/botL.X/main.asm
                  _20Exit   0x000248    program     static /Users/mreiter/Desktop/AER201/botL.X/main.asm
                  _21Next   0x000252    program     static /Users/mreiter/Desktop/AER201/botL.X/main.asm
                  _21Exit   0x00025e    program     static /Users/mreiter/Desktop/AER201/botL.X/main.asm
              CHECK_CLEAR   0x000262    program     static /Users/mreiter/Desktop/AER201/botL.X/main.asm
               _22RESULTS   0x000270    program     static /Users/mreiter/Desktop/AER201/botL.X/main.asm
               _23RESULTS   0x000282    program     static /Users/mreiter/Desktop/AER201/botL.X/main.asm
               _24RESULTS   0x000294    program     static /Users/mreiter/Desktop/AER201/botL.X/main.asm
                CHECK_RED   0x0002a0    program     static /Users/mreiter/Desktop/AER201/botL.X/main.asm
               _25RESULTS   0x0002ae    program     static /Users/mreiter/Desktop/AER201/botL.X/main.asm
               _26RESULTS   0x0002c0    program     static /Users/mreiter/Desktop/AER201/botL.X/main.asm
               _27RESULTS   0x0002d2    program     static /Users/mreiter/Desktop/AER201/botL.X/main.asm
              CHECK_GREEN   0x0002de    program     static /Users/mreiter/Desktop/AER201/botL.X/main.asm
               _28RESULTS   0x0002ec    program     static /Users/mreiter/Desktop/AER201/botL.X/main.asm
               _29RESULTS   0x0002fe    program     static /Users/mreiter/Desktop/AER201/botL.X/main.asm
               _30RESULTS   0x000310    program     static /Users/mreiter/Desktop/AER201/botL.X/main.asm
               CHECK_BLUE   0x00031c    program     static /Users/mreiter/Desktop/AER201/botL.X/main.asm
               _31RESULTS   0x00032a    program     static /Users/mreiter/Desktop/AER201/botL.X/main.asm
               _32RESULTS   0x00033c    program     static /Users/mreiter/Desktop/AER201/botL.X/main.asm
               _33RESULTS   0x00034e    program     static /Users/mreiter/Desktop/AER201/botL.X/main.asm
                  LOOPING   0x00035a    program     static /Users/mreiter/Desktop/AER201/botL.X/main.asm
              COLOUR_TEST   0x00035a    program     static /Users/mreiter/Desktop/AER201/botL.X/main.asm
                  _34loop   0x00035e    program     static /Users/mreiter/Desktop/AER201/botL.X/main.asm
                EXECUTION   0x0003e2    program     static /Users/mreiter/Desktop/AER201/botL.X/main.asm
                  _44loop   0x0003fc    program     static /Users/mreiter/Desktop/AER201/botL.X/main.asm
                  _45loop   0x00041a    program     static /Users/mreiter/Desktop/AER201/botL.X/main.asm
                 HOLD_EXE   0x00043e    program     static /Users/mreiter/Desktop/AER201/botL.X/main.asm
                  _46Next   0x00044a    program     static /Users/mreiter/Desktop/AER201/botL.X/main.asm
                  _46Exit   0x000456    program     static /Users/mreiter/Desktop/AER201/botL.X/main.asm
                 EXIT_EXE   0x00045a    program     static /Users/mreiter/Desktop/AER201/botL.X/main.asm
             _.org_2_0468   0x000468    program     static /Users/mreiter/Desktop/AER201/botL.X/main.asm
             _.org_2_0480   0x000480    program     static /Users/mreiter/Desktop/AER201/botL.X/main.asm
             _.org_2_0496   0x000496    program     static /Users/mreiter/Desktop/AER201/botL.X/main.asm
             _.org_2_04AE   0x0004ae    program     static /Users/mreiter/Desktop/AER201/botL.X/main.asm
                 SaveData   0x0004c0    program     static /Users/mreiter/Desktop/AER201/botL.X/main.asm
                  _49loop   0x0004d4    program     static /Users/mreiter/Desktop/AER201/botL.X/main.asm
                ShiftLoop   0x0004f2    program     static /Users/mreiter/Desktop/AER201/botL.X/main.asm
             _.org_2_0518   0x000518    program     static /Users/mreiter/Desktop/AER201/botL.X/main.asm
             _.org_2_0530   0x000530    program     static /Users/mreiter/Desktop/AER201/botL.X/main.asm
             _.org_2_056A   0x00056a    program     static /Users/mreiter/Desktop/AER201/botL.X/main.asm
             _.org_2_0582   0x000582    program     static /Users/mreiter/Desktop/AER201/botL.X/main.asm
             _.org_2_0598   0x000598    program     static /Users/mreiter/Desktop/AER201/botL.X/main.asm
             _.org_2_05B0   0x0005b0    program     static /Users/mreiter/Desktop/AER201/botL.X/main.asm
                      LOG   0x0005bc    program     static /Users/mreiter/Desktop/AER201/botL.X/main.asm
                  _54loop   0x0005d0    program     static /Users/mreiter/Desktop/AER201/botL.X/main.asm
                 HOLD_LOG   0x000614    program     static /Users/mreiter/Desktop/AER201/botL.X/main.asm
                  _57Next   0x000620    program     static /Users/mreiter/Desktop/AER201/botL.X/main.asm
                  _57Exit   0x00062c    program     static /Users/mreiter/Desktop/AER201/botL.X/main.asm
                  _58Next   0x000636    program     static /Users/mreiter/Desktop/AER201/botL.X/main.asm
                  _58Exit   0x000642    program     static /Users/mreiter/Desktop/AER201/botL.X/main.asm
                 LOG_INFO   0x000646    program     static /Users/mreiter/Desktop/AER201/botL.X/main.asm
                  _59loop   0x00065a    program     static /Users/mreiter/Desktop/AER201/botL.X/main.asm
                  _60loop   0x000678    program     static /Users/mreiter/Desktop/AER201/botL.X/main.asm
                  _63loop   0x0006b4    program     static /Users/mreiter/Desktop/AER201/botL.X/main.asm
                 _61Again   0x0006c2    program     static /Users/mreiter/Desktop/AER201/botL.X/main.asm
                _61Finish   0x0006e4    program     static /Users/mreiter/Desktop/AER201/botL.X/main.asm
            HOLD_LOG_INFO   0x0006e4    program     static /Users/mreiter/Desktop/AER201/botL.X/main.asm
                  _65Next   0x0006f0    program     static /Users/mreiter/Desktop/AER201/botL.X/main.asm
                  _65Exit   0x0006fc    program     static /Users/mreiter/Desktop/AER201/botL.X/main.asm
                 PERM_LOG   0x000700    program     static /Users/mreiter/Desktop/AER201/botL.X/main.asm
                  _66loop   0x000714    program     static /Users/mreiter/Desktop/AER201/botL.X/main.asm
                  _67loop   0x000732    program     static /Users/mreiter/Desktop/AER201/botL.X/main.asm
            HOLD_PERM_LOG   0x00073c    program     static /Users/mreiter/Desktop/AER201/botL.X/main.asm
                  _68Next   0x000748    program     static /Users/mreiter/Desktop/AER201/botL.X/main.asm
                  _68Exit   0x000754    program     static /Users/mreiter/Desktop/AER201/botL.X/main.asm
                  _69Next   0x00075e    program     static /Users/mreiter/Desktop/AER201/botL.X/main.asm
                  _69Exit   0x00076a    program     static /Users/mreiter/Desktop/AER201/botL.X/main.asm
                  _70Next   0x000774    program     static /Users/mreiter/Desktop/AER201/botL.X/main.asm
                  _70Exit   0x000780    program     static /Users/mreiter/Desktop/AER201/botL.X/main.asm
                  _71Next   0x00078a    program     static /Users/mreiter/Desktop/AER201/botL.X/main.asm
                  _71Exit   0x000796    program     static /Users/mreiter/Desktop/AER201/botL.X/main.asm
                  _72Next   0x0007a0    program     static /Users/mreiter/Desktop/AER201/botL.X/main.asm
                  _72Exit   0x0007ac    program     static /Users/mreiter/Desktop/AER201/botL.X/main.asm
                  _73Next   0x0007b6    program     static /Users/mreiter/Desktop/AER201/botL.X/main.asm
                  _73Exit   0x0007c2    program     static /Users/mreiter/Desktop/AER201/botL.X/main.asm
                  _74Next   0x0007cc    program     static /Users/mreiter/Desktop/AER201/botL.X/main.asm
                  _74Exit   0x0007d8    program     static /Users/mreiter/Desktop/AER201/botL.X/main.asm
                  _75Next   0x0007e2    program     static /Users/mreiter/Desktop/AER201/botL.X/main.asm
                  _75Exit   0x0007ee    program     static /Users/mreiter/Desktop/AER201/botL.X/main.asm
                  _76Next   0x0007f8    program     static /Users/mreiter/Desktop/AER201/botL.X/main.asm
                  _76Exit   0x000804    program     static /Users/mreiter/Desktop/AER201/botL.X/main.asm
                  _77Next   0x00080e    program     static /Users/mreiter/Desktop/AER201/botL.X/main.asm
                  _77Exit   0x00081a    program     static /Users/mreiter/Desktop/AER201/botL.X/main.asm
                     PLOG   0x00081e    program     static /Users/mreiter/Desktop/AER201/botL.X/main.asm
                  _78loop   0x000832    program     static /Users/mreiter/Desktop/AER201/botL.X/main.asm
               displayNum   0x000858    program     static /Users/mreiter/Desktop/AER201/botL.X/main.asm
                HOLD_PLOG   0x0008b2    program     static /Users/mreiter/Desktop/AER201/botL.X/main.asm
                  _81Next   0x0008be    program     static /Users/mreiter/Desktop/AER201/botL.X/main.asm
                  _81Exit   0x0008ca    program     static /Users/mreiter/Desktop/AER201/botL.X/main.asm
                  PC_MODE   0x0008ce    program     static /Users/mreiter/Desktop/AER201/botL.X/main.asm
                  _82loop   0x0008e2    program     static /Users/mreiter/Desktop/AER201/botL.X/main.asm
                  _83loop   0x000900    program     static /Users/mreiter/Desktop/AER201/botL.X/main.asm
                  HOLD_PC   0x000916    program     static /Users/mreiter/Desktop/AER201/botL.X/main.asm
                  _84Next   0x000922    program     static /Users/mreiter/Desktop/AER201/botL.X/main.asm
                  _84Exit   0x00092e    program     static /Users/mreiter/Desktop/AER201/botL.X/main.asm
                  _85Next   0x000938    program     static /Users/mreiter/Desktop/AER201/botL.X/main.asm
                  _85Exit   0x000944    program     static /Users/mreiter/Desktop/AER201/botL.X/main.asm
              PC_TRANSFER   0x000948    program     static /Users/mreiter/Desktop/AER201/botL.X/main.asm
                  _86loop   0x00095e    program     static /Users/mreiter/Desktop/AER201/botL.X/main.asm
                 RTC_INIT   0x00096c    program     static /Users/mreiter/Desktop/AER201/botL.X/main.asm
                SAVE_TIME   0x00097a    program     static /Users/mreiter/Desktop/AER201/botL.X/main.asm
              DISPLAY_RTC   0x0009d6    program     static /Users/mreiter/Desktop/AER201/botL.X/main.asm
                 SET_TIME   0x000aa4    program     static /Users/mreiter/Desktop/AER201/botL.X/main.asm
                del_loop0   0x000aaa    program     static /Users/mreiter/Desktop/AER201/botL.X/main.asm
               INIT_USART   0x000b0c    program     static /Users/mreiter/Desktop/AER201/botL.X/main.asm
                 Delay5us   0x000b1c    program     static /Users/mreiter/Desktop/AER201/botL.X/main.asm
                  loop5us   0x000b20    program     static /Users/mreiter/Desktop/AER201/botL.X/main.asm
               Delay200us   0x000b2a    program     static /Users/mreiter/Desktop/AER201/botL.X/main.asm
                loop200us   0x000b2e    program     static /Users/mreiter/Desktop/AER201/botL.X/main.asm
                Delay50ms   0x000b38    program     static /Users/mreiter/Desktop/AER201/botL.X/main.asm
                 loop50ms   0x000b3c    program     static /Users/mreiter/Desktop/AER201/botL.X/main.asm
                   Cycles   0x000b42    program     static /Users/mreiter/Desktop/AER201/botL.X/main.asm
              WriteEE_RTC   0x000b4c    program     static /Users/mreiter/Desktop/AER201/botL.X/main.asm
             _.org_2_0B5A   0x000b5a    program     static /Users/mreiter/Desktop/AER201/botL.X/main.asm
             _.org_2_0B72   0x000b72    program     static /Users/mreiter/Desktop/AER201/botL.X/main.asm
             _.org_2_0B88   0x000b88    program     static /Users/mreiter/Desktop/AER201/botL.X/main.asm
             _.org_2_0BA0   0x000ba0    program     static /Users/mreiter/Desktop/AER201/botL.X/main.asm
           ClearEEPROM_21   0x000baa    program     static /Users/mreiter/Desktop/AER201/botL.X/main.asm
                ClearNext   0x000bb2    program     static /Users/mreiter/Desktop/AER201/botL.X/main.asm
             _.org_2_0BC0   0x000bc0    program     static /Users/mreiter/Desktop/AER201/botL.X/main.asm
             _.org_2_0BD8   0x000bd8    program     static /Users/mreiter/Desktop/AER201/botL.X/main.asm
                 READ_KEY   0x000bf0    program     static /Users/mreiter/Desktop/AER201/botL.X/main.asm
             _.org_2_0BFE   0x000bfe    program     static /Users/mreiter/Desktop/AER201/botL.X/main.asm
            READ_KEY_TIME   0x000c04    program     static /Users/mreiter/Desktop/AER201/botL.X/main.asm
             _.org_2_0C1A   0x000c1a    program     static /Users/mreiter/Desktop/AER201/botL.X/main.asm
           DisplayExeTime   0x000c20    program     static /Users/mreiter/Desktop/AER201/botL.X/main.asm
                 _110loop   0x000c4a    program     static /Users/mreiter/Desktop/AER201/botL.X/main.asm
        NoSkipDispExeTime   0x000c5e    program     static /Users/mreiter/Desktop/AER201/botL.X/main.asm
          SkipDispExeTime   0x000c9e    program     static /Users/mreiter/Desktop/AER201/botL.X/main.asm
                DispOpRTC   0x000ca0    program     static /Users/mreiter/Desktop/AER201/botL.X/main.asm
                 _112loop   0x000cce    program     static /Users/mreiter/Desktop/AER201/botL.X/main.asm
          NoSkipDispOpRTC   0x000ce0    program     static /Users/mreiter/Desktop/AER201/botL.X/main.asm
            SkipDispOpRTC   0x000d42    program     static /Users/mreiter/Desktop/AER201/botL.X/main.asm
         DispOpRTC_Helper   0x000d44    program     static /Users/mreiter/Desktop/AER201/botL.X/main.asm
                  Welcome   0x000d7e    program     static /Users/mreiter/Desktop/AER201/botL.X/main.asm
                     Team   0x000d84    program     static /Users/mreiter/Desktop/AER201/botL.X/main.asm
                  StandBy   0x000d8e    program     static /Users/mreiter/Desktop/AER201/botL.X/main.asm
                     Log1   0x000d96    program     static /Users/mreiter/Desktop/AER201/botL.X/main.asm
                     Log2   0x000d9c    program     static /Users/mreiter/Desktop/AER201/botL.X/main.asm
                 LogInfo1   0x000daa    program     static /Users/mreiter/Desktop/AER201/botL.X/main.asm
                 LogInfo2   0x000db2    program     static /Users/mreiter/Desktop/AER201/botL.X/main.asm
                 PermLog1   0x000dbc    program     static /Users/mreiter/Desktop/AER201/botL.X/main.asm
                 PermLog2   0x000dcc    program     static /Users/mreiter/Desktop/AER201/botL.X/main.asm
                     Exe1   0x000dd8    program     static /Users/mreiter/Desktop/AER201/botL.X/main.asm
                     Exe2   0x000de4    program     static /Users/mreiter/Desktop/AER201/botL.X/main.asm
                      PC1   0x000dec    program     static /Users/mreiter/Desktop/AER201/botL.X/main.asm
                      PC2   0x000dfa    program     static /Users/mreiter/Desktop/AER201/botL.X/main.asm
               PCTransfer   0x000e04    program     static /Users/mreiter/Desktop/AER201/botL.X/main.asm
                  Stopped   0x000e14    program     static /Users/mreiter/Desktop/AER201/botL.X/main.asm
                  Op_Time   0x000e1c    program     static /Users/mreiter/Desktop/AER201/botL.X/main.asm
                     SAVE   0x000e24    program     static /Users/mreiter/Desktop/AER201/botL.X/main.asm
                   Safety   0x000e2e    program     static /Users/mreiter/Desktop/AER201/botL.X/main.asm
                   NoData   0x000e3e    program     static /Users/mreiter/Desktop/AER201/botL.X/main.asm
                   PCLog1   0x000e42    program     static /Users/mreiter/Desktop/AER201/botL.X/main.asm
                  InitLCD   0x000e52    program     extern /Users/mreiter/Desktop/AER201/botL.X/lcd.asm
                   WR_INS   0x000eaa    program     extern /Users/mreiter/Desktop/AER201/botL.X/lcd.asm
                  WR_DATA   0x000ec6    program     extern /Users/mreiter/Desktop/AER201/botL.X/lcd.asm
                   WrtLCD   0x000ee8    program     extern /Users/mreiter/Desktop/AER201/botL.X/lcd.asm
                   ClrLCD   0x000efe    program     extern /Users/mreiter/Desktop/AER201/botL.X/lcd.asm
                   ClkLCD   0x000f0c    program     extern /Users/mreiter/Desktop/AER201/botL.X/lcd.asm
              _.code_00C6   0x000f18    program     static /Users/mreiter/Desktop/AER201/botL.X/lcd.asm
                   LCD_L1   0x000f1e    program     extern /Users/mreiter/Desktop/AER201/botL.X/lcd.asm
                   LCD_L2   0x000f26    program     extern /Users/mreiter/Desktop/AER201/botL.X/lcd.asm
                   MovMSB   0x000f2e    program     static /Users/mreiter/Desktop/AER201/botL.X/lcd.asm
             lcdLongDelay   0x000f38    program     static /Users/mreiter/Desktop/AER201/botL.X/lcd.asm
                 LLD_LOOP   0x000f3c    program     static /Users/mreiter/Desktop/AER201/botL.X/lcd.asm
              _.code_00F0   0x000f42    program     static /Users/mreiter/Desktop/AER201/botL.X/lcd.asm
                delay44us   0x000f4e    program     static /Users/mreiter/Desktop/AER201/botL.X/lcd.asm
            Delay44usLoop   0x000f52    program     static /Users/mreiter/Desktop/AER201/botL.X/lcd.asm
                 delay5ms   0x000f5a    program     extern /Users/mreiter/Desktop/AER201/botL.X/lcd.asm
             Delay5msLoop   0x000f62    program     static /Users/mreiter/Desktop/AER201/botL.X/lcd.asm
                       d2   0x000f6a    program     static /Users/mreiter/Desktop/AER201/botL.X/lcd.asm
         i2c_common_setup   0x000f70    program     extern /Users/mreiter/Desktop/AER201/botL.X/i2c_common.asm
              _.code_001A   0x000f8a    program     static /Users/mreiter/Desktop/AER201/botL.X/i2c_common.asm
                write_rtc   0x000f90    program     extern /Users/mreiter/Desktop/AER201/botL.X/i2c_common.asm
              _.code_0028   0x000f98    program     static /Users/mreiter/Desktop/AER201/botL.X/i2c_common.asm
              _.code_0030   0x000fa0    program     static /Users/mreiter/Desktop/AER201/botL.X/i2c_common.asm
              _.code_0036   0x000fa6    program     static /Users/mreiter/Desktop/AER201/botL.X/i2c_common.asm
              _.code_0044   0x000fb4    program     static /Users/mreiter/Desktop/AER201/botL.X/i2c_common.asm
              _.code_004A   0x000fba    program     static /Users/mreiter/Desktop/AER201/botL.X/i2c_common.asm
              _.code_0058   0x000fc8    program     static /Users/mreiter/Desktop/AER201/botL.X/i2c_common.asm
              _.code_005E   0x000fce    program     static /Users/mreiter/Desktop/AER201/botL.X/i2c_common.asm
              WR_ERR1_RTC   0x000fdc    program     static /Users/mreiter/Desktop/AER201/botL.X/i2c_common.asm
              WR_ERR2_RTC   0x000fe6    program     static /Users/mreiter/Desktop/AER201/botL.X/i2c_common.asm
              WR_ERR3_RTC   0x000ff2    program     static /Users/mreiter/Desktop/AER201/botL.X/i2c_common.asm
               WR_END_RTC   0x000ffc    program     static /Users/mreiter/Desktop/AER201/botL.X/i2c_common.asm
              _.code_0090   0x001000    program     static /Users/mreiter/Desktop/AER201/botL.X/i2c_common.asm
                 read_rtc   0x001006    program     extern /Users/mreiter/Desktop/AER201/botL.X/i2c_common.asm
              _.code_009E   0x00100e    program     static /Users/mreiter/Desktop/AER201/botL.X/i2c_common.asm
              _.code_00A6   0x001016    program     static /Users/mreiter/Desktop/AER201/botL.X/i2c_common.asm
              _.code_00AC   0x00101c    program     static /Users/mreiter/Desktop/AER201/botL.X/i2c_common.asm
              _.code_00BA   0x00102a    program     static /Users/mreiter/Desktop/AER201/botL.X/i2c_common.asm
              _.code_00C0   0x001030    program     static /Users/mreiter/Desktop/AER201/botL.X/i2c_common.asm
              _.code_00CE   0x00103e    program     static /Users/mreiter/Desktop/AER201/botL.X/i2c_common.asm
              _.code_00D6   0x001046    program     static /Users/mreiter/Desktop/AER201/botL.X/i2c_common.asm
              _.code_00DC   0x00104c    program     static /Users/mreiter/Desktop/AER201/botL.X/i2c_common.asm
              _.code_00EA   0x00105a    program     static /Users/mreiter/Desktop/AER201/botL.X/i2c_common.asm
                  _waitl0   0x001066    program     static /Users/mreiter/Desktop/AER201/botL.X/i2c_common.asm
              RD_ERR1_RTC   0x001070    program     static /Users/mreiter/Desktop/AER201/botL.X/i2c_common.asm
              RD_ERR2_RTC   0x00107a    program     static /Users/mreiter/Desktop/AER201/botL.X/i2c_common.asm
              RD_ERR3_RTC   0x001084    program     static /Users/mreiter/Desktop/AER201/botL.X/i2c_common.asm
               RD_END_RTC   0x00108e    program     static /Users/mreiter/Desktop/AER201/botL.X/i2c_common.asm
              _.code_0122   0x001092    program     static /Users/mreiter/Desktop/AER201/botL.X/i2c_common.asm
              rtc_convert   0x001098    program     extern /Users/mreiter/Desktop/AER201/botL.X/i2c_common.asm
          READ_COLOUR_I2C   0x0010ac    program     extern /Users/mreiter/Desktop/AER201/botL.X/i2c_common.asm
              _.code_0144   0x0010b4    program     static /Users/mreiter/Desktop/AER201/botL.X/i2c_common.asm
              _.code_014C   0x0010bc    program     static /Users/mreiter/Desktop/AER201/botL.X/i2c_common.asm
              _.code_0152   0x0010c2    program     static /Users/mreiter/Desktop/AER201/botL.X/i2c_common.asm
              _.code_0164   0x0010d4    program     static /Users/mreiter/Desktop/AER201/botL.X/i2c_common.asm
              _.code_016A   0x0010da    program     static /Users/mreiter/Desktop/AER201/botL.X/i2c_common.asm
              _.code_0178   0x0010e8    program     static /Users/mreiter/Desktop/AER201/botL.X/i2c_common.asm
              _.code_0180   0x0010f0    program     static /Users/mreiter/Desktop/AER201/botL.X/i2c_common.asm
              _.code_0186   0x0010f6    program     static /Users/mreiter/Desktop/AER201/botL.X/i2c_common.asm
              _.code_0194   0x001104    program     static /Users/mreiter/Desktop/AER201/botL.X/i2c_common.asm
                  _waitl1   0x001110    program     static /Users/mreiter/Desktop/AER201/botL.X/i2c_common.asm
                  RD_ERR1   0x00111a    program     static /Users/mreiter/Desktop/AER201/botL.X/i2c_common.asm
                  RD_ERR2   0x001124    program     static /Users/mreiter/Desktop/AER201/botL.X/i2c_common.asm
                  RD_ERR3   0x00112e    program     static /Users/mreiter/Desktop/AER201/botL.X/i2c_common.asm
                   RD_END   0x001138    program     static /Users/mreiter/Desktop/AER201/botL.X/i2c_common.asm
              _.code_01CC   0x00113c    program     static /Users/mreiter/Desktop/AER201/botL.X/i2c_common.asm
         WRITE_COLOUR_I2C   0x001142    program     extern /Users/mreiter/Desktop/AER201/botL.X/i2c_common.asm
              _.code_01DA   0x00114a    program     static /Users/mreiter/Desktop/AER201/botL.X/i2c_common.asm
              _.code_01E2   0x001152    program     static /Users/mreiter/Desktop/AER201/botL.X/i2c_common.asm
              _.code_01E8   0x001158    program     static /Users/mreiter/Desktop/AER201/botL.X/i2c_common.asm
              _.code_01FA   0x00116a    program     static /Users/mreiter/Desktop/AER201/botL.X/i2c_common.asm
              _.code_0200   0x001170    program     static /Users/mreiter/Desktop/AER201/botL.X/i2c_common.asm
              _.code_0210   0x001180    program     static /Users/mreiter/Desktop/AER201/botL.X/i2c_common.asm
              _.code_0216   0x001186    program     static /Users/mreiter/Desktop/AER201/botL.X/i2c_common.asm
                  WR_ERR1   0x001194    program     static /Users/mreiter/Desktop/AER201/botL.X/i2c_common.asm
                  WR_ERR2   0x00119e    program     static /Users/mreiter/Desktop/AER201/botL.X/i2c_common.asm
                  WR_ERR3   0x0011aa    program     static /Users/mreiter/Desktop/AER201/botL.X/i2c_common.asm
                   WR_END   0x0011b4    program     static /Users/mreiter/Desktop/AER201/botL.X/i2c_common.asm
              _.code_0248   0x0011b8    program     static /Users/mreiter/Desktop/AER201/botL.X/i2c_common.asm
                I2C_ACKDT   0x0011be    program     extern /Users/mreiter/Desktop/AER201/botL.X/i2c.asm
                CHECK_ACK   0x0011be    program     extern /Users/mreiter/Desktop/AER201/botL.X/i2c.asm
                 I2C_temp   0x0011be    program     static /Users/mreiter/Desktop/AER201/botL.X/i2c.asm
               CHECK_NACK   0x0011c2    program     extern /Users/mreiter/Desktop/AER201/botL.X/i2c.asm
                TEST_NACK   0x0011c6    program     static /Users/mreiter/Desktop/AER201/botL.X/i2c.asm
          I2C_Master_INIT   0x0011ce    program     extern /Users/mreiter/Desktop/AER201/botL.X/i2c.asm
          I2C_Master_WAIT   0x0011e0    program     extern /Users/mreiter/Desktop/AER201/botL.X/i2c.asm
                     WAIT   0x0011e0    program     static /Users/mreiter/Desktop/AER201/botL.X/i2c.asm
         I2C_Master_START   0x0011f0    program     extern /Users/mreiter/Desktop/AER201/botL.X/i2c.asm
        I2C_Master_RSTART   0x0011f8    program     extern /Users/mreiter/Desktop/AER201/botL.X/i2c.asm
          I2C_Master_STOP   0x001200    program     extern /Users/mreiter/Desktop/AER201/botL.X/i2c.asm
         I2C_Master_WRITE   0x001208    program     extern /Users/mreiter/Desktop/AER201/botL.X/i2c.asm
                  HOLD_UP   0x00120e    program     static /Users/mreiter/Desktop/AER201/botL.X/i2c.asm
          I2C_Master_READ   0x001216    program     extern /Users/mreiter/Desktop/AER201/botL.X/i2c.asm
                     LOOP   0x00121c    program     static /Users/mreiter/Desktop/AER201/botL.X/i2c.asm
           I2C_Master_ACK   0x001224    program     extern /Users/mreiter/Desktop/AER201/botL.X/i2c.asm
                 TEST_ACK   0x001228    program     static /Users/mreiter/Desktop/AER201/botL.X/i2c.asm
               regaddress   0x000080       data     extern /Users/mreiter/Desktop/AER201/botL.X/i2c_common.asm
                 databyte   0x000081       data     extern /Users/mreiter/Desktop/AER201/botL.X/i2c_common.asm
                 datachar   0x000082       data     extern /Users/mreiter/Desktop/AER201/botL.X/i2c_common.asm
             data_colourL   0x000083       data     extern /Users/mreiter/Desktop/AER201/botL.X/i2c_common.asm
             data_colourH   0x000084       data     extern /Users/mreiter/Desktop/AER201/botL.X/i2c_common.asm
               tens_digit   0x000085       data     extern /Users/mreiter/Desktop/AER201/botL.X/i2c_common.asm
               ones_digit   0x000086       data     extern /Users/mreiter/Desktop/AER201/botL.X/i2c_common.asm
           convert_buffer   0x000087       data     extern /Users/mreiter/Desktop/AER201/botL.X/i2c_common.asm
                  d50ms_C   0x000088       data     extern /Users/mreiter/Desktop/AER201/botL.X/i2c_common.asm
                 d200us_C   0x000089       data     extern /Users/mreiter/Desktop/AER201/botL.X/i2c_common.asm


