MPLINK 5.08, LINKER
Linker Map File - Created Tue Apr 11 08:46:05 2017

                                 Section Info
                  Section       Type    Address   Location Size(Bytes)
                ---------  ---------  ---------  ---------  ---------
                   .org_0       code   0x000000    program   0x000004
                   .cinit    romdata   0x000004    program   0x000002
                   .org_1       code   0x000008    program   0x000004
                   .org_2       code   0x000018    program   0x00101a
                    .code       code   0x001032    program   0x000514
.config_300001_BUILD/DEFAULT/PRODUCTION/MAIN.O    romdata   0x300001    program   0x000001
.config_300002_BUILD/DEFAULT/PRODUCTION/MAIN.O    romdata   0x300002    program   0x000001
.config_300003_BUILD/DEFAULT/PRODUCTION/MAIN.O    romdata   0x300003    program   0x000001
.config_300005_BUILD/DEFAULT/PRODUCTION/MAIN.O    romdata   0x300005    program   0x000001
.config_300006_BUILD/DEFAULT/PRODUCTION/MAIN.O    romdata   0x300006    program   0x000001
.config_300008_BUILD/DEFAULT/PRODUCTION/MAIN.O    romdata   0x300008    program   0x000001
.config_300009_BUILD/DEFAULT/PRODUCTION/MAIN.O    romdata   0x300009    program   0x000001
.config_30000A_BUILD/DEFAULT/PRODUCTION/MAIN.O    romdata   0x30000a    program   0x000001
.config_30000B_BUILD/DEFAULT/PRODUCTION/MAIN.O    romdata   0x30000b    program   0x000001
.config_30000C_BUILD/DEFAULT/PRODUCTION/MAIN.O    romdata   0x30000c    program   0x000001
.config_30000D_BUILD/DEFAULT/PRODUCTION/MAIN.O    romdata   0x30000d    program   0x000001
               .udata_acs      udata   0x000060       data   0x000006



                              Program Memory Usage 
                               Start         End      
                           ---------   ---------      
                            0x000000    0x000005      
                            0x000008    0x00000b      
                            0x000018    0x001545      
                            0x300001    0x300003      
                            0x300005    0x300006      
                            0x300008    0x30000d      
            5443 out of 66584 program addresses used, program memory utilization is 8%



                              Symbols - Sorted by Name
                     Name    Address   Location    Storage File                     
                ---------  ---------  ---------  --------- ---------                
                CHECK_ACK   0x0014d6    program     extern /Users/mreiter/Desktop/AER201/botL.X/i2c.asm
               CHECK_NACK   0x0014da    program     extern /Users/mreiter/Desktop/AER201/botL.X/i2c.asm
            CHECK_TIMEOUT   0x00039a    program     static /Users/mreiter/Desktop/AER201/botL.X/main.asm
           ClearEEPROM_21   0x000d82    program     static /Users/mreiter/Desktop/AER201/botL.X/main.asm
                ClearNext   0x000d8a    program     static /Users/mreiter/Desktop/AER201/botL.X/main.asm
                   ClkLCD   0x0011f4    program     extern /Users/mreiter/Desktop/AER201/botL.X/lcd.asm
                   ClrLCD   0x0011e6    program     extern /Users/mreiter/Desktop/AER201/botL.X/lcd.asm
                   Cycles   0x000d1a    program     static /Users/mreiter/Desktop/AER201/botL.X/main.asm
               DETECTIONS   0x0003aa    program     static /Users/mreiter/Desktop/AER201/botL.X/main.asm
              DISPLAY_RTC   0x000b12    program     static /Users/mreiter/Desktop/AER201/botL.X/main.asm
                DataUSART   0x000c68    program     static /Users/mreiter/Desktop/AER201/botL.X/main.asm
               Delay200us   0x000d02    program     static /Users/mreiter/Desktop/AER201/botL.X/main.asm
            Delay44usLoop   0x001246    program     static /Users/mreiter/Desktop/AER201/botL.X/lcd.asm
                Delay50ms   0x000d10    program     static /Users/mreiter/Desktop/AER201/botL.X/main.asm
             Delay5msLoop   0x001256    program     static /Users/mreiter/Desktop/AER201/botL.X/lcd.asm
                 Delay5us   0x000cf4    program     static /Users/mreiter/Desktop/AER201/botL.X/main.asm
                DispOpRTC   0x000f5a    program     static /Users/mreiter/Desktop/AER201/botL.X/main.asm
         DispOpRTC_Helper   0x000ff8    program     static /Users/mreiter/Desktop/AER201/botL.X/main.asm
               DispOpSort   0x000e82    program     static /Users/mreiter/Desktop/AER201/botL.X/main.asm
           DisplayExeTime   0x000df0    program     static /Users/mreiter/Desktop/AER201/botL.X/main.asm
             END_ISR_HIGH   0x0000b8    program     static /Users/mreiter/Desktop/AER201/botL.X/main.asm
              END_ISR_LOW   0x000104    program     static /Users/mreiter/Desktop/AER201/botL.X/main.asm
                EXECUTION   0x000346    program     static /Users/mreiter/Desktop/AER201/botL.X/main.asm
                 EXIT_EXE   0x0003f4    program     static /Users/mreiter/Desktop/AER201/botL.X/main.asm
                     Exe1   0x0010e0    program     static /Users/mreiter/Desktop/AER201/botL.X/main.asm
                     Exe2   0x0010ec    program     static /Users/mreiter/Desktop/AER201/botL.X/main.asm
                 HOLD_LOG   0x00050a    program     static /Users/mreiter/Desktop/AER201/botL.X/main.asm
            HOLD_LOG_INFO   0x000568    program     static /Users/mreiter/Desktop/AER201/botL.X/main.asm
                  HOLD_PC   0x0007fc    program     static /Users/mreiter/Desktop/AER201/botL.X/main.asm
            HOLD_PERM_LOG   0x0005c2    program     static /Users/mreiter/Desktop/AER201/botL.X/main.asm
                HOLD_PLOG   0x00073a    program     static /Users/mreiter/Desktop/AER201/botL.X/main.asm
        HOLD_PLOG_DETAILS   0x000796    program     static /Users/mreiter/Desktop/AER201/botL.X/main.asm
             HOLD_STANDBY   0x0002e8    program     static /Users/mreiter/Desktop/AER201/botL.X/main.asm
                  HOLD_UP   0x001526    program     static /Users/mreiter/Desktop/AER201/botL.X/i2c.asm
                I2C_ACKDT   0x0014d6    program     extern /Users/mreiter/Desktop/AER201/botL.X/i2c.asm
           I2C_Master_ACK   0x00153c    program     extern /Users/mreiter/Desktop/AER201/botL.X/i2c.asm
          I2C_Master_INIT   0x0014e6    program     extern /Users/mreiter/Desktop/AER201/botL.X/i2c.asm
          I2C_Master_READ   0x00152e    program     extern /Users/mreiter/Desktop/AER201/botL.X/i2c.asm
        I2C_Master_RSTART   0x001510    program     extern /Users/mreiter/Desktop/AER201/botL.X/i2c.asm
         I2C_Master_START   0x001508    program     extern /Users/mreiter/Desktop/AER201/botL.X/i2c.asm
          I2C_Master_STOP   0x001518    program     extern /Users/mreiter/Desktop/AER201/botL.X/i2c.asm
          I2C_Master_WAIT   0x0014f8    program     extern /Users/mreiter/Desktop/AER201/botL.X/i2c.asm
         I2C_Master_WRITE   0x001520    program     extern /Users/mreiter/Desktop/AER201/botL.X/i2c.asm
                 I2C_temp   0x0014d6    program     static /Users/mreiter/Desktop/AER201/botL.X/i2c.asm
                     INIT   0x00010e    program     static /Users/mreiter/Desktop/AER201/botL.X/main.asm
             INIT_ARDUINO   0x00142e    program     extern /Users/mreiter/Desktop/AER201/botL.X/i2c_common.asm
                 INIT_RTC   0x001342    program     extern /Users/mreiter/Desktop/AER201/botL.X/i2c_common.asm
               INIT_USART   0x000c54    program     static /Users/mreiter/Desktop/AER201/botL.X/main.asm
                 ISR_HIGH   0x000038    program     static /Users/mreiter/Desktop/AER201/botL.X/main.asm
                  ISR_LOW   0x0000c2    program     static /Users/mreiter/Desktop/AER201/botL.X/main.asm
                  InitLCD   0x001138    program     extern /Users/mreiter/Desktop/AER201/botL.X/lcd.asm
                   LCD_L1   0x001212    program     extern /Users/mreiter/Desktop/AER201/botL.X/lcd.asm
                   LCD_L2   0x00121a    program     extern /Users/mreiter/Desktop/AER201/botL.X/lcd.asm
                 LLD_LOOP   0x001230    program     static /Users/mreiter/Desktop/AER201/botL.X/lcd.asm
            LOAD_EXE_TIME   0x00002a    program     static /Users/mreiter/Desktop/AER201/botL.X/main.asm
        LOAD_STANDBY_TIME   0x00001c    program     static /Users/mreiter/Desktop/AER201/botL.X/main.asm
                      LOG   0x0004d6    program     static /Users/mreiter/Desktop/AER201/botL.X/main.asm
                 LOG_INFO   0x00053c    program     static /Users/mreiter/Desktop/AER201/botL.X/main.asm
                     LOOP   0x001534    program     static /Users/mreiter/Desktop/AER201/botL.X/i2c.asm
                     Log1   0x001092    program     static /Users/mreiter/Desktop/AER201/botL.X/main.asm
                     Log2   0x001098    program     static /Users/mreiter/Desktop/AER201/botL.X/main.asm
                 LogInfo1   0x0010a6    program     static /Users/mreiter/Desktop/AER201/botL.X/main.asm
                 LogInfo2   0x0010ae    program     static /Users/mreiter/Desktop/AER201/botL.X/main.asm
                   MovMSB   0x001222    program     static /Users/mreiter/Desktop/AER201/botL.X/lcd.asm
                   NoData   0x001134    program     static /Users/mreiter/Desktop/AER201/botL.X/main.asm
        NoSkipDispExeTime   0x000e2e    program     static /Users/mreiter/Desktop/AER201/botL.X/main.asm
          NoSkipDispOpRTC   0x000f96    program     static /Users/mreiter/Desktop/AER201/botL.X/main.asm
         NoSkipDispOpSort   0x000ebe    program     static /Users/mreiter/Desktop/AER201/botL.X/main.asm
                      PC1   0x0010f2    program     static /Users/mreiter/Desktop/AER201/botL.X/main.asm
                      PC2   0x001100    program     static /Users/mreiter/Desktop/AER201/botL.X/main.asm
               PCComplete   0x001120    program     static /Users/mreiter/Desktop/AER201/botL.X/main.asm
               PCTransfer   0x001110    program     static /Users/mreiter/Desktop/AER201/botL.X/main.asm
                  PC_MODE   0x0007b2    program     static /Users/mreiter/Desktop/AER201/botL.X/main.asm
              PC_TRANSFER   0x00082e    program     static /Users/mreiter/Desktop/AER201/botL.X/main.asm
                 PERM_LOG   0x000584    program     static /Users/mreiter/Desktop/AER201/botL.X/main.asm
                     PLOG   0x0006a4    program     static /Users/mreiter/Desktop/AER201/botL.X/main.asm
             PLOG_DETAILS   0x00076c    program     static /Users/mreiter/Desktop/AER201/botL.X/main.asm
                 PermLog1   0x0010be    program     static /Users/mreiter/Desktop/AER201/botL.X/main.asm
                 PermLog2   0x0010ce    program     static /Users/mreiter/Desktop/AER201/botL.X/main.asm
             READ_ARDUINO   0x001486    program     extern /Users/mreiter/Desktop/AER201/botL.X/i2c_common.asm
          READ_COLOUR_I2C   0x001382    program     extern /Users/mreiter/Desktop/AER201/botL.X/i2c_common.asm
                 READ_KEY   0x000dc8    program     static /Users/mreiter/Desktop/AER201/botL.X/main.asm
            READ_KEY_TIME   0x000ddc    program     static /Users/mreiter/Desktop/AER201/botL.X/main.asm
                   RESETS   0x000168    program     static /Users/mreiter/Desktop/AER201/botL.X/main.asm
                 RTC_INIT   0x0009d8    program     static /Users/mreiter/Desktop/AER201/botL.X/main.asm
                     SAVE   0x00112a    program     static /Users/mreiter/Desktop/AER201/botL.X/main.asm
            SAVE_EXE_TIME   0x000a5c    program     static /Users/mreiter/Desktop/AER201/botL.X/main.asm
                SAVE_TIME   0x0009e6    program     static /Users/mreiter/Desktop/AER201/botL.X/main.asm
                 SET_TIME   0x000bec    program     static /Users/mreiter/Desktop/AER201/botL.X/main.asm
                  STANDBY   0x000298    program     static /Users/mreiter/Desktop/AER201/botL.X/main.asm
                 SaveData   0x00085a    program     static /Users/mreiter/Desktop/AER201/botL.X/main.asm
                    Shift   0x001206    program     extern /Users/mreiter/Desktop/AER201/botL.X/lcd.asm
                ShiftLoop   0x000972    program     static /Users/mreiter/Desktop/AER201/botL.X/main.asm
          SkipDispExeTime   0x000e80    program     static /Users/mreiter/Desktop/AER201/botL.X/main.asm
            SkipDispOpRTC   0x000ff6    program     static /Users/mreiter/Desktop/AER201/botL.X/main.asm
           SkipDispOpSort   0x000f58    program     static /Users/mreiter/Desktop/AER201/botL.X/main.asm
                  StandBy   0x001042    program     static /Users/mreiter/Desktop/AER201/botL.X/main.asm
              StandbyInfo   0x00106a    program     static /Users/mreiter/Desktop/AER201/botL.X/main.asm
                 TEST_ACK   0x001540    program     static /Users/mreiter/Desktop/AER201/botL.X/i2c.asm
                TEST_NACK   0x0014de    program     static /Users/mreiter/Desktop/AER201/botL.X/i2c.asm
            TRANSFER_DATA   0x000c82    program     static /Users/mreiter/Desktop/AER201/botL.X/main.asm
            TRANSFER_LOGS   0x000c78    program     static /Users/mreiter/Desktop/AER201/botL.X/main.asm
                     Team   0x001038    program     static /Users/mreiter/Desktop/AER201/botL.X/main.asm
               USART_LINE   0x000ce6    program     static /Users/mreiter/Desktop/AER201/botL.X/main.asm
               USART_WAIT   0x000cdc    program     static /Users/mreiter/Desktop/AER201/botL.X/main.asm
                     WAIT   0x0014f8    program     static /Users/mreiter/Desktop/AER201/botL.X/i2c.asm
            WRITE_ARDUINO   0x001452    program     extern /Users/mreiter/Desktop/AER201/botL.X/i2c_common.asm
         WRITE_COLOUR_I2C   0x0013e6    program     extern /Users/mreiter/Desktop/AER201/botL.X/i2c_common.asm
                  WR_DATA   0x0011ac    program     extern /Users/mreiter/Desktop/AER201/botL.X/lcd.asm
                   WR_INS   0x001190    program     extern /Users/mreiter/Desktop/AER201/botL.X/lcd.asm
                  Welcome   0x001032    program     static /Users/mreiter/Desktop/AER201/botL.X/main.asm
              WriteEE_RTC   0x000d24    program     static /Users/mreiter/Desktop/AER201/botL.X/main.asm
                   WrtLCD   0x0011d0    program     extern /Users/mreiter/Desktop/AER201/botL.X/lcd.asm
              _.code_001C   0x001280    program     static /Users/mreiter/Desktop/AER201/botL.X/i2c_common.asm
              _.code_002A   0x00128e    program     static /Users/mreiter/Desktop/AER201/botL.X/i2c_common.asm
              _.code_0032   0x001296    program     static /Users/mreiter/Desktop/AER201/botL.X/i2c_common.asm
              _.code_0038   0x00129c    program     static /Users/mreiter/Desktop/AER201/botL.X/i2c_common.asm
              _.code_0042   0x0012a6    program     static /Users/mreiter/Desktop/AER201/botL.X/i2c_common.asm
              _.code_0048   0x0012ac    program     static /Users/mreiter/Desktop/AER201/botL.X/i2c_common.asm
              _.code_0052   0x0012b6    program     static /Users/mreiter/Desktop/AER201/botL.X/i2c_common.asm
              _.code_0058   0x0012bc    program     static /Users/mreiter/Desktop/AER201/botL.X/i2c_common.asm
              _.code_0060   0x0012c4    program     static /Users/mreiter/Desktop/AER201/botL.X/i2c_common.asm
              _.code_006E   0x0012d2    program     static /Users/mreiter/Desktop/AER201/botL.X/i2c_common.asm
              _.code_0076   0x0012da    program     static /Users/mreiter/Desktop/AER201/botL.X/i2c_common.asm
              _.code_007C   0x0012e0    program     static /Users/mreiter/Desktop/AER201/botL.X/i2c_common.asm
              _.code_0086   0x0012ea    program     static /Users/mreiter/Desktop/AER201/botL.X/i2c_common.asm
              _.code_008C   0x0012f0    program     static /Users/mreiter/Desktop/AER201/botL.X/i2c_common.asm
              _.code_0094   0x0012f8    program     static /Users/mreiter/Desktop/AER201/botL.X/i2c_common.asm
              _.code_009C   0x001300    program     static /Users/mreiter/Desktop/AER201/botL.X/i2c_common.asm
              _.code_00A2   0x001306    program     static /Users/mreiter/Desktop/AER201/botL.X/i2c_common.asm
              _.code_00AA   0x00130e    program     static /Users/mreiter/Desktop/AER201/botL.X/i2c_common.asm
              _.code_00C2   0x001326    program     static /Users/mreiter/Desktop/AER201/botL.X/i2c_common.asm
              _.code_00C8   0x001200    program     static /Users/mreiter/Desktop/AER201/botL.X/lcd.asm
              _.code_00E6   0x00134a    program     static /Users/mreiter/Desktop/AER201/botL.X/i2c_common.asm
              _.code_00EE   0x001352    program     static /Users/mreiter/Desktop/AER201/botL.X/i2c_common.asm
              _.code_00F4   0x001358    program     static /Users/mreiter/Desktop/AER201/botL.X/i2c_common.asm
              _.code_00FC   0x001360    program     static /Users/mreiter/Desktop/AER201/botL.X/i2c_common.asm
              _.code_00FE   0x001236    program     static /Users/mreiter/Desktop/AER201/botL.X/lcd.asm
              _.code_0102   0x001366    program     static /Users/mreiter/Desktop/AER201/botL.X/i2c_common.asm
              _.code_010A   0x00136e    program     static /Users/mreiter/Desktop/AER201/botL.X/i2c_common.asm
              _.code_0110   0x001374    program     static /Users/mreiter/Desktop/AER201/botL.X/i2c_common.asm
              _.code_0118   0x00137c    program     static /Users/mreiter/Desktop/AER201/botL.X/i2c_common.asm
              _.code_0126   0x00138a    program     static /Users/mreiter/Desktop/AER201/botL.X/i2c_common.asm
              _.code_012E   0x001392    program     static /Users/mreiter/Desktop/AER201/botL.X/i2c_common.asm
              _.code_0134   0x001398    program     static /Users/mreiter/Desktop/AER201/botL.X/i2c_common.asm
              _.code_0140   0x0013a4    program     static /Users/mreiter/Desktop/AER201/botL.X/i2c_common.asm
              _.code_0146   0x0013aa    program     static /Users/mreiter/Desktop/AER201/botL.X/i2c_common.asm
              _.code_014E   0x0013b2    program     static /Users/mreiter/Desktop/AER201/botL.X/i2c_common.asm
              _.code_0156   0x0013ba    program     static /Users/mreiter/Desktop/AER201/botL.X/i2c_common.asm
              _.code_015C   0x0013c0    program     static /Users/mreiter/Desktop/AER201/botL.X/i2c_common.asm
              _.code_0164   0x0013c8    program     static /Users/mreiter/Desktop/AER201/botL.X/i2c_common.asm
              _.code_017C   0x0013e0    program     static /Users/mreiter/Desktop/AER201/botL.X/i2c_common.asm
              _.code_018A   0x0013ee    program     static /Users/mreiter/Desktop/AER201/botL.X/i2c_common.asm
              _.code_0192   0x0013f6    program     static /Users/mreiter/Desktop/AER201/botL.X/i2c_common.asm
              _.code_0198   0x0013fc    program     static /Users/mreiter/Desktop/AER201/botL.X/i2c_common.asm
              _.code_01A4   0x001408    program     static /Users/mreiter/Desktop/AER201/botL.X/i2c_common.asm
              _.code_01AA   0x00140e    program     static /Users/mreiter/Desktop/AER201/botL.X/i2c_common.asm
              _.code_01B6   0x00141a    program     static /Users/mreiter/Desktop/AER201/botL.X/i2c_common.asm
              _.code_01BC   0x001420    program     static /Users/mreiter/Desktop/AER201/botL.X/i2c_common.asm
              _.code_01C4   0x001428    program     static /Users/mreiter/Desktop/AER201/botL.X/i2c_common.asm
              _.code_01D2   0x001436    program     static /Users/mreiter/Desktop/AER201/botL.X/i2c_common.asm
              _.code_01DA   0x00143e    program     static /Users/mreiter/Desktop/AER201/botL.X/i2c_common.asm
              _.code_01E0   0x001444    program     static /Users/mreiter/Desktop/AER201/botL.X/i2c_common.asm
              _.code_01E8   0x00144c    program     static /Users/mreiter/Desktop/AER201/botL.X/i2c_common.asm
              _.code_01F6   0x00145a    program     static /Users/mreiter/Desktop/AER201/botL.X/i2c_common.asm
              _.code_01FE   0x001462    program     static /Users/mreiter/Desktop/AER201/botL.X/i2c_common.asm
              _.code_0204   0x001468    program     static /Users/mreiter/Desktop/AER201/botL.X/i2c_common.asm
              _.code_020E   0x001472    program     static /Users/mreiter/Desktop/AER201/botL.X/i2c_common.asm
              _.code_0214   0x001478    program     static /Users/mreiter/Desktop/AER201/botL.X/i2c_common.asm
              _.code_021C   0x001480    program     static /Users/mreiter/Desktop/AER201/botL.X/i2c_common.asm
              _.code_022A   0x00148e    program     static /Users/mreiter/Desktop/AER201/botL.X/i2c_common.asm
              _.code_0232   0x001496    program     static /Users/mreiter/Desktop/AER201/botL.X/i2c_common.asm
              _.code_0238   0x00149c    program     static /Users/mreiter/Desktop/AER201/botL.X/i2c_common.asm
              _.code_0240   0x0014a4    program     static /Users/mreiter/Desktop/AER201/botL.X/i2c_common.asm
              _.code_0248   0x0014ac    program     static /Users/mreiter/Desktop/AER201/botL.X/i2c_common.asm
              _.code_024E   0x0014b2    program     static /Users/mreiter/Desktop/AER201/botL.X/i2c_common.asm
              _.code_0256   0x0014ba    program     static /Users/mreiter/Desktop/AER201/botL.X/i2c_common.asm
              _.code_026C   0x0014d0    program     static /Users/mreiter/Desktop/AER201/botL.X/i2c_common.asm
             _.org_2_086E   0x00086e    program     static /Users/mreiter/Desktop/AER201/botL.X/main.asm
             _.org_2_0886   0x000886    program     static /Users/mreiter/Desktop/AER201/botL.X/main.asm
             _.org_2_08A2   0x0008a2    program     static /Users/mreiter/Desktop/AER201/botL.X/main.asm
             _.org_2_08BA   0x0008ba    program     static /Users/mreiter/Desktop/AER201/botL.X/main.asm
             _.org_2_08D6   0x0008d6    program     static /Users/mreiter/Desktop/AER201/botL.X/main.asm
             _.org_2_08EE   0x0008ee    program     static /Users/mreiter/Desktop/AER201/botL.X/main.asm
             _.org_2_090A   0x00090a    program     static /Users/mreiter/Desktop/AER201/botL.X/main.asm
             _.org_2_0922   0x000922    program     static /Users/mreiter/Desktop/AER201/botL.X/main.asm
             _.org_2_093E   0x00093e    program     static /Users/mreiter/Desktop/AER201/botL.X/main.asm
             _.org_2_0956   0x000956    program     static /Users/mreiter/Desktop/AER201/botL.X/main.asm
             _.org_2_0998   0x000998    program     static /Users/mreiter/Desktop/AER201/botL.X/main.asm
             _.org_2_09B0   0x0009b0    program     static /Users/mreiter/Desktop/AER201/botL.X/main.asm
             _.org_2_0A78   0x000a78    program     static /Users/mreiter/Desktop/AER201/botL.X/main.asm
             _.org_2_0A90   0x000a90    program     static /Users/mreiter/Desktop/AER201/botL.X/main.asm
             _.org_2_0AB4   0x000ab4    program     static /Users/mreiter/Desktop/AER201/botL.X/main.asm
             _.org_2_0ACC   0x000acc    program     static /Users/mreiter/Desktop/AER201/botL.X/main.asm
             _.org_2_0AF0   0x000af0    program     static /Users/mreiter/Desktop/AER201/botL.X/main.asm
             _.org_2_0B08   0x000b08    program     static /Users/mreiter/Desktop/AER201/botL.X/main.asm
             _.org_2_0CE0   0x000ce0    program     static /Users/mreiter/Desktop/AER201/botL.X/main.asm
             _.org_2_0D32   0x000d32    program     static /Users/mreiter/Desktop/AER201/botL.X/main.asm
             _.org_2_0D4A   0x000d4a    program     static /Users/mreiter/Desktop/AER201/botL.X/main.asm
             _.org_2_0D60   0x000d60    program     static /Users/mreiter/Desktop/AER201/botL.X/main.asm
             _.org_2_0D78   0x000d78    program     static /Users/mreiter/Desktop/AER201/botL.X/main.asm
             _.org_2_0D98   0x000d98    program     static /Users/mreiter/Desktop/AER201/botL.X/main.asm
             _.org_2_0DB0   0x000db0    program     static /Users/mreiter/Desktop/AER201/botL.X/main.asm
             _.org_2_0DD6   0x000dd6    program     static /Users/mreiter/Desktop/AER201/botL.X/main.asm
             _.org_2_0DEA   0x000dea    program     static /Users/mreiter/Desktop/AER201/botL.X/main.asm
                 _102loop   0x000e1a    program     static /Users/mreiter/Desktop/AER201/botL.X/main.asm
                 _107loop   0x000eac    program     static /Users/mreiter/Desktop/AER201/botL.X/main.asm
                  _10loop   0x00019a    program     static /Users/mreiter/Desktop/AER201/botL.X/main.asm
                 _113loop   0x000f84    program     static /Users/mreiter/Desktop/AER201/botL.X/main.asm
                  _11loop   0x0001a8    program     static /Users/mreiter/Desktop/AER201/botL.X/main.asm
                  _12loop   0x0001c0    program     static /Users/mreiter/Desktop/AER201/botL.X/main.asm
                  _13loop   0x0001d4    program     static /Users/mreiter/Desktop/AER201/botL.X/main.asm
                  _14loop   0x0001ec    program     static /Users/mreiter/Desktop/AER201/botL.X/main.asm
                  _15loop   0x000200    program     static /Users/mreiter/Desktop/AER201/botL.X/main.asm
                  _16loop   0x000218    program     static /Users/mreiter/Desktop/AER201/botL.X/main.asm
                  _17loop   0x00022c    program     static /Users/mreiter/Desktop/AER201/botL.X/main.asm
                  _18loop   0x000244    program     static /Users/mreiter/Desktop/AER201/botL.X/main.asm
                  _19loop   0x0002b6    program     static /Users/mreiter/Desktop/AER201/botL.X/main.asm
                  _20loop   0x0002d4    program     static /Users/mreiter/Desktop/AER201/botL.X/main.asm
                  _21Exit   0x000300    program     static /Users/mreiter/Desktop/AER201/botL.X/main.asm
                  _21Next   0x0002f4    program     static /Users/mreiter/Desktop/AER201/botL.X/main.asm
                  _22Exit   0x000316    program     static /Users/mreiter/Desktop/AER201/botL.X/main.asm
                  _22Next   0x00030a    program     static /Users/mreiter/Desktop/AER201/botL.X/main.asm
                  _23Exit   0x00032c    program     static /Users/mreiter/Desktop/AER201/botL.X/main.asm
                  _23Next   0x000320    program     static /Users/mreiter/Desktop/AER201/botL.X/main.asm
                  _24Exit   0x000342    program     static /Users/mreiter/Desktop/AER201/botL.X/main.asm
                  _24Next   0x000336    program     static /Users/mreiter/Desktop/AER201/botL.X/main.asm
                  _25loop   0x000366    program     static /Users/mreiter/Desktop/AER201/botL.X/main.asm
                  _26loop   0x00038c    program     static /Users/mreiter/Desktop/AER201/botL.X/main.asm
                  _27loop   0x00040e    program     static /Users/mreiter/Desktop/AER201/botL.X/main.asm
                  _28loop   0x000420    program     static /Users/mreiter/Desktop/AER201/botL.X/main.asm
                  _29loop   0x000438    program     static /Users/mreiter/Desktop/AER201/botL.X/main.asm
                 _2endBCD   0x000084    program     static /Users/mreiter/Desktop/AER201/botL.X/main.asm
                   _2ones   0x00007e    program     static /Users/mreiter/Desktop/AER201/botL.X/main.asm
                  _30loop   0x00044c    program     static /Users/mreiter/Desktop/AER201/botL.X/main.asm
                  _31loop   0x000464    program     static /Users/mreiter/Desktop/AER201/botL.X/main.asm
                  _32loop   0x000478    program     static /Users/mreiter/Desktop/AER201/botL.X/main.asm
                  _33loop   0x000490    program     static /Users/mreiter/Desktop/AER201/botL.X/main.asm
                  _34loop   0x0004a4    program     static /Users/mreiter/Desktop/AER201/botL.X/main.asm
                  _35loop   0x0004bc    program     static /Users/mreiter/Desktop/AER201/botL.X/main.asm
                  _36loop   0x0004ec    program     static /Users/mreiter/Desktop/AER201/botL.X/main.asm
                  _37Exit   0x000522    program     static /Users/mreiter/Desktop/AER201/botL.X/main.asm
                  _37Next   0x000516    program     static /Users/mreiter/Desktop/AER201/botL.X/main.asm
                  _38Exit   0x000538    program     static /Users/mreiter/Desktop/AER201/botL.X/main.asm
                  _38Next   0x00052c    program     static /Users/mreiter/Desktop/AER201/botL.X/main.asm
                  _39loop   0x00055a    program     static /Users/mreiter/Desktop/AER201/botL.X/main.asm
                 _3endBCD   0x0000b6    program     static /Users/mreiter/Desktop/AER201/botL.X/main.asm
                   _3ones   0x0000b0    program     static /Users/mreiter/Desktop/AER201/botL.X/main.asm
                  _40Exit   0x000580    program     static /Users/mreiter/Desktop/AER201/botL.X/main.asm
                  _40Next   0x000574    program     static /Users/mreiter/Desktop/AER201/botL.X/main.asm
                  _41loop   0x00059a    program     static /Users/mreiter/Desktop/AER201/botL.X/main.asm
                  _42loop   0x0005b8    program     static /Users/mreiter/Desktop/AER201/botL.X/main.asm
                  _43Exit   0x0005da    program     static /Users/mreiter/Desktop/AER201/botL.X/main.asm
                  _43Next   0x0005ce    program     static /Users/mreiter/Desktop/AER201/botL.X/main.asm
                  _44Exit   0x0005f0    program     static /Users/mreiter/Desktop/AER201/botL.X/main.asm
                  _44Next   0x0005e4    program     static /Users/mreiter/Desktop/AER201/botL.X/main.asm
                  _45Exit   0x000606    program     static /Users/mreiter/Desktop/AER201/botL.X/main.asm
                  _45Next   0x0005fa    program     static /Users/mreiter/Desktop/AER201/botL.X/main.asm
                  _46Exit   0x00061c    program     static /Users/mreiter/Desktop/AER201/botL.X/main.asm
                  _46Next   0x000610    program     static /Users/mreiter/Desktop/AER201/botL.X/main.asm
                  _47Exit   0x000632    program     static /Users/mreiter/Desktop/AER201/botL.X/main.asm
                  _47Next   0x000626    program     static /Users/mreiter/Desktop/AER201/botL.X/main.asm
                  _48Exit   0x000648    program     static /Users/mreiter/Desktop/AER201/botL.X/main.asm
                  _48Next   0x00063c    program     static /Users/mreiter/Desktop/AER201/botL.X/main.asm
                  _49Exit   0x00065e    program     static /Users/mreiter/Desktop/AER201/botL.X/main.asm
                  _49Next   0x000652    program     static /Users/mreiter/Desktop/AER201/botL.X/main.asm
                  _50Exit   0x000674    program     static /Users/mreiter/Desktop/AER201/botL.X/main.asm
                  _50Next   0x000668    program     static /Users/mreiter/Desktop/AER201/botL.X/main.asm
                  _51Exit   0x00068a    program     static /Users/mreiter/Desktop/AER201/botL.X/main.asm
                  _51Next   0x00067e    program     static /Users/mreiter/Desktop/AER201/botL.X/main.asm
                  _52Exit   0x0006a0    program     static /Users/mreiter/Desktop/AER201/botL.X/main.asm
                  _52Next   0x000694    program     static /Users/mreiter/Desktop/AER201/botL.X/main.asm
                  _53loop   0x0006ba    program     static /Users/mreiter/Desktop/AER201/botL.X/main.asm
                  _56Exit   0x000752    program     static /Users/mreiter/Desktop/AER201/botL.X/main.asm
                  _56Next   0x000746    program     static /Users/mreiter/Desktop/AER201/botL.X/main.asm
                  _57Exit   0x000768    program     static /Users/mreiter/Desktop/AER201/botL.X/main.asm
                  _57Next   0x00075c    program     static /Users/mreiter/Desktop/AER201/botL.X/main.asm
                  _58loop   0x000780    program     static /Users/mreiter/Desktop/AER201/botL.X/main.asm
                  _59Exit   0x0007ae    program     static /Users/mreiter/Desktop/AER201/botL.X/main.asm
                  _59Next   0x0007a2    program     static /Users/mreiter/Desktop/AER201/botL.X/main.asm
                  _60loop   0x0007c8    program     static /Users/mreiter/Desktop/AER201/botL.X/main.asm
                  _61loop   0x0007e6    program     static /Users/mreiter/Desktop/AER201/botL.X/main.asm
                  _62Exit   0x000814    program     static /Users/mreiter/Desktop/AER201/botL.X/main.asm
                  _62Next   0x000808    program     static /Users/mreiter/Desktop/AER201/botL.X/main.asm
                  _63Exit   0x00082a    program     static /Users/mreiter/Desktop/AER201/botL.X/main.asm
                  _63Next   0x00081e    program     static /Users/mreiter/Desktop/AER201/botL.X/main.asm
                  _64loop   0x000846    program     static /Users/mreiter/Desktop/AER201/botL.X/main.asm
                  _96loop   0x000cc2    program     static /Users/mreiter/Desktop/AER201/botL.X/main.asm
                  _97loop   0x000cd0    program     static /Users/mreiter/Desktop/AER201/botL.X/main.asm
                   _9loop   0x00017c    program     static /Users/mreiter/Desktop/AER201/botL.X/main.asm
                  _waitl0   0x00131c    program     static /Users/mreiter/Desktop/AER201/botL.X/i2c_common.asm
                  _waitl1   0x0013d6    program     static /Users/mreiter/Desktop/AER201/botL.X/i2c_common.asm
                  _waitl2   0x0014c6    program     static /Users/mreiter/Desktop/AER201/botL.X/i2c_common.asm
                       d2   0x00125e    program     static /Users/mreiter/Desktop/AER201/botL.X/lcd.asm
                del_loop0   0x000bf2    program     static /Users/mreiter/Desktop/AER201/botL.X/main.asm
                delay44us   0x001242    program     extern /Users/mreiter/Desktop/AER201/botL.X/lcd.asm
                 delay5ms   0x00124e    program     extern /Users/mreiter/Desktop/AER201/botL.X/lcd.asm
               displayNum   0x0006e0    program     static /Users/mreiter/Desktop/AER201/botL.X/main.asm
         i2c_common_setup   0x001264    program     extern /Users/mreiter/Desktop/AER201/botL.X/i2c_common.asm
             lcdLongDelay   0x00122c    program     static /Users/mreiter/Desktop/AER201/botL.X/lcd.asm
                loop200us   0x000d06    program     static /Users/mreiter/Desktop/AER201/botL.X/main.asm
                 loop50ms   0x000d14    program     static /Users/mreiter/Desktop/AER201/botL.X/main.asm
                  loop5us   0x000cf8    program     static /Users/mreiter/Desktop/AER201/botL.X/main.asm
                 read_rtc   0x0012ca    program     extern /Users/mreiter/Desktop/AER201/botL.X/i2c_common.asm
              rtc_convert   0x00132c    program     extern /Users/mreiter/Desktop/AER201/botL.X/i2c_common.asm
                write_rtc   0x001286    program     extern /Users/mreiter/Desktop/AER201/botL.X/i2c_common.asm
           convert_buffer   0x000065       data     extern /Users/mreiter/Desktop/AER201/botL.X/i2c_common.asm
                 databyte   0x000061       data     extern /Users/mreiter/Desktop/AER201/botL.X/i2c_common.asm
                 datachar   0x000062       data     extern /Users/mreiter/Desktop/AER201/botL.X/i2c_common.asm
               ones_digit   0x000064       data     extern /Users/mreiter/Desktop/AER201/botL.X/i2c_common.asm
               regaddress   0x000060       data     extern /Users/mreiter/Desktop/AER201/botL.X/i2c_common.asm
               tens_digit   0x000063       data     extern /Users/mreiter/Desktop/AER201/botL.X/i2c_common.asm



                              Symbols - Sorted by Address
                     Name    Address   Location    Storage File                     
                ---------  ---------  ---------  --------- ---------                
        LOAD_STANDBY_TIME   0x00001c    program     static /Users/mreiter/Desktop/AER201/botL.X/main.asm
            LOAD_EXE_TIME   0x00002a    program     static /Users/mreiter/Desktop/AER201/botL.X/main.asm
                 ISR_HIGH   0x000038    program     static /Users/mreiter/Desktop/AER201/botL.X/main.asm
                   _2ones   0x00007e    program     static /Users/mreiter/Desktop/AER201/botL.X/main.asm
                 _2endBCD   0x000084    program     static /Users/mreiter/Desktop/AER201/botL.X/main.asm
                   _3ones   0x0000b0    program     static /Users/mreiter/Desktop/AER201/botL.X/main.asm
                 _3endBCD   0x0000b6    program     static /Users/mreiter/Desktop/AER201/botL.X/main.asm
             END_ISR_HIGH   0x0000b8    program     static /Users/mreiter/Desktop/AER201/botL.X/main.asm
                  ISR_LOW   0x0000c2    program     static /Users/mreiter/Desktop/AER201/botL.X/main.asm
              END_ISR_LOW   0x000104    program     static /Users/mreiter/Desktop/AER201/botL.X/main.asm
                     INIT   0x00010e    program     static /Users/mreiter/Desktop/AER201/botL.X/main.asm
                   RESETS   0x000168    program     static /Users/mreiter/Desktop/AER201/botL.X/main.asm
                   _9loop   0x00017c    program     static /Users/mreiter/Desktop/AER201/botL.X/main.asm
                  _10loop   0x00019a    program     static /Users/mreiter/Desktop/AER201/botL.X/main.asm
                  _11loop   0x0001a8    program     static /Users/mreiter/Desktop/AER201/botL.X/main.asm
                  _12loop   0x0001c0    program     static /Users/mreiter/Desktop/AER201/botL.X/main.asm
                  _13loop   0x0001d4    program     static /Users/mreiter/Desktop/AER201/botL.X/main.asm
                  _14loop   0x0001ec    program     static /Users/mreiter/Desktop/AER201/botL.X/main.asm
                  _15loop   0x000200    program     static /Users/mreiter/Desktop/AER201/botL.X/main.asm
                  _16loop   0x000218    program     static /Users/mreiter/Desktop/AER201/botL.X/main.asm
                  _17loop   0x00022c    program     static /Users/mreiter/Desktop/AER201/botL.X/main.asm
                  _18loop   0x000244    program     static /Users/mreiter/Desktop/AER201/botL.X/main.asm
                  STANDBY   0x000298    program     static /Users/mreiter/Desktop/AER201/botL.X/main.asm
                  _19loop   0x0002b6    program     static /Users/mreiter/Desktop/AER201/botL.X/main.asm
                  _20loop   0x0002d4    program     static /Users/mreiter/Desktop/AER201/botL.X/main.asm
             HOLD_STANDBY   0x0002e8    program     static /Users/mreiter/Desktop/AER201/botL.X/main.asm
                  _21Next   0x0002f4    program     static /Users/mreiter/Desktop/AER201/botL.X/main.asm
                  _21Exit   0x000300    program     static /Users/mreiter/Desktop/AER201/botL.X/main.asm
                  _22Next   0x00030a    program     static /Users/mreiter/Desktop/AER201/botL.X/main.asm
                  _22Exit   0x000316    program     static /Users/mreiter/Desktop/AER201/botL.X/main.asm
                  _23Next   0x000320    program     static /Users/mreiter/Desktop/AER201/botL.X/main.asm
                  _23Exit   0x00032c    program     static /Users/mreiter/Desktop/AER201/botL.X/main.asm
                  _24Next   0x000336    program     static /Users/mreiter/Desktop/AER201/botL.X/main.asm
                  _24Exit   0x000342    program     static /Users/mreiter/Desktop/AER201/botL.X/main.asm
                EXECUTION   0x000346    program     static /Users/mreiter/Desktop/AER201/botL.X/main.asm
                  _25loop   0x000366    program     static /Users/mreiter/Desktop/AER201/botL.X/main.asm
                  _26loop   0x00038c    program     static /Users/mreiter/Desktop/AER201/botL.X/main.asm
            CHECK_TIMEOUT   0x00039a    program     static /Users/mreiter/Desktop/AER201/botL.X/main.asm
               DETECTIONS   0x0003aa    program     static /Users/mreiter/Desktop/AER201/botL.X/main.asm
                 EXIT_EXE   0x0003f4    program     static /Users/mreiter/Desktop/AER201/botL.X/main.asm
                  _27loop   0x00040e    program     static /Users/mreiter/Desktop/AER201/botL.X/main.asm
                  _28loop   0x000420    program     static /Users/mreiter/Desktop/AER201/botL.X/main.asm
                  _29loop   0x000438    program     static /Users/mreiter/Desktop/AER201/botL.X/main.asm
                  _30loop   0x00044c    program     static /Users/mreiter/Desktop/AER201/botL.X/main.asm
                  _31loop   0x000464    program     static /Users/mreiter/Desktop/AER201/botL.X/main.asm
                  _32loop   0x000478    program     static /Users/mreiter/Desktop/AER201/botL.X/main.asm
                  _33loop   0x000490    program     static /Users/mreiter/Desktop/AER201/botL.X/main.asm
                  _34loop   0x0004a4    program     static /Users/mreiter/Desktop/AER201/botL.X/main.asm
                  _35loop   0x0004bc    program     static /Users/mreiter/Desktop/AER201/botL.X/main.asm
                      LOG   0x0004d6    program     static /Users/mreiter/Desktop/AER201/botL.X/main.asm
                  _36loop   0x0004ec    program     static /Users/mreiter/Desktop/AER201/botL.X/main.asm
                 HOLD_LOG   0x00050a    program     static /Users/mreiter/Desktop/AER201/botL.X/main.asm
                  _37Next   0x000516    program     static /Users/mreiter/Desktop/AER201/botL.X/main.asm
                  _37Exit   0x000522    program     static /Users/mreiter/Desktop/AER201/botL.X/main.asm
                  _38Next   0x00052c    program     static /Users/mreiter/Desktop/AER201/botL.X/main.asm
                  _38Exit   0x000538    program     static /Users/mreiter/Desktop/AER201/botL.X/main.asm
                 LOG_INFO   0x00053c    program     static /Users/mreiter/Desktop/AER201/botL.X/main.asm
                  _39loop   0x00055a    program     static /Users/mreiter/Desktop/AER201/botL.X/main.asm
            HOLD_LOG_INFO   0x000568    program     static /Users/mreiter/Desktop/AER201/botL.X/main.asm
                  _40Next   0x000574    program     static /Users/mreiter/Desktop/AER201/botL.X/main.asm
                  _40Exit   0x000580    program     static /Users/mreiter/Desktop/AER201/botL.X/main.asm
                 PERM_LOG   0x000584    program     static /Users/mreiter/Desktop/AER201/botL.X/main.asm
                  _41loop   0x00059a    program     static /Users/mreiter/Desktop/AER201/botL.X/main.asm
                  _42loop   0x0005b8    program     static /Users/mreiter/Desktop/AER201/botL.X/main.asm
            HOLD_PERM_LOG   0x0005c2    program     static /Users/mreiter/Desktop/AER201/botL.X/main.asm
                  _43Next   0x0005ce    program     static /Users/mreiter/Desktop/AER201/botL.X/main.asm
                  _43Exit   0x0005da    program     static /Users/mreiter/Desktop/AER201/botL.X/main.asm
                  _44Next   0x0005e4    program     static /Users/mreiter/Desktop/AER201/botL.X/main.asm
                  _44Exit   0x0005f0    program     static /Users/mreiter/Desktop/AER201/botL.X/main.asm
                  _45Next   0x0005fa    program     static /Users/mreiter/Desktop/AER201/botL.X/main.asm
                  _45Exit   0x000606    program     static /Users/mreiter/Desktop/AER201/botL.X/main.asm
                  _46Next   0x000610    program     static /Users/mreiter/Desktop/AER201/botL.X/main.asm
                  _46Exit   0x00061c    program     static /Users/mreiter/Desktop/AER201/botL.X/main.asm
                  _47Next   0x000626    program     static /Users/mreiter/Desktop/AER201/botL.X/main.asm
                  _47Exit   0x000632    program     static /Users/mreiter/Desktop/AER201/botL.X/main.asm
                  _48Next   0x00063c    program     static /Users/mreiter/Desktop/AER201/botL.X/main.asm
                  _48Exit   0x000648    program     static /Users/mreiter/Desktop/AER201/botL.X/main.asm
                  _49Next   0x000652    program     static /Users/mreiter/Desktop/AER201/botL.X/main.asm
                  _49Exit   0x00065e    program     static /Users/mreiter/Desktop/AER201/botL.X/main.asm
                  _50Next   0x000668    program     static /Users/mreiter/Desktop/AER201/botL.X/main.asm
                  _50Exit   0x000674    program     static /Users/mreiter/Desktop/AER201/botL.X/main.asm
                  _51Next   0x00067e    program     static /Users/mreiter/Desktop/AER201/botL.X/main.asm
                  _51Exit   0x00068a    program     static /Users/mreiter/Desktop/AER201/botL.X/main.asm
                  _52Next   0x000694    program     static /Users/mreiter/Desktop/AER201/botL.X/main.asm
                  _52Exit   0x0006a0    program     static /Users/mreiter/Desktop/AER201/botL.X/main.asm
                     PLOG   0x0006a4    program     static /Users/mreiter/Desktop/AER201/botL.X/main.asm
                  _53loop   0x0006ba    program     static /Users/mreiter/Desktop/AER201/botL.X/main.asm
               displayNum   0x0006e0    program     static /Users/mreiter/Desktop/AER201/botL.X/main.asm
                HOLD_PLOG   0x00073a    program     static /Users/mreiter/Desktop/AER201/botL.X/main.asm
                  _56Next   0x000746    program     static /Users/mreiter/Desktop/AER201/botL.X/main.asm
                  _56Exit   0x000752    program     static /Users/mreiter/Desktop/AER201/botL.X/main.asm
                  _57Next   0x00075c    program     static /Users/mreiter/Desktop/AER201/botL.X/main.asm
                  _57Exit   0x000768    program     static /Users/mreiter/Desktop/AER201/botL.X/main.asm
             PLOG_DETAILS   0x00076c    program     static /Users/mreiter/Desktop/AER201/botL.X/main.asm
                  _58loop   0x000780    program     static /Users/mreiter/Desktop/AER201/botL.X/main.asm
        HOLD_PLOG_DETAILS   0x000796    program     static /Users/mreiter/Desktop/AER201/botL.X/main.asm
                  _59Next   0x0007a2    program     static /Users/mreiter/Desktop/AER201/botL.X/main.asm
                  _59Exit   0x0007ae    program     static /Users/mreiter/Desktop/AER201/botL.X/main.asm
                  PC_MODE   0x0007b2    program     static /Users/mreiter/Desktop/AER201/botL.X/main.asm
                  _60loop   0x0007c8    program     static /Users/mreiter/Desktop/AER201/botL.X/main.asm
                  _61loop   0x0007e6    program     static /Users/mreiter/Desktop/AER201/botL.X/main.asm
                  HOLD_PC   0x0007fc    program     static /Users/mreiter/Desktop/AER201/botL.X/main.asm
                  _62Next   0x000808    program     static /Users/mreiter/Desktop/AER201/botL.X/main.asm
                  _62Exit   0x000814    program     static /Users/mreiter/Desktop/AER201/botL.X/main.asm
                  _63Next   0x00081e    program     static /Users/mreiter/Desktop/AER201/botL.X/main.asm
                  _63Exit   0x00082a    program     static /Users/mreiter/Desktop/AER201/botL.X/main.asm
              PC_TRANSFER   0x00082e    program     static /Users/mreiter/Desktop/AER201/botL.X/main.asm
                  _64loop   0x000846    program     static /Users/mreiter/Desktop/AER201/botL.X/main.asm
                 SaveData   0x00085a    program     static /Users/mreiter/Desktop/AER201/botL.X/main.asm
             _.org_2_086E   0x00086e    program     static /Users/mreiter/Desktop/AER201/botL.X/main.asm
             _.org_2_0886   0x000886    program     static /Users/mreiter/Desktop/AER201/botL.X/main.asm
             _.org_2_08A2   0x0008a2    program     static /Users/mreiter/Desktop/AER201/botL.X/main.asm
             _.org_2_08BA   0x0008ba    program     static /Users/mreiter/Desktop/AER201/botL.X/main.asm
             _.org_2_08D6   0x0008d6    program     static /Users/mreiter/Desktop/AER201/botL.X/main.asm
             _.org_2_08EE   0x0008ee    program     static /Users/mreiter/Desktop/AER201/botL.X/main.asm
             _.org_2_090A   0x00090a    program     static /Users/mreiter/Desktop/AER201/botL.X/main.asm
             _.org_2_0922   0x000922    program     static /Users/mreiter/Desktop/AER201/botL.X/main.asm
             _.org_2_093E   0x00093e    program     static /Users/mreiter/Desktop/AER201/botL.X/main.asm
             _.org_2_0956   0x000956    program     static /Users/mreiter/Desktop/AER201/botL.X/main.asm
                ShiftLoop   0x000972    program     static /Users/mreiter/Desktop/AER201/botL.X/main.asm
             _.org_2_0998   0x000998    program     static /Users/mreiter/Desktop/AER201/botL.X/main.asm
             _.org_2_09B0   0x0009b0    program     static /Users/mreiter/Desktop/AER201/botL.X/main.asm
                 RTC_INIT   0x0009d8    program     static /Users/mreiter/Desktop/AER201/botL.X/main.asm
                SAVE_TIME   0x0009e6    program     static /Users/mreiter/Desktop/AER201/botL.X/main.asm
            SAVE_EXE_TIME   0x000a5c    program     static /Users/mreiter/Desktop/AER201/botL.X/main.asm
             _.org_2_0A78   0x000a78    program     static /Users/mreiter/Desktop/AER201/botL.X/main.asm
             _.org_2_0A90   0x000a90    program     static /Users/mreiter/Desktop/AER201/botL.X/main.asm
             _.org_2_0AB4   0x000ab4    program     static /Users/mreiter/Desktop/AER201/botL.X/main.asm
             _.org_2_0ACC   0x000acc    program     static /Users/mreiter/Desktop/AER201/botL.X/main.asm
             _.org_2_0AF0   0x000af0    program     static /Users/mreiter/Desktop/AER201/botL.X/main.asm
             _.org_2_0B08   0x000b08    program     static /Users/mreiter/Desktop/AER201/botL.X/main.asm
              DISPLAY_RTC   0x000b12    program     static /Users/mreiter/Desktop/AER201/botL.X/main.asm
                 SET_TIME   0x000bec    program     static /Users/mreiter/Desktop/AER201/botL.X/main.asm
                del_loop0   0x000bf2    program     static /Users/mreiter/Desktop/AER201/botL.X/main.asm
               INIT_USART   0x000c54    program     static /Users/mreiter/Desktop/AER201/botL.X/main.asm
                DataUSART   0x000c68    program     static /Users/mreiter/Desktop/AER201/botL.X/main.asm
            TRANSFER_LOGS   0x000c78    program     static /Users/mreiter/Desktop/AER201/botL.X/main.asm
            TRANSFER_DATA   0x000c82    program     static /Users/mreiter/Desktop/AER201/botL.X/main.asm
                  _96loop   0x000cc2    program     static /Users/mreiter/Desktop/AER201/botL.X/main.asm
                  _97loop   0x000cd0    program     static /Users/mreiter/Desktop/AER201/botL.X/main.asm
               USART_WAIT   0x000cdc    program     static /Users/mreiter/Desktop/AER201/botL.X/main.asm
             _.org_2_0CE0   0x000ce0    program     static /Users/mreiter/Desktop/AER201/botL.X/main.asm
               USART_LINE   0x000ce6    program     static /Users/mreiter/Desktop/AER201/botL.X/main.asm
                 Delay5us   0x000cf4    program     static /Users/mreiter/Desktop/AER201/botL.X/main.asm
                  loop5us   0x000cf8    program     static /Users/mreiter/Desktop/AER201/botL.X/main.asm
               Delay200us   0x000d02    program     static /Users/mreiter/Desktop/AER201/botL.X/main.asm
                loop200us   0x000d06    program     static /Users/mreiter/Desktop/AER201/botL.X/main.asm
                Delay50ms   0x000d10    program     static /Users/mreiter/Desktop/AER201/botL.X/main.asm
                 loop50ms   0x000d14    program     static /Users/mreiter/Desktop/AER201/botL.X/main.asm
                   Cycles   0x000d1a    program     static /Users/mreiter/Desktop/AER201/botL.X/main.asm
              WriteEE_RTC   0x000d24    program     static /Users/mreiter/Desktop/AER201/botL.X/main.asm
             _.org_2_0D32   0x000d32    program     static /Users/mreiter/Desktop/AER201/botL.X/main.asm
             _.org_2_0D4A   0x000d4a    program     static /Users/mreiter/Desktop/AER201/botL.X/main.asm
             _.org_2_0D60   0x000d60    program     static /Users/mreiter/Desktop/AER201/botL.X/main.asm
             _.org_2_0D78   0x000d78    program     static /Users/mreiter/Desktop/AER201/botL.X/main.asm
           ClearEEPROM_21   0x000d82    program     static /Users/mreiter/Desktop/AER201/botL.X/main.asm
                ClearNext   0x000d8a    program     static /Users/mreiter/Desktop/AER201/botL.X/main.asm
             _.org_2_0D98   0x000d98    program     static /Users/mreiter/Desktop/AER201/botL.X/main.asm
             _.org_2_0DB0   0x000db0    program     static /Users/mreiter/Desktop/AER201/botL.X/main.asm
                 READ_KEY   0x000dc8    program     static /Users/mreiter/Desktop/AER201/botL.X/main.asm
             _.org_2_0DD6   0x000dd6    program     static /Users/mreiter/Desktop/AER201/botL.X/main.asm
            READ_KEY_TIME   0x000ddc    program     static /Users/mreiter/Desktop/AER201/botL.X/main.asm
             _.org_2_0DEA   0x000dea    program     static /Users/mreiter/Desktop/AER201/botL.X/main.asm
           DisplayExeTime   0x000df0    program     static /Users/mreiter/Desktop/AER201/botL.X/main.asm
                 _102loop   0x000e1a    program     static /Users/mreiter/Desktop/AER201/botL.X/main.asm
        NoSkipDispExeTime   0x000e2e    program     static /Users/mreiter/Desktop/AER201/botL.X/main.asm
          SkipDispExeTime   0x000e80    program     static /Users/mreiter/Desktop/AER201/botL.X/main.asm
               DispOpSort   0x000e82    program     static /Users/mreiter/Desktop/AER201/botL.X/main.asm
                 _107loop   0x000eac    program     static /Users/mreiter/Desktop/AER201/botL.X/main.asm
         NoSkipDispOpSort   0x000ebe    program     static /Users/mreiter/Desktop/AER201/botL.X/main.asm
           SkipDispOpSort   0x000f58    program     static /Users/mreiter/Desktop/AER201/botL.X/main.asm
                DispOpRTC   0x000f5a    program     static /Users/mreiter/Desktop/AER201/botL.X/main.asm
                 _113loop   0x000f84    program     static /Users/mreiter/Desktop/AER201/botL.X/main.asm
          NoSkipDispOpRTC   0x000f96    program     static /Users/mreiter/Desktop/AER201/botL.X/main.asm
            SkipDispOpRTC   0x000ff6    program     static /Users/mreiter/Desktop/AER201/botL.X/main.asm
         DispOpRTC_Helper   0x000ff8    program     static /Users/mreiter/Desktop/AER201/botL.X/main.asm
                  Welcome   0x001032    program     static /Users/mreiter/Desktop/AER201/botL.X/main.asm
                     Team   0x001038    program     static /Users/mreiter/Desktop/AER201/botL.X/main.asm
                  StandBy   0x001042    program     static /Users/mreiter/Desktop/AER201/botL.X/main.asm
              StandbyInfo   0x00106a    program     static /Users/mreiter/Desktop/AER201/botL.X/main.asm
                     Log1   0x001092    program     static /Users/mreiter/Desktop/AER201/botL.X/main.asm
                     Log2   0x001098    program     static /Users/mreiter/Desktop/AER201/botL.X/main.asm
                 LogInfo1   0x0010a6    program     static /Users/mreiter/Desktop/AER201/botL.X/main.asm
                 LogInfo2   0x0010ae    program     static /Users/mreiter/Desktop/AER201/botL.X/main.asm
                 PermLog1   0x0010be    program     static /Users/mreiter/Desktop/AER201/botL.X/main.asm
                 PermLog2   0x0010ce    program     static /Users/mreiter/Desktop/AER201/botL.X/main.asm
                     Exe1   0x0010e0    program     static /Users/mreiter/Desktop/AER201/botL.X/main.asm
                     Exe2   0x0010ec    program     static /Users/mreiter/Desktop/AER201/botL.X/main.asm
                      PC1   0x0010f2    program     static /Users/mreiter/Desktop/AER201/botL.X/main.asm
                      PC2   0x001100    program     static /Users/mreiter/Desktop/AER201/botL.X/main.asm
               PCTransfer   0x001110    program     static /Users/mreiter/Desktop/AER201/botL.X/main.asm
               PCComplete   0x001120    program     static /Users/mreiter/Desktop/AER201/botL.X/main.asm
                     SAVE   0x00112a    program     static /Users/mreiter/Desktop/AER201/botL.X/main.asm
                   NoData   0x001134    program     static /Users/mreiter/Desktop/AER201/botL.X/main.asm
                  InitLCD   0x001138    program     extern /Users/mreiter/Desktop/AER201/botL.X/lcd.asm
                   WR_INS   0x001190    program     extern /Users/mreiter/Desktop/AER201/botL.X/lcd.asm
                  WR_DATA   0x0011ac    program     extern /Users/mreiter/Desktop/AER201/botL.X/lcd.asm
                   WrtLCD   0x0011d0    program     extern /Users/mreiter/Desktop/AER201/botL.X/lcd.asm
                   ClrLCD   0x0011e6    program     extern /Users/mreiter/Desktop/AER201/botL.X/lcd.asm
                   ClkLCD   0x0011f4    program     extern /Users/mreiter/Desktop/AER201/botL.X/lcd.asm
              _.code_00C8   0x001200    program     static /Users/mreiter/Desktop/AER201/botL.X/lcd.asm
                    Shift   0x001206    program     extern /Users/mreiter/Desktop/AER201/botL.X/lcd.asm
                   LCD_L1   0x001212    program     extern /Users/mreiter/Desktop/AER201/botL.X/lcd.asm
                   LCD_L2   0x00121a    program     extern /Users/mreiter/Desktop/AER201/botL.X/lcd.asm
                   MovMSB   0x001222    program     static /Users/mreiter/Desktop/AER201/botL.X/lcd.asm
             lcdLongDelay   0x00122c    program     static /Users/mreiter/Desktop/AER201/botL.X/lcd.asm
                 LLD_LOOP   0x001230    program     static /Users/mreiter/Desktop/AER201/botL.X/lcd.asm
              _.code_00FE   0x001236    program     static /Users/mreiter/Desktop/AER201/botL.X/lcd.asm
                delay44us   0x001242    program     extern /Users/mreiter/Desktop/AER201/botL.X/lcd.asm
            Delay44usLoop   0x001246    program     static /Users/mreiter/Desktop/AER201/botL.X/lcd.asm
                 delay5ms   0x00124e    program     extern /Users/mreiter/Desktop/AER201/botL.X/lcd.asm
             Delay5msLoop   0x001256    program     static /Users/mreiter/Desktop/AER201/botL.X/lcd.asm
                       d2   0x00125e    program     static /Users/mreiter/Desktop/AER201/botL.X/lcd.asm
         i2c_common_setup   0x001264    program     extern /Users/mreiter/Desktop/AER201/botL.X/i2c_common.asm
              _.code_001C   0x001280    program     static /Users/mreiter/Desktop/AER201/botL.X/i2c_common.asm
                write_rtc   0x001286    program     extern /Users/mreiter/Desktop/AER201/botL.X/i2c_common.asm
              _.code_002A   0x00128e    program     static /Users/mreiter/Desktop/AER201/botL.X/i2c_common.asm
              _.code_0032   0x001296    program     static /Users/mreiter/Desktop/AER201/botL.X/i2c_common.asm
              _.code_0038   0x00129c    program     static /Users/mreiter/Desktop/AER201/botL.X/i2c_common.asm
              _.code_0042   0x0012a6    program     static /Users/mreiter/Desktop/AER201/botL.X/i2c_common.asm
              _.code_0048   0x0012ac    program     static /Users/mreiter/Desktop/AER201/botL.X/i2c_common.asm
              _.code_0052   0x0012b6    program     static /Users/mreiter/Desktop/AER201/botL.X/i2c_common.asm
              _.code_0058   0x0012bc    program     static /Users/mreiter/Desktop/AER201/botL.X/i2c_common.asm
              _.code_0060   0x0012c4    program     static /Users/mreiter/Desktop/AER201/botL.X/i2c_common.asm
                 read_rtc   0x0012ca    program     extern /Users/mreiter/Desktop/AER201/botL.X/i2c_common.asm
              _.code_006E   0x0012d2    program     static /Users/mreiter/Desktop/AER201/botL.X/i2c_common.asm
              _.code_0076   0x0012da    program     static /Users/mreiter/Desktop/AER201/botL.X/i2c_common.asm
              _.code_007C   0x0012e0    program     static /Users/mreiter/Desktop/AER201/botL.X/i2c_common.asm
              _.code_0086   0x0012ea    program     static /Users/mreiter/Desktop/AER201/botL.X/i2c_common.asm
              _.code_008C   0x0012f0    program     static /Users/mreiter/Desktop/AER201/botL.X/i2c_common.asm
              _.code_0094   0x0012f8    program     static /Users/mreiter/Desktop/AER201/botL.X/i2c_common.asm
              _.code_009C   0x001300    program     static /Users/mreiter/Desktop/AER201/botL.X/i2c_common.asm
              _.code_00A2   0x001306    program     static /Users/mreiter/Desktop/AER201/botL.X/i2c_common.asm
              _.code_00AA   0x00130e    program     static /Users/mreiter/Desktop/AER201/botL.X/i2c_common.asm
                  _waitl0   0x00131c    program     static /Users/mreiter/Desktop/AER201/botL.X/i2c_common.asm
              _.code_00C2   0x001326    program     static /Users/mreiter/Desktop/AER201/botL.X/i2c_common.asm
              rtc_convert   0x00132c    program     extern /Users/mreiter/Desktop/AER201/botL.X/i2c_common.asm
                 INIT_RTC   0x001342    program     extern /Users/mreiter/Desktop/AER201/botL.X/i2c_common.asm
              _.code_00E6   0x00134a    program     static /Users/mreiter/Desktop/AER201/botL.X/i2c_common.asm
              _.code_00EE   0x001352    program     static /Users/mreiter/Desktop/AER201/botL.X/i2c_common.asm
              _.code_00F4   0x001358    program     static /Users/mreiter/Desktop/AER201/botL.X/i2c_common.asm
              _.code_00FC   0x001360    program     static /Users/mreiter/Desktop/AER201/botL.X/i2c_common.asm
              _.code_0102   0x001366    program     static /Users/mreiter/Desktop/AER201/botL.X/i2c_common.asm
              _.code_010A   0x00136e    program     static /Users/mreiter/Desktop/AER201/botL.X/i2c_common.asm
              _.code_0110   0x001374    program     static /Users/mreiter/Desktop/AER201/botL.X/i2c_common.asm
              _.code_0118   0x00137c    program     static /Users/mreiter/Desktop/AER201/botL.X/i2c_common.asm
          READ_COLOUR_I2C   0x001382    program     extern /Users/mreiter/Desktop/AER201/botL.X/i2c_common.asm
              _.code_0126   0x00138a    program     static /Users/mreiter/Desktop/AER201/botL.X/i2c_common.asm
              _.code_012E   0x001392    program     static /Users/mreiter/Desktop/AER201/botL.X/i2c_common.asm
              _.code_0134   0x001398    program     static /Users/mreiter/Desktop/AER201/botL.X/i2c_common.asm
              _.code_0140   0x0013a4    program     static /Users/mreiter/Desktop/AER201/botL.X/i2c_common.asm
              _.code_0146   0x0013aa    program     static /Users/mreiter/Desktop/AER201/botL.X/i2c_common.asm
              _.code_014E   0x0013b2    program     static /Users/mreiter/Desktop/AER201/botL.X/i2c_common.asm
              _.code_0156   0x0013ba    program     static /Users/mreiter/Desktop/AER201/botL.X/i2c_common.asm
              _.code_015C   0x0013c0    program     static /Users/mreiter/Desktop/AER201/botL.X/i2c_common.asm
              _.code_0164   0x0013c8    program     static /Users/mreiter/Desktop/AER201/botL.X/i2c_common.asm
                  _waitl1   0x0013d6    program     static /Users/mreiter/Desktop/AER201/botL.X/i2c_common.asm
              _.code_017C   0x0013e0    program     static /Users/mreiter/Desktop/AER201/botL.X/i2c_common.asm
         WRITE_COLOUR_I2C   0x0013e6    program     extern /Users/mreiter/Desktop/AER201/botL.X/i2c_common.asm
              _.code_018A   0x0013ee    program     static /Users/mreiter/Desktop/AER201/botL.X/i2c_common.asm
              _.code_0192   0x0013f6    program     static /Users/mreiter/Desktop/AER201/botL.X/i2c_common.asm
              _.code_0198   0x0013fc    program     static /Users/mreiter/Desktop/AER201/botL.X/i2c_common.asm
              _.code_01A4   0x001408    program     static /Users/mreiter/Desktop/AER201/botL.X/i2c_common.asm
              _.code_01AA   0x00140e    program     static /Users/mreiter/Desktop/AER201/botL.X/i2c_common.asm
              _.code_01B6   0x00141a    program     static /Users/mreiter/Desktop/AER201/botL.X/i2c_common.asm
              _.code_01BC   0x001420    program     static /Users/mreiter/Desktop/AER201/botL.X/i2c_common.asm
              _.code_01C4   0x001428    program     static /Users/mreiter/Desktop/AER201/botL.X/i2c_common.asm
             INIT_ARDUINO   0x00142e    program     extern /Users/mreiter/Desktop/AER201/botL.X/i2c_common.asm
              _.code_01D2   0x001436    program     static /Users/mreiter/Desktop/AER201/botL.X/i2c_common.asm
              _.code_01DA   0x00143e    program     static /Users/mreiter/Desktop/AER201/botL.X/i2c_common.asm
              _.code_01E0   0x001444    program     static /Users/mreiter/Desktop/AER201/botL.X/i2c_common.asm
              _.code_01E8   0x00144c    program     static /Users/mreiter/Desktop/AER201/botL.X/i2c_common.asm
            WRITE_ARDUINO   0x001452    program     extern /Users/mreiter/Desktop/AER201/botL.X/i2c_common.asm
              _.code_01F6   0x00145a    program     static /Users/mreiter/Desktop/AER201/botL.X/i2c_common.asm
              _.code_01FE   0x001462    program     static /Users/mreiter/Desktop/AER201/botL.X/i2c_common.asm
              _.code_0204   0x001468    program     static /Users/mreiter/Desktop/AER201/botL.X/i2c_common.asm
              _.code_020E   0x001472    program     static /Users/mreiter/Desktop/AER201/botL.X/i2c_common.asm
              _.code_0214   0x001478    program     static /Users/mreiter/Desktop/AER201/botL.X/i2c_common.asm
              _.code_021C   0x001480    program     static /Users/mreiter/Desktop/AER201/botL.X/i2c_common.asm
             READ_ARDUINO   0x001486    program     extern /Users/mreiter/Desktop/AER201/botL.X/i2c_common.asm
              _.code_022A   0x00148e    program     static /Users/mreiter/Desktop/AER201/botL.X/i2c_common.asm
              _.code_0232   0x001496    program     static /Users/mreiter/Desktop/AER201/botL.X/i2c_common.asm
              _.code_0238   0x00149c    program     static /Users/mreiter/Desktop/AER201/botL.X/i2c_common.asm
              _.code_0240   0x0014a4    program     static /Users/mreiter/Desktop/AER201/botL.X/i2c_common.asm
              _.code_0248   0x0014ac    program     static /Users/mreiter/Desktop/AER201/botL.X/i2c_common.asm
              _.code_024E   0x0014b2    program     static /Users/mreiter/Desktop/AER201/botL.X/i2c_common.asm
              _.code_0256   0x0014ba    program     static /Users/mreiter/Desktop/AER201/botL.X/i2c_common.asm
                  _waitl2   0x0014c6    program     static /Users/mreiter/Desktop/AER201/botL.X/i2c_common.asm
              _.code_026C   0x0014d0    program     static /Users/mreiter/Desktop/AER201/botL.X/i2c_common.asm
                CHECK_ACK   0x0014d6    program     extern /Users/mreiter/Desktop/AER201/botL.X/i2c.asm
                 I2C_temp   0x0014d6    program     static /Users/mreiter/Desktop/AER201/botL.X/i2c.asm
                I2C_ACKDT   0x0014d6    program     extern /Users/mreiter/Desktop/AER201/botL.X/i2c.asm
               CHECK_NACK   0x0014da    program     extern /Users/mreiter/Desktop/AER201/botL.X/i2c.asm
                TEST_NACK   0x0014de    program     static /Users/mreiter/Desktop/AER201/botL.X/i2c.asm
          I2C_Master_INIT   0x0014e6    program     extern /Users/mreiter/Desktop/AER201/botL.X/i2c.asm
                     WAIT   0x0014f8    program     static /Users/mreiter/Desktop/AER201/botL.X/i2c.asm
          I2C_Master_WAIT   0x0014f8    program     extern /Users/mreiter/Desktop/AER201/botL.X/i2c.asm
         I2C_Master_START   0x001508    program     extern /Users/mreiter/Desktop/AER201/botL.X/i2c.asm
        I2C_Master_RSTART   0x001510    program     extern /Users/mreiter/Desktop/AER201/botL.X/i2c.asm
          I2C_Master_STOP   0x001518    program     extern /Users/mreiter/Desktop/AER201/botL.X/i2c.asm
         I2C_Master_WRITE   0x001520    program     extern /Users/mreiter/Desktop/AER201/botL.X/i2c.asm
                  HOLD_UP   0x001526    program     static /Users/mreiter/Desktop/AER201/botL.X/i2c.asm
          I2C_Master_READ   0x00152e    program     extern /Users/mreiter/Desktop/AER201/botL.X/i2c.asm
                     LOOP   0x001534    program     static /Users/mreiter/Desktop/AER201/botL.X/i2c.asm
           I2C_Master_ACK   0x00153c    program     extern /Users/mreiter/Desktop/AER201/botL.X/i2c.asm
                 TEST_ACK   0x001540    program     static /Users/mreiter/Desktop/AER201/botL.X/i2c.asm
               regaddress   0x000060       data     extern /Users/mreiter/Desktop/AER201/botL.X/i2c_common.asm
                 databyte   0x000061       data     extern /Users/mreiter/Desktop/AER201/botL.X/i2c_common.asm
                 datachar   0x000062       data     extern /Users/mreiter/Desktop/AER201/botL.X/i2c_common.asm
               tens_digit   0x000063       data     extern /Users/mreiter/Desktop/AER201/botL.X/i2c_common.asm
               ones_digit   0x000064       data     extern /Users/mreiter/Desktop/AER201/botL.X/i2c_common.asm
           convert_buffer   0x000065       data     extern /Users/mreiter/Desktop/AER201/botL.X/i2c_common.asm


