MPLINK 5.08, LINKER
Linker Map File - Created Fri Feb 10 21:29:05 2017

                                 Section Info
                  Section       Type    Address   Location Size(Bytes)
                ---------  ---------  ---------  ---------  ---------
                   .org_0       code   0x000000    program   0x000004
                   .cinit    romdata   0x000004    program   0x000002
                   .org_1       code   0x000008    program   0x000004
                   .org_2       code   0x000018    program   0x000a72
                    .code       code   0x000a8a    program   0x00039c
.config_300001_BUILD/DEFAULT/PRODUCTION/MAIN.O    romdata   0x300001    program   0x000001
.config_300002_BUILD/DEFAULT/PRODUCTION/MAIN.O    romdata   0x300002    program   0x000001
.config_300003_BUILD/DEFAULT/PRODUCTION/MAIN.O    romdata   0x300003    program   0x000001
.config_300005_BUILD/DEFAULT/PRODUCTION/MAIN.O    romdata   0x300005    program   0x000001
.config_300006_BUILD/DEFAULT/PRODUCTION/MAIN.O    romdata   0x300006    program   0x000001
.config_300008_BUILD/DEFAULT/PRODUCTION/MAIN.O    romdata   0x300008    program   0x000001
.config_300009_BUILD/DEFAULT/PRODUCTION/MAIN.O    romdata   0x300009    program   0x000001
.config_30000A_BUILD/DEFAULT/PRODUCTION/MAIN.O    romdata   0x30000a    program   0x000001
.config_30000B_BUILD/DEFAULT/PRODUCTION/MAIN.O    romdata   0x30000b    program   0x000001
.config_30000C_BUILD/DEFAULT/PRODUCTION/MAIN.O    romdata   0x30000c    program   0x000001
.config_30000D_BUILD/DEFAULT/PRODUCTION/MAIN.O    romdata   0x30000d    program   0x000001
                   .udata      udata   0x000080       data   0x000006



                              Program Memory Usage 
                               Start         End      
                           ---------   ---------      
                            0x000000    0x000005      
                            0x000008    0x00000b      
                            0x000018    0x000e25      
                            0x300001    0x300003      
                            0x300005    0x300006      
                            0x300008    0x30000d      
            3619 out of 66584 program addresses used, program memory utilization is 5%



                              Symbols - Sorted by Name
                     Name    Address   Location    Storage File                     
                ---------  ---------  ---------  --------- ---------                
                CHECK_ACK   0x000db6    program     extern /Users/mreiter/Desktop/AER201/botL.X/i2c.asm
               CHECK_NACK   0x000dba    program     extern /Users/mreiter/Desktop/AER201/botL.X/i2c.asm
           ClearEEPROM_21   0x0008c4    program     static /Users/mreiter/Desktop/AER201/botL.X/main.asm
                ClearNext   0x0008cc    program     static /Users/mreiter/Desktop/AER201/botL.X/main.asm
                   ClkLCD   0x000c18    program     extern /Users/mreiter/Desktop/AER201/botL.X/lcd.asm
                   ClrLCD   0x000c0a    program     extern /Users/mreiter/Desktop/AER201/botL.X/lcd.asm
                   Cycles   0x00085c    program     static /Users/mreiter/Desktop/AER201/botL.X/main.asm
              DISPLAY_RTC   0x000722    program     static /Users/mreiter/Desktop/AER201/botL.X/main.asm
               Delay200us   0x000844    program     static /Users/mreiter/Desktop/AER201/botL.X/main.asm
            Delay44usLoop   0x000c5e    program     static /Users/mreiter/Desktop/AER201/botL.X/lcd.asm
                Delay50ms   0x000852    program     static /Users/mreiter/Desktop/AER201/botL.X/main.asm
             Delay5msLoop   0x000c6e    program     static /Users/mreiter/Desktop/AER201/botL.X/lcd.asm
                 Delay5us   0x000836    program     static /Users/mreiter/Desktop/AER201/botL.X/main.asm
                DispOpRTC   0x0009ac    program     static /Users/mreiter/Desktop/AER201/botL.X/main.asm
         DispOpRTC_Helper   0x000a50    program     static /Users/mreiter/Desktop/AER201/botL.X/main.asm
              DisplayTime   0x00093a    program     static /Users/mreiter/Desktop/AER201/botL.X/main.asm
             END_ISR_HIGH   0x00008c    program     static /Users/mreiter/Desktop/AER201/botL.X/main.asm
              END_ISR_LOW   0x0000b2    program     static /Users/mreiter/Desktop/AER201/botL.X/main.asm
                EXECUTION   0x0001fc    program     static /Users/mreiter/Desktop/AER201/botL.X/main.asm
                 EXIT_EXE   0x000268    program     static /Users/mreiter/Desktop/AER201/botL.X/main.asm
                     Exe1   0x000ae4    program     static /Users/mreiter/Desktop/AER201/botL.X/main.asm
                     Exe2   0x000af0    program     static /Users/mreiter/Desktop/AER201/botL.X/main.asm
                 HOLD_EXE   0x00024c    program     static /Users/mreiter/Desktop/AER201/botL.X/main.asm
                 HOLD_LOG   0x00041e    program     static /Users/mreiter/Desktop/AER201/botL.X/main.asm
            HOLD_LOG_INFO   0x00048c    program     static /Users/mreiter/Desktop/AER201/botL.X/main.asm
                  HOLD_PC   0x0006be    program     static /Users/mreiter/Desktop/AER201/botL.X/main.asm
            HOLD_PERM_LOG   0x0004e4    program     static /Users/mreiter/Desktop/AER201/botL.X/main.asm
                HOLD_PLOG   0x00065a    program     static /Users/mreiter/Desktop/AER201/botL.X/main.asm
             HOLD_STANDBY   0x00019e    program     static /Users/mreiter/Desktop/AER201/botL.X/main.asm
                  HOLD_UP   0x000e06    program     static /Users/mreiter/Desktop/AER201/botL.X/i2c.asm
                I2C_ACKDT   0x000db6    program     extern /Users/mreiter/Desktop/AER201/botL.X/i2c.asm
           I2C_Master_ACK   0x000e1c    program     extern /Users/mreiter/Desktop/AER201/botL.X/i2c.asm
          I2C_Master_INIT   0x000dc6    program     extern /Users/mreiter/Desktop/AER201/botL.X/i2c.asm
          I2C_Master_READ   0x000e0e    program     extern /Users/mreiter/Desktop/AER201/botL.X/i2c.asm
        I2C_Master_RSTART   0x000df0    program     extern /Users/mreiter/Desktop/AER201/botL.X/i2c.asm
         I2C_Master_START   0x000de8    program     extern /Users/mreiter/Desktop/AER201/botL.X/i2c.asm
          I2C_Master_STOP   0x000df8    program     extern /Users/mreiter/Desktop/AER201/botL.X/i2c.asm
          I2C_Master_WAIT   0x000dd8    program     extern /Users/mreiter/Desktop/AER201/botL.X/i2c.asm
         I2C_Master_WRITE   0x000e00    program     extern /Users/mreiter/Desktop/AER201/botL.X/i2c.asm
                 I2C_temp   0x000db6    program     static /Users/mreiter/Desktop/AER201/botL.X/i2c.asm
                     INIT   0x0000ca    program     static /Users/mreiter/Desktop/AER201/botL.X/main.asm
               INIT_USART   0x000826    program     static /Users/mreiter/Desktop/AER201/botL.X/main.asm
                 ISR_HIGH   0x00001c    program     static /Users/mreiter/Desktop/AER201/botL.X/main.asm
                  ISR_LOW   0x000096    program     static /Users/mreiter/Desktop/AER201/botL.X/main.asm
                  InitLCD   0x000b5e    program     extern /Users/mreiter/Desktop/AER201/botL.X/lcd.asm
                   LCD_L1   0x000c2a    program     extern /Users/mreiter/Desktop/AER201/botL.X/lcd.asm
                   LCD_L2   0x000c32    program     extern /Users/mreiter/Desktop/AER201/botL.X/lcd.asm
                 LLD_LOOP   0x000c48    program     static /Users/mreiter/Desktop/AER201/botL.X/lcd.asm
                      LOG   0x0003c6    program     static /Users/mreiter/Desktop/AER201/botL.X/main.asm
                 LOG_INFO   0x000450    program     static /Users/mreiter/Desktop/AER201/botL.X/main.asm
                     LOOP   0x000e14    program     static /Users/mreiter/Desktop/AER201/botL.X/i2c.asm
                     Log1   0x000aa2    program     static /Users/mreiter/Desktop/AER201/botL.X/main.asm
                     Log2   0x000aa8    program     static /Users/mreiter/Desktop/AER201/botL.X/main.asm
                 LogInfo1   0x000ab6    program     static /Users/mreiter/Desktop/AER201/botL.X/main.asm
                 LogInfo2   0x000abe    program     static /Users/mreiter/Desktop/AER201/botL.X/main.asm
                   MovMSB   0x000c3a    program     static /Users/mreiter/Desktop/AER201/botL.X/lcd.asm
                   NoData   0x000b4a    program     static /Users/mreiter/Desktop/AER201/botL.X/main.asm
          NoSkipDispOpRTC   0x0009ec    program     static /Users/mreiter/Desktop/AER201/botL.X/main.asm
         NoSkipDispOpTime   0x000976    program     static /Users/mreiter/Desktop/AER201/botL.X/main.asm
                  Op_Time   0x000b28    program     static /Users/mreiter/Desktop/AER201/botL.X/main.asm
                      PC1   0x000af8    program     static /Users/mreiter/Desktop/AER201/botL.X/main.asm
                      PC2   0x000b06    program     static /Users/mreiter/Desktop/AER201/botL.X/main.asm
                   PCLog1   0x000b4e    program     static /Users/mreiter/Desktop/AER201/botL.X/main.asm
               PCTransfer   0x000b10    program     static /Users/mreiter/Desktop/AER201/botL.X/main.asm
                  PC_MODE   0x000676    program     static /Users/mreiter/Desktop/AER201/botL.X/main.asm
              PC_TRANSFER   0x0006f0    program     static /Users/mreiter/Desktop/AER201/botL.X/main.asm
                 PERM_LOG   0x0004a8    program     static /Users/mreiter/Desktop/AER201/botL.X/main.asm
                     PLOG   0x0005c6    program     static /Users/mreiter/Desktop/AER201/botL.X/main.asm
                 PermLog1   0x000ac8    program     static /Users/mreiter/Desktop/AER201/botL.X/main.asm
                 PermLog2   0x000ad8    program     static /Users/mreiter/Desktop/AER201/botL.X/main.asm
                   RD_END   0x000d98    program     static /Users/mreiter/Desktop/AER201/botL.X/i2c_common.asm
                  RD_ERR1   0x000d7a    program     static /Users/mreiter/Desktop/AER201/botL.X/i2c_common.asm
                  RD_ERR2   0x000d84    program     static /Users/mreiter/Desktop/AER201/botL.X/i2c_common.asm
                  RD_ERR3   0x000d8e    program     static /Users/mreiter/Desktop/AER201/botL.X/i2c_common.asm
                 READ_KEY   0x00090a    program     static /Users/mreiter/Desktop/AER201/botL.X/main.asm
            READ_KEY_TIME   0x00091e    program     static /Users/mreiter/Desktop/AER201/botL.X/main.asm
                 RTC_INIT   0x000714    program     static /Users/mreiter/Desktop/AER201/botL.X/main.asm
                     SAVE   0x000b30    program     static /Users/mreiter/Desktop/AER201/botL.X/main.asm
                 SET_TIME   0x0007be    program     static /Users/mreiter/Desktop/AER201/botL.X/main.asm
                  STANDBY   0x000180    program     static /Users/mreiter/Desktop/AER201/botL.X/main.asm
                   Safety   0x000b3a    program     static /Users/mreiter/Desktop/AER201/botL.X/main.asm
                 SaveData   0x0002ca    program     static /Users/mreiter/Desktop/AER201/botL.X/main.asm
                ShiftLoop   0x0002fc    program     static /Users/mreiter/Desktop/AER201/botL.X/main.asm
            SkipDispOpRTC   0x000a4e    program     static /Users/mreiter/Desktop/AER201/botL.X/main.asm
           SkipDispOpTime   0x0009aa    program     static /Users/mreiter/Desktop/AER201/botL.X/main.asm
                  StandBy   0x000a9a    program     static /Users/mreiter/Desktop/AER201/botL.X/main.asm
                  Stopped   0x000b20    program     static /Users/mreiter/Desktop/AER201/botL.X/main.asm
                 TEST_ACK   0x000e20    program     static /Users/mreiter/Desktop/AER201/botL.X/i2c.asm
                TEST_NACK   0x000dbe    program     static /Users/mreiter/Desktop/AER201/botL.X/i2c.asm
                     Team   0x000a90    program     static /Users/mreiter/Desktop/AER201/botL.X/main.asm
                     WAIT   0x000dd8    program     static /Users/mreiter/Desktop/AER201/botL.X/i2c.asm
                  WR_DATA   0x000bd2    program     extern /Users/mreiter/Desktop/AER201/botL.X/lcd.asm
                   WR_END   0x000d06    program     static /Users/mreiter/Desktop/AER201/botL.X/i2c_common.asm
                  WR_ERR1   0x000ce6    program     static /Users/mreiter/Desktop/AER201/botL.X/i2c_common.asm
                  WR_ERR2   0x000cf0    program     static /Users/mreiter/Desktop/AER201/botL.X/i2c_common.asm
                  WR_ERR3   0x000cfc    program     static /Users/mreiter/Desktop/AER201/botL.X/i2c_common.asm
                   WR_INS   0x000bb6    program     extern /Users/mreiter/Desktop/AER201/botL.X/lcd.asm
                  Welcome   0x000a8a    program     static /Users/mreiter/Desktop/AER201/botL.X/main.asm
              WriteEE_RTC   0x000866    program     static /Users/mreiter/Desktop/AER201/botL.X/main.asm
                   WrtLCD   0x000bf4    program     extern /Users/mreiter/Desktop/AER201/botL.X/lcd.asm
              _.code_0018   0x000c94    program     static /Users/mreiter/Desktop/AER201/botL.X/i2c_common.asm
              _.code_0026   0x000ca2    program     static /Users/mreiter/Desktop/AER201/botL.X/i2c_common.asm
              _.code_002E   0x000caa    program     static /Users/mreiter/Desktop/AER201/botL.X/i2c_common.asm
              _.code_0034   0x000cb0    program     static /Users/mreiter/Desktop/AER201/botL.X/i2c_common.asm
              _.code_0042   0x000cbe    program     static /Users/mreiter/Desktop/AER201/botL.X/i2c_common.asm
              _.code_0048   0x000cc4    program     static /Users/mreiter/Desktop/AER201/botL.X/i2c_common.asm
              _.code_0056   0x000cd2    program     static /Users/mreiter/Desktop/AER201/botL.X/i2c_common.asm
              _.code_005C   0x000cd8    program     static /Users/mreiter/Desktop/AER201/botL.X/i2c_common.asm
              _.code_008E   0x000d0a    program     static /Users/mreiter/Desktop/AER201/botL.X/i2c_common.asm
              _.code_009C   0x000d18    program     static /Users/mreiter/Desktop/AER201/botL.X/i2c_common.asm
              _.code_00A4   0x000d20    program     static /Users/mreiter/Desktop/AER201/botL.X/i2c_common.asm
              _.code_00AA   0x000d26    program     static /Users/mreiter/Desktop/AER201/botL.X/i2c_common.asm
              _.code_00B8   0x000d34    program     static /Users/mreiter/Desktop/AER201/botL.X/i2c_common.asm
              _.code_00BE   0x000d3a    program     static /Users/mreiter/Desktop/AER201/botL.X/i2c_common.asm
              _.code_00C6   0x000c24    program     static /Users/mreiter/Desktop/AER201/botL.X/lcd.asm
              _.code_00CC   0x000d48    program     static /Users/mreiter/Desktop/AER201/botL.X/i2c_common.asm
              _.code_00D4   0x000d50    program     static /Users/mreiter/Desktop/AER201/botL.X/i2c_common.asm
              _.code_00DA   0x000d56    program     static /Users/mreiter/Desktop/AER201/botL.X/i2c_common.asm
              _.code_00E8   0x000d64    program     static /Users/mreiter/Desktop/AER201/botL.X/i2c_common.asm
              _.code_00F0   0x000c4e    program     static /Users/mreiter/Desktop/AER201/botL.X/lcd.asm
              _.code_0120   0x000d9c    program     static /Users/mreiter/Desktop/AER201/botL.X/i2c_common.asm
             _.org_2_0276   0x000276    program     static /Users/mreiter/Desktop/AER201/botL.X/main.asm
             _.org_2_028E   0x00028e    program     static /Users/mreiter/Desktop/AER201/botL.X/main.asm
             _.org_2_02A4   0x0002a4    program     static /Users/mreiter/Desktop/AER201/botL.X/main.asm
             _.org_2_02BC   0x0002bc    program     static /Users/mreiter/Desktop/AER201/botL.X/main.asm
             _.org_2_0322   0x000322    program     static /Users/mreiter/Desktop/AER201/botL.X/main.asm
             _.org_2_033A   0x00033a    program     static /Users/mreiter/Desktop/AER201/botL.X/main.asm
             _.org_2_0374   0x000374    program     static /Users/mreiter/Desktop/AER201/botL.X/main.asm
             _.org_2_038C   0x00038c    program     static /Users/mreiter/Desktop/AER201/botL.X/main.asm
             _.org_2_03A2   0x0003a2    program     static /Users/mreiter/Desktop/AER201/botL.X/main.asm
             _.org_2_03BA   0x0003ba    program     static /Users/mreiter/Desktop/AER201/botL.X/main.asm
             _.org_2_0874   0x000874    program     static /Users/mreiter/Desktop/AER201/botL.X/main.asm
             _.org_2_088C   0x00088c    program     static /Users/mreiter/Desktop/AER201/botL.X/main.asm
             _.org_2_08A2   0x0008a2    program     static /Users/mreiter/Desktop/AER201/botL.X/main.asm
             _.org_2_08BA   0x0008ba    program     static /Users/mreiter/Desktop/AER201/botL.X/main.asm
             _.org_2_08DA   0x0008da    program     static /Users/mreiter/Desktop/AER201/botL.X/main.asm
             _.org_2_08F2   0x0008f2    program     static /Users/mreiter/Desktop/AER201/botL.X/main.asm
             _.org_2_0918   0x000918    program     static /Users/mreiter/Desktop/AER201/botL.X/main.asm
             _.org_2_0934   0x000934    program     static /Users/mreiter/Desktop/AER201/botL.X/main.asm
                  _10loop   0x000176    program     static /Users/mreiter/Desktop/AER201/botL.X/main.asm
                  _11loop   0x000194    program     static /Users/mreiter/Desktop/AER201/botL.X/main.asm
                  _12Exit   0x0001b6    program     static /Users/mreiter/Desktop/AER201/botL.X/main.asm
                  _12Next   0x0001aa    program     static /Users/mreiter/Desktop/AER201/botL.X/main.asm
                  _13Exit   0x0001cc    program     static /Users/mreiter/Desktop/AER201/botL.X/main.asm
                  _13Next   0x0001c0    program     static /Users/mreiter/Desktop/AER201/botL.X/main.asm
                  _14Exit   0x0001e2    program     static /Users/mreiter/Desktop/AER201/botL.X/main.asm
                  _14Next   0x0001d6    program     static /Users/mreiter/Desktop/AER201/botL.X/main.asm
                  _15Exit   0x0001f8    program     static /Users/mreiter/Desktop/AER201/botL.X/main.asm
                  _15Next   0x0001ec    program     static /Users/mreiter/Desktop/AER201/botL.X/main.asm
                  _16loop   0x000212    program     static /Users/mreiter/Desktop/AER201/botL.X/main.asm
                  _17loop   0x000230    program     static /Users/mreiter/Desktop/AER201/botL.X/main.asm
                  _18Exit   0x000264    program     static /Users/mreiter/Desktop/AER201/botL.X/main.asm
                  _18Next   0x000258    program     static /Users/mreiter/Desktop/AER201/botL.X/main.asm
                  _21loop   0x0002de    program     static /Users/mreiter/Desktop/AER201/botL.X/main.asm
                  _26loop   0x0003da    program     static /Users/mreiter/Desktop/AER201/botL.X/main.asm
                  _29Exit   0x000436    program     static /Users/mreiter/Desktop/AER201/botL.X/main.asm
                  _29Next   0x00042a    program     static /Users/mreiter/Desktop/AER201/botL.X/main.asm
                 _2endBCD   0x000058    program     static /Users/mreiter/Desktop/AER201/botL.X/main.asm
                   _2ones   0x000052    program     static /Users/mreiter/Desktop/AER201/botL.X/main.asm
                  _30Exit   0x00044c    program     static /Users/mreiter/Desktop/AER201/botL.X/main.asm
                  _30Next   0x000440    program     static /Users/mreiter/Desktop/AER201/botL.X/main.asm
                  _31loop   0x000464    program     static /Users/mreiter/Desktop/AER201/botL.X/main.asm
                  _32loop   0x000482    program     static /Users/mreiter/Desktop/AER201/botL.X/main.asm
                  _33Exit   0x0004a4    program     static /Users/mreiter/Desktop/AER201/botL.X/main.asm
                  _33Next   0x000498    program     static /Users/mreiter/Desktop/AER201/botL.X/main.asm
                  _34loop   0x0004bc    program     static /Users/mreiter/Desktop/AER201/botL.X/main.asm
                  _35loop   0x0004da    program     static /Users/mreiter/Desktop/AER201/botL.X/main.asm
                  _36Exit   0x0004fc    program     static /Users/mreiter/Desktop/AER201/botL.X/main.asm
                  _36Next   0x0004f0    program     static /Users/mreiter/Desktop/AER201/botL.X/main.asm
                  _37Exit   0x000512    program     static /Users/mreiter/Desktop/AER201/botL.X/main.asm
                  _37Next   0x000506    program     static /Users/mreiter/Desktop/AER201/botL.X/main.asm
                  _38Exit   0x000528    program     static /Users/mreiter/Desktop/AER201/botL.X/main.asm
                  _38Next   0x00051c    program     static /Users/mreiter/Desktop/AER201/botL.X/main.asm
                  _39Exit   0x00053e    program     static /Users/mreiter/Desktop/AER201/botL.X/main.asm
                  _39Next   0x000532    program     static /Users/mreiter/Desktop/AER201/botL.X/main.asm
                 _3endBCD   0x00008a    program     static /Users/mreiter/Desktop/AER201/botL.X/main.asm
                   _3ones   0x000084    program     static /Users/mreiter/Desktop/AER201/botL.X/main.asm
                  _40Exit   0x000554    program     static /Users/mreiter/Desktop/AER201/botL.X/main.asm
                  _40Next   0x000548    program     static /Users/mreiter/Desktop/AER201/botL.X/main.asm
                  _41Exit   0x00056a    program     static /Users/mreiter/Desktop/AER201/botL.X/main.asm
                  _41Next   0x00055e    program     static /Users/mreiter/Desktop/AER201/botL.X/main.asm
                  _42Exit   0x000580    program     static /Users/mreiter/Desktop/AER201/botL.X/main.asm
                  _42Next   0x000574    program     static /Users/mreiter/Desktop/AER201/botL.X/main.asm
                  _43Exit   0x000596    program     static /Users/mreiter/Desktop/AER201/botL.X/main.asm
                  _43Next   0x00058a    program     static /Users/mreiter/Desktop/AER201/botL.X/main.asm
                  _44Exit   0x0005ac    program     static /Users/mreiter/Desktop/AER201/botL.X/main.asm
                  _44Next   0x0005a0    program     static /Users/mreiter/Desktop/AER201/botL.X/main.asm
                  _45Exit   0x0005c2    program     static /Users/mreiter/Desktop/AER201/botL.X/main.asm
                  _45Next   0x0005b6    program     static /Users/mreiter/Desktop/AER201/botL.X/main.asm
                  _46loop   0x0005da    program     static /Users/mreiter/Desktop/AER201/botL.X/main.asm
                  _49Exit   0x000672    program     static /Users/mreiter/Desktop/AER201/botL.X/main.asm
                  _49Next   0x000666    program     static /Users/mreiter/Desktop/AER201/botL.X/main.asm
                  _50loop   0x00068a    program     static /Users/mreiter/Desktop/AER201/botL.X/main.asm
                  _51loop   0x0006a8    program     static /Users/mreiter/Desktop/AER201/botL.X/main.asm
                  _52Exit   0x0006d6    program     static /Users/mreiter/Desktop/AER201/botL.X/main.asm
                  _52Next   0x0006ca    program     static /Users/mreiter/Desktop/AER201/botL.X/main.asm
                  _53Exit   0x0006ec    program     static /Users/mreiter/Desktop/AER201/botL.X/main.asm
                  _53Next   0x0006e0    program     static /Users/mreiter/Desktop/AER201/botL.X/main.asm
                  _54loop   0x000706    program     static /Users/mreiter/Desktop/AER201/botL.X/main.asm
                  _72loop   0x000964    program     static /Users/mreiter/Desktop/AER201/botL.X/main.asm
                  _74loop   0x0009da    program     static /Users/mreiter/Desktop/AER201/botL.X/main.asm
                   _8loop   0x00014a    program     static /Users/mreiter/Desktop/AER201/botL.X/main.asm
                   _9loop   0x000168    program     static /Users/mreiter/Desktop/AER201/botL.X/main.asm
                  _waitl0   0x000d70    program     static /Users/mreiter/Desktop/AER201/botL.X/i2c_common.asm
                       d2   0x000c76    program     static /Users/mreiter/Desktop/AER201/botL.X/lcd.asm
                del_loop0   0x0007c4    program     static /Users/mreiter/Desktop/AER201/botL.X/main.asm
                delay44us   0x000c5a    program     static /Users/mreiter/Desktop/AER201/botL.X/lcd.asm
                 delay5ms   0x000c66    program     static /Users/mreiter/Desktop/AER201/botL.X/lcd.asm
               displayNum   0x000600    program     static /Users/mreiter/Desktop/AER201/botL.X/main.asm
         i2c_common_setup   0x000c7c    program     extern /Users/mreiter/Desktop/AER201/botL.X/i2c_common.asm
             lcdLongDelay   0x000c44    program     static /Users/mreiter/Desktop/AER201/botL.X/lcd.asm
                loop200us   0x000848    program     static /Users/mreiter/Desktop/AER201/botL.X/main.asm
                 loop50ms   0x000856    program     static /Users/mreiter/Desktop/AER201/botL.X/main.asm
                  loop5us   0x00083a    program     static /Users/mreiter/Desktop/AER201/botL.X/main.asm
                 read_rtc   0x000d10    program     extern /Users/mreiter/Desktop/AER201/botL.X/i2c_common.asm
              rtc_convert   0x000da2    program     extern /Users/mreiter/Desktop/AER201/botL.X/i2c_common.asm
                write_rtc   0x000c9a    program     extern /Users/mreiter/Desktop/AER201/botL.X/i2c_common.asm
           convert_buffer   0x000085       data     extern /Users/mreiter/Desktop/AER201/botL.X/i2c_common.asm
                 databyte   0x000081       data     extern /Users/mreiter/Desktop/AER201/botL.X/i2c_common.asm
                 datachar   0x000082       data     extern /Users/mreiter/Desktop/AER201/botL.X/i2c_common.asm
               ones_digit   0x000084       data     extern /Users/mreiter/Desktop/AER201/botL.X/i2c_common.asm
               regaddress   0x000080       data     extern /Users/mreiter/Desktop/AER201/botL.X/i2c_common.asm
               tens_digit   0x000083       data     extern /Users/mreiter/Desktop/AER201/botL.X/i2c_common.asm



                              Symbols - Sorted by Address
                     Name    Address   Location    Storage File                     
                ---------  ---------  ---------  --------- ---------                
                 ISR_HIGH   0x00001c    program     static /Users/mreiter/Desktop/AER201/botL.X/main.asm
                   _2ones   0x000052    program     static /Users/mreiter/Desktop/AER201/botL.X/main.asm
                 _2endBCD   0x000058    program     static /Users/mreiter/Desktop/AER201/botL.X/main.asm
                   _3ones   0x000084    program     static /Users/mreiter/Desktop/AER201/botL.X/main.asm
                 _3endBCD   0x00008a    program     static /Users/mreiter/Desktop/AER201/botL.X/main.asm
             END_ISR_HIGH   0x00008c    program     static /Users/mreiter/Desktop/AER201/botL.X/main.asm
                  ISR_LOW   0x000096    program     static /Users/mreiter/Desktop/AER201/botL.X/main.asm
              END_ISR_LOW   0x0000b2    program     static /Users/mreiter/Desktop/AER201/botL.X/main.asm
                     INIT   0x0000ca    program     static /Users/mreiter/Desktop/AER201/botL.X/main.asm
                   _8loop   0x00014a    program     static /Users/mreiter/Desktop/AER201/botL.X/main.asm
                   _9loop   0x000168    program     static /Users/mreiter/Desktop/AER201/botL.X/main.asm
                  _10loop   0x000176    program     static /Users/mreiter/Desktop/AER201/botL.X/main.asm
                  STANDBY   0x000180    program     static /Users/mreiter/Desktop/AER201/botL.X/main.asm
                  _11loop   0x000194    program     static /Users/mreiter/Desktop/AER201/botL.X/main.asm
             HOLD_STANDBY   0x00019e    program     static /Users/mreiter/Desktop/AER201/botL.X/main.asm
                  _12Next   0x0001aa    program     static /Users/mreiter/Desktop/AER201/botL.X/main.asm
                  _12Exit   0x0001b6    program     static /Users/mreiter/Desktop/AER201/botL.X/main.asm
                  _13Next   0x0001c0    program     static /Users/mreiter/Desktop/AER201/botL.X/main.asm
                  _13Exit   0x0001cc    program     static /Users/mreiter/Desktop/AER201/botL.X/main.asm
                  _14Next   0x0001d6    program     static /Users/mreiter/Desktop/AER201/botL.X/main.asm
                  _14Exit   0x0001e2    program     static /Users/mreiter/Desktop/AER201/botL.X/main.asm
                  _15Next   0x0001ec    program     static /Users/mreiter/Desktop/AER201/botL.X/main.asm
                  _15Exit   0x0001f8    program     static /Users/mreiter/Desktop/AER201/botL.X/main.asm
                EXECUTION   0x0001fc    program     static /Users/mreiter/Desktop/AER201/botL.X/main.asm
                  _16loop   0x000212    program     static /Users/mreiter/Desktop/AER201/botL.X/main.asm
                  _17loop   0x000230    program     static /Users/mreiter/Desktop/AER201/botL.X/main.asm
                 HOLD_EXE   0x00024c    program     static /Users/mreiter/Desktop/AER201/botL.X/main.asm
                  _18Next   0x000258    program     static /Users/mreiter/Desktop/AER201/botL.X/main.asm
                  _18Exit   0x000264    program     static /Users/mreiter/Desktop/AER201/botL.X/main.asm
                 EXIT_EXE   0x000268    program     static /Users/mreiter/Desktop/AER201/botL.X/main.asm
             _.org_2_0276   0x000276    program     static /Users/mreiter/Desktop/AER201/botL.X/main.asm
             _.org_2_028E   0x00028e    program     static /Users/mreiter/Desktop/AER201/botL.X/main.asm
             _.org_2_02A4   0x0002a4    program     static /Users/mreiter/Desktop/AER201/botL.X/main.asm
             _.org_2_02BC   0x0002bc    program     static /Users/mreiter/Desktop/AER201/botL.X/main.asm
                 SaveData   0x0002ca    program     static /Users/mreiter/Desktop/AER201/botL.X/main.asm
                  _21loop   0x0002de    program     static /Users/mreiter/Desktop/AER201/botL.X/main.asm
                ShiftLoop   0x0002fc    program     static /Users/mreiter/Desktop/AER201/botL.X/main.asm
             _.org_2_0322   0x000322    program     static /Users/mreiter/Desktop/AER201/botL.X/main.asm
             _.org_2_033A   0x00033a    program     static /Users/mreiter/Desktop/AER201/botL.X/main.asm
             _.org_2_0374   0x000374    program     static /Users/mreiter/Desktop/AER201/botL.X/main.asm
             _.org_2_038C   0x00038c    program     static /Users/mreiter/Desktop/AER201/botL.X/main.asm
             _.org_2_03A2   0x0003a2    program     static /Users/mreiter/Desktop/AER201/botL.X/main.asm
             _.org_2_03BA   0x0003ba    program     static /Users/mreiter/Desktop/AER201/botL.X/main.asm
                      LOG   0x0003c6    program     static /Users/mreiter/Desktop/AER201/botL.X/main.asm
                  _26loop   0x0003da    program     static /Users/mreiter/Desktop/AER201/botL.X/main.asm
                 HOLD_LOG   0x00041e    program     static /Users/mreiter/Desktop/AER201/botL.X/main.asm
                  _29Next   0x00042a    program     static /Users/mreiter/Desktop/AER201/botL.X/main.asm
                  _29Exit   0x000436    program     static /Users/mreiter/Desktop/AER201/botL.X/main.asm
                  _30Next   0x000440    program     static /Users/mreiter/Desktop/AER201/botL.X/main.asm
                  _30Exit   0x00044c    program     static /Users/mreiter/Desktop/AER201/botL.X/main.asm
                 LOG_INFO   0x000450    program     static /Users/mreiter/Desktop/AER201/botL.X/main.asm
                  _31loop   0x000464    program     static /Users/mreiter/Desktop/AER201/botL.X/main.asm
                  _32loop   0x000482    program     static /Users/mreiter/Desktop/AER201/botL.X/main.asm
            HOLD_LOG_INFO   0x00048c    program     static /Users/mreiter/Desktop/AER201/botL.X/main.asm
                  _33Next   0x000498    program     static /Users/mreiter/Desktop/AER201/botL.X/main.asm
                  _33Exit   0x0004a4    program     static /Users/mreiter/Desktop/AER201/botL.X/main.asm
                 PERM_LOG   0x0004a8    program     static /Users/mreiter/Desktop/AER201/botL.X/main.asm
                  _34loop   0x0004bc    program     static /Users/mreiter/Desktop/AER201/botL.X/main.asm
                  _35loop   0x0004da    program     static /Users/mreiter/Desktop/AER201/botL.X/main.asm
            HOLD_PERM_LOG   0x0004e4    program     static /Users/mreiter/Desktop/AER201/botL.X/main.asm
                  _36Next   0x0004f0    program     static /Users/mreiter/Desktop/AER201/botL.X/main.asm
                  _36Exit   0x0004fc    program     static /Users/mreiter/Desktop/AER201/botL.X/main.asm
                  _37Next   0x000506    program     static /Users/mreiter/Desktop/AER201/botL.X/main.asm
                  _37Exit   0x000512    program     static /Users/mreiter/Desktop/AER201/botL.X/main.asm
                  _38Next   0x00051c    program     static /Users/mreiter/Desktop/AER201/botL.X/main.asm
                  _38Exit   0x000528    program     static /Users/mreiter/Desktop/AER201/botL.X/main.asm
                  _39Next   0x000532    program     static /Users/mreiter/Desktop/AER201/botL.X/main.asm
                  _39Exit   0x00053e    program     static /Users/mreiter/Desktop/AER201/botL.X/main.asm
                  _40Next   0x000548    program     static /Users/mreiter/Desktop/AER201/botL.X/main.asm
                  _40Exit   0x000554    program     static /Users/mreiter/Desktop/AER201/botL.X/main.asm
                  _41Next   0x00055e    program     static /Users/mreiter/Desktop/AER201/botL.X/main.asm
                  _41Exit   0x00056a    program     static /Users/mreiter/Desktop/AER201/botL.X/main.asm
                  _42Next   0x000574    program     static /Users/mreiter/Desktop/AER201/botL.X/main.asm
                  _42Exit   0x000580    program     static /Users/mreiter/Desktop/AER201/botL.X/main.asm
                  _43Next   0x00058a    program     static /Users/mreiter/Desktop/AER201/botL.X/main.asm
                  _43Exit   0x000596    program     static /Users/mreiter/Desktop/AER201/botL.X/main.asm
                  _44Next   0x0005a0    program     static /Users/mreiter/Desktop/AER201/botL.X/main.asm
                  _44Exit   0x0005ac    program     static /Users/mreiter/Desktop/AER201/botL.X/main.asm
                  _45Next   0x0005b6    program     static /Users/mreiter/Desktop/AER201/botL.X/main.asm
                  _45Exit   0x0005c2    program     static /Users/mreiter/Desktop/AER201/botL.X/main.asm
                     PLOG   0x0005c6    program     static /Users/mreiter/Desktop/AER201/botL.X/main.asm
                  _46loop   0x0005da    program     static /Users/mreiter/Desktop/AER201/botL.X/main.asm
               displayNum   0x000600    program     static /Users/mreiter/Desktop/AER201/botL.X/main.asm
                HOLD_PLOG   0x00065a    program     static /Users/mreiter/Desktop/AER201/botL.X/main.asm
                  _49Next   0x000666    program     static /Users/mreiter/Desktop/AER201/botL.X/main.asm
                  _49Exit   0x000672    program     static /Users/mreiter/Desktop/AER201/botL.X/main.asm
                  PC_MODE   0x000676    program     static /Users/mreiter/Desktop/AER201/botL.X/main.asm
                  _50loop   0x00068a    program     static /Users/mreiter/Desktop/AER201/botL.X/main.asm
                  _51loop   0x0006a8    program     static /Users/mreiter/Desktop/AER201/botL.X/main.asm
                  HOLD_PC   0x0006be    program     static /Users/mreiter/Desktop/AER201/botL.X/main.asm
                  _52Next   0x0006ca    program     static /Users/mreiter/Desktop/AER201/botL.X/main.asm
                  _52Exit   0x0006d6    program     static /Users/mreiter/Desktop/AER201/botL.X/main.asm
                  _53Next   0x0006e0    program     static /Users/mreiter/Desktop/AER201/botL.X/main.asm
                  _53Exit   0x0006ec    program     static /Users/mreiter/Desktop/AER201/botL.X/main.asm
              PC_TRANSFER   0x0006f0    program     static /Users/mreiter/Desktop/AER201/botL.X/main.asm
                  _54loop   0x000706    program     static /Users/mreiter/Desktop/AER201/botL.X/main.asm
                 RTC_INIT   0x000714    program     static /Users/mreiter/Desktop/AER201/botL.X/main.asm
              DISPLAY_RTC   0x000722    program     static /Users/mreiter/Desktop/AER201/botL.X/main.asm
                 SET_TIME   0x0007be    program     static /Users/mreiter/Desktop/AER201/botL.X/main.asm
                del_loop0   0x0007c4    program     static /Users/mreiter/Desktop/AER201/botL.X/main.asm
               INIT_USART   0x000826    program     static /Users/mreiter/Desktop/AER201/botL.X/main.asm
                 Delay5us   0x000836    program     static /Users/mreiter/Desktop/AER201/botL.X/main.asm
                  loop5us   0x00083a    program     static /Users/mreiter/Desktop/AER201/botL.X/main.asm
               Delay200us   0x000844    program     static /Users/mreiter/Desktop/AER201/botL.X/main.asm
                loop200us   0x000848    program     static /Users/mreiter/Desktop/AER201/botL.X/main.asm
                Delay50ms   0x000852    program     static /Users/mreiter/Desktop/AER201/botL.X/main.asm
                 loop50ms   0x000856    program     static /Users/mreiter/Desktop/AER201/botL.X/main.asm
                   Cycles   0x00085c    program     static /Users/mreiter/Desktop/AER201/botL.X/main.asm
              WriteEE_RTC   0x000866    program     static /Users/mreiter/Desktop/AER201/botL.X/main.asm
             _.org_2_0874   0x000874    program     static /Users/mreiter/Desktop/AER201/botL.X/main.asm
             _.org_2_088C   0x00088c    program     static /Users/mreiter/Desktop/AER201/botL.X/main.asm
             _.org_2_08A2   0x0008a2    program     static /Users/mreiter/Desktop/AER201/botL.X/main.asm
             _.org_2_08BA   0x0008ba    program     static /Users/mreiter/Desktop/AER201/botL.X/main.asm
           ClearEEPROM_21   0x0008c4    program     static /Users/mreiter/Desktop/AER201/botL.X/main.asm
                ClearNext   0x0008cc    program     static /Users/mreiter/Desktop/AER201/botL.X/main.asm
             _.org_2_08DA   0x0008da    program     static /Users/mreiter/Desktop/AER201/botL.X/main.asm
             _.org_2_08F2   0x0008f2    program     static /Users/mreiter/Desktop/AER201/botL.X/main.asm
                 READ_KEY   0x00090a    program     static /Users/mreiter/Desktop/AER201/botL.X/main.asm
             _.org_2_0918   0x000918    program     static /Users/mreiter/Desktop/AER201/botL.X/main.asm
            READ_KEY_TIME   0x00091e    program     static /Users/mreiter/Desktop/AER201/botL.X/main.asm
             _.org_2_0934   0x000934    program     static /Users/mreiter/Desktop/AER201/botL.X/main.asm
              DisplayTime   0x00093a    program     static /Users/mreiter/Desktop/AER201/botL.X/main.asm
                  _72loop   0x000964    program     static /Users/mreiter/Desktop/AER201/botL.X/main.asm
         NoSkipDispOpTime   0x000976    program     static /Users/mreiter/Desktop/AER201/botL.X/main.asm
           SkipDispOpTime   0x0009aa    program     static /Users/mreiter/Desktop/AER201/botL.X/main.asm
                DispOpRTC   0x0009ac    program     static /Users/mreiter/Desktop/AER201/botL.X/main.asm
                  _74loop   0x0009da    program     static /Users/mreiter/Desktop/AER201/botL.X/main.asm
          NoSkipDispOpRTC   0x0009ec    program     static /Users/mreiter/Desktop/AER201/botL.X/main.asm
            SkipDispOpRTC   0x000a4e    program     static /Users/mreiter/Desktop/AER201/botL.X/main.asm
         DispOpRTC_Helper   0x000a50    program     static /Users/mreiter/Desktop/AER201/botL.X/main.asm
                  Welcome   0x000a8a    program     static /Users/mreiter/Desktop/AER201/botL.X/main.asm
                     Team   0x000a90    program     static /Users/mreiter/Desktop/AER201/botL.X/main.asm
                  StandBy   0x000a9a    program     static /Users/mreiter/Desktop/AER201/botL.X/main.asm
                     Log1   0x000aa2    program     static /Users/mreiter/Desktop/AER201/botL.X/main.asm
                     Log2   0x000aa8    program     static /Users/mreiter/Desktop/AER201/botL.X/main.asm
                 LogInfo1   0x000ab6    program     static /Users/mreiter/Desktop/AER201/botL.X/main.asm
                 LogInfo2   0x000abe    program     static /Users/mreiter/Desktop/AER201/botL.X/main.asm
                 PermLog1   0x000ac8    program     static /Users/mreiter/Desktop/AER201/botL.X/main.asm
                 PermLog2   0x000ad8    program     static /Users/mreiter/Desktop/AER201/botL.X/main.asm
                     Exe1   0x000ae4    program     static /Users/mreiter/Desktop/AER201/botL.X/main.asm
                     Exe2   0x000af0    program     static /Users/mreiter/Desktop/AER201/botL.X/main.asm
                      PC1   0x000af8    program     static /Users/mreiter/Desktop/AER201/botL.X/main.asm
                      PC2   0x000b06    program     static /Users/mreiter/Desktop/AER201/botL.X/main.asm
               PCTransfer   0x000b10    program     static /Users/mreiter/Desktop/AER201/botL.X/main.asm
                  Stopped   0x000b20    program     static /Users/mreiter/Desktop/AER201/botL.X/main.asm
                  Op_Time   0x000b28    program     static /Users/mreiter/Desktop/AER201/botL.X/main.asm
                     SAVE   0x000b30    program     static /Users/mreiter/Desktop/AER201/botL.X/main.asm
                   Safety   0x000b3a    program     static /Users/mreiter/Desktop/AER201/botL.X/main.asm
                   NoData   0x000b4a    program     static /Users/mreiter/Desktop/AER201/botL.X/main.asm
                   PCLog1   0x000b4e    program     static /Users/mreiter/Desktop/AER201/botL.X/main.asm
                  InitLCD   0x000b5e    program     extern /Users/mreiter/Desktop/AER201/botL.X/lcd.asm
                   WR_INS   0x000bb6    program     extern /Users/mreiter/Desktop/AER201/botL.X/lcd.asm
                  WR_DATA   0x000bd2    program     extern /Users/mreiter/Desktop/AER201/botL.X/lcd.asm
                   WrtLCD   0x000bf4    program     extern /Users/mreiter/Desktop/AER201/botL.X/lcd.asm
                   ClrLCD   0x000c0a    program     extern /Users/mreiter/Desktop/AER201/botL.X/lcd.asm
                   ClkLCD   0x000c18    program     extern /Users/mreiter/Desktop/AER201/botL.X/lcd.asm
              _.code_00C6   0x000c24    program     static /Users/mreiter/Desktop/AER201/botL.X/lcd.asm
                   LCD_L1   0x000c2a    program     extern /Users/mreiter/Desktop/AER201/botL.X/lcd.asm
                   LCD_L2   0x000c32    program     extern /Users/mreiter/Desktop/AER201/botL.X/lcd.asm
                   MovMSB   0x000c3a    program     static /Users/mreiter/Desktop/AER201/botL.X/lcd.asm
             lcdLongDelay   0x000c44    program     static /Users/mreiter/Desktop/AER201/botL.X/lcd.asm
                 LLD_LOOP   0x000c48    program     static /Users/mreiter/Desktop/AER201/botL.X/lcd.asm
              _.code_00F0   0x000c4e    program     static /Users/mreiter/Desktop/AER201/botL.X/lcd.asm
                delay44us   0x000c5a    program     static /Users/mreiter/Desktop/AER201/botL.X/lcd.asm
            Delay44usLoop   0x000c5e    program     static /Users/mreiter/Desktop/AER201/botL.X/lcd.asm
                 delay5ms   0x000c66    program     static /Users/mreiter/Desktop/AER201/botL.X/lcd.asm
             Delay5msLoop   0x000c6e    program     static /Users/mreiter/Desktop/AER201/botL.X/lcd.asm
                       d2   0x000c76    program     static /Users/mreiter/Desktop/AER201/botL.X/lcd.asm
         i2c_common_setup   0x000c7c    program     extern /Users/mreiter/Desktop/AER201/botL.X/i2c_common.asm
              _.code_0018   0x000c94    program     static /Users/mreiter/Desktop/AER201/botL.X/i2c_common.asm
                write_rtc   0x000c9a    program     extern /Users/mreiter/Desktop/AER201/botL.X/i2c_common.asm
              _.code_0026   0x000ca2    program     static /Users/mreiter/Desktop/AER201/botL.X/i2c_common.asm
              _.code_002E   0x000caa    program     static /Users/mreiter/Desktop/AER201/botL.X/i2c_common.asm
              _.code_0034   0x000cb0    program     static /Users/mreiter/Desktop/AER201/botL.X/i2c_common.asm
              _.code_0042   0x000cbe    program     static /Users/mreiter/Desktop/AER201/botL.X/i2c_common.asm
              _.code_0048   0x000cc4    program     static /Users/mreiter/Desktop/AER201/botL.X/i2c_common.asm
              _.code_0056   0x000cd2    program     static /Users/mreiter/Desktop/AER201/botL.X/i2c_common.asm
              _.code_005C   0x000cd8    program     static /Users/mreiter/Desktop/AER201/botL.X/i2c_common.asm
                  WR_ERR1   0x000ce6    program     static /Users/mreiter/Desktop/AER201/botL.X/i2c_common.asm
                  WR_ERR2   0x000cf0    program     static /Users/mreiter/Desktop/AER201/botL.X/i2c_common.asm
                  WR_ERR3   0x000cfc    program     static /Users/mreiter/Desktop/AER201/botL.X/i2c_common.asm
                   WR_END   0x000d06    program     static /Users/mreiter/Desktop/AER201/botL.X/i2c_common.asm
              _.code_008E   0x000d0a    program     static /Users/mreiter/Desktop/AER201/botL.X/i2c_common.asm
                 read_rtc   0x000d10    program     extern /Users/mreiter/Desktop/AER201/botL.X/i2c_common.asm
              _.code_009C   0x000d18    program     static /Users/mreiter/Desktop/AER201/botL.X/i2c_common.asm
              _.code_00A4   0x000d20    program     static /Users/mreiter/Desktop/AER201/botL.X/i2c_common.asm
              _.code_00AA   0x000d26    program     static /Users/mreiter/Desktop/AER201/botL.X/i2c_common.asm
              _.code_00B8   0x000d34    program     static /Users/mreiter/Desktop/AER201/botL.X/i2c_common.asm
              _.code_00BE   0x000d3a    program     static /Users/mreiter/Desktop/AER201/botL.X/i2c_common.asm
              _.code_00CC   0x000d48    program     static /Users/mreiter/Desktop/AER201/botL.X/i2c_common.asm
              _.code_00D4   0x000d50    program     static /Users/mreiter/Desktop/AER201/botL.X/i2c_common.asm
              _.code_00DA   0x000d56    program     static /Users/mreiter/Desktop/AER201/botL.X/i2c_common.asm
              _.code_00E8   0x000d64    program     static /Users/mreiter/Desktop/AER201/botL.X/i2c_common.asm
                  _waitl0   0x000d70    program     static /Users/mreiter/Desktop/AER201/botL.X/i2c_common.asm
                  RD_ERR1   0x000d7a    program     static /Users/mreiter/Desktop/AER201/botL.X/i2c_common.asm
                  RD_ERR2   0x000d84    program     static /Users/mreiter/Desktop/AER201/botL.X/i2c_common.asm
                  RD_ERR3   0x000d8e    program     static /Users/mreiter/Desktop/AER201/botL.X/i2c_common.asm
                   RD_END   0x000d98    program     static /Users/mreiter/Desktop/AER201/botL.X/i2c_common.asm
              _.code_0120   0x000d9c    program     static /Users/mreiter/Desktop/AER201/botL.X/i2c_common.asm
              rtc_convert   0x000da2    program     extern /Users/mreiter/Desktop/AER201/botL.X/i2c_common.asm
                CHECK_ACK   0x000db6    program     extern /Users/mreiter/Desktop/AER201/botL.X/i2c.asm
                 I2C_temp   0x000db6    program     static /Users/mreiter/Desktop/AER201/botL.X/i2c.asm
                I2C_ACKDT   0x000db6    program     extern /Users/mreiter/Desktop/AER201/botL.X/i2c.asm
               CHECK_NACK   0x000dba    program     extern /Users/mreiter/Desktop/AER201/botL.X/i2c.asm
                TEST_NACK   0x000dbe    program     static /Users/mreiter/Desktop/AER201/botL.X/i2c.asm
          I2C_Master_INIT   0x000dc6    program     extern /Users/mreiter/Desktop/AER201/botL.X/i2c.asm
                     WAIT   0x000dd8    program     static /Users/mreiter/Desktop/AER201/botL.X/i2c.asm
          I2C_Master_WAIT   0x000dd8    program     extern /Users/mreiter/Desktop/AER201/botL.X/i2c.asm
         I2C_Master_START   0x000de8    program     extern /Users/mreiter/Desktop/AER201/botL.X/i2c.asm
        I2C_Master_RSTART   0x000df0    program     extern /Users/mreiter/Desktop/AER201/botL.X/i2c.asm
          I2C_Master_STOP   0x000df8    program     extern /Users/mreiter/Desktop/AER201/botL.X/i2c.asm
         I2C_Master_WRITE   0x000e00    program     extern /Users/mreiter/Desktop/AER201/botL.X/i2c.asm
                  HOLD_UP   0x000e06    program     static /Users/mreiter/Desktop/AER201/botL.X/i2c.asm
          I2C_Master_READ   0x000e0e    program     extern /Users/mreiter/Desktop/AER201/botL.X/i2c.asm
                     LOOP   0x000e14    program     static /Users/mreiter/Desktop/AER201/botL.X/i2c.asm
           I2C_Master_ACK   0x000e1c    program     extern /Users/mreiter/Desktop/AER201/botL.X/i2c.asm
                 TEST_ACK   0x000e20    program     static /Users/mreiter/Desktop/AER201/botL.X/i2c.asm
               regaddress   0x000080       data     extern /Users/mreiter/Desktop/AER201/botL.X/i2c_common.asm
                 databyte   0x000081       data     extern /Users/mreiter/Desktop/AER201/botL.X/i2c_common.asm
                 datachar   0x000082       data     extern /Users/mreiter/Desktop/AER201/botL.X/i2c_common.asm
               tens_digit   0x000083       data     extern /Users/mreiter/Desktop/AER201/botL.X/i2c_common.asm
               ones_digit   0x000084       data     extern /Users/mreiter/Desktop/AER201/botL.X/i2c_common.asm
           convert_buffer   0x000085       data     extern /Users/mreiter/Desktop/AER201/botL.X/i2c_common.asm


