MPLINK 5.08, LINKER
Linker Map File - Created Wed Mar 29 18:59:31 2017

                                 Section Info
                  Section       Type    Address   Location Size(Bytes)
                ---------  ---------  ---------  ---------  ---------
                   .org_0       code   0x000000    program   0x000004
                   .cinit    romdata   0x000004    program   0x000002
                   .org_1       code   0x000008    program   0x000004
                   .org_2       code   0x000018    program   0x0010cc
                    .code       code   0x0010e4    program   0x0004c2
.config_300001_BUILD/DEFAULT/PRODUCTION/MAIN.O    romdata   0x300001    program   0x000001
.config_300002_BUILD/DEFAULT/PRODUCTION/MAIN.O    romdata   0x300002    program   0x000001
.config_300003_BUILD/DEFAULT/PRODUCTION/MAIN.O    romdata   0x300003    program   0x000001
.config_300005_BUILD/DEFAULT/PRODUCTION/MAIN.O    romdata   0x300005    program   0x000001
.config_300006_BUILD/DEFAULT/PRODUCTION/MAIN.O    romdata   0x300006    program   0x000001
.config_300008_BUILD/DEFAULT/PRODUCTION/MAIN.O    romdata   0x300008    program   0x000001
.config_300009_BUILD/DEFAULT/PRODUCTION/MAIN.O    romdata   0x300009    program   0x000001
.config_30000A_BUILD/DEFAULT/PRODUCTION/MAIN.O    romdata   0x30000a    program   0x000001
.config_30000B_BUILD/DEFAULT/PRODUCTION/MAIN.O    romdata   0x30000b    program   0x000001
.config_30000C_BUILD/DEFAULT/PRODUCTION/MAIN.O    romdata   0x30000c    program   0x000001
.config_30000D_BUILD/DEFAULT/PRODUCTION/MAIN.O    romdata   0x30000d    program   0x000001
               .udata_acs      udata   0x000060       data   0x000006



                              Program Memory Usage 
                               Start         End      
                           ---------   ---------      
                            0x000000    0x000005      
                            0x000008    0x00000b      
                            0x000018    0x0015a5      
                            0x300001    0x300003      
                            0x300005    0x300006      
                            0x300008    0x30000d      
            5539 out of 66584 program addresses used, program memory utilization is 8%



                              Symbols - Sorted by Name
                     Name    Address   Location    Storage File                     
                ---------  ---------  ---------  --------- ---------                
                CHECK_ACK   0x001536    program     extern /Users/mreiter/Desktop/AER201/botL.X/i2c.asm
               CHECK_DONE   0x000500    program     static /Users/mreiter/Desktop/AER201/botL.X/main.asm
               CHECK_NACK   0x00153a    program     extern /Users/mreiter/Desktop/AER201/botL.X/i2c.asm
   COLLECTIONS_CORRECTION   0x000420    program     static /Users/mreiter/Desktop/AER201/botL.X/main.asm
         COLLECTIONS_STEP   0x000434    program     static /Users/mreiter/Desktop/AER201/botL.X/main.asm
        COLLECTIONS_VALUE   0x00042a    program     static /Users/mreiter/Desktop/AER201/botL.X/main.asm
              COLOUR_TEST   0x000396    program     static /Users/mreiter/Desktop/AER201/botL.X/main.asm
           ClearEEPROM_21   0x000e30    program     static /Users/mreiter/Desktop/AER201/botL.X/main.asm
                ClearNext   0x000e38    program     static /Users/mreiter/Desktop/AER201/botL.X/main.asm
                   ClkLCD   0x001296    program     extern /Users/mreiter/Desktop/AER201/botL.X/lcd.asm
                   ClrLCD   0x001288    program     extern /Users/mreiter/Desktop/AER201/botL.X/lcd.asm
                   Cycles   0x000dc8    program     static /Users/mreiter/Desktop/AER201/botL.X/main.asm
               DETECTIONS   0x0004a4    program     static /Users/mreiter/Desktop/AER201/botL.X/main.asm
              DISPLAY_RTC   0x000bc0    program     static /Users/mreiter/Desktop/AER201/botL.X/main.asm
                DataUSART   0x000d16    program     static /Users/mreiter/Desktop/AER201/botL.X/main.asm
               Delay200us   0x000db0    program     static /Users/mreiter/Desktop/AER201/botL.X/main.asm
            Delay44usLoop   0x0012e8    program     static /Users/mreiter/Desktop/AER201/botL.X/lcd.asm
                Delay50ms   0x000dbe    program     static /Users/mreiter/Desktop/AER201/botL.X/main.asm
             Delay5msLoop   0x0012f8    program     static /Users/mreiter/Desktop/AER201/botL.X/lcd.asm
                 Delay5us   0x000da2    program     static /Users/mreiter/Desktop/AER201/botL.X/main.asm
                DispOpRTC   0x00100c    program     static /Users/mreiter/Desktop/AER201/botL.X/main.asm
         DispOpRTC_Helper   0x0010aa    program     static /Users/mreiter/Desktop/AER201/botL.X/main.asm
               DispOpSort   0x000f34    program     static /Users/mreiter/Desktop/AER201/botL.X/main.asm
           DisplayExeTime   0x000ea2    program     static /Users/mreiter/Desktop/AER201/botL.X/main.asm
           EMERGENCY_STOP   0x00001c    program     static /Users/mreiter/Desktop/AER201/botL.X/main.asm
             END_ISR_HIGH   0x0000da    program     static /Users/mreiter/Desktop/AER201/botL.X/main.asm
              END_ISR_LOW   0x000126    program     static /Users/mreiter/Desktop/AER201/botL.X/main.asm
                EXECUTION   0x0003ca    program     static /Users/mreiter/Desktop/AER201/botL.X/main.asm
                 EXIT_EXE   0x00055a    program     static /Users/mreiter/Desktop/AER201/botL.X/main.asm
                     Exe1   0x001186    program     static /Users/mreiter/Desktop/AER201/botL.X/main.asm
                     Exe2   0x001192    program     static /Users/mreiter/Desktop/AER201/botL.X/main.asm
                 HOLD_LOG   0x0005bc    program     static /Users/mreiter/Desktop/AER201/botL.X/main.asm
            HOLD_LOG_INFO   0x00061a    program     static /Users/mreiter/Desktop/AER201/botL.X/main.asm
                  HOLD_PC   0x0008ac    program     static /Users/mreiter/Desktop/AER201/botL.X/main.asm
            HOLD_PERM_LOG   0x000674    program     static /Users/mreiter/Desktop/AER201/botL.X/main.asm
                HOLD_PLOG   0x0007ea    program     static /Users/mreiter/Desktop/AER201/botL.X/main.asm
        HOLD_PLOG_DETAILS   0x000846    program     static /Users/mreiter/Desktop/AER201/botL.X/main.asm
             HOLD_STANDBY   0x000260    program     static /Users/mreiter/Desktop/AER201/botL.X/main.asm
                  HOLD_UP   0x001586    program     static /Users/mreiter/Desktop/AER201/botL.X/i2c.asm
                I2C_ACKDT   0x001536    program     extern /Users/mreiter/Desktop/AER201/botL.X/i2c.asm
           I2C_Master_ACK   0x00159c    program     extern /Users/mreiter/Desktop/AER201/botL.X/i2c.asm
          I2C_Master_INIT   0x001546    program     extern /Users/mreiter/Desktop/AER201/botL.X/i2c.asm
          I2C_Master_READ   0x00158e    program     extern /Users/mreiter/Desktop/AER201/botL.X/i2c.asm
        I2C_Master_RSTART   0x001570    program     extern /Users/mreiter/Desktop/AER201/botL.X/i2c.asm
         I2C_Master_START   0x001568    program     extern /Users/mreiter/Desktop/AER201/botL.X/i2c.asm
          I2C_Master_STOP   0x001578    program     extern /Users/mreiter/Desktop/AER201/botL.X/i2c.asm
          I2C_Master_WAIT   0x001558    program     extern /Users/mreiter/Desktop/AER201/botL.X/i2c.asm
         I2C_Master_WRITE   0x001580    program     extern /Users/mreiter/Desktop/AER201/botL.X/i2c.asm
                 I2C_temp   0x001536    program     static /Users/mreiter/Desktop/AER201/botL.X/i2c.asm
              INC_ESKACAP   0x0004fc    program     static /Users/mreiter/Desktop/AER201/botL.X/main.asm
            INC_ESKANOCAP   0x0004f8    program     static /Users/mreiter/Desktop/AER201/botL.X/main.asm
               INC_YOPCAP   0x0004f4    program     static /Users/mreiter/Desktop/AER201/botL.X/main.asm
             INC_YOPNOCAP   0x0004f0    program     static /Users/mreiter/Desktop/AER201/botL.X/main.asm
                     INIT   0x000130    program     static /Users/mreiter/Desktop/AER201/botL.X/main.asm
             INIT_ARDUINO   0x0014d0    program     extern /Users/mreiter/Desktop/AER201/botL.X/i2c_common.asm
                 INIT_RTC   0x0013e4    program     extern /Users/mreiter/Desktop/AER201/botL.X/i2c_common.asm
               INIT_USART   0x000d02    program     static /Users/mreiter/Desktop/AER201/botL.X/main.asm
                 ISR_HIGH   0x00005a    program     static /Users/mreiter/Desktop/AER201/botL.X/main.asm
                  ISR_LOW   0x0000e4    program     static /Users/mreiter/Desktop/AER201/botL.X/main.asm
                  InitLCD   0x0011da    program     extern /Users/mreiter/Desktop/AER201/botL.X/lcd.asm
                   LCD_L1   0x0012b4    program     extern /Users/mreiter/Desktop/AER201/botL.X/lcd.asm
                   LCD_L2   0x0012bc    program     extern /Users/mreiter/Desktop/AER201/botL.X/lcd.asm
                 LLD_LOOP   0x0012d2    program     static /Users/mreiter/Desktop/AER201/botL.X/lcd.asm
            LOAD_EXE_TIME   0x000050    program     static /Users/mreiter/Desktop/AER201/botL.X/main.asm
        LOAD_STANDBY_TIME   0x000046    program     static /Users/mreiter/Desktop/AER201/botL.X/main.asm
                      LOG   0x000588    program     static /Users/mreiter/Desktop/AER201/botL.X/main.asm
                 LOG_INFO   0x0005ee    program     static /Users/mreiter/Desktop/AER201/botL.X/main.asm
                     LOOP   0x001594    program     static /Users/mreiter/Desktop/AER201/botL.X/i2c.asm
                  LOOPING   0x0003a0    program     static /Users/mreiter/Desktop/AER201/botL.X/main.asm
                     Log1   0x001144    program     static /Users/mreiter/Desktop/AER201/botL.X/main.asm
                     Log2   0x00114a    program     static /Users/mreiter/Desktop/AER201/botL.X/main.asm
                 LogInfo1   0x001158    program     static /Users/mreiter/Desktop/AER201/botL.X/main.asm
                 LogInfo2   0x001160    program     static /Users/mreiter/Desktop/AER201/botL.X/main.asm
                   MovMSB   0x0012c4    program     static /Users/mreiter/Desktop/AER201/botL.X/lcd.asm
                   NoData   0x0011d6    program     static /Users/mreiter/Desktop/AER201/botL.X/main.asm
        NoSkipDispExeTime   0x000ee0    program     static /Users/mreiter/Desktop/AER201/botL.X/main.asm
          NoSkipDispOpRTC   0x001048    program     static /Users/mreiter/Desktop/AER201/botL.X/main.asm
         NoSkipDispOpSort   0x000f70    program     static /Users/mreiter/Desktop/AER201/botL.X/main.asm
                      PC1   0x00119a    program     static /Users/mreiter/Desktop/AER201/botL.X/main.asm
                      PC2   0x0011a8    program     static /Users/mreiter/Desktop/AER201/botL.X/main.asm
               PCComplete   0x0011c2    program     static /Users/mreiter/Desktop/AER201/botL.X/main.asm
               PCTransfer   0x0011b2    program     static /Users/mreiter/Desktop/AER201/botL.X/main.asm
                  PC_MODE   0x000862    program     static /Users/mreiter/Desktop/AER201/botL.X/main.asm
              PC_TRANSFER   0x0008de    program     static /Users/mreiter/Desktop/AER201/botL.X/main.asm
                 PERM_LOG   0x000636    program     static /Users/mreiter/Desktop/AER201/botL.X/main.asm
                     PLOG   0x000756    program     static /Users/mreiter/Desktop/AER201/botL.X/main.asm
             PLOG_DETAILS   0x00081c    program     static /Users/mreiter/Desktop/AER201/botL.X/main.asm
                 PermLog1   0x00116a    program     static /Users/mreiter/Desktop/AER201/botL.X/main.asm
                 PermLog2   0x00117a    program     static /Users/mreiter/Desktop/AER201/botL.X/main.asm
             READ_ARDUINO   0x0014f4    program     extern /Users/mreiter/Desktop/AER201/botL.X/i2c_common.asm
          READ_COLOUR_I2C   0x001424    program     extern /Users/mreiter/Desktop/AER201/botL.X/i2c_common.asm
                 READ_KEY   0x000e76    program     static /Users/mreiter/Desktop/AER201/botL.X/main.asm
            READ_KEY_TIME   0x000e8a    program     static /Users/mreiter/Desktop/AER201/botL.X/main.asm
                ROTATE_45   0x000446    program     static /Users/mreiter/Desktop/AER201/botL.X/main.asm
           ROTATE_90_TEST   0x0002fc    program     static /Users/mreiter/Desktop/AER201/botL.X/main.asm
                 RTC_INIT   0x000a86    program     static /Users/mreiter/Desktop/AER201/botL.X/main.asm
                     SAVE   0x0011cc    program     static /Users/mreiter/Desktop/AER201/botL.X/main.asm
            SAVE_EXE_TIME   0x000b0a    program     static /Users/mreiter/Desktop/AER201/botL.X/main.asm
                SAVE_TIME   0x000a94    program     static /Users/mreiter/Desktop/AER201/botL.X/main.asm
                 SET_TIME   0x000c9a    program     static /Users/mreiter/Desktop/AER201/botL.X/main.asm
                  STANDBY   0x000210    program     static /Users/mreiter/Desktop/AER201/botL.X/main.asm
                STEP_TEST   0x0002ea    program     static /Users/mreiter/Desktop/AER201/botL.X/main.asm
                 SaveData   0x000908    program     static /Users/mreiter/Desktop/AER201/botL.X/main.asm
                    Shift   0x0012a8    program     extern /Users/mreiter/Desktop/AER201/botL.X/lcd.asm
                ShiftLoop   0x000a20    program     static /Users/mreiter/Desktop/AER201/botL.X/main.asm
          SkipDispExeTime   0x000f32    program     static /Users/mreiter/Desktop/AER201/botL.X/main.asm
            SkipDispOpRTC   0x0010a8    program     static /Users/mreiter/Desktop/AER201/botL.X/main.asm
           SkipDispOpSort   0x00100a    program     static /Users/mreiter/Desktop/AER201/botL.X/main.asm
                  StandBy   0x0010f4    program     static /Users/mreiter/Desktop/AER201/botL.X/main.asm
              StandbyInfo   0x00111c    program     static /Users/mreiter/Desktop/AER201/botL.X/main.asm
                 TEST_ACK   0x0015a0    program     static /Users/mreiter/Desktop/AER201/botL.X/i2c.asm
                TEST_NACK   0x00153e    program     static /Users/mreiter/Desktop/AER201/botL.X/i2c.asm
            TRANSFER_DATA   0x000d30    program     static /Users/mreiter/Desktop/AER201/botL.X/main.asm
            TRANSFER_LOGS   0x000d26    program     static /Users/mreiter/Desktop/AER201/botL.X/main.asm
                     Team   0x0010ea    program     static /Users/mreiter/Desktop/AER201/botL.X/main.asm
               USART_LINE   0x000d94    program     static /Users/mreiter/Desktop/AER201/botL.X/main.asm
               USART_WAIT   0x000d8a    program     static /Users/mreiter/Desktop/AER201/botL.X/main.asm
                     WAIT   0x001558    program     static /Users/mreiter/Desktop/AER201/botL.X/i2c.asm
         WRITE_COLOUR_I2C   0x001488    program     extern /Users/mreiter/Desktop/AER201/botL.X/i2c_common.asm
                  WR_DATA   0x00124e    program     extern /Users/mreiter/Desktop/AER201/botL.X/lcd.asm
                   WR_INS   0x001232    program     extern /Users/mreiter/Desktop/AER201/botL.X/lcd.asm
                  Welcome   0x0010e4    program     static /Users/mreiter/Desktop/AER201/botL.X/main.asm
              WriteEE_RTC   0x000dd2    program     static /Users/mreiter/Desktop/AER201/botL.X/main.asm
                   WrtLCD   0x001272    program     extern /Users/mreiter/Desktop/AER201/botL.X/lcd.asm
              _.code_001C   0x001322    program     static /Users/mreiter/Desktop/AER201/botL.X/i2c_common.asm
              _.code_002A   0x001330    program     static /Users/mreiter/Desktop/AER201/botL.X/i2c_common.asm
              _.code_0032   0x001338    program     static /Users/mreiter/Desktop/AER201/botL.X/i2c_common.asm
              _.code_0038   0x00133e    program     static /Users/mreiter/Desktop/AER201/botL.X/i2c_common.asm
              _.code_0042   0x001348    program     static /Users/mreiter/Desktop/AER201/botL.X/i2c_common.asm
              _.code_0048   0x00134e    program     static /Users/mreiter/Desktop/AER201/botL.X/i2c_common.asm
              _.code_0052   0x001358    program     static /Users/mreiter/Desktop/AER201/botL.X/i2c_common.asm
              _.code_0058   0x00135e    program     static /Users/mreiter/Desktop/AER201/botL.X/i2c_common.asm
              _.code_0060   0x001366    program     static /Users/mreiter/Desktop/AER201/botL.X/i2c_common.asm
              _.code_006E   0x001374    program     static /Users/mreiter/Desktop/AER201/botL.X/i2c_common.asm
              _.code_0076   0x00137c    program     static /Users/mreiter/Desktop/AER201/botL.X/i2c_common.asm
              _.code_007C   0x001382    program     static /Users/mreiter/Desktop/AER201/botL.X/i2c_common.asm
              _.code_0086   0x00138c    program     static /Users/mreiter/Desktop/AER201/botL.X/i2c_common.asm
              _.code_008C   0x001392    program     static /Users/mreiter/Desktop/AER201/botL.X/i2c_common.asm
              _.code_0094   0x00139a    program     static /Users/mreiter/Desktop/AER201/botL.X/i2c_common.asm
              _.code_009C   0x0013a2    program     static /Users/mreiter/Desktop/AER201/botL.X/i2c_common.asm
              _.code_00A2   0x0013a8    program     static /Users/mreiter/Desktop/AER201/botL.X/i2c_common.asm
              _.code_00AA   0x0013b0    program     static /Users/mreiter/Desktop/AER201/botL.X/i2c_common.asm
              _.code_00C2   0x0013c8    program     static /Users/mreiter/Desktop/AER201/botL.X/i2c_common.asm
              _.code_00C8   0x0012a2    program     static /Users/mreiter/Desktop/AER201/botL.X/lcd.asm
              _.code_00E6   0x0013ec    program     static /Users/mreiter/Desktop/AER201/botL.X/i2c_common.asm
              _.code_00EE   0x0013f4    program     static /Users/mreiter/Desktop/AER201/botL.X/i2c_common.asm
              _.code_00F4   0x0013fa    program     static /Users/mreiter/Desktop/AER201/botL.X/i2c_common.asm
              _.code_00FC   0x001402    program     static /Users/mreiter/Desktop/AER201/botL.X/i2c_common.asm
              _.code_00FE   0x0012d8    program     static /Users/mreiter/Desktop/AER201/botL.X/lcd.asm
              _.code_0102   0x001408    program     static /Users/mreiter/Desktop/AER201/botL.X/i2c_common.asm
              _.code_010A   0x001410    program     static /Users/mreiter/Desktop/AER201/botL.X/i2c_common.asm
              _.code_0110   0x001416    program     static /Users/mreiter/Desktop/AER201/botL.X/i2c_common.asm
              _.code_0118   0x00141e    program     static /Users/mreiter/Desktop/AER201/botL.X/i2c_common.asm
              _.code_0126   0x00142c    program     static /Users/mreiter/Desktop/AER201/botL.X/i2c_common.asm
              _.code_012E   0x001434    program     static /Users/mreiter/Desktop/AER201/botL.X/i2c_common.asm
              _.code_0134   0x00143a    program     static /Users/mreiter/Desktop/AER201/botL.X/i2c_common.asm
              _.code_0140   0x001446    program     static /Users/mreiter/Desktop/AER201/botL.X/i2c_common.asm
              _.code_0146   0x00144c    program     static /Users/mreiter/Desktop/AER201/botL.X/i2c_common.asm
              _.code_014E   0x001454    program     static /Users/mreiter/Desktop/AER201/botL.X/i2c_common.asm
              _.code_0156   0x00145c    program     static /Users/mreiter/Desktop/AER201/botL.X/i2c_common.asm
              _.code_015C   0x001462    program     static /Users/mreiter/Desktop/AER201/botL.X/i2c_common.asm
              _.code_0164   0x00146a    program     static /Users/mreiter/Desktop/AER201/botL.X/i2c_common.asm
              _.code_017C   0x001482    program     static /Users/mreiter/Desktop/AER201/botL.X/i2c_common.asm
              _.code_018A   0x001490    program     static /Users/mreiter/Desktop/AER201/botL.X/i2c_common.asm
              _.code_0192   0x001498    program     static /Users/mreiter/Desktop/AER201/botL.X/i2c_common.asm
              _.code_0198   0x00149e    program     static /Users/mreiter/Desktop/AER201/botL.X/i2c_common.asm
              _.code_01A4   0x0014aa    program     static /Users/mreiter/Desktop/AER201/botL.X/i2c_common.asm
              _.code_01AA   0x0014b0    program     static /Users/mreiter/Desktop/AER201/botL.X/i2c_common.asm
              _.code_01B6   0x0014bc    program     static /Users/mreiter/Desktop/AER201/botL.X/i2c_common.asm
              _.code_01BC   0x0014c2    program     static /Users/mreiter/Desktop/AER201/botL.X/i2c_common.asm
              _.code_01C4   0x0014ca    program     static /Users/mreiter/Desktop/AER201/botL.X/i2c_common.asm
              _.code_01D2   0x0014d8    program     static /Users/mreiter/Desktop/AER201/botL.X/i2c_common.asm
              _.code_01DA   0x0014e0    program     static /Users/mreiter/Desktop/AER201/botL.X/i2c_common.asm
              _.code_01E0   0x0014e6    program     static /Users/mreiter/Desktop/AER201/botL.X/i2c_common.asm
              _.code_01E8   0x0014ee    program     static /Users/mreiter/Desktop/AER201/botL.X/i2c_common.asm
              _.code_01F6   0x0014fc    program     static /Users/mreiter/Desktop/AER201/botL.X/i2c_common.asm
              _.code_01FE   0x001504    program     static /Users/mreiter/Desktop/AER201/botL.X/i2c_common.asm
              _.code_0206   0x00150c    program     static /Users/mreiter/Desktop/AER201/botL.X/i2c_common.asm
              _.code_020C   0x001512    program     static /Users/mreiter/Desktop/AER201/botL.X/i2c_common.asm
              _.code_0214   0x00151a    program     static /Users/mreiter/Desktop/AER201/botL.X/i2c_common.asm
              _.code_022A   0x001530    program     static /Users/mreiter/Desktop/AER201/botL.X/i2c_common.asm
             _.org_2_091C   0x00091c    program     static /Users/mreiter/Desktop/AER201/botL.X/main.asm
             _.org_2_0934   0x000934    program     static /Users/mreiter/Desktop/AER201/botL.X/main.asm
             _.org_2_0950   0x000950    program     static /Users/mreiter/Desktop/AER201/botL.X/main.asm
             _.org_2_0968   0x000968    program     static /Users/mreiter/Desktop/AER201/botL.X/main.asm
             _.org_2_0984   0x000984    program     static /Users/mreiter/Desktop/AER201/botL.X/main.asm
             _.org_2_099C   0x00099c    program     static /Users/mreiter/Desktop/AER201/botL.X/main.asm
             _.org_2_09B8   0x0009b8    program     static /Users/mreiter/Desktop/AER201/botL.X/main.asm
             _.org_2_09D0   0x0009d0    program     static /Users/mreiter/Desktop/AER201/botL.X/main.asm
             _.org_2_09EC   0x0009ec    program     static /Users/mreiter/Desktop/AER201/botL.X/main.asm
             _.org_2_0A04   0x000a04    program     static /Users/mreiter/Desktop/AER201/botL.X/main.asm
             _.org_2_0A46   0x000a46    program     static /Users/mreiter/Desktop/AER201/botL.X/main.asm
             _.org_2_0A5E   0x000a5e    program     static /Users/mreiter/Desktop/AER201/botL.X/main.asm
             _.org_2_0B26   0x000b26    program     static /Users/mreiter/Desktop/AER201/botL.X/main.asm
             _.org_2_0B3E   0x000b3e    program     static /Users/mreiter/Desktop/AER201/botL.X/main.asm
             _.org_2_0B62   0x000b62    program     static /Users/mreiter/Desktop/AER201/botL.X/main.asm
             _.org_2_0B7A   0x000b7a    program     static /Users/mreiter/Desktop/AER201/botL.X/main.asm
             _.org_2_0B9E   0x000b9e    program     static /Users/mreiter/Desktop/AER201/botL.X/main.asm
             _.org_2_0BB6   0x000bb6    program     static /Users/mreiter/Desktop/AER201/botL.X/main.asm
             _.org_2_0D8E   0x000d8e    program     static /Users/mreiter/Desktop/AER201/botL.X/main.asm
             _.org_2_0DE0   0x000de0    program     static /Users/mreiter/Desktop/AER201/botL.X/main.asm
             _.org_2_0DF8   0x000df8    program     static /Users/mreiter/Desktop/AER201/botL.X/main.asm
             _.org_2_0E0E   0x000e0e    program     static /Users/mreiter/Desktop/AER201/botL.X/main.asm
             _.org_2_0E26   0x000e26    program     static /Users/mreiter/Desktop/AER201/botL.X/main.asm
             _.org_2_0E46   0x000e46    program     static /Users/mreiter/Desktop/AER201/botL.X/main.asm
             _.org_2_0E5E   0x000e5e    program     static /Users/mreiter/Desktop/AER201/botL.X/main.asm
             _.org_2_0E84   0x000e84    program     static /Users/mreiter/Desktop/AER201/botL.X/main.asm
             _.org_2_0E9C   0x000e9c    program     static /Users/mreiter/Desktop/AER201/botL.X/main.asm
                 _103loop   0x000f5e    program     static /Users/mreiter/Desktop/AER201/botL.X/main.asm
                 _109loop   0x001036    program     static /Users/mreiter/Desktop/AER201/botL.X/main.asm
                  _10loop   0x0001da    program     static /Users/mreiter/Desktop/AER201/botL.X/main.asm
                  _11loop   0x0001f8    program     static /Users/mreiter/Desktop/AER201/botL.X/main.asm
                  _12loop   0x000206    program     static /Users/mreiter/Desktop/AER201/botL.X/main.asm
                  _13loop   0x00022e    program     static /Users/mreiter/Desktop/AER201/botL.X/main.asm
                  _14loop   0x00024c    program     static /Users/mreiter/Desktop/AER201/botL.X/main.asm
                  _15Exit   0x000278    program     static /Users/mreiter/Desktop/AER201/botL.X/main.asm
                  _15Next   0x00026c    program     static /Users/mreiter/Desktop/AER201/botL.X/main.asm
                  _16Exit   0x00028e    program     static /Users/mreiter/Desktop/AER201/botL.X/main.asm
                  _16Next   0x000282    program     static /Users/mreiter/Desktop/AER201/botL.X/main.asm
                  _17Exit   0x0002a4    program     static /Users/mreiter/Desktop/AER201/botL.X/main.asm
                  _17Next   0x000298    program     static /Users/mreiter/Desktop/AER201/botL.X/main.asm
                  _18Exit   0x0002ba    program     static /Users/mreiter/Desktop/AER201/botL.X/main.asm
                  _18Next   0x0002ae    program     static /Users/mreiter/Desktop/AER201/botL.X/main.asm
                  _19Exit   0x0002d0    program     static /Users/mreiter/Desktop/AER201/botL.X/main.asm
                  _19Next   0x0002c4    program     static /Users/mreiter/Desktop/AER201/botL.X/main.asm
                  _20Exit   0x0002e6    program     static /Users/mreiter/Desktop/AER201/botL.X/main.asm
                  _20Next   0x0002da    program     static /Users/mreiter/Desktop/AER201/botL.X/main.asm
                  _21loop   0x0002f2    program     static /Users/mreiter/Desktop/AER201/botL.X/main.asm
                  _22loop   0x0003a4    program     static /Users/mreiter/Desktop/AER201/botL.X/main.asm
                  _23loop   0x0003be    program     static /Users/mreiter/Desktop/AER201/botL.X/main.asm
                  _24loop   0x0003ec    program     static /Users/mreiter/Desktop/AER201/botL.X/main.asm
                  _25loop   0x00043c    program     static /Users/mreiter/Desktop/AER201/botL.X/main.asm
                  _26loop   0x00044e    program     static /Users/mreiter/Desktop/AER201/botL.X/main.asm
                  _27loop   0x00046c    program     static /Users/mreiter/Desktop/AER201/botL.X/main.asm
                  _28loop   0x000480    program     static /Users/mreiter/Desktop/AER201/botL.X/main.asm
                  _29loop   0x000494    program     static /Users/mreiter/Desktop/AER201/botL.X/main.asm
                  _30loop   0x0004c4    program     static /Users/mreiter/Desktop/AER201/botL.X/main.asm
                  _31loop   0x000576    program     static /Users/mreiter/Desktop/AER201/botL.X/main.asm
                  _32loop   0x00059e    program     static /Users/mreiter/Desktop/AER201/botL.X/main.asm
                  _33Exit   0x0005d4    program     static /Users/mreiter/Desktop/AER201/botL.X/main.asm
                  _33Next   0x0005c8    program     static /Users/mreiter/Desktop/AER201/botL.X/main.asm
                  _34Exit   0x0005ea    program     static /Users/mreiter/Desktop/AER201/botL.X/main.asm
                  _34Next   0x0005de    program     static /Users/mreiter/Desktop/AER201/botL.X/main.asm
                  _35loop   0x00060c    program     static /Users/mreiter/Desktop/AER201/botL.X/main.asm
                  _36Exit   0x000632    program     static /Users/mreiter/Desktop/AER201/botL.X/main.asm
                  _36Next   0x000626    program     static /Users/mreiter/Desktop/AER201/botL.X/main.asm
                  _37loop   0x00064c    program     static /Users/mreiter/Desktop/AER201/botL.X/main.asm
                  _38loop   0x00066a    program     static /Users/mreiter/Desktop/AER201/botL.X/main.asm
                  _39Exit   0x00068c    program     static /Users/mreiter/Desktop/AER201/botL.X/main.asm
                  _39Next   0x000680    program     static /Users/mreiter/Desktop/AER201/botL.X/main.asm
                 _3endBCD   0x0000a6    program     static /Users/mreiter/Desktop/AER201/botL.X/main.asm
                   _3ones   0x0000a0    program     static /Users/mreiter/Desktop/AER201/botL.X/main.asm
                  _40Exit   0x0006a2    program     static /Users/mreiter/Desktop/AER201/botL.X/main.asm
                  _40Next   0x000696    program     static /Users/mreiter/Desktop/AER201/botL.X/main.asm
                  _41Exit   0x0006b8    program     static /Users/mreiter/Desktop/AER201/botL.X/main.asm
                  _41Next   0x0006ac    program     static /Users/mreiter/Desktop/AER201/botL.X/main.asm
                  _42Exit   0x0006ce    program     static /Users/mreiter/Desktop/AER201/botL.X/main.asm
                  _42Next   0x0006c2    program     static /Users/mreiter/Desktop/AER201/botL.X/main.asm
                  _43Exit   0x0006e4    program     static /Users/mreiter/Desktop/AER201/botL.X/main.asm
                  _43Next   0x0006d8    program     static /Users/mreiter/Desktop/AER201/botL.X/main.asm
                  _44Exit   0x0006fa    program     static /Users/mreiter/Desktop/AER201/botL.X/main.asm
                  _44Next   0x0006ee    program     static /Users/mreiter/Desktop/AER201/botL.X/main.asm
                  _45Exit   0x000710    program     static /Users/mreiter/Desktop/AER201/botL.X/main.asm
                  _45Next   0x000704    program     static /Users/mreiter/Desktop/AER201/botL.X/main.asm
                  _46Exit   0x000726    program     static /Users/mreiter/Desktop/AER201/botL.X/main.asm
                  _46Next   0x00071a    program     static /Users/mreiter/Desktop/AER201/botL.X/main.asm
                  _47Exit   0x00073c    program     static /Users/mreiter/Desktop/AER201/botL.X/main.asm
                  _47Next   0x000730    program     static /Users/mreiter/Desktop/AER201/botL.X/main.asm
                  _48Exit   0x000752    program     static /Users/mreiter/Desktop/AER201/botL.X/main.asm
                  _48Next   0x000746    program     static /Users/mreiter/Desktop/AER201/botL.X/main.asm
                  _49loop   0x00076a    program     static /Users/mreiter/Desktop/AER201/botL.X/main.asm
                 _4endBCD   0x0000d8    program     static /Users/mreiter/Desktop/AER201/botL.X/main.asm
                   _4ones   0x0000d2    program     static /Users/mreiter/Desktop/AER201/botL.X/main.asm
                  _52Exit   0x000802    program     static /Users/mreiter/Desktop/AER201/botL.X/main.asm
                  _52Next   0x0007f6    program     static /Users/mreiter/Desktop/AER201/botL.X/main.asm
                  _53Exit   0x000818    program     static /Users/mreiter/Desktop/AER201/botL.X/main.asm
                  _53Next   0x00080c    program     static /Users/mreiter/Desktop/AER201/botL.X/main.asm
                  _54loop   0x000830    program     static /Users/mreiter/Desktop/AER201/botL.X/main.asm
                  _55Exit   0x00085e    program     static /Users/mreiter/Desktop/AER201/botL.X/main.asm
                  _55Next   0x000852    program     static /Users/mreiter/Desktop/AER201/botL.X/main.asm
                  _56loop   0x000878    program     static /Users/mreiter/Desktop/AER201/botL.X/main.asm
                  _57loop   0x000896    program     static /Users/mreiter/Desktop/AER201/botL.X/main.asm
                  _58Exit   0x0008c4    program     static /Users/mreiter/Desktop/AER201/botL.X/main.asm
                  _58Next   0x0008b8    program     static /Users/mreiter/Desktop/AER201/botL.X/main.asm
                  _59Exit   0x0008da    program     static /Users/mreiter/Desktop/AER201/botL.X/main.asm
                  _59Next   0x0008ce    program     static /Users/mreiter/Desktop/AER201/botL.X/main.asm
                  _60loop   0x0008f4    program     static /Users/mreiter/Desktop/AER201/botL.X/main.asm
                  _92loop   0x000d70    program     static /Users/mreiter/Desktop/AER201/botL.X/main.asm
                  _93loop   0x000d7e    program     static /Users/mreiter/Desktop/AER201/botL.X/main.asm
                  _98loop   0x000ecc    program     static /Users/mreiter/Desktop/AER201/botL.X/main.asm
                  _waitl0   0x0013be    program     static /Users/mreiter/Desktop/AER201/botL.X/i2c_common.asm
                  _waitl1   0x001478    program     static /Users/mreiter/Desktop/AER201/botL.X/i2c_common.asm
                  _waitl2   0x001526    program     static /Users/mreiter/Desktop/AER201/botL.X/i2c_common.asm
                       d2   0x001300    program     static /Users/mreiter/Desktop/AER201/botL.X/lcd.asm
                del_loop0   0x000ca0    program     static /Users/mreiter/Desktop/AER201/botL.X/main.asm
                delay44us   0x0012e4    program     extern /Users/mreiter/Desktop/AER201/botL.X/lcd.asm
                 delay5ms   0x0012f0    program     extern /Users/mreiter/Desktop/AER201/botL.X/lcd.asm
               displayNum   0x000790    program     static /Users/mreiter/Desktop/AER201/botL.X/main.asm
         i2c_common_setup   0x001306    program     extern /Users/mreiter/Desktop/AER201/botL.X/i2c_common.asm
             lcdLongDelay   0x0012ce    program     static /Users/mreiter/Desktop/AER201/botL.X/lcd.asm
                loop200us   0x000db4    program     static /Users/mreiter/Desktop/AER201/botL.X/main.asm
                 loop50ms   0x000dc2    program     static /Users/mreiter/Desktop/AER201/botL.X/main.asm
                  loop5us   0x000da6    program     static /Users/mreiter/Desktop/AER201/botL.X/main.asm
                 read_rtc   0x00136c    program     extern /Users/mreiter/Desktop/AER201/botL.X/i2c_common.asm
              rtc_convert   0x0013ce    program     extern /Users/mreiter/Desktop/AER201/botL.X/i2c_common.asm
                write_rtc   0x001328    program     extern /Users/mreiter/Desktop/AER201/botL.X/i2c_common.asm
           convert_buffer   0x000065       data     extern /Users/mreiter/Desktop/AER201/botL.X/i2c_common.asm
                 databyte   0x000061       data     extern /Users/mreiter/Desktop/AER201/botL.X/i2c_common.asm
                 datachar   0x000062       data     extern /Users/mreiter/Desktop/AER201/botL.X/i2c_common.asm
               ones_digit   0x000064       data     extern /Users/mreiter/Desktop/AER201/botL.X/i2c_common.asm
               regaddress   0x000060       data     extern /Users/mreiter/Desktop/AER201/botL.X/i2c_common.asm
               tens_digit   0x000063       data     extern /Users/mreiter/Desktop/AER201/botL.X/i2c_common.asm



                              Symbols - Sorted by Address
                     Name    Address   Location    Storage File                     
                ---------  ---------  ---------  --------- ---------                
           EMERGENCY_STOP   0x00001c    program     static /Users/mreiter/Desktop/AER201/botL.X/main.asm
        LOAD_STANDBY_TIME   0x000046    program     static /Users/mreiter/Desktop/AER201/botL.X/main.asm
            LOAD_EXE_TIME   0x000050    program     static /Users/mreiter/Desktop/AER201/botL.X/main.asm
                 ISR_HIGH   0x00005a    program     static /Users/mreiter/Desktop/AER201/botL.X/main.asm
                   _3ones   0x0000a0    program     static /Users/mreiter/Desktop/AER201/botL.X/main.asm
                 _3endBCD   0x0000a6    program     static /Users/mreiter/Desktop/AER201/botL.X/main.asm
                   _4ones   0x0000d2    program     static /Users/mreiter/Desktop/AER201/botL.X/main.asm
                 _4endBCD   0x0000d8    program     static /Users/mreiter/Desktop/AER201/botL.X/main.asm
             END_ISR_HIGH   0x0000da    program     static /Users/mreiter/Desktop/AER201/botL.X/main.asm
                  ISR_LOW   0x0000e4    program     static /Users/mreiter/Desktop/AER201/botL.X/main.asm
              END_ISR_LOW   0x000126    program     static /Users/mreiter/Desktop/AER201/botL.X/main.asm
                     INIT   0x000130    program     static /Users/mreiter/Desktop/AER201/botL.X/main.asm
                  _10loop   0x0001da    program     static /Users/mreiter/Desktop/AER201/botL.X/main.asm
                  _11loop   0x0001f8    program     static /Users/mreiter/Desktop/AER201/botL.X/main.asm
                  _12loop   0x000206    program     static /Users/mreiter/Desktop/AER201/botL.X/main.asm
                  STANDBY   0x000210    program     static /Users/mreiter/Desktop/AER201/botL.X/main.asm
                  _13loop   0x00022e    program     static /Users/mreiter/Desktop/AER201/botL.X/main.asm
                  _14loop   0x00024c    program     static /Users/mreiter/Desktop/AER201/botL.X/main.asm
             HOLD_STANDBY   0x000260    program     static /Users/mreiter/Desktop/AER201/botL.X/main.asm
                  _15Next   0x00026c    program     static /Users/mreiter/Desktop/AER201/botL.X/main.asm
                  _15Exit   0x000278    program     static /Users/mreiter/Desktop/AER201/botL.X/main.asm
                  _16Next   0x000282    program     static /Users/mreiter/Desktop/AER201/botL.X/main.asm
                  _16Exit   0x00028e    program     static /Users/mreiter/Desktop/AER201/botL.X/main.asm
                  _17Next   0x000298    program     static /Users/mreiter/Desktop/AER201/botL.X/main.asm
                  _17Exit   0x0002a4    program     static /Users/mreiter/Desktop/AER201/botL.X/main.asm
                  _18Next   0x0002ae    program     static /Users/mreiter/Desktop/AER201/botL.X/main.asm
                  _18Exit   0x0002ba    program     static /Users/mreiter/Desktop/AER201/botL.X/main.asm
                  _19Next   0x0002c4    program     static /Users/mreiter/Desktop/AER201/botL.X/main.asm
                  _19Exit   0x0002d0    program     static /Users/mreiter/Desktop/AER201/botL.X/main.asm
                  _20Next   0x0002da    program     static /Users/mreiter/Desktop/AER201/botL.X/main.asm
                  _20Exit   0x0002e6    program     static /Users/mreiter/Desktop/AER201/botL.X/main.asm
                STEP_TEST   0x0002ea    program     static /Users/mreiter/Desktop/AER201/botL.X/main.asm
                  _21loop   0x0002f2    program     static /Users/mreiter/Desktop/AER201/botL.X/main.asm
           ROTATE_90_TEST   0x0002fc    program     static /Users/mreiter/Desktop/AER201/botL.X/main.asm
              COLOUR_TEST   0x000396    program     static /Users/mreiter/Desktop/AER201/botL.X/main.asm
                  LOOPING   0x0003a0    program     static /Users/mreiter/Desktop/AER201/botL.X/main.asm
                  _22loop   0x0003a4    program     static /Users/mreiter/Desktop/AER201/botL.X/main.asm
                  _23loop   0x0003be    program     static /Users/mreiter/Desktop/AER201/botL.X/main.asm
                EXECUTION   0x0003ca    program     static /Users/mreiter/Desktop/AER201/botL.X/main.asm
                  _24loop   0x0003ec    program     static /Users/mreiter/Desktop/AER201/botL.X/main.asm
   COLLECTIONS_CORRECTION   0x000420    program     static /Users/mreiter/Desktop/AER201/botL.X/main.asm
        COLLECTIONS_VALUE   0x00042a    program     static /Users/mreiter/Desktop/AER201/botL.X/main.asm
         COLLECTIONS_STEP   0x000434    program     static /Users/mreiter/Desktop/AER201/botL.X/main.asm
                  _25loop   0x00043c    program     static /Users/mreiter/Desktop/AER201/botL.X/main.asm
                ROTATE_45   0x000446    program     static /Users/mreiter/Desktop/AER201/botL.X/main.asm
                  _26loop   0x00044e    program     static /Users/mreiter/Desktop/AER201/botL.X/main.asm
                  _27loop   0x00046c    program     static /Users/mreiter/Desktop/AER201/botL.X/main.asm
                  _28loop   0x000480    program     static /Users/mreiter/Desktop/AER201/botL.X/main.asm
                  _29loop   0x000494    program     static /Users/mreiter/Desktop/AER201/botL.X/main.asm
               DETECTIONS   0x0004a4    program     static /Users/mreiter/Desktop/AER201/botL.X/main.asm
                  _30loop   0x0004c4    program     static /Users/mreiter/Desktop/AER201/botL.X/main.asm
             INC_YOPNOCAP   0x0004f0    program     static /Users/mreiter/Desktop/AER201/botL.X/main.asm
               INC_YOPCAP   0x0004f4    program     static /Users/mreiter/Desktop/AER201/botL.X/main.asm
            INC_ESKANOCAP   0x0004f8    program     static /Users/mreiter/Desktop/AER201/botL.X/main.asm
              INC_ESKACAP   0x0004fc    program     static /Users/mreiter/Desktop/AER201/botL.X/main.asm
               CHECK_DONE   0x000500    program     static /Users/mreiter/Desktop/AER201/botL.X/main.asm
                 EXIT_EXE   0x00055a    program     static /Users/mreiter/Desktop/AER201/botL.X/main.asm
                  _31loop   0x000576    program     static /Users/mreiter/Desktop/AER201/botL.X/main.asm
                      LOG   0x000588    program     static /Users/mreiter/Desktop/AER201/botL.X/main.asm
                  _32loop   0x00059e    program     static /Users/mreiter/Desktop/AER201/botL.X/main.asm
                 HOLD_LOG   0x0005bc    program     static /Users/mreiter/Desktop/AER201/botL.X/main.asm
                  _33Next   0x0005c8    program     static /Users/mreiter/Desktop/AER201/botL.X/main.asm
                  _33Exit   0x0005d4    program     static /Users/mreiter/Desktop/AER201/botL.X/main.asm
                  _34Next   0x0005de    program     static /Users/mreiter/Desktop/AER201/botL.X/main.asm
                  _34Exit   0x0005ea    program     static /Users/mreiter/Desktop/AER201/botL.X/main.asm
                 LOG_INFO   0x0005ee    program     static /Users/mreiter/Desktop/AER201/botL.X/main.asm
                  _35loop   0x00060c    program     static /Users/mreiter/Desktop/AER201/botL.X/main.asm
            HOLD_LOG_INFO   0x00061a    program     static /Users/mreiter/Desktop/AER201/botL.X/main.asm
                  _36Next   0x000626    program     static /Users/mreiter/Desktop/AER201/botL.X/main.asm
                  _36Exit   0x000632    program     static /Users/mreiter/Desktop/AER201/botL.X/main.asm
                 PERM_LOG   0x000636    program     static /Users/mreiter/Desktop/AER201/botL.X/main.asm
                  _37loop   0x00064c    program     static /Users/mreiter/Desktop/AER201/botL.X/main.asm
                  _38loop   0x00066a    program     static /Users/mreiter/Desktop/AER201/botL.X/main.asm
            HOLD_PERM_LOG   0x000674    program     static /Users/mreiter/Desktop/AER201/botL.X/main.asm
                  _39Next   0x000680    program     static /Users/mreiter/Desktop/AER201/botL.X/main.asm
                  _39Exit   0x00068c    program     static /Users/mreiter/Desktop/AER201/botL.X/main.asm
                  _40Next   0x000696    program     static /Users/mreiter/Desktop/AER201/botL.X/main.asm
                  _40Exit   0x0006a2    program     static /Users/mreiter/Desktop/AER201/botL.X/main.asm
                  _41Next   0x0006ac    program     static /Users/mreiter/Desktop/AER201/botL.X/main.asm
                  _41Exit   0x0006b8    program     static /Users/mreiter/Desktop/AER201/botL.X/main.asm
                  _42Next   0x0006c2    program     static /Users/mreiter/Desktop/AER201/botL.X/main.asm
                  _42Exit   0x0006ce    program     static /Users/mreiter/Desktop/AER201/botL.X/main.asm
                  _43Next   0x0006d8    program     static /Users/mreiter/Desktop/AER201/botL.X/main.asm
                  _43Exit   0x0006e4    program     static /Users/mreiter/Desktop/AER201/botL.X/main.asm
                  _44Next   0x0006ee    program     static /Users/mreiter/Desktop/AER201/botL.X/main.asm
                  _44Exit   0x0006fa    program     static /Users/mreiter/Desktop/AER201/botL.X/main.asm
                  _45Next   0x000704    program     static /Users/mreiter/Desktop/AER201/botL.X/main.asm
                  _45Exit   0x000710    program     static /Users/mreiter/Desktop/AER201/botL.X/main.asm
                  _46Next   0x00071a    program     static /Users/mreiter/Desktop/AER201/botL.X/main.asm
                  _46Exit   0x000726    program     static /Users/mreiter/Desktop/AER201/botL.X/main.asm
                  _47Next   0x000730    program     static /Users/mreiter/Desktop/AER201/botL.X/main.asm
                  _47Exit   0x00073c    program     static /Users/mreiter/Desktop/AER201/botL.X/main.asm
                  _48Next   0x000746    program     static /Users/mreiter/Desktop/AER201/botL.X/main.asm
                  _48Exit   0x000752    program     static /Users/mreiter/Desktop/AER201/botL.X/main.asm
                     PLOG   0x000756    program     static /Users/mreiter/Desktop/AER201/botL.X/main.asm
                  _49loop   0x00076a    program     static /Users/mreiter/Desktop/AER201/botL.X/main.asm
               displayNum   0x000790    program     static /Users/mreiter/Desktop/AER201/botL.X/main.asm
                HOLD_PLOG   0x0007ea    program     static /Users/mreiter/Desktop/AER201/botL.X/main.asm
                  _52Next   0x0007f6    program     static /Users/mreiter/Desktop/AER201/botL.X/main.asm
                  _52Exit   0x000802    program     static /Users/mreiter/Desktop/AER201/botL.X/main.asm
                  _53Next   0x00080c    program     static /Users/mreiter/Desktop/AER201/botL.X/main.asm
                  _53Exit   0x000818    program     static /Users/mreiter/Desktop/AER201/botL.X/main.asm
             PLOG_DETAILS   0x00081c    program     static /Users/mreiter/Desktop/AER201/botL.X/main.asm
                  _54loop   0x000830    program     static /Users/mreiter/Desktop/AER201/botL.X/main.asm
        HOLD_PLOG_DETAILS   0x000846    program     static /Users/mreiter/Desktop/AER201/botL.X/main.asm
                  _55Next   0x000852    program     static /Users/mreiter/Desktop/AER201/botL.X/main.asm
                  _55Exit   0x00085e    program     static /Users/mreiter/Desktop/AER201/botL.X/main.asm
                  PC_MODE   0x000862    program     static /Users/mreiter/Desktop/AER201/botL.X/main.asm
                  _56loop   0x000878    program     static /Users/mreiter/Desktop/AER201/botL.X/main.asm
                  _57loop   0x000896    program     static /Users/mreiter/Desktop/AER201/botL.X/main.asm
                  HOLD_PC   0x0008ac    program     static /Users/mreiter/Desktop/AER201/botL.X/main.asm
                  _58Next   0x0008b8    program     static /Users/mreiter/Desktop/AER201/botL.X/main.asm
                  _58Exit   0x0008c4    program     static /Users/mreiter/Desktop/AER201/botL.X/main.asm
                  _59Next   0x0008ce    program     static /Users/mreiter/Desktop/AER201/botL.X/main.asm
                  _59Exit   0x0008da    program     static /Users/mreiter/Desktop/AER201/botL.X/main.asm
              PC_TRANSFER   0x0008de    program     static /Users/mreiter/Desktop/AER201/botL.X/main.asm
                  _60loop   0x0008f4    program     static /Users/mreiter/Desktop/AER201/botL.X/main.asm
                 SaveData   0x000908    program     static /Users/mreiter/Desktop/AER201/botL.X/main.asm
             _.org_2_091C   0x00091c    program     static /Users/mreiter/Desktop/AER201/botL.X/main.asm
             _.org_2_0934   0x000934    program     static /Users/mreiter/Desktop/AER201/botL.X/main.asm
             _.org_2_0950   0x000950    program     static /Users/mreiter/Desktop/AER201/botL.X/main.asm
             _.org_2_0968   0x000968    program     static /Users/mreiter/Desktop/AER201/botL.X/main.asm
             _.org_2_0984   0x000984    program     static /Users/mreiter/Desktop/AER201/botL.X/main.asm
             _.org_2_099C   0x00099c    program     static /Users/mreiter/Desktop/AER201/botL.X/main.asm
             _.org_2_09B8   0x0009b8    program     static /Users/mreiter/Desktop/AER201/botL.X/main.asm
             _.org_2_09D0   0x0009d0    program     static /Users/mreiter/Desktop/AER201/botL.X/main.asm
             _.org_2_09EC   0x0009ec    program     static /Users/mreiter/Desktop/AER201/botL.X/main.asm
             _.org_2_0A04   0x000a04    program     static /Users/mreiter/Desktop/AER201/botL.X/main.asm
                ShiftLoop   0x000a20    program     static /Users/mreiter/Desktop/AER201/botL.X/main.asm
             _.org_2_0A46   0x000a46    program     static /Users/mreiter/Desktop/AER201/botL.X/main.asm
             _.org_2_0A5E   0x000a5e    program     static /Users/mreiter/Desktop/AER201/botL.X/main.asm
                 RTC_INIT   0x000a86    program     static /Users/mreiter/Desktop/AER201/botL.X/main.asm
                SAVE_TIME   0x000a94    program     static /Users/mreiter/Desktop/AER201/botL.X/main.asm
            SAVE_EXE_TIME   0x000b0a    program     static /Users/mreiter/Desktop/AER201/botL.X/main.asm
             _.org_2_0B26   0x000b26    program     static /Users/mreiter/Desktop/AER201/botL.X/main.asm
             _.org_2_0B3E   0x000b3e    program     static /Users/mreiter/Desktop/AER201/botL.X/main.asm
             _.org_2_0B62   0x000b62    program     static /Users/mreiter/Desktop/AER201/botL.X/main.asm
             _.org_2_0B7A   0x000b7a    program     static /Users/mreiter/Desktop/AER201/botL.X/main.asm
             _.org_2_0B9E   0x000b9e    program     static /Users/mreiter/Desktop/AER201/botL.X/main.asm
             _.org_2_0BB6   0x000bb6    program     static /Users/mreiter/Desktop/AER201/botL.X/main.asm
              DISPLAY_RTC   0x000bc0    program     static /Users/mreiter/Desktop/AER201/botL.X/main.asm
                 SET_TIME   0x000c9a    program     static /Users/mreiter/Desktop/AER201/botL.X/main.asm
                del_loop0   0x000ca0    program     static /Users/mreiter/Desktop/AER201/botL.X/main.asm
               INIT_USART   0x000d02    program     static /Users/mreiter/Desktop/AER201/botL.X/main.asm
                DataUSART   0x000d16    program     static /Users/mreiter/Desktop/AER201/botL.X/main.asm
            TRANSFER_LOGS   0x000d26    program     static /Users/mreiter/Desktop/AER201/botL.X/main.asm
            TRANSFER_DATA   0x000d30    program     static /Users/mreiter/Desktop/AER201/botL.X/main.asm
                  _92loop   0x000d70    program     static /Users/mreiter/Desktop/AER201/botL.X/main.asm
                  _93loop   0x000d7e    program     static /Users/mreiter/Desktop/AER201/botL.X/main.asm
               USART_WAIT   0x000d8a    program     static /Users/mreiter/Desktop/AER201/botL.X/main.asm
             _.org_2_0D8E   0x000d8e    program     static /Users/mreiter/Desktop/AER201/botL.X/main.asm
               USART_LINE   0x000d94    program     static /Users/mreiter/Desktop/AER201/botL.X/main.asm
                 Delay5us   0x000da2    program     static /Users/mreiter/Desktop/AER201/botL.X/main.asm
                  loop5us   0x000da6    program     static /Users/mreiter/Desktop/AER201/botL.X/main.asm
               Delay200us   0x000db0    program     static /Users/mreiter/Desktop/AER201/botL.X/main.asm
                loop200us   0x000db4    program     static /Users/mreiter/Desktop/AER201/botL.X/main.asm
                Delay50ms   0x000dbe    program     static /Users/mreiter/Desktop/AER201/botL.X/main.asm
                 loop50ms   0x000dc2    program     static /Users/mreiter/Desktop/AER201/botL.X/main.asm
                   Cycles   0x000dc8    program     static /Users/mreiter/Desktop/AER201/botL.X/main.asm
              WriteEE_RTC   0x000dd2    program     static /Users/mreiter/Desktop/AER201/botL.X/main.asm
             _.org_2_0DE0   0x000de0    program     static /Users/mreiter/Desktop/AER201/botL.X/main.asm
             _.org_2_0DF8   0x000df8    program     static /Users/mreiter/Desktop/AER201/botL.X/main.asm
             _.org_2_0E0E   0x000e0e    program     static /Users/mreiter/Desktop/AER201/botL.X/main.asm
             _.org_2_0E26   0x000e26    program     static /Users/mreiter/Desktop/AER201/botL.X/main.asm
           ClearEEPROM_21   0x000e30    program     static /Users/mreiter/Desktop/AER201/botL.X/main.asm
                ClearNext   0x000e38    program     static /Users/mreiter/Desktop/AER201/botL.X/main.asm
             _.org_2_0E46   0x000e46    program     static /Users/mreiter/Desktop/AER201/botL.X/main.asm
             _.org_2_0E5E   0x000e5e    program     static /Users/mreiter/Desktop/AER201/botL.X/main.asm
                 READ_KEY   0x000e76    program     static /Users/mreiter/Desktop/AER201/botL.X/main.asm
             _.org_2_0E84   0x000e84    program     static /Users/mreiter/Desktop/AER201/botL.X/main.asm
            READ_KEY_TIME   0x000e8a    program     static /Users/mreiter/Desktop/AER201/botL.X/main.asm
             _.org_2_0E9C   0x000e9c    program     static /Users/mreiter/Desktop/AER201/botL.X/main.asm
           DisplayExeTime   0x000ea2    program     static /Users/mreiter/Desktop/AER201/botL.X/main.asm
                  _98loop   0x000ecc    program     static /Users/mreiter/Desktop/AER201/botL.X/main.asm
        NoSkipDispExeTime   0x000ee0    program     static /Users/mreiter/Desktop/AER201/botL.X/main.asm
          SkipDispExeTime   0x000f32    program     static /Users/mreiter/Desktop/AER201/botL.X/main.asm
               DispOpSort   0x000f34    program     static /Users/mreiter/Desktop/AER201/botL.X/main.asm
                 _103loop   0x000f5e    program     static /Users/mreiter/Desktop/AER201/botL.X/main.asm
         NoSkipDispOpSort   0x000f70    program     static /Users/mreiter/Desktop/AER201/botL.X/main.asm
           SkipDispOpSort   0x00100a    program     static /Users/mreiter/Desktop/AER201/botL.X/main.asm
                DispOpRTC   0x00100c    program     static /Users/mreiter/Desktop/AER201/botL.X/main.asm
                 _109loop   0x001036    program     static /Users/mreiter/Desktop/AER201/botL.X/main.asm
          NoSkipDispOpRTC   0x001048    program     static /Users/mreiter/Desktop/AER201/botL.X/main.asm
            SkipDispOpRTC   0x0010a8    program     static /Users/mreiter/Desktop/AER201/botL.X/main.asm
         DispOpRTC_Helper   0x0010aa    program     static /Users/mreiter/Desktop/AER201/botL.X/main.asm
                  Welcome   0x0010e4    program     static /Users/mreiter/Desktop/AER201/botL.X/main.asm
                     Team   0x0010ea    program     static /Users/mreiter/Desktop/AER201/botL.X/main.asm
                  StandBy   0x0010f4    program     static /Users/mreiter/Desktop/AER201/botL.X/main.asm
              StandbyInfo   0x00111c    program     static /Users/mreiter/Desktop/AER201/botL.X/main.asm
                     Log1   0x001144    program     static /Users/mreiter/Desktop/AER201/botL.X/main.asm
                     Log2   0x00114a    program     static /Users/mreiter/Desktop/AER201/botL.X/main.asm
                 LogInfo1   0x001158    program     static /Users/mreiter/Desktop/AER201/botL.X/main.asm
                 LogInfo2   0x001160    program     static /Users/mreiter/Desktop/AER201/botL.X/main.asm
                 PermLog1   0x00116a    program     static /Users/mreiter/Desktop/AER201/botL.X/main.asm
                 PermLog2   0x00117a    program     static /Users/mreiter/Desktop/AER201/botL.X/main.asm
                     Exe1   0x001186    program     static /Users/mreiter/Desktop/AER201/botL.X/main.asm
                     Exe2   0x001192    program     static /Users/mreiter/Desktop/AER201/botL.X/main.asm
                      PC1   0x00119a    program     static /Users/mreiter/Desktop/AER201/botL.X/main.asm
                      PC2   0x0011a8    program     static /Users/mreiter/Desktop/AER201/botL.X/main.asm
               PCTransfer   0x0011b2    program     static /Users/mreiter/Desktop/AER201/botL.X/main.asm
               PCComplete   0x0011c2    program     static /Users/mreiter/Desktop/AER201/botL.X/main.asm
                     SAVE   0x0011cc    program     static /Users/mreiter/Desktop/AER201/botL.X/main.asm
                   NoData   0x0011d6    program     static /Users/mreiter/Desktop/AER201/botL.X/main.asm
                  InitLCD   0x0011da    program     extern /Users/mreiter/Desktop/AER201/botL.X/lcd.asm
                   WR_INS   0x001232    program     extern /Users/mreiter/Desktop/AER201/botL.X/lcd.asm
                  WR_DATA   0x00124e    program     extern /Users/mreiter/Desktop/AER201/botL.X/lcd.asm
                   WrtLCD   0x001272    program     extern /Users/mreiter/Desktop/AER201/botL.X/lcd.asm
                   ClrLCD   0x001288    program     extern /Users/mreiter/Desktop/AER201/botL.X/lcd.asm
                   ClkLCD   0x001296    program     extern /Users/mreiter/Desktop/AER201/botL.X/lcd.asm
              _.code_00C8   0x0012a2    program     static /Users/mreiter/Desktop/AER201/botL.X/lcd.asm
                    Shift   0x0012a8    program     extern /Users/mreiter/Desktop/AER201/botL.X/lcd.asm
                   LCD_L1   0x0012b4    program     extern /Users/mreiter/Desktop/AER201/botL.X/lcd.asm
                   LCD_L2   0x0012bc    program     extern /Users/mreiter/Desktop/AER201/botL.X/lcd.asm
                   MovMSB   0x0012c4    program     static /Users/mreiter/Desktop/AER201/botL.X/lcd.asm
             lcdLongDelay   0x0012ce    program     static /Users/mreiter/Desktop/AER201/botL.X/lcd.asm
                 LLD_LOOP   0x0012d2    program     static /Users/mreiter/Desktop/AER201/botL.X/lcd.asm
              _.code_00FE   0x0012d8    program     static /Users/mreiter/Desktop/AER201/botL.X/lcd.asm
                delay44us   0x0012e4    program     extern /Users/mreiter/Desktop/AER201/botL.X/lcd.asm
            Delay44usLoop   0x0012e8    program     static /Users/mreiter/Desktop/AER201/botL.X/lcd.asm
                 delay5ms   0x0012f0    program     extern /Users/mreiter/Desktop/AER201/botL.X/lcd.asm
             Delay5msLoop   0x0012f8    program     static /Users/mreiter/Desktop/AER201/botL.X/lcd.asm
                       d2   0x001300    program     static /Users/mreiter/Desktop/AER201/botL.X/lcd.asm
         i2c_common_setup   0x001306    program     extern /Users/mreiter/Desktop/AER201/botL.X/i2c_common.asm
              _.code_001C   0x001322    program     static /Users/mreiter/Desktop/AER201/botL.X/i2c_common.asm
                write_rtc   0x001328    program     extern /Users/mreiter/Desktop/AER201/botL.X/i2c_common.asm
              _.code_002A   0x001330    program     static /Users/mreiter/Desktop/AER201/botL.X/i2c_common.asm
              _.code_0032   0x001338    program     static /Users/mreiter/Desktop/AER201/botL.X/i2c_common.asm
              _.code_0038   0x00133e    program     static /Users/mreiter/Desktop/AER201/botL.X/i2c_common.asm
              _.code_0042   0x001348    program     static /Users/mreiter/Desktop/AER201/botL.X/i2c_common.asm
              _.code_0048   0x00134e    program     static /Users/mreiter/Desktop/AER201/botL.X/i2c_common.asm
              _.code_0052   0x001358    program     static /Users/mreiter/Desktop/AER201/botL.X/i2c_common.asm
              _.code_0058   0x00135e    program     static /Users/mreiter/Desktop/AER201/botL.X/i2c_common.asm
              _.code_0060   0x001366    program     static /Users/mreiter/Desktop/AER201/botL.X/i2c_common.asm
                 read_rtc   0x00136c    program     extern /Users/mreiter/Desktop/AER201/botL.X/i2c_common.asm
              _.code_006E   0x001374    program     static /Users/mreiter/Desktop/AER201/botL.X/i2c_common.asm
              _.code_0076   0x00137c    program     static /Users/mreiter/Desktop/AER201/botL.X/i2c_common.asm
              _.code_007C   0x001382    program     static /Users/mreiter/Desktop/AER201/botL.X/i2c_common.asm
              _.code_0086   0x00138c    program     static /Users/mreiter/Desktop/AER201/botL.X/i2c_common.asm
              _.code_008C   0x001392    program     static /Users/mreiter/Desktop/AER201/botL.X/i2c_common.asm
              _.code_0094   0x00139a    program     static /Users/mreiter/Desktop/AER201/botL.X/i2c_common.asm
              _.code_009C   0x0013a2    program     static /Users/mreiter/Desktop/AER201/botL.X/i2c_common.asm
              _.code_00A2   0x0013a8    program     static /Users/mreiter/Desktop/AER201/botL.X/i2c_common.asm
              _.code_00AA   0x0013b0    program     static /Users/mreiter/Desktop/AER201/botL.X/i2c_common.asm
                  _waitl0   0x0013be    program     static /Users/mreiter/Desktop/AER201/botL.X/i2c_common.asm
              _.code_00C2   0x0013c8    program     static /Users/mreiter/Desktop/AER201/botL.X/i2c_common.asm
              rtc_convert   0x0013ce    program     extern /Users/mreiter/Desktop/AER201/botL.X/i2c_common.asm
                 INIT_RTC   0x0013e4    program     extern /Users/mreiter/Desktop/AER201/botL.X/i2c_common.asm
              _.code_00E6   0x0013ec    program     static /Users/mreiter/Desktop/AER201/botL.X/i2c_common.asm
              _.code_00EE   0x0013f4    program     static /Users/mreiter/Desktop/AER201/botL.X/i2c_common.asm
              _.code_00F4   0x0013fa    program     static /Users/mreiter/Desktop/AER201/botL.X/i2c_common.asm
              _.code_00FC   0x001402    program     static /Users/mreiter/Desktop/AER201/botL.X/i2c_common.asm
              _.code_0102   0x001408    program     static /Users/mreiter/Desktop/AER201/botL.X/i2c_common.asm
              _.code_010A   0x001410    program     static /Users/mreiter/Desktop/AER201/botL.X/i2c_common.asm
              _.code_0110   0x001416    program     static /Users/mreiter/Desktop/AER201/botL.X/i2c_common.asm
              _.code_0118   0x00141e    program     static /Users/mreiter/Desktop/AER201/botL.X/i2c_common.asm
          READ_COLOUR_I2C   0x001424    program     extern /Users/mreiter/Desktop/AER201/botL.X/i2c_common.asm
              _.code_0126   0x00142c    program     static /Users/mreiter/Desktop/AER201/botL.X/i2c_common.asm
              _.code_012E   0x001434    program     static /Users/mreiter/Desktop/AER201/botL.X/i2c_common.asm
              _.code_0134   0x00143a    program     static /Users/mreiter/Desktop/AER201/botL.X/i2c_common.asm
              _.code_0140   0x001446    program     static /Users/mreiter/Desktop/AER201/botL.X/i2c_common.asm
              _.code_0146   0x00144c    program     static /Users/mreiter/Desktop/AER201/botL.X/i2c_common.asm
              _.code_014E   0x001454    program     static /Users/mreiter/Desktop/AER201/botL.X/i2c_common.asm
              _.code_0156   0x00145c    program     static /Users/mreiter/Desktop/AER201/botL.X/i2c_common.asm
              _.code_015C   0x001462    program     static /Users/mreiter/Desktop/AER201/botL.X/i2c_common.asm
              _.code_0164   0x00146a    program     static /Users/mreiter/Desktop/AER201/botL.X/i2c_common.asm
                  _waitl1   0x001478    program     static /Users/mreiter/Desktop/AER201/botL.X/i2c_common.asm
              _.code_017C   0x001482    program     static /Users/mreiter/Desktop/AER201/botL.X/i2c_common.asm
         WRITE_COLOUR_I2C   0x001488    program     extern /Users/mreiter/Desktop/AER201/botL.X/i2c_common.asm
              _.code_018A   0x001490    program     static /Users/mreiter/Desktop/AER201/botL.X/i2c_common.asm
              _.code_0192   0x001498    program     static /Users/mreiter/Desktop/AER201/botL.X/i2c_common.asm
              _.code_0198   0x00149e    program     static /Users/mreiter/Desktop/AER201/botL.X/i2c_common.asm
              _.code_01A4   0x0014aa    program     static /Users/mreiter/Desktop/AER201/botL.X/i2c_common.asm
              _.code_01AA   0x0014b0    program     static /Users/mreiter/Desktop/AER201/botL.X/i2c_common.asm
              _.code_01B6   0x0014bc    program     static /Users/mreiter/Desktop/AER201/botL.X/i2c_common.asm
              _.code_01BC   0x0014c2    program     static /Users/mreiter/Desktop/AER201/botL.X/i2c_common.asm
              _.code_01C4   0x0014ca    program     static /Users/mreiter/Desktop/AER201/botL.X/i2c_common.asm
             INIT_ARDUINO   0x0014d0    program     extern /Users/mreiter/Desktop/AER201/botL.X/i2c_common.asm
              _.code_01D2   0x0014d8    program     static /Users/mreiter/Desktop/AER201/botL.X/i2c_common.asm
              _.code_01DA   0x0014e0    program     static /Users/mreiter/Desktop/AER201/botL.X/i2c_common.asm
              _.code_01E0   0x0014e6    program     static /Users/mreiter/Desktop/AER201/botL.X/i2c_common.asm
              _.code_01E8   0x0014ee    program     static /Users/mreiter/Desktop/AER201/botL.X/i2c_common.asm
             READ_ARDUINO   0x0014f4    program     extern /Users/mreiter/Desktop/AER201/botL.X/i2c_common.asm
              _.code_01F6   0x0014fc    program     static /Users/mreiter/Desktop/AER201/botL.X/i2c_common.asm
              _.code_01FE   0x001504    program     static /Users/mreiter/Desktop/AER201/botL.X/i2c_common.asm
              _.code_0206   0x00150c    program     static /Users/mreiter/Desktop/AER201/botL.X/i2c_common.asm
              _.code_020C   0x001512    program     static /Users/mreiter/Desktop/AER201/botL.X/i2c_common.asm
              _.code_0214   0x00151a    program     static /Users/mreiter/Desktop/AER201/botL.X/i2c_common.asm
                  _waitl2   0x001526    program     static /Users/mreiter/Desktop/AER201/botL.X/i2c_common.asm
              _.code_022A   0x001530    program     static /Users/mreiter/Desktop/AER201/botL.X/i2c_common.asm
                CHECK_ACK   0x001536    program     extern /Users/mreiter/Desktop/AER201/botL.X/i2c.asm
                 I2C_temp   0x001536    program     static /Users/mreiter/Desktop/AER201/botL.X/i2c.asm
                I2C_ACKDT   0x001536    program     extern /Users/mreiter/Desktop/AER201/botL.X/i2c.asm
               CHECK_NACK   0x00153a    program     extern /Users/mreiter/Desktop/AER201/botL.X/i2c.asm
                TEST_NACK   0x00153e    program     static /Users/mreiter/Desktop/AER201/botL.X/i2c.asm
          I2C_Master_INIT   0x001546    program     extern /Users/mreiter/Desktop/AER201/botL.X/i2c.asm
                     WAIT   0x001558    program     static /Users/mreiter/Desktop/AER201/botL.X/i2c.asm
          I2C_Master_WAIT   0x001558    program     extern /Users/mreiter/Desktop/AER201/botL.X/i2c.asm
         I2C_Master_START   0x001568    program     extern /Users/mreiter/Desktop/AER201/botL.X/i2c.asm
        I2C_Master_RSTART   0x001570    program     extern /Users/mreiter/Desktop/AER201/botL.X/i2c.asm
          I2C_Master_STOP   0x001578    program     extern /Users/mreiter/Desktop/AER201/botL.X/i2c.asm
         I2C_Master_WRITE   0x001580    program     extern /Users/mreiter/Desktop/AER201/botL.X/i2c.asm
                  HOLD_UP   0x001586    program     static /Users/mreiter/Desktop/AER201/botL.X/i2c.asm
          I2C_Master_READ   0x00158e    program     extern /Users/mreiter/Desktop/AER201/botL.X/i2c.asm
                     LOOP   0x001594    program     static /Users/mreiter/Desktop/AER201/botL.X/i2c.asm
           I2C_Master_ACK   0x00159c    program     extern /Users/mreiter/Desktop/AER201/botL.X/i2c.asm
                 TEST_ACK   0x0015a0    program     static /Users/mreiter/Desktop/AER201/botL.X/i2c.asm
               regaddress   0x000060       data     extern /Users/mreiter/Desktop/AER201/botL.X/i2c_common.asm
                 databyte   0x000061       data     extern /Users/mreiter/Desktop/AER201/botL.X/i2c_common.asm
                 datachar   0x000062       data     extern /Users/mreiter/Desktop/AER201/botL.X/i2c_common.asm
               tens_digit   0x000063       data     extern /Users/mreiter/Desktop/AER201/botL.X/i2c_common.asm
               ones_digit   0x000064       data     extern /Users/mreiter/Desktop/AER201/botL.X/i2c_common.asm
           convert_buffer   0x000065       data     extern /Users/mreiter/Desktop/AER201/botL.X/i2c_common.asm


