MPLINK 5.08, LINKER
Linker Map File - Created Sat Mar  4 14:21:24 2017

                                 Section Info
                  Section       Type    Address   Location Size(Bytes)
                ---------  ---------  ---------  ---------  ---------
                   .org_0       code   0x000000    program   0x000004
                   .cinit    romdata   0x000004    program   0x000002
                   .org_1       code   0x000008    program   0x000004
                   .org_2       code   0x000018    program   0x001056
                    .code       code   0x00106e    program   0x000578
.config_300001_BUILD/DEFAULT/PRODUCTION/MAIN.O    romdata   0x300001    program   0x000001
.config_300002_BUILD/DEFAULT/PRODUCTION/MAIN.O    romdata   0x300002    program   0x000001
.config_300003_BUILD/DEFAULT/PRODUCTION/MAIN.O    romdata   0x300003    program   0x000001
.config_300005_BUILD/DEFAULT/PRODUCTION/MAIN.O    romdata   0x300005    program   0x000001
.config_300006_BUILD/DEFAULT/PRODUCTION/MAIN.O    romdata   0x300006    program   0x000001
.config_300008_BUILD/DEFAULT/PRODUCTION/MAIN.O    romdata   0x300008    program   0x000001
.config_300009_BUILD/DEFAULT/PRODUCTION/MAIN.O    romdata   0x300009    program   0x000001
.config_30000A_BUILD/DEFAULT/PRODUCTION/MAIN.O    romdata   0x30000a    program   0x000001
.config_30000B_BUILD/DEFAULT/PRODUCTION/MAIN.O    romdata   0x30000b    program   0x000001
.config_30000C_BUILD/DEFAULT/PRODUCTION/MAIN.O    romdata   0x30000c    program   0x000001
.config_30000D_BUILD/DEFAULT/PRODUCTION/MAIN.O    romdata   0x30000d    program   0x000001
               .udata_acs      udata   0x000060       data   0x000006



                              Program Memory Usage 
                               Start         End      
                           ---------   ---------      
                            0x000000    0x000005      
                            0x000008    0x00000b      
                            0x000018    0x0015e5      
                            0x300001    0x300003      
                            0x300005    0x300006      
                            0x300008    0x30000d      
            5603 out of 66584 program addresses used, program memory utilization is 8%



                              Symbols - Sorted by Name
                     Name    Address   Location    Storage File                     
                ---------  ---------  ---------  --------- ---------                
                CHECK_ACK   0x001576    program     extern /Users/mreiter/Desktop/AER201/botL.X/i2c.asm
               CHECK_DONE   0x0004d6    program     static /Users/mreiter/Desktop/AER201/botL.X/main.asm
               CHECK_NACK   0x00157a    program     extern /Users/mreiter/Desktop/AER201/botL.X/i2c.asm
         COLLECTIONS_STEP   0x0003da    program     static /Users/mreiter/Desktop/AER201/botL.X/main.asm
              COLOUR_TEST   0x000368    program     static /Users/mreiter/Desktop/AER201/botL.X/main.asm
           ClearEEPROM_21   0x000dba    program     static /Users/mreiter/Desktop/AER201/botL.X/main.asm
                ClearNext   0x000dc2    program     static /Users/mreiter/Desktop/AER201/botL.X/main.asm
                   ClkLCD   0x001200    program     extern /Users/mreiter/Desktop/AER201/botL.X/lcd.asm
                   ClrLCD   0x0011f2    program     extern /Users/mreiter/Desktop/AER201/botL.X/lcd.asm
                   Cycles   0x000d52    program     static /Users/mreiter/Desktop/AER201/botL.X/main.asm
              DC_TEST_CCW   0x0002f8    program     static /Users/mreiter/Desktop/AER201/botL.X/main.asm
         DC_TEST_CCW_HOLD   0x00030c    program     static /Users/mreiter/Desktop/AER201/botL.X/main.asm
               DC_TEST_CW   0x0002c4    program     static /Users/mreiter/Desktop/AER201/botL.X/main.asm
          DC_TEST_CW_HOLD   0x0002d8    program     static /Users/mreiter/Desktop/AER201/botL.X/main.asm
               DETECTIONS   0x000406    program     static /Users/mreiter/Desktop/AER201/botL.X/main.asm
              DISPLAY_RTC   0x000b4a    program     static /Users/mreiter/Desktop/AER201/botL.X/main.asm
                DataUSART   0x000ca0    program     static /Users/mreiter/Desktop/AER201/botL.X/main.asm
               Delay200us   0x000d3a    program     static /Users/mreiter/Desktop/AER201/botL.X/main.asm
            Delay44usLoop   0x00124e    program     static /Users/mreiter/Desktop/AER201/botL.X/lcd.asm
                Delay50ms   0x000d48    program     static /Users/mreiter/Desktop/AER201/botL.X/main.asm
             Delay5msLoop   0x00125e    program     static /Users/mreiter/Desktop/AER201/botL.X/lcd.asm
                 Delay5us   0x000d2c    program     static /Users/mreiter/Desktop/AER201/botL.X/main.asm
                DispOpRTC   0x000f96    program     static /Users/mreiter/Desktop/AER201/botL.X/main.asm
         DispOpRTC_Helper   0x001034    program     static /Users/mreiter/Desktop/AER201/botL.X/main.asm
               DispOpSort   0x000ebe    program     static /Users/mreiter/Desktop/AER201/botL.X/main.asm
           DisplayExeTime   0x000e2c    program     static /Users/mreiter/Desktop/AER201/botL.X/main.asm
             END_ISR_HIGH   0x00008c    program     static /Users/mreiter/Desktop/AER201/botL.X/main.asm
              END_ISR_LOW   0x0000d8    program     static /Users/mreiter/Desktop/AER201/botL.X/main.asm
                EXECUTION   0x000388    program     static /Users/mreiter/Desktop/AER201/botL.X/main.asm
                 EXIT_EXE   0x0004e2    program     static /Users/mreiter/Desktop/AER201/botL.X/main.asm
                     Exe1   0x0010f0    program     static /Users/mreiter/Desktop/AER201/botL.X/main.asm
                     Exe2   0x0010fc    program     static /Users/mreiter/Desktop/AER201/botL.X/main.asm
                 HOLD_LOG   0x000546    program     static /Users/mreiter/Desktop/AER201/botL.X/main.asm
            HOLD_LOG_INFO   0x0005a4    program     static /Users/mreiter/Desktop/AER201/botL.X/main.asm
                  HOLD_PC   0x000836    program     static /Users/mreiter/Desktop/AER201/botL.X/main.asm
            HOLD_PERM_LOG   0x0005fe    program     static /Users/mreiter/Desktop/AER201/botL.X/main.asm
                HOLD_PLOG   0x000774    program     static /Users/mreiter/Desktop/AER201/botL.X/main.asm
        HOLD_PLOG_DETAILS   0x0007d0    program     static /Users/mreiter/Desktop/AER201/botL.X/main.asm
             HOLD_STANDBY   0x00020e    program     static /Users/mreiter/Desktop/AER201/botL.X/main.asm
                  HOLD_UP   0x0015c6    program     static /Users/mreiter/Desktop/AER201/botL.X/i2c.asm
                I2C_ACKDT   0x001576    program     extern /Users/mreiter/Desktop/AER201/botL.X/i2c.asm
           I2C_Master_ACK   0x0015dc    program     extern /Users/mreiter/Desktop/AER201/botL.X/i2c.asm
          I2C_Master_INIT   0x001586    program     extern /Users/mreiter/Desktop/AER201/botL.X/i2c.asm
          I2C_Master_READ   0x0015ce    program     extern /Users/mreiter/Desktop/AER201/botL.X/i2c.asm
        I2C_Master_RSTART   0x0015b0    program     extern /Users/mreiter/Desktop/AER201/botL.X/i2c.asm
         I2C_Master_START   0x0015a8    program     extern /Users/mreiter/Desktop/AER201/botL.X/i2c.asm
          I2C_Master_STOP   0x0015b8    program     extern /Users/mreiter/Desktop/AER201/botL.X/i2c.asm
          I2C_Master_WAIT   0x001598    program     extern /Users/mreiter/Desktop/AER201/botL.X/i2c.asm
         I2C_Master_WRITE   0x0015c0    program     extern /Users/mreiter/Desktop/AER201/botL.X/i2c.asm
                 I2C_temp   0x001576    program     static /Users/mreiter/Desktop/AER201/botL.X/i2c.asm
              INC_ESKACAP   0x000484    program     static /Users/mreiter/Desktop/AER201/botL.X/main.asm
            INC_ESKANOCAP   0x000464    program     static /Users/mreiter/Desktop/AER201/botL.X/main.asm
               INC_YOPCAP   0x000448    program     static /Users/mreiter/Desktop/AER201/botL.X/main.asm
             INC_YOPNOCAP   0x00042c    program     static /Users/mreiter/Desktop/AER201/botL.X/main.asm
                     INIT   0x0000e2    program     static /Users/mreiter/Desktop/AER201/botL.X/main.asm
             INIT_ARDUINO   0x00150a    program     extern /Users/mreiter/Desktop/AER201/botL.X/i2c_common.asm
                 INIT_RTC   0x0013b4    program     extern /Users/mreiter/Desktop/AER201/botL.X/i2c_common.asm
               INIT_USART   0x000c8c    program     static /Users/mreiter/Desktop/AER201/botL.X/main.asm
                 ISR_HIGH   0x00001c    program     static /Users/mreiter/Desktop/AER201/botL.X/main.asm
                  ISR_LOW   0x000096    program     static /Users/mreiter/Desktop/AER201/botL.X/main.asm
                  InitLCD   0x001144    program     extern /Users/mreiter/Desktop/AER201/botL.X/lcd.asm
                   LCD_L1   0x00121a    program     extern /Users/mreiter/Desktop/AER201/botL.X/lcd.asm
                   LCD_L2   0x001222    program     extern /Users/mreiter/Desktop/AER201/botL.X/lcd.asm
                 LLD_LOOP   0x001238    program     static /Users/mreiter/Desktop/AER201/botL.X/lcd.asm
                      LOG   0x000512    program     static /Users/mreiter/Desktop/AER201/botL.X/main.asm
                 LOG_INFO   0x000578    program     static /Users/mreiter/Desktop/AER201/botL.X/main.asm
                     LOOP   0x0015d4    program     static /Users/mreiter/Desktop/AER201/botL.X/i2c.asm
                  LOOPING   0x00036a    program     static /Users/mreiter/Desktop/AER201/botL.X/main.asm
                     Log1   0x0010ae    program     static /Users/mreiter/Desktop/AER201/botL.X/main.asm
                     Log2   0x0010b4    program     static /Users/mreiter/Desktop/AER201/botL.X/main.asm
                 LogInfo1   0x0010c2    program     static /Users/mreiter/Desktop/AER201/botL.X/main.asm
                 LogInfo2   0x0010ca    program     static /Users/mreiter/Desktop/AER201/botL.X/main.asm
                   MovMSB   0x00122a    program     static /Users/mreiter/Desktop/AER201/botL.X/lcd.asm
                   NoData   0x001140    program     static /Users/mreiter/Desktop/AER201/botL.X/main.asm
        NoSkipDispExeTime   0x000e6a    program     static /Users/mreiter/Desktop/AER201/botL.X/main.asm
          NoSkipDispOpRTC   0x000fd2    program     static /Users/mreiter/Desktop/AER201/botL.X/main.asm
         NoSkipDispOpSort   0x000efa    program     static /Users/mreiter/Desktop/AER201/botL.X/main.asm
                      PC1   0x001104    program     static /Users/mreiter/Desktop/AER201/botL.X/main.asm
                      PC2   0x001112    program     static /Users/mreiter/Desktop/AER201/botL.X/main.asm
               PCComplete   0x00112c    program     static /Users/mreiter/Desktop/AER201/botL.X/main.asm
               PCTransfer   0x00111c    program     static /Users/mreiter/Desktop/AER201/botL.X/main.asm
                  PC_MODE   0x0007ec    program     static /Users/mreiter/Desktop/AER201/botL.X/main.asm
              PC_TRANSFER   0x000868    program     static /Users/mreiter/Desktop/AER201/botL.X/main.asm
                 PERM_LOG   0x0005c0    program     static /Users/mreiter/Desktop/AER201/botL.X/main.asm
                     PLOG   0x0006e0    program     static /Users/mreiter/Desktop/AER201/botL.X/main.asm
             PLOG_DETAILS   0x0007a6    program     static /Users/mreiter/Desktop/AER201/botL.X/main.asm
                 PermLog1   0x0010d4    program     static /Users/mreiter/Desktop/AER201/botL.X/main.asm
                 PermLog2   0x0010e4    program     static /Users/mreiter/Desktop/AER201/botL.X/main.asm
                   RD_END   0x001482    program     static /Users/mreiter/Desktop/AER201/botL.X/i2c_common.asm
               RD_END_RTC   0x001394    program     static /Users/mreiter/Desktop/AER201/botL.X/i2c_common.asm
                  RD_ERR1   0x001464    program     static /Users/mreiter/Desktop/AER201/botL.X/i2c_common.asm
              RD_ERR1_RTC   0x001376    program     static /Users/mreiter/Desktop/AER201/botL.X/i2c_common.asm
                  RD_ERR2   0x00146e    program     static /Users/mreiter/Desktop/AER201/botL.X/i2c_common.asm
              RD_ERR2_RTC   0x001380    program     static /Users/mreiter/Desktop/AER201/botL.X/i2c_common.asm
                  RD_ERR3   0x001478    program     static /Users/mreiter/Desktop/AER201/botL.X/i2c_common.asm
              RD_ERR3_RTC   0x00138a    program     static /Users/mreiter/Desktop/AER201/botL.X/i2c_common.asm
             READ_ARDUINO   0x001534    program     extern /Users/mreiter/Desktop/AER201/botL.X/i2c_common.asm
          READ_COLOUR_I2C   0x0013f4    program     extern /Users/mreiter/Desktop/AER201/botL.X/i2c_common.asm
                 READ_KEY   0x000e00    program     static /Users/mreiter/Desktop/AER201/botL.X/main.asm
            READ_KEY_TIME   0x000e14    program     static /Users/mreiter/Desktop/AER201/botL.X/main.asm
                ROTATE_90   0x0003dc    program     static /Users/mreiter/Desktop/AER201/botL.X/main.asm
           ROTATE_90_TEST   0x00033e    program     static /Users/mreiter/Desktop/AER201/botL.X/main.asm
                 RTC_INIT   0x000a10    program     static /Users/mreiter/Desktop/AER201/botL.X/main.asm
                     SAVE   0x001136    program     static /Users/mreiter/Desktop/AER201/botL.X/main.asm
            SAVE_EXE_TIME   0x000a94    program     static /Users/mreiter/Desktop/AER201/botL.X/main.asm
                SAVE_TIME   0x000a1e    program     static /Users/mreiter/Desktop/AER201/botL.X/main.asm
                 SET_TIME   0x000c24    program     static /Users/mreiter/Desktop/AER201/botL.X/main.asm
                  STANDBY   0x0001be    program     static /Users/mreiter/Desktop/AER201/botL.X/main.asm
                STEP_TEST   0x00032c    program     static /Users/mreiter/Desktop/AER201/botL.X/main.asm
                 SaveData   0x000892    program     static /Users/mreiter/Desktop/AER201/botL.X/main.asm
                    Shift   0x001212    program     extern /Users/mreiter/Desktop/AER201/botL.X/lcd.asm
                ShiftLoop   0x0009aa    program     static /Users/mreiter/Desktop/AER201/botL.X/main.asm
          SkipDispExeTime   0x000ebc    program     static /Users/mreiter/Desktop/AER201/botL.X/main.asm
            SkipDispOpRTC   0x001032    program     static /Users/mreiter/Desktop/AER201/botL.X/main.asm
           SkipDispOpSort   0x000f94    program     static /Users/mreiter/Desktop/AER201/botL.X/main.asm
                  StandBy   0x00107e    program     static /Users/mreiter/Desktop/AER201/botL.X/main.asm
              StandbyInfo   0x001086    program     static /Users/mreiter/Desktop/AER201/botL.X/main.asm
                 TEST_ACK   0x0015e0    program     static /Users/mreiter/Desktop/AER201/botL.X/i2c.asm
                TEST_NACK   0x00157e    program     static /Users/mreiter/Desktop/AER201/botL.X/i2c.asm
            TRANSFER_DATA   0x000cba    program     static /Users/mreiter/Desktop/AER201/botL.X/main.asm
            TRANSFER_LOGS   0x000cb0    program     static /Users/mreiter/Desktop/AER201/botL.X/main.asm
            TRAY_CCW_HOLD   0x0004be    program     static /Users/mreiter/Desktop/AER201/botL.X/main.asm
             TRAY_CW_HOLD   0x0004a6    program     static /Users/mreiter/Desktop/AER201/botL.X/main.asm
            TRAY_STEP_CCW   0x0004b8    program     static /Users/mreiter/Desktop/AER201/botL.X/main.asm
             TRAY_STEP_CW   0x0004a0    program     static /Users/mreiter/Desktop/AER201/botL.X/main.asm
            TRAY_STEP_END   0x0004ce    program     static /Users/mreiter/Desktop/AER201/botL.X/main.asm
                     Team   0x001074    program     static /Users/mreiter/Desktop/AER201/botL.X/main.asm
               USART_LINE   0x000d1e    program     static /Users/mreiter/Desktop/AER201/botL.X/main.asm
               USART_WAIT   0x000d14    program     static /Users/mreiter/Desktop/AER201/botL.X/main.asm
                     WAIT   0x001598    program     static /Users/mreiter/Desktop/AER201/botL.X/i2c.asm
         WRITE_COLOUR_I2C   0x00148c    program     extern /Users/mreiter/Desktop/AER201/botL.X/i2c_common.asm
                  WR_DATA   0x0011b8    program     extern /Users/mreiter/Desktop/AER201/botL.X/lcd.asm
                   WR_END   0x001500    program     static /Users/mreiter/Desktop/AER201/botL.X/i2c_common.asm
               WR_END_RTC   0x0012fe    program     static /Users/mreiter/Desktop/AER201/botL.X/i2c_common.asm
                  WR_ERR1   0x0014e0    program     static /Users/mreiter/Desktop/AER201/botL.X/i2c_common.asm
              WR_ERR1_RTC   0x0012de    program     static /Users/mreiter/Desktop/AER201/botL.X/i2c_common.asm
                  WR_ERR2   0x0014ea    program     static /Users/mreiter/Desktop/AER201/botL.X/i2c_common.asm
              WR_ERR2_RTC   0x0012e8    program     static /Users/mreiter/Desktop/AER201/botL.X/i2c_common.asm
                  WR_ERR3   0x0014f6    program     static /Users/mreiter/Desktop/AER201/botL.X/i2c_common.asm
              WR_ERR3_RTC   0x0012f4    program     static /Users/mreiter/Desktop/AER201/botL.X/i2c_common.asm
                   WR_INS   0x00119c    program     extern /Users/mreiter/Desktop/AER201/botL.X/lcd.asm
                  Welcome   0x00106e    program     static /Users/mreiter/Desktop/AER201/botL.X/main.asm
              WriteEE_RTC   0x000d5c    program     static /Users/mreiter/Desktop/AER201/botL.X/main.asm
                   WrtLCD   0x0011dc    program     extern /Users/mreiter/Desktop/AER201/botL.X/lcd.asm
              _.code_001C   0x001288    program     static /Users/mreiter/Desktop/AER201/botL.X/i2c_common.asm
              _.code_002A   0x001296    program     static /Users/mreiter/Desktop/AER201/botL.X/i2c_common.asm
              _.code_0032   0x00129e    program     static /Users/mreiter/Desktop/AER201/botL.X/i2c_common.asm
              _.code_0038   0x0012a4    program     static /Users/mreiter/Desktop/AER201/botL.X/i2c_common.asm
              _.code_0048   0x0012b4    program     static /Users/mreiter/Desktop/AER201/botL.X/i2c_common.asm
              _.code_004E   0x0012ba    program     static /Users/mreiter/Desktop/AER201/botL.X/i2c_common.asm
              _.code_005E   0x0012ca    program     static /Users/mreiter/Desktop/AER201/botL.X/i2c_common.asm
              _.code_0064   0x0012d0    program     static /Users/mreiter/Desktop/AER201/botL.X/i2c_common.asm
              _.code_0096   0x001302    program     static /Users/mreiter/Desktop/AER201/botL.X/i2c_common.asm
              _.code_00A4   0x001310    program     static /Users/mreiter/Desktop/AER201/botL.X/i2c_common.asm
              _.code_00AC   0x001318    program     static /Users/mreiter/Desktop/AER201/botL.X/i2c_common.asm
              _.code_00B2   0x00131e    program     static /Users/mreiter/Desktop/AER201/botL.X/i2c_common.asm
              _.code_00C2   0x00132e    program     static /Users/mreiter/Desktop/AER201/botL.X/i2c_common.asm
              _.code_00C8   0x00120c    program     static /Users/mreiter/Desktop/AER201/botL.X/lcd.asm
              _.code_00C8   0x001334    program     static /Users/mreiter/Desktop/AER201/botL.X/i2c_common.asm
              _.code_00D6   0x001342    program     static /Users/mreiter/Desktop/AER201/botL.X/i2c_common.asm
              _.code_00DE   0x00134a    program     static /Users/mreiter/Desktop/AER201/botL.X/i2c_common.asm
              _.code_00E4   0x001350    program     static /Users/mreiter/Desktop/AER201/botL.X/i2c_common.asm
              _.code_00F2   0x00135e    program     static /Users/mreiter/Desktop/AER201/botL.X/i2c_common.asm
              _.code_00FA   0x00123e    program     static /Users/mreiter/Desktop/AER201/botL.X/lcd.asm
              _.code_012C   0x001398    program     static /Users/mreiter/Desktop/AER201/botL.X/i2c_common.asm
              _.code_0150   0x0013bc    program     static /Users/mreiter/Desktop/AER201/botL.X/i2c_common.asm
              _.code_0158   0x0013c4    program     static /Users/mreiter/Desktop/AER201/botL.X/i2c_common.asm
              _.code_015E   0x0013ca    program     static /Users/mreiter/Desktop/AER201/botL.X/i2c_common.asm
              _.code_0166   0x0013d2    program     static /Users/mreiter/Desktop/AER201/botL.X/i2c_common.asm
              _.code_016C   0x0013d8    program     static /Users/mreiter/Desktop/AER201/botL.X/i2c_common.asm
              _.code_0174   0x0013e0    program     static /Users/mreiter/Desktop/AER201/botL.X/i2c_common.asm
              _.code_017A   0x0013e6    program     static /Users/mreiter/Desktop/AER201/botL.X/i2c_common.asm
              _.code_0182   0x0013ee    program     static /Users/mreiter/Desktop/AER201/botL.X/i2c_common.asm
              _.code_0190   0x0013fc    program     static /Users/mreiter/Desktop/AER201/botL.X/i2c_common.asm
              _.code_0198   0x001404    program     static /Users/mreiter/Desktop/AER201/botL.X/i2c_common.asm
              _.code_019E   0x00140a    program     static /Users/mreiter/Desktop/AER201/botL.X/i2c_common.asm
              _.code_01B0   0x00141c    program     static /Users/mreiter/Desktop/AER201/botL.X/i2c_common.asm
              _.code_01B6   0x001422    program     static /Users/mreiter/Desktop/AER201/botL.X/i2c_common.asm
              _.code_01C4   0x001430    program     static /Users/mreiter/Desktop/AER201/botL.X/i2c_common.asm
              _.code_01CC   0x001438    program     static /Users/mreiter/Desktop/AER201/botL.X/i2c_common.asm
              _.code_01D2   0x00143e    program     static /Users/mreiter/Desktop/AER201/botL.X/i2c_common.asm
              _.code_01E0   0x00144c    program     static /Users/mreiter/Desktop/AER201/botL.X/i2c_common.asm
              _.code_021A   0x001486    program     static /Users/mreiter/Desktop/AER201/botL.X/i2c_common.asm
              _.code_0228   0x001494    program     static /Users/mreiter/Desktop/AER201/botL.X/i2c_common.asm
              _.code_0230   0x00149c    program     static /Users/mreiter/Desktop/AER201/botL.X/i2c_common.asm
              _.code_0236   0x0014a2    program     static /Users/mreiter/Desktop/AER201/botL.X/i2c_common.asm
              _.code_0248   0x0014b4    program     static /Users/mreiter/Desktop/AER201/botL.X/i2c_common.asm
              _.code_024E   0x0014ba    program     static /Users/mreiter/Desktop/AER201/botL.X/i2c_common.asm
              _.code_0260   0x0014cc    program     static /Users/mreiter/Desktop/AER201/botL.X/i2c_common.asm
              _.code_0266   0x0014d2    program     static /Users/mreiter/Desktop/AER201/botL.X/i2c_common.asm
              _.code_0298   0x001504    program     static /Users/mreiter/Desktop/AER201/botL.X/i2c_common.asm
              _.code_02A6   0x001512    program     static /Users/mreiter/Desktop/AER201/botL.X/i2c_common.asm
              _.code_02AE   0x00151a    program     static /Users/mreiter/Desktop/AER201/botL.X/i2c_common.asm
              _.code_02B4   0x001520    program     static /Users/mreiter/Desktop/AER201/botL.X/i2c_common.asm
              _.code_02C2   0x00152e    program     static /Users/mreiter/Desktop/AER201/botL.X/i2c_common.asm
              _.code_02D0   0x00153c    program     static /Users/mreiter/Desktop/AER201/botL.X/i2c_common.asm
              _.code_02D8   0x001544    program     static /Users/mreiter/Desktop/AER201/botL.X/i2c_common.asm
              _.code_02E0   0x00154c    program     static /Users/mreiter/Desktop/AER201/botL.X/i2c_common.asm
              _.code_02E6   0x001552    program     static /Users/mreiter/Desktop/AER201/botL.X/i2c_common.asm
              _.code_02EE   0x00155a    program     static /Users/mreiter/Desktop/AER201/botL.X/i2c_common.asm
              _.code_0304   0x001570    program     static /Users/mreiter/Desktop/AER201/botL.X/i2c_common.asm
             _.org_2_08A6   0x0008a6    program     static /Users/mreiter/Desktop/AER201/botL.X/main.asm
             _.org_2_08BE   0x0008be    program     static /Users/mreiter/Desktop/AER201/botL.X/main.asm
             _.org_2_08DA   0x0008da    program     static /Users/mreiter/Desktop/AER201/botL.X/main.asm
             _.org_2_08F2   0x0008f2    program     static /Users/mreiter/Desktop/AER201/botL.X/main.asm
             _.org_2_090E   0x00090e    program     static /Users/mreiter/Desktop/AER201/botL.X/main.asm
             _.org_2_0926   0x000926    program     static /Users/mreiter/Desktop/AER201/botL.X/main.asm
             _.org_2_0942   0x000942    program     static /Users/mreiter/Desktop/AER201/botL.X/main.asm
             _.org_2_095A   0x00095a    program     static /Users/mreiter/Desktop/AER201/botL.X/main.asm
             _.org_2_0976   0x000976    program     static /Users/mreiter/Desktop/AER201/botL.X/main.asm
             _.org_2_098E   0x00098e    program     static /Users/mreiter/Desktop/AER201/botL.X/main.asm
             _.org_2_09D0   0x0009d0    program     static /Users/mreiter/Desktop/AER201/botL.X/main.asm
             _.org_2_09E8   0x0009e8    program     static /Users/mreiter/Desktop/AER201/botL.X/main.asm
             _.org_2_0AB0   0x000ab0    program     static /Users/mreiter/Desktop/AER201/botL.X/main.asm
             _.org_2_0AC8   0x000ac8    program     static /Users/mreiter/Desktop/AER201/botL.X/main.asm
             _.org_2_0AEC   0x000aec    program     static /Users/mreiter/Desktop/AER201/botL.X/main.asm
             _.org_2_0B04   0x000b04    program     static /Users/mreiter/Desktop/AER201/botL.X/main.asm
             _.org_2_0B28   0x000b28    program     static /Users/mreiter/Desktop/AER201/botL.X/main.asm
             _.org_2_0B40   0x000b40    program     static /Users/mreiter/Desktop/AER201/botL.X/main.asm
             _.org_2_0D18   0x000d18    program     static /Users/mreiter/Desktop/AER201/botL.X/main.asm
             _.org_2_0D6A   0x000d6a    program     static /Users/mreiter/Desktop/AER201/botL.X/main.asm
             _.org_2_0D82   0x000d82    program     static /Users/mreiter/Desktop/AER201/botL.X/main.asm
             _.org_2_0D98   0x000d98    program     static /Users/mreiter/Desktop/AER201/botL.X/main.asm
             _.org_2_0DB0   0x000db0    program     static /Users/mreiter/Desktop/AER201/botL.X/main.asm
             _.org_2_0DD0   0x000dd0    program     static /Users/mreiter/Desktop/AER201/botL.X/main.asm
             _.org_2_0DE8   0x000de8    program     static /Users/mreiter/Desktop/AER201/botL.X/main.asm
             _.org_2_0E0E   0x000e0e    program     static /Users/mreiter/Desktop/AER201/botL.X/main.asm
             _.org_2_0E26   0x000e26    program     static /Users/mreiter/Desktop/AER201/botL.X/main.asm
                 _101loop   0x000ee8    program     static /Users/mreiter/Desktop/AER201/botL.X/main.asm
                 _107loop   0x000fc0    program     static /Users/mreiter/Desktop/AER201/botL.X/main.asm
                  _10loop   0x0001a6    program     static /Users/mreiter/Desktop/AER201/botL.X/main.asm
                  _11loop   0x0001b4    program     static /Users/mreiter/Desktop/AER201/botL.X/main.asm
                  _12loop   0x0001e6    program     static /Users/mreiter/Desktop/AER201/botL.X/main.asm
                  _13loop   0x000204    program     static /Users/mreiter/Desktop/AER201/botL.X/main.asm
                  _14Exit   0x000226    program     static /Users/mreiter/Desktop/AER201/botL.X/main.asm
                  _14Next   0x00021a    program     static /Users/mreiter/Desktop/AER201/botL.X/main.asm
                  _15Exit   0x00023c    program     static /Users/mreiter/Desktop/AER201/botL.X/main.asm
                  _15Next   0x000230    program     static /Users/mreiter/Desktop/AER201/botL.X/main.asm
                  _16Exit   0x000252    program     static /Users/mreiter/Desktop/AER201/botL.X/main.asm
                  _16Next   0x000246    program     static /Users/mreiter/Desktop/AER201/botL.X/main.asm
                  _17Exit   0x000268    program     static /Users/mreiter/Desktop/AER201/botL.X/main.asm
                  _17Next   0x00025c    program     static /Users/mreiter/Desktop/AER201/botL.X/main.asm
                  _18Exit   0x00027e    program     static /Users/mreiter/Desktop/AER201/botL.X/main.asm
                  _18Next   0x000272    program     static /Users/mreiter/Desktop/AER201/botL.X/main.asm
                  _19Exit   0x000294    program     static /Users/mreiter/Desktop/AER201/botL.X/main.asm
                  _19Next   0x000288    program     static /Users/mreiter/Desktop/AER201/botL.X/main.asm
                  _20Exit   0x0002aa    program     static /Users/mreiter/Desktop/AER201/botL.X/main.asm
                  _20Next   0x00029e    program     static /Users/mreiter/Desktop/AER201/botL.X/main.asm
                  _21Exit   0x0002c0    program     static /Users/mreiter/Desktop/AER201/botL.X/main.asm
                  _21Next   0x0002b4    program     static /Users/mreiter/Desktop/AER201/botL.X/main.asm
                  _22loop   0x0002ce    program     static /Users/mreiter/Desktop/AER201/botL.X/main.asm
                  _23Exit   0x0002f4    program     static /Users/mreiter/Desktop/AER201/botL.X/main.asm
                  _23Next   0x0002e8    program     static /Users/mreiter/Desktop/AER201/botL.X/main.asm
                  _24loop   0x000302    program     static /Users/mreiter/Desktop/AER201/botL.X/main.asm
                  _25Exit   0x000328    program     static /Users/mreiter/Desktop/AER201/botL.X/main.asm
                  _25Next   0x00031c    program     static /Users/mreiter/Desktop/AER201/botL.X/main.asm
                  _26loop   0x000334    program     static /Users/mreiter/Desktop/AER201/botL.X/main.asm
                  _27loop   0x00036e    program     static /Users/mreiter/Desktop/AER201/botL.X/main.asm
                  _28loop   0x0003aa    program     static /Users/mreiter/Desktop/AER201/botL.X/main.asm
                  _29loop   0x000500    program     static /Users/mreiter/Desktop/AER201/botL.X/main.asm
                 _2endBCD   0x000058    program     static /Users/mreiter/Desktop/AER201/botL.X/main.asm
                   _2ones   0x000052    program     static /Users/mreiter/Desktop/AER201/botL.X/main.asm
                  _30loop   0x000528    program     static /Users/mreiter/Desktop/AER201/botL.X/main.asm
                  _31Exit   0x00055e    program     static /Users/mreiter/Desktop/AER201/botL.X/main.asm
                  _31Next   0x000552    program     static /Users/mreiter/Desktop/AER201/botL.X/main.asm
                  _32Exit   0x000574    program     static /Users/mreiter/Desktop/AER201/botL.X/main.asm
                  _32Next   0x000568    program     static /Users/mreiter/Desktop/AER201/botL.X/main.asm
                  _33loop   0x000596    program     static /Users/mreiter/Desktop/AER201/botL.X/main.asm
                  _34Exit   0x0005bc    program     static /Users/mreiter/Desktop/AER201/botL.X/main.asm
                  _34Next   0x0005b0    program     static /Users/mreiter/Desktop/AER201/botL.X/main.asm
                  _35loop   0x0005d6    program     static /Users/mreiter/Desktop/AER201/botL.X/main.asm
                  _36loop   0x0005f4    program     static /Users/mreiter/Desktop/AER201/botL.X/main.asm
                  _37Exit   0x000616    program     static /Users/mreiter/Desktop/AER201/botL.X/main.asm
                  _37Next   0x00060a    program     static /Users/mreiter/Desktop/AER201/botL.X/main.asm
                  _38Exit   0x00062c    program     static /Users/mreiter/Desktop/AER201/botL.X/main.asm
                  _38Next   0x000620    program     static /Users/mreiter/Desktop/AER201/botL.X/main.asm
                  _39Exit   0x000642    program     static /Users/mreiter/Desktop/AER201/botL.X/main.asm
                  _39Next   0x000636    program     static /Users/mreiter/Desktop/AER201/botL.X/main.asm
                 _3endBCD   0x00008a    program     static /Users/mreiter/Desktop/AER201/botL.X/main.asm
                   _3ones   0x000084    program     static /Users/mreiter/Desktop/AER201/botL.X/main.asm
                  _40Exit   0x000658    program     static /Users/mreiter/Desktop/AER201/botL.X/main.asm
                  _40Next   0x00064c    program     static /Users/mreiter/Desktop/AER201/botL.X/main.asm
                  _41Exit   0x00066e    program     static /Users/mreiter/Desktop/AER201/botL.X/main.asm
                  _41Next   0x000662    program     static /Users/mreiter/Desktop/AER201/botL.X/main.asm
                  _42Exit   0x000684    program     static /Users/mreiter/Desktop/AER201/botL.X/main.asm
                  _42Next   0x000678    program     static /Users/mreiter/Desktop/AER201/botL.X/main.asm
                  _43Exit   0x00069a    program     static /Users/mreiter/Desktop/AER201/botL.X/main.asm
                  _43Next   0x00068e    program     static /Users/mreiter/Desktop/AER201/botL.X/main.asm
                  _44Exit   0x0006b0    program     static /Users/mreiter/Desktop/AER201/botL.X/main.asm
                  _44Next   0x0006a4    program     static /Users/mreiter/Desktop/AER201/botL.X/main.asm
                  _45Exit   0x0006c6    program     static /Users/mreiter/Desktop/AER201/botL.X/main.asm
                  _45Next   0x0006ba    program     static /Users/mreiter/Desktop/AER201/botL.X/main.asm
                  _46Exit   0x0006dc    program     static /Users/mreiter/Desktop/AER201/botL.X/main.asm
                  _46Next   0x0006d0    program     static /Users/mreiter/Desktop/AER201/botL.X/main.asm
                  _47loop   0x0006f4    program     static /Users/mreiter/Desktop/AER201/botL.X/main.asm
                  _50Exit   0x00078c    program     static /Users/mreiter/Desktop/AER201/botL.X/main.asm
                  _50Next   0x000780    program     static /Users/mreiter/Desktop/AER201/botL.X/main.asm
                  _51Exit   0x0007a2    program     static /Users/mreiter/Desktop/AER201/botL.X/main.asm
                  _51Next   0x000796    program     static /Users/mreiter/Desktop/AER201/botL.X/main.asm
                  _52loop   0x0007ba    program     static /Users/mreiter/Desktop/AER201/botL.X/main.asm
                  _53Exit   0x0007e8    program     static /Users/mreiter/Desktop/AER201/botL.X/main.asm
                  _53Next   0x0007dc    program     static /Users/mreiter/Desktop/AER201/botL.X/main.asm
                  _54loop   0x000802    program     static /Users/mreiter/Desktop/AER201/botL.X/main.asm
                  _55loop   0x000820    program     static /Users/mreiter/Desktop/AER201/botL.X/main.asm
                  _56Exit   0x00084e    program     static /Users/mreiter/Desktop/AER201/botL.X/main.asm
                  _56Next   0x000842    program     static /Users/mreiter/Desktop/AER201/botL.X/main.asm
                  _57Exit   0x000864    program     static /Users/mreiter/Desktop/AER201/botL.X/main.asm
                  _57Next   0x000858    program     static /Users/mreiter/Desktop/AER201/botL.X/main.asm
                  _58loop   0x00087e    program     static /Users/mreiter/Desktop/AER201/botL.X/main.asm
                  _90loop   0x000cfa    program     static /Users/mreiter/Desktop/AER201/botL.X/main.asm
                  _91loop   0x000d08    program     static /Users/mreiter/Desktop/AER201/botL.X/main.asm
                  _96loop   0x000e56    program     static /Users/mreiter/Desktop/AER201/botL.X/main.asm
                   _9loop   0x000188    program     static /Users/mreiter/Desktop/AER201/botL.X/main.asm
                  _waitl0   0x00136c    program     static /Users/mreiter/Desktop/AER201/botL.X/i2c_common.asm
                  _waitl1   0x00145a    program     static /Users/mreiter/Desktop/AER201/botL.X/i2c_common.asm
                  _waitl2   0x001566    program     static /Users/mreiter/Desktop/AER201/botL.X/i2c_common.asm
                       d2   0x001266    program     static /Users/mreiter/Desktop/AER201/botL.X/lcd.asm
                del_loop0   0x000c2a    program     static /Users/mreiter/Desktop/AER201/botL.X/main.asm
                delay44us   0x00124a    program     extern /Users/mreiter/Desktop/AER201/botL.X/lcd.asm
                 delay5ms   0x001256    program     extern /Users/mreiter/Desktop/AER201/botL.X/lcd.asm
               displayNum   0x00071a    program     static /Users/mreiter/Desktop/AER201/botL.X/main.asm
         i2c_common_setup   0x00126c    program     extern /Users/mreiter/Desktop/AER201/botL.X/i2c_common.asm
             lcdLongDelay   0x001234    program     static /Users/mreiter/Desktop/AER201/botL.X/lcd.asm
                loop200us   0x000d3e    program     static /Users/mreiter/Desktop/AER201/botL.X/main.asm
                 loop50ms   0x000d4c    program     static /Users/mreiter/Desktop/AER201/botL.X/main.asm
                  loop5us   0x000d30    program     static /Users/mreiter/Desktop/AER201/botL.X/main.asm
                 read_rtc   0x001308    program     extern /Users/mreiter/Desktop/AER201/botL.X/i2c_common.asm
              rtc_convert   0x00139e    program     extern /Users/mreiter/Desktop/AER201/botL.X/i2c_common.asm
                write_rtc   0x00128e    program     extern /Users/mreiter/Desktop/AER201/botL.X/i2c_common.asm
           convert_buffer   0x000065       data     extern /Users/mreiter/Desktop/AER201/botL.X/i2c_common.asm
                 databyte   0x000061       data     extern /Users/mreiter/Desktop/AER201/botL.X/i2c_common.asm
                 datachar   0x000062       data     extern /Users/mreiter/Desktop/AER201/botL.X/i2c_common.asm
               ones_digit   0x000064       data     extern /Users/mreiter/Desktop/AER201/botL.X/i2c_common.asm
               regaddress   0x000060       data     extern /Users/mreiter/Desktop/AER201/botL.X/i2c_common.asm
               tens_digit   0x000063       data     extern /Users/mreiter/Desktop/AER201/botL.X/i2c_common.asm



                              Symbols - Sorted by Address
                     Name    Address   Location    Storage File                     
                ---------  ---------  ---------  --------- ---------                
                 ISR_HIGH   0x00001c    program     static /Users/mreiter/Desktop/AER201/botL.X/main.asm
                   _2ones   0x000052    program     static /Users/mreiter/Desktop/AER201/botL.X/main.asm
                 _2endBCD   0x000058    program     static /Users/mreiter/Desktop/AER201/botL.X/main.asm
                   _3ones   0x000084    program     static /Users/mreiter/Desktop/AER201/botL.X/main.asm
                 _3endBCD   0x00008a    program     static /Users/mreiter/Desktop/AER201/botL.X/main.asm
             END_ISR_HIGH   0x00008c    program     static /Users/mreiter/Desktop/AER201/botL.X/main.asm
                  ISR_LOW   0x000096    program     static /Users/mreiter/Desktop/AER201/botL.X/main.asm
              END_ISR_LOW   0x0000d8    program     static /Users/mreiter/Desktop/AER201/botL.X/main.asm
                     INIT   0x0000e2    program     static /Users/mreiter/Desktop/AER201/botL.X/main.asm
                   _9loop   0x000188    program     static /Users/mreiter/Desktop/AER201/botL.X/main.asm
                  _10loop   0x0001a6    program     static /Users/mreiter/Desktop/AER201/botL.X/main.asm
                  _11loop   0x0001b4    program     static /Users/mreiter/Desktop/AER201/botL.X/main.asm
                  STANDBY   0x0001be    program     static /Users/mreiter/Desktop/AER201/botL.X/main.asm
                  _12loop   0x0001e6    program     static /Users/mreiter/Desktop/AER201/botL.X/main.asm
                  _13loop   0x000204    program     static /Users/mreiter/Desktop/AER201/botL.X/main.asm
             HOLD_STANDBY   0x00020e    program     static /Users/mreiter/Desktop/AER201/botL.X/main.asm
                  _14Next   0x00021a    program     static /Users/mreiter/Desktop/AER201/botL.X/main.asm
                  _14Exit   0x000226    program     static /Users/mreiter/Desktop/AER201/botL.X/main.asm
                  _15Next   0x000230    program     static /Users/mreiter/Desktop/AER201/botL.X/main.asm
                  _15Exit   0x00023c    program     static /Users/mreiter/Desktop/AER201/botL.X/main.asm
                  _16Next   0x000246    program     static /Users/mreiter/Desktop/AER201/botL.X/main.asm
                  _16Exit   0x000252    program     static /Users/mreiter/Desktop/AER201/botL.X/main.asm
                  _17Next   0x00025c    program     static /Users/mreiter/Desktop/AER201/botL.X/main.asm
                  _17Exit   0x000268    program     static /Users/mreiter/Desktop/AER201/botL.X/main.asm
                  _18Next   0x000272    program     static /Users/mreiter/Desktop/AER201/botL.X/main.asm
                  _18Exit   0x00027e    program     static /Users/mreiter/Desktop/AER201/botL.X/main.asm
                  _19Next   0x000288    program     static /Users/mreiter/Desktop/AER201/botL.X/main.asm
                  _19Exit   0x000294    program     static /Users/mreiter/Desktop/AER201/botL.X/main.asm
                  _20Next   0x00029e    program     static /Users/mreiter/Desktop/AER201/botL.X/main.asm
                  _20Exit   0x0002aa    program     static /Users/mreiter/Desktop/AER201/botL.X/main.asm
                  _21Next   0x0002b4    program     static /Users/mreiter/Desktop/AER201/botL.X/main.asm
                  _21Exit   0x0002c0    program     static /Users/mreiter/Desktop/AER201/botL.X/main.asm
               DC_TEST_CW   0x0002c4    program     static /Users/mreiter/Desktop/AER201/botL.X/main.asm
                  _22loop   0x0002ce    program     static /Users/mreiter/Desktop/AER201/botL.X/main.asm
          DC_TEST_CW_HOLD   0x0002d8    program     static /Users/mreiter/Desktop/AER201/botL.X/main.asm
                  _23Next   0x0002e8    program     static /Users/mreiter/Desktop/AER201/botL.X/main.asm
                  _23Exit   0x0002f4    program     static /Users/mreiter/Desktop/AER201/botL.X/main.asm
              DC_TEST_CCW   0x0002f8    program     static /Users/mreiter/Desktop/AER201/botL.X/main.asm
                  _24loop   0x000302    program     static /Users/mreiter/Desktop/AER201/botL.X/main.asm
         DC_TEST_CCW_HOLD   0x00030c    program     static /Users/mreiter/Desktop/AER201/botL.X/main.asm
                  _25Next   0x00031c    program     static /Users/mreiter/Desktop/AER201/botL.X/main.asm
                  _25Exit   0x000328    program     static /Users/mreiter/Desktop/AER201/botL.X/main.asm
                STEP_TEST   0x00032c    program     static /Users/mreiter/Desktop/AER201/botL.X/main.asm
                  _26loop   0x000334    program     static /Users/mreiter/Desktop/AER201/botL.X/main.asm
           ROTATE_90_TEST   0x00033e    program     static /Users/mreiter/Desktop/AER201/botL.X/main.asm
              COLOUR_TEST   0x000368    program     static /Users/mreiter/Desktop/AER201/botL.X/main.asm
                  LOOPING   0x00036a    program     static /Users/mreiter/Desktop/AER201/botL.X/main.asm
                  _27loop   0x00036e    program     static /Users/mreiter/Desktop/AER201/botL.X/main.asm
                EXECUTION   0x000388    program     static /Users/mreiter/Desktop/AER201/botL.X/main.asm
                  _28loop   0x0003aa    program     static /Users/mreiter/Desktop/AER201/botL.X/main.asm
         COLLECTIONS_STEP   0x0003da    program     static /Users/mreiter/Desktop/AER201/botL.X/main.asm
                ROTATE_90   0x0003dc    program     static /Users/mreiter/Desktop/AER201/botL.X/main.asm
               DETECTIONS   0x000406    program     static /Users/mreiter/Desktop/AER201/botL.X/main.asm
             INC_YOPNOCAP   0x00042c    program     static /Users/mreiter/Desktop/AER201/botL.X/main.asm
               INC_YOPCAP   0x000448    program     static /Users/mreiter/Desktop/AER201/botL.X/main.asm
            INC_ESKANOCAP   0x000464    program     static /Users/mreiter/Desktop/AER201/botL.X/main.asm
              INC_ESKACAP   0x000484    program     static /Users/mreiter/Desktop/AER201/botL.X/main.asm
             TRAY_STEP_CW   0x0004a0    program     static /Users/mreiter/Desktop/AER201/botL.X/main.asm
             TRAY_CW_HOLD   0x0004a6    program     static /Users/mreiter/Desktop/AER201/botL.X/main.asm
            TRAY_STEP_CCW   0x0004b8    program     static /Users/mreiter/Desktop/AER201/botL.X/main.asm
            TRAY_CCW_HOLD   0x0004be    program     static /Users/mreiter/Desktop/AER201/botL.X/main.asm
            TRAY_STEP_END   0x0004ce    program     static /Users/mreiter/Desktop/AER201/botL.X/main.asm
               CHECK_DONE   0x0004d6    program     static /Users/mreiter/Desktop/AER201/botL.X/main.asm
                 EXIT_EXE   0x0004e2    program     static /Users/mreiter/Desktop/AER201/botL.X/main.asm
                  _29loop   0x000500    program     static /Users/mreiter/Desktop/AER201/botL.X/main.asm
                      LOG   0x000512    program     static /Users/mreiter/Desktop/AER201/botL.X/main.asm
                  _30loop   0x000528    program     static /Users/mreiter/Desktop/AER201/botL.X/main.asm
                 HOLD_LOG   0x000546    program     static /Users/mreiter/Desktop/AER201/botL.X/main.asm
                  _31Next   0x000552    program     static /Users/mreiter/Desktop/AER201/botL.X/main.asm
                  _31Exit   0x00055e    program     static /Users/mreiter/Desktop/AER201/botL.X/main.asm
                  _32Next   0x000568    program     static /Users/mreiter/Desktop/AER201/botL.X/main.asm
                  _32Exit   0x000574    program     static /Users/mreiter/Desktop/AER201/botL.X/main.asm
                 LOG_INFO   0x000578    program     static /Users/mreiter/Desktop/AER201/botL.X/main.asm
                  _33loop   0x000596    program     static /Users/mreiter/Desktop/AER201/botL.X/main.asm
            HOLD_LOG_INFO   0x0005a4    program     static /Users/mreiter/Desktop/AER201/botL.X/main.asm
                  _34Next   0x0005b0    program     static /Users/mreiter/Desktop/AER201/botL.X/main.asm
                  _34Exit   0x0005bc    program     static /Users/mreiter/Desktop/AER201/botL.X/main.asm
                 PERM_LOG   0x0005c0    program     static /Users/mreiter/Desktop/AER201/botL.X/main.asm
                  _35loop   0x0005d6    program     static /Users/mreiter/Desktop/AER201/botL.X/main.asm
                  _36loop   0x0005f4    program     static /Users/mreiter/Desktop/AER201/botL.X/main.asm
            HOLD_PERM_LOG   0x0005fe    program     static /Users/mreiter/Desktop/AER201/botL.X/main.asm
                  _37Next   0x00060a    program     static /Users/mreiter/Desktop/AER201/botL.X/main.asm
                  _37Exit   0x000616    program     static /Users/mreiter/Desktop/AER201/botL.X/main.asm
                  _38Next   0x000620    program     static /Users/mreiter/Desktop/AER201/botL.X/main.asm
                  _38Exit   0x00062c    program     static /Users/mreiter/Desktop/AER201/botL.X/main.asm
                  _39Next   0x000636    program     static /Users/mreiter/Desktop/AER201/botL.X/main.asm
                  _39Exit   0x000642    program     static /Users/mreiter/Desktop/AER201/botL.X/main.asm
                  _40Next   0x00064c    program     static /Users/mreiter/Desktop/AER201/botL.X/main.asm
                  _40Exit   0x000658    program     static /Users/mreiter/Desktop/AER201/botL.X/main.asm
                  _41Next   0x000662    program     static /Users/mreiter/Desktop/AER201/botL.X/main.asm
                  _41Exit   0x00066e    program     static /Users/mreiter/Desktop/AER201/botL.X/main.asm
                  _42Next   0x000678    program     static /Users/mreiter/Desktop/AER201/botL.X/main.asm
                  _42Exit   0x000684    program     static /Users/mreiter/Desktop/AER201/botL.X/main.asm
                  _43Next   0x00068e    program     static /Users/mreiter/Desktop/AER201/botL.X/main.asm
                  _43Exit   0x00069a    program     static /Users/mreiter/Desktop/AER201/botL.X/main.asm
                  _44Next   0x0006a4    program     static /Users/mreiter/Desktop/AER201/botL.X/main.asm
                  _44Exit   0x0006b0    program     static /Users/mreiter/Desktop/AER201/botL.X/main.asm
                  _45Next   0x0006ba    program     static /Users/mreiter/Desktop/AER201/botL.X/main.asm
                  _45Exit   0x0006c6    program     static /Users/mreiter/Desktop/AER201/botL.X/main.asm
                  _46Next   0x0006d0    program     static /Users/mreiter/Desktop/AER201/botL.X/main.asm
                  _46Exit   0x0006dc    program     static /Users/mreiter/Desktop/AER201/botL.X/main.asm
                     PLOG   0x0006e0    program     static /Users/mreiter/Desktop/AER201/botL.X/main.asm
                  _47loop   0x0006f4    program     static /Users/mreiter/Desktop/AER201/botL.X/main.asm
               displayNum   0x00071a    program     static /Users/mreiter/Desktop/AER201/botL.X/main.asm
                HOLD_PLOG   0x000774    program     static /Users/mreiter/Desktop/AER201/botL.X/main.asm
                  _50Next   0x000780    program     static /Users/mreiter/Desktop/AER201/botL.X/main.asm
                  _50Exit   0x00078c    program     static /Users/mreiter/Desktop/AER201/botL.X/main.asm
                  _51Next   0x000796    program     static /Users/mreiter/Desktop/AER201/botL.X/main.asm
                  _51Exit   0x0007a2    program     static /Users/mreiter/Desktop/AER201/botL.X/main.asm
             PLOG_DETAILS   0x0007a6    program     static /Users/mreiter/Desktop/AER201/botL.X/main.asm
                  _52loop   0x0007ba    program     static /Users/mreiter/Desktop/AER201/botL.X/main.asm
        HOLD_PLOG_DETAILS   0x0007d0    program     static /Users/mreiter/Desktop/AER201/botL.X/main.asm
                  _53Next   0x0007dc    program     static /Users/mreiter/Desktop/AER201/botL.X/main.asm
                  _53Exit   0x0007e8    program     static /Users/mreiter/Desktop/AER201/botL.X/main.asm
                  PC_MODE   0x0007ec    program     static /Users/mreiter/Desktop/AER201/botL.X/main.asm
                  _54loop   0x000802    program     static /Users/mreiter/Desktop/AER201/botL.X/main.asm
                  _55loop   0x000820    program     static /Users/mreiter/Desktop/AER201/botL.X/main.asm
                  HOLD_PC   0x000836    program     static /Users/mreiter/Desktop/AER201/botL.X/main.asm
                  _56Next   0x000842    program     static /Users/mreiter/Desktop/AER201/botL.X/main.asm
                  _56Exit   0x00084e    program     static /Users/mreiter/Desktop/AER201/botL.X/main.asm
                  _57Next   0x000858    program     static /Users/mreiter/Desktop/AER201/botL.X/main.asm
                  _57Exit   0x000864    program     static /Users/mreiter/Desktop/AER201/botL.X/main.asm
              PC_TRANSFER   0x000868    program     static /Users/mreiter/Desktop/AER201/botL.X/main.asm
                  _58loop   0x00087e    program     static /Users/mreiter/Desktop/AER201/botL.X/main.asm
                 SaveData   0x000892    program     static /Users/mreiter/Desktop/AER201/botL.X/main.asm
             _.org_2_08A6   0x0008a6    program     static /Users/mreiter/Desktop/AER201/botL.X/main.asm
             _.org_2_08BE   0x0008be    program     static /Users/mreiter/Desktop/AER201/botL.X/main.asm
             _.org_2_08DA   0x0008da    program     static /Users/mreiter/Desktop/AER201/botL.X/main.asm
             _.org_2_08F2   0x0008f2    program     static /Users/mreiter/Desktop/AER201/botL.X/main.asm
             _.org_2_090E   0x00090e    program     static /Users/mreiter/Desktop/AER201/botL.X/main.asm
             _.org_2_0926   0x000926    program     static /Users/mreiter/Desktop/AER201/botL.X/main.asm
             _.org_2_0942   0x000942    program     static /Users/mreiter/Desktop/AER201/botL.X/main.asm
             _.org_2_095A   0x00095a    program     static /Users/mreiter/Desktop/AER201/botL.X/main.asm
             _.org_2_0976   0x000976    program     static /Users/mreiter/Desktop/AER201/botL.X/main.asm
             _.org_2_098E   0x00098e    program     static /Users/mreiter/Desktop/AER201/botL.X/main.asm
                ShiftLoop   0x0009aa    program     static /Users/mreiter/Desktop/AER201/botL.X/main.asm
             _.org_2_09D0   0x0009d0    program     static /Users/mreiter/Desktop/AER201/botL.X/main.asm
             _.org_2_09E8   0x0009e8    program     static /Users/mreiter/Desktop/AER201/botL.X/main.asm
                 RTC_INIT   0x000a10    program     static /Users/mreiter/Desktop/AER201/botL.X/main.asm
                SAVE_TIME   0x000a1e    program     static /Users/mreiter/Desktop/AER201/botL.X/main.asm
            SAVE_EXE_TIME   0x000a94    program     static /Users/mreiter/Desktop/AER201/botL.X/main.asm
             _.org_2_0AB0   0x000ab0    program     static /Users/mreiter/Desktop/AER201/botL.X/main.asm
             _.org_2_0AC8   0x000ac8    program     static /Users/mreiter/Desktop/AER201/botL.X/main.asm
             _.org_2_0AEC   0x000aec    program     static /Users/mreiter/Desktop/AER201/botL.X/main.asm
             _.org_2_0B04   0x000b04    program     static /Users/mreiter/Desktop/AER201/botL.X/main.asm
             _.org_2_0B28   0x000b28    program     static /Users/mreiter/Desktop/AER201/botL.X/main.asm
             _.org_2_0B40   0x000b40    program     static /Users/mreiter/Desktop/AER201/botL.X/main.asm
              DISPLAY_RTC   0x000b4a    program     static /Users/mreiter/Desktop/AER201/botL.X/main.asm
                 SET_TIME   0x000c24    program     static /Users/mreiter/Desktop/AER201/botL.X/main.asm
                del_loop0   0x000c2a    program     static /Users/mreiter/Desktop/AER201/botL.X/main.asm
               INIT_USART   0x000c8c    program     static /Users/mreiter/Desktop/AER201/botL.X/main.asm
                DataUSART   0x000ca0    program     static /Users/mreiter/Desktop/AER201/botL.X/main.asm
            TRANSFER_LOGS   0x000cb0    program     static /Users/mreiter/Desktop/AER201/botL.X/main.asm
            TRANSFER_DATA   0x000cba    program     static /Users/mreiter/Desktop/AER201/botL.X/main.asm
                  _90loop   0x000cfa    program     static /Users/mreiter/Desktop/AER201/botL.X/main.asm
                  _91loop   0x000d08    program     static /Users/mreiter/Desktop/AER201/botL.X/main.asm
               USART_WAIT   0x000d14    program     static /Users/mreiter/Desktop/AER201/botL.X/main.asm
             _.org_2_0D18   0x000d18    program     static /Users/mreiter/Desktop/AER201/botL.X/main.asm
               USART_LINE   0x000d1e    program     static /Users/mreiter/Desktop/AER201/botL.X/main.asm
                 Delay5us   0x000d2c    program     static /Users/mreiter/Desktop/AER201/botL.X/main.asm
                  loop5us   0x000d30    program     static /Users/mreiter/Desktop/AER201/botL.X/main.asm
               Delay200us   0x000d3a    program     static /Users/mreiter/Desktop/AER201/botL.X/main.asm
                loop200us   0x000d3e    program     static /Users/mreiter/Desktop/AER201/botL.X/main.asm
                Delay50ms   0x000d48    program     static /Users/mreiter/Desktop/AER201/botL.X/main.asm
                 loop50ms   0x000d4c    program     static /Users/mreiter/Desktop/AER201/botL.X/main.asm
                   Cycles   0x000d52    program     static /Users/mreiter/Desktop/AER201/botL.X/main.asm
              WriteEE_RTC   0x000d5c    program     static /Users/mreiter/Desktop/AER201/botL.X/main.asm
             _.org_2_0D6A   0x000d6a    program     static /Users/mreiter/Desktop/AER201/botL.X/main.asm
             _.org_2_0D82   0x000d82    program     static /Users/mreiter/Desktop/AER201/botL.X/main.asm
             _.org_2_0D98   0x000d98    program     static /Users/mreiter/Desktop/AER201/botL.X/main.asm
             _.org_2_0DB0   0x000db0    program     static /Users/mreiter/Desktop/AER201/botL.X/main.asm
           ClearEEPROM_21   0x000dba    program     static /Users/mreiter/Desktop/AER201/botL.X/main.asm
                ClearNext   0x000dc2    program     static /Users/mreiter/Desktop/AER201/botL.X/main.asm
             _.org_2_0DD0   0x000dd0    program     static /Users/mreiter/Desktop/AER201/botL.X/main.asm
             _.org_2_0DE8   0x000de8    program     static /Users/mreiter/Desktop/AER201/botL.X/main.asm
                 READ_KEY   0x000e00    program     static /Users/mreiter/Desktop/AER201/botL.X/main.asm
             _.org_2_0E0E   0x000e0e    program     static /Users/mreiter/Desktop/AER201/botL.X/main.asm
            READ_KEY_TIME   0x000e14    program     static /Users/mreiter/Desktop/AER201/botL.X/main.asm
             _.org_2_0E26   0x000e26    program     static /Users/mreiter/Desktop/AER201/botL.X/main.asm
           DisplayExeTime   0x000e2c    program     static /Users/mreiter/Desktop/AER201/botL.X/main.asm
                  _96loop   0x000e56    program     static /Users/mreiter/Desktop/AER201/botL.X/main.asm
        NoSkipDispExeTime   0x000e6a    program     static /Users/mreiter/Desktop/AER201/botL.X/main.asm
          SkipDispExeTime   0x000ebc    program     static /Users/mreiter/Desktop/AER201/botL.X/main.asm
               DispOpSort   0x000ebe    program     static /Users/mreiter/Desktop/AER201/botL.X/main.asm
                 _101loop   0x000ee8    program     static /Users/mreiter/Desktop/AER201/botL.X/main.asm
         NoSkipDispOpSort   0x000efa    program     static /Users/mreiter/Desktop/AER201/botL.X/main.asm
           SkipDispOpSort   0x000f94    program     static /Users/mreiter/Desktop/AER201/botL.X/main.asm
                DispOpRTC   0x000f96    program     static /Users/mreiter/Desktop/AER201/botL.X/main.asm
                 _107loop   0x000fc0    program     static /Users/mreiter/Desktop/AER201/botL.X/main.asm
          NoSkipDispOpRTC   0x000fd2    program     static /Users/mreiter/Desktop/AER201/botL.X/main.asm
            SkipDispOpRTC   0x001032    program     static /Users/mreiter/Desktop/AER201/botL.X/main.asm
         DispOpRTC_Helper   0x001034    program     static /Users/mreiter/Desktop/AER201/botL.X/main.asm
                  Welcome   0x00106e    program     static /Users/mreiter/Desktop/AER201/botL.X/main.asm
                     Team   0x001074    program     static /Users/mreiter/Desktop/AER201/botL.X/main.asm
                  StandBy   0x00107e    program     static /Users/mreiter/Desktop/AER201/botL.X/main.asm
              StandbyInfo   0x001086    program     static /Users/mreiter/Desktop/AER201/botL.X/main.asm
                     Log1   0x0010ae    program     static /Users/mreiter/Desktop/AER201/botL.X/main.asm
                     Log2   0x0010b4    program     static /Users/mreiter/Desktop/AER201/botL.X/main.asm
                 LogInfo1   0x0010c2    program     static /Users/mreiter/Desktop/AER201/botL.X/main.asm
                 LogInfo2   0x0010ca    program     static /Users/mreiter/Desktop/AER201/botL.X/main.asm
                 PermLog1   0x0010d4    program     static /Users/mreiter/Desktop/AER201/botL.X/main.asm
                 PermLog2   0x0010e4    program     static /Users/mreiter/Desktop/AER201/botL.X/main.asm
                     Exe1   0x0010f0    program     static /Users/mreiter/Desktop/AER201/botL.X/main.asm
                     Exe2   0x0010fc    program     static /Users/mreiter/Desktop/AER201/botL.X/main.asm
                      PC1   0x001104    program     static /Users/mreiter/Desktop/AER201/botL.X/main.asm
                      PC2   0x001112    program     static /Users/mreiter/Desktop/AER201/botL.X/main.asm
               PCTransfer   0x00111c    program     static /Users/mreiter/Desktop/AER201/botL.X/main.asm
               PCComplete   0x00112c    program     static /Users/mreiter/Desktop/AER201/botL.X/main.asm
                     SAVE   0x001136    program     static /Users/mreiter/Desktop/AER201/botL.X/main.asm
                   NoData   0x001140    program     static /Users/mreiter/Desktop/AER201/botL.X/main.asm
                  InitLCD   0x001144    program     extern /Users/mreiter/Desktop/AER201/botL.X/lcd.asm
                   WR_INS   0x00119c    program     extern /Users/mreiter/Desktop/AER201/botL.X/lcd.asm
                  WR_DATA   0x0011b8    program     extern /Users/mreiter/Desktop/AER201/botL.X/lcd.asm
                   WrtLCD   0x0011dc    program     extern /Users/mreiter/Desktop/AER201/botL.X/lcd.asm
                   ClrLCD   0x0011f2    program     extern /Users/mreiter/Desktop/AER201/botL.X/lcd.asm
                   ClkLCD   0x001200    program     extern /Users/mreiter/Desktop/AER201/botL.X/lcd.asm
              _.code_00C8   0x00120c    program     static /Users/mreiter/Desktop/AER201/botL.X/lcd.asm
                    Shift   0x001212    program     extern /Users/mreiter/Desktop/AER201/botL.X/lcd.asm
                   LCD_L1   0x00121a    program     extern /Users/mreiter/Desktop/AER201/botL.X/lcd.asm
                   LCD_L2   0x001222    program     extern /Users/mreiter/Desktop/AER201/botL.X/lcd.asm
                   MovMSB   0x00122a    program     static /Users/mreiter/Desktop/AER201/botL.X/lcd.asm
             lcdLongDelay   0x001234    program     static /Users/mreiter/Desktop/AER201/botL.X/lcd.asm
                 LLD_LOOP   0x001238    program     static /Users/mreiter/Desktop/AER201/botL.X/lcd.asm
              _.code_00FA   0x00123e    program     static /Users/mreiter/Desktop/AER201/botL.X/lcd.asm
                delay44us   0x00124a    program     extern /Users/mreiter/Desktop/AER201/botL.X/lcd.asm
            Delay44usLoop   0x00124e    program     static /Users/mreiter/Desktop/AER201/botL.X/lcd.asm
                 delay5ms   0x001256    program     extern /Users/mreiter/Desktop/AER201/botL.X/lcd.asm
             Delay5msLoop   0x00125e    program     static /Users/mreiter/Desktop/AER201/botL.X/lcd.asm
                       d2   0x001266    program     static /Users/mreiter/Desktop/AER201/botL.X/lcd.asm
         i2c_common_setup   0x00126c    program     extern /Users/mreiter/Desktop/AER201/botL.X/i2c_common.asm
              _.code_001C   0x001288    program     static /Users/mreiter/Desktop/AER201/botL.X/i2c_common.asm
                write_rtc   0x00128e    program     extern /Users/mreiter/Desktop/AER201/botL.X/i2c_common.asm
              _.code_002A   0x001296    program     static /Users/mreiter/Desktop/AER201/botL.X/i2c_common.asm
              _.code_0032   0x00129e    program     static /Users/mreiter/Desktop/AER201/botL.X/i2c_common.asm
              _.code_0038   0x0012a4    program     static /Users/mreiter/Desktop/AER201/botL.X/i2c_common.asm
              _.code_0048   0x0012b4    program     static /Users/mreiter/Desktop/AER201/botL.X/i2c_common.asm
              _.code_004E   0x0012ba    program     static /Users/mreiter/Desktop/AER201/botL.X/i2c_common.asm
              _.code_005E   0x0012ca    program     static /Users/mreiter/Desktop/AER201/botL.X/i2c_common.asm
              _.code_0064   0x0012d0    program     static /Users/mreiter/Desktop/AER201/botL.X/i2c_common.asm
              WR_ERR1_RTC   0x0012de    program     static /Users/mreiter/Desktop/AER201/botL.X/i2c_common.asm
              WR_ERR2_RTC   0x0012e8    program     static /Users/mreiter/Desktop/AER201/botL.X/i2c_common.asm
              WR_ERR3_RTC   0x0012f4    program     static /Users/mreiter/Desktop/AER201/botL.X/i2c_common.asm
               WR_END_RTC   0x0012fe    program     static /Users/mreiter/Desktop/AER201/botL.X/i2c_common.asm
              _.code_0096   0x001302    program     static /Users/mreiter/Desktop/AER201/botL.X/i2c_common.asm
                 read_rtc   0x001308    program     extern /Users/mreiter/Desktop/AER201/botL.X/i2c_common.asm
              _.code_00A4   0x001310    program     static /Users/mreiter/Desktop/AER201/botL.X/i2c_common.asm
              _.code_00AC   0x001318    program     static /Users/mreiter/Desktop/AER201/botL.X/i2c_common.asm
              _.code_00B2   0x00131e    program     static /Users/mreiter/Desktop/AER201/botL.X/i2c_common.asm
              _.code_00C2   0x00132e    program     static /Users/mreiter/Desktop/AER201/botL.X/i2c_common.asm
              _.code_00C8   0x001334    program     static /Users/mreiter/Desktop/AER201/botL.X/i2c_common.asm
              _.code_00D6   0x001342    program     static /Users/mreiter/Desktop/AER201/botL.X/i2c_common.asm
              _.code_00DE   0x00134a    program     static /Users/mreiter/Desktop/AER201/botL.X/i2c_common.asm
              _.code_00E4   0x001350    program     static /Users/mreiter/Desktop/AER201/botL.X/i2c_common.asm
              _.code_00F2   0x00135e    program     static /Users/mreiter/Desktop/AER201/botL.X/i2c_common.asm
                  _waitl0   0x00136c    program     static /Users/mreiter/Desktop/AER201/botL.X/i2c_common.asm
              RD_ERR1_RTC   0x001376    program     static /Users/mreiter/Desktop/AER201/botL.X/i2c_common.asm
              RD_ERR2_RTC   0x001380    program     static /Users/mreiter/Desktop/AER201/botL.X/i2c_common.asm
              RD_ERR3_RTC   0x00138a    program     static /Users/mreiter/Desktop/AER201/botL.X/i2c_common.asm
               RD_END_RTC   0x001394    program     static /Users/mreiter/Desktop/AER201/botL.X/i2c_common.asm
              _.code_012C   0x001398    program     static /Users/mreiter/Desktop/AER201/botL.X/i2c_common.asm
              rtc_convert   0x00139e    program     extern /Users/mreiter/Desktop/AER201/botL.X/i2c_common.asm
                 INIT_RTC   0x0013b4    program     extern /Users/mreiter/Desktop/AER201/botL.X/i2c_common.asm
              _.code_0150   0x0013bc    program     static /Users/mreiter/Desktop/AER201/botL.X/i2c_common.asm
              _.code_0158   0x0013c4    program     static /Users/mreiter/Desktop/AER201/botL.X/i2c_common.asm
              _.code_015E   0x0013ca    program     static /Users/mreiter/Desktop/AER201/botL.X/i2c_common.asm
              _.code_0166   0x0013d2    program     static /Users/mreiter/Desktop/AER201/botL.X/i2c_common.asm
              _.code_016C   0x0013d8    program     static /Users/mreiter/Desktop/AER201/botL.X/i2c_common.asm
              _.code_0174   0x0013e0    program     static /Users/mreiter/Desktop/AER201/botL.X/i2c_common.asm
              _.code_017A   0x0013e6    program     static /Users/mreiter/Desktop/AER201/botL.X/i2c_common.asm
              _.code_0182   0x0013ee    program     static /Users/mreiter/Desktop/AER201/botL.X/i2c_common.asm
          READ_COLOUR_I2C   0x0013f4    program     extern /Users/mreiter/Desktop/AER201/botL.X/i2c_common.asm
              _.code_0190   0x0013fc    program     static /Users/mreiter/Desktop/AER201/botL.X/i2c_common.asm
              _.code_0198   0x001404    program     static /Users/mreiter/Desktop/AER201/botL.X/i2c_common.asm
              _.code_019E   0x00140a    program     static /Users/mreiter/Desktop/AER201/botL.X/i2c_common.asm
              _.code_01B0   0x00141c    program     static /Users/mreiter/Desktop/AER201/botL.X/i2c_common.asm
              _.code_01B6   0x001422    program     static /Users/mreiter/Desktop/AER201/botL.X/i2c_common.asm
              _.code_01C4   0x001430    program     static /Users/mreiter/Desktop/AER201/botL.X/i2c_common.asm
              _.code_01CC   0x001438    program     static /Users/mreiter/Desktop/AER201/botL.X/i2c_common.asm
              _.code_01D2   0x00143e    program     static /Users/mreiter/Desktop/AER201/botL.X/i2c_common.asm
              _.code_01E0   0x00144c    program     static /Users/mreiter/Desktop/AER201/botL.X/i2c_common.asm
                  _waitl1   0x00145a    program     static /Users/mreiter/Desktop/AER201/botL.X/i2c_common.asm
                  RD_ERR1   0x001464    program     static /Users/mreiter/Desktop/AER201/botL.X/i2c_common.asm
                  RD_ERR2   0x00146e    program     static /Users/mreiter/Desktop/AER201/botL.X/i2c_common.asm
                  RD_ERR3   0x001478    program     static /Users/mreiter/Desktop/AER201/botL.X/i2c_common.asm
                   RD_END   0x001482    program     static /Users/mreiter/Desktop/AER201/botL.X/i2c_common.asm
              _.code_021A   0x001486    program     static /Users/mreiter/Desktop/AER201/botL.X/i2c_common.asm
         WRITE_COLOUR_I2C   0x00148c    program     extern /Users/mreiter/Desktop/AER201/botL.X/i2c_common.asm
              _.code_0228   0x001494    program     static /Users/mreiter/Desktop/AER201/botL.X/i2c_common.asm
              _.code_0230   0x00149c    program     static /Users/mreiter/Desktop/AER201/botL.X/i2c_common.asm
              _.code_0236   0x0014a2    program     static /Users/mreiter/Desktop/AER201/botL.X/i2c_common.asm
              _.code_0248   0x0014b4    program     static /Users/mreiter/Desktop/AER201/botL.X/i2c_common.asm
              _.code_024E   0x0014ba    program     static /Users/mreiter/Desktop/AER201/botL.X/i2c_common.asm
              _.code_0260   0x0014cc    program     static /Users/mreiter/Desktop/AER201/botL.X/i2c_common.asm
              _.code_0266   0x0014d2    program     static /Users/mreiter/Desktop/AER201/botL.X/i2c_common.asm
                  WR_ERR1   0x0014e0    program     static /Users/mreiter/Desktop/AER201/botL.X/i2c_common.asm
                  WR_ERR2   0x0014ea    program     static /Users/mreiter/Desktop/AER201/botL.X/i2c_common.asm
                  WR_ERR3   0x0014f6    program     static /Users/mreiter/Desktop/AER201/botL.X/i2c_common.asm
                   WR_END   0x001500    program     static /Users/mreiter/Desktop/AER201/botL.X/i2c_common.asm
              _.code_0298   0x001504    program     static /Users/mreiter/Desktop/AER201/botL.X/i2c_common.asm
             INIT_ARDUINO   0x00150a    program     extern /Users/mreiter/Desktop/AER201/botL.X/i2c_common.asm
              _.code_02A6   0x001512    program     static /Users/mreiter/Desktop/AER201/botL.X/i2c_common.asm
              _.code_02AE   0x00151a    program     static /Users/mreiter/Desktop/AER201/botL.X/i2c_common.asm
              _.code_02B4   0x001520    program     static /Users/mreiter/Desktop/AER201/botL.X/i2c_common.asm
              _.code_02C2   0x00152e    program     static /Users/mreiter/Desktop/AER201/botL.X/i2c_common.asm
             READ_ARDUINO   0x001534    program     extern /Users/mreiter/Desktop/AER201/botL.X/i2c_common.asm
              _.code_02D0   0x00153c    program     static /Users/mreiter/Desktop/AER201/botL.X/i2c_common.asm
              _.code_02D8   0x001544    program     static /Users/mreiter/Desktop/AER201/botL.X/i2c_common.asm
              _.code_02E0   0x00154c    program     static /Users/mreiter/Desktop/AER201/botL.X/i2c_common.asm
              _.code_02E6   0x001552    program     static /Users/mreiter/Desktop/AER201/botL.X/i2c_common.asm
              _.code_02EE   0x00155a    program     static /Users/mreiter/Desktop/AER201/botL.X/i2c_common.asm
                  _waitl2   0x001566    program     static /Users/mreiter/Desktop/AER201/botL.X/i2c_common.asm
              _.code_0304   0x001570    program     static /Users/mreiter/Desktop/AER201/botL.X/i2c_common.asm
                CHECK_ACK   0x001576    program     extern /Users/mreiter/Desktop/AER201/botL.X/i2c.asm
                 I2C_temp   0x001576    program     static /Users/mreiter/Desktop/AER201/botL.X/i2c.asm
                I2C_ACKDT   0x001576    program     extern /Users/mreiter/Desktop/AER201/botL.X/i2c.asm
               CHECK_NACK   0x00157a    program     extern /Users/mreiter/Desktop/AER201/botL.X/i2c.asm
                TEST_NACK   0x00157e    program     static /Users/mreiter/Desktop/AER201/botL.X/i2c.asm
          I2C_Master_INIT   0x001586    program     extern /Users/mreiter/Desktop/AER201/botL.X/i2c.asm
                     WAIT   0x001598    program     static /Users/mreiter/Desktop/AER201/botL.X/i2c.asm
          I2C_Master_WAIT   0x001598    program     extern /Users/mreiter/Desktop/AER201/botL.X/i2c.asm
         I2C_Master_START   0x0015a8    program     extern /Users/mreiter/Desktop/AER201/botL.X/i2c.asm
        I2C_Master_RSTART   0x0015b0    program     extern /Users/mreiter/Desktop/AER201/botL.X/i2c.asm
          I2C_Master_STOP   0x0015b8    program     extern /Users/mreiter/Desktop/AER201/botL.X/i2c.asm
         I2C_Master_WRITE   0x0015c0    program     extern /Users/mreiter/Desktop/AER201/botL.X/i2c.asm
                  HOLD_UP   0x0015c6    program     static /Users/mreiter/Desktop/AER201/botL.X/i2c.asm
          I2C_Master_READ   0x0015ce    program     extern /Users/mreiter/Desktop/AER201/botL.X/i2c.asm
                     LOOP   0x0015d4    program     static /Users/mreiter/Desktop/AER201/botL.X/i2c.asm
           I2C_Master_ACK   0x0015dc    program     extern /Users/mreiter/Desktop/AER201/botL.X/i2c.asm
                 TEST_ACK   0x0015e0    program     static /Users/mreiter/Desktop/AER201/botL.X/i2c.asm
               regaddress   0x000060       data     extern /Users/mreiter/Desktop/AER201/botL.X/i2c_common.asm
                 databyte   0x000061       data     extern /Users/mreiter/Desktop/AER201/botL.X/i2c_common.asm
                 datachar   0x000062       data     extern /Users/mreiter/Desktop/AER201/botL.X/i2c_common.asm
               tens_digit   0x000063       data     extern /Users/mreiter/Desktop/AER201/botL.X/i2c_common.asm
               ones_digit   0x000064       data     extern /Users/mreiter/Desktop/AER201/botL.X/i2c_common.asm
           convert_buffer   0x000065       data     extern /Users/mreiter/Desktop/AER201/botL.X/i2c_common.asm


