MPLINK 5.08, LINKER
Linker Map File - Created Sat Mar  4 20:33:46 2017

                                 Section Info
                  Section       Type    Address   Location Size(Bytes)
                ---------  ---------  ---------  ---------  ---------
                   .org_0       code   0x000000    program   0x000004
                   .cinit    romdata   0x000004    program   0x000002
                   .org_1       code   0x000008    program   0x000004
                   .org_2       code   0x000018    program   0x00107a
                    .code       code   0x001092    program   0x00059c
.config_300001_BUILD/DEFAULT/PRODUCTION/MAIN.O    romdata   0x300001    program   0x000001
.config_300002_BUILD/DEFAULT/PRODUCTION/MAIN.O    romdata   0x300002    program   0x000001
.config_300003_BUILD/DEFAULT/PRODUCTION/MAIN.O    romdata   0x300003    program   0x000001
.config_300005_BUILD/DEFAULT/PRODUCTION/MAIN.O    romdata   0x300005    program   0x000001
.config_300006_BUILD/DEFAULT/PRODUCTION/MAIN.O    romdata   0x300006    program   0x000001
.config_300008_BUILD/DEFAULT/PRODUCTION/MAIN.O    romdata   0x300008    program   0x000001
.config_300009_BUILD/DEFAULT/PRODUCTION/MAIN.O    romdata   0x300009    program   0x000001
.config_30000A_BUILD/DEFAULT/PRODUCTION/MAIN.O    romdata   0x30000a    program   0x000001
.config_30000B_BUILD/DEFAULT/PRODUCTION/MAIN.O    romdata   0x30000b    program   0x000001
.config_30000C_BUILD/DEFAULT/PRODUCTION/MAIN.O    romdata   0x30000c    program   0x000001
.config_30000D_BUILD/DEFAULT/PRODUCTION/MAIN.O    romdata   0x30000d    program   0x000001
               .udata_acs      udata   0x000060       data   0x000006



                              Program Memory Usage 
                               Start         End      
                           ---------   ---------      
                            0x000000    0x000005      
                            0x000008    0x00000b      
                            0x000018    0x00162d      
                            0x300001    0x300003      
                            0x300005    0x300006      
                            0x300008    0x30000d      
            5675 out of 66584 program addresses used, program memory utilization is 8%



                              Symbols - Sorted by Name
                     Name    Address   Location    Storage File                     
                ---------  ---------  ---------  --------- ---------                
                CHECK_ACK   0x0015be    program     extern /Users/mreiter/Desktop/AER201/botL.X/i2c.asm
               CHECK_DONE   0x0004fa    program     static /Users/mreiter/Desktop/AER201/botL.X/main.asm
               CHECK_NACK   0x0015c2    program     extern /Users/mreiter/Desktop/AER201/botL.X/i2c.asm
         COLLECTIONS_STEP   0x0003fe    program     static /Users/mreiter/Desktop/AER201/botL.X/main.asm
              COLOUR_TEST   0x00038c    program     static /Users/mreiter/Desktop/AER201/botL.X/main.asm
           ClearEEPROM_21   0x000dde    program     static /Users/mreiter/Desktop/AER201/botL.X/main.asm
                ClearNext   0x000de6    program     static /Users/mreiter/Desktop/AER201/botL.X/main.asm
                   ClkLCD   0x001244    program     extern /Users/mreiter/Desktop/AER201/botL.X/lcd.asm
                   ClrLCD   0x001236    program     extern /Users/mreiter/Desktop/AER201/botL.X/lcd.asm
                   Cycles   0x000d76    program     static /Users/mreiter/Desktop/AER201/botL.X/main.asm
              DC_TEST_CCW   0x00031c    program     static /Users/mreiter/Desktop/AER201/botL.X/main.asm
         DC_TEST_CCW_HOLD   0x000330    program     static /Users/mreiter/Desktop/AER201/botL.X/main.asm
               DC_TEST_CW   0x0002e8    program     static /Users/mreiter/Desktop/AER201/botL.X/main.asm
          DC_TEST_CW_HOLD   0x0002fc    program     static /Users/mreiter/Desktop/AER201/botL.X/main.asm
               DETECTIONS   0x00042a    program     static /Users/mreiter/Desktop/AER201/botL.X/main.asm
              DISPLAY_RTC   0x000b6e    program     static /Users/mreiter/Desktop/AER201/botL.X/main.asm
                DataUSART   0x000cc4    program     static /Users/mreiter/Desktop/AER201/botL.X/main.asm
               Delay200us   0x000d5e    program     static /Users/mreiter/Desktop/AER201/botL.X/main.asm
            Delay44usLoop   0x001296    program     static /Users/mreiter/Desktop/AER201/botL.X/lcd.asm
                Delay50ms   0x000d6c    program     static /Users/mreiter/Desktop/AER201/botL.X/main.asm
             Delay5msLoop   0x0012a6    program     static /Users/mreiter/Desktop/AER201/botL.X/lcd.asm
                 Delay5us   0x000d50    program     static /Users/mreiter/Desktop/AER201/botL.X/main.asm
                DispOpRTC   0x000fba    program     static /Users/mreiter/Desktop/AER201/botL.X/main.asm
         DispOpRTC_Helper   0x001058    program     static /Users/mreiter/Desktop/AER201/botL.X/main.asm
               DispOpSort   0x000ee2    program     static /Users/mreiter/Desktop/AER201/botL.X/main.asm
           DisplayExeTime   0x000e50    program     static /Users/mreiter/Desktop/AER201/botL.X/main.asm
             END_ISR_HIGH   0x0000b0    program     static /Users/mreiter/Desktop/AER201/botL.X/main.asm
              END_ISR_LOW   0x0000fc    program     static /Users/mreiter/Desktop/AER201/botL.X/main.asm
                EXECUTION   0x0003ac    program     static /Users/mreiter/Desktop/AER201/botL.X/main.asm
                 EXIT_EXE   0x000506    program     static /Users/mreiter/Desktop/AER201/botL.X/main.asm
                     Exe1   0x001134    program     static /Users/mreiter/Desktop/AER201/botL.X/main.asm
                     Exe2   0x001140    program     static /Users/mreiter/Desktop/AER201/botL.X/main.asm
                 HOLD_LOG   0x00056a    program     static /Users/mreiter/Desktop/AER201/botL.X/main.asm
            HOLD_LOG_INFO   0x0005c8    program     static /Users/mreiter/Desktop/AER201/botL.X/main.asm
                  HOLD_PC   0x00085a    program     static /Users/mreiter/Desktop/AER201/botL.X/main.asm
            HOLD_PERM_LOG   0x000622    program     static /Users/mreiter/Desktop/AER201/botL.X/main.asm
                HOLD_PLOG   0x000798    program     static /Users/mreiter/Desktop/AER201/botL.X/main.asm
        HOLD_PLOG_DETAILS   0x0007f4    program     static /Users/mreiter/Desktop/AER201/botL.X/main.asm
             HOLD_STANDBY   0x000232    program     static /Users/mreiter/Desktop/AER201/botL.X/main.asm
                  HOLD_UP   0x00160e    program     static /Users/mreiter/Desktop/AER201/botL.X/i2c.asm
                I2C_ACKDT   0x0015be    program     extern /Users/mreiter/Desktop/AER201/botL.X/i2c.asm
           I2C_Master_ACK   0x001624    program     extern /Users/mreiter/Desktop/AER201/botL.X/i2c.asm
          I2C_Master_INIT   0x0015ce    program     extern /Users/mreiter/Desktop/AER201/botL.X/i2c.asm
          I2C_Master_READ   0x001616    program     extern /Users/mreiter/Desktop/AER201/botL.X/i2c.asm
        I2C_Master_RSTART   0x0015f8    program     extern /Users/mreiter/Desktop/AER201/botL.X/i2c.asm
         I2C_Master_START   0x0015f0    program     extern /Users/mreiter/Desktop/AER201/botL.X/i2c.asm
          I2C_Master_STOP   0x001600    program     extern /Users/mreiter/Desktop/AER201/botL.X/i2c.asm
          I2C_Master_WAIT   0x0015e0    program     extern /Users/mreiter/Desktop/AER201/botL.X/i2c.asm
         I2C_Master_WRITE   0x001608    program     extern /Users/mreiter/Desktop/AER201/botL.X/i2c.asm
                 I2C_temp   0x0015be    program     static /Users/mreiter/Desktop/AER201/botL.X/i2c.asm
              INC_ESKACAP   0x0004a8    program     static /Users/mreiter/Desktop/AER201/botL.X/main.asm
            INC_ESKANOCAP   0x000488    program     static /Users/mreiter/Desktop/AER201/botL.X/main.asm
               INC_YOPCAP   0x00046c    program     static /Users/mreiter/Desktop/AER201/botL.X/main.asm
             INC_YOPNOCAP   0x000450    program     static /Users/mreiter/Desktop/AER201/botL.X/main.asm
                     INIT   0x000106    program     static /Users/mreiter/Desktop/AER201/botL.X/main.asm
             INIT_ARDUINO   0x001552    program     extern /Users/mreiter/Desktop/AER201/botL.X/i2c_common.asm
                 INIT_RTC   0x0013fc    program     extern /Users/mreiter/Desktop/AER201/botL.X/i2c_common.asm
               INIT_USART   0x000cb0    program     static /Users/mreiter/Desktop/AER201/botL.X/main.asm
                 ISR_HIGH   0x000030    program     static /Users/mreiter/Desktop/AER201/botL.X/main.asm
                  ISR_LOW   0x0000ba    program     static /Users/mreiter/Desktop/AER201/botL.X/main.asm
                  InitLCD   0x001188    program     extern /Users/mreiter/Desktop/AER201/botL.X/lcd.asm
                   LCD_L1   0x001262    program     extern /Users/mreiter/Desktop/AER201/botL.X/lcd.asm
                   LCD_L2   0x00126a    program     extern /Users/mreiter/Desktop/AER201/botL.X/lcd.asm
                 LLD_LOOP   0x001280    program     static /Users/mreiter/Desktop/AER201/botL.X/lcd.asm
            LOAD_EXE_TIME   0x000026    program     static /Users/mreiter/Desktop/AER201/botL.X/main.asm
        LOAD_STANDBY_TIME   0x00001c    program     static /Users/mreiter/Desktop/AER201/botL.X/main.asm
                      LOG   0x000536    program     static /Users/mreiter/Desktop/AER201/botL.X/main.asm
                 LOG_INFO   0x00059c    program     static /Users/mreiter/Desktop/AER201/botL.X/main.asm
                     LOOP   0x00161c    program     static /Users/mreiter/Desktop/AER201/botL.X/i2c.asm
                  LOOPING   0x00038e    program     static /Users/mreiter/Desktop/AER201/botL.X/main.asm
                     Log1   0x0010f2    program     static /Users/mreiter/Desktop/AER201/botL.X/main.asm
                     Log2   0x0010f8    program     static /Users/mreiter/Desktop/AER201/botL.X/main.asm
                 LogInfo1   0x001106    program     static /Users/mreiter/Desktop/AER201/botL.X/main.asm
                 LogInfo2   0x00110e    program     static /Users/mreiter/Desktop/AER201/botL.X/main.asm
                   MovMSB   0x001272    program     static /Users/mreiter/Desktop/AER201/botL.X/lcd.asm
                   NoData   0x001184    program     static /Users/mreiter/Desktop/AER201/botL.X/main.asm
        NoSkipDispExeTime   0x000e8e    program     static /Users/mreiter/Desktop/AER201/botL.X/main.asm
          NoSkipDispOpRTC   0x000ff6    program     static /Users/mreiter/Desktop/AER201/botL.X/main.asm
         NoSkipDispOpSort   0x000f1e    program     static /Users/mreiter/Desktop/AER201/botL.X/main.asm
                      PC1   0x001148    program     static /Users/mreiter/Desktop/AER201/botL.X/main.asm
                      PC2   0x001156    program     static /Users/mreiter/Desktop/AER201/botL.X/main.asm
               PCComplete   0x001170    program     static /Users/mreiter/Desktop/AER201/botL.X/main.asm
               PCTransfer   0x001160    program     static /Users/mreiter/Desktop/AER201/botL.X/main.asm
                  PC_MODE   0x000810    program     static /Users/mreiter/Desktop/AER201/botL.X/main.asm
              PC_TRANSFER   0x00088c    program     static /Users/mreiter/Desktop/AER201/botL.X/main.asm
                 PERM_LOG   0x0005e4    program     static /Users/mreiter/Desktop/AER201/botL.X/main.asm
                     PLOG   0x000704    program     static /Users/mreiter/Desktop/AER201/botL.X/main.asm
             PLOG_DETAILS   0x0007ca    program     static /Users/mreiter/Desktop/AER201/botL.X/main.asm
                 PermLog1   0x001118    program     static /Users/mreiter/Desktop/AER201/botL.X/main.asm
                 PermLog2   0x001128    program     static /Users/mreiter/Desktop/AER201/botL.X/main.asm
                   RD_END   0x0014ca    program     static /Users/mreiter/Desktop/AER201/botL.X/i2c_common.asm
               RD_END_RTC   0x0013dc    program     static /Users/mreiter/Desktop/AER201/botL.X/i2c_common.asm
                  RD_ERR1   0x0014ac    program     static /Users/mreiter/Desktop/AER201/botL.X/i2c_common.asm
              RD_ERR1_RTC   0x0013be    program     static /Users/mreiter/Desktop/AER201/botL.X/i2c_common.asm
                  RD_ERR2   0x0014b6    program     static /Users/mreiter/Desktop/AER201/botL.X/i2c_common.asm
              RD_ERR2_RTC   0x0013c8    program     static /Users/mreiter/Desktop/AER201/botL.X/i2c_common.asm
                  RD_ERR3   0x0014c0    program     static /Users/mreiter/Desktop/AER201/botL.X/i2c_common.asm
              RD_ERR3_RTC   0x0013d2    program     static /Users/mreiter/Desktop/AER201/botL.X/i2c_common.asm
             READ_ARDUINO   0x00157c    program     extern /Users/mreiter/Desktop/AER201/botL.X/i2c_common.asm
          READ_COLOUR_I2C   0x00143c    program     extern /Users/mreiter/Desktop/AER201/botL.X/i2c_common.asm
                 READ_KEY   0x000e24    program     static /Users/mreiter/Desktop/AER201/botL.X/main.asm
            READ_KEY_TIME   0x000e38    program     static /Users/mreiter/Desktop/AER201/botL.X/main.asm
                ROTATE_90   0x000400    program     static /Users/mreiter/Desktop/AER201/botL.X/main.asm
           ROTATE_90_TEST   0x000362    program     static /Users/mreiter/Desktop/AER201/botL.X/main.asm
                 RTC_INIT   0x000a34    program     static /Users/mreiter/Desktop/AER201/botL.X/main.asm
                     SAVE   0x00117a    program     static /Users/mreiter/Desktop/AER201/botL.X/main.asm
            SAVE_EXE_TIME   0x000ab8    program     static /Users/mreiter/Desktop/AER201/botL.X/main.asm
                SAVE_TIME   0x000a42    program     static /Users/mreiter/Desktop/AER201/botL.X/main.asm
                 SET_TIME   0x000c48    program     static /Users/mreiter/Desktop/AER201/botL.X/main.asm
                  STANDBY   0x0001e2    program     static /Users/mreiter/Desktop/AER201/botL.X/main.asm
                STEP_TEST   0x000350    program     static /Users/mreiter/Desktop/AER201/botL.X/main.asm
                 SaveData   0x0008b6    program     static /Users/mreiter/Desktop/AER201/botL.X/main.asm
                    Shift   0x001256    program     extern /Users/mreiter/Desktop/AER201/botL.X/lcd.asm
                ShiftLoop   0x0009ce    program     static /Users/mreiter/Desktop/AER201/botL.X/main.asm
          SkipDispExeTime   0x000ee0    program     static /Users/mreiter/Desktop/AER201/botL.X/main.asm
            SkipDispOpRTC   0x001056    program     static /Users/mreiter/Desktop/AER201/botL.X/main.asm
           SkipDispOpSort   0x000fb8    program     static /Users/mreiter/Desktop/AER201/botL.X/main.asm
                  StandBy   0x0010a2    program     static /Users/mreiter/Desktop/AER201/botL.X/main.asm
              StandbyInfo   0x0010ca    program     static /Users/mreiter/Desktop/AER201/botL.X/main.asm
                 TEST_ACK   0x001628    program     static /Users/mreiter/Desktop/AER201/botL.X/i2c.asm
                TEST_NACK   0x0015c6    program     static /Users/mreiter/Desktop/AER201/botL.X/i2c.asm
            TRANSFER_DATA   0x000cde    program     static /Users/mreiter/Desktop/AER201/botL.X/main.asm
            TRANSFER_LOGS   0x000cd4    program     static /Users/mreiter/Desktop/AER201/botL.X/main.asm
            TRAY_CCW_HOLD   0x0004e2    program     static /Users/mreiter/Desktop/AER201/botL.X/main.asm
             TRAY_CW_HOLD   0x0004ca    program     static /Users/mreiter/Desktop/AER201/botL.X/main.asm
            TRAY_STEP_CCW   0x0004dc    program     static /Users/mreiter/Desktop/AER201/botL.X/main.asm
             TRAY_STEP_CW   0x0004c4    program     static /Users/mreiter/Desktop/AER201/botL.X/main.asm
            TRAY_STEP_END   0x0004f2    program     static /Users/mreiter/Desktop/AER201/botL.X/main.asm
                     Team   0x001098    program     static /Users/mreiter/Desktop/AER201/botL.X/main.asm
               USART_LINE   0x000d42    program     static /Users/mreiter/Desktop/AER201/botL.X/main.asm
               USART_WAIT   0x000d38    program     static /Users/mreiter/Desktop/AER201/botL.X/main.asm
                     WAIT   0x0015e0    program     static /Users/mreiter/Desktop/AER201/botL.X/i2c.asm
         WRITE_COLOUR_I2C   0x0014d4    program     extern /Users/mreiter/Desktop/AER201/botL.X/i2c_common.asm
                  WR_DATA   0x0011fc    program     extern /Users/mreiter/Desktop/AER201/botL.X/lcd.asm
                   WR_END   0x001548    program     static /Users/mreiter/Desktop/AER201/botL.X/i2c_common.asm
               WR_END_RTC   0x001346    program     static /Users/mreiter/Desktop/AER201/botL.X/i2c_common.asm
                  WR_ERR1   0x001528    program     static /Users/mreiter/Desktop/AER201/botL.X/i2c_common.asm
              WR_ERR1_RTC   0x001326    program     static /Users/mreiter/Desktop/AER201/botL.X/i2c_common.asm
                  WR_ERR2   0x001532    program     static /Users/mreiter/Desktop/AER201/botL.X/i2c_common.asm
              WR_ERR2_RTC   0x001330    program     static /Users/mreiter/Desktop/AER201/botL.X/i2c_common.asm
                  WR_ERR3   0x00153e    program     static /Users/mreiter/Desktop/AER201/botL.X/i2c_common.asm
              WR_ERR3_RTC   0x00133c    program     static /Users/mreiter/Desktop/AER201/botL.X/i2c_common.asm
                   WR_INS   0x0011e0    program     extern /Users/mreiter/Desktop/AER201/botL.X/lcd.asm
                  Welcome   0x001092    program     static /Users/mreiter/Desktop/AER201/botL.X/main.asm
              WriteEE_RTC   0x000d80    program     static /Users/mreiter/Desktop/AER201/botL.X/main.asm
                   WrtLCD   0x001220    program     extern /Users/mreiter/Desktop/AER201/botL.X/lcd.asm
              _.code_001C   0x0012d0    program     static /Users/mreiter/Desktop/AER201/botL.X/i2c_common.asm
              _.code_002A   0x0012de    program     static /Users/mreiter/Desktop/AER201/botL.X/i2c_common.asm
              _.code_0032   0x0012e6    program     static /Users/mreiter/Desktop/AER201/botL.X/i2c_common.asm
              _.code_0038   0x0012ec    program     static /Users/mreiter/Desktop/AER201/botL.X/i2c_common.asm
              _.code_0048   0x0012fc    program     static /Users/mreiter/Desktop/AER201/botL.X/i2c_common.asm
              _.code_004E   0x001302    program     static /Users/mreiter/Desktop/AER201/botL.X/i2c_common.asm
              _.code_005E   0x001312    program     static /Users/mreiter/Desktop/AER201/botL.X/i2c_common.asm
              _.code_0064   0x001318    program     static /Users/mreiter/Desktop/AER201/botL.X/i2c_common.asm
              _.code_0096   0x00134a    program     static /Users/mreiter/Desktop/AER201/botL.X/i2c_common.asm
              _.code_00A4   0x001358    program     static /Users/mreiter/Desktop/AER201/botL.X/i2c_common.asm
              _.code_00AC   0x001360    program     static /Users/mreiter/Desktop/AER201/botL.X/i2c_common.asm
              _.code_00B2   0x001366    program     static /Users/mreiter/Desktop/AER201/botL.X/i2c_common.asm
              _.code_00C2   0x001376    program     static /Users/mreiter/Desktop/AER201/botL.X/i2c_common.asm
              _.code_00C8   0x001250    program     static /Users/mreiter/Desktop/AER201/botL.X/lcd.asm
              _.code_00C8   0x00137c    program     static /Users/mreiter/Desktop/AER201/botL.X/i2c_common.asm
              _.code_00D6   0x00138a    program     static /Users/mreiter/Desktop/AER201/botL.X/i2c_common.asm
              _.code_00DE   0x001392    program     static /Users/mreiter/Desktop/AER201/botL.X/i2c_common.asm
              _.code_00E4   0x001398    program     static /Users/mreiter/Desktop/AER201/botL.X/i2c_common.asm
              _.code_00F2   0x0013a6    program     static /Users/mreiter/Desktop/AER201/botL.X/i2c_common.asm
              _.code_00FE   0x001286    program     static /Users/mreiter/Desktop/AER201/botL.X/lcd.asm
              _.code_012C   0x0013e0    program     static /Users/mreiter/Desktop/AER201/botL.X/i2c_common.asm
              _.code_0150   0x001404    program     static /Users/mreiter/Desktop/AER201/botL.X/i2c_common.asm
              _.code_0158   0x00140c    program     static /Users/mreiter/Desktop/AER201/botL.X/i2c_common.asm
              _.code_015E   0x001412    program     static /Users/mreiter/Desktop/AER201/botL.X/i2c_common.asm
              _.code_0166   0x00141a    program     static /Users/mreiter/Desktop/AER201/botL.X/i2c_common.asm
              _.code_016C   0x001420    program     static /Users/mreiter/Desktop/AER201/botL.X/i2c_common.asm
              _.code_0174   0x001428    program     static /Users/mreiter/Desktop/AER201/botL.X/i2c_common.asm
              _.code_017A   0x00142e    program     static /Users/mreiter/Desktop/AER201/botL.X/i2c_common.asm
              _.code_0182   0x001436    program     static /Users/mreiter/Desktop/AER201/botL.X/i2c_common.asm
              _.code_0190   0x001444    program     static /Users/mreiter/Desktop/AER201/botL.X/i2c_common.asm
              _.code_0198   0x00144c    program     static /Users/mreiter/Desktop/AER201/botL.X/i2c_common.asm
              _.code_019E   0x001452    program     static /Users/mreiter/Desktop/AER201/botL.X/i2c_common.asm
              _.code_01B0   0x001464    program     static /Users/mreiter/Desktop/AER201/botL.X/i2c_common.asm
              _.code_01B6   0x00146a    program     static /Users/mreiter/Desktop/AER201/botL.X/i2c_common.asm
              _.code_01C4   0x001478    program     static /Users/mreiter/Desktop/AER201/botL.X/i2c_common.asm
              _.code_01CC   0x001480    program     static /Users/mreiter/Desktop/AER201/botL.X/i2c_common.asm
              _.code_01D2   0x001486    program     static /Users/mreiter/Desktop/AER201/botL.X/i2c_common.asm
              _.code_01E0   0x001494    program     static /Users/mreiter/Desktop/AER201/botL.X/i2c_common.asm
              _.code_021A   0x0014ce    program     static /Users/mreiter/Desktop/AER201/botL.X/i2c_common.asm
              _.code_0228   0x0014dc    program     static /Users/mreiter/Desktop/AER201/botL.X/i2c_common.asm
              _.code_0230   0x0014e4    program     static /Users/mreiter/Desktop/AER201/botL.X/i2c_common.asm
              _.code_0236   0x0014ea    program     static /Users/mreiter/Desktop/AER201/botL.X/i2c_common.asm
              _.code_0248   0x0014fc    program     static /Users/mreiter/Desktop/AER201/botL.X/i2c_common.asm
              _.code_024E   0x001502    program     static /Users/mreiter/Desktop/AER201/botL.X/i2c_common.asm
              _.code_0260   0x001514    program     static /Users/mreiter/Desktop/AER201/botL.X/i2c_common.asm
              _.code_0266   0x00151a    program     static /Users/mreiter/Desktop/AER201/botL.X/i2c_common.asm
              _.code_0298   0x00154c    program     static /Users/mreiter/Desktop/AER201/botL.X/i2c_common.asm
              _.code_02A6   0x00155a    program     static /Users/mreiter/Desktop/AER201/botL.X/i2c_common.asm
              _.code_02AE   0x001562    program     static /Users/mreiter/Desktop/AER201/botL.X/i2c_common.asm
              _.code_02B4   0x001568    program     static /Users/mreiter/Desktop/AER201/botL.X/i2c_common.asm
              _.code_02C2   0x001576    program     static /Users/mreiter/Desktop/AER201/botL.X/i2c_common.asm
              _.code_02D0   0x001584    program     static /Users/mreiter/Desktop/AER201/botL.X/i2c_common.asm
              _.code_02D8   0x00158c    program     static /Users/mreiter/Desktop/AER201/botL.X/i2c_common.asm
              _.code_02E0   0x001594    program     static /Users/mreiter/Desktop/AER201/botL.X/i2c_common.asm
              _.code_02E6   0x00159a    program     static /Users/mreiter/Desktop/AER201/botL.X/i2c_common.asm
              _.code_02EE   0x0015a2    program     static /Users/mreiter/Desktop/AER201/botL.X/i2c_common.asm
              _.code_0304   0x0015b8    program     static /Users/mreiter/Desktop/AER201/botL.X/i2c_common.asm
             _.org_2_08CA   0x0008ca    program     static /Users/mreiter/Desktop/AER201/botL.X/main.asm
             _.org_2_08E2   0x0008e2    program     static /Users/mreiter/Desktop/AER201/botL.X/main.asm
             _.org_2_08FE   0x0008fe    program     static /Users/mreiter/Desktop/AER201/botL.X/main.asm
             _.org_2_0916   0x000916    program     static /Users/mreiter/Desktop/AER201/botL.X/main.asm
             _.org_2_0932   0x000932    program     static /Users/mreiter/Desktop/AER201/botL.X/main.asm
             _.org_2_094A   0x00094a    program     static /Users/mreiter/Desktop/AER201/botL.X/main.asm
             _.org_2_0966   0x000966    program     static /Users/mreiter/Desktop/AER201/botL.X/main.asm
             _.org_2_097E   0x00097e    program     static /Users/mreiter/Desktop/AER201/botL.X/main.asm
             _.org_2_099A   0x00099a    program     static /Users/mreiter/Desktop/AER201/botL.X/main.asm
             _.org_2_09B2   0x0009b2    program     static /Users/mreiter/Desktop/AER201/botL.X/main.asm
             _.org_2_09F4   0x0009f4    program     static /Users/mreiter/Desktop/AER201/botL.X/main.asm
             _.org_2_0A0C   0x000a0c    program     static /Users/mreiter/Desktop/AER201/botL.X/main.asm
             _.org_2_0AD4   0x000ad4    program     static /Users/mreiter/Desktop/AER201/botL.X/main.asm
             _.org_2_0AEC   0x000aec    program     static /Users/mreiter/Desktop/AER201/botL.X/main.asm
             _.org_2_0B10   0x000b10    program     static /Users/mreiter/Desktop/AER201/botL.X/main.asm
             _.org_2_0B28   0x000b28    program     static /Users/mreiter/Desktop/AER201/botL.X/main.asm
             _.org_2_0B4C   0x000b4c    program     static /Users/mreiter/Desktop/AER201/botL.X/main.asm
             _.org_2_0B64   0x000b64    program     static /Users/mreiter/Desktop/AER201/botL.X/main.asm
             _.org_2_0D3C   0x000d3c    program     static /Users/mreiter/Desktop/AER201/botL.X/main.asm
             _.org_2_0D8E   0x000d8e    program     static /Users/mreiter/Desktop/AER201/botL.X/main.asm
             _.org_2_0DA6   0x000da6    program     static /Users/mreiter/Desktop/AER201/botL.X/main.asm
             _.org_2_0DBC   0x000dbc    program     static /Users/mreiter/Desktop/AER201/botL.X/main.asm
             _.org_2_0DD4   0x000dd4    program     static /Users/mreiter/Desktop/AER201/botL.X/main.asm
             _.org_2_0DF4   0x000df4    program     static /Users/mreiter/Desktop/AER201/botL.X/main.asm
             _.org_2_0E0C   0x000e0c    program     static /Users/mreiter/Desktop/AER201/botL.X/main.asm
             _.org_2_0E32   0x000e32    program     static /Users/mreiter/Desktop/AER201/botL.X/main.asm
             _.org_2_0E4A   0x000e4a    program     static /Users/mreiter/Desktop/AER201/botL.X/main.asm
                 _101loop   0x000f0c    program     static /Users/mreiter/Desktop/AER201/botL.X/main.asm
                 _107loop   0x000fe4    program     static /Users/mreiter/Desktop/AER201/botL.X/main.asm
                  _10loop   0x0001ca    program     static /Users/mreiter/Desktop/AER201/botL.X/main.asm
                  _11loop   0x0001d8    program     static /Users/mreiter/Desktop/AER201/botL.X/main.asm
                  _12loop   0x000200    program     static /Users/mreiter/Desktop/AER201/botL.X/main.asm
                  _13loop   0x00021e    program     static /Users/mreiter/Desktop/AER201/botL.X/main.asm
                  _14Exit   0x00024a    program     static /Users/mreiter/Desktop/AER201/botL.X/main.asm
                  _14Next   0x00023e    program     static /Users/mreiter/Desktop/AER201/botL.X/main.asm
                  _15Exit   0x000260    program     static /Users/mreiter/Desktop/AER201/botL.X/main.asm
                  _15Next   0x000254    program     static /Users/mreiter/Desktop/AER201/botL.X/main.asm
                  _16Exit   0x000276    program     static /Users/mreiter/Desktop/AER201/botL.X/main.asm
                  _16Next   0x00026a    program     static /Users/mreiter/Desktop/AER201/botL.X/main.asm
                  _17Exit   0x00028c    program     static /Users/mreiter/Desktop/AER201/botL.X/main.asm
                  _17Next   0x000280    program     static /Users/mreiter/Desktop/AER201/botL.X/main.asm
                  _18Exit   0x0002a2    program     static /Users/mreiter/Desktop/AER201/botL.X/main.asm
                  _18Next   0x000296    program     static /Users/mreiter/Desktop/AER201/botL.X/main.asm
                  _19Exit   0x0002b8    program     static /Users/mreiter/Desktop/AER201/botL.X/main.asm
                  _19Next   0x0002ac    program     static /Users/mreiter/Desktop/AER201/botL.X/main.asm
                  _20Exit   0x0002ce    program     static /Users/mreiter/Desktop/AER201/botL.X/main.asm
                  _20Next   0x0002c2    program     static /Users/mreiter/Desktop/AER201/botL.X/main.asm
                  _21Exit   0x0002e4    program     static /Users/mreiter/Desktop/AER201/botL.X/main.asm
                  _21Next   0x0002d8    program     static /Users/mreiter/Desktop/AER201/botL.X/main.asm
                  _22loop   0x0002f2    program     static /Users/mreiter/Desktop/AER201/botL.X/main.asm
                  _23Exit   0x000318    program     static /Users/mreiter/Desktop/AER201/botL.X/main.asm
                  _23Next   0x00030c    program     static /Users/mreiter/Desktop/AER201/botL.X/main.asm
                  _24loop   0x000326    program     static /Users/mreiter/Desktop/AER201/botL.X/main.asm
                  _25Exit   0x00034c    program     static /Users/mreiter/Desktop/AER201/botL.X/main.asm
                  _25Next   0x000340    program     static /Users/mreiter/Desktop/AER201/botL.X/main.asm
                  _26loop   0x000358    program     static /Users/mreiter/Desktop/AER201/botL.X/main.asm
                  _27loop   0x000392    program     static /Users/mreiter/Desktop/AER201/botL.X/main.asm
                  _28loop   0x0003ce    program     static /Users/mreiter/Desktop/AER201/botL.X/main.asm
                  _29loop   0x000524    program     static /Users/mreiter/Desktop/AER201/botL.X/main.asm
                 _2endBCD   0x00007c    program     static /Users/mreiter/Desktop/AER201/botL.X/main.asm
                   _2ones   0x000076    program     static /Users/mreiter/Desktop/AER201/botL.X/main.asm
                  _30loop   0x00054c    program     static /Users/mreiter/Desktop/AER201/botL.X/main.asm
                  _31Exit   0x000582    program     static /Users/mreiter/Desktop/AER201/botL.X/main.asm
                  _31Next   0x000576    program     static /Users/mreiter/Desktop/AER201/botL.X/main.asm
                  _32Exit   0x000598    program     static /Users/mreiter/Desktop/AER201/botL.X/main.asm
                  _32Next   0x00058c    program     static /Users/mreiter/Desktop/AER201/botL.X/main.asm
                  _33loop   0x0005ba    program     static /Users/mreiter/Desktop/AER201/botL.X/main.asm
                  _34Exit   0x0005e0    program     static /Users/mreiter/Desktop/AER201/botL.X/main.asm
                  _34Next   0x0005d4    program     static /Users/mreiter/Desktop/AER201/botL.X/main.asm
                  _35loop   0x0005fa    program     static /Users/mreiter/Desktop/AER201/botL.X/main.asm
                  _36loop   0x000618    program     static /Users/mreiter/Desktop/AER201/botL.X/main.asm
                  _37Exit   0x00063a    program     static /Users/mreiter/Desktop/AER201/botL.X/main.asm
                  _37Next   0x00062e    program     static /Users/mreiter/Desktop/AER201/botL.X/main.asm
                  _38Exit   0x000650    program     static /Users/mreiter/Desktop/AER201/botL.X/main.asm
                  _38Next   0x000644    program     static /Users/mreiter/Desktop/AER201/botL.X/main.asm
                  _39Exit   0x000666    program     static /Users/mreiter/Desktop/AER201/botL.X/main.asm
                  _39Next   0x00065a    program     static /Users/mreiter/Desktop/AER201/botL.X/main.asm
                 _3endBCD   0x0000ae    program     static /Users/mreiter/Desktop/AER201/botL.X/main.asm
                   _3ones   0x0000a8    program     static /Users/mreiter/Desktop/AER201/botL.X/main.asm
                  _40Exit   0x00067c    program     static /Users/mreiter/Desktop/AER201/botL.X/main.asm
                  _40Next   0x000670    program     static /Users/mreiter/Desktop/AER201/botL.X/main.asm
                  _41Exit   0x000692    program     static /Users/mreiter/Desktop/AER201/botL.X/main.asm
                  _41Next   0x000686    program     static /Users/mreiter/Desktop/AER201/botL.X/main.asm
                  _42Exit   0x0006a8    program     static /Users/mreiter/Desktop/AER201/botL.X/main.asm
                  _42Next   0x00069c    program     static /Users/mreiter/Desktop/AER201/botL.X/main.asm
                  _43Exit   0x0006be    program     static /Users/mreiter/Desktop/AER201/botL.X/main.asm
                  _43Next   0x0006b2    program     static /Users/mreiter/Desktop/AER201/botL.X/main.asm
                  _44Exit   0x0006d4    program     static /Users/mreiter/Desktop/AER201/botL.X/main.asm
                  _44Next   0x0006c8    program     static /Users/mreiter/Desktop/AER201/botL.X/main.asm
                  _45Exit   0x0006ea    program     static /Users/mreiter/Desktop/AER201/botL.X/main.asm
                  _45Next   0x0006de    program     static /Users/mreiter/Desktop/AER201/botL.X/main.asm
                  _46Exit   0x000700    program     static /Users/mreiter/Desktop/AER201/botL.X/main.asm
                  _46Next   0x0006f4    program     static /Users/mreiter/Desktop/AER201/botL.X/main.asm
                  _47loop   0x000718    program     static /Users/mreiter/Desktop/AER201/botL.X/main.asm
                  _50Exit   0x0007b0    program     static /Users/mreiter/Desktop/AER201/botL.X/main.asm
                  _50Next   0x0007a4    program     static /Users/mreiter/Desktop/AER201/botL.X/main.asm
                  _51Exit   0x0007c6    program     static /Users/mreiter/Desktop/AER201/botL.X/main.asm
                  _51Next   0x0007ba    program     static /Users/mreiter/Desktop/AER201/botL.X/main.asm
                  _52loop   0x0007de    program     static /Users/mreiter/Desktop/AER201/botL.X/main.asm
                  _53Exit   0x00080c    program     static /Users/mreiter/Desktop/AER201/botL.X/main.asm
                  _53Next   0x000800    program     static /Users/mreiter/Desktop/AER201/botL.X/main.asm
                  _54loop   0x000826    program     static /Users/mreiter/Desktop/AER201/botL.X/main.asm
                  _55loop   0x000844    program     static /Users/mreiter/Desktop/AER201/botL.X/main.asm
                  _56Exit   0x000872    program     static /Users/mreiter/Desktop/AER201/botL.X/main.asm
                  _56Next   0x000866    program     static /Users/mreiter/Desktop/AER201/botL.X/main.asm
                  _57Exit   0x000888    program     static /Users/mreiter/Desktop/AER201/botL.X/main.asm
                  _57Next   0x00087c    program     static /Users/mreiter/Desktop/AER201/botL.X/main.asm
                  _58loop   0x0008a2    program     static /Users/mreiter/Desktop/AER201/botL.X/main.asm
                  _90loop   0x000d1e    program     static /Users/mreiter/Desktop/AER201/botL.X/main.asm
                  _91loop   0x000d2c    program     static /Users/mreiter/Desktop/AER201/botL.X/main.asm
                  _96loop   0x000e7a    program     static /Users/mreiter/Desktop/AER201/botL.X/main.asm
                   _9loop   0x0001ac    program     static /Users/mreiter/Desktop/AER201/botL.X/main.asm
                  _waitl0   0x0013b4    program     static /Users/mreiter/Desktop/AER201/botL.X/i2c_common.asm
                  _waitl1   0x0014a2    program     static /Users/mreiter/Desktop/AER201/botL.X/i2c_common.asm
                  _waitl2   0x0015ae    program     static /Users/mreiter/Desktop/AER201/botL.X/i2c_common.asm
                       d2   0x0012ae    program     static /Users/mreiter/Desktop/AER201/botL.X/lcd.asm
                del_loop0   0x000c4e    program     static /Users/mreiter/Desktop/AER201/botL.X/main.asm
                delay44us   0x001292    program     extern /Users/mreiter/Desktop/AER201/botL.X/lcd.asm
                 delay5ms   0x00129e    program     extern /Users/mreiter/Desktop/AER201/botL.X/lcd.asm
               displayNum   0x00073e    program     static /Users/mreiter/Desktop/AER201/botL.X/main.asm
         i2c_common_setup   0x0012b4    program     extern /Users/mreiter/Desktop/AER201/botL.X/i2c_common.asm
             lcdLongDelay   0x00127c    program     static /Users/mreiter/Desktop/AER201/botL.X/lcd.asm
                loop200us   0x000d62    program     static /Users/mreiter/Desktop/AER201/botL.X/main.asm
                 loop50ms   0x000d70    program     static /Users/mreiter/Desktop/AER201/botL.X/main.asm
                  loop5us   0x000d54    program     static /Users/mreiter/Desktop/AER201/botL.X/main.asm
                 read_rtc   0x001350    program     extern /Users/mreiter/Desktop/AER201/botL.X/i2c_common.asm
              rtc_convert   0x0013e6    program     extern /Users/mreiter/Desktop/AER201/botL.X/i2c_common.asm
                write_rtc   0x0012d6    program     extern /Users/mreiter/Desktop/AER201/botL.X/i2c_common.asm
           convert_buffer   0x000065       data     extern /Users/mreiter/Desktop/AER201/botL.X/i2c_common.asm
                 databyte   0x000061       data     extern /Users/mreiter/Desktop/AER201/botL.X/i2c_common.asm
                 datachar   0x000062       data     extern /Users/mreiter/Desktop/AER201/botL.X/i2c_common.asm
               ones_digit   0x000064       data     extern /Users/mreiter/Desktop/AER201/botL.X/i2c_common.asm
               regaddress   0x000060       data     extern /Users/mreiter/Desktop/AER201/botL.X/i2c_common.asm
               tens_digit   0x000063       data     extern /Users/mreiter/Desktop/AER201/botL.X/i2c_common.asm



                              Symbols - Sorted by Address
                     Name    Address   Location    Storage File                     
                ---------  ---------  ---------  --------- ---------                
        LOAD_STANDBY_TIME   0x00001c    program     static /Users/mreiter/Desktop/AER201/botL.X/main.asm
            LOAD_EXE_TIME   0x000026    program     static /Users/mreiter/Desktop/AER201/botL.X/main.asm
                 ISR_HIGH   0x000030    program     static /Users/mreiter/Desktop/AER201/botL.X/main.asm
                   _2ones   0x000076    program     static /Users/mreiter/Desktop/AER201/botL.X/main.asm
                 _2endBCD   0x00007c    program     static /Users/mreiter/Desktop/AER201/botL.X/main.asm
                   _3ones   0x0000a8    program     static /Users/mreiter/Desktop/AER201/botL.X/main.asm
                 _3endBCD   0x0000ae    program     static /Users/mreiter/Desktop/AER201/botL.X/main.asm
             END_ISR_HIGH   0x0000b0    program     static /Users/mreiter/Desktop/AER201/botL.X/main.asm
                  ISR_LOW   0x0000ba    program     static /Users/mreiter/Desktop/AER201/botL.X/main.asm
              END_ISR_LOW   0x0000fc    program     static /Users/mreiter/Desktop/AER201/botL.X/main.asm
                     INIT   0x000106    program     static /Users/mreiter/Desktop/AER201/botL.X/main.asm
                   _9loop   0x0001ac    program     static /Users/mreiter/Desktop/AER201/botL.X/main.asm
                  _10loop   0x0001ca    program     static /Users/mreiter/Desktop/AER201/botL.X/main.asm
                  _11loop   0x0001d8    program     static /Users/mreiter/Desktop/AER201/botL.X/main.asm
                  STANDBY   0x0001e2    program     static /Users/mreiter/Desktop/AER201/botL.X/main.asm
                  _12loop   0x000200    program     static /Users/mreiter/Desktop/AER201/botL.X/main.asm
                  _13loop   0x00021e    program     static /Users/mreiter/Desktop/AER201/botL.X/main.asm
             HOLD_STANDBY   0x000232    program     static /Users/mreiter/Desktop/AER201/botL.X/main.asm
                  _14Next   0x00023e    program     static /Users/mreiter/Desktop/AER201/botL.X/main.asm
                  _14Exit   0x00024a    program     static /Users/mreiter/Desktop/AER201/botL.X/main.asm
                  _15Next   0x000254    program     static /Users/mreiter/Desktop/AER201/botL.X/main.asm
                  _15Exit   0x000260    program     static /Users/mreiter/Desktop/AER201/botL.X/main.asm
                  _16Next   0x00026a    program     static /Users/mreiter/Desktop/AER201/botL.X/main.asm
                  _16Exit   0x000276    program     static /Users/mreiter/Desktop/AER201/botL.X/main.asm
                  _17Next   0x000280    program     static /Users/mreiter/Desktop/AER201/botL.X/main.asm
                  _17Exit   0x00028c    program     static /Users/mreiter/Desktop/AER201/botL.X/main.asm
                  _18Next   0x000296    program     static /Users/mreiter/Desktop/AER201/botL.X/main.asm
                  _18Exit   0x0002a2    program     static /Users/mreiter/Desktop/AER201/botL.X/main.asm
                  _19Next   0x0002ac    program     static /Users/mreiter/Desktop/AER201/botL.X/main.asm
                  _19Exit   0x0002b8    program     static /Users/mreiter/Desktop/AER201/botL.X/main.asm
                  _20Next   0x0002c2    program     static /Users/mreiter/Desktop/AER201/botL.X/main.asm
                  _20Exit   0x0002ce    program     static /Users/mreiter/Desktop/AER201/botL.X/main.asm
                  _21Next   0x0002d8    program     static /Users/mreiter/Desktop/AER201/botL.X/main.asm
                  _21Exit   0x0002e4    program     static /Users/mreiter/Desktop/AER201/botL.X/main.asm
               DC_TEST_CW   0x0002e8    program     static /Users/mreiter/Desktop/AER201/botL.X/main.asm
                  _22loop   0x0002f2    program     static /Users/mreiter/Desktop/AER201/botL.X/main.asm
          DC_TEST_CW_HOLD   0x0002fc    program     static /Users/mreiter/Desktop/AER201/botL.X/main.asm
                  _23Next   0x00030c    program     static /Users/mreiter/Desktop/AER201/botL.X/main.asm
                  _23Exit   0x000318    program     static /Users/mreiter/Desktop/AER201/botL.X/main.asm
              DC_TEST_CCW   0x00031c    program     static /Users/mreiter/Desktop/AER201/botL.X/main.asm
                  _24loop   0x000326    program     static /Users/mreiter/Desktop/AER201/botL.X/main.asm
         DC_TEST_CCW_HOLD   0x000330    program     static /Users/mreiter/Desktop/AER201/botL.X/main.asm
                  _25Next   0x000340    program     static /Users/mreiter/Desktop/AER201/botL.X/main.asm
                  _25Exit   0x00034c    program     static /Users/mreiter/Desktop/AER201/botL.X/main.asm
                STEP_TEST   0x000350    program     static /Users/mreiter/Desktop/AER201/botL.X/main.asm
                  _26loop   0x000358    program     static /Users/mreiter/Desktop/AER201/botL.X/main.asm
           ROTATE_90_TEST   0x000362    program     static /Users/mreiter/Desktop/AER201/botL.X/main.asm
              COLOUR_TEST   0x00038c    program     static /Users/mreiter/Desktop/AER201/botL.X/main.asm
                  LOOPING   0x00038e    program     static /Users/mreiter/Desktop/AER201/botL.X/main.asm
                  _27loop   0x000392    program     static /Users/mreiter/Desktop/AER201/botL.X/main.asm
                EXECUTION   0x0003ac    program     static /Users/mreiter/Desktop/AER201/botL.X/main.asm
                  _28loop   0x0003ce    program     static /Users/mreiter/Desktop/AER201/botL.X/main.asm
         COLLECTIONS_STEP   0x0003fe    program     static /Users/mreiter/Desktop/AER201/botL.X/main.asm
                ROTATE_90   0x000400    program     static /Users/mreiter/Desktop/AER201/botL.X/main.asm
               DETECTIONS   0x00042a    program     static /Users/mreiter/Desktop/AER201/botL.X/main.asm
             INC_YOPNOCAP   0x000450    program     static /Users/mreiter/Desktop/AER201/botL.X/main.asm
               INC_YOPCAP   0x00046c    program     static /Users/mreiter/Desktop/AER201/botL.X/main.asm
            INC_ESKANOCAP   0x000488    program     static /Users/mreiter/Desktop/AER201/botL.X/main.asm
              INC_ESKACAP   0x0004a8    program     static /Users/mreiter/Desktop/AER201/botL.X/main.asm
             TRAY_STEP_CW   0x0004c4    program     static /Users/mreiter/Desktop/AER201/botL.X/main.asm
             TRAY_CW_HOLD   0x0004ca    program     static /Users/mreiter/Desktop/AER201/botL.X/main.asm
            TRAY_STEP_CCW   0x0004dc    program     static /Users/mreiter/Desktop/AER201/botL.X/main.asm
            TRAY_CCW_HOLD   0x0004e2    program     static /Users/mreiter/Desktop/AER201/botL.X/main.asm
            TRAY_STEP_END   0x0004f2    program     static /Users/mreiter/Desktop/AER201/botL.X/main.asm
               CHECK_DONE   0x0004fa    program     static /Users/mreiter/Desktop/AER201/botL.X/main.asm
                 EXIT_EXE   0x000506    program     static /Users/mreiter/Desktop/AER201/botL.X/main.asm
                  _29loop   0x000524    program     static /Users/mreiter/Desktop/AER201/botL.X/main.asm
                      LOG   0x000536    program     static /Users/mreiter/Desktop/AER201/botL.X/main.asm
                  _30loop   0x00054c    program     static /Users/mreiter/Desktop/AER201/botL.X/main.asm
                 HOLD_LOG   0x00056a    program     static /Users/mreiter/Desktop/AER201/botL.X/main.asm
                  _31Next   0x000576    program     static /Users/mreiter/Desktop/AER201/botL.X/main.asm
                  _31Exit   0x000582    program     static /Users/mreiter/Desktop/AER201/botL.X/main.asm
                  _32Next   0x00058c    program     static /Users/mreiter/Desktop/AER201/botL.X/main.asm
                  _32Exit   0x000598    program     static /Users/mreiter/Desktop/AER201/botL.X/main.asm
                 LOG_INFO   0x00059c    program     static /Users/mreiter/Desktop/AER201/botL.X/main.asm
                  _33loop   0x0005ba    program     static /Users/mreiter/Desktop/AER201/botL.X/main.asm
            HOLD_LOG_INFO   0x0005c8    program     static /Users/mreiter/Desktop/AER201/botL.X/main.asm
                  _34Next   0x0005d4    program     static /Users/mreiter/Desktop/AER201/botL.X/main.asm
                  _34Exit   0x0005e0    program     static /Users/mreiter/Desktop/AER201/botL.X/main.asm
                 PERM_LOG   0x0005e4    program     static /Users/mreiter/Desktop/AER201/botL.X/main.asm
                  _35loop   0x0005fa    program     static /Users/mreiter/Desktop/AER201/botL.X/main.asm
                  _36loop   0x000618    program     static /Users/mreiter/Desktop/AER201/botL.X/main.asm
            HOLD_PERM_LOG   0x000622    program     static /Users/mreiter/Desktop/AER201/botL.X/main.asm
                  _37Next   0x00062e    program     static /Users/mreiter/Desktop/AER201/botL.X/main.asm
                  _37Exit   0x00063a    program     static /Users/mreiter/Desktop/AER201/botL.X/main.asm
                  _38Next   0x000644    program     static /Users/mreiter/Desktop/AER201/botL.X/main.asm
                  _38Exit   0x000650    program     static /Users/mreiter/Desktop/AER201/botL.X/main.asm
                  _39Next   0x00065a    program     static /Users/mreiter/Desktop/AER201/botL.X/main.asm
                  _39Exit   0x000666    program     static /Users/mreiter/Desktop/AER201/botL.X/main.asm
                  _40Next   0x000670    program     static /Users/mreiter/Desktop/AER201/botL.X/main.asm
                  _40Exit   0x00067c    program     static /Users/mreiter/Desktop/AER201/botL.X/main.asm
                  _41Next   0x000686    program     static /Users/mreiter/Desktop/AER201/botL.X/main.asm
                  _41Exit   0x000692    program     static /Users/mreiter/Desktop/AER201/botL.X/main.asm
                  _42Next   0x00069c    program     static /Users/mreiter/Desktop/AER201/botL.X/main.asm
                  _42Exit   0x0006a8    program     static /Users/mreiter/Desktop/AER201/botL.X/main.asm
                  _43Next   0x0006b2    program     static /Users/mreiter/Desktop/AER201/botL.X/main.asm
                  _43Exit   0x0006be    program     static /Users/mreiter/Desktop/AER201/botL.X/main.asm
                  _44Next   0x0006c8    program     static /Users/mreiter/Desktop/AER201/botL.X/main.asm
                  _44Exit   0x0006d4    program     static /Users/mreiter/Desktop/AER201/botL.X/main.asm
                  _45Next   0x0006de    program     static /Users/mreiter/Desktop/AER201/botL.X/main.asm
                  _45Exit   0x0006ea    program     static /Users/mreiter/Desktop/AER201/botL.X/main.asm
                  _46Next   0x0006f4    program     static /Users/mreiter/Desktop/AER201/botL.X/main.asm
                  _46Exit   0x000700    program     static /Users/mreiter/Desktop/AER201/botL.X/main.asm
                     PLOG   0x000704    program     static /Users/mreiter/Desktop/AER201/botL.X/main.asm
                  _47loop   0x000718    program     static /Users/mreiter/Desktop/AER201/botL.X/main.asm
               displayNum   0x00073e    program     static /Users/mreiter/Desktop/AER201/botL.X/main.asm
                HOLD_PLOG   0x000798    program     static /Users/mreiter/Desktop/AER201/botL.X/main.asm
                  _50Next   0x0007a4    program     static /Users/mreiter/Desktop/AER201/botL.X/main.asm
                  _50Exit   0x0007b0    program     static /Users/mreiter/Desktop/AER201/botL.X/main.asm
                  _51Next   0x0007ba    program     static /Users/mreiter/Desktop/AER201/botL.X/main.asm
                  _51Exit   0x0007c6    program     static /Users/mreiter/Desktop/AER201/botL.X/main.asm
             PLOG_DETAILS   0x0007ca    program     static /Users/mreiter/Desktop/AER201/botL.X/main.asm
                  _52loop   0x0007de    program     static /Users/mreiter/Desktop/AER201/botL.X/main.asm
        HOLD_PLOG_DETAILS   0x0007f4    program     static /Users/mreiter/Desktop/AER201/botL.X/main.asm
                  _53Next   0x000800    program     static /Users/mreiter/Desktop/AER201/botL.X/main.asm
                  _53Exit   0x00080c    program     static /Users/mreiter/Desktop/AER201/botL.X/main.asm
                  PC_MODE   0x000810    program     static /Users/mreiter/Desktop/AER201/botL.X/main.asm
                  _54loop   0x000826    program     static /Users/mreiter/Desktop/AER201/botL.X/main.asm
                  _55loop   0x000844    program     static /Users/mreiter/Desktop/AER201/botL.X/main.asm
                  HOLD_PC   0x00085a    program     static /Users/mreiter/Desktop/AER201/botL.X/main.asm
                  _56Next   0x000866    program     static /Users/mreiter/Desktop/AER201/botL.X/main.asm
                  _56Exit   0x000872    program     static /Users/mreiter/Desktop/AER201/botL.X/main.asm
                  _57Next   0x00087c    program     static /Users/mreiter/Desktop/AER201/botL.X/main.asm
                  _57Exit   0x000888    program     static /Users/mreiter/Desktop/AER201/botL.X/main.asm
              PC_TRANSFER   0x00088c    program     static /Users/mreiter/Desktop/AER201/botL.X/main.asm
                  _58loop   0x0008a2    program     static /Users/mreiter/Desktop/AER201/botL.X/main.asm
                 SaveData   0x0008b6    program     static /Users/mreiter/Desktop/AER201/botL.X/main.asm
             _.org_2_08CA   0x0008ca    program     static /Users/mreiter/Desktop/AER201/botL.X/main.asm
             _.org_2_08E2   0x0008e2    program     static /Users/mreiter/Desktop/AER201/botL.X/main.asm
             _.org_2_08FE   0x0008fe    program     static /Users/mreiter/Desktop/AER201/botL.X/main.asm
             _.org_2_0916   0x000916    program     static /Users/mreiter/Desktop/AER201/botL.X/main.asm
             _.org_2_0932   0x000932    program     static /Users/mreiter/Desktop/AER201/botL.X/main.asm
             _.org_2_094A   0x00094a    program     static /Users/mreiter/Desktop/AER201/botL.X/main.asm
             _.org_2_0966   0x000966    program     static /Users/mreiter/Desktop/AER201/botL.X/main.asm
             _.org_2_097E   0x00097e    program     static /Users/mreiter/Desktop/AER201/botL.X/main.asm
             _.org_2_099A   0x00099a    program     static /Users/mreiter/Desktop/AER201/botL.X/main.asm
             _.org_2_09B2   0x0009b2    program     static /Users/mreiter/Desktop/AER201/botL.X/main.asm
                ShiftLoop   0x0009ce    program     static /Users/mreiter/Desktop/AER201/botL.X/main.asm
             _.org_2_09F4   0x0009f4    program     static /Users/mreiter/Desktop/AER201/botL.X/main.asm
             _.org_2_0A0C   0x000a0c    program     static /Users/mreiter/Desktop/AER201/botL.X/main.asm
                 RTC_INIT   0x000a34    program     static /Users/mreiter/Desktop/AER201/botL.X/main.asm
                SAVE_TIME   0x000a42    program     static /Users/mreiter/Desktop/AER201/botL.X/main.asm
            SAVE_EXE_TIME   0x000ab8    program     static /Users/mreiter/Desktop/AER201/botL.X/main.asm
             _.org_2_0AD4   0x000ad4    program     static /Users/mreiter/Desktop/AER201/botL.X/main.asm
             _.org_2_0AEC   0x000aec    program     static /Users/mreiter/Desktop/AER201/botL.X/main.asm
             _.org_2_0B10   0x000b10    program     static /Users/mreiter/Desktop/AER201/botL.X/main.asm
             _.org_2_0B28   0x000b28    program     static /Users/mreiter/Desktop/AER201/botL.X/main.asm
             _.org_2_0B4C   0x000b4c    program     static /Users/mreiter/Desktop/AER201/botL.X/main.asm
             _.org_2_0B64   0x000b64    program     static /Users/mreiter/Desktop/AER201/botL.X/main.asm
              DISPLAY_RTC   0x000b6e    program     static /Users/mreiter/Desktop/AER201/botL.X/main.asm
                 SET_TIME   0x000c48    program     static /Users/mreiter/Desktop/AER201/botL.X/main.asm
                del_loop0   0x000c4e    program     static /Users/mreiter/Desktop/AER201/botL.X/main.asm
               INIT_USART   0x000cb0    program     static /Users/mreiter/Desktop/AER201/botL.X/main.asm
                DataUSART   0x000cc4    program     static /Users/mreiter/Desktop/AER201/botL.X/main.asm
            TRANSFER_LOGS   0x000cd4    program     static /Users/mreiter/Desktop/AER201/botL.X/main.asm
            TRANSFER_DATA   0x000cde    program     static /Users/mreiter/Desktop/AER201/botL.X/main.asm
                  _90loop   0x000d1e    program     static /Users/mreiter/Desktop/AER201/botL.X/main.asm
                  _91loop   0x000d2c    program     static /Users/mreiter/Desktop/AER201/botL.X/main.asm
               USART_WAIT   0x000d38    program     static /Users/mreiter/Desktop/AER201/botL.X/main.asm
             _.org_2_0D3C   0x000d3c    program     static /Users/mreiter/Desktop/AER201/botL.X/main.asm
               USART_LINE   0x000d42    program     static /Users/mreiter/Desktop/AER201/botL.X/main.asm
                 Delay5us   0x000d50    program     static /Users/mreiter/Desktop/AER201/botL.X/main.asm
                  loop5us   0x000d54    program     static /Users/mreiter/Desktop/AER201/botL.X/main.asm
               Delay200us   0x000d5e    program     static /Users/mreiter/Desktop/AER201/botL.X/main.asm
                loop200us   0x000d62    program     static /Users/mreiter/Desktop/AER201/botL.X/main.asm
                Delay50ms   0x000d6c    program     static /Users/mreiter/Desktop/AER201/botL.X/main.asm
                 loop50ms   0x000d70    program     static /Users/mreiter/Desktop/AER201/botL.X/main.asm
                   Cycles   0x000d76    program     static /Users/mreiter/Desktop/AER201/botL.X/main.asm
              WriteEE_RTC   0x000d80    program     static /Users/mreiter/Desktop/AER201/botL.X/main.asm
             _.org_2_0D8E   0x000d8e    program     static /Users/mreiter/Desktop/AER201/botL.X/main.asm
             _.org_2_0DA6   0x000da6    program     static /Users/mreiter/Desktop/AER201/botL.X/main.asm
             _.org_2_0DBC   0x000dbc    program     static /Users/mreiter/Desktop/AER201/botL.X/main.asm
             _.org_2_0DD4   0x000dd4    program     static /Users/mreiter/Desktop/AER201/botL.X/main.asm
           ClearEEPROM_21   0x000dde    program     static /Users/mreiter/Desktop/AER201/botL.X/main.asm
                ClearNext   0x000de6    program     static /Users/mreiter/Desktop/AER201/botL.X/main.asm
             _.org_2_0DF4   0x000df4    program     static /Users/mreiter/Desktop/AER201/botL.X/main.asm
             _.org_2_0E0C   0x000e0c    program     static /Users/mreiter/Desktop/AER201/botL.X/main.asm
                 READ_KEY   0x000e24    program     static /Users/mreiter/Desktop/AER201/botL.X/main.asm
             _.org_2_0E32   0x000e32    program     static /Users/mreiter/Desktop/AER201/botL.X/main.asm
            READ_KEY_TIME   0x000e38    program     static /Users/mreiter/Desktop/AER201/botL.X/main.asm
             _.org_2_0E4A   0x000e4a    program     static /Users/mreiter/Desktop/AER201/botL.X/main.asm
           DisplayExeTime   0x000e50    program     static /Users/mreiter/Desktop/AER201/botL.X/main.asm
                  _96loop   0x000e7a    program     static /Users/mreiter/Desktop/AER201/botL.X/main.asm
        NoSkipDispExeTime   0x000e8e    program     static /Users/mreiter/Desktop/AER201/botL.X/main.asm
          SkipDispExeTime   0x000ee0    program     static /Users/mreiter/Desktop/AER201/botL.X/main.asm
               DispOpSort   0x000ee2    program     static /Users/mreiter/Desktop/AER201/botL.X/main.asm
                 _101loop   0x000f0c    program     static /Users/mreiter/Desktop/AER201/botL.X/main.asm
         NoSkipDispOpSort   0x000f1e    program     static /Users/mreiter/Desktop/AER201/botL.X/main.asm
           SkipDispOpSort   0x000fb8    program     static /Users/mreiter/Desktop/AER201/botL.X/main.asm
                DispOpRTC   0x000fba    program     static /Users/mreiter/Desktop/AER201/botL.X/main.asm
                 _107loop   0x000fe4    program     static /Users/mreiter/Desktop/AER201/botL.X/main.asm
          NoSkipDispOpRTC   0x000ff6    program     static /Users/mreiter/Desktop/AER201/botL.X/main.asm
            SkipDispOpRTC   0x001056    program     static /Users/mreiter/Desktop/AER201/botL.X/main.asm
         DispOpRTC_Helper   0x001058    program     static /Users/mreiter/Desktop/AER201/botL.X/main.asm
                  Welcome   0x001092    program     static /Users/mreiter/Desktop/AER201/botL.X/main.asm
                     Team   0x001098    program     static /Users/mreiter/Desktop/AER201/botL.X/main.asm
                  StandBy   0x0010a2    program     static /Users/mreiter/Desktop/AER201/botL.X/main.asm
              StandbyInfo   0x0010ca    program     static /Users/mreiter/Desktop/AER201/botL.X/main.asm
                     Log1   0x0010f2    program     static /Users/mreiter/Desktop/AER201/botL.X/main.asm
                     Log2   0x0010f8    program     static /Users/mreiter/Desktop/AER201/botL.X/main.asm
                 LogInfo1   0x001106    program     static /Users/mreiter/Desktop/AER201/botL.X/main.asm
                 LogInfo2   0x00110e    program     static /Users/mreiter/Desktop/AER201/botL.X/main.asm
                 PermLog1   0x001118    program     static /Users/mreiter/Desktop/AER201/botL.X/main.asm
                 PermLog2   0x001128    program     static /Users/mreiter/Desktop/AER201/botL.X/main.asm
                     Exe1   0x001134    program     static /Users/mreiter/Desktop/AER201/botL.X/main.asm
                     Exe2   0x001140    program     static /Users/mreiter/Desktop/AER201/botL.X/main.asm
                      PC1   0x001148    program     static /Users/mreiter/Desktop/AER201/botL.X/main.asm
                      PC2   0x001156    program     static /Users/mreiter/Desktop/AER201/botL.X/main.asm
               PCTransfer   0x001160    program     static /Users/mreiter/Desktop/AER201/botL.X/main.asm
               PCComplete   0x001170    program     static /Users/mreiter/Desktop/AER201/botL.X/main.asm
                     SAVE   0x00117a    program     static /Users/mreiter/Desktop/AER201/botL.X/main.asm
                   NoData   0x001184    program     static /Users/mreiter/Desktop/AER201/botL.X/main.asm
                  InitLCD   0x001188    program     extern /Users/mreiter/Desktop/AER201/botL.X/lcd.asm
                   WR_INS   0x0011e0    program     extern /Users/mreiter/Desktop/AER201/botL.X/lcd.asm
                  WR_DATA   0x0011fc    program     extern /Users/mreiter/Desktop/AER201/botL.X/lcd.asm
                   WrtLCD   0x001220    program     extern /Users/mreiter/Desktop/AER201/botL.X/lcd.asm
                   ClrLCD   0x001236    program     extern /Users/mreiter/Desktop/AER201/botL.X/lcd.asm
                   ClkLCD   0x001244    program     extern /Users/mreiter/Desktop/AER201/botL.X/lcd.asm
              _.code_00C8   0x001250    program     static /Users/mreiter/Desktop/AER201/botL.X/lcd.asm
                    Shift   0x001256    program     extern /Users/mreiter/Desktop/AER201/botL.X/lcd.asm
                   LCD_L1   0x001262    program     extern /Users/mreiter/Desktop/AER201/botL.X/lcd.asm
                   LCD_L2   0x00126a    program     extern /Users/mreiter/Desktop/AER201/botL.X/lcd.asm
                   MovMSB   0x001272    program     static /Users/mreiter/Desktop/AER201/botL.X/lcd.asm
             lcdLongDelay   0x00127c    program     static /Users/mreiter/Desktop/AER201/botL.X/lcd.asm
                 LLD_LOOP   0x001280    program     static /Users/mreiter/Desktop/AER201/botL.X/lcd.asm
              _.code_00FE   0x001286    program     static /Users/mreiter/Desktop/AER201/botL.X/lcd.asm
                delay44us   0x001292    program     extern /Users/mreiter/Desktop/AER201/botL.X/lcd.asm
            Delay44usLoop   0x001296    program     static /Users/mreiter/Desktop/AER201/botL.X/lcd.asm
                 delay5ms   0x00129e    program     extern /Users/mreiter/Desktop/AER201/botL.X/lcd.asm
             Delay5msLoop   0x0012a6    program     static /Users/mreiter/Desktop/AER201/botL.X/lcd.asm
                       d2   0x0012ae    program     static /Users/mreiter/Desktop/AER201/botL.X/lcd.asm
         i2c_common_setup   0x0012b4    program     extern /Users/mreiter/Desktop/AER201/botL.X/i2c_common.asm
              _.code_001C   0x0012d0    program     static /Users/mreiter/Desktop/AER201/botL.X/i2c_common.asm
                write_rtc   0x0012d6    program     extern /Users/mreiter/Desktop/AER201/botL.X/i2c_common.asm
              _.code_002A   0x0012de    program     static /Users/mreiter/Desktop/AER201/botL.X/i2c_common.asm
              _.code_0032   0x0012e6    program     static /Users/mreiter/Desktop/AER201/botL.X/i2c_common.asm
              _.code_0038   0x0012ec    program     static /Users/mreiter/Desktop/AER201/botL.X/i2c_common.asm
              _.code_0048   0x0012fc    program     static /Users/mreiter/Desktop/AER201/botL.X/i2c_common.asm
              _.code_004E   0x001302    program     static /Users/mreiter/Desktop/AER201/botL.X/i2c_common.asm
              _.code_005E   0x001312    program     static /Users/mreiter/Desktop/AER201/botL.X/i2c_common.asm
              _.code_0064   0x001318    program     static /Users/mreiter/Desktop/AER201/botL.X/i2c_common.asm
              WR_ERR1_RTC   0x001326    program     static /Users/mreiter/Desktop/AER201/botL.X/i2c_common.asm
              WR_ERR2_RTC   0x001330    program     static /Users/mreiter/Desktop/AER201/botL.X/i2c_common.asm
              WR_ERR3_RTC   0x00133c    program     static /Users/mreiter/Desktop/AER201/botL.X/i2c_common.asm
               WR_END_RTC   0x001346    program     static /Users/mreiter/Desktop/AER201/botL.X/i2c_common.asm
              _.code_0096   0x00134a    program     static /Users/mreiter/Desktop/AER201/botL.X/i2c_common.asm
                 read_rtc   0x001350    program     extern /Users/mreiter/Desktop/AER201/botL.X/i2c_common.asm
              _.code_00A4   0x001358    program     static /Users/mreiter/Desktop/AER201/botL.X/i2c_common.asm
              _.code_00AC   0x001360    program     static /Users/mreiter/Desktop/AER201/botL.X/i2c_common.asm
              _.code_00B2   0x001366    program     static /Users/mreiter/Desktop/AER201/botL.X/i2c_common.asm
              _.code_00C2   0x001376    program     static /Users/mreiter/Desktop/AER201/botL.X/i2c_common.asm
              _.code_00C8   0x00137c    program     static /Users/mreiter/Desktop/AER201/botL.X/i2c_common.asm
              _.code_00D6   0x00138a    program     static /Users/mreiter/Desktop/AER201/botL.X/i2c_common.asm
              _.code_00DE   0x001392    program     static /Users/mreiter/Desktop/AER201/botL.X/i2c_common.asm
              _.code_00E4   0x001398    program     static /Users/mreiter/Desktop/AER201/botL.X/i2c_common.asm
              _.code_00F2   0x0013a6    program     static /Users/mreiter/Desktop/AER201/botL.X/i2c_common.asm
                  _waitl0   0x0013b4    program     static /Users/mreiter/Desktop/AER201/botL.X/i2c_common.asm
              RD_ERR1_RTC   0x0013be    program     static /Users/mreiter/Desktop/AER201/botL.X/i2c_common.asm
              RD_ERR2_RTC   0x0013c8    program     static /Users/mreiter/Desktop/AER201/botL.X/i2c_common.asm
              RD_ERR3_RTC   0x0013d2    program     static /Users/mreiter/Desktop/AER201/botL.X/i2c_common.asm
               RD_END_RTC   0x0013dc    program     static /Users/mreiter/Desktop/AER201/botL.X/i2c_common.asm
              _.code_012C   0x0013e0    program     static /Users/mreiter/Desktop/AER201/botL.X/i2c_common.asm
              rtc_convert   0x0013e6    program     extern /Users/mreiter/Desktop/AER201/botL.X/i2c_common.asm
                 INIT_RTC   0x0013fc    program     extern /Users/mreiter/Desktop/AER201/botL.X/i2c_common.asm
              _.code_0150   0x001404    program     static /Users/mreiter/Desktop/AER201/botL.X/i2c_common.asm
              _.code_0158   0x00140c    program     static /Users/mreiter/Desktop/AER201/botL.X/i2c_common.asm
              _.code_015E   0x001412    program     static /Users/mreiter/Desktop/AER201/botL.X/i2c_common.asm
              _.code_0166   0x00141a    program     static /Users/mreiter/Desktop/AER201/botL.X/i2c_common.asm
              _.code_016C   0x001420    program     static /Users/mreiter/Desktop/AER201/botL.X/i2c_common.asm
              _.code_0174   0x001428    program     static /Users/mreiter/Desktop/AER201/botL.X/i2c_common.asm
              _.code_017A   0x00142e    program     static /Users/mreiter/Desktop/AER201/botL.X/i2c_common.asm
              _.code_0182   0x001436    program     static /Users/mreiter/Desktop/AER201/botL.X/i2c_common.asm
          READ_COLOUR_I2C   0x00143c    program     extern /Users/mreiter/Desktop/AER201/botL.X/i2c_common.asm
              _.code_0190   0x001444    program     static /Users/mreiter/Desktop/AER201/botL.X/i2c_common.asm
              _.code_0198   0x00144c    program     static /Users/mreiter/Desktop/AER201/botL.X/i2c_common.asm
              _.code_019E   0x001452    program     static /Users/mreiter/Desktop/AER201/botL.X/i2c_common.asm
              _.code_01B0   0x001464    program     static /Users/mreiter/Desktop/AER201/botL.X/i2c_common.asm
              _.code_01B6   0x00146a    program     static /Users/mreiter/Desktop/AER201/botL.X/i2c_common.asm
              _.code_01C4   0x001478    program     static /Users/mreiter/Desktop/AER201/botL.X/i2c_common.asm
              _.code_01CC   0x001480    program     static /Users/mreiter/Desktop/AER201/botL.X/i2c_common.asm
              _.code_01D2   0x001486    program     static /Users/mreiter/Desktop/AER201/botL.X/i2c_common.asm
              _.code_01E0   0x001494    program     static /Users/mreiter/Desktop/AER201/botL.X/i2c_common.asm
                  _waitl1   0x0014a2    program     static /Users/mreiter/Desktop/AER201/botL.X/i2c_common.asm
                  RD_ERR1   0x0014ac    program     static /Users/mreiter/Desktop/AER201/botL.X/i2c_common.asm
                  RD_ERR2   0x0014b6    program     static /Users/mreiter/Desktop/AER201/botL.X/i2c_common.asm
                  RD_ERR3   0x0014c0    program     static /Users/mreiter/Desktop/AER201/botL.X/i2c_common.asm
                   RD_END   0x0014ca    program     static /Users/mreiter/Desktop/AER201/botL.X/i2c_common.asm
              _.code_021A   0x0014ce    program     static /Users/mreiter/Desktop/AER201/botL.X/i2c_common.asm
         WRITE_COLOUR_I2C   0x0014d4    program     extern /Users/mreiter/Desktop/AER201/botL.X/i2c_common.asm
              _.code_0228   0x0014dc    program     static /Users/mreiter/Desktop/AER201/botL.X/i2c_common.asm
              _.code_0230   0x0014e4    program     static /Users/mreiter/Desktop/AER201/botL.X/i2c_common.asm
              _.code_0236   0x0014ea    program     static /Users/mreiter/Desktop/AER201/botL.X/i2c_common.asm
              _.code_0248   0x0014fc    program     static /Users/mreiter/Desktop/AER201/botL.X/i2c_common.asm
              _.code_024E   0x001502    program     static /Users/mreiter/Desktop/AER201/botL.X/i2c_common.asm
              _.code_0260   0x001514    program     static /Users/mreiter/Desktop/AER201/botL.X/i2c_common.asm
              _.code_0266   0x00151a    program     static /Users/mreiter/Desktop/AER201/botL.X/i2c_common.asm
                  WR_ERR1   0x001528    program     static /Users/mreiter/Desktop/AER201/botL.X/i2c_common.asm
                  WR_ERR2   0x001532    program     static /Users/mreiter/Desktop/AER201/botL.X/i2c_common.asm
                  WR_ERR3   0x00153e    program     static /Users/mreiter/Desktop/AER201/botL.X/i2c_common.asm
                   WR_END   0x001548    program     static /Users/mreiter/Desktop/AER201/botL.X/i2c_common.asm
              _.code_0298   0x00154c    program     static /Users/mreiter/Desktop/AER201/botL.X/i2c_common.asm
             INIT_ARDUINO   0x001552    program     extern /Users/mreiter/Desktop/AER201/botL.X/i2c_common.asm
              _.code_02A6   0x00155a    program     static /Users/mreiter/Desktop/AER201/botL.X/i2c_common.asm
              _.code_02AE   0x001562    program     static /Users/mreiter/Desktop/AER201/botL.X/i2c_common.asm
              _.code_02B4   0x001568    program     static /Users/mreiter/Desktop/AER201/botL.X/i2c_common.asm
              _.code_02C2   0x001576    program     static /Users/mreiter/Desktop/AER201/botL.X/i2c_common.asm
             READ_ARDUINO   0x00157c    program     extern /Users/mreiter/Desktop/AER201/botL.X/i2c_common.asm
              _.code_02D0   0x001584    program     static /Users/mreiter/Desktop/AER201/botL.X/i2c_common.asm
              _.code_02D8   0x00158c    program     static /Users/mreiter/Desktop/AER201/botL.X/i2c_common.asm
              _.code_02E0   0x001594    program     static /Users/mreiter/Desktop/AER201/botL.X/i2c_common.asm
              _.code_02E6   0x00159a    program     static /Users/mreiter/Desktop/AER201/botL.X/i2c_common.asm
              _.code_02EE   0x0015a2    program     static /Users/mreiter/Desktop/AER201/botL.X/i2c_common.asm
                  _waitl2   0x0015ae    program     static /Users/mreiter/Desktop/AER201/botL.X/i2c_common.asm
              _.code_0304   0x0015b8    program     static /Users/mreiter/Desktop/AER201/botL.X/i2c_common.asm
                CHECK_ACK   0x0015be    program     extern /Users/mreiter/Desktop/AER201/botL.X/i2c.asm
                I2C_ACKDT   0x0015be    program     extern /Users/mreiter/Desktop/AER201/botL.X/i2c.asm
                 I2C_temp   0x0015be    program     static /Users/mreiter/Desktop/AER201/botL.X/i2c.asm
               CHECK_NACK   0x0015c2    program     extern /Users/mreiter/Desktop/AER201/botL.X/i2c.asm
                TEST_NACK   0x0015c6    program     static /Users/mreiter/Desktop/AER201/botL.X/i2c.asm
          I2C_Master_INIT   0x0015ce    program     extern /Users/mreiter/Desktop/AER201/botL.X/i2c.asm
          I2C_Master_WAIT   0x0015e0    program     extern /Users/mreiter/Desktop/AER201/botL.X/i2c.asm
                     WAIT   0x0015e0    program     static /Users/mreiter/Desktop/AER201/botL.X/i2c.asm
         I2C_Master_START   0x0015f0    program     extern /Users/mreiter/Desktop/AER201/botL.X/i2c.asm
        I2C_Master_RSTART   0x0015f8    program     extern /Users/mreiter/Desktop/AER201/botL.X/i2c.asm
          I2C_Master_STOP   0x001600    program     extern /Users/mreiter/Desktop/AER201/botL.X/i2c.asm
         I2C_Master_WRITE   0x001608    program     extern /Users/mreiter/Desktop/AER201/botL.X/i2c.asm
                  HOLD_UP   0x00160e    program     static /Users/mreiter/Desktop/AER201/botL.X/i2c.asm
          I2C_Master_READ   0x001616    program     extern /Users/mreiter/Desktop/AER201/botL.X/i2c.asm
                     LOOP   0x00161c    program     static /Users/mreiter/Desktop/AER201/botL.X/i2c.asm
           I2C_Master_ACK   0x001624    program     extern /Users/mreiter/Desktop/AER201/botL.X/i2c.asm
                 TEST_ACK   0x001628    program     static /Users/mreiter/Desktop/AER201/botL.X/i2c.asm
               regaddress   0x000060       data     extern /Users/mreiter/Desktop/AER201/botL.X/i2c_common.asm
                 databyte   0x000061       data     extern /Users/mreiter/Desktop/AER201/botL.X/i2c_common.asm
                 datachar   0x000062       data     extern /Users/mreiter/Desktop/AER201/botL.X/i2c_common.asm
               tens_digit   0x000063       data     extern /Users/mreiter/Desktop/AER201/botL.X/i2c_common.asm
               ones_digit   0x000064       data     extern /Users/mreiter/Desktop/AER201/botL.X/i2c_common.asm
           convert_buffer   0x000065       data     extern /Users/mreiter/Desktop/AER201/botL.X/i2c_common.asm


