MPLINK 5.08, LINKER
Linker Map File - Created Fri Mar  3 23:29:23 2017

                                 Section Info
                  Section       Type    Address   Location Size(Bytes)
                ---------  ---------  ---------  ---------  ---------
                   .org_0       code   0x000000    program   0x000004
                   .cinit    romdata   0x000004    program   0x000002
                   .org_1       code   0x000008    program   0x000004
                   .org_2       code   0x000018    program   0x00100e
                    .code       code   0x001026    program   0x000548
.config_300001_BUILD/DEFAULT/PRODUCTION/MAIN.O    romdata   0x300001    program   0x000001
.config_300002_BUILD/DEFAULT/PRODUCTION/MAIN.O    romdata   0x300002    program   0x000001
.config_300003_BUILD/DEFAULT/PRODUCTION/MAIN.O    romdata   0x300003    program   0x000001
.config_300005_BUILD/DEFAULT/PRODUCTION/MAIN.O    romdata   0x300005    program   0x000001
.config_300006_BUILD/DEFAULT/PRODUCTION/MAIN.O    romdata   0x300006    program   0x000001
.config_300008_BUILD/DEFAULT/PRODUCTION/MAIN.O    romdata   0x300008    program   0x000001
.config_300009_BUILD/DEFAULT/PRODUCTION/MAIN.O    romdata   0x300009    program   0x000001
.config_30000A_BUILD/DEFAULT/PRODUCTION/MAIN.O    romdata   0x30000a    program   0x000001
.config_30000B_BUILD/DEFAULT/PRODUCTION/MAIN.O    romdata   0x30000b    program   0x000001
.config_30000C_BUILD/DEFAULT/PRODUCTION/MAIN.O    romdata   0x30000c    program   0x000001
.config_30000D_BUILD/DEFAULT/PRODUCTION/MAIN.O    romdata   0x30000d    program   0x000001
                   .udata      udata   0x000080       data   0x000006



                              Program Memory Usage 
                               Start         End      
                           ---------   ---------      
                            0x000000    0x000005      
                            0x000008    0x00000b      
                            0x000018    0x00156d      
                            0x300001    0x300003      
                            0x300005    0x300006      
                            0x300008    0x30000d      
            5483 out of 66584 program addresses used, program memory utilization is 8%



                              Symbols - Sorted by Name
                     Name    Address   Location    Storage File                     
                ---------  ---------  ---------  --------- ---------                
                CHECK_ACK   0x0014fe    program     extern /Users/mreiter/Desktop/AER201/botL.X/i2c.asm
               CHECK_DONE   0x0004a0    program     static /Users/mreiter/Desktop/AER201/botL.X/main.asm
               CHECK_NACK   0x001502    program     extern /Users/mreiter/Desktop/AER201/botL.X/i2c.asm
         COLLECTIONS_STEP   0x0003a4    program     static /Users/mreiter/Desktop/AER201/botL.X/main.asm
              COLOUR_TEST   0x000338    program     static /Users/mreiter/Desktop/AER201/botL.X/main.asm
           ClearEEPROM_21   0x000d6e    program     static /Users/mreiter/Desktop/AER201/botL.X/main.asm
                ClearNext   0x000d76    program     static /Users/mreiter/Desktop/AER201/botL.X/main.asm
                   ClkLCD   0x001190    program     extern /Users/mreiter/Desktop/AER201/botL.X/lcd.asm
                   ClrLCD   0x001182    program     extern /Users/mreiter/Desktop/AER201/botL.X/lcd.asm
                   Cycles   0x000d06    program     static /Users/mreiter/Desktop/AER201/botL.X/main.asm
              DC_TEST_CCW   0x0002cc    program     static /Users/mreiter/Desktop/AER201/botL.X/main.asm
         DC_TEST_CCW_HOLD   0x0002de    program     static /Users/mreiter/Desktop/AER201/botL.X/main.asm
               DC_TEST_CW   0x00029a    program     static /Users/mreiter/Desktop/AER201/botL.X/main.asm
          DC_TEST_CW_HOLD   0x0002ac    program     static /Users/mreiter/Desktop/AER201/botL.X/main.asm
               DETECTIONS   0x0003d0    program     static /Users/mreiter/Desktop/AER201/botL.X/main.asm
              DISPLAY_RTC   0x000afe    program     static /Users/mreiter/Desktop/AER201/botL.X/main.asm
                DataUSART   0x000c54    program     static /Users/mreiter/Desktop/AER201/botL.X/main.asm
               Delay200us   0x000cee    program     static /Users/mreiter/Desktop/AER201/botL.X/main.asm
            Delay44usLoop   0x0011d6    program     static /Users/mreiter/Desktop/AER201/botL.X/lcd.asm
                Delay50ms   0x000cfc    program     static /Users/mreiter/Desktop/AER201/botL.X/main.asm
             Delay5msLoop   0x0011e6    program     static /Users/mreiter/Desktop/AER201/botL.X/lcd.asm
                 Delay5us   0x000ce0    program     static /Users/mreiter/Desktop/AER201/botL.X/main.asm
                DispOpRTC   0x000f4e    program     static /Users/mreiter/Desktop/AER201/botL.X/main.asm
         DispOpRTC_Helper   0x000fec    program     static /Users/mreiter/Desktop/AER201/botL.X/main.asm
               DispOpSort   0x000e76    program     static /Users/mreiter/Desktop/AER201/botL.X/main.asm
           DisplayExeTime   0x000de4    program     static /Users/mreiter/Desktop/AER201/botL.X/main.asm
             END_ISR_HIGH   0x00008c    program     static /Users/mreiter/Desktop/AER201/botL.X/main.asm
              END_ISR_LOW   0x0000d8    program     static /Users/mreiter/Desktop/AER201/botL.X/main.asm
                EXECUTION   0x000356    program     static /Users/mreiter/Desktop/AER201/botL.X/main.asm
                 EXIT_EXE   0x0004ac    program     static /Users/mreiter/Desktop/AER201/botL.X/main.asm
                     Exe1   0x001080    program     static /Users/mreiter/Desktop/AER201/botL.X/main.asm
                     Exe2   0x00108c    program     static /Users/mreiter/Desktop/AER201/botL.X/main.asm
                 HOLD_LOG   0x00050e    program     static /Users/mreiter/Desktop/AER201/botL.X/main.asm
            HOLD_LOG_INFO   0x00056c    program     static /Users/mreiter/Desktop/AER201/botL.X/main.asm
                  HOLD_PC   0x0007fa    program     static /Users/mreiter/Desktop/AER201/botL.X/main.asm
            HOLD_PERM_LOG   0x0005c4    program     static /Users/mreiter/Desktop/AER201/botL.X/main.asm
                HOLD_PLOG   0x00073a    program     static /Users/mreiter/Desktop/AER201/botL.X/main.asm
        HOLD_PLOG_DETAILS   0x000796    program     static /Users/mreiter/Desktop/AER201/botL.X/main.asm
             HOLD_STANDBY   0x0001e4    program     static /Users/mreiter/Desktop/AER201/botL.X/main.asm
                  HOLD_UP   0x00154e    program     static /Users/mreiter/Desktop/AER201/botL.X/i2c.asm
                I2C_ACKDT   0x0014fe    program     extern /Users/mreiter/Desktop/AER201/botL.X/i2c.asm
           I2C_Master_ACK   0x001564    program     extern /Users/mreiter/Desktop/AER201/botL.X/i2c.asm
          I2C_Master_INIT   0x00150e    program     extern /Users/mreiter/Desktop/AER201/botL.X/i2c.asm
          I2C_Master_READ   0x001556    program     extern /Users/mreiter/Desktop/AER201/botL.X/i2c.asm
        I2C_Master_RSTART   0x001538    program     extern /Users/mreiter/Desktop/AER201/botL.X/i2c.asm
         I2C_Master_START   0x001530    program     extern /Users/mreiter/Desktop/AER201/botL.X/i2c.asm
          I2C_Master_STOP   0x001540    program     extern /Users/mreiter/Desktop/AER201/botL.X/i2c.asm
          I2C_Master_WAIT   0x001520    program     extern /Users/mreiter/Desktop/AER201/botL.X/i2c.asm
         I2C_Master_WRITE   0x001548    program     extern /Users/mreiter/Desktop/AER201/botL.X/i2c.asm
                 I2C_temp   0x0014fe    program     static /Users/mreiter/Desktop/AER201/botL.X/i2c.asm
              INC_ESKACAP   0x00044e    program     static /Users/mreiter/Desktop/AER201/botL.X/main.asm
            INC_ESKANOCAP   0x00042e    program     static /Users/mreiter/Desktop/AER201/botL.X/main.asm
               INC_YOPCAP   0x000412    program     static /Users/mreiter/Desktop/AER201/botL.X/main.asm
             INC_YOPNOCAP   0x0003f6    program     static /Users/mreiter/Desktop/AER201/botL.X/main.asm
                     INIT   0x0000e2    program     static /Users/mreiter/Desktop/AER201/botL.X/main.asm
             INIT_ARDUINO   0x001492    program     extern /Users/mreiter/Desktop/AER201/botL.X/i2c_common.asm
                 INIT_RTC   0x00133c    program     extern /Users/mreiter/Desktop/AER201/botL.X/i2c_common.asm
               INIT_USART   0x000c40    program     static /Users/mreiter/Desktop/AER201/botL.X/main.asm
                 ISR_HIGH   0x00001c    program     static /Users/mreiter/Desktop/AER201/botL.X/main.asm
                  ISR_LOW   0x000096    program     static /Users/mreiter/Desktop/AER201/botL.X/main.asm
                  InitLCD   0x0010d4    program     extern /Users/mreiter/Desktop/AER201/botL.X/lcd.asm
                   LCD_L1   0x0011a2    program     extern /Users/mreiter/Desktop/AER201/botL.X/lcd.asm
                   LCD_L2   0x0011aa    program     extern /Users/mreiter/Desktop/AER201/botL.X/lcd.asm
                 LLD_LOOP   0x0011c0    program     static /Users/mreiter/Desktop/AER201/botL.X/lcd.asm
                      LOG   0x0004dc    program     static /Users/mreiter/Desktop/AER201/botL.X/main.asm
                 LOG_INFO   0x000540    program     static /Users/mreiter/Desktop/AER201/botL.X/main.asm
                     LOOP   0x00155c    program     static /Users/mreiter/Desktop/AER201/botL.X/i2c.asm
                  LOOPING   0x000338    program     static /Users/mreiter/Desktop/AER201/botL.X/main.asm
                     Log1   0x00103e    program     static /Users/mreiter/Desktop/AER201/botL.X/main.asm
                     Log2   0x001044    program     static /Users/mreiter/Desktop/AER201/botL.X/main.asm
                 LogInfo1   0x001052    program     static /Users/mreiter/Desktop/AER201/botL.X/main.asm
                 LogInfo2   0x00105a    program     static /Users/mreiter/Desktop/AER201/botL.X/main.asm
                   MovMSB   0x0011b2    program     static /Users/mreiter/Desktop/AER201/botL.X/lcd.asm
                   NoData   0x0010d0    program     static /Users/mreiter/Desktop/AER201/botL.X/main.asm
        NoSkipDispExeTime   0x000e22    program     static /Users/mreiter/Desktop/AER201/botL.X/main.asm
          NoSkipDispOpRTC   0x000f8a    program     static /Users/mreiter/Desktop/AER201/botL.X/main.asm
         NoSkipDispOpSort   0x000eb2    program     static /Users/mreiter/Desktop/AER201/botL.X/main.asm
                      PC1   0x001094    program     static /Users/mreiter/Desktop/AER201/botL.X/main.asm
                      PC2   0x0010a2    program     static /Users/mreiter/Desktop/AER201/botL.X/main.asm
               PCComplete   0x0010bc    program     static /Users/mreiter/Desktop/AER201/botL.X/main.asm
               PCTransfer   0x0010ac    program     static /Users/mreiter/Desktop/AER201/botL.X/main.asm
                  PC_MODE   0x0007b2    program     static /Users/mreiter/Desktop/AER201/botL.X/main.asm
              PC_TRANSFER   0x00082c    program     static /Users/mreiter/Desktop/AER201/botL.X/main.asm
                 PERM_LOG   0x000588    program     static /Users/mreiter/Desktop/AER201/botL.X/main.asm
                     PLOG   0x0006a6    program     static /Users/mreiter/Desktop/AER201/botL.X/main.asm
             PLOG_DETAILS   0x00076c    program     static /Users/mreiter/Desktop/AER201/botL.X/main.asm
                 PermLog1   0x001064    program     static /Users/mreiter/Desktop/AER201/botL.X/main.asm
                 PermLog2   0x001074    program     static /Users/mreiter/Desktop/AER201/botL.X/main.asm
                   RD_END   0x00140a    program     static /Users/mreiter/Desktop/AER201/botL.X/i2c_common.asm
               RD_END_RTC   0x00131c    program     static /Users/mreiter/Desktop/AER201/botL.X/i2c_common.asm
                  RD_ERR1   0x0013ec    program     static /Users/mreiter/Desktop/AER201/botL.X/i2c_common.asm
              RD_ERR1_RTC   0x0012fe    program     static /Users/mreiter/Desktop/AER201/botL.X/i2c_common.asm
                  RD_ERR2   0x0013f6    program     static /Users/mreiter/Desktop/AER201/botL.X/i2c_common.asm
              RD_ERR2_RTC   0x001308    program     static /Users/mreiter/Desktop/AER201/botL.X/i2c_common.asm
                  RD_ERR3   0x001400    program     static /Users/mreiter/Desktop/AER201/botL.X/i2c_common.asm
              RD_ERR3_RTC   0x001312    program     static /Users/mreiter/Desktop/AER201/botL.X/i2c_common.asm
             READ_ARDUINO   0x0014bc    program     extern /Users/mreiter/Desktop/AER201/botL.X/i2c_common.asm
          READ_COLOUR_I2C   0x00137c    program     extern /Users/mreiter/Desktop/AER201/botL.X/i2c_common.asm
                 READ_KEY   0x000db4    program     static /Users/mreiter/Desktop/AER201/botL.X/main.asm
            READ_KEY_TIME   0x000dc8    program     static /Users/mreiter/Desktop/AER201/botL.X/main.asm
                ROTATE_90   0x0003a6    program     static /Users/mreiter/Desktop/AER201/botL.X/main.asm
           ROTATE_90_TEST   0x00030e    program     static /Users/mreiter/Desktop/AER201/botL.X/main.asm
                 RTC_INIT   0x0009d4    program     static /Users/mreiter/Desktop/AER201/botL.X/main.asm
                     SAVE   0x0010c6    program     static /Users/mreiter/Desktop/AER201/botL.X/main.asm
            SAVE_EXE_TIME   0x000a48    program     static /Users/mreiter/Desktop/AER201/botL.X/main.asm
                SAVE_TIME   0x0009e2    program     static /Users/mreiter/Desktop/AER201/botL.X/main.asm
                 SET_TIME   0x000bd8    program     static /Users/mreiter/Desktop/AER201/botL.X/main.asm
                  STANDBY   0x0001be    program     static /Users/mreiter/Desktop/AER201/botL.X/main.asm
                STEP_TEST   0x0002fe    program     static /Users/mreiter/Desktop/AER201/botL.X/main.asm
                 SaveData   0x000856    program     static /Users/mreiter/Desktop/AER201/botL.X/main.asm
                ShiftLoop   0x00096e    program     static /Users/mreiter/Desktop/AER201/botL.X/main.asm
          SkipDispExeTime   0x000e74    program     static /Users/mreiter/Desktop/AER201/botL.X/main.asm
            SkipDispOpRTC   0x000fea    program     static /Users/mreiter/Desktop/AER201/botL.X/main.asm
           SkipDispOpSort   0x000f4c    program     static /Users/mreiter/Desktop/AER201/botL.X/main.asm
                  StandBy   0x001036    program     static /Users/mreiter/Desktop/AER201/botL.X/main.asm
                 TEST_ACK   0x001568    program     static /Users/mreiter/Desktop/AER201/botL.X/i2c.asm
                TEST_NACK   0x001506    program     static /Users/mreiter/Desktop/AER201/botL.X/i2c.asm
            TRANSFER_DATA   0x000c6e    program     static /Users/mreiter/Desktop/AER201/botL.X/main.asm
            TRANSFER_LOGS   0x000c64    program     static /Users/mreiter/Desktop/AER201/botL.X/main.asm
            TRAY_CCW_HOLD   0x000488    program     static /Users/mreiter/Desktop/AER201/botL.X/main.asm
             TRAY_CW_HOLD   0x000470    program     static /Users/mreiter/Desktop/AER201/botL.X/main.asm
            TRAY_STEP_CCW   0x000482    program     static /Users/mreiter/Desktop/AER201/botL.X/main.asm
             TRAY_STEP_CW   0x00046a    program     static /Users/mreiter/Desktop/AER201/botL.X/main.asm
            TRAY_STEP_END   0x000498    program     static /Users/mreiter/Desktop/AER201/botL.X/main.asm
                     Team   0x00102c    program     static /Users/mreiter/Desktop/AER201/botL.X/main.asm
               USART_LINE   0x000cd2    program     static /Users/mreiter/Desktop/AER201/botL.X/main.asm
               USART_WAIT   0x000cc8    program     static /Users/mreiter/Desktop/AER201/botL.X/main.asm
                     WAIT   0x001520    program     static /Users/mreiter/Desktop/AER201/botL.X/i2c.asm
         WRITE_COLOUR_I2C   0x001414    program     extern /Users/mreiter/Desktop/AER201/botL.X/i2c_common.asm
                  WR_DATA   0x001148    program     extern /Users/mreiter/Desktop/AER201/botL.X/lcd.asm
                   WR_END   0x001488    program     static /Users/mreiter/Desktop/AER201/botL.X/i2c_common.asm
               WR_END_RTC   0x001286    program     static /Users/mreiter/Desktop/AER201/botL.X/i2c_common.asm
                  WR_ERR1   0x001468    program     static /Users/mreiter/Desktop/AER201/botL.X/i2c_common.asm
              WR_ERR1_RTC   0x001266    program     static /Users/mreiter/Desktop/AER201/botL.X/i2c_common.asm
                  WR_ERR2   0x001472    program     static /Users/mreiter/Desktop/AER201/botL.X/i2c_common.asm
              WR_ERR2_RTC   0x001270    program     static /Users/mreiter/Desktop/AER201/botL.X/i2c_common.asm
                  WR_ERR3   0x00147e    program     static /Users/mreiter/Desktop/AER201/botL.X/i2c_common.asm
              WR_ERR3_RTC   0x00127c    program     static /Users/mreiter/Desktop/AER201/botL.X/i2c_common.asm
                   WR_INS   0x00112c    program     extern /Users/mreiter/Desktop/AER201/botL.X/lcd.asm
                  Welcome   0x001026    program     static /Users/mreiter/Desktop/AER201/botL.X/main.asm
              WriteEE_RTC   0x000d10    program     static /Users/mreiter/Desktop/AER201/botL.X/main.asm
                   WrtLCD   0x00116c    program     extern /Users/mreiter/Desktop/AER201/botL.X/lcd.asm
              _.code_001C   0x001210    program     static /Users/mreiter/Desktop/AER201/botL.X/i2c_common.asm
              _.code_002A   0x00121e    program     static /Users/mreiter/Desktop/AER201/botL.X/i2c_common.asm
              _.code_0032   0x001226    program     static /Users/mreiter/Desktop/AER201/botL.X/i2c_common.asm
              _.code_0038   0x00122c    program     static /Users/mreiter/Desktop/AER201/botL.X/i2c_common.asm
              _.code_0048   0x00123c    program     static /Users/mreiter/Desktop/AER201/botL.X/i2c_common.asm
              _.code_004E   0x001242    program     static /Users/mreiter/Desktop/AER201/botL.X/i2c_common.asm
              _.code_005E   0x001252    program     static /Users/mreiter/Desktop/AER201/botL.X/i2c_common.asm
              _.code_0064   0x001258    program     static /Users/mreiter/Desktop/AER201/botL.X/i2c_common.asm
              _.code_0096   0x00128a    program     static /Users/mreiter/Desktop/AER201/botL.X/i2c_common.asm
              _.code_00A4   0x001298    program     static /Users/mreiter/Desktop/AER201/botL.X/i2c_common.asm
              _.code_00AC   0x0012a0    program     static /Users/mreiter/Desktop/AER201/botL.X/i2c_common.asm
              _.code_00B2   0x0012a6    program     static /Users/mreiter/Desktop/AER201/botL.X/i2c_common.asm
              _.code_00C2   0x0012b6    program     static /Users/mreiter/Desktop/AER201/botL.X/i2c_common.asm
              _.code_00C8   0x0012bc    program     static /Users/mreiter/Desktop/AER201/botL.X/i2c_common.asm
              _.code_00C8   0x00119c    program     static /Users/mreiter/Desktop/AER201/botL.X/lcd.asm
              _.code_00D6   0x0012ca    program     static /Users/mreiter/Desktop/AER201/botL.X/i2c_common.asm
              _.code_00DE   0x0012d2    program     static /Users/mreiter/Desktop/AER201/botL.X/i2c_common.asm
              _.code_00E4   0x0012d8    program     static /Users/mreiter/Desktop/AER201/botL.X/i2c_common.asm
              _.code_00F2   0x0011c6    program     static /Users/mreiter/Desktop/AER201/botL.X/lcd.asm
              _.code_00F2   0x0012e6    program     static /Users/mreiter/Desktop/AER201/botL.X/i2c_common.asm
              _.code_012C   0x001320    program     static /Users/mreiter/Desktop/AER201/botL.X/i2c_common.asm
              _.code_0150   0x001344    program     static /Users/mreiter/Desktop/AER201/botL.X/i2c_common.asm
              _.code_0158   0x00134c    program     static /Users/mreiter/Desktop/AER201/botL.X/i2c_common.asm
              _.code_015E   0x001352    program     static /Users/mreiter/Desktop/AER201/botL.X/i2c_common.asm
              _.code_0166   0x00135a    program     static /Users/mreiter/Desktop/AER201/botL.X/i2c_common.asm
              _.code_016C   0x001360    program     static /Users/mreiter/Desktop/AER201/botL.X/i2c_common.asm
              _.code_0174   0x001368    program     static /Users/mreiter/Desktop/AER201/botL.X/i2c_common.asm
              _.code_017A   0x00136e    program     static /Users/mreiter/Desktop/AER201/botL.X/i2c_common.asm
              _.code_0182   0x001376    program     static /Users/mreiter/Desktop/AER201/botL.X/i2c_common.asm
              _.code_0190   0x001384    program     static /Users/mreiter/Desktop/AER201/botL.X/i2c_common.asm
              _.code_0198   0x00138c    program     static /Users/mreiter/Desktop/AER201/botL.X/i2c_common.asm
              _.code_019E   0x001392    program     static /Users/mreiter/Desktop/AER201/botL.X/i2c_common.asm
              _.code_01B0   0x0013a4    program     static /Users/mreiter/Desktop/AER201/botL.X/i2c_common.asm
              _.code_01B6   0x0013aa    program     static /Users/mreiter/Desktop/AER201/botL.X/i2c_common.asm
              _.code_01C4   0x0013b8    program     static /Users/mreiter/Desktop/AER201/botL.X/i2c_common.asm
              _.code_01CC   0x0013c0    program     static /Users/mreiter/Desktop/AER201/botL.X/i2c_common.asm
              _.code_01D2   0x0013c6    program     static /Users/mreiter/Desktop/AER201/botL.X/i2c_common.asm
              _.code_01E0   0x0013d4    program     static /Users/mreiter/Desktop/AER201/botL.X/i2c_common.asm
              _.code_021A   0x00140e    program     static /Users/mreiter/Desktop/AER201/botL.X/i2c_common.asm
              _.code_0228   0x00141c    program     static /Users/mreiter/Desktop/AER201/botL.X/i2c_common.asm
              _.code_0230   0x001424    program     static /Users/mreiter/Desktop/AER201/botL.X/i2c_common.asm
              _.code_0236   0x00142a    program     static /Users/mreiter/Desktop/AER201/botL.X/i2c_common.asm
              _.code_0248   0x00143c    program     static /Users/mreiter/Desktop/AER201/botL.X/i2c_common.asm
              _.code_024E   0x001442    program     static /Users/mreiter/Desktop/AER201/botL.X/i2c_common.asm
              _.code_0260   0x001454    program     static /Users/mreiter/Desktop/AER201/botL.X/i2c_common.asm
              _.code_0266   0x00145a    program     static /Users/mreiter/Desktop/AER201/botL.X/i2c_common.asm
              _.code_0298   0x00148c    program     static /Users/mreiter/Desktop/AER201/botL.X/i2c_common.asm
              _.code_02A6   0x00149a    program     static /Users/mreiter/Desktop/AER201/botL.X/i2c_common.asm
              _.code_02AE   0x0014a2    program     static /Users/mreiter/Desktop/AER201/botL.X/i2c_common.asm
              _.code_02B4   0x0014a8    program     static /Users/mreiter/Desktop/AER201/botL.X/i2c_common.asm
              _.code_02C2   0x0014b6    program     static /Users/mreiter/Desktop/AER201/botL.X/i2c_common.asm
              _.code_02D0   0x0014c4    program     static /Users/mreiter/Desktop/AER201/botL.X/i2c_common.asm
              _.code_02D8   0x0014cc    program     static /Users/mreiter/Desktop/AER201/botL.X/i2c_common.asm
              _.code_02E0   0x0014d4    program     static /Users/mreiter/Desktop/AER201/botL.X/i2c_common.asm
              _.code_02E6   0x0014da    program     static /Users/mreiter/Desktop/AER201/botL.X/i2c_common.asm
              _.code_02EE   0x0014e2    program     static /Users/mreiter/Desktop/AER201/botL.X/i2c_common.asm
              _.code_0304   0x0014f8    program     static /Users/mreiter/Desktop/AER201/botL.X/i2c_common.asm
             _.org_2_086A   0x00086a    program     static /Users/mreiter/Desktop/AER201/botL.X/main.asm
             _.org_2_0882   0x000882    program     static /Users/mreiter/Desktop/AER201/botL.X/main.asm
             _.org_2_089E   0x00089e    program     static /Users/mreiter/Desktop/AER201/botL.X/main.asm
             _.org_2_08B6   0x0008b6    program     static /Users/mreiter/Desktop/AER201/botL.X/main.asm
             _.org_2_08D2   0x0008d2    program     static /Users/mreiter/Desktop/AER201/botL.X/main.asm
             _.org_2_08EA   0x0008ea    program     static /Users/mreiter/Desktop/AER201/botL.X/main.asm
             _.org_2_0906   0x000906    program     static /Users/mreiter/Desktop/AER201/botL.X/main.asm
             _.org_2_091E   0x00091e    program     static /Users/mreiter/Desktop/AER201/botL.X/main.asm
             _.org_2_093A   0x00093a    program     static /Users/mreiter/Desktop/AER201/botL.X/main.asm
             _.org_2_0952   0x000952    program     static /Users/mreiter/Desktop/AER201/botL.X/main.asm
             _.org_2_0994   0x000994    program     static /Users/mreiter/Desktop/AER201/botL.X/main.asm
             _.org_2_09AC   0x0009ac    program     static /Users/mreiter/Desktop/AER201/botL.X/main.asm
             _.org_2_0A64   0x000a64    program     static /Users/mreiter/Desktop/AER201/botL.X/main.asm
             _.org_2_0A7C   0x000a7c    program     static /Users/mreiter/Desktop/AER201/botL.X/main.asm
             _.org_2_0AA0   0x000aa0    program     static /Users/mreiter/Desktop/AER201/botL.X/main.asm
             _.org_2_0AB8   0x000ab8    program     static /Users/mreiter/Desktop/AER201/botL.X/main.asm
             _.org_2_0ADC   0x000adc    program     static /Users/mreiter/Desktop/AER201/botL.X/main.asm
             _.org_2_0AF4   0x000af4    program     static /Users/mreiter/Desktop/AER201/botL.X/main.asm
             _.org_2_0CCC   0x000ccc    program     static /Users/mreiter/Desktop/AER201/botL.X/main.asm
             _.org_2_0D1E   0x000d1e    program     static /Users/mreiter/Desktop/AER201/botL.X/main.asm
             _.org_2_0D36   0x000d36    program     static /Users/mreiter/Desktop/AER201/botL.X/main.asm
             _.org_2_0D4C   0x000d4c    program     static /Users/mreiter/Desktop/AER201/botL.X/main.asm
             _.org_2_0D64   0x000d64    program     static /Users/mreiter/Desktop/AER201/botL.X/main.asm
             _.org_2_0D84   0x000d84    program     static /Users/mreiter/Desktop/AER201/botL.X/main.asm
             _.org_2_0D9C   0x000d9c    program     static /Users/mreiter/Desktop/AER201/botL.X/main.asm
             _.org_2_0DC2   0x000dc2    program     static /Users/mreiter/Desktop/AER201/botL.X/main.asm
             _.org_2_0DDE   0x000dde    program     static /Users/mreiter/Desktop/AER201/botL.X/main.asm
                 _105loop   0x000f78    program     static /Users/mreiter/Desktop/AER201/botL.X/main.asm
                  _10loop   0x0001a6    program     static /Users/mreiter/Desktop/AER201/botL.X/main.asm
                  _11loop   0x0001b4    program     static /Users/mreiter/Desktop/AER201/botL.X/main.asm
                  _12loop   0x0001da    program     static /Users/mreiter/Desktop/AER201/botL.X/main.asm
                  _13Exit   0x0001fc    program     static /Users/mreiter/Desktop/AER201/botL.X/main.asm
                  _13Next   0x0001f0    program     static /Users/mreiter/Desktop/AER201/botL.X/main.asm
                  _14Exit   0x000212    program     static /Users/mreiter/Desktop/AER201/botL.X/main.asm
                  _14Next   0x000206    program     static /Users/mreiter/Desktop/AER201/botL.X/main.asm
                  _15Exit   0x000228    program     static /Users/mreiter/Desktop/AER201/botL.X/main.asm
                  _15Next   0x00021c    program     static /Users/mreiter/Desktop/AER201/botL.X/main.asm
                  _16Exit   0x00023e    program     static /Users/mreiter/Desktop/AER201/botL.X/main.asm
                  _16Next   0x000232    program     static /Users/mreiter/Desktop/AER201/botL.X/main.asm
                  _17Exit   0x000254    program     static /Users/mreiter/Desktop/AER201/botL.X/main.asm
                  _17Next   0x000248    program     static /Users/mreiter/Desktop/AER201/botL.X/main.asm
                  _18Exit   0x00026a    program     static /Users/mreiter/Desktop/AER201/botL.X/main.asm
                  _18Next   0x00025e    program     static /Users/mreiter/Desktop/AER201/botL.X/main.asm
                  _19Exit   0x000280    program     static /Users/mreiter/Desktop/AER201/botL.X/main.asm
                  _19Next   0x000274    program     static /Users/mreiter/Desktop/AER201/botL.X/main.asm
                  _20Exit   0x000296    program     static /Users/mreiter/Desktop/AER201/botL.X/main.asm
                  _20Next   0x00028a    program     static /Users/mreiter/Desktop/AER201/botL.X/main.asm
                  _21loop   0x0002a2    program     static /Users/mreiter/Desktop/AER201/botL.X/main.asm
                  _22Exit   0x0002c8    program     static /Users/mreiter/Desktop/AER201/botL.X/main.asm
                  _22Next   0x0002bc    program     static /Users/mreiter/Desktop/AER201/botL.X/main.asm
                  _23loop   0x0002d4    program     static /Users/mreiter/Desktop/AER201/botL.X/main.asm
                  _24Exit   0x0002fa    program     static /Users/mreiter/Desktop/AER201/botL.X/main.asm
                  _24Next   0x0002ee    program     static /Users/mreiter/Desktop/AER201/botL.X/main.asm
                  _25loop   0x000304    program     static /Users/mreiter/Desktop/AER201/botL.X/main.asm
                  _26loop   0x00033c    program     static /Users/mreiter/Desktop/AER201/botL.X/main.asm
                  _27loop   0x000374    program     static /Users/mreiter/Desktop/AER201/botL.X/main.asm
                  _28loop   0x0004ca    program     static /Users/mreiter/Desktop/AER201/botL.X/main.asm
                  _29loop   0x0004f0    program     static /Users/mreiter/Desktop/AER201/botL.X/main.asm
                 _2endBCD   0x000058    program     static /Users/mreiter/Desktop/AER201/botL.X/main.asm
                   _2ones   0x000052    program     static /Users/mreiter/Desktop/AER201/botL.X/main.asm
                  _30Exit   0x000526    program     static /Users/mreiter/Desktop/AER201/botL.X/main.asm
                  _30Next   0x00051a    program     static /Users/mreiter/Desktop/AER201/botL.X/main.asm
                  _31Exit   0x00053c    program     static /Users/mreiter/Desktop/AER201/botL.X/main.asm
                  _31Next   0x000530    program     static /Users/mreiter/Desktop/AER201/botL.X/main.asm
                  _32loop   0x00055e    program     static /Users/mreiter/Desktop/AER201/botL.X/main.asm
                  _33Exit   0x000584    program     static /Users/mreiter/Desktop/AER201/botL.X/main.asm
                  _33Next   0x000578    program     static /Users/mreiter/Desktop/AER201/botL.X/main.asm
                  _34loop   0x00059c    program     static /Users/mreiter/Desktop/AER201/botL.X/main.asm
                  _35loop   0x0005ba    program     static /Users/mreiter/Desktop/AER201/botL.X/main.asm
                  _36Exit   0x0005dc    program     static /Users/mreiter/Desktop/AER201/botL.X/main.asm
                  _36Next   0x0005d0    program     static /Users/mreiter/Desktop/AER201/botL.X/main.asm
                  _37Exit   0x0005f2    program     static /Users/mreiter/Desktop/AER201/botL.X/main.asm
                  _37Next   0x0005e6    program     static /Users/mreiter/Desktop/AER201/botL.X/main.asm
                  _38Exit   0x000608    program     static /Users/mreiter/Desktop/AER201/botL.X/main.asm
                  _38Next   0x0005fc    program     static /Users/mreiter/Desktop/AER201/botL.X/main.asm
                  _39Exit   0x00061e    program     static /Users/mreiter/Desktop/AER201/botL.X/main.asm
                  _39Next   0x000612    program     static /Users/mreiter/Desktop/AER201/botL.X/main.asm
                 _3endBCD   0x00008a    program     static /Users/mreiter/Desktop/AER201/botL.X/main.asm
                   _3ones   0x000084    program     static /Users/mreiter/Desktop/AER201/botL.X/main.asm
                  _40Exit   0x000634    program     static /Users/mreiter/Desktop/AER201/botL.X/main.asm
                  _40Next   0x000628    program     static /Users/mreiter/Desktop/AER201/botL.X/main.asm
                  _41Exit   0x00064a    program     static /Users/mreiter/Desktop/AER201/botL.X/main.asm
                  _41Next   0x00063e    program     static /Users/mreiter/Desktop/AER201/botL.X/main.asm
                  _42Exit   0x000660    program     static /Users/mreiter/Desktop/AER201/botL.X/main.asm
                  _42Next   0x000654    program     static /Users/mreiter/Desktop/AER201/botL.X/main.asm
                  _43Exit   0x000676    program     static /Users/mreiter/Desktop/AER201/botL.X/main.asm
                  _43Next   0x00066a    program     static /Users/mreiter/Desktop/AER201/botL.X/main.asm
                  _44Exit   0x00068c    program     static /Users/mreiter/Desktop/AER201/botL.X/main.asm
                  _44Next   0x000680    program     static /Users/mreiter/Desktop/AER201/botL.X/main.asm
                  _45Exit   0x0006a2    program     static /Users/mreiter/Desktop/AER201/botL.X/main.asm
                  _45Next   0x000696    program     static /Users/mreiter/Desktop/AER201/botL.X/main.asm
                  _46loop   0x0006ba    program     static /Users/mreiter/Desktop/AER201/botL.X/main.asm
                  _49Exit   0x000752    program     static /Users/mreiter/Desktop/AER201/botL.X/main.asm
                  _49Next   0x000746    program     static /Users/mreiter/Desktop/AER201/botL.X/main.asm
                  _50Exit   0x000768    program     static /Users/mreiter/Desktop/AER201/botL.X/main.asm
                  _50Next   0x00075c    program     static /Users/mreiter/Desktop/AER201/botL.X/main.asm
                  _51loop   0x000780    program     static /Users/mreiter/Desktop/AER201/botL.X/main.asm
                  _52Exit   0x0007ae    program     static /Users/mreiter/Desktop/AER201/botL.X/main.asm
                  _52Next   0x0007a2    program     static /Users/mreiter/Desktop/AER201/botL.X/main.asm
                  _53loop   0x0007c6    program     static /Users/mreiter/Desktop/AER201/botL.X/main.asm
                  _54loop   0x0007e4    program     static /Users/mreiter/Desktop/AER201/botL.X/main.asm
                  _55Exit   0x000812    program     static /Users/mreiter/Desktop/AER201/botL.X/main.asm
                  _55Next   0x000806    program     static /Users/mreiter/Desktop/AER201/botL.X/main.asm
                  _56Exit   0x000828    program     static /Users/mreiter/Desktop/AER201/botL.X/main.asm
                  _56Next   0x00081c    program     static /Users/mreiter/Desktop/AER201/botL.X/main.asm
                  _57loop   0x000842    program     static /Users/mreiter/Desktop/AER201/botL.X/main.asm
                  _88loop   0x000cae    program     static /Users/mreiter/Desktop/AER201/botL.X/main.asm
                  _89loop   0x000cbc    program     static /Users/mreiter/Desktop/AER201/botL.X/main.asm
                  _94loop   0x000e0e    program     static /Users/mreiter/Desktop/AER201/botL.X/main.asm
                  _99loop   0x000ea0    program     static /Users/mreiter/Desktop/AER201/botL.X/main.asm
                   _9loop   0x000188    program     static /Users/mreiter/Desktop/AER201/botL.X/main.asm
                  _waitl0   0x0012f4    program     static /Users/mreiter/Desktop/AER201/botL.X/i2c_common.asm
                  _waitl1   0x0013e2    program     static /Users/mreiter/Desktop/AER201/botL.X/i2c_common.asm
                  _waitl2   0x0014ee    program     static /Users/mreiter/Desktop/AER201/botL.X/i2c_common.asm
                       d2   0x0011ee    program     static /Users/mreiter/Desktop/AER201/botL.X/lcd.asm
                del_loop0   0x000bde    program     static /Users/mreiter/Desktop/AER201/botL.X/main.asm
                delay44us   0x0011d2    program     extern /Users/mreiter/Desktop/AER201/botL.X/lcd.asm
                 delay5ms   0x0011de    program     extern /Users/mreiter/Desktop/AER201/botL.X/lcd.asm
               displayNum   0x0006e0    program     static /Users/mreiter/Desktop/AER201/botL.X/main.asm
         i2c_common_setup   0x0011f4    program     extern /Users/mreiter/Desktop/AER201/botL.X/i2c_common.asm
             lcdLongDelay   0x0011bc    program     static /Users/mreiter/Desktop/AER201/botL.X/lcd.asm
                loop200us   0x000cf2    program     static /Users/mreiter/Desktop/AER201/botL.X/main.asm
                 loop50ms   0x000d00    program     static /Users/mreiter/Desktop/AER201/botL.X/main.asm
                  loop5us   0x000ce4    program     static /Users/mreiter/Desktop/AER201/botL.X/main.asm
                 read_rtc   0x001290    program     extern /Users/mreiter/Desktop/AER201/botL.X/i2c_common.asm
              rtc_convert   0x001326    program     extern /Users/mreiter/Desktop/AER201/botL.X/i2c_common.asm
                write_rtc   0x001216    program     extern /Users/mreiter/Desktop/AER201/botL.X/i2c_common.asm
           convert_buffer   0x000085       data     extern /Users/mreiter/Desktop/AER201/botL.X/i2c_common.asm
                 databyte   0x000081       data     extern /Users/mreiter/Desktop/AER201/botL.X/i2c_common.asm
                 datachar   0x000082       data     extern /Users/mreiter/Desktop/AER201/botL.X/i2c_common.asm
               ones_digit   0x000084       data     extern /Users/mreiter/Desktop/AER201/botL.X/i2c_common.asm
               regaddress   0x000080       data     extern /Users/mreiter/Desktop/AER201/botL.X/i2c_common.asm
               tens_digit   0x000083       data     extern /Users/mreiter/Desktop/AER201/botL.X/i2c_common.asm



                              Symbols - Sorted by Address
                     Name    Address   Location    Storage File                     
                ---------  ---------  ---------  --------- ---------                
                 ISR_HIGH   0x00001c    program     static /Users/mreiter/Desktop/AER201/botL.X/main.asm
                   _2ones   0x000052    program     static /Users/mreiter/Desktop/AER201/botL.X/main.asm
                 _2endBCD   0x000058    program     static /Users/mreiter/Desktop/AER201/botL.X/main.asm
                   _3ones   0x000084    program     static /Users/mreiter/Desktop/AER201/botL.X/main.asm
                 _3endBCD   0x00008a    program     static /Users/mreiter/Desktop/AER201/botL.X/main.asm
             END_ISR_HIGH   0x00008c    program     static /Users/mreiter/Desktop/AER201/botL.X/main.asm
                  ISR_LOW   0x000096    program     static /Users/mreiter/Desktop/AER201/botL.X/main.asm
              END_ISR_LOW   0x0000d8    program     static /Users/mreiter/Desktop/AER201/botL.X/main.asm
                     INIT   0x0000e2    program     static /Users/mreiter/Desktop/AER201/botL.X/main.asm
                   _9loop   0x000188    program     static /Users/mreiter/Desktop/AER201/botL.X/main.asm
                  _10loop   0x0001a6    program     static /Users/mreiter/Desktop/AER201/botL.X/main.asm
                  _11loop   0x0001b4    program     static /Users/mreiter/Desktop/AER201/botL.X/main.asm
                  STANDBY   0x0001be    program     static /Users/mreiter/Desktop/AER201/botL.X/main.asm
                  _12loop   0x0001da    program     static /Users/mreiter/Desktop/AER201/botL.X/main.asm
             HOLD_STANDBY   0x0001e4    program     static /Users/mreiter/Desktop/AER201/botL.X/main.asm
                  _13Next   0x0001f0    program     static /Users/mreiter/Desktop/AER201/botL.X/main.asm
                  _13Exit   0x0001fc    program     static /Users/mreiter/Desktop/AER201/botL.X/main.asm
                  _14Next   0x000206    program     static /Users/mreiter/Desktop/AER201/botL.X/main.asm
                  _14Exit   0x000212    program     static /Users/mreiter/Desktop/AER201/botL.X/main.asm
                  _15Next   0x00021c    program     static /Users/mreiter/Desktop/AER201/botL.X/main.asm
                  _15Exit   0x000228    program     static /Users/mreiter/Desktop/AER201/botL.X/main.asm
                  _16Next   0x000232    program     static /Users/mreiter/Desktop/AER201/botL.X/main.asm
                  _16Exit   0x00023e    program     static /Users/mreiter/Desktop/AER201/botL.X/main.asm
                  _17Next   0x000248    program     static /Users/mreiter/Desktop/AER201/botL.X/main.asm
                  _17Exit   0x000254    program     static /Users/mreiter/Desktop/AER201/botL.X/main.asm
                  _18Next   0x00025e    program     static /Users/mreiter/Desktop/AER201/botL.X/main.asm
                  _18Exit   0x00026a    program     static /Users/mreiter/Desktop/AER201/botL.X/main.asm
                  _19Next   0x000274    program     static /Users/mreiter/Desktop/AER201/botL.X/main.asm
                  _19Exit   0x000280    program     static /Users/mreiter/Desktop/AER201/botL.X/main.asm
                  _20Next   0x00028a    program     static /Users/mreiter/Desktop/AER201/botL.X/main.asm
                  _20Exit   0x000296    program     static /Users/mreiter/Desktop/AER201/botL.X/main.asm
               DC_TEST_CW   0x00029a    program     static /Users/mreiter/Desktop/AER201/botL.X/main.asm
                  _21loop   0x0002a2    program     static /Users/mreiter/Desktop/AER201/botL.X/main.asm
          DC_TEST_CW_HOLD   0x0002ac    program     static /Users/mreiter/Desktop/AER201/botL.X/main.asm
                  _22Next   0x0002bc    program     static /Users/mreiter/Desktop/AER201/botL.X/main.asm
                  _22Exit   0x0002c8    program     static /Users/mreiter/Desktop/AER201/botL.X/main.asm
              DC_TEST_CCW   0x0002cc    program     static /Users/mreiter/Desktop/AER201/botL.X/main.asm
                  _23loop   0x0002d4    program     static /Users/mreiter/Desktop/AER201/botL.X/main.asm
         DC_TEST_CCW_HOLD   0x0002de    program     static /Users/mreiter/Desktop/AER201/botL.X/main.asm
                  _24Next   0x0002ee    program     static /Users/mreiter/Desktop/AER201/botL.X/main.asm
                  _24Exit   0x0002fa    program     static /Users/mreiter/Desktop/AER201/botL.X/main.asm
                STEP_TEST   0x0002fe    program     static /Users/mreiter/Desktop/AER201/botL.X/main.asm
                  _25loop   0x000304    program     static /Users/mreiter/Desktop/AER201/botL.X/main.asm
           ROTATE_90_TEST   0x00030e    program     static /Users/mreiter/Desktop/AER201/botL.X/main.asm
                  LOOPING   0x000338    program     static /Users/mreiter/Desktop/AER201/botL.X/main.asm
              COLOUR_TEST   0x000338    program     static /Users/mreiter/Desktop/AER201/botL.X/main.asm
                  _26loop   0x00033c    program     static /Users/mreiter/Desktop/AER201/botL.X/main.asm
                EXECUTION   0x000356    program     static /Users/mreiter/Desktop/AER201/botL.X/main.asm
                  _27loop   0x000374    program     static /Users/mreiter/Desktop/AER201/botL.X/main.asm
         COLLECTIONS_STEP   0x0003a4    program     static /Users/mreiter/Desktop/AER201/botL.X/main.asm
                ROTATE_90   0x0003a6    program     static /Users/mreiter/Desktop/AER201/botL.X/main.asm
               DETECTIONS   0x0003d0    program     static /Users/mreiter/Desktop/AER201/botL.X/main.asm
             INC_YOPNOCAP   0x0003f6    program     static /Users/mreiter/Desktop/AER201/botL.X/main.asm
               INC_YOPCAP   0x000412    program     static /Users/mreiter/Desktop/AER201/botL.X/main.asm
            INC_ESKANOCAP   0x00042e    program     static /Users/mreiter/Desktop/AER201/botL.X/main.asm
              INC_ESKACAP   0x00044e    program     static /Users/mreiter/Desktop/AER201/botL.X/main.asm
             TRAY_STEP_CW   0x00046a    program     static /Users/mreiter/Desktop/AER201/botL.X/main.asm
             TRAY_CW_HOLD   0x000470    program     static /Users/mreiter/Desktop/AER201/botL.X/main.asm
            TRAY_STEP_CCW   0x000482    program     static /Users/mreiter/Desktop/AER201/botL.X/main.asm
            TRAY_CCW_HOLD   0x000488    program     static /Users/mreiter/Desktop/AER201/botL.X/main.asm
            TRAY_STEP_END   0x000498    program     static /Users/mreiter/Desktop/AER201/botL.X/main.asm
               CHECK_DONE   0x0004a0    program     static /Users/mreiter/Desktop/AER201/botL.X/main.asm
                 EXIT_EXE   0x0004ac    program     static /Users/mreiter/Desktop/AER201/botL.X/main.asm
                  _28loop   0x0004ca    program     static /Users/mreiter/Desktop/AER201/botL.X/main.asm
                      LOG   0x0004dc    program     static /Users/mreiter/Desktop/AER201/botL.X/main.asm
                  _29loop   0x0004f0    program     static /Users/mreiter/Desktop/AER201/botL.X/main.asm
                 HOLD_LOG   0x00050e    program     static /Users/mreiter/Desktop/AER201/botL.X/main.asm
                  _30Next   0x00051a    program     static /Users/mreiter/Desktop/AER201/botL.X/main.asm
                  _30Exit   0x000526    program     static /Users/mreiter/Desktop/AER201/botL.X/main.asm
                  _31Next   0x000530    program     static /Users/mreiter/Desktop/AER201/botL.X/main.asm
                  _31Exit   0x00053c    program     static /Users/mreiter/Desktop/AER201/botL.X/main.asm
                 LOG_INFO   0x000540    program     static /Users/mreiter/Desktop/AER201/botL.X/main.asm
                  _32loop   0x00055e    program     static /Users/mreiter/Desktop/AER201/botL.X/main.asm
            HOLD_LOG_INFO   0x00056c    program     static /Users/mreiter/Desktop/AER201/botL.X/main.asm
                  _33Next   0x000578    program     static /Users/mreiter/Desktop/AER201/botL.X/main.asm
                  _33Exit   0x000584    program     static /Users/mreiter/Desktop/AER201/botL.X/main.asm
                 PERM_LOG   0x000588    program     static /Users/mreiter/Desktop/AER201/botL.X/main.asm
                  _34loop   0x00059c    program     static /Users/mreiter/Desktop/AER201/botL.X/main.asm
                  _35loop   0x0005ba    program     static /Users/mreiter/Desktop/AER201/botL.X/main.asm
            HOLD_PERM_LOG   0x0005c4    program     static /Users/mreiter/Desktop/AER201/botL.X/main.asm
                  _36Next   0x0005d0    program     static /Users/mreiter/Desktop/AER201/botL.X/main.asm
                  _36Exit   0x0005dc    program     static /Users/mreiter/Desktop/AER201/botL.X/main.asm
                  _37Next   0x0005e6    program     static /Users/mreiter/Desktop/AER201/botL.X/main.asm
                  _37Exit   0x0005f2    program     static /Users/mreiter/Desktop/AER201/botL.X/main.asm
                  _38Next   0x0005fc    program     static /Users/mreiter/Desktop/AER201/botL.X/main.asm
                  _38Exit   0x000608    program     static /Users/mreiter/Desktop/AER201/botL.X/main.asm
                  _39Next   0x000612    program     static /Users/mreiter/Desktop/AER201/botL.X/main.asm
                  _39Exit   0x00061e    program     static /Users/mreiter/Desktop/AER201/botL.X/main.asm
                  _40Next   0x000628    program     static /Users/mreiter/Desktop/AER201/botL.X/main.asm
                  _40Exit   0x000634    program     static /Users/mreiter/Desktop/AER201/botL.X/main.asm
                  _41Next   0x00063e    program     static /Users/mreiter/Desktop/AER201/botL.X/main.asm
                  _41Exit   0x00064a    program     static /Users/mreiter/Desktop/AER201/botL.X/main.asm
                  _42Next   0x000654    program     static /Users/mreiter/Desktop/AER201/botL.X/main.asm
                  _42Exit   0x000660    program     static /Users/mreiter/Desktop/AER201/botL.X/main.asm
                  _43Next   0x00066a    program     static /Users/mreiter/Desktop/AER201/botL.X/main.asm
                  _43Exit   0x000676    program     static /Users/mreiter/Desktop/AER201/botL.X/main.asm
                  _44Next   0x000680    program     static /Users/mreiter/Desktop/AER201/botL.X/main.asm
                  _44Exit   0x00068c    program     static /Users/mreiter/Desktop/AER201/botL.X/main.asm
                  _45Next   0x000696    program     static /Users/mreiter/Desktop/AER201/botL.X/main.asm
                  _45Exit   0x0006a2    program     static /Users/mreiter/Desktop/AER201/botL.X/main.asm
                     PLOG   0x0006a6    program     static /Users/mreiter/Desktop/AER201/botL.X/main.asm
                  _46loop   0x0006ba    program     static /Users/mreiter/Desktop/AER201/botL.X/main.asm
               displayNum   0x0006e0    program     static /Users/mreiter/Desktop/AER201/botL.X/main.asm
                HOLD_PLOG   0x00073a    program     static /Users/mreiter/Desktop/AER201/botL.X/main.asm
                  _49Next   0x000746    program     static /Users/mreiter/Desktop/AER201/botL.X/main.asm
                  _49Exit   0x000752    program     static /Users/mreiter/Desktop/AER201/botL.X/main.asm
                  _50Next   0x00075c    program     static /Users/mreiter/Desktop/AER201/botL.X/main.asm
                  _50Exit   0x000768    program     static /Users/mreiter/Desktop/AER201/botL.X/main.asm
             PLOG_DETAILS   0x00076c    program     static /Users/mreiter/Desktop/AER201/botL.X/main.asm
                  _51loop   0x000780    program     static /Users/mreiter/Desktop/AER201/botL.X/main.asm
        HOLD_PLOG_DETAILS   0x000796    program     static /Users/mreiter/Desktop/AER201/botL.X/main.asm
                  _52Next   0x0007a2    program     static /Users/mreiter/Desktop/AER201/botL.X/main.asm
                  _52Exit   0x0007ae    program     static /Users/mreiter/Desktop/AER201/botL.X/main.asm
                  PC_MODE   0x0007b2    program     static /Users/mreiter/Desktop/AER201/botL.X/main.asm
                  _53loop   0x0007c6    program     static /Users/mreiter/Desktop/AER201/botL.X/main.asm
                  _54loop   0x0007e4    program     static /Users/mreiter/Desktop/AER201/botL.X/main.asm
                  HOLD_PC   0x0007fa    program     static /Users/mreiter/Desktop/AER201/botL.X/main.asm
                  _55Next   0x000806    program     static /Users/mreiter/Desktop/AER201/botL.X/main.asm
                  _55Exit   0x000812    program     static /Users/mreiter/Desktop/AER201/botL.X/main.asm
                  _56Next   0x00081c    program     static /Users/mreiter/Desktop/AER201/botL.X/main.asm
                  _56Exit   0x000828    program     static /Users/mreiter/Desktop/AER201/botL.X/main.asm
              PC_TRANSFER   0x00082c    program     static /Users/mreiter/Desktop/AER201/botL.X/main.asm
                  _57loop   0x000842    program     static /Users/mreiter/Desktop/AER201/botL.X/main.asm
                 SaveData   0x000856    program     static /Users/mreiter/Desktop/AER201/botL.X/main.asm
             _.org_2_086A   0x00086a    program     static /Users/mreiter/Desktop/AER201/botL.X/main.asm
             _.org_2_0882   0x000882    program     static /Users/mreiter/Desktop/AER201/botL.X/main.asm
             _.org_2_089E   0x00089e    program     static /Users/mreiter/Desktop/AER201/botL.X/main.asm
             _.org_2_08B6   0x0008b6    program     static /Users/mreiter/Desktop/AER201/botL.X/main.asm
             _.org_2_08D2   0x0008d2    program     static /Users/mreiter/Desktop/AER201/botL.X/main.asm
             _.org_2_08EA   0x0008ea    program     static /Users/mreiter/Desktop/AER201/botL.X/main.asm
             _.org_2_0906   0x000906    program     static /Users/mreiter/Desktop/AER201/botL.X/main.asm
             _.org_2_091E   0x00091e    program     static /Users/mreiter/Desktop/AER201/botL.X/main.asm
             _.org_2_093A   0x00093a    program     static /Users/mreiter/Desktop/AER201/botL.X/main.asm
             _.org_2_0952   0x000952    program     static /Users/mreiter/Desktop/AER201/botL.X/main.asm
                ShiftLoop   0x00096e    program     static /Users/mreiter/Desktop/AER201/botL.X/main.asm
             _.org_2_0994   0x000994    program     static /Users/mreiter/Desktop/AER201/botL.X/main.asm
             _.org_2_09AC   0x0009ac    program     static /Users/mreiter/Desktop/AER201/botL.X/main.asm
                 RTC_INIT   0x0009d4    program     static /Users/mreiter/Desktop/AER201/botL.X/main.asm
                SAVE_TIME   0x0009e2    program     static /Users/mreiter/Desktop/AER201/botL.X/main.asm
            SAVE_EXE_TIME   0x000a48    program     static /Users/mreiter/Desktop/AER201/botL.X/main.asm
             _.org_2_0A64   0x000a64    program     static /Users/mreiter/Desktop/AER201/botL.X/main.asm
             _.org_2_0A7C   0x000a7c    program     static /Users/mreiter/Desktop/AER201/botL.X/main.asm
             _.org_2_0AA0   0x000aa0    program     static /Users/mreiter/Desktop/AER201/botL.X/main.asm
             _.org_2_0AB8   0x000ab8    program     static /Users/mreiter/Desktop/AER201/botL.X/main.asm
             _.org_2_0ADC   0x000adc    program     static /Users/mreiter/Desktop/AER201/botL.X/main.asm
             _.org_2_0AF4   0x000af4    program     static /Users/mreiter/Desktop/AER201/botL.X/main.asm
              DISPLAY_RTC   0x000afe    program     static /Users/mreiter/Desktop/AER201/botL.X/main.asm
                 SET_TIME   0x000bd8    program     static /Users/mreiter/Desktop/AER201/botL.X/main.asm
                del_loop0   0x000bde    program     static /Users/mreiter/Desktop/AER201/botL.X/main.asm
               INIT_USART   0x000c40    program     static /Users/mreiter/Desktop/AER201/botL.X/main.asm
                DataUSART   0x000c54    program     static /Users/mreiter/Desktop/AER201/botL.X/main.asm
            TRANSFER_LOGS   0x000c64    program     static /Users/mreiter/Desktop/AER201/botL.X/main.asm
            TRANSFER_DATA   0x000c6e    program     static /Users/mreiter/Desktop/AER201/botL.X/main.asm
                  _88loop   0x000cae    program     static /Users/mreiter/Desktop/AER201/botL.X/main.asm
                  _89loop   0x000cbc    program     static /Users/mreiter/Desktop/AER201/botL.X/main.asm
               USART_WAIT   0x000cc8    program     static /Users/mreiter/Desktop/AER201/botL.X/main.asm
             _.org_2_0CCC   0x000ccc    program     static /Users/mreiter/Desktop/AER201/botL.X/main.asm
               USART_LINE   0x000cd2    program     static /Users/mreiter/Desktop/AER201/botL.X/main.asm
                 Delay5us   0x000ce0    program     static /Users/mreiter/Desktop/AER201/botL.X/main.asm
                  loop5us   0x000ce4    program     static /Users/mreiter/Desktop/AER201/botL.X/main.asm
               Delay200us   0x000cee    program     static /Users/mreiter/Desktop/AER201/botL.X/main.asm
                loop200us   0x000cf2    program     static /Users/mreiter/Desktop/AER201/botL.X/main.asm
                Delay50ms   0x000cfc    program     static /Users/mreiter/Desktop/AER201/botL.X/main.asm
                 loop50ms   0x000d00    program     static /Users/mreiter/Desktop/AER201/botL.X/main.asm
                   Cycles   0x000d06    program     static /Users/mreiter/Desktop/AER201/botL.X/main.asm
              WriteEE_RTC   0x000d10    program     static /Users/mreiter/Desktop/AER201/botL.X/main.asm
             _.org_2_0D1E   0x000d1e    program     static /Users/mreiter/Desktop/AER201/botL.X/main.asm
             _.org_2_0D36   0x000d36    program     static /Users/mreiter/Desktop/AER201/botL.X/main.asm
             _.org_2_0D4C   0x000d4c    program     static /Users/mreiter/Desktop/AER201/botL.X/main.asm
             _.org_2_0D64   0x000d64    program     static /Users/mreiter/Desktop/AER201/botL.X/main.asm
           ClearEEPROM_21   0x000d6e    program     static /Users/mreiter/Desktop/AER201/botL.X/main.asm
                ClearNext   0x000d76    program     static /Users/mreiter/Desktop/AER201/botL.X/main.asm
             _.org_2_0D84   0x000d84    program     static /Users/mreiter/Desktop/AER201/botL.X/main.asm
             _.org_2_0D9C   0x000d9c    program     static /Users/mreiter/Desktop/AER201/botL.X/main.asm
                 READ_KEY   0x000db4    program     static /Users/mreiter/Desktop/AER201/botL.X/main.asm
             _.org_2_0DC2   0x000dc2    program     static /Users/mreiter/Desktop/AER201/botL.X/main.asm
            READ_KEY_TIME   0x000dc8    program     static /Users/mreiter/Desktop/AER201/botL.X/main.asm
             _.org_2_0DDE   0x000dde    program     static /Users/mreiter/Desktop/AER201/botL.X/main.asm
           DisplayExeTime   0x000de4    program     static /Users/mreiter/Desktop/AER201/botL.X/main.asm
                  _94loop   0x000e0e    program     static /Users/mreiter/Desktop/AER201/botL.X/main.asm
        NoSkipDispExeTime   0x000e22    program     static /Users/mreiter/Desktop/AER201/botL.X/main.asm
          SkipDispExeTime   0x000e74    program     static /Users/mreiter/Desktop/AER201/botL.X/main.asm
               DispOpSort   0x000e76    program     static /Users/mreiter/Desktop/AER201/botL.X/main.asm
                  _99loop   0x000ea0    program     static /Users/mreiter/Desktop/AER201/botL.X/main.asm
         NoSkipDispOpSort   0x000eb2    program     static /Users/mreiter/Desktop/AER201/botL.X/main.asm
           SkipDispOpSort   0x000f4c    program     static /Users/mreiter/Desktop/AER201/botL.X/main.asm
                DispOpRTC   0x000f4e    program     static /Users/mreiter/Desktop/AER201/botL.X/main.asm
                 _105loop   0x000f78    program     static /Users/mreiter/Desktop/AER201/botL.X/main.asm
          NoSkipDispOpRTC   0x000f8a    program     static /Users/mreiter/Desktop/AER201/botL.X/main.asm
            SkipDispOpRTC   0x000fea    program     static /Users/mreiter/Desktop/AER201/botL.X/main.asm
         DispOpRTC_Helper   0x000fec    program     static /Users/mreiter/Desktop/AER201/botL.X/main.asm
                  Welcome   0x001026    program     static /Users/mreiter/Desktop/AER201/botL.X/main.asm
                     Team   0x00102c    program     static /Users/mreiter/Desktop/AER201/botL.X/main.asm
                  StandBy   0x001036    program     static /Users/mreiter/Desktop/AER201/botL.X/main.asm
                     Log1   0x00103e    program     static /Users/mreiter/Desktop/AER201/botL.X/main.asm
                     Log2   0x001044    program     static /Users/mreiter/Desktop/AER201/botL.X/main.asm
                 LogInfo1   0x001052    program     static /Users/mreiter/Desktop/AER201/botL.X/main.asm
                 LogInfo2   0x00105a    program     static /Users/mreiter/Desktop/AER201/botL.X/main.asm
                 PermLog1   0x001064    program     static /Users/mreiter/Desktop/AER201/botL.X/main.asm
                 PermLog2   0x001074    program     static /Users/mreiter/Desktop/AER201/botL.X/main.asm
                     Exe1   0x001080    program     static /Users/mreiter/Desktop/AER201/botL.X/main.asm
                     Exe2   0x00108c    program     static /Users/mreiter/Desktop/AER201/botL.X/main.asm
                      PC1   0x001094    program     static /Users/mreiter/Desktop/AER201/botL.X/main.asm
                      PC2   0x0010a2    program     static /Users/mreiter/Desktop/AER201/botL.X/main.asm
               PCTransfer   0x0010ac    program     static /Users/mreiter/Desktop/AER201/botL.X/main.asm
               PCComplete   0x0010bc    program     static /Users/mreiter/Desktop/AER201/botL.X/main.asm
                     SAVE   0x0010c6    program     static /Users/mreiter/Desktop/AER201/botL.X/main.asm
                   NoData   0x0010d0    program     static /Users/mreiter/Desktop/AER201/botL.X/main.asm
                  InitLCD   0x0010d4    program     extern /Users/mreiter/Desktop/AER201/botL.X/lcd.asm
                   WR_INS   0x00112c    program     extern /Users/mreiter/Desktop/AER201/botL.X/lcd.asm
                  WR_DATA   0x001148    program     extern /Users/mreiter/Desktop/AER201/botL.X/lcd.asm
                   WrtLCD   0x00116c    program     extern /Users/mreiter/Desktop/AER201/botL.X/lcd.asm
                   ClrLCD   0x001182    program     extern /Users/mreiter/Desktop/AER201/botL.X/lcd.asm
                   ClkLCD   0x001190    program     extern /Users/mreiter/Desktop/AER201/botL.X/lcd.asm
              _.code_00C8   0x00119c    program     static /Users/mreiter/Desktop/AER201/botL.X/lcd.asm
                   LCD_L1   0x0011a2    program     extern /Users/mreiter/Desktop/AER201/botL.X/lcd.asm
                   LCD_L2   0x0011aa    program     extern /Users/mreiter/Desktop/AER201/botL.X/lcd.asm
                   MovMSB   0x0011b2    program     static /Users/mreiter/Desktop/AER201/botL.X/lcd.asm
             lcdLongDelay   0x0011bc    program     static /Users/mreiter/Desktop/AER201/botL.X/lcd.asm
                 LLD_LOOP   0x0011c0    program     static /Users/mreiter/Desktop/AER201/botL.X/lcd.asm
              _.code_00F2   0x0011c6    program     static /Users/mreiter/Desktop/AER201/botL.X/lcd.asm
                delay44us   0x0011d2    program     extern /Users/mreiter/Desktop/AER201/botL.X/lcd.asm
            Delay44usLoop   0x0011d6    program     static /Users/mreiter/Desktop/AER201/botL.X/lcd.asm
                 delay5ms   0x0011de    program     extern /Users/mreiter/Desktop/AER201/botL.X/lcd.asm
             Delay5msLoop   0x0011e6    program     static /Users/mreiter/Desktop/AER201/botL.X/lcd.asm
                       d2   0x0011ee    program     static /Users/mreiter/Desktop/AER201/botL.X/lcd.asm
         i2c_common_setup   0x0011f4    program     extern /Users/mreiter/Desktop/AER201/botL.X/i2c_common.asm
              _.code_001C   0x001210    program     static /Users/mreiter/Desktop/AER201/botL.X/i2c_common.asm
                write_rtc   0x001216    program     extern /Users/mreiter/Desktop/AER201/botL.X/i2c_common.asm
              _.code_002A   0x00121e    program     static /Users/mreiter/Desktop/AER201/botL.X/i2c_common.asm
              _.code_0032   0x001226    program     static /Users/mreiter/Desktop/AER201/botL.X/i2c_common.asm
              _.code_0038   0x00122c    program     static /Users/mreiter/Desktop/AER201/botL.X/i2c_common.asm
              _.code_0048   0x00123c    program     static /Users/mreiter/Desktop/AER201/botL.X/i2c_common.asm
              _.code_004E   0x001242    program     static /Users/mreiter/Desktop/AER201/botL.X/i2c_common.asm
              _.code_005E   0x001252    program     static /Users/mreiter/Desktop/AER201/botL.X/i2c_common.asm
              _.code_0064   0x001258    program     static /Users/mreiter/Desktop/AER201/botL.X/i2c_common.asm
              WR_ERR1_RTC   0x001266    program     static /Users/mreiter/Desktop/AER201/botL.X/i2c_common.asm
              WR_ERR2_RTC   0x001270    program     static /Users/mreiter/Desktop/AER201/botL.X/i2c_common.asm
              WR_ERR3_RTC   0x00127c    program     static /Users/mreiter/Desktop/AER201/botL.X/i2c_common.asm
               WR_END_RTC   0x001286    program     static /Users/mreiter/Desktop/AER201/botL.X/i2c_common.asm
              _.code_0096   0x00128a    program     static /Users/mreiter/Desktop/AER201/botL.X/i2c_common.asm
                 read_rtc   0x001290    program     extern /Users/mreiter/Desktop/AER201/botL.X/i2c_common.asm
              _.code_00A4   0x001298    program     static /Users/mreiter/Desktop/AER201/botL.X/i2c_common.asm
              _.code_00AC   0x0012a0    program     static /Users/mreiter/Desktop/AER201/botL.X/i2c_common.asm
              _.code_00B2   0x0012a6    program     static /Users/mreiter/Desktop/AER201/botL.X/i2c_common.asm
              _.code_00C2   0x0012b6    program     static /Users/mreiter/Desktop/AER201/botL.X/i2c_common.asm
              _.code_00C8   0x0012bc    program     static /Users/mreiter/Desktop/AER201/botL.X/i2c_common.asm
              _.code_00D6   0x0012ca    program     static /Users/mreiter/Desktop/AER201/botL.X/i2c_common.asm
              _.code_00DE   0x0012d2    program     static /Users/mreiter/Desktop/AER201/botL.X/i2c_common.asm
              _.code_00E4   0x0012d8    program     static /Users/mreiter/Desktop/AER201/botL.X/i2c_common.asm
              _.code_00F2   0x0012e6    program     static /Users/mreiter/Desktop/AER201/botL.X/i2c_common.asm
                  _waitl0   0x0012f4    program     static /Users/mreiter/Desktop/AER201/botL.X/i2c_common.asm
              RD_ERR1_RTC   0x0012fe    program     static /Users/mreiter/Desktop/AER201/botL.X/i2c_common.asm
              RD_ERR2_RTC   0x001308    program     static /Users/mreiter/Desktop/AER201/botL.X/i2c_common.asm
              RD_ERR3_RTC   0x001312    program     static /Users/mreiter/Desktop/AER201/botL.X/i2c_common.asm
               RD_END_RTC   0x00131c    program     static /Users/mreiter/Desktop/AER201/botL.X/i2c_common.asm
              _.code_012C   0x001320    program     static /Users/mreiter/Desktop/AER201/botL.X/i2c_common.asm
              rtc_convert   0x001326    program     extern /Users/mreiter/Desktop/AER201/botL.X/i2c_common.asm
                 INIT_RTC   0x00133c    program     extern /Users/mreiter/Desktop/AER201/botL.X/i2c_common.asm
              _.code_0150   0x001344    program     static /Users/mreiter/Desktop/AER201/botL.X/i2c_common.asm
              _.code_0158   0x00134c    program     static /Users/mreiter/Desktop/AER201/botL.X/i2c_common.asm
              _.code_015E   0x001352    program     static /Users/mreiter/Desktop/AER201/botL.X/i2c_common.asm
              _.code_0166   0x00135a    program     static /Users/mreiter/Desktop/AER201/botL.X/i2c_common.asm
              _.code_016C   0x001360    program     static /Users/mreiter/Desktop/AER201/botL.X/i2c_common.asm
              _.code_0174   0x001368    program     static /Users/mreiter/Desktop/AER201/botL.X/i2c_common.asm
              _.code_017A   0x00136e    program     static /Users/mreiter/Desktop/AER201/botL.X/i2c_common.asm
              _.code_0182   0x001376    program     static /Users/mreiter/Desktop/AER201/botL.X/i2c_common.asm
          READ_COLOUR_I2C   0x00137c    program     extern /Users/mreiter/Desktop/AER201/botL.X/i2c_common.asm
              _.code_0190   0x001384    program     static /Users/mreiter/Desktop/AER201/botL.X/i2c_common.asm
              _.code_0198   0x00138c    program     static /Users/mreiter/Desktop/AER201/botL.X/i2c_common.asm
              _.code_019E   0x001392    program     static /Users/mreiter/Desktop/AER201/botL.X/i2c_common.asm
              _.code_01B0   0x0013a4    program     static /Users/mreiter/Desktop/AER201/botL.X/i2c_common.asm
              _.code_01B6   0x0013aa    program     static /Users/mreiter/Desktop/AER201/botL.X/i2c_common.asm
              _.code_01C4   0x0013b8    program     static /Users/mreiter/Desktop/AER201/botL.X/i2c_common.asm
              _.code_01CC   0x0013c0    program     static /Users/mreiter/Desktop/AER201/botL.X/i2c_common.asm
              _.code_01D2   0x0013c6    program     static /Users/mreiter/Desktop/AER201/botL.X/i2c_common.asm
              _.code_01E0   0x0013d4    program     static /Users/mreiter/Desktop/AER201/botL.X/i2c_common.asm
                  _waitl1   0x0013e2    program     static /Users/mreiter/Desktop/AER201/botL.X/i2c_common.asm
                  RD_ERR1   0x0013ec    program     static /Users/mreiter/Desktop/AER201/botL.X/i2c_common.asm
                  RD_ERR2   0x0013f6    program     static /Users/mreiter/Desktop/AER201/botL.X/i2c_common.asm
                  RD_ERR3   0x001400    program     static /Users/mreiter/Desktop/AER201/botL.X/i2c_common.asm
                   RD_END   0x00140a    program     static /Users/mreiter/Desktop/AER201/botL.X/i2c_common.asm
              _.code_021A   0x00140e    program     static /Users/mreiter/Desktop/AER201/botL.X/i2c_common.asm
         WRITE_COLOUR_I2C   0x001414    program     extern /Users/mreiter/Desktop/AER201/botL.X/i2c_common.asm
              _.code_0228   0x00141c    program     static /Users/mreiter/Desktop/AER201/botL.X/i2c_common.asm
              _.code_0230   0x001424    program     static /Users/mreiter/Desktop/AER201/botL.X/i2c_common.asm
              _.code_0236   0x00142a    program     static /Users/mreiter/Desktop/AER201/botL.X/i2c_common.asm
              _.code_0248   0x00143c    program     static /Users/mreiter/Desktop/AER201/botL.X/i2c_common.asm
              _.code_024E   0x001442    program     static /Users/mreiter/Desktop/AER201/botL.X/i2c_common.asm
              _.code_0260   0x001454    program     static /Users/mreiter/Desktop/AER201/botL.X/i2c_common.asm
              _.code_0266   0x00145a    program     static /Users/mreiter/Desktop/AER201/botL.X/i2c_common.asm
                  WR_ERR1   0x001468    program     static /Users/mreiter/Desktop/AER201/botL.X/i2c_common.asm
                  WR_ERR2   0x001472    program     static /Users/mreiter/Desktop/AER201/botL.X/i2c_common.asm
                  WR_ERR3   0x00147e    program     static /Users/mreiter/Desktop/AER201/botL.X/i2c_common.asm
                   WR_END   0x001488    program     static /Users/mreiter/Desktop/AER201/botL.X/i2c_common.asm
              _.code_0298   0x00148c    program     static /Users/mreiter/Desktop/AER201/botL.X/i2c_common.asm
             INIT_ARDUINO   0x001492    program     extern /Users/mreiter/Desktop/AER201/botL.X/i2c_common.asm
              _.code_02A6   0x00149a    program     static /Users/mreiter/Desktop/AER201/botL.X/i2c_common.asm
              _.code_02AE   0x0014a2    program     static /Users/mreiter/Desktop/AER201/botL.X/i2c_common.asm
              _.code_02B4   0x0014a8    program     static /Users/mreiter/Desktop/AER201/botL.X/i2c_common.asm
              _.code_02C2   0x0014b6    program     static /Users/mreiter/Desktop/AER201/botL.X/i2c_common.asm
             READ_ARDUINO   0x0014bc    program     extern /Users/mreiter/Desktop/AER201/botL.X/i2c_common.asm
              _.code_02D0   0x0014c4    program     static /Users/mreiter/Desktop/AER201/botL.X/i2c_common.asm
              _.code_02D8   0x0014cc    program     static /Users/mreiter/Desktop/AER201/botL.X/i2c_common.asm
              _.code_02E0   0x0014d4    program     static /Users/mreiter/Desktop/AER201/botL.X/i2c_common.asm
              _.code_02E6   0x0014da    program     static /Users/mreiter/Desktop/AER201/botL.X/i2c_common.asm
              _.code_02EE   0x0014e2    program     static /Users/mreiter/Desktop/AER201/botL.X/i2c_common.asm
                  _waitl2   0x0014ee    program     static /Users/mreiter/Desktop/AER201/botL.X/i2c_common.asm
              _.code_0304   0x0014f8    program     static /Users/mreiter/Desktop/AER201/botL.X/i2c_common.asm
                CHECK_ACK   0x0014fe    program     extern /Users/mreiter/Desktop/AER201/botL.X/i2c.asm
                 I2C_temp   0x0014fe    program     static /Users/mreiter/Desktop/AER201/botL.X/i2c.asm
                I2C_ACKDT   0x0014fe    program     extern /Users/mreiter/Desktop/AER201/botL.X/i2c.asm
               CHECK_NACK   0x001502    program     extern /Users/mreiter/Desktop/AER201/botL.X/i2c.asm
                TEST_NACK   0x001506    program     static /Users/mreiter/Desktop/AER201/botL.X/i2c.asm
          I2C_Master_INIT   0x00150e    program     extern /Users/mreiter/Desktop/AER201/botL.X/i2c.asm
                     WAIT   0x001520    program     static /Users/mreiter/Desktop/AER201/botL.X/i2c.asm
          I2C_Master_WAIT   0x001520    program     extern /Users/mreiter/Desktop/AER201/botL.X/i2c.asm
         I2C_Master_START   0x001530    program     extern /Users/mreiter/Desktop/AER201/botL.X/i2c.asm
        I2C_Master_RSTART   0x001538    program     extern /Users/mreiter/Desktop/AER201/botL.X/i2c.asm
          I2C_Master_STOP   0x001540    program     extern /Users/mreiter/Desktop/AER201/botL.X/i2c.asm
         I2C_Master_WRITE   0x001548    program     extern /Users/mreiter/Desktop/AER201/botL.X/i2c.asm
                  HOLD_UP   0x00154e    program     static /Users/mreiter/Desktop/AER201/botL.X/i2c.asm
          I2C_Master_READ   0x001556    program     extern /Users/mreiter/Desktop/AER201/botL.X/i2c.asm
                     LOOP   0x00155c    program     static /Users/mreiter/Desktop/AER201/botL.X/i2c.asm
           I2C_Master_ACK   0x001564    program     extern /Users/mreiter/Desktop/AER201/botL.X/i2c.asm
                 TEST_ACK   0x001568    program     static /Users/mreiter/Desktop/AER201/botL.X/i2c.asm
               regaddress   0x000080       data     extern /Users/mreiter/Desktop/AER201/botL.X/i2c_common.asm
                 databyte   0x000081       data     extern /Users/mreiter/Desktop/AER201/botL.X/i2c_common.asm
                 datachar   0x000082       data     extern /Users/mreiter/Desktop/AER201/botL.X/i2c_common.asm
               tens_digit   0x000083       data     extern /Users/mreiter/Desktop/AER201/botL.X/i2c_common.asm
               ones_digit   0x000084       data     extern /Users/mreiter/Desktop/AER201/botL.X/i2c_common.asm
           convert_buffer   0x000085       data     extern /Users/mreiter/Desktop/AER201/botL.X/i2c_common.asm


